9.76, [INFO], r1, started skill, None, navto, None
10.06, [INFO], r1, {'y': 18.93, 'x': -33.901, 'yaw': -3.142}, pose, None, None
10.06, [INFO], r1, {'battery-level': '24.55'}, battery_charge, None, None
20.00, [INFO], r1, {'battery-level': '24.05'}, battery_charge, None, None
20.00, [INFO], r1, {'y': 17.707, 'x': -35.4, 'yaw': 3.139}, pose, None, None
30.06, [INFO], r1, {'y': 16.136, 'x': -36.558, 'yaw': 3.142}, pose, None, None
30.06, [INFO], r1, {'battery-level': '23.55'}, battery_charge, None, None
40.05, [INFO], r1, {'y': 15.414, 'x': -34.593, 'yaw': -3.142}, pose, None, None
40.05, [INFO], r1, {'battery-level': '23.05'}, battery_charge, None, None
50.06, [INFO], r1, {'battery-level': '22.55'}, battery_charge, None, None
50.06, [INFO], r1, {'y': 15.518, 'x': -32.472, 'yaw': 3.142}, pose, None, None
60.08, [INFO], r1, {'y': 15.582, 'x': -30.344, 'yaw': 3.141}, pose, None, None
60.08, [INFO], r1, {'battery-level': '22.05'}, battery_charge, None, None
70.02, [INFO], r1, {'battery-level': '21.55'}, battery_charge, None, None
70.02, [INFO], r1, {'y': 15.78, 'x': -28.258, 'yaw': -3.142}, pose, None, None
80.10, [INFO], r1, {'battery-level': '21.05'}, battery_charge, None, None
80.10, [INFO], r1, {'y': 16.044, 'x': -26.127, 'yaw': 3.138}, pose, None, None
90.00, [INFO], r1, {'battery-level': '20.55'}, battery_charge, None, None
90.00, [INFO], r1, {'y': 16.011, 'x': -24.029, 'yaw': -3.141}, pose, None, None
100.05, [INFO], r1, {'y': 16.048, 'x': -21.908, 'yaw': 3.142}, pose, None, None
100.05, [INFO], r1, {'battery-level': '20.05'}, battery_charge, None, None
110.05, [INFO], r1, {'y': 16.195, 'x': -19.807, 'yaw': -3.14}, pose, None, None
110.05, [INFO], r1, {'battery-level': '19.55'}, battery_charge, None, None
120.06, [INFO], r1, {'y': 16.119, 'x': -17.698, 'yaw': 3.142}, pose, None, None
120.06, [INFO], r1, {'battery-level': '19.05'}, battery_charge, None, None
130.05, [INFO], r1, {'y': 16.029, 'x': -15.594, 'yaw': 3.141}, pose, None, None
130.05, [INFO], r1, {'battery-level': '18.55'}, battery_charge, None, None
140.03, [INFO], r1, {'battery-level': '18.05'}, battery_charge, None, None
140.03, [INFO], r1, {'y': 16.13, 'x': -13.482, 'yaw': -3.137}, pose, None, None
150.04, [INFO], r1, {'y': 17.329, 'x': -11.821, 'yaw': 3.141}, pose, None, None
150.04, [INFO], r1, {'battery-level': '17.55'}, battery_charge, None, None
160.06, [INFO], r1, {'y': 18.023, 'x': -11.586, 'yaw': 3.141}, pose, None, None
160.06, [INFO], r1, {'battery-level': '17.05'}, battery_charge, None, None
167.41, [INFO], r1, skill-success, None, navto, None
167.41, [INFO], r1, started skill, None, approach-nurse, None
167.41, [INFO], r1, sent message, None, None, None
167.41, [INFO], r1, skill-success, None, approach-nurse, None
167.41, [INFO], r1, started skill, None, authenticate-nurse, None
167.41, [INFO], r1, started skill, None, open-drawer, None
167.41, [INFO], r1, sent message, None, None, None
167.41, [INFO], r1, skill-success, None, open-drawer, None
167.41, [INFO], r1, started skill, None, deposit, None
167.41, [INFO], r1, sent message, None, None, None
167.41, [INFO], r1, skill-success, None, deposit, None
167.41, [INFO], r1, started skill, None, close-drawer, None
167.41, [INFO], r1, sent message, None, None, None
167.41, [INFO], r1, skill-success, None, close-drawer, None
167.41, [INFO], r1, started skill, None, navto, None
170.05, [INFO], r1, {'y': 17.542, 'x': -11.674, 'yaw': 3.141}, pose, None, None
170.05, [INFO], r1, {'battery-level': '16.55'}, battery_charge, None, None
180.09, [INFO], r1, {'y': 16.316, 'x': -13.221, 'yaw': 3.139}, pose, None, None
180.09, [INFO], r1, {'battery-level': '16.05'}, battery_charge, None, None
190.09, [INFO], r1, {'battery-level': '15.55'}, battery_charge, None, None
190.09, [INFO], r1, {'y': 16.239, 'x': -15.327, 'yaw': 3.142}, pose, None, None
200.08, [INFO], r1, {'battery-level': '15.05'}, battery_charge, None, None
200.08, [INFO], r1, {'y': 16.161, 'x': -17.441, 'yaw': 3.14}, pose, None, None
210.07, [INFO], r1, {'y': 16.301, 'x': -19.557, 'yaw': 3.142}, pose, None, None
210.07, [INFO], r1, {'battery-level': '14.55'}, battery_charge, None, None
220.08, [INFO], r1, {'y': 16.324, 'x': -21.665, 'yaw': 3.142}, pose, None, None
220.08, [INFO], r1, {'battery-level': '14.05'}, battery_charge, None, None
230.07, [INFO], r1, {'y': 16.127, 'x': -23.77, 'yaw': 3.141}, pose, None, None
230.07, [INFO], r1, {'battery-level': '13.55'}, battery_charge, None, None
240.06, [INFO], r1, {'y': 16.097, 'x': -25.889, 'yaw': 3.141}, pose, None, None
240.06, [INFO], r1, {'battery-level': '13.05'}, battery_charge, None, None
250.06, [INFO], r1, {'y': 15.934, 'x': -27.995, 'yaw': -3.14}, pose, None, None
250.06, [INFO], r1, {'battery-level': '12.55'}, battery_charge, None, None
260.05, [INFO], r1, {'y': 15.928, 'x': -30.105, 'yaw': 3.141}, pose, None, None
260.05, [INFO], r1, {'battery-level': '12.05'}, battery_charge, None, None
270.04, [INFO], r1, {'y': 15.794, 'x': -32.202, 'yaw': -3.141}, pose, None, None
270.04, [INFO], r1, {'battery-level': '11.55'}, battery_charge, None, None
280.09, [INFO], r1, {'battery-level': '11.05'}, battery_charge, None, None
280.09, [INFO], r1, {'y': 15.445, 'x': -34.315, 'yaw': -3.142}, pose, None, None
290.10, [INFO], r1, {'y': 16.629, 'x': -35.945, 'yaw': 3.142}, pose, None, None
290.10, [INFO], r1, {'battery-level': '10.55'}, battery_charge, None, None
300.01, [INFO], r1, {'y': 18.708, 'x': -36.121, 'yaw': 3.142}, pose, None, None
300.01, [INFO], r1, {'battery-level': '10.05'}, battery_charge, None, None
310.03, [INFO], r1, {'y': 20.816, 'x': -36.229, 'yaw': 3.142}, pose, None, None
310.03, [INFO], r1, {'battery-level': '9.55'}, battery_charge, None, None
320.08, [INFO], r1, {'y': 22.942, 'x': -36.329, 'yaw': 3.141}, pose, None, None
320.08, [INFO], r1, {'battery-level': '9.05'}, battery_charge, None, None
330.03, [INFO], r1, {'battery-level': '8.55'}, battery_charge, None, None
330.03, [INFO], r1, {'y': 25.035, 'x': -36.296, 'yaw': 3.141}, pose, None, None
340.09, [INFO], r1, {'y': 27.158, 'x': -36.331, 'yaw': 3.141}, pose, None, None
340.09, [INFO], r1, {'battery-level': '8.05'}, battery_charge, None, None
350.01, [INFO], r1, {'y': 29.244, 'x': -36.334, 'yaw': 3.14}, pose, None, None
350.01, [INFO], r1, {'battery-level': '7.55'}, battery_charge, None, None
360.05, [INFO], r1, {'y': 31.365, 'x': -36.441, 'yaw': 3.142}, pose, None, None
360.05, [INFO], r1, {'battery-level': '7.05'}, battery_charge, None, None
370.06, [INFO], r1, {'battery-level': '6.55'}, battery_charge, None, None
370.06, [INFO], r1, {'y': 33.477, 'x': -36.761, 'yaw': 3.142}, pose, None, None
380.06, [INFO], r1, {'y': 35.572, 'x': -36.959, 'yaw': 3.14}, pose, None, None
380.06, [INFO], r1, {'battery-level': '6.05'}, battery_charge, None, None
388.75, [INFO], r1, skill-success, None, navto, None
388.75, [INFO], r1, started skill, None, approach-arm, None
388.75, [INFO], r1, started skill, None, open-drawer, None
388.75, [INFO], r1, sent message, None, None, None
388.75, [INFO], r1, skill-success, None, open-drawer, None
388.75, [INFO], r1, started skill, None, pick-up-sample, None
388.75, [INFO], r1, sent message, None, None, None
388.75, [INFO], r1, skill-success, None, pick-up-sample, None
388.75, [INFO], r1, started skill, None, close-drawer, None
388.75, [INFO], r1, sent message, None, None, None
388.75, [INFO], r1, skill-success, None, close-drawer, None
388.75, [WARN], r1, SUCCESS, None, None, None
