0.19, [DEBUG], logger, ROBOTS_CONFIG={'capabilities': ['approach_person', 'approach_robot', 'authenticate_person', 'navigation', 'operate_drawer'], 'battery_charge': 0.5, 'nurse_pose': [-27.25, 13.0, 1.57], 'robot_pose': [-38.0, 10.0, 0.0]}, None, None, None
0.19, [DEBUG], logger, Simulation open, None, None, None
10.06, [INFO], r1, {'y': 10.0, 'x': -38.0, 'yaw': -3.142}, pose, None, None
10.06, [INFO], r1, {'battery-level': '49.55'}, battery_charge, None, None
10.66, [INFO], r1, started skill, None, navto, None
20.06, [INFO], r1, {'y': 11.45, 'x': -37.2, 'yaw': 3.142}, pose, None, None
20.06, [INFO], r1, {'battery-level': '49.05'}, battery_charge, None, None
30.05, [INFO], r1, {'y': 13.558, 'x': -37.09, 'yaw': -3.142}, pose, None, None
30.05, [INFO], r1, {'battery-level': '48.55'}, battery_charge, None, None
40.07, [INFO], r1, {'y': 15.643, 'x': -36.904, 'yaw': -3.141}, pose, None, None
40.07, [INFO], r1, {'battery-level': '48.05'}, battery_charge, None, None
50.07, [INFO], r1, {'battery-level': '47.55'}, battery_charge, None, None
50.07, [INFO], r1, {'y': 15.552, 'x': -34.889, 'yaw': 3.141}, pose, None, None
60.05, [INFO], r1, {'y': 15.469, 'x': -32.773, 'yaw': -3.139}, pose, None, None
60.05, [INFO], r1, {'battery-level': '47.05'}, battery_charge, None, None
70.02, [INFO], r1, {'y': 15.51, 'x': -30.669, 'yaw': 3.14}, pose, None, None
70.02, [INFO], r1, {'battery-level': '46.55'}, battery_charge, None, None
80.02, [INFO], r1, {'y': 15.729, 'x': -28.561, 'yaw': 3.141}, pose, None, None
80.02, [INFO], r1, {'battery-level': '46.05'}, battery_charge, None, None
90.08, [INFO], r1, {'y': 14.84, 'x': -27.227, 'yaw': -3.142}, pose, None, None
90.08, [INFO], r1, {'battery-level': '45.55'}, battery_charge, None, None
100.06, [INFO], r1, {'y': 13.025, 'x': -27.407, 'yaw': 3.141}, pose, None, None
100.06, [INFO], r1, {'battery-level': '45.05'}, battery_charge, None, None
108.19, [INFO], r1, skill-success, None, navto, None
108.19, [INFO], r1, started skill, None, approach-nurse, None
108.19, [INFO], r1, sent message, None, None, None
108.19, [INFO], r1, skill-success, None, approach-nurse, None
108.19, [INFO], r1, started skill, None, open-drawer, None
108.19, [INFO], r1, sent message, None, None, None
108.19, [INFO], r1, skill-success, None, open-drawer, None
108.19, [INFO], r1, started skill, None, deposit, None
108.19, [INFO], r1, sent message, None, None, None
108.19, [INFO], r1, skill-success, None, deposit, None
108.19, [INFO], r1, started skill, None, close-drawer, None
108.19, [INFO], r1, sent message, None, None, None
108.19, [INFO], r1, skill-success, None, close-drawer, None
108.19, [INFO], r1, started skill, None, navto, None
110.06, [INFO], r1, {'battery-level': '44.55'}, battery_charge, None, None
110.06, [INFO], r1, {'y': 13.273, 'x': -27.371, 'yaw': 3.142}, pose, None, None
120.04, [INFO], r1, {'y': 15.39, 'x': -27.336, 'yaw': 3.141}, pose, None, None
120.04, [INFO], r1, {'battery-level': '44.05'}, battery_charge, None, None
130.02, [INFO], r1, {'y': 15.685, 'x': -29.171, 'yaw': -3.142}, pose, None, None
130.02, [INFO], r1, {'battery-level': '43.55'}, battery_charge, None, None
140.03, [INFO], r1, {'y': 15.643, 'x': -31.293, 'yaw': 3.141}, pose, None, None
140.03, [INFO], r1, {'battery-level': '43.05'}, battery_charge, None, None
150.02, [INFO], r1, {'y': 15.613, 'x': -33.402, 'yaw': -3.142}, pose, None, None
150.02, [INFO], r1, {'battery-level': '42.55'}, battery_charge, None, None
160.02, [INFO], r1, {'y': 15.841, 'x': -35.415, 'yaw': 3.142}, pose, None, None
160.02, [INFO], r1, {'battery-level': '42.05'}, battery_charge, None, None
170.03, [INFO], r1, {'y': 17.773, 'x': -36.089, 'yaw': 3.141}, pose, None, None
170.03, [INFO], r1, {'battery-level': '41.55'}, battery_charge, None, None
180.01, [INFO], r1, {'y': 19.879, 'x': -36.232, 'yaw': 3.141}, pose, None, None
180.01, [INFO], r1, {'battery-level': '41.05'}, battery_charge, None, None
190.02, [INFO], r1, {'y': 21.987, 'x': -36.303, 'yaw': -3.142}, pose, None, None
190.02, [INFO], r1, {'battery-level': '40.55'}, battery_charge, None, None
200.04, [INFO], r1, {'y': 24.1, 'x': -36.347, 'yaw': 3.141}, pose, None, None
200.04, [INFO], r1, {'battery-level': '40.05'}, battery_charge, None, None
210.05, [INFO], r1, {'battery-level': '39.55'}, battery_charge, None, None
210.05, [INFO], r1, {'y': 26.208, 'x': -36.297, 'yaw': 3.14}, pose, None, None
220.06, [INFO], r1, {'y': 28.327, 'x': -36.347, 'yaw': 3.14}, pose, None, None
220.06, [INFO], r1, {'battery-level': '39.05'}, battery_charge, None, None
230.04, [INFO], r1, {'y': 30.435, 'x': -36.45, 'yaw': 3.141}, pose, None, None
230.04, [INFO], r1, {'battery-level': '38.55'}, battery_charge, None, None
240.05, [INFO], r1, {'y': 32.552, 'x': -36.625, 'yaw': -3.142}, pose, None, None
240.05, [INFO], r1, {'battery-level': '38.05'}, battery_charge, None, None
250.09, [INFO], r1, {'battery-level': '37.55'}, battery_charge, None, None
250.09, [INFO], r1, {'y': 34.644, 'x': -37.002, 'yaw': -3.142}, pose, None, None
260.00, [INFO], r1, {'y': 36.06, 'x': -36.955, 'yaw': 3.142}, pose, None, None
260.00, [INFO], r1, {'battery-level': '37.05'}, battery_charge, None, None
263.49, [INFO], r1, skill-success, None, navto, None
263.49, [INFO], r1, started skill, None, approach-arm, None
263.49, [INFO], r1, sent message, None, None, None
263.49, [INFO], r1, skill-success, None, approach-arm, None
263.49, [INFO], r1, started skill, None, open-drawer, None
263.49, [INFO], r1, sent message, None, None, None
263.49, [INFO], r1, skill-success, None, open-drawer, None
263.49, [INFO], r1, started skill, None, pick-up-sample, None
263.49, [INFO], r1, sent message, None, None, None
263.49, [INFO], r1, skill-success, None, pick-up-sample, None
263.49, [INFO], r1, started skill, None, close-drawer, None
263.49, [INFO], r1, sent message, None, None, None
263.49, [INFO], r1, skill-success, None, close-drawer, None
263.49, [WARN], r1, SUCCESS, None, None, None
