9.10, [INFO], r1, started skill, None, navto, None
10.06, [INFO], r1, {'battery-level': '49.55'}, battery_charge, None, None
10.06, [INFO], r1, {'y': 10.006, 'x': -37.858, 'yaw': -3.141}, pose, None, None
20.06, [INFO], r1, {'y': 11.757, 'x': -37.142, 'yaw': 3.142}, pose, None, None
20.06, [INFO], r1, {'battery-level': '49.05'}, battery_charge, None, None
30.06, [INFO], r1, {'battery-level': '48.55'}, battery_charge, None, None
30.06, [INFO], r1, {'y': 13.866, 'x': -37.083, 'yaw': -3.142}, pose, None, None
40.09, [INFO], r1, {'battery-level': '48.05'}, battery_charge, None, None
40.09, [INFO], r1, {'y': 15.775, 'x': -36.625, 'yaw': 3.142}, pose, None, None
50.01, [INFO], r1, {'y': 15.422, 'x': -34.537, 'yaw': -3.141}, pose, None, None
50.01, [INFO], r1, {'battery-level': '47.55'}, battery_charge, None, None
60.01, [INFO], r1, {'y': 15.54, 'x': -32.423, 'yaw': 3.142}, pose, None, None
60.01, [INFO], r1, {'battery-level': '47.05'}, battery_charge, None, None
70.02, [INFO], r1, {'y': 15.625, 'x': -30.313, 'yaw': 3.141}, pose, None, None
70.02, [INFO], r1, {'battery-level': '46.55'}, battery_charge, None, None
80.01, [INFO], r1, {'y': 15.798, 'x': -28.211, 'yaw': -3.142}, pose, None, None
80.01, [INFO], r1, {'battery-level': '46.05'}, battery_charge, None, None
90.09, [INFO], r1, {'y': 14.419, 'x': -27.236, 'yaw': 3.14}, pose, None, None
90.09, [INFO], r1, {'battery-level': '45.55'}, battery_charge, None, None
100.08, [INFO], r1, {'y': 12.927, 'x': -27.388, 'yaw': 3.14}, pose, None, None
100.08, [INFO], r1, {'battery-level': '45.05'}, battery_charge, None, None
104.96, [INFO], r1, skill-success, None, navto, None
104.96, [INFO], r1, started skill, None, approach-nurse, None
104.96, [INFO], r1, sent message, None, None, None
104.96, [INFO], r1, skill-success, None, approach-nurse, None
104.96, [INFO], r1, started skill, None, authenticate-nurse, None
104.96, [INFO], r1, started skill, None, open-drawer, None
104.96, [INFO], r1, sent message, None, None, None
104.96, [INFO], r1, skill-success, None, open-drawer, None
104.96, [INFO], r1, started skill, None, deposit, None
104.96, [INFO], r1, sent message, None, None, None
104.96, [INFO], r1, skill-success, None, deposit, None
104.96, [INFO], r1, started skill, None, close-drawer, None
104.96, [INFO], r1, sent message, None, None, None
104.96, [INFO], r1, skill-success, None, close-drawer, None
104.96, [INFO], r1, started skill, None, navto, None
110.05, [INFO], r1, {'y': 13.934, 'x': -27.37, 'yaw': 3.142}, pose, None, None
110.05, [INFO], r1, {'battery-level': '44.55'}, battery_charge, None, None
120.06, [INFO], r1, {'battery-level': '44.05'}, battery_charge, None, None
120.06, [INFO], r1, {'y': 15.639, 'x': -27.778, 'yaw': -3.139}, pose, None, None
130.05, [INFO], r1, {'y': 15.62, 'x': -29.886, 'yaw': -3.141}, pose, None, None
130.05, [INFO], r1, {'battery-level': '43.55'}, battery_charge, None, None
140.04, [INFO], r1, {'y': 15.515, 'x': -32.009, 'yaw': 3.141}, pose, None, None
140.04, [INFO], r1, {'battery-level': '43.05'}, battery_charge, None, None
150.06, [INFO], r1, {'y': 15.495, 'x': -34.131, 'yaw': -3.142}, pose, None, None
150.06, [INFO], r1, {'battery-level': '42.55'}, battery_charge, None, None
160.06, [INFO], r1, {'y': 16.414, 'x': -35.919, 'yaw': -3.141}, pose, None, None
160.06, [INFO], r1, {'battery-level': '42.05'}, battery_charge, None, None
170.04, [INFO], r1, {'battery-level': '41.55'}, battery_charge, None, None
170.04, [INFO], r1, {'y': 18.486, 'x': -36.138, 'yaw': 3.139}, pose, None, None
180.01, [INFO], r1, {'battery-level': '41.05'}, battery_charge, None, None
180.01, [INFO], r1, {'y': 20.584, 'x': -36.25, 'yaw': 3.141}, pose, None, None
190.00, [INFO], r1, {'y': 22.692, 'x': -36.323, 'yaw': 3.14}, pose, None, None
190.00, [INFO], r1, {'battery-level': '40.55'}, battery_charge, None, None
200.01, [INFO], r1, {'y': 24.811, 'x': -36.265, 'yaw': 3.141}, pose, None, None
200.01, [INFO], r1, {'battery-level': '40.05'}, battery_charge, None, None
210.09, [INFO], r1, {'y': 26.952, 'x': -36.28, 'yaw': 3.141}, pose, None, None
210.09, [INFO], r1, {'battery-level': '39.55'}, battery_charge, None, None
220.08, [INFO], r1, {'y': 29.06, 'x': -36.369, 'yaw': 3.141}, pose, None, None
220.08, [INFO], r1, {'battery-level': '39.05'}, battery_charge, None, None
230.02, [INFO], r1, {'y': 31.176, 'x': -36.512, 'yaw': -3.142}, pose, None, None
230.02, [INFO], r1, {'battery-level': '38.55'}, battery_charge, None, None
240.04, [INFO], r1, {'y': 33.297, 'x': -36.783, 'yaw': -3.142}, pose, None, None
240.04, [INFO], r1, {'battery-level': '38.05'}, battery_charge, None, None
250.08, [INFO], r1, {'battery-level': '37.55'}, battery_charge, None, None
250.08, [INFO], r1, {'y': 35.407, 'x': -36.91, 'yaw': 3.141}, pose, None, None
260.03, [INFO], r1, {'battery-level': '37.05'}, battery_charge, None, None
260.03, [INFO], r1, {'y': 36.067, 'x': -36.94, 'yaw': -3.142}, pose, None, None
268.63, [INFO], r1, skill-success, None, navto, None
268.63, [INFO], r1, started skill, None, approach-arm, None
268.63, [INFO], r1, sent message, None, None, None
268.63, [INFO], r1, started skill, None, open-drawer, None
268.63, [INFO], r1, sent message, None, None, None
268.63, [INFO], r1, skill-success, None, open-drawer, None
268.63, [INFO], r1, started skill, None, pick-up-sample, None
268.63, [INFO], r1, sent message, None, None, None
268.63, [INFO], r1, skill-success, None, pick-up-sample, None
268.63, [INFO], r1, started skill, None, close-drawer, None
268.63, [INFO], r1, sent message, None, None, None
268.63, [INFO], r1, skill-success, None, close-drawer, None
268.63, [WARN], r1, SUCCESS, None, None, None
270.08, [INFO], r1, {'y': 36.125, 'x': -36.973, 'yaw': -3.142}, pose, None, None
270.08, [INFO], r1, {'battery-level': '36.55'}, battery_charge, None, None
