9.75, [INFO], r1, started skill, None, navto, None
10.05, [INFO], r1, {'y': 10.0, 'x': -37.993, 'yaw': 3.142}, pose, None, None
10.05, [INFO], r1, {'battery-level': '49.60'}, battery_charge, None, None
20.09, [INFO], r1, {'y': 11.616, 'x': -37.127, 'yaw': 3.142}, pose, None, None
20.09, [INFO], r1, {'battery-level': '49.10'}, battery_charge, None, None
30.03, [INFO], r1, {'y': 13.708, 'x': -36.956, 'yaw': 3.142}, pose, None, None
30.03, [INFO], r1, {'battery-level': '48.60'}, battery_charge, None, None
40.06, [INFO], r1, {'y': 15.711, 'x': -36.617, 'yaw': -3.142}, pose, None, None
40.06, [INFO], r1, {'battery-level': '48.10'}, battery_charge, None, None
50.09, [INFO], r1, {'y': 15.414, 'x': -34.534, 'yaw': -3.141}, pose, None, None
50.09, [INFO], r1, {'battery-level': '47.60'}, battery_charge, None, None
60.03, [INFO], r1, {'y': 15.494, 'x': -32.414, 'yaw': -3.141}, pose, None, None
60.03, [INFO], r1, {'battery-level': '47.10'}, battery_charge, None, None
70.07, [INFO], r1, {'y': 15.594, 'x': -30.302, 'yaw': 3.141}, pose, None, None
70.07, [INFO], r1, {'battery-level': '46.60'}, battery_charge, None, None
80.01, [INFO], r1, {'battery-level': '46.10'}, battery_charge, None, None
80.01, [INFO], r1, {'y': 15.762, 'x': -28.207, 'yaw': 3.142}, pose, None, None
90.04, [INFO], r1, {'y': 14.399, 'x': -27.344, 'yaw': 3.14}, pose, None, None
90.04, [INFO], r1, {'battery-level': '45.60'}, battery_charge, None, None
100.08, [INFO], r1, {'y': 12.966, 'x': -27.4, 'yaw': 3.141}, pose, None, None
100.08, [INFO], r1, {'battery-level': '45.10'}, battery_charge, None, None
109.81, [INFO], r1, skill-success, None, navto, None
109.81, [INFO], r1, started skill, None, approach-nurse, None
109.81, [INFO], r1, sent message, None, None, None
109.81, [INFO], r1, skill-success, None, approach-nurse, None
109.81, [INFO], r1, started skill, None, open-drawer, None
109.81, [INFO], r1, sent message, None, None, None
109.81, [INFO], r1, skill-success, None, open-drawer, None
109.81, [INFO], r1, started skill, None, deposit, None
109.81, [INFO], r1, sent message, None, None, None
109.81, [INFO], r1, skill-success, None, deposit, None
109.81, [INFO], r1, started skill, None, close-drawer, None
109.81, [INFO], r1, sent message, None, None, None
109.81, [INFO], r1, skill-success, None, close-drawer, None
109.81, [INFO], r1, started skill, None, navto, None
110.01, [INFO], r1, {'y': 12.95, 'x': -27.379, 'yaw': 3.141}, pose, None, None
110.01, [INFO], r1, {'battery-level': '44.60'}, battery_charge, None, None
120.05, [INFO], r1, {'y': 15.058, 'x': -27.364, 'yaw': 3.142}, pose, None, None
120.05, [INFO], r1, {'battery-level': '44.10'}, battery_charge, None, None
130.08, [INFO], r1, {'y': 15.672, 'x': -28.893, 'yaw': -3.142}, pose, None, None
130.08, [INFO], r1, {'battery-level': '43.60'}, battery_charge, None, None
140.02, [INFO], r1, {'y': 15.616, 'x': -30.986, 'yaw': 3.141}, pose, None, None
140.02, [INFO], r1, {'battery-level': '43.10'}, battery_charge, None, None
150.05, [INFO], r1, {'battery-level': '42.60'}, battery_charge, None, None
150.05, [INFO], r1, {'y': 15.54, 'x': -33.105, 'yaw': 3.141}, pose, None, None
160.09, [INFO], r1, {'battery-level': '42.10'}, battery_charge, None, None
160.09, [INFO], r1, {'y': 15.694, 'x': -35.184, 'yaw': -3.142}, pose, None, None
170.02, [INFO], r1, {'y': 17.516, 'x': -36.083, 'yaw': 3.14}, pose, None, None
170.02, [INFO], r1, {'battery-level': '41.60'}, battery_charge, None, None
180.06, [INFO], r1, {'y': 19.625, 'x': -36.154, 'yaw': -3.141}, pose, None, None
180.06, [INFO], r1, {'battery-level': '41.10'}, battery_charge, None, None
190.09, [INFO], r1, {'y': 21.742, 'x': -36.283, 'yaw': 3.141}, pose, None, None
190.09, [INFO], r1, {'battery-level': '40.60'}, battery_charge, None, None
200.03, [INFO], r1, {'y': 23.843, 'x': -36.309, 'yaw': 3.141}, pose, None, None
200.03, [INFO], r1, {'battery-level': '40.10'}, battery_charge, None, None
210.06, [INFO], r1, {'y': 25.963, 'x': -36.274, 'yaw': 3.141}, pose, None, None
210.06, [INFO], r1, {'battery-level': '39.60'}, battery_charge, None, None
220.09, [INFO], r1, {'y': 28.073, 'x': -36.395, 'yaw': -3.142}, pose, None, None
220.09, [INFO], r1, {'battery-level': '39.10'}, battery_charge, None, None
230.03, [INFO], r1, {'y': 30.18, 'x': -36.461, 'yaw': -3.137}, pose, None, None
230.03, [INFO], r1, {'battery-level': '38.60'}, battery_charge, None, None
240.07, [INFO], r1, {'battery-level': '38.10'}, battery_charge, None, None
240.07, [INFO], r1, {'y': 32.303, 'x': -36.597, 'yaw': -3.142}, pose, None, None
250.00, [INFO], r1, {'y': 34.383, 'x': -36.949, 'yaw': 3.142}, pose, None, None
250.00, [INFO], r1, {'battery-level': '37.60'}, battery_charge, None, None
260.04, [INFO], r1, {'y': 35.972, 'x': -36.955, 'yaw': 3.141}, pose, None, None
260.04, [INFO], r1, {'battery-level': '37.10'}, battery_charge, None, None
267.06, [INFO], r1, skill-success, None, navto, None
267.06, [INFO], r1, started skill, None, approach-arm, None
267.06, [INFO], r1, sent message, None, None, None
267.06, [INFO], r1, skill-success, None, approach-arm, None
267.06, [INFO], r1, started skill, None, open-drawer, None
267.06, [WARN], r1, SKILL-FAILURE, None, open-drawer, None
270.07, [INFO], r1, {'y': 36.004, 'x': -36.981, 'yaw': 3.142}, pose, None, None
270.07, [INFO], r1, {'battery-level': '36.60'}, battery_charge, None, None
