9.71, [INFO], r1, started skill, None, navto, None
10.09, [INFO], r1, {'y': 10.0, 'x': -37.993, 'yaw': 3.141}, pose, None, None
10.09, [INFO], r1, {'battery-level': '49.60'}, battery_charge, None, None
20.06, [INFO], r1, {'battery-level': '49.10'}, battery_charge, None, None
20.06, [INFO], r1, {'y': 11.608, 'x': -37.11, 'yaw': -3.142}, pose, None, None
30.00, [INFO], r1, {'y': 13.713, 'x': -37.083, 'yaw': 3.142}, pose, None, None
30.00, [INFO], r1, {'battery-level': '48.60'}, battery_charge, None, None
40.08, [INFO], r1, {'y': 15.732, 'x': -36.804, 'yaw': -3.142}, pose, None, None
40.08, [INFO], r1, {'battery-level': '48.10'}, battery_charge, None, None
50.07, [INFO], r1, {'y': 15.496, 'x': -34.717, 'yaw': -3.141}, pose, None, None
50.07, [INFO], r1, {'battery-level': '47.60'}, battery_charge, None, None
60.02, [INFO], r1, {'y': 15.538, 'x': -32.606, 'yaw': 3.141}, pose, None, None
60.02, [INFO], r1, {'battery-level': '47.10'}, battery_charge, None, None
70.09, [INFO], r1, {'y': 15.622, 'x': -30.484, 'yaw': -3.141}, pose, None, None
70.09, [INFO], r1, {'battery-level': '46.60'}, battery_charge, None, None
80.02, [INFO], r1, {'y': 15.757, 'x': -28.384, 'yaw': 3.141}, pose, None, None
80.02, [INFO], r1, {'battery-level': '46.10'}, battery_charge, None, None
90.02, [INFO], r1, {'y': 14.665, 'x': -27.268, 'yaw': -3.142}, pose, None, None
90.02, [INFO], r1, {'battery-level': '45.60'}, battery_charge, None, None
100.02, [INFO], r1, {'battery-level': '45.10'}, battery_charge, None, None
100.02, [INFO], r1, {'y': 12.994, 'x': -27.394, 'yaw': 3.142}, pose, None, None
107.22, [INFO], r1, skill-success, None, navto, None
107.22, [INFO], r1, started skill, None, approach-nurse, None
107.22, [INFO], r1, sent message, None, None, None
107.22, [INFO], r1, skill-success, None, approach-nurse, None
107.22, [INFO], r1, started skill, None, authenticate-nurse, None
107.22, [INFO], r1, sent message, None, None, None
107.22, [INFO], r1, skill-success, None, authenticate-nurse, None
107.22, [INFO], r1, started skill, None, open-drawer, None
107.22, [INFO], r1, sent message, None, None, None
107.22, [INFO], r1, skill-success, None, open-drawer, None
107.22, [INFO], r1, started skill, None, deposit, None
107.22, [INFO], r1, sent message, None, None, None
107.22, [INFO], r1, skill-success, None, deposit, None
107.22, [INFO], r1, started skill, None, close-drawer, None
107.22, [INFO], r1, sent message, None, None, None
107.22, [INFO], r1, skill-success, None, close-drawer, None
107.22, [INFO], r1, started skill, None, navto, None
110.01, [INFO], r1, {'battery-level': '44.60'}, battery_charge, None, None
110.01, [INFO], r1, {'y': 13.478, 'x': -27.348, 'yaw': 3.142}, pose, None, None
120.08, [INFO], r1, {'battery-level': '44.10'}, battery_charge, None, None
120.08, [INFO], r1, {'y': 15.537, 'x': -27.338, 'yaw': 3.14}, pose, None, None
130.09, [INFO], r1, {'battery-level': '43.60'}, battery_charge, None, None
130.09, [INFO], r1, {'y': 15.671, 'x': -29.411, 'yaw': 3.142}, pose, None, None
140.01, [INFO], r1, {'y': 15.561, 'x': -31.51, 'yaw': 3.14}, pose, None, None
140.01, [INFO], r1, {'battery-level': '43.10'}, battery_charge, None, None
150.06, [INFO], r1, {'y': 15.476, 'x': -33.636, 'yaw': 3.142}, pose, None, None
150.06, [INFO], r1, {'battery-level': '42.60'}, battery_charge, None, None
160.08, [INFO], r1, {'y': 16.045, 'x': -35.574, 'yaw': -3.142}, pose, None, None
160.08, [INFO], r1, {'battery-level': '42.10'}, battery_charge, None, None
170.03, [INFO], r1, {'y': 18.003, 'x': -36.137, 'yaw': -3.141}, pose, None, None
170.03, [INFO], r1, {'battery-level': '41.60'}, battery_charge, None, None
180.05, [INFO], r1, {'y': 20.115, 'x': -36.241, 'yaw': -3.142}, pose, None, None
180.05, [INFO], r1, {'battery-level': '41.10'}, battery_charge, None, None
190.05, [INFO], r1, {'y': 22.229, 'x': -36.248, 'yaw': 3.141}, pose, None, None
190.05, [INFO], r1, {'battery-level': '40.60'}, battery_charge, None, None
200.06, [INFO], r1, {'battery-level': '40.10'}, battery_charge, None, None
200.06, [INFO], r1, {'y': 24.334, 'x': -36.234, 'yaw': -3.142}, pose, None, None
210.05, [INFO], r1, {'battery-level': '39.60'}, battery_charge, None, None
210.05, [INFO], r1, {'y': 26.449, 'x': -36.251, 'yaw': -3.142}, pose, None, None
220.07, [INFO], r1, {'battery-level': '39.10'}, battery_charge, None, None
220.07, [INFO], r1, {'y': 28.575, 'x': -36.319, 'yaw': -3.142}, pose, None, None
230.09, [INFO], r1, {'y': 30.686, 'x': -36.429, 'yaw': -3.142}, pose, None, None
230.09, [INFO], r1, {'battery-level': '38.60'}, battery_charge, None, None
240.03, [INFO], r1, {'y': 32.787, 'x': -36.668, 'yaw': 3.14}, pose, None, None
240.03, [INFO], r1, {'battery-level': '38.10'}, battery_charge, None, None
250.07, [INFO], r1, {'y': 34.905, 'x': -36.857, 'yaw': 3.142}, pose, None, None
250.07, [INFO], r1, {'battery-level': '37.60'}, battery_charge, None, None
260.09, [INFO], r1, {'y': 36.082, 'x': -36.973, 'yaw': -3.141}, pose, None, None
260.09, [INFO], r1, {'battery-level': '37.10'}, battery_charge, None, None
262.89, [INFO], r1, skill-success, None, navto, None
262.89, [INFO], r1, started skill, None, approach-arm, None
262.89, [INFO], r1, sent message, None, None, None
262.89, [INFO], r1, skill-success, None, approach-arm, None
262.89, [INFO], r1, started skill, None, open-drawer, None
262.89, [INFO], r1, sent message, None, None, None
262.89, [INFO], r1, skill-success, None, open-drawer, None
262.89, [INFO], r1, started skill, None, pick-up-sample, None
262.89, [INFO], r1, sent message, None, None, None
262.89, [INFO], r1, skill-success, None, pick-up-sample, None
262.89, [INFO], r1, started skill, None, close-drawer, None
262.89, [INFO], r1, sent message, None, None, None
262.89, [INFO], r1, skill-success, None, close-drawer, None
262.89, [WARN], r1, SUCCESS, None, None, None
