9.93, [INFO], r1, started skill, None, navto, None
10.02, [INFO], r1, {'y': 10.0, 'x': -38.0, 'yaw': 3.142}, pose, None, None
10.02, [INFO], r1, {'battery-level': '49.60'}, battery_charge, None, None
20.01, [INFO], r1, {'battery-level': '49.10'}, battery_charge, None, None
20.01, [INFO], r1, {'y': 11.558, 'x': -37.139, 'yaw': 3.142}, pose, None, None
30.04, [INFO], r1, {'y': 13.67, 'x': -37.01, 'yaw': 3.142}, pose, None, None
30.04, [INFO], r1, {'battery-level': '48.60'}, battery_charge, None, None
40.01, [INFO], r1, {'y': 15.67, 'x': -36.842, 'yaw': -3.142}, pose, None, None
40.01, [INFO], r1, {'battery-level': '48.10'}, battery_charge, None, None
50.07, [INFO], r1, {'y': 15.484, 'x': -34.748, 'yaw': -3.141}, pose, None, None
50.07, [INFO], r1, {'battery-level': '47.60'}, battery_charge, None, None
60.02, [INFO], r1, {'battery-level': '47.10'}, battery_charge, None, None
60.02, [INFO], r1, {'y': 15.54, 'x': -32.64, 'yaw': -3.142}, pose, None, None
70.03, [INFO], r1, {'battery-level': '46.60'}, battery_charge, None, None
70.03, [INFO], r1, {'y': 15.574, 'x': -30.541, 'yaw': 3.141}, pose, None, None
80.05, [INFO], r1, {'battery-level': '46.10'}, battery_charge, None, None
80.05, [INFO], r1, {'y': 15.782, 'x': -28.42, 'yaw': 3.141}, pose, None, None
90.09, [INFO], r1, {'battery-level': '45.60'}, battery_charge, None, None
90.09, [INFO], r1, {'y': 15.885, 'x': -26.301, 'yaw': 3.141}, pose, None, None
100.09, [INFO], r1, {'battery-level': '45.10'}, battery_charge, None, None
100.09, [INFO], r1, {'y': 15.769, 'x': -24.189, 'yaw': 3.141}, pose, None, None
110.08, [INFO], r1, {'battery-level': '44.60'}, battery_charge, None, None
110.08, [INFO], r1, {'y': 15.756, 'x': -22.067, 'yaw': 3.141}, pose, None, None
120.07, [INFO], r1, {'battery-level': '44.10'}, battery_charge, None, None
120.07, [INFO], r1, {'y': 15.53, 'x': -19.955, 'yaw': 3.142}, pose, None, None
130.06, [INFO], r1, {'y': 14.647, 'x': -18.065, 'yaw': -3.142}, pose, None, None
130.06, [INFO], r1, {'battery-level': '43.60'}, battery_charge, None, None
140.02, [INFO], r1, {'y': 12.949, 'x': -18.148, 'yaw': -3.142}, pose, None, None
140.02, [INFO], r1, {'battery-level': '43.10'}, battery_charge, None, None
150.01, [INFO], r1, {'y': 12.813, 'x': -18.167, 'yaw': -3.142}, pose, None, None
150.01, [INFO], r1, {'battery-level': '42.60'}, battery_charge, None, None
154.70, [INFO], r1, skill-success, None, navto, None
154.70, [INFO], r1, started skill, None, approach-nurse, None
154.70, [INFO], r1, sent message, None, None, None
154.70, [INFO], r1, skill-success, None, approach-nurse, None
154.70, [INFO], r1, started skill, None, open-drawer, None
154.70, [INFO], r1, sent message, None, None, None
154.70, [INFO], r1, skill-success, None, open-drawer, None
154.70, [INFO], r1, started skill, None, deposit, None
154.70, [INFO], r1, sent message, None, None, None
154.70, [INFO], r1, skill-success, None, deposit, None
154.70, [INFO], r1, started skill, None, close-drawer, None
154.70, [INFO], r1, sent message, None, None, None
154.70, [INFO], r1, skill-success, None, close-drawer, None
154.70, [INFO], r1, started skill, None, navto, None
160.06, [INFO], r1, {'battery-level': '42.10'}, battery_charge, None, None
160.06, [INFO], r1, {'y': 13.87, 'x': -18.178, 'yaw': 3.141}, pose, None, None
170.06, [INFO], r1, {'battery-level': '41.60'}, battery_charge, None, None
170.06, [INFO], r1, {'y': 15.282, 'x': -19.507, 'yaw': -3.139}, pose, None, None
180.09, [INFO], r1, {'y': 15.764, 'x': -21.592, 'yaw': 3.141}, pose, None, None
180.09, [INFO], r1, {'battery-level': '41.10'}, battery_charge, None, None
190.09, [INFO], r1, {'y': 15.786, 'x': -23.707, 'yaw': -3.142}, pose, None, None
190.09, [INFO], r1, {'battery-level': '40.60'}, battery_charge, None, None
200.02, [INFO], r1, {'battery-level': '40.10'}, battery_charge, None, None
200.02, [INFO], r1, {'y': 15.834, 'x': -25.813, 'yaw': 3.141}, pose, None, None
210.02, [INFO], r1, {'y': 15.865, 'x': -27.935, 'yaw': 3.141}, pose, None, None
210.02, [INFO], r1, {'battery-level': '39.60'}, battery_charge, None, None
220.04, [INFO], r1, {'battery-level': '39.10'}, battery_charge, None, None
220.04, [INFO], r1, {'y': 15.891, 'x': -30.059, 'yaw': 3.141}, pose, None, None
230.09, [INFO], r1, {'y': 15.725, 'x': -32.184, 'yaw': 3.141}, pose, None, None
230.09, [INFO], r1, {'battery-level': '38.60'}, battery_charge, None, None
240.01, [INFO], r1, {'y': 15.473, 'x': -34.274, 'yaw': 3.141}, pose, None, None
240.01, [INFO], r1, {'battery-level': '38.10'}, battery_charge, None, None
250.08, [INFO], r1, {'battery-level': '37.60'}, battery_charge, None, None
250.08, [INFO], r1, {'y': 16.569, 'x': -35.97, 'yaw': 3.142}, pose, None, None
260.10, [INFO], r1, {'y': 18.663, 'x': -36.134, 'yaw': 3.142}, pose, None, None
260.10, [INFO], r1, {'battery-level': '37.10'}, battery_charge, None, None
270.08, [INFO], r1, {'y': 20.769, 'x': -36.243, 'yaw': 3.142}, pose, None, None
270.08, [INFO], r1, {'battery-level': '36.60'}, battery_charge, None, None
280.09, [INFO], r1, {'y': 22.897, 'x': -36.275, 'yaw': 3.141}, pose, None, None
280.09, [INFO], r1, {'battery-level': '36.10'}, battery_charge, None, None
290.01, [INFO], r1, {'y': 24.997, 'x': -36.253, 'yaw': 3.141}, pose, None, None
290.01, [INFO], r1, {'battery-level': '35.60'}, battery_charge, None, None
300.04, [INFO], r1, {'battery-level': '35.10'}, battery_charge, None, None
300.04, [INFO], r1, {'y': 27.113, 'x': -36.315, 'yaw': -3.142}, pose, None, None
310.08, [INFO], r1, {'y': 29.232, 'x': -36.35, 'yaw': -3.141}, pose, None, None
310.08, [INFO], r1, {'battery-level': '34.60'}, battery_charge, None, None
320.02, [INFO], r1, {'y': 31.33, 'x': -36.504, 'yaw': 3.142}, pose, None, None
320.02, [INFO], r1, {'battery-level': '34.10'}, battery_charge, None, None
330.06, [INFO], r1, {'y': 33.447, 'x': -36.767, 'yaw': 3.142}, pose, None, None
330.06, [INFO], r1, {'battery-level': '33.60'}, battery_charge, None, None
340.09, [INFO], r1, {'y': 35.552, 'x': -36.89, 'yaw': 3.138}, pose, None, None
340.09, [INFO], r1, {'battery-level': '33.10'}, battery_charge, None, None
349.29, [INFO], r1, skill-success, None, navto, None
349.29, [INFO], r1, started skill, None, approach-arm, None
349.29, [INFO], r1, started skill, None, open-drawer, None
349.29, [INFO], r1, sent message, None, None, None
349.29, [INFO], r1, skill-success, None, open-drawer, None
349.29, [INFO], r1, started skill, None, pick-up-sample, None
349.29, [INFO], r1, sent message, None, None, None
349.29, [INFO], r1, skill-success, None, pick-up-sample, None
349.29, [INFO], r1, started skill, None, close-drawer, None
349.29, [INFO], r1, sent message, None, None, None
349.29, [INFO], r1, skill-success, None, close-drawer, None
349.29, [WARN], r1, SUCCESS, None, None, None
350.06, [INFO], r1, {'y': 36.068, 'x': -36.964, 'yaw': -3.142}, pose, None, None
350.06, [INFO], r1, {'battery-level': '32.60'}, battery_charge, None, None
