9.41, [INFO], r1, started skill, None, navto, None
10.01, [INFO], r1, {'y': 10.0, 'x': -37.947, 'yaw': 3.141}, pose, None, None
10.01, [INFO], r1, {'battery-level': '49.55'}, battery_charge, None, None
20.05, [INFO], r1, {'y': 11.664, 'x': -37.161, 'yaw': 3.142}, pose, None, None
20.05, [INFO], r1, {'battery-level': '49.05'}, battery_charge, None, None
30.08, [INFO], r1, {'battery-level': '48.55'}, battery_charge, None, None
30.08, [INFO], r1, {'y': 13.771, 'x': -37.014, 'yaw': -3.142}, pose, None, None
40.02, [INFO], r1, {'y': 15.718, 'x': -36.714, 'yaw': -3.142}, pose, None, None
40.02, [INFO], r1, {'battery-level': '48.05'}, battery_charge, None, None
50.05, [INFO], r1, {'y': 15.424, 'x': -34.627, 'yaw': -3.142}, pose, None, None
50.05, [INFO], r1, {'battery-level': '47.55'}, battery_charge, None, None
60.08, [INFO], r1, {'y': 15.517, 'x': -32.503, 'yaw': 3.141}, pose, None, None
60.08, [INFO], r1, {'battery-level': '47.05'}, battery_charge, None, None
70.01, [INFO], r1, {'y': 15.571, 'x': -30.409, 'yaw': 3.141}, pose, None, None
70.01, [INFO], r1, {'battery-level': '46.55'}, battery_charge, None, None
80.04, [INFO], r1, {'battery-level': '46.05'}, battery_charge, None, None
80.04, [INFO], r1, {'y': 15.727, 'x': -28.291, 'yaw': -3.141}, pose, None, None
90.07, [INFO], r1, {'y': 15.759, 'x': -26.177, 'yaw': 3.142}, pose, None, None
90.07, [INFO], r1, {'battery-level': '45.55'}, battery_charge, None, None
100.00, [INFO], r1, {'battery-level': '45.05'}, battery_charge, None, None
100.00, [INFO], r1, {'y': 15.687, 'x': -24.09, 'yaw': 3.141}, pose, None, None
110.03, [INFO], r1, {'y': 15.702, 'x': -21.979, 'yaw': 3.141}, pose, None, None
110.03, [INFO], r1, {'battery-level': '44.55'}, battery_charge, None, None
120.07, [INFO], r1, {'y': 15.512, 'x': -19.862, 'yaw': 3.142}, pose, None, None
120.07, [INFO], r1, {'battery-level': '44.05'}, battery_charge, None, None
130.10, [INFO], r1, {'battery-level': '43.55'}, battery_charge, None, None
130.10, [INFO], r1, {'y': 14.532, 'x': -18.018, 'yaw': 3.142}, pose, None, None
140.03, [INFO], r1, {'y': 12.934, 'x': -18.148, 'yaw': -3.142}, pose, None, None
140.03, [INFO], r1, {'battery-level': '43.05'}, battery_charge, None, None
146.86, [INFO], r1, skill-success, None, navto, None
146.86, [INFO], r1, started skill, None, approach-nurse, None
146.86, [INFO], r1, sent message, None, None, None
146.86, [INFO], r1, skill-success, None, approach-nurse, None
146.86, [INFO], r1, started skill, None, authenticate-nurse, None
146.86, [INFO], r1, started skill, None, open-drawer, None
146.86, [INFO], r1, sent message, None, None, None
146.86, [INFO], r1, skill-success, None, open-drawer, None
146.86, [INFO], r1, started skill, None, deposit, None
146.86, [INFO], r1, sent message, None, None, None
146.86, [INFO], r1, skill-success, None, deposit, None
146.86, [INFO], r1, started skill, None, close-drawer, None
146.86, [INFO], r1, sent message, None, None, None
146.86, [INFO], r1, skill-success, None, close-drawer, None
146.86, [INFO], r1, started skill, None, navto, None
150.07, [INFO], r1, {'y': 13.542, 'x': -18.148, 'yaw': -3.142}, pose, None, None
150.07, [INFO], r1, {'battery-level': '42.55'}, battery_charge, None, None
160.00, [INFO], r1, {'battery-level': '42.05'}, battery_charge, None, None
160.00, [INFO], r1, {'y': 15.184, 'x': -19.15, 'yaw': 3.136}, pose, None, None
170.03, [INFO], r1, {'battery-level': '41.55'}, battery_charge, None, None
170.03, [INFO], r1, {'y': 15.643, 'x': -21.243, 'yaw': -3.142}, pose, None, None
180.06, [INFO], r1, {'y': 15.743, 'x': -23.37, 'yaw': 3.137}, pose, None, None
180.06, [INFO], r1, {'battery-level': '41.05'}, battery_charge, None, None
190.09, [INFO], r1, {'y': 15.791, 'x': -25.478, 'yaw': 3.141}, pose, None, None
190.09, [INFO], r1, {'battery-level': '40.55'}, battery_charge, None, None
200.01, [INFO], r1, {'battery-level': '40.05'}, battery_charge, None, None
200.01, [INFO], r1, {'y': 15.81, 'x': -27.565, 'yaw': 3.142}, pose, None, None
210.04, [INFO], r1, {'y': 15.845, 'x': -29.68, 'yaw': 3.14}, pose, None, None
210.04, [INFO], r1, {'battery-level': '39.55'}, battery_charge, None, None
220.07, [INFO], r1, {'y': 15.748, 'x': -31.792, 'yaw': 3.141}, pose, None, None
220.07, [INFO], r1, {'battery-level': '39.05'}, battery_charge, None, None
230.08, [INFO], r1, {'y': 15.546, 'x': -33.898, 'yaw': -3.142}, pose, None, None
230.08, [INFO], r1, {'battery-level': '38.55'}, battery_charge, None, None
240.09, [INFO], r1, {'y': 16.284, 'x': -35.751, 'yaw': 3.142}, pose, None, None
240.09, [INFO], r1, {'battery-level': '38.05'}, battery_charge, None, None
250.02, [INFO], r1, {'y': 18.316, 'x': -36.132, 'yaw': -3.142}, pose, None, None
250.02, [INFO], r1, {'battery-level': '37.55'}, battery_charge, None, None
260.04, [INFO], r1, {'battery-level': '37.05'}, battery_charge, None, None
260.04, [INFO], r1, {'y': 20.424, 'x': -36.226, 'yaw': 3.142}, pose, None, None
270.07, [INFO], r1, {'y': 22.55, 'x': -36.309, 'yaw': 3.141}, pose, None, None
270.07, [INFO], r1, {'battery-level': '36.55'}, battery_charge, None, None
280.00, [INFO], r1, {'y': 24.641, 'x': -36.263, 'yaw': 3.141}, pose, None, None
280.00, [INFO], r1, {'battery-level': '36.05'}, battery_charge, None, None
290.04, [INFO], r1, {'battery-level': '35.55'}, battery_charge, None, None
290.04, [INFO], r1, {'y': 26.776, 'x': -36.272, 'yaw': 3.141}, pose, None, None
300.07, [INFO], r1, {'y': 28.894, 'x': -36.318, 'yaw': -3.142}, pose, None, None
300.07, [INFO], r1, {'battery-level': '35.05'}, battery_charge, None, None
310.00, [INFO], r1, {'y': 30.987, 'x': -36.434, 'yaw': 3.142}, pose, None, None
310.00, [INFO], r1, {'battery-level': '34.55'}, battery_charge, None, None
320.04, [INFO], r1, {'battery-level': '34.05'}, battery_charge, None, None
320.04, [INFO], r1, {'y': 33.099, 'x': -36.731, 'yaw': -3.142}, pose, None, None
330.07, [INFO], r1, {'battery-level': '33.55'}, battery_charge, None, None
330.07, [INFO], r1, {'y': 35.199, 'x': -36.901, 'yaw': 3.142}, pose, None, None
340.00, [INFO], r1, {'battery-level': '33.05'}, battery_charge, None, None
340.00, [INFO], r1, {'y': 36.045, 'x': -36.963, 'yaw': -3.142}, pose, None, None
342.41, [INFO], r1, skill-success, None, navto, None
342.41, [INFO], r1, started skill, None, approach-arm, None
342.41, [INFO], r1, sent message, None, None, None
342.41, [INFO], r1, skill-success, None, approach-arm, None
342.41, [INFO], r1, started skill, None, open-drawer, None
342.41, [INFO], r1, sent message, None, None, None
342.41, [INFO], r1, skill-success, None, open-drawer, None
342.41, [INFO], r1, started skill, None, pick-up-sample, None
342.41, [INFO], r1, sent message, None, None, None
342.41, [INFO], r1, skill-success, None, pick-up-sample, None
342.41, [INFO], r1, started skill, None, close-drawer, None
342.41, [INFO], r1, sent message, None, None, None
342.41, [INFO], r1, skill-success, None, close-drawer, None
342.41, [WARN], r1, SUCCESS, None, None, None
350.04, [INFO], r1, {'battery-level': '32.55'}, battery_charge, None, None
350.04, [INFO], r1, {'y': 36.044, 'x': -36.966, 'yaw': -3.142}, pose, None, None
