0.19, [DEBUG], logger, ROBOTS_CONFIG={'capabilities': ['approach_person', 'approach_robot', 'authenticate_person', 'navigation', 'operate_drawer'], 'battery_charge': 0.5, 'nurse_pose': [-28.5, 18.0, -1.57], 'robot_pose': [-38.0, 10.0, 0.0]}, None, None, None
0.19, [DEBUG], logger, Simulation open, None, None, None
10.03, [INFO], r1, {'y': 10.0, 'x': -38.0, 'yaw': -3.142}, pose, None, None
10.03, [INFO], r1, {'battery-level': '49.55'}, battery_charge, None, None
10.52, [INFO], r1, started skill, None, navto, None
20.04, [INFO], r1, {'y': 11.473, 'x': -37.204, 'yaw': 3.142}, pose, None, None
20.04, [INFO], r1, {'battery-level': '49.05'}, battery_charge, None, None
30.04, [INFO], r1, {'y': 13.595, 'x': -37.103, 'yaw': 3.142}, pose, None, None
30.04, [INFO], r1, {'battery-level': '48.55'}, battery_charge, None, None
40.03, [INFO], r1, {'battery-level': '48.05'}, battery_charge, None, None
40.03, [INFO], r1, {'y': 15.681, 'x': -36.879, 'yaw': -3.142}, pose, None, None
50.04, [INFO], r1, {'battery-level': '47.55'}, battery_charge, None, None
50.04, [INFO], r1, {'y': 15.502, 'x': -34.837, 'yaw': -3.141}, pose, None, None
60.05, [INFO], r1, {'battery-level': '47.05'}, battery_charge, None, None
60.05, [INFO], r1, {'y': 15.534, 'x': -32.715, 'yaw': 3.141}, pose, None, None
70.04, [INFO], r1, {'y': 15.577, 'x': -30.591, 'yaw': -3.141}, pose, None, None
70.04, [INFO], r1, {'battery-level': '46.55'}, battery_charge, None, None
80.05, [INFO], r1, {'y': 15.72, 'x': -28.625, 'yaw': 3.142}, pose, None, None
80.05, [INFO], r1, {'battery-level': '46.05'}, battery_charge, None, None
90.06, [INFO], r1, {'y': 15.748, 'x': -28.545, 'yaw': 3.142}, pose, None, None
90.06, [INFO], r1, {'battery-level': '45.55'}, battery_charge, None, None
100.06, [INFO], r1, {'y': 16.898, 'x': -28.486, 'yaw': -3.141}, pose, None, None
100.06, [INFO], r1, {'battery-level': '45.05'}, battery_charge, None, None
110.07, [INFO], r1, {'y': 16.85, 'x': -28.476, 'yaw': 3.14}, pose, None, None
110.07, [INFO], r1, {'battery-level': '44.55'}, battery_charge, None, None
120.08, [INFO], r1, {'y': 16.61, 'x': -28.687, 'yaw': 3.141}, pose, None, None
120.08, [INFO], r1, {'battery-level': '44.05'}, battery_charge, None, None
130.07, [INFO], r1, {'y': 17.163, 'x': -28.238, 'yaw': -3.136}, pose, None, None
130.07, [INFO], r1, {'battery-level': '43.55'}, battery_charge, None, None
140.01, [INFO], r1, {'y': 17.16, 'x': -28.25, 'yaw': 3.135}, pose, None, None
140.01, [INFO], r1, {'battery-level': '43.05'}, battery_charge, None, None
150.08, [INFO], r1, {'y': 17.286, 'x': -28.228, 'yaw': 3.142}, pose, None, None
150.08, [INFO], r1, {'battery-level': '42.55'}, battery_charge, None, None
160.00, [INFO], r1, {'y': 17.289, 'x': -28.253, 'yaw': -3.142}, pose, None, None
160.00, [INFO], r1, {'battery-level': '42.05'}, battery_charge, None, None
160.20, [WARN], r1, SKILL-FAILURE, None, navto, None
