9.25, [INFO], r1, started skill, None, navto, None
10.03, [INFO], r1, {'battery-level': '49.55'}, battery_charge, None, None
10.03, [INFO], r1, {'y': 10.003, 'x': -37.904, 'yaw': 3.141}, pose, None, None
20.07, [INFO], r1, {'battery-level': '49.05'}, battery_charge, None, None
20.07, [INFO], r1, {'y': 11.733, 'x': -37.131, 'yaw': -3.142}, pose, None, None
30.07, [INFO], r1, {'y': 13.858, 'x': -37.008, 'yaw': 3.142}, pose, None, None
30.07, [INFO], r1, {'battery-level': '48.55'}, battery_charge, None, None
40.01, [INFO], r1, {'battery-level': '48.05'}, battery_charge, None, None
40.01, [INFO], r1, {'y': 15.799, 'x': -36.621, 'yaw': 3.141}, pose, None, None
50.04, [INFO], r1, {'y': 15.412, 'x': -34.521, 'yaw': 3.142}, pose, None, None
50.04, [INFO], r1, {'battery-level': '47.55'}, battery_charge, None, None
60.03, [INFO], r1, {'y': 15.477, 'x': -32.4, 'yaw': -3.142}, pose, None, None
60.03, [INFO], r1, {'battery-level': '47.05'}, battery_charge, None, None
70.03, [INFO], r1, {'y': 15.556, 'x': -30.277, 'yaw': 3.141}, pose, None, None
70.03, [INFO], r1, {'battery-level': '46.55'}, battery_charge, None, None
80.05, [INFO], r1, {'y': 15.794, 'x': -28.154, 'yaw': 3.142}, pose, None, None
80.05, [INFO], r1, {'battery-level': '46.05'}, battery_charge, None, None
90.04, [INFO], r1, {'battery-level': '45.55'}, battery_charge, None, None
90.04, [INFO], r1, {'y': 17.348, 'x': -27.018, 'yaw': 3.141}, pose, None, None
100.05, [INFO], r1, {'y': 18.003, 'x': -27.204, 'yaw': -3.142}, pose, None, None
100.05, [INFO], r1, {'battery-level': '45.05'}, battery_charge, None, None
102.06, [INFO], r1, skill-success, None, navto, None
102.06, [INFO], r1, started skill, None, approach-nurse, None
102.06, [INFO], r1, sent message, None, None, None
102.06, [INFO], r1, skill-success, None, approach-nurse, None
102.06, [INFO], r1, started skill, None, authenticate-nurse, None
102.06, [WARN], r1, SKILL-FAILURE, None, authenticate-nurse, None
