0.19, [DEBUG], logger, ROBOTS_CONFIG={'capabilities': ['approach_person', 'approach_robot', 'authenticate_person', 'navigation', 'operate_drawer'], 'battery_charge': 0.5, 'nurse_pose': [-21.0, 18.0, -1.57], 'robot_pose': [-38.0, 10.0, 0.0]}, None, None, None
0.19, [DEBUG], logger, Simulation open, None, None, None
10.09, [INFO], r1, {'battery-level': '49.55'}, battery_charge, None, None
10.09, [INFO], r1, {'y': 10.0, 'x': -38.0, 'yaw': -3.142}, pose, None, None
10.48, [INFO], r1, started skill, None, navto, None
20.07, [INFO], r1, {'battery-level': '49.05'}, battery_charge, None, None
20.07, [INFO], r1, {'y': 11.474, 'x': -37.151, 'yaw': -3.142}, pose, None, None
30.06, [INFO], r1, {'y': 13.586, 'x': -37.1, 'yaw': -3.142}, pose, None, None
30.06, [INFO], r1, {'battery-level': '48.55'}, battery_charge, None, None
40.05, [INFO], r1, {'y': 15.654, 'x': -36.902, 'yaw': 3.142}, pose, None, None
40.05, [INFO], r1, {'battery-level': '48.05'}, battery_charge, None, None
50.01, [INFO], r1, {'battery-level': '47.55'}, battery_charge, None, None
50.01, [INFO], r1, {'y': 15.468, 'x': -34.865, 'yaw': -3.141}, pose, None, None
60.01, [INFO], r1, {'battery-level': '47.05'}, battery_charge, None, None
60.01, [INFO], r1, {'y': 15.515, 'x': -32.75, 'yaw': 3.141}, pose, None, None
70.06, [INFO], r1, {'y': 15.554, 'x': -30.625, 'yaw': -3.142}, pose, None, None
70.06, [INFO], r1, {'battery-level': '46.55'}, battery_charge, None, None
80.03, [INFO], r1, {'y': 15.725, 'x': -28.529, 'yaw': 3.142}, pose, None, None
80.03, [INFO], r1, {'battery-level': '46.05'}, battery_charge, None, None
90.01, [INFO], r1, {'y': 15.99, 'x': -26.415, 'yaw': 3.139}, pose, None, None
90.01, [INFO], r1, {'battery-level': '45.55'}, battery_charge, None, None
100.02, [INFO], r1, {'y': 16.109, 'x': -24.315, 'yaw': -3.141}, pose, None, None
100.02, [INFO], r1, {'battery-level': '45.05'}, battery_charge, None, None
110.09, [INFO], r1, {'y': 16.171, 'x': -22.181, 'yaw': 3.141}, pose, None, None
110.09, [INFO], r1, {'battery-level': '44.55'}, battery_charge, None, None
120.09, [INFO], r1, {'y': 17.348, 'x': -20.875, 'yaw': -3.142}, pose, None, None
120.09, [INFO], r1, {'battery-level': '44.05'}, battery_charge, None, None
130.06, [INFO], r1, {'battery-level': '43.55'}, battery_charge, None, None
130.06, [INFO], r1, {'y': 17.968, 'x': -21.11, 'yaw': 3.142}, pose, None, None
135.01, [INFO], r1, skill-success, None, navto, None
135.01, [INFO], r1, started skill, None, approach-nurse, None
135.01, [INFO], r1, sent message, None, None, None
135.01, [INFO], r1, skill-success, None, approach-nurse, None
135.11, [INFO], r1, started skill, None, authenticate-nurse, None
135.11, [INFO], r1, sent message, None, None, None
135.11, [INFO], r1, skill-success, None, authenticate-nurse, None
135.11, [INFO], r1, started skill, None, open-drawer, None
135.11, [INFO], r1, sent message, None, None, None
135.11, [INFO], r1, skill-success, None, open-drawer, None
135.11, [INFO], r1, started skill, None, deposit, None
135.11, [INFO], r1, sent message, None, None, None
135.11, [INFO], r1, skill-success, None, deposit, None
135.11, [INFO], r1, started skill, None, close-drawer, None
135.11, [WARN], r1, SKILL-FAILURE, None, close-drawer, None
140.01, [INFO], r1, {'battery-level': '43.05'}, battery_charge, None, None
140.01, [INFO], r1, {'y': 17.968, 'x': -21.116, 'yaw': 3.142}, pose, None, None
