9.51, [INFO], r1, started skill, None, navto, None
10.08, [INFO], r1, {'y': 10.0, 'x': -37.947, 'yaw': 3.141}, pose, None, None
10.08, [INFO], r1, {'battery-level': '49.55'}, battery_charge, None, None
20.08, [INFO], r1, {'y': 11.681, 'x': -37.128, 'yaw': 3.142}, pose, None, None
20.08, [INFO], r1, {'battery-level': '49.05'}, battery_charge, None, None
30.07, [INFO], r1, {'y': 13.785, 'x': -37.03, 'yaw': -3.142}, pose, None, None
30.07, [INFO], r1, {'battery-level': '48.55'}, battery_charge, None, None
40.09, [INFO], r1, {'battery-level': '48.05'}, battery_charge, None, None
40.09, [INFO], r1, {'y': 15.773, 'x': -36.643, 'yaw': 3.141}, pose, None, None
50.09, [INFO], r1, {'y': 15.453, 'x': -34.53, 'yaw': -3.141}, pose, None, None
50.09, [INFO], r1, {'battery-level': '47.55'}, battery_charge, None, None
60.09, [INFO], r1, {'battery-level': '47.05'}, battery_charge, None, None
60.09, [INFO], r1, {'y': 15.459, 'x': -32.409, 'yaw': 3.142}, pose, None, None
70.00, [INFO], r1, {'y': 15.55, 'x': -30.304, 'yaw': 3.142}, pose, None, None
70.00, [INFO], r1, {'battery-level': '46.55'}, battery_charge, None, None
80.02, [INFO], r1, {'y': 15.766, 'x': -28.192, 'yaw': 3.142}, pose, None, None
80.02, [INFO], r1, {'battery-level': '46.05'}, battery_charge, None, None
90.02, [INFO], r1, {'y': 16.136, 'x': -26.088, 'yaw': 3.141}, pose, None, None
90.02, [INFO], r1, {'battery-level': '45.55'}, battery_charge, None, None
100.02, [INFO], r1, {'y': 16.087, 'x': -23.969, 'yaw': 3.141}, pose, None, None
100.02, [INFO], r1, {'battery-level': '45.05'}, battery_charge, None, None
110.02, [INFO], r1, {'battery-level': '44.55'}, battery_charge, None, None
110.02, [INFO], r1, {'y': 16.136, 'x': -21.846, 'yaw': 3.142}, pose, None, None
120.01, [INFO], r1, {'y': 16.494, 'x': -19.758, 'yaw': 3.141}, pose, None, None
120.01, [INFO], r1, {'battery-level': '44.05'}, battery_charge, None, None
130.10, [INFO], r1, {'battery-level': '43.55'}, battery_charge, None, None
130.10, [INFO], r1, {'y': 17.94, 'x': -19.031, 'yaw': -3.142}, pose, None, None
135.96, [INFO], r1, skill-success, None, navto, None
135.96, [INFO], r1, started skill, None, approach-nurse, None
135.96, [INFO], r1, sent message, None, None, None
135.96, [INFO], r1, skill-success, None, approach-nurse, None
135.96, [INFO], r1, started skill, None, authenticate-nurse, None
135.96, [INFO], r1, sent message, None, None, None
135.96, [INFO], r1, skill-success, None, authenticate-nurse, None
135.96, [INFO], r1, started skill, None, open-drawer, None
135.96, [INFO], r1, sent message, None, None, None
135.96, [INFO], r1, skill-success, None, open-drawer, None
135.96, [INFO], r1, started skill, None, deposit, None
135.96, [INFO], r1, sent message, None, None, None
135.96, [INFO], r1, skill-success, None, deposit, None
135.96, [INFO], r1, started skill, None, close-drawer, None
135.96, [INFO], r1, sent message, None, None, None
135.96, [INFO], r1, skill-success, None, close-drawer, None
135.96, [INFO], r1, started skill, None, navto, None
140.07, [INFO], r1, {'battery-level': '43.05'}, battery_charge, None, None
140.07, [INFO], r1, {'y': 17.239, 'x': -19.353, 'yaw': 3.137}, pose, None, None
150.06, [INFO], r1, {'y': 16.299, 'x': -20.943, 'yaw': 3.142}, pose, None, None
150.06, [INFO], r1, {'battery-level': '42.55'}, battery_charge, None, None
160.04, [INFO], r1, {'y': 16.185, 'x': -23.056, 'yaw': -3.142}, pose, None, None
160.04, [INFO], r1, {'battery-level': '42.05'}, battery_charge, None, None
170.05, [INFO], r1, {'battery-level': '41.55'}, battery_charge, None, None
170.05, [INFO], r1, {'y': 16.117, 'x': -25.178, 'yaw': 3.141}, pose, None, None
180.05, [INFO], r1, {'battery-level': '41.05'}, battery_charge, None, None
180.05, [INFO], r1, {'y': 15.933, 'x': -27.29, 'yaw': 3.142}, pose, None, None
190.06, [INFO], r1, {'y': 16.062, 'x': -29.413, 'yaw': -3.142}, pose, None, None
190.06, [INFO], r1, {'battery-level': '40.55'}, battery_charge, None, None
200.00, [INFO], r1, {'y': 15.906, 'x': -31.515, 'yaw': 3.141}, pose, None, None
200.00, [INFO], r1, {'battery-level': '40.05'}, battery_charge, None, None
210.06, [INFO], r1, {'y': 15.637, 'x': -33.636, 'yaw': 3.141}, pose, None, None
210.06, [INFO], r1, {'battery-level': '39.55'}, battery_charge, None, None
220.07, [INFO], r1, {'y': 15.973, 'x': -35.557, 'yaw': 3.142}, pose, None, None
220.07, [INFO], r1, {'battery-level': '39.05'}, battery_charge, None, None
230.03, [INFO], r1, {'y': 17.943, 'x': -36.137, 'yaw': -3.14}, pose, None, None
230.03, [INFO], r1, {'battery-level': '38.55'}, battery_charge, None, None
240.00, [INFO], r1, {'y': 20.042, 'x': -36.216, 'yaw': -3.142}, pose, None, None
240.00, [INFO], r1, {'battery-level': '38.05'}, battery_charge, None, None
250.00, [INFO], r1, {'y': 22.165, 'x': -36.264, 'yaw': 3.14}, pose, None, None
250.00, [INFO], r1, {'battery-level': '37.55'}, battery_charge, None, None
260.00, [INFO], r1, {'battery-level': '37.05'}, battery_charge, None, None
260.00, [INFO], r1, {'y': 24.297, 'x': -36.312, 'yaw': 3.14}, pose, None, None
270.02, [INFO], r1, {'y': 26.406, 'x': -36.308, 'yaw': 3.141}, pose, None, None
270.02, [INFO], r1, {'battery-level': '36.55'}, battery_charge, None, None
280.01, [INFO], r1, {'y': 28.521, 'x': -36.301, 'yaw': 3.141}, pose, None, None
280.01, [INFO], r1, {'battery-level': '36.05'}, battery_charge, None, None
290.03, [INFO], r1, {'y': 30.653, 'x': -36.384, 'yaw': 3.141}, pose, None, None
290.03, [INFO], r1, {'battery-level': '35.55'}, battery_charge, None, None
300.05, [INFO], r1, {'battery-level': '35.05'}, battery_charge, None, None
300.05, [INFO], r1, {'y': 32.774, 'x': -36.605, 'yaw': -3.142}, pose, None, None
310.09, [INFO], r1, {'y': 34.879, 'x': -36.872, 'yaw': 3.141}, pose, None, None
310.09, [INFO], r1, {'battery-level': '34.55'}, battery_charge, None, None
320.04, [INFO], r1, {'y': 36.144, 'x': -37.008, 'yaw': -3.142}, pose, None, None
320.04, [INFO], r1, {'battery-level': '34.05'}, battery_charge, None, None
325.08, [INFO], r1, skill-success, None, navto, None
325.08, [INFO], r1, started skill, None, approach-arm, None
325.08, [INFO], r1, sent message, None, None, None
325.08, [INFO], r1, skill-success, None, approach-arm, None
325.08, [INFO], r1, started skill, None, open-drawer, None
325.08, [INFO], r1, sent message, None, None, None
325.08, [INFO], r1, skill-success, None, open-drawer, None
325.08, [INFO], r1, started skill, None, pick-up-sample, None
325.08, [INFO], r1, sent message, None, None, None
325.08, [INFO], r1, skill-success, None, pick-up-sample, None
325.08, [INFO], r1, started skill, None, close-drawer, None
325.08, [INFO], r1, sent message, None, None, None
325.08, [INFO], r1, skill-success, None, close-drawer, None
325.08, [WARN], r1, SUCCESS, None, None, None
330.02, [INFO], r1, {'y': 36.14, 'x': -37.01, 'yaw': -3.142}, pose, None, None
330.02, [INFO], r1, {'battery-level': '33.55'}, battery_charge, None, None
