0.19, [DEBUG], logger, ROBOTS_CONFIG={'capabilities': ['approach_person', 'approach_robot', 'authenticate_person', 'navigation', 'operate_drawer'], 'battery_charge': 0.5, 'nurse_pose': [-19.0, 18.0, -1.57], 'robot_pose': [-38.0, 10.0, 0.0]}, None, None, None
0.19, [DEBUG], logger, Simulation open, None, None, None
10.02, [INFO], r1, {'battery-level': '49.55'}, battery_charge, None, None
10.02, [INFO], r1, {'y': 10.0, 'x': -38.0, 'yaw': -3.142}, pose, None, None
10.51, [INFO], r1, started skill, None, navto, None
20.09, [INFO], r1, {'y': 11.469, 'x': -37.169, 'yaw': 3.142}, pose, None, None
20.09, [INFO], r1, {'battery-level': '49.05'}, battery_charge, None, None
30.09, [INFO], r1, {'y': 13.571, 'x': -37.049, 'yaw': -3.142}, pose, None, None
30.09, [INFO], r1, {'battery-level': '48.55'}, battery_charge, None, None
40.08, [INFO], r1, {'y': 15.574, 'x': -36.854, 'yaw': -3.141}, pose, None, None
40.08, [INFO], r1, {'battery-level': '48.05'}, battery_charge, None, None
50.05, [INFO], r1, {'y': 15.467, 'x': -34.846, 'yaw': -3.141}, pose, None, None
50.05, [INFO], r1, {'battery-level': '47.55'}, battery_charge, None, None
60.04, [INFO], r1, {'y': 15.509, 'x': -32.732, 'yaw': 3.141}, pose, None, None
60.04, [INFO], r1, {'battery-level': '47.05'}, battery_charge, None, None
70.03, [INFO], r1, {'y': 15.579, 'x': -30.613, 'yaw': -3.141}, pose, None, None
70.03, [INFO], r1, {'battery-level': '46.55'}, battery_charge, None, None
80.05, [INFO], r1, {'y': 15.76, 'x': -28.499, 'yaw': -3.139}, pose, None, None
80.05, [INFO], r1, {'battery-level': '46.05'}, battery_charge, None, None
90.03, [INFO], r1, {'y': 15.969, 'x': -26.392, 'yaw': 3.141}, pose, None, None
90.03, [INFO], r1, {'battery-level': '45.55'}, battery_charge, None, None
100.01, [INFO], r1, {'y': 16.153, 'x': -24.292, 'yaw': -3.141}, pose, None, None
100.01, [INFO], r1, {'battery-level': '45.05'}, battery_charge, None, None
110.01, [INFO], r1, {'y': 16.181, 'x': -22.176, 'yaw': 3.142}, pose, None, None
110.01, [INFO], r1, {'battery-level': '44.55'}, battery_charge, None, None
120.09, [INFO], r1, {'y': 16.324, 'x': -20.031, 'yaw': 3.14}, pose, None, None
120.09, [INFO], r1, {'battery-level': '44.05'}, battery_charge, None, None
130.07, [INFO], r1, {'y': 17.864, 'x': -19.108, 'yaw': 3.141}, pose, None, None
130.07, [INFO], r1, {'battery-level': '43.55'}, battery_charge, None, None
137.39, [INFO], r1, skill-success, None, navto, None
137.39, [INFO], r1, started skill, None, approach-nurse, None
137.39, [INFO], r1, sent message, None, None, None
137.39, [INFO], r1, skill-success, None, approach-nurse, None
137.39, [INFO], r1, started skill, None, authenticate-nurse, None
137.39, [INFO], r1, sent message, None, None, None
137.39, [INFO], r1, started skill, None, open-drawer, None
137.39, [INFO], r1, sent message, None, None, None
137.39, [INFO], r1, skill-success, None, open-drawer, None
137.39, [INFO], r1, started skill, None, deposit, None
137.39, [INFO], r1, sent message, None, None, None
137.39, [INFO], r1, skill-success, None, deposit, None
137.39, [INFO], r1, started skill, None, close-drawer, None
137.39, [INFO], r1, sent message, None, None, None
137.39, [INFO], r1, skill-success, None, close-drawer, None
137.39, [INFO], r1, started skill, None, navto, None
140.05, [INFO], r1, {'y': 17.491, 'x': -19.239, 'yaw': 3.142}, pose, None, None
140.05, [INFO], r1, {'battery-level': '43.05'}, battery_charge, None, None
150.04, [INFO], r1, {'battery-level': '42.55'}, battery_charge, None, None
150.04, [INFO], r1, {'y': 16.326, 'x': -20.685, 'yaw': -3.142}, pose, None, None
160.00, [INFO], r1, {'y': 16.204, 'x': -22.796, 'yaw': -3.142}, pose, None, None
160.00, [INFO], r1, {'battery-level': '42.05'}, battery_charge, None, None
170.06, [INFO], r1, {'battery-level': '41.55'}, battery_charge, None, None
170.06, [INFO], r1, {'y': 16.09, 'x': -24.916, 'yaw': 3.14}, pose, None, None
180.07, [INFO], r1, {'y': 15.909, 'x': -27.034, 'yaw': 3.141}, pose, None, None
180.07, [INFO], r1, {'battery-level': '41.05'}, battery_charge, None, None
190.07, [INFO], r1, {'y': 15.994, 'x': -29.142, 'yaw': 3.142}, pose, None, None
190.07, [INFO], r1, {'battery-level': '40.55'}, battery_charge, None, None
200.07, [INFO], r1, {'y': 15.928, 'x': -31.257, 'yaw': 3.141}, pose, None, None
200.07, [INFO], r1, {'battery-level': '40.05'}, battery_charge, None, None
210.05, [INFO], r1, {'y': 15.669, 'x': -33.354, 'yaw': 3.141}, pose, None, None
210.05, [INFO], r1, {'battery-level': '39.55'}, battery_charge, None, None
220.05, [INFO], r1, {'y': 15.765, 'x': -35.38, 'yaw': -3.141}, pose, None, None
220.05, [INFO], r1, {'battery-level': '39.05'}, battery_charge, None, None
230.03, [INFO], r1, {'battery-level': '38.55'}, battery_charge, None, None
230.03, [INFO], r1, {'y': 17.687, 'x': -36.067, 'yaw': 3.141}, pose, None, None
240.00, [INFO], r1, {'y': 19.794, 'x': -36.194, 'yaw': 3.141}, pose, None, None
240.00, [INFO], r1, {'battery-level': '38.05'}, battery_charge, None, None
250.09, [INFO], r1, {'y': 21.926, 'x': -36.295, 'yaw': 3.141}, pose, None, None
250.09, [INFO], r1, {'battery-level': '37.55'}, battery_charge, None, None
260.05, [INFO], r1, {'y': 24.032, 'x': -36.314, 'yaw': 3.142}, pose, None, None
260.05, [INFO], r1, {'battery-level': '37.05'}, battery_charge, None, None
270.03, [INFO], r1, {'y': 26.135, 'x': -36.259, 'yaw': -3.142}, pose, None, None
270.03, [INFO], r1, {'battery-level': '36.55'}, battery_charge, None, None
280.02, [INFO], r1, {'y': 28.249, 'x': -36.31, 'yaw': -3.142}, pose, None, None
280.02, [INFO], r1, {'battery-level': '36.05'}, battery_charge, None, None
290.02, [INFO], r1, {'y': 30.349, 'x': -36.384, 'yaw': -3.141}, pose, None, None
290.02, [INFO], r1, {'battery-level': '35.55'}, battery_charge, None, None
300.03, [INFO], r1, {'y': 32.474, 'x': -36.552, 'yaw': -3.142}, pose, None, None
300.03, [INFO], r1, {'battery-level': '35.05'}, battery_charge, None, None
310.07, [INFO], r1, {'battery-level': '34.55'}, battery_charge, None, None
310.07, [INFO], r1, {'y': 34.566, 'x': -36.959, 'yaw': 3.142}, pose, None, None
320.00, [INFO], r1, {'y': 36.084, 'x': -36.996, 'yaw': 3.141}, pose, None, None
320.00, [INFO], r1, {'battery-level': '34.05'}, battery_charge, None, None
325.07, [INFO], r1, skill-success, None, navto, None
325.07, [INFO], r1, started skill, None, approach-arm, None
325.07, [WARN], r1, SKILL-FAILURE, None, approach-arm, None
330.00, [INFO], r1, {'y': 36.088, 'x': -37.001, 'yaw': -3.142}, pose, None, None
330.00, [INFO], r1, {'battery-level': '33.55'}, battery_charge, None, None
