9.40, [INFO], r1, started skill, None, navto, None
10.00, [INFO], r1, {'battery-level': '49.55'}, battery_charge, None, None
10.00, [INFO], r1, {'y': 10.001, 'x': -37.932, 'yaw': 3.141}, pose, None, None
20.03, [INFO], r1, {'y': 11.696, 'x': -37.144, 'yaw': 3.142}, pose, None, None
20.03, [INFO], r1, {'battery-level': '49.05'}, battery_charge, None, None
30.06, [INFO], r1, {'y': 13.814, 'x': -37.017, 'yaw': 3.142}, pose, None, None
30.06, [INFO], r1, {'battery-level': '48.55'}, battery_charge, None, None
40.10, [INFO], r1, {'y': 15.81, 'x': -36.7, 'yaw': 3.142}, pose, None, None
40.10, [INFO], r1, {'battery-level': '48.05'}, battery_charge, None, None
50.03, [INFO], r1, {'y': 15.469, 'x': -34.612, 'yaw': -3.142}, pose, None, None
50.03, [INFO], r1, {'battery-level': '47.55'}, battery_charge, None, None
60.07, [INFO], r1, {'battery-level': '47.05'}, battery_charge, None, None
60.07, [INFO], r1, {'y': 15.585, 'x': -32.492, 'yaw': -3.141}, pose, None, None
70.00, [INFO], r1, {'battery-level': '46.55'}, battery_charge, None, None
70.00, [INFO], r1, {'y': 15.651, 'x': -30.38, 'yaw': -3.141}, pose, None, None
80.04, [INFO], r1, {'y': 15.851, 'x': -28.253, 'yaw': 3.142}, pose, None, None
80.04, [INFO], r1, {'battery-level': '46.05'}, battery_charge, None, None
90.07, [INFO], r1, {'y': 15.993, 'x': -26.121, 'yaw': 3.139}, pose, None, None
90.07, [INFO], r1, {'battery-level': '45.55'}, battery_charge, None, None
100.00, [INFO], r1, {'y': 16.013, 'x': -24.008, 'yaw': 3.141}, pose, None, None
100.00, [INFO], r1, {'battery-level': '45.05'}, battery_charge, None, None
110.04, [INFO], r1, {'y': 16.063, 'x': -21.869, 'yaw': -3.142}, pose, None, None
110.04, [INFO], r1, {'battery-level': '44.55'}, battery_charge, None, None
120.08, [INFO], r1, {'y': 16.451, 'x': -19.768, 'yaw': -3.141}, pose, None, None
120.08, [INFO], r1, {'battery-level': '44.05'}, battery_charge, None, None
130.01, [INFO], r1, {'y': 17.905, 'x': -19.002, 'yaw': 3.141}, pose, None, None
130.01, [INFO], r1, {'battery-level': '43.55'}, battery_charge, None, None
140.04, [INFO], r1, {'y': 17.967, 'x': -18.997, 'yaw': 3.14}, pose, None, None
140.04, [INFO], r1, {'battery-level': '43.05'}, battery_charge, None, None
140.14, [INFO], r1, skill-success, None, navto, None
140.14, [INFO], r1, started skill, None, approach-nurse, None
140.14, [INFO], r1, sent message, None, None, None
140.14, [INFO], r1, skill-success, None, approach-nurse, None
140.14, [INFO], r1, started skill, None, authenticate-nurse, None
140.14, [INFO], r1, sent message, None, None, None
140.14, [INFO], r1, started skill, None, open-drawer, None
140.14, [INFO], r1, sent message, None, None, None
140.14, [INFO], r1, skill-success, None, open-drawer, None
140.14, [INFO], r1, started skill, None, deposit, None
140.14, [INFO], r1, sent message, None, None, None
140.14, [INFO], r1, skill-success, None, deposit, None
140.14, [INFO], r1, started skill, None, close-drawer, None
140.14, [INFO], r1, sent message, None, None, None
140.14, [INFO], r1, skill-success, None, close-drawer, None
140.14, [INFO], r1, started skill, None, navto, None
150.07, [INFO], r1, {'y': 16.325, 'x': -20.059, 'yaw': -3.141}, pose, None, None
150.07, [INFO], r1, {'battery-level': '42.55'}, battery_charge, None, None
160.01, [INFO], r1, {'battery-level': '42.05'}, battery_charge, None, None
160.01, [INFO], r1, {'y': 16.25, 'x': -22.15, 'yaw': 3.141}, pose, None, None
170.04, [INFO], r1, {'y': 16.146, 'x': -24.264, 'yaw': 3.14}, pose, None, None
170.04, [INFO], r1, {'battery-level': '41.55'}, battery_charge, None, None
180.08, [INFO], r1, {'y': 16.07, 'x': -26.388, 'yaw': 3.142}, pose, None, None
180.08, [INFO], r1, {'battery-level': '41.05'}, battery_charge, None, None
190.03, [INFO], r1, {'battery-level': '40.55'}, battery_charge, None, None
190.03, [INFO], r1, {'y': 15.983, 'x': -28.48, 'yaw': -3.142}, pose, None, None
200.06, [INFO], r1, {'y': 15.948, 'x': -30.592, 'yaw': 3.142}, pose, None, None
200.06, [INFO], r1, {'battery-level': '40.05'}, battery_charge, None, None
210.10, [INFO], r1, {'y': 15.783, 'x': -32.71, 'yaw': 3.14}, pose, None, None
210.10, [INFO], r1, {'battery-level': '39.55'}, battery_charge, None, None
220.03, [INFO], r1, {'y': 15.449, 'x': -34.808, 'yaw': 3.141}, pose, None, None
220.03, [INFO], r1, {'battery-level': '39.05'}, battery_charge, None, None
230.07, [INFO], r1, {'y': 17.019, 'x': -36.125, 'yaw': -3.142}, pose, None, None
230.07, [INFO], r1, {'battery-level': '38.55'}, battery_charge, None, None
240.01, [INFO], r1, {'y': 19.115, 'x': -36.2, 'yaw': -3.142}, pose, None, None
240.01, [INFO], r1, {'battery-level': '38.05'}, battery_charge, None, None
250.04, [INFO], r1, {'battery-level': '37.55'}, battery_charge, None, None
250.04, [INFO], r1, {'y': 21.241, 'x': -36.302, 'yaw': 3.142}, pose, None, None
260.07, [INFO], r1, {'y': 23.356, 'x': -36.348, 'yaw': 3.14}, pose, None, None
260.07, [INFO], r1, {'battery-level': '37.05'}, battery_charge, None, None
270.01, [INFO], r1, {'battery-level': '36.55'}, battery_charge, None, None
270.01, [INFO], r1, {'y': 25.45, 'x': -36.271, 'yaw': 3.14}, pose, None, None
280.05, [INFO], r1, {'battery-level': '36.05'}, battery_charge, None, None
280.05, [INFO], r1, {'y': 27.568, 'x': -36.319, 'yaw': 3.141}, pose, None, None
290.08, [INFO], r1, {'battery-level': '35.55'}, battery_charge, None, None
290.08, [INFO], r1, {'y': 29.694, 'x': -36.364, 'yaw': -3.142}, pose, None, None
300.02, [INFO], r1, {'y': 31.799, 'x': -36.571, 'yaw': 3.141}, pose, None, None
300.02, [INFO], r1, {'battery-level': '35.05'}, battery_charge, None, None
310.05, [INFO], r1, {'y': 33.912, 'x': -36.863, 'yaw': 3.141}, pose, None, None
310.05, [INFO], r1, {'battery-level': '34.55'}, battery_charge, None, None
320.09, [INFO], r1, {'y': 35.967, 'x': -36.961, 'yaw': 3.142}, pose, None, None
320.09, [INFO], r1, {'battery-level': '34.05'}, battery_charge, None, None
327.02, [INFO], r1, skill-success, None, navto, None
327.02, [INFO], r1, started skill, None, approach-arm, None
327.02, [INFO], r1, started skill, None, open-drawer, None
327.02, [INFO], r1, sent message, None, None, None
327.02, [INFO], r1, skill-success, None, open-drawer, None
327.02, [INFO], r1, started skill, None, pick-up-sample, None
327.02, [INFO], r1, sent message, None, None, None
327.02, [INFO], r1, skill-success, None, pick-up-sample, None
327.02, [INFO], r1, started skill, None, close-drawer, None
327.02, [INFO], r1, sent message, None, None, None
327.02, [INFO], r1, skill-success, None, close-drawer, None
327.02, [WARN], r1, SUCCESS, None, None, None
330.03, [INFO], r1, {'y': 36.139, 'x': -36.987, 'yaw': -3.142}, pose, None, None
330.03, [INFO], r1, {'battery-level': '33.55'}, battery_charge, None, None
