0.19, [DEBUG], logger, ROBOTS_CONFIG={'capabilities': ['approach_person', 'approach_robot', 'authenticate_person', 'navigation', 'operate_drawer'], 'battery_charge': 0.5, 'nurse_pose': [-11.5, 18.0, -1.57], 'robot_pose': [-38.0, 10.0, 0.0]}, None, None, None
0.19, [DEBUG], logger, Simulation open, None, None, None
10.05, [INFO], r1, {'y': 10.0, 'x': -38.0, 'yaw': -3.142}, pose, None, None
10.05, [INFO], r1, {'battery-level': '49.55'}, battery_charge, None, None
10.54, [INFO], r1, started skill, None, navto, None
20.01, [INFO], r1, {'battery-level': '49.05'}, battery_charge, None, None
20.01, [INFO], r1, {'y': 11.453, 'x': -37.169, 'yaw': 3.142}, pose, None, None
30.01, [INFO], r1, {'y': 13.559, 'x': -37.07, 'yaw': 3.142}, pose, None, None
30.01, [INFO], r1, {'battery-level': '48.55'}, battery_charge, None, None
40.04, [INFO], r1, {'battery-level': '48.05'}, battery_charge, None, None
40.04, [INFO], r1, {'y': 15.564, 'x': -36.896, 'yaw': -3.141}, pose, None, None
50.05, [INFO], r1, {'battery-level': '47.55'}, battery_charge, None, None
50.05, [INFO], r1, {'y': 15.533, 'x': -34.877, 'yaw': 3.142}, pose, None, None
60.04, [INFO], r1, {'y': 15.528, 'x': -32.759, 'yaw': 3.141}, pose, None, None
60.04, [INFO], r1, {'battery-level': '47.05'}, battery_charge, None, None
70.05, [INFO], r1, {'battery-level': '46.55'}, battery_charge, None, None
70.05, [INFO], r1, {'y': 15.549, 'x': -30.637, 'yaw': 3.142}, pose, None, None
80.07, [INFO], r1, {'battery-level': '46.05'}, battery_charge, None, None
80.07, [INFO], r1, {'y': 15.722, 'x': -28.516, 'yaw': -3.14}, pose, None, None
90.08, [INFO], r1, {'battery-level': '45.55'}, battery_charge, None, None
90.08, [INFO], r1, {'y': 16.011, 'x': -26.403, 'yaw': 3.141}, pose, None, None
100.05, [INFO], r1, {'y': 15.974, 'x': -24.292, 'yaw': 3.142}, pose, None, None
100.05, [INFO], r1, {'battery-level': '45.05'}, battery_charge, None, None
110.02, [INFO], r1, {'battery-level': '44.55'}, battery_charge, None, None
110.02, [INFO], r1, {'y': 16.003, 'x': -22.193, 'yaw': 3.142}, pose, None, None
120.03, [INFO], r1, {'y': 16.235, 'x': -20.087, 'yaw': 3.142}, pose, None, None
120.03, [INFO], r1, {'battery-level': '44.05'}, battery_charge, None, None
130.01, [INFO], r1, {'battery-level': '43.55'}, battery_charge, None, None
130.01, [INFO], r1, {'y': 16.147, 'x': -17.98, 'yaw': 3.142}, pose, None, None
140.04, [INFO], r1, {'y': 16.019, 'x': -15.876, 'yaw': 3.141}, pose, None, None
140.04, [INFO], r1, {'battery-level': '43.05'}, battery_charge, None, None
150.06, [INFO], r1, {'y': 16.062, 'x': -13.761, 'yaw': 3.142}, pose, None, None
150.06, [INFO], r1, {'battery-level': '42.55'}, battery_charge, None, None
160.06, [INFO], r1, {'y': 17.068, 'x': -11.967, 'yaw': 3.141}, pose, None, None
160.06, [INFO], r1, {'battery-level': '42.05'}, battery_charge, None, None
170.06, [INFO], r1, {'y': 17.979, 'x': -11.534, 'yaw': 3.139}, pose, None, None
170.06, [INFO], r1, {'battery-level': '41.55'}, battery_charge, None, None
173.33, [INFO], r1, skill-success, None, navto, None
173.33, [INFO], r1, started skill, None, approach-nurse, None
173.33, [INFO], r1, sent message, None, None, None
173.33, [INFO], r1, skill-success, None, approach-nurse, None
173.33, [INFO], r1, started skill, None, authenticate-nurse, None
173.33, [INFO], r1, started skill, None, open-drawer, None
173.33, [INFO], r1, sent message, None, None, None
173.33, [INFO], r1, skill-success, None, open-drawer, None
173.33, [INFO], r1, started skill, None, deposit, None
173.33, [INFO], r1, sent message, None, None, None
173.33, [INFO], r1, skill-success, None, deposit, None
173.33, [INFO], r1, started skill, None, close-drawer, None
173.33, [INFO], r1, sent message, None, None, None
173.33, [INFO], r1, skill-success, None, close-drawer, None
173.33, [INFO], r1, started skill, None, navto, None
180.07, [INFO], r1, {'y': 16.748, 'x': -12.093, 'yaw': 3.142}, pose, None, None
180.07, [INFO], r1, {'battery-level': '41.05'}, battery_charge, None, None
190.05, [INFO], r1, {'y': 16.275, 'x': -14.083, 'yaw': 3.142}, pose, None, None
190.05, [INFO], r1, {'battery-level': '40.55'}, battery_charge, None, None
200.04, [INFO], r1, {'battery-level': '40.05'}, battery_charge, None, None
200.04, [INFO], r1, {'y': 16.187, 'x': -16.202, 'yaw': 3.14}, pose, None, None
210.05, [INFO], r1, {'y': 16.202, 'x': -18.333, 'yaw': 3.137}, pose, None, None
210.05, [INFO], r1, {'battery-level': '39.55'}, battery_charge, None, None
220.02, [INFO], r1, {'battery-level': '39.05'}, battery_charge, None, None
220.02, [INFO], r1, {'y': 16.337, 'x': -20.448, 'yaw': 3.142}, pose, None, None
230.03, [INFO], r1, {'y': 16.295, 'x': -22.568, 'yaw': 3.14}, pose, None, None
230.03, [INFO], r1, {'battery-level': '38.55'}, battery_charge, None, None
240.02, [INFO], r1, {'y': 16.141, 'x': -24.673, 'yaw': 3.141}, pose, None, None
240.02, [INFO], r1, {'battery-level': '38.05'}, battery_charge, None, None
250.05, [INFO], r1, {'y': 15.997, 'x': -26.798, 'yaw': -3.142}, pose, None, None
250.05, [INFO], r1, {'battery-level': '37.55'}, battery_charge, None, None
260.06, [INFO], r1, {'y': 15.958, 'x': -28.893, 'yaw': 3.141}, pose, None, None
260.06, [INFO], r1, {'battery-level': '37.05'}, battery_charge, None, None
270.05, [INFO], r1, {'battery-level': '36.55'}, battery_charge, None, None
270.05, [INFO], r1, {'y': 15.867, 'x': -31.016, 'yaw': 3.141}, pose, None, None
280.03, [INFO], r1, {'y': 15.68, 'x': -33.135, 'yaw': 3.141}, pose, None, None
280.03, [INFO], r1, {'battery-level': '36.05'}, battery_charge, None, None
290.02, [INFO], r1, {'battery-level': '35.55'}, battery_charge, None, None
290.02, [INFO], r1, {'y': 15.685, 'x': -35.212, 'yaw': 3.142}, pose, None, None
300.01, [INFO], r1, {'y': 17.519, 'x': -36.095, 'yaw': 3.142}, pose, None, None
300.01, [INFO], r1, {'battery-level': '35.05'}, battery_charge, None, None
310.02, [INFO], r1, {'battery-level': '34.55'}, battery_charge, None, None
310.02, [INFO], r1, {'y': 19.645, 'x': -36.206, 'yaw': -3.14}, pose, None, None
320.00, [INFO], r1, {'y': 21.761, 'x': -36.257, 'yaw': 3.141}, pose, None, None
320.00, [INFO], r1, {'battery-level': '34.05'}, battery_charge, None, None
330.01, [INFO], r1, {'y': 23.891, 'x': -36.304, 'yaw': 3.141}, pose, None, None
330.01, [INFO], r1, {'battery-level': '33.55'}, battery_charge, None, None
340.01, [INFO], r1, {'y': 26.017, 'x': -36.322, 'yaw': -3.142}, pose, None, None
340.01, [INFO], r1, {'battery-level': '33.05'}, battery_charge, None, None
350.02, [INFO], r1, {'y': 28.13, 'x': -36.302, 'yaw': 3.141}, pose, None, None
350.02, [INFO], r1, {'battery-level': '32.55'}, battery_charge, None, None
360.05, [INFO], r1, {'y': 30.267, 'x': -36.389, 'yaw': 3.142}, pose, None, None
360.05, [INFO], r1, {'battery-level': '32.05'}, battery_charge, None, None
370.09, [INFO], r1, {'battery-level': '31.55'}, battery_charge, None, None
370.09, [INFO], r1, {'y': 32.409, 'x': -36.578, 'yaw': -3.142}, pose, None, None
380.02, [INFO], r1, {'y': 34.5, 'x': -36.916, 'yaw': 3.139}, pose, None, None
380.02, [INFO], r1, {'battery-level': '31.05'}, battery_charge, None, None
390.05, [INFO], r1, {'y': 36.068, 'x': -36.949, 'yaw': -3.141}, pose, None, None
390.05, [INFO], r1, {'battery-level': '30.55'}, battery_charge, None, None
400.08, [INFO], r1, {'battery-level': '30.05'}, battery_charge, None, None
400.08, [INFO], r1, {'y': 36.118, 'x': -37.03, 'yaw': 3.142}, pose, None, None
404.64, [INFO], r1, skill-success, None, navto, None
404.64, [INFO], r1, started skill, None, approach-arm, None
404.64, [INFO], r1, sent message, None, None, None
404.64, [INFO], r1, skill-success, None, approach-arm, None
404.64, [INFO], r1, started skill, None, open-drawer, None
404.64, [WARN], r1, SKILL-FAILURE, None, open-drawer, None
410.06, [INFO], r1, {'battery-level': '29.55'}, battery_charge, None, None
410.06, [INFO], r1, {'y': 36.104, 'x': -37.014, 'yaw': -3.142}, pose, None, None
