8.96, [INFO], r1, started skill, None, navto, None
10.02, [INFO], r1, {'battery-level': '49.55'}, battery_charge, None, None
10.02, [INFO], r1, {'y': 10.009, 'x': -37.836, 'yaw': -3.141}, pose, None, None
20.06, [INFO], r1, {'y': 11.785, 'x': -37.17, 'yaw': 3.142}, pose, None, None
20.06, [INFO], r1, {'battery-level': '49.05'}, battery_charge, None, None
30.08, [INFO], r1, {'y': 13.896, 'x': -37.109, 'yaw': -3.142}, pose, None, None
30.08, [INFO], r1, {'battery-level': '48.55'}, battery_charge, None, None
40.02, [INFO], r1, {'y': 15.837, 'x': -36.715, 'yaw': -3.142}, pose, None, None
40.02, [INFO], r1, {'battery-level': '48.05'}, battery_charge, None, None
50.01, [INFO], r1, {'y': 15.417, 'x': -34.62, 'yaw': -3.142}, pose, None, None
50.01, [INFO], r1, {'battery-level': '47.55'}, battery_charge, None, None
60.08, [INFO], r1, {'y': 15.507, 'x': -32.486, 'yaw': 3.142}, pose, None, None
60.08, [INFO], r1, {'battery-level': '47.05'}, battery_charge, None, None
70.06, [INFO], r1, {'y': 15.581, 'x': -30.373, 'yaw': 3.141}, pose, None, None
70.06, [INFO], r1, {'battery-level': '46.55'}, battery_charge, None, None
80.04, [INFO], r1, {'y': 15.77, 'x': -28.261, 'yaw': 3.142}, pose, None, None
80.04, [INFO], r1, {'battery-level': '46.05'}, battery_charge, None, None
90.08, [INFO], r1, {'battery-level': '45.55'}, battery_charge, None, None
90.08, [INFO], r1, {'y': 16.174, 'x': -26.168, 'yaw': 3.138}, pose, None, None
100.03, [INFO], r1, {'battery-level': '45.05'}, battery_charge, None, None
100.03, [INFO], r1, {'y': 16.161, 'x': -24.043, 'yaw': -3.141}, pose, None, None
110.01, [INFO], r1, {'battery-level': '44.55'}, battery_charge, None, None
110.01, [INFO], r1, {'y': 16.218, 'x': -21.935, 'yaw': 3.141}, pose, None, None
120.08, [INFO], r1, {'y': 16.314, 'x': -19.787, 'yaw': 3.141}, pose, None, None
120.08, [INFO], r1, {'battery-level': '44.05'}, battery_charge, None, None
130.05, [INFO], r1, {'y': 16.217, 'x': -17.681, 'yaw': 3.142}, pose, None, None
130.05, [INFO], r1, {'battery-level': '43.55'}, battery_charge, None, None
140.05, [INFO], r1, {'y': 16.115, 'x': -15.566, 'yaw': 3.14}, pose, None, None
140.05, [INFO], r1, {'battery-level': '43.05'}, battery_charge, None, None
150.00, [INFO], r1, {'y': 16.228, 'x': -13.454, 'yaw': -3.141}, pose, None, None
150.00, [INFO], r1, {'battery-level': '42.55'}, battery_charge, None, None
160.07, [INFO], r1, {'y': 17.385, 'x': -11.812, 'yaw': 3.142}, pose, None, None
160.07, [INFO], r1, {'battery-level': '42.05'}, battery_charge, None, None
170.00, [INFO], r1, {'y': 17.988, 'x': -11.543, 'yaw': 3.142}, pose, None, None
170.00, [INFO], r1, {'battery-level': '41.55'}, battery_charge, None, None
170.57, [INFO], r1, skill-success, None, navto, None
170.57, [INFO], r1, started skill, None, approach-nurse, None
170.57, [INFO], r1, sent message, None, None, None
170.57, [INFO], r1, skill-success, None, approach-nurse, None
170.57, [INFO], r1, skill-success, None, authenticate-nurse, None
170.57, [INFO], r1, started skill, None, open-drawer, None
170.57, [INFO], r1, sent message, None, None, None
170.57, [INFO], r1, skill-success, None, open-drawer, None
170.67, [INFO], r1, started skill, None, deposit, None
170.67, [INFO], r1, sent message, None, None, None
170.67, [INFO], r1, skill-success, None, deposit, None
170.67, [INFO], r1, started skill, None, close-drawer, None
170.67, [INFO], r1, sent message, None, None, None
170.67, [INFO], r1, skill-success, None, close-drawer, None
170.67, [INFO], r1, started skill, None, navto, None
180.08, [INFO], r1, {'y': 16.402, 'x': -12.541, 'yaw': 3.142}, pose, None, None
180.08, [INFO], r1, {'battery-level': '41.05'}, battery_charge, None, None
190.06, [INFO], r1, {'y': 16.235, 'x': -14.655, 'yaw': 3.142}, pose, None, None
190.06, [INFO], r1, {'battery-level': '40.55'}, battery_charge, None, None
200.08, [INFO], r1, {'battery-level': '40.05'}, battery_charge, None, None
200.08, [INFO], r1, {'y': 16.19, 'x': -16.773, 'yaw': 3.141}, pose, None, None
210.04, [INFO], r1, {'battery-level': '39.55'}, battery_charge, None, None
210.04, [INFO], r1, {'y': 16.214, 'x': -18.895, 'yaw': -3.139}, pose, None, None
220.01, [INFO], r1, {'y': 16.338, 'x': -21.0, 'yaw': -3.142}, pose, None, None
220.01, [INFO], r1, {'battery-level': '39.05'}, battery_charge, None, None
230.08, [INFO], r1, {'y': 16.203, 'x': -23.134, 'yaw': -3.142}, pose, None, None
230.08, [INFO], r1, {'battery-level': '38.55'}, battery_charge, None, None
240.05, [INFO], r1, {'y': 16.049, 'x': -25.238, 'yaw': 3.14}, pose, None, None
240.05, [INFO], r1, {'battery-level': '38.05'}, battery_charge, None, None
250.02, [INFO], r1, {'y': 15.879, 'x': -27.342, 'yaw': 3.141}, pose, None, None
250.02, [INFO], r1, {'battery-level': '37.55'}, battery_charge, None, None
260.09, [INFO], r1, {'battery-level': '37.05'}, battery_charge, None, None
260.09, [INFO], r1, {'y': 15.982, 'x': -29.465, 'yaw': 3.142}, pose, None, None
270.04, [INFO], r1, {'y': 15.896, 'x': -31.571, 'yaw': 3.141}, pose, None, None
270.04, [INFO], r1, {'battery-level': '36.55'}, battery_charge, None, None
280.01, [INFO], r1, {'y': 15.613, 'x': -33.684, 'yaw': 3.141}, pose, None, None
280.01, [INFO], r1, {'battery-level': '36.05'}, battery_charge, None, None
290.09, [INFO], r1, {'y': 16.07, 'x': -35.623, 'yaw': 3.142}, pose, None, None
290.09, [INFO], r1, {'battery-level': '35.55'}, battery_charge, None, None
300.03, [INFO], r1, {'battery-level': '35.05'}, battery_charge, None, None
300.03, [INFO], r1, {'y': 18.051, 'x': -36.07, 'yaw': 3.141}, pose, None, None
310.06, [INFO], r1, {'battery-level': '34.55'}, battery_charge, None, None
310.06, [INFO], r1, {'y': 20.172, 'x': -36.204, 'yaw': -3.142}, pose, None, None
320.01, [INFO], r1, {'y': 22.287, 'x': -36.293, 'yaw': 3.14}, pose, None, None
320.01, [INFO], r1, {'battery-level': '34.05'}, battery_charge, None, None
330.06, [INFO], r1, {'y': 24.408, 'x': -36.296, 'yaw': 3.141}, pose, None, None
330.06, [INFO], r1, {'battery-level': '33.55'}, battery_charge, None, None
340.08, [INFO], r1, {'y': 26.538, 'x': -36.262, 'yaw': 3.141}, pose, None, None
340.08, [INFO], r1, {'battery-level': '33.05'}, battery_charge, None, None
350.04, [INFO], r1, {'y': 28.642, 'x': -36.352, 'yaw': -3.142}, pose, None, None
350.04, [INFO], r1, {'battery-level': '32.55'}, battery_charge, None, None
360.04, [INFO], r1, {'y': 30.762, 'x': -36.443, 'yaw': 3.141}, pose, None, None
360.04, [INFO], r1, {'battery-level': '32.05'}, battery_charge, None, None
370.01, [INFO], r1, {'y': 32.87, 'x': -36.643, 'yaw': 3.141}, pose, None, None
370.01, [INFO], r1, {'battery-level': '31.55'}, battery_charge, None, None
380.00, [INFO], r1, {'battery-level': '31.05'}, battery_charge, None, None
380.00, [INFO], r1, {'y': 34.979, 'x': -36.895, 'yaw': 3.142}, pose, None, None
390.08, [INFO], r1, {'y': 36.142, 'x': -36.996, 'yaw': -3.141}, pose, None, None
390.08, [INFO], r1, {'battery-level': '30.55'}, battery_charge, None, None
393.73, [INFO], r1, skill-success, None, navto, None
393.82, [INFO], r1, started skill, None, approach-arm, None
393.82, [INFO], r1, sent message, None, None, None
393.82, [INFO], r1, started skill, None, open-drawer, None
393.82, [INFO], r1, sent message, None, None, None
393.82, [INFO], r1, skill-success, None, open-drawer, None
393.82, [INFO], r1, started skill, None, pick-up-sample, None
393.82, [INFO], r1, sent message, None, None, None
393.82, [INFO], r1, skill-success, None, pick-up-sample, None
393.82, [INFO], r1, started skill, None, close-drawer, None
393.82, [INFO], r1, sent message, None, None, None
393.82, [INFO], r1, skill-success, None, close-drawer, None
393.82, [WARN], r1, SUCCESS, None, None, None
400.01, [INFO], r1, {'y': 36.137, 'x': -36.999, 'yaw': -3.142}, pose, None, None
400.01, [INFO], r1, {'battery-level': '30.05'}, battery_charge, None, None
