9.08, [INFO], r1, started skill, None, navto, None
10.04, [INFO], r1, {'battery-level': '49.55'}, battery_charge, None, None
10.04, [INFO], r1, {'y': 10.007, 'x': -37.851, 'yaw': -3.141}, pose, None, None
20.02, [INFO], r1, {'y': 11.787, 'x': -37.161, 'yaw': 3.142}, pose, None, None
20.02, [INFO], r1, {'battery-level': '49.05'}, battery_charge, None, None
30.03, [INFO], r1, {'y': 13.908, 'x': -37.02, 'yaw': 3.142}, pose, None, None
30.03, [INFO], r1, {'battery-level': '48.55'}, battery_charge, None, None
40.02, [INFO], r1, {'y': 15.856, 'x': -36.591, 'yaw': 3.142}, pose, None, None
40.02, [INFO], r1, {'battery-level': '48.05'}, battery_charge, None, None
50.04, [INFO], r1, {'battery-level': '47.55'}, battery_charge, None, None
50.04, [INFO], r1, {'y': 15.464, 'x': -34.482, 'yaw': -3.141}, pose, None, None
60.03, [INFO], r1, {'y': 15.525, 'x': -32.366, 'yaw': -3.142}, pose, None, None
60.03, [INFO], r1, {'battery-level': '47.05'}, battery_charge, None, None
70.02, [INFO], r1, {'y': 15.574, 'x': -30.254, 'yaw': -3.142}, pose, None, None
70.02, [INFO], r1, {'battery-level': '46.55'}, battery_charge, None, None
80.00, [INFO], r1, {'battery-level': '46.05'}, battery_charge, None, None
80.00, [INFO], r1, {'y': 15.808, 'x': -28.139, 'yaw': 3.142}, pose, None, None
90.01, [INFO], r1, {'y': 16.062, 'x': -26.027, 'yaw': 3.141}, pose, None, None
90.01, [INFO], r1, {'battery-level': '45.55'}, battery_charge, None, None
100.02, [INFO], r1, {'battery-level': '45.05'}, battery_charge, None, None
100.02, [INFO], r1, {'y': 16.029, 'x': -23.922, 'yaw': 3.14}, pose, None, None
110.00, [INFO], r1, {'y': 16.073, 'x': -21.821, 'yaw': -3.142}, pose, None, None
110.00, [INFO], r1, {'battery-level': '44.55'}, battery_charge, None, None
120.01, [INFO], r1, {'battery-level': '44.05'}, battery_charge, None, None
120.01, [INFO], r1, {'y': 16.181, 'x': -19.708, 'yaw': 3.141}, pose, None, None
130.02, [INFO], r1, {'y': 16.087, 'x': -17.586, 'yaw': 3.142}, pose, None, None
130.02, [INFO], r1, {'battery-level': '43.55'}, battery_charge, None, None
140.02, [INFO], r1, {'battery-level': '43.05'}, battery_charge, None, None
140.02, [INFO], r1, {'y': 16.053, 'x': -15.479, 'yaw': 3.141}, pose, None, None
150.02, [INFO], r1, {'y': 16.164, 'x': -13.367, 'yaw': 3.142}, pose, None, None
150.02, [INFO], r1, {'battery-level': '42.55'}, battery_charge, None, None
160.09, [INFO], r1, {'y': 17.419, 'x': -11.827, 'yaw': 3.142}, pose, None, None
160.09, [INFO], r1, {'battery-level': '42.05'}, battery_charge, None, None
170.07, [INFO], r1, {'y': 17.994, 'x': -11.549, 'yaw': 3.14}, pose, None, None
170.07, [INFO], r1, {'battery-level': '41.55'}, battery_charge, None, None
173.43, [INFO], r1, skill-success, None, navto, None
173.43, [INFO], r1, started skill, None, approach-nurse, None
173.43, [INFO], r1, sent message, None, None, None
173.43, [INFO], r1, skill-success, None, approach-nurse, None
173.43, [INFO], r1, started skill, None, authenticate-nurse, None
173.43, [INFO], r1, started skill, None, open-drawer, None
173.43, [INFO], r1, sent message, None, None, None
173.43, [INFO], r1, skill-success, None, open-drawer, None
173.43, [INFO], r1, started skill, None, deposit, None
173.43, [INFO], r1, sent message, None, None, None
173.43, [INFO], r1, skill-success, None, deposit, None
173.43, [INFO], r1, started skill, None, close-drawer, None
173.43, [INFO], r1, sent message, None, None, None
173.43, [INFO], r1, skill-success, None, close-drawer, None
173.43, [INFO], r1, started skill, None, navto, None
180.07, [INFO], r1, {'battery-level': '41.05'}, battery_charge, None, None
180.07, [INFO], r1, {'y': 16.789, 'x': -12.117, 'yaw': -3.142}, pose, None, None
190.03, [INFO], r1, {'battery-level': '40.55'}, battery_charge, None, None
190.03, [INFO], r1, {'y': 16.315, 'x': -14.101, 'yaw': 3.142}, pose, None, None
200.02, [INFO], r1, {'y': 16.187, 'x': -16.213, 'yaw': 3.141}, pose, None, None
200.02, [INFO], r1, {'battery-level': '40.05'}, battery_charge, None, None
210.07, [INFO], r1, {'battery-level': '39.55'}, battery_charge, None, None
210.07, [INFO], r1, {'y': 16.199, 'x': -18.335, 'yaw': 3.137}, pose, None, None
220.08, [INFO], r1, {'y': 16.328, 'x': -20.45, 'yaw': 3.142}, pose, None, None
220.08, [INFO], r1, {'battery-level': '39.05'}, battery_charge, None, None
230.05, [INFO], r1, {'y': 16.258, 'x': -22.546, 'yaw': -3.142}, pose, None, None
230.05, [INFO], r1, {'battery-level': '38.55'}, battery_charge, None, None
240.01, [INFO], r1, {'y': 16.138, 'x': -24.641, 'yaw': 3.141}, pose, None, None
240.01, [INFO], r1, {'battery-level': '38.05'}, battery_charge, None, None
250.02, [INFO], r1, {'y': 15.972, 'x': -26.756, 'yaw': 3.141}, pose, None, None
250.02, [INFO], r1, {'battery-level': '37.55'}, battery_charge, None, None
260.01, [INFO], r1, {'y': 15.903, 'x': -28.856, 'yaw': 3.141}, pose, None, None
260.01, [INFO], r1, {'battery-level': '37.05'}, battery_charge, None, None
270.03, [INFO], r1, {'battery-level': '36.55'}, battery_charge, None, None
270.03, [INFO], r1, {'y': 15.876, 'x': -30.98, 'yaw': -3.142}, pose, None, None
280.04, [INFO], r1, {'battery-level': '36.05'}, battery_charge, None, None
280.04, [INFO], r1, {'y': 15.693, 'x': -33.104, 'yaw': 3.142}, pose, None, None
290.03, [INFO], r1, {'y': 15.606, 'x': -35.167, 'yaw': -3.142}, pose, None, None
290.03, [INFO], r1, {'battery-level': '35.55'}, battery_charge, None, None
300.04, [INFO], r1, {'y': 17.428, 'x': -36.114, 'yaw': 3.141}, pose, None, None
300.04, [INFO], r1, {'battery-level': '35.05'}, battery_charge, None, None
310.03, [INFO], r1, {'battery-level': '34.55'}, battery_charge, None, None
310.03, [INFO], r1, {'y': 19.535, 'x': -36.182, 'yaw': -3.142}, pose, None, None
320.04, [INFO], r1, {'y': 21.658, 'x': -36.287, 'yaw': 3.14}, pose, None, None
320.04, [INFO], r1, {'battery-level': '34.05'}, battery_charge, None, None
330.01, [INFO], r1, {'battery-level': '33.55'}, battery_charge, None, None
330.01, [INFO], r1, {'y': 23.775, 'x': -36.331, 'yaw': 3.141}, pose, None, None
340.08, [INFO], r1, {'battery-level': '33.05'}, battery_charge, None, None
340.08, [INFO], r1, {'y': 25.911, 'x': -36.332, 'yaw': 3.14}, pose, None, None
350.06, [INFO], r1, {'y': 28.033, 'x': -36.356, 'yaw': 3.14}, pose, None, None
350.06, [INFO], r1, {'battery-level': '32.55'}, battery_charge, None, None
360.01, [INFO], r1, {'y': 30.15, 'x': -36.43, 'yaw': 3.141}, pose, None, None
360.01, [INFO], r1, {'battery-level': '32.05'}, battery_charge, None, None
370.08, [INFO], r1, {'battery-level': '31.55'}, battery_charge, None, None
370.08, [INFO], r1, {'y': 32.284, 'x': -36.566, 'yaw': 3.141}, pose, None, None
380.06, [INFO], r1, {'y': 34.386, 'x': -36.871, 'yaw': -3.142}, pose, None, None
380.06, [INFO], r1, {'battery-level': '31.05'}, battery_charge, None, None
390.04, [INFO], r1, {'battery-level': '30.55'}, battery_charge, None, None
390.04, [INFO], r1, {'y': 36.102, 'x': -36.988, 'yaw': 3.141}, pose, None, None
395.28, [INFO], r1, skill-success, None, navto, None
395.28, [INFO], r1, started skill, None, approach-arm, None
395.28, [INFO], r1, sent message, None, None, None
395.28, [INFO], r1, started skill, None, open-drawer, None
395.28, [INFO], r1, sent message, None, None, None
395.28, [INFO], r1, skill-success, None, open-drawer, None
395.28, [INFO], r1, started skill, None, pick-up-sample, None
395.28, [INFO], r1, sent message, None, None, None
395.28, [INFO], r1, skill-success, None, pick-up-sample, None
395.28, [INFO], r1, started skill, None, close-drawer, None
395.28, [INFO], r1, sent message, None, None, None
395.28, [INFO], r1, skill-success, None, close-drawer, None
395.28, [WARN], r1, SUCCESS, None, None, None
