9.33, [INFO], r1, started skill, None, navto, None
10.01, [INFO], r1, {'y': 10.001, 'x': -37.925, 'yaw': 3.141}, pose, None, None
10.01, [INFO], r1, {'battery-level': '49.60'}, battery_charge, None, None
20.02, [INFO], r1, {'y': 11.701, 'x': -37.145, 'yaw': 3.142}, pose, None, None
20.02, [INFO], r1, {'battery-level': '49.10'}, battery_charge, None, None
30.04, [INFO], r1, {'y': 13.815, 'x': -37.059, 'yaw': -3.142}, pose, None, None
30.04, [INFO], r1, {'battery-level': '48.60'}, battery_charge, None, None
40.08, [INFO], r1, {'battery-level': '48.10'}, battery_charge, None, None
40.08, [INFO], r1, {'y': 15.811, 'x': -36.669, 'yaw': -3.142}, pose, None, None
50.07, [INFO], r1, {'y': 15.476, 'x': -34.559, 'yaw': -3.142}, pose, None, None
50.07, [INFO], r1, {'battery-level': '47.60'}, battery_charge, None, None
60.05, [INFO], r1, {'y': 15.55, 'x': -32.456, 'yaw': -3.142}, pose, None, None
60.05, [INFO], r1, {'battery-level': '47.10'}, battery_charge, None, None
70.03, [INFO], r1, {'y': 15.642, 'x': -30.357, 'yaw': 3.141}, pose, None, None
70.03, [INFO], r1, {'battery-level': '46.60'}, battery_charge, None, None
80.09, [INFO], r1, {'y': 15.812, 'x': -28.233, 'yaw': 3.142}, pose, None, None
80.09, [INFO], r1, {'battery-level': '46.10'}, battery_charge, None, None
90.07, [INFO], r1, {'y': 15.996, 'x': -26.128, 'yaw': 3.138}, pose, None, None
90.07, [INFO], r1, {'battery-level': '45.60'}, battery_charge, None, None
100.08, [INFO], r1, {'battery-level': '45.10'}, battery_charge, None, None
100.08, [INFO], r1, {'y': 16.013, 'x': -24.016, 'yaw': 3.141}, pose, None, None
110.08, [INFO], r1, {'battery-level': '44.60'}, battery_charge, None, None
110.08, [INFO], r1, {'y': 16.049, 'x': -21.896, 'yaw': 3.142}, pose, None, None
120.09, [INFO], r1, {'battery-level': '44.10'}, battery_charge, None, None
120.09, [INFO], r1, {'y': 16.201, 'x': -19.786, 'yaw': 3.137}, pose, None, None
130.07, [INFO], r1, {'y': 16.103, 'x': -17.671, 'yaw': -3.142}, pose, None, None
130.07, [INFO], r1, {'battery-level': '43.60'}, battery_charge, None, None
140.09, [INFO], r1, {'y': 16.012, 'x': -15.558, 'yaw': -3.141}, pose, None, None
140.09, [INFO], r1, {'battery-level': '43.10'}, battery_charge, None, None
150.01, [INFO], r1, {'y': 16.178, 'x': -13.456, 'yaw': -3.138}, pose, None, None
150.01, [INFO], r1, {'battery-level': '42.60'}, battery_charge, None, None
160.00, [INFO], r1, {'battery-level': '42.10'}, battery_charge, None, None
160.00, [INFO], r1, {'y': 17.36, 'x': -11.787, 'yaw': -3.142}, pose, None, None
170.05, [INFO], r1, {'y': 17.945, 'x': -11.529, 'yaw': -3.142}, pose, None, None
170.05, [INFO], r1, {'battery-level': '41.60'}, battery_charge, None, None
179.18, [INFO], r1, skill-success, None, navto, None
179.27, [INFO], r1, started skill, None, approach-nurse, None
179.27, [INFO], r1, sent message, None, None, None
179.27, [INFO], r1, skill-success, None, approach-nurse, None
179.27, [INFO], r1, started skill, None, authenticate-nurse, None
179.27, [INFO], r1, sent message, None, None, None
179.27, [INFO], r1, skill-success, None, authenticate-nurse, None
179.27, [INFO], r1, started skill, None, open-drawer, None
179.27, [INFO], r1, sent message, None, None, None
179.27, [INFO], r1, skill-success, None, open-drawer, None
179.27, [INFO], r1, started skill, None, deposit, None
179.27, [WARN], r1, SKILL-FAILURE, None, deposit, None
