0.19, [DEBUG], logger, ROBOTS_CONFIG={'capabilities': ['approach_person', 'approach_robot', 'authenticate_person', 'navigation', 'operate_drawer'], 'battery_charge': 0.5, 'nurse_pose': [-27.25, 13.0, 1.57], 'robot_pose': [-38.0, 21.5, 0.0]}, None, None, None
0.19, [DEBUG], logger, Simulation open, None, None, None
10.07, [INFO], r1, {'y': 21.5, 'x': -38.0, 'yaw': -3.142}, pose, None, None
10.07, [INFO], r1, {'battery-level': '49.55'}, battery_charge, None, None
10.86, [INFO], r1, started skill, None, navto, None
20.07, [INFO], r1, {'y': 20.088, 'x': -37.156, 'yaw': -3.141}, pose, None, None
20.07, [INFO], r1, {'battery-level': '49.05'}, battery_charge, None, None
30.08, [INFO], r1, {'y': 17.977, 'x': -37.137, 'yaw': 3.141}, pose, None, None
30.08, [INFO], r1, {'battery-level': '48.55'}, battery_charge, None, None
40.07, [INFO], r1, {'y': 15.969, 'x': -36.793, 'yaw': 3.141}, pose, None, None
40.07, [INFO], r1, {'battery-level': '48.05'}, battery_charge, None, None
50.05, [INFO], r1, {'y': 15.41, 'x': -34.732, 'yaw': 3.142}, pose, None, None
50.05, [INFO], r1, {'battery-level': '47.55'}, battery_charge, None, None
60.04, [INFO], r1, {'y': 15.476, 'x': -32.612, 'yaw': 3.142}, pose, None, None
60.04, [INFO], r1, {'battery-level': '47.05'}, battery_charge, None, None
70.04, [INFO], r1, {'y': 15.544, 'x': -30.489, 'yaw': -3.138}, pose, None, None
70.04, [INFO], r1, {'battery-level': '46.55'}, battery_charge, None, None
80.06, [INFO], r1, {'battery-level': '46.05'}, battery_charge, None, None
80.06, [INFO], r1, {'y': 15.704, 'x': -28.372, 'yaw': 3.142}, pose, None, None
90.06, [INFO], r1, {'y': 14.543, 'x': -27.294, 'yaw': 3.141}, pose, None, None
90.06, [INFO], r1, {'battery-level': '45.55'}, battery_charge, None, None
100.03, [INFO], r1, {'battery-level': '45.05'}, battery_charge, None, None
100.03, [INFO], r1, {'y': 12.946, 'x': -27.393, 'yaw': 3.141}, pose, None, None
107.34, [INFO], r1, skill-success, None, navto, None
107.34, [INFO], r1, started skill, None, approach-nurse, None
107.34, [INFO], r1, sent message, None, None, None
107.34, [INFO], r1, skill-success, None, approach-nurse, None
107.34, [INFO], r1, started skill, None, authenticate-nurse, None
107.34, [INFO], r1, sent message, None, None, None
107.34, [INFO], r1, started skill, None, open-drawer, None
107.34, [INFO], r1, sent message, None, None, None
107.34, [INFO], r1, skill-success, None, open-drawer, None
107.34, [INFO], r1, started skill, None, deposit, None
107.34, [INFO], r1, sent message, None, None, None
107.34, [INFO], r1, skill-success, None, deposit, None
107.34, [INFO], r1, started skill, None, close-drawer, None
107.34, [INFO], r1, sent message, None, None, None
107.34, [INFO], r1, skill-success, None, close-drawer, None
107.34, [INFO], r1, started skill, None, navto, None
110.01, [INFO], r1, {'y': 13.44, 'x': -27.354, 'yaw': 3.142}, pose, None, None
110.01, [INFO], r1, {'battery-level': '44.55'}, battery_charge, None, None
120.01, [INFO], r1, {'y': 15.543, 'x': -27.35, 'yaw': 3.14}, pose, None, None
120.01, [INFO], r1, {'battery-level': '44.05'}, battery_charge, None, None
130.07, [INFO], r1, {'y': 15.725, 'x': -29.406, 'yaw': 3.142}, pose, None, None
130.07, [INFO], r1, {'battery-level': '43.55'}, battery_charge, None, None
140.05, [INFO], r1, {'y': 15.567, 'x': -31.519, 'yaw': 3.141}, pose, None, None
140.05, [INFO], r1, {'battery-level': '43.05'}, battery_charge, None, None
150.02, [INFO], r1, {'battery-level': '42.55'}, battery_charge, None, None
150.02, [INFO], r1, {'y': 15.511, 'x': -33.628, 'yaw': 3.142}, pose, None, None
160.01, [INFO], r1, {'battery-level': '42.05'}, battery_charge, None, None
160.01, [INFO], r1, {'y': 16.076, 'x': -35.554, 'yaw': 3.142}, pose, None, None
170.09, [INFO], r1, {'battery-level': '41.55'}, battery_charge, None, None
170.09, [INFO], r1, {'y': 18.05, 'x': -36.091, 'yaw': 3.141}, pose, None, None
180.09, [INFO], r1, {'y': 20.164, 'x': -36.251, 'yaw': -3.142}, pose, None, None
180.09, [INFO], r1, {'battery-level': '41.05'}, battery_charge, None, None
190.00, [INFO], r1, {'battery-level': '40.55'}, battery_charge, None, None
190.00, [INFO], r1, {'y': 22.258, 'x': -36.336, 'yaw': 3.14}, pose, None, None
200.02, [INFO], r1, {'y': 24.366, 'x': -36.308, 'yaw': -3.142}, pose, None, None
200.02, [INFO], r1, {'battery-level': '40.05'}, battery_charge, None, None
210.04, [INFO], r1, {'y': 26.478, 'x': -36.304, 'yaw': 3.141}, pose, None, None
210.04, [INFO], r1, {'battery-level': '39.55'}, battery_charge, None, None
220.06, [INFO], r1, {'y': 28.596, 'x': -36.365, 'yaw': 3.141}, pose, None, None
220.06, [INFO], r1, {'battery-level': '39.05'}, battery_charge, None, None
230.09, [INFO], r1, {'battery-level': '38.55'}, battery_charge, None, None
230.09, [INFO], r1, {'y': 30.714, 'x': -36.449, 'yaw': 3.142}, pose, None, None
240.10, [INFO], r1, {'y': 32.828, 'x': -36.701, 'yaw': 3.141}, pose, None, None
240.10, [INFO], r1, {'battery-level': '38.05'}, battery_charge, None, None
250.00, [INFO], r1, {'battery-level': '37.55'}, battery_charge, None, None
250.00, [INFO], r1, {'y': 34.901, 'x': -36.891, 'yaw': 3.141}, pose, None, None
260.04, [INFO], r1, {'y': 36.049, 'x': -36.968, 'yaw': -3.142}, pose, None, None
260.04, [INFO], r1, {'battery-level': '37.05'}, battery_charge, None, None
263.72, [INFO], r1, skill-success, None, navto, None
263.72, [INFO], r1, started skill, None, approach-arm, None
263.72, [INFO], r1, sent message, None, None, None
263.72, [INFO], r1, skill-success, None, approach-arm, None
263.72, [INFO], r1, started skill, None, open-drawer, None
263.72, [INFO], r1, sent message, None, None, None
263.72, [INFO], r1, skill-success, None, open-drawer, None
263.72, [INFO], r1, started skill, None, pick-up-sample, None
263.72, [INFO], r1, sent message, None, None, None
263.72, [INFO], r1, skill-success, None, pick-up-sample, None
263.72, [INFO], r1, started skill, None, close-drawer, None
263.72, [INFO], r1, sent message, None, None, None
263.72, [INFO], r1, skill-success, None, close-drawer, None
263.72, [WARN], r1, SUCCESS, None, None, None
