9.89, [INFO], r1, started skill, None, navto, None
10.08, [INFO], r1, {'y': 21.5, 'x': -38.0, 'yaw': 3.142}, pose, None, None
10.08, [INFO], r1, {'battery-level': '49.60'}, battery_charge, None, None
20.02, [INFO], r1, {'battery-level': '49.10'}, battery_charge, None, None
20.02, [INFO], r1, {'y': 19.907, 'x': -37.172, 'yaw': 3.141}, pose, None, None
30.01, [INFO], r1, {'y': 17.794, 'x': -37.087, 'yaw': 3.141}, pose, None, None
30.01, [INFO], r1, {'battery-level': '48.60'}, battery_charge, None, None
40.05, [INFO], r1, {'battery-level': '48.10'}, battery_charge, None, None
40.05, [INFO], r1, {'y': 15.99, 'x': -36.513, 'yaw': 3.141}, pose, None, None
50.04, [INFO], r1, {'battery-level': '47.60'}, battery_charge, None, None
50.04, [INFO], r1, {'y': 15.386, 'x': -34.457, 'yaw': -3.142}, pose, None, None
60.03, [INFO], r1, {'y': 15.525, 'x': -32.32, 'yaw': -3.142}, pose, None, None
60.03, [INFO], r1, {'battery-level': '47.10'}, battery_charge, None, None
70.08, [INFO], r1, {'y': 15.566, 'x': -30.189, 'yaw': 3.137}, pose, None, None
70.08, [INFO], r1, {'battery-level': '46.60'}, battery_charge, None, None
80.10, [INFO], r1, {'y': 15.791, 'x': -28.086, 'yaw': 3.142}, pose, None, None
80.10, [INFO], r1, {'battery-level': '46.10'}, battery_charge, None, None
90.09, [INFO], r1, {'y': 14.18, 'x': -27.313, 'yaw': 3.141}, pose, None, None
90.09, [INFO], r1, {'battery-level': '45.60'}, battery_charge, None, None
100.08, [INFO], r1, {'y': 12.925, 'x': -27.404, 'yaw': 3.142}, pose, None, None
100.08, [INFO], r1, {'battery-level': '45.10'}, battery_charge, None, None
104.89, [INFO], r1, skill-success, None, navto, None
104.89, [INFO], r1, started skill, None, approach-nurse, None
104.89, [INFO], r1, sent message, None, None, None
104.89, [INFO], r1, skill-success, None, approach-nurse, None
104.89, [INFO], r1, started skill, None, authenticate-nurse, None
104.89, [INFO], r1, sent message, None, None, None
104.89, [INFO], r1, skill-success, None, authenticate-nurse, None
104.89, [INFO], r1, started skill, None, open-drawer, None
104.89, [INFO], r1, sent message, None, None, None
104.89, [INFO], r1, skill-success, None, open-drawer, None
104.89, [INFO], r1, started skill, None, deposit, None
104.89, [WARN], r1, SKILL-FAILURE, None, deposit, None
