9.64, [INFO], r1, started skill, None, navto, None
10.03, [INFO], r1, {'battery-level': '49.55'}, battery_charge, None, None
10.03, [INFO], r1, {'y': 21.5, 'x': -37.996, 'yaw': 3.142}, pose, None, None
20.01, [INFO], r1, {'y': 19.876, 'x': -37.186, 'yaw': 3.141}, pose, None, None
20.01, [INFO], r1, {'battery-level': '49.05'}, battery_charge, None, None
30.07, [INFO], r1, {'battery-level': '48.55'}, battery_charge, None, None
30.07, [INFO], r1, {'y': 17.751, 'x': -37.144, 'yaw': 3.141}, pose, None, None
40.02, [INFO], r1, {'y': 16.002, 'x': -36.49, 'yaw': 3.14}, pose, None, None
40.02, [INFO], r1, {'battery-level': '48.05'}, battery_charge, None, None
50.06, [INFO], r1, {'y': 15.398, 'x': -34.421, 'yaw': -3.141}, pose, None, None
50.06, [INFO], r1, {'battery-level': '47.55'}, battery_charge, None, None
60.07, [INFO], r1, {'y': 15.534, 'x': -32.284, 'yaw': 3.142}, pose, None, None
60.07, [INFO], r1, {'battery-level': '47.05'}, battery_charge, None, None
70.01, [INFO], r1, {'y': 15.625, 'x': -30.184, 'yaw': 3.141}, pose, None, None
70.01, [INFO], r1, {'battery-level': '46.55'}, battery_charge, None, None
80.08, [INFO], r1, {'battery-level': '46.05'}, battery_charge, None, None
80.08, [INFO], r1, {'y': 15.781, 'x': -28.057, 'yaw': 3.142}, pose, None, None
90.10, [INFO], r1, {'y': 14.126, 'x': -27.309, 'yaw': 3.141}, pose, None, None
90.10, [INFO], r1, {'battery-level': '45.55'}, battery_charge, None, None
100.07, [INFO], r1, {'y': 12.921, 'x': -27.37, 'yaw': -3.141}, pose, None, None
100.07, [INFO], r1, {'battery-level': '45.05'}, battery_charge, None, None
103.72, [INFO], r1, skill-success, None, navto, None
103.72, [INFO], r1, started skill, None, approach-nurse, None
103.72, [INFO], r1, sent message, None, None, None
103.72, [INFO], r1, skill-success, None, approach-nurse, None
103.72, [INFO], r1, started skill, None, open-drawer, None
103.72, [INFO], r1, sent message, None, None, None
103.72, [INFO], r1, skill-success, None, open-drawer, None
103.72, [INFO], r1, started skill, None, deposit, None
103.72, [INFO], r1, sent message, None, None, None
103.72, [INFO], r1, skill-success, None, deposit, None
103.72, [INFO], r1, started skill, None, close-drawer, None
103.72, [INFO], r1, sent message, None, None, None
103.72, [INFO], r1, skill-success, None, close-drawer, None
103.72, [INFO], r1, started skill, None, navto, None
110.06, [INFO], r1, {'y': 14.199, 'x': -27.356, 'yaw': 3.141}, pose, None, None
110.06, [INFO], r1, {'battery-level': '44.55'}, battery_charge, None, None
120.05, [INFO], r1, {'y': 15.634, 'x': -27.97, 'yaw': -3.141}, pose, None, None
120.05, [INFO], r1, {'battery-level': '44.05'}, battery_charge, None, None
130.03, [INFO], r1, {'y': 15.674, 'x': -30.091, 'yaw': 3.142}, pose, None, None
130.03, [INFO], r1, {'battery-level': '43.55'}, battery_charge, None, None
140.06, [INFO], r1, {'battery-level': '43.05'}, battery_charge, None, None
140.06, [INFO], r1, {'y': 15.584, 'x': -32.223, 'yaw': 3.14}, pose, None, None
150.09, [INFO], r1, {'battery-level': '42.55'}, battery_charge, None, None
150.09, [INFO], r1, {'y': 15.444, 'x': -34.347, 'yaw': -3.142}, pose, None, None
160.09, [INFO], r1, {'y': 16.637, 'x': -35.975, 'yaw': 3.142}, pose, None, None
160.09, [INFO], r1, {'battery-level': '42.05'}, battery_charge, None, None
170.00, [INFO], r1, {'y': 18.725, 'x': -36.132, 'yaw': 3.142}, pose, None, None
170.00, [INFO], r1, {'battery-level': '41.55'}, battery_charge, None, None
180.01, [INFO], r1, {'y': 20.837, 'x': -36.212, 'yaw': 3.142}, pose, None, None
180.01, [INFO], r1, {'battery-level': '41.05'}, battery_charge, None, None
190.03, [INFO], r1, {'y': 22.955, 'x': -36.365, 'yaw': 3.14}, pose, None, None
190.03, [INFO], r1, {'battery-level': '40.55'}, battery_charge, None, None
200.02, [INFO], r1, {'battery-level': '40.05'}, battery_charge, None, None
200.02, [INFO], r1, {'y': 25.067, 'x': -36.3, 'yaw': 3.141}, pose, None, None
210.01, [INFO], r1, {'battery-level': '39.55'}, battery_charge, None, None
210.01, [INFO], r1, {'y': 27.188, 'x': -36.345, 'yaw': 3.14}, pose, None, None
220.02, [INFO], r1, {'battery-level': '39.05'}, battery_charge, None, None
220.02, [INFO], r1, {'y': 29.308, 'x': -36.444, 'yaw': 3.142}, pose, None, None
230.06, [INFO], r1, {'y': 31.424, 'x': -36.521, 'yaw': 3.142}, pose, None, None
230.06, [INFO], r1, {'battery-level': '38.55'}, battery_charge, None, None
240.00, [INFO], r1, {'y': 33.514, 'x': -36.811, 'yaw': 3.141}, pose, None, None
240.00, [INFO], r1, {'battery-level': '38.05'}, battery_charge, None, None
250.01, [INFO], r1, {'y': 35.641, 'x': -36.864, 'yaw': -3.14}, pose, None, None
250.01, [INFO], r1, {'battery-level': '37.55'}, battery_charge, None, None
260.06, [INFO], r1, {'battery-level': '37.05'}, battery_charge, None, None
260.06, [INFO], r1, {'y': 36.106, 'x': -37.049, 'yaw': -3.142}, pose, None, None
263.64, [INFO], r1, skill-success, None, navto, None
263.64, [INFO], r1, started skill, None, approach-arm, None
263.64, [INFO], r1, started skill, None, open-drawer, None
263.64, [INFO], r1, sent message, None, None, None
263.64, [INFO], r1, skill-success, None, open-drawer, None
263.64, [INFO], r1, started skill, None, pick-up-sample, None
263.64, [INFO], r1, sent message, None, None, None
263.64, [INFO], r1, skill-success, None, pick-up-sample, None
263.64, [INFO], r1, started skill, None, close-drawer, None
263.64, [INFO], r1, sent message, None, None, None
263.64, [INFO], r1, skill-success, None, close-drawer, None
263.64, [WARN], r1, SUCCESS, None, None, None
