9.41, [INFO], r1, started skill, None, navto, None
10.00, [INFO], r1, {'y': 21.499, 'x': -37.94, 'yaw': 3.139}, pose, None, None
10.00, [INFO], r1, {'battery-level': '49.55'}, battery_charge, None, None
20.07, [INFO], r1, {'battery-level': '49.05'}, battery_charge, None, None
20.07, [INFO], r1, {'y': 19.77, 'x': -37.191, 'yaw': 3.141}, pose, None, None
30.01, [INFO], r1, {'battery-level': '48.55'}, battery_charge, None, None
30.01, [INFO], r1, {'y': 17.655, 'x': -37.125, 'yaw': 3.141}, pose, None, None
40.00, [INFO], r1, {'y': 15.904, 'x': -36.419, 'yaw': 3.142}, pose, None, None
40.00, [INFO], r1, {'battery-level': '48.05'}, battery_charge, None, None
50.07, [INFO], r1, {'y': 15.379, 'x': -34.338, 'yaw': -3.141}, pose, None, None
50.07, [INFO], r1, {'battery-level': '47.55'}, battery_charge, None, None
60.06, [INFO], r1, {'y': 15.505, 'x': -32.21, 'yaw': -3.141}, pose, None, None
60.06, [INFO], r1, {'battery-level': '47.05'}, battery_charge, None, None
70.08, [INFO], r1, {'y': 15.62, 'x': -30.097, 'yaw': 3.141}, pose, None, None
70.08, [INFO], r1, {'battery-level': '46.55'}, battery_charge, None, None
80.06, [INFO], r1, {'battery-level': '46.05'}, battery_charge, None, None
80.06, [INFO], r1, {'y': 15.812, 'x': -27.999, 'yaw': 3.142}, pose, None, None
90.04, [INFO], r1, {'battery-level': '45.55'}, battery_charge, None, None
90.04, [INFO], r1, {'y': 15.84, 'x': -25.893, 'yaw': -3.139}, pose, None, None
100.09, [INFO], r1, {'y': 15.809, 'x': -23.777, 'yaw': 3.14}, pose, None, None
100.09, [INFO], r1, {'battery-level': '45.05'}, battery_charge, None, None
110.00, [INFO], r1, {'y': 15.754, 'x': -21.67, 'yaw': 3.141}, pose, None, None
110.00, [INFO], r1, {'battery-level': '44.55'}, battery_charge, None, None
120.08, [INFO], r1, {'battery-level': '44.05'}, battery_charge, None, None
120.08, [INFO], r1, {'y': 15.413, 'x': -19.548, 'yaw': 3.139}, pose, None, None
130.06, [INFO], r1, {'y': 14.217, 'x': -17.975, 'yaw': 3.141}, pose, None, None
130.06, [INFO], r1, {'battery-level': '43.55'}, battery_charge, None, None
140.04, [INFO], r1, {'y': 12.888, 'x': -18.133, 'yaw': 3.142}, pose, None, None
140.04, [INFO], r1, {'battery-level': '43.05'}, battery_charge, None, None
148.15, [INFO], r1, skill-success, None, navto, None
148.15, [INFO], r1, started skill, None, approach-nurse, None
148.15, [INFO], r1, sent message, None, None, None
148.15, [INFO], r1, skill-success, None, approach-nurse, None
148.15, [INFO], r1, sent message, None, None, None
148.15, [INFO], r1, started skill, None, open-drawer, None
148.15, [INFO], r1, sent message, None, None, None
148.15, [INFO], r1, skill-success, None, open-drawer, None
148.15, [INFO], r1, started skill, None, deposit, None
148.15, [INFO], r1, sent message, None, None, None
148.15, [INFO], r1, skill-success, None, deposit, None
148.15, [INFO], r1, started skill, None, close-drawer, None
148.15, [INFO], r1, sent message, None, None, None
148.15, [INFO], r1, skill-success, None, close-drawer, None
148.15, [INFO], r1, started skill, None, navto, None
150.00, [INFO], r1, {'battery-level': '42.55'}, battery_charge, None, None
150.00, [INFO], r1, {'y': 13.2, 'x': -18.094, 'yaw': 3.142}, pose, None, None
160.06, [INFO], r1, {'battery-level': '42.05'}, battery_charge, None, None
160.06, [INFO], r1, {'y': 15.002, 'x': -18.915, 'yaw': 3.141}, pose, None, None
170.03, [INFO], r1, {'y': 15.63, 'x': -20.955, 'yaw': -3.141}, pose, None, None
170.03, [INFO], r1, {'battery-level': '41.55'}, battery_charge, None, None
180.04, [INFO], r1, {'y': 15.658, 'x': -23.086, 'yaw': -3.136}, pose, None, None
180.04, [INFO], r1, {'battery-level': '41.05'}, battery_charge, None, None
190.05, [INFO], r1, {'y': 15.708, 'x': -25.194, 'yaw': 3.141}, pose, None, None
190.05, [INFO], r1, {'battery-level': '40.55'}, battery_charge, None, None
200.03, [INFO], r1, {'y': 15.779, 'x': -27.293, 'yaw': 3.14}, pose, None, None
200.03, [INFO], r1, {'battery-level': '40.05'}, battery_charge, None, None
210.00, [INFO], r1, {'y': 15.873, 'x': -29.388, 'yaw': 3.142}, pose, None, None
210.00, [INFO], r1, {'battery-level': '39.55'}, battery_charge, None, None
220.02, [INFO], r1, {'y': 15.756, 'x': -31.499, 'yaw': -3.142}, pose, None, None
220.02, [INFO], r1, {'battery-level': '39.05'}, battery_charge, None, None
230.09, [INFO], r1, {'y': 15.614, 'x': -33.628, 'yaw': 3.141}, pose, None, None
230.09, [INFO], r1, {'battery-level': '38.55'}, battery_charge, None, None
240.09, [INFO], r1, {'battery-level': '38.05'}, battery_charge, None, None
240.09, [INFO], r1, {'y': 15.995, 'x': -35.538, 'yaw': 3.142}, pose, None, None
250.02, [INFO], r1, {'y': 17.925, 'x': -36.11, 'yaw': -3.137}, pose, None, None
250.02, [INFO], r1, {'battery-level': '37.55'}, battery_charge, None, None
260.00, [INFO], r1, {'y': 20.029, 'x': -36.183, 'yaw': 3.142}, pose, None, None
260.00, [INFO], r1, {'battery-level': '37.05'}, battery_charge, None, None
270.09, [INFO], r1, {'battery-level': '36.55'}, battery_charge, None, None
270.09, [INFO], r1, {'y': 22.165, 'x': -36.286, 'yaw': 3.141}, pose, None, None
280.01, [INFO], r1, {'battery-level': '36.05'}, battery_charge, None, None
280.01, [INFO], r1, {'y': 24.268, 'x': -36.336, 'yaw': 3.141}, pose, None, None
290.09, [INFO], r1, {'y': 26.387, 'x': -36.3, 'yaw': 3.14}, pose, None, None
290.09, [INFO], r1, {'battery-level': '35.55'}, battery_charge, None, None
300.09, [INFO], r1, {'y': 28.493, 'x': -36.293, 'yaw': 3.141}, pose, None, None
300.09, [INFO], r1, {'battery-level': '35.05'}, battery_charge, None, None
310.03, [INFO], r1, {'battery-level': '34.55'}, battery_charge, None, None
310.03, [INFO], r1, {'y': 30.601, 'x': -36.42, 'yaw': 3.141}, pose, None, None
320.05, [INFO], r1, {'y': 32.722, 'x': -36.633, 'yaw': -3.142}, pose, None, None
320.05, [INFO], r1, {'battery-level': '34.05'}, battery_charge, None, None
330.07, [INFO], r1, {'y': 34.832, 'x': -36.777, 'yaw': -3.141}, pose, None, None
330.07, [INFO], r1, {'battery-level': '33.55'}, battery_charge, None, None
340.07, [INFO], r1, {'y': 36.034, 'x': -36.936, 'yaw': -3.142}, pose, None, None
340.07, [INFO], r1, {'battery-level': '33.05'}, battery_charge, None, None
350.01, [INFO], r1, {'battery-level': '32.55'}, battery_charge, None, None
350.01, [INFO], r1, {'y': 36.099, 'x': -36.981, 'yaw': 3.141}, pose, None, None
355.81, [INFO], r1, skill-success, None, navto, None
355.81, [INFO], r1, started skill, None, approach-arm, None
355.81, [INFO], r1, sent message, None, None, None
355.81, [INFO], r1, skill-success, None, approach-arm, None
355.81, [INFO], r1, started skill, None, open-drawer, None
355.81, [INFO], r1, sent message, None, None, None
355.81, [INFO], r1, skill-success, None, open-drawer, None
355.81, [INFO], r1, started skill, None, pick-up-sample, None
355.81, [INFO], r1, sent message, None, None, None
355.81, [INFO], r1, skill-success, None, pick-up-sample, None
355.81, [INFO], r1, started skill, None, close-drawer, None
355.81, [INFO], r1, sent message, None, None, None
355.81, [INFO], r1, skill-success, None, close-drawer, None
355.81, [WARN], r1, SUCCESS, None, None, None
