9.68, [INFO], r1, started skill, None, navto, None
10.06, [INFO], r1, {'y': 21.5, 'x': -37.988, 'yaw': 3.141}, pose, None, None
10.06, [INFO], r1, {'battery-level': '49.60'}, battery_charge, None, None
20.02, [INFO], r1, {'y': 19.869, 'x': -37.184, 'yaw': 3.141}, pose, None, None
20.02, [INFO], r1, {'battery-level': '49.10'}, battery_charge, None, None
30.02, [INFO], r1, {'y': 17.761, 'x': -37.118, 'yaw': 3.142}, pose, None, None
30.02, [INFO], r1, {'battery-level': '48.60'}, battery_charge, None, None
40.01, [INFO], r1, {'y': 16.006, 'x': -36.412, 'yaw': 3.142}, pose, None, None
40.01, [INFO], r1, {'battery-level': '48.10'}, battery_charge, None, None
50.00, [INFO], r1, {'y': 15.378, 'x': -34.365, 'yaw': 3.141}, pose, None, None
50.00, [INFO], r1, {'battery-level': '47.60'}, battery_charge, None, None
60.07, [INFO], r1, {'y': 15.555, 'x': -32.233, 'yaw': 3.142}, pose, None, None
60.07, [INFO], r1, {'battery-level': '47.10'}, battery_charge, None, None
70.09, [INFO], r1, {'battery-level': '46.60'}, battery_charge, None, None
70.09, [INFO], r1, {'y': 15.591, 'x': -30.123, 'yaw': 3.141}, pose, None, None
80.01, [INFO], r1, {'y': 15.752, 'x': -28.562, 'yaw': -3.138}, pose, None, None
80.01, [INFO], r1, {'battery-level': '46.10'}, battery_charge, None, None
90.03, [INFO], r1, {'battery-level': '45.60'}, battery_charge, None, None
90.03, [INFO], r1, {'y': 15.759, 'x': -28.549, 'yaw': 3.142}, pose, None, None
100.05, [INFO], r1, {'y': 15.761, 'x': -28.547, 'yaw': -3.142}, pose, None, None
100.05, [INFO], r1, {'battery-level': '45.10'}, battery_charge, None, None
110.00, [INFO], r1, {'y': 15.762, 'x': -28.544, 'yaw': 3.142}, pose, None, None
110.00, [INFO], r1, {'battery-level': '44.60'}, battery_charge, None, None
120.08, [INFO], r1, {'y': 15.763, 'x': -28.543, 'yaw': -3.142}, pose, None, None
120.08, [INFO], r1, {'battery-level': '44.10'}, battery_charge, None, None
130.08, [INFO], r1, {'battery-level': '43.60'}, battery_charge, None, None
130.08, [INFO], r1, {'y': 16.708, 'x': -28.56, 'yaw': -3.142}, pose, None, None
140.07, [INFO], r1, {'y': 16.731, 'x': -28.615, 'yaw': 3.141}, pose, None, None
140.07, [INFO], r1, {'battery-level': '43.10'}, battery_charge, None, None
150.06, [INFO], r1, {'y': 16.714, 'x': -28.536, 'yaw': 3.14}, pose, None, None
150.06, [INFO], r1, {'battery-level': '42.60'}, battery_charge, None, None
160.03, [INFO], r1, {'y': 17.093, 'x': -28.288, 'yaw': -3.139}, pose, None, None
160.03, [INFO], r1, {'battery-level': '42.10'}, battery_charge, None, None
170.02, [INFO], r1, {'y': 16.874, 'x': -28.586, 'yaw': -3.141}, pose, None, None
170.02, [INFO], r1, {'battery-level': '41.60'}, battery_charge, None, None
180.01, [INFO], r1, {'y': 17.1, 'x': -28.262, 'yaw': -3.141}, pose, None, None
180.01, [INFO], r1, {'battery-level': '41.10'}, battery_charge, None, None
190.01, [INFO], r1, {'y': 17.138, 'x': -28.438, 'yaw': -3.137}, pose, None, None
190.01, [INFO], r1, {'battery-level': '40.60'}, battery_charge, None, None
200.10, [INFO], r1, {'y': 16.929, 'x': -28.584, 'yaw': -3.141}, pose, None, None
200.10, [INFO], r1, {'battery-level': '40.10'}, battery_charge, None, None
210.09, [INFO], r1, {'y': 16.623, 'x': -28.499, 'yaw': 3.14}, pose, None, None
210.09, [INFO], r1, {'battery-level': '39.60'}, battery_charge, None, None
220.07, [INFO], r1, {'y': 16.93, 'x': -28.444, 'yaw': 3.136}, pose, None, None
220.07, [INFO], r1, {'battery-level': '39.10'}, battery_charge, None, None
230.08, [INFO], r1, {'y': 16.937, 'x': -28.408, 'yaw': 3.141}, pose, None, None
230.08, [INFO], r1, {'battery-level': '38.60'}, battery_charge, None, None
240.09, [INFO], r1, {'battery-level': '38.10'}, battery_charge, None, None
240.09, [INFO], r1, {'y': 16.776, 'x': -28.462, 'yaw': 3.14}, pose, None, None
250.08, [INFO], r1, {'y': 17.026, 'x': -28.455, 'yaw': 3.137}, pose, None, None
250.08, [INFO], r1, {'battery-level': '37.60'}, battery_charge, None, None
258.63, [WARN], r1, SKILL-FAILURE, None, navto, None
260.09, [INFO], r1, {'y': 17.062, 'x': -28.454, 'yaw': 3.141}, pose, None, None
260.09, [INFO], r1, {'battery-level': '37.10'}, battery_charge, None, None
