9.41, [INFO], r1, started skill, None, navto, None
10.02, [INFO], r1, {'y': 21.499, 'x': -37.932, 'yaw': 3.139}, pose, None, None
10.02, [INFO], r1, {'battery-level': '49.55'}, battery_charge, None, None
20.05, [INFO], r1, {'y': 19.805, 'x': -37.181, 'yaw': -3.142}, pose, None, None
20.05, [INFO], r1, {'battery-level': '49.05'}, battery_charge, None, None
30.08, [INFO], r1, {'battery-level': '48.55'}, battery_charge, None, None
30.08, [INFO], r1, {'y': 17.693, 'x': -37.14, 'yaw': 3.141}, pose, None, None
40.01, [INFO], r1, {'y': 15.973, 'x': -36.42, 'yaw': 3.14}, pose, None, None
40.01, [INFO], r1, {'battery-level': '48.05'}, battery_charge, None, None
50.04, [INFO], r1, {'y': 15.39, 'x': -34.356, 'yaw': -3.142}, pose, None, None
50.04, [INFO], r1, {'battery-level': '47.55'}, battery_charge, None, None
60.08, [INFO], r1, {'y': 15.528, 'x': -32.23, 'yaw': -3.142}, pose, None, None
60.08, [INFO], r1, {'battery-level': '47.05'}, battery_charge, None, None
70.02, [INFO], r1, {'y': 15.657, 'x': -30.132, 'yaw': 3.137}, pose, None, None
70.02, [INFO], r1, {'battery-level': '46.55'}, battery_charge, None, None
80.05, [INFO], r1, {'battery-level': '46.05'}, battery_charge, None, None
80.05, [INFO], r1, {'y': 15.807, 'x': -28.641, 'yaw': -3.142}, pose, None, None
90.09, [INFO], r1, {'y': 15.822, 'x': -28.599, 'yaw': 3.142}, pose, None, None
90.09, [INFO], r1, {'battery-level': '45.55'}, battery_charge, None, None
100.01, [INFO], r1, {'y': 15.824, 'x': -28.596, 'yaw': -3.142}, pose, None, None
100.01, [INFO], r1, {'battery-level': '45.05'}, battery_charge, None, None
110.04, [INFO], r1, {'y': 15.824, 'x': -28.596, 'yaw': -3.142}, pose, None, None
110.04, [INFO], r1, {'battery-level': '44.55'}, battery_charge, None, None
120.07, [INFO], r1, {'battery-level': '44.05'}, battery_charge, None, None
120.07, [INFO], r1, {'y': 15.826, 'x': -28.6, 'yaw': -3.142}, pose, None, None
130.00, [INFO], r1, {'battery-level': '43.55'}, battery_charge, None, None
130.00, [INFO], r1, {'y': 16.555, 'x': -28.561, 'yaw': -3.141}, pose, None, None
140.03, [INFO], r1, {'y': 16.897, 'x': -28.557, 'yaw': -3.141}, pose, None, None
140.03, [INFO], r1, {'battery-level': '43.05'}, battery_charge, None, None
150.06, [INFO], r1, {'y': 16.696, 'x': -28.63, 'yaw': -3.142}, pose, None, None
150.06, [INFO], r1, {'battery-level': '42.55'}, battery_charge, None, None
160.10, [INFO], r1, {'y': 17.037, 'x': -28.432, 'yaw': 3.141}, pose, None, None
160.10, [INFO], r1, {'battery-level': '42.05'}, battery_charge, None, None
170.03, [INFO], r1, {'y': 16.837, 'x': -28.67, 'yaw': -3.14}, pose, None, None
170.03, [INFO], r1, {'battery-level': '41.55'}, battery_charge, None, None
180.07, [INFO], r1, {'y': 17.05, 'x': -28.56, 'yaw': 3.142}, pose, None, None
180.07, [INFO], r1, {'battery-level': '41.05'}, battery_charge, None, None
190.01, [INFO], r1, {'y': 16.743, 'x': -28.604, 'yaw': -3.142}, pose, None, None
190.01, [INFO], r1, {'battery-level': '40.55'}, battery_charge, None, None
200.04, [INFO], r1, {'y': 16.878, 'x': -28.65, 'yaw': 3.141}, pose, None, None
200.04, [INFO], r1, {'battery-level': '40.05'}, battery_charge, None, None
210.09, [INFO], r1, {'y': 16.614, 'x': -28.619, 'yaw': 3.141}, pose, None, None
210.09, [INFO], r1, {'battery-level': '39.55'}, battery_charge, None, None
220.02, [INFO], r1, {'y': 16.673, 'x': -28.495, 'yaw': 3.14}, pose, None, None
220.02, [INFO], r1, {'battery-level': '39.05'}, battery_charge, None, None
230.06, [INFO], r1, {'y': 16.859, 'x': -28.461, 'yaw': 3.141}, pose, None, None
230.06, [INFO], r1, {'battery-level': '38.55'}, battery_charge, None, None
240.09, [INFO], r1, {'battery-level': '38.05'}, battery_charge, None, None
240.09, [INFO], r1, {'y': 17.001, 'x': -28.454, 'yaw': 3.141}, pose, None, None
250.02, [INFO], r1, {'battery-level': '37.55'}, battery_charge, None, None
250.02, [INFO], r1, {'y': 17.07, 'x': -28.325, 'yaw': 3.141}, pose, None, None
251.22, [WARN], r1, SKILL-FAILURE, None, navto, None
260.06, [INFO], r1, {'battery-level': '37.05'}, battery_charge, None, None
260.06, [INFO], r1, {'y': 16.954, 'x': -28.346, 'yaw': -3.136}, pose, None, None
