9.21, [INFO], r1, started skill, None, navto, None
10.01, [INFO], r1, {'battery-level': '49.55'}, battery_charge, None, None
10.01, [INFO], r1, {'y': 21.496, 'x': -37.887, 'yaw': -3.139}, pose, None, None
20.04, [INFO], r1, {'battery-level': '49.05'}, battery_charge, None, None
20.04, [INFO], r1, {'y': 19.759, 'x': -37.149, 'yaw': -3.142}, pose, None, None
30.07, [INFO], r1, {'y': 17.651, 'x': -37.092, 'yaw': 3.141}, pose, None, None
30.07, [INFO], r1, {'battery-level': '48.55'}, battery_charge, None, None
40.01, [INFO], r1, {'y': 15.897, 'x': -36.421, 'yaw': 3.141}, pose, None, None
40.01, [INFO], r1, {'battery-level': '48.05'}, battery_charge, None, None
50.04, [INFO], r1, {'y': 15.339, 'x': -34.344, 'yaw': -3.142}, pose, None, None
50.04, [INFO], r1, {'battery-level': '47.55'}, battery_charge, None, None
60.08, [INFO], r1, {'battery-level': '47.05'}, battery_charge, None, None
60.08, [INFO], r1, {'y': 15.575, 'x': -32.222, 'yaw': 3.141}, pose, None, None
70.01, [INFO], r1, {'y': 15.622, 'x': -30.121, 'yaw': 3.14}, pose, None, None
70.01, [INFO], r1, {'battery-level': '46.55'}, battery_charge, None, None
80.05, [INFO], r1, {'y': 15.796, 'x': -28.005, 'yaw': 3.142}, pose, None, None
80.05, [INFO], r1, {'battery-level': '46.05'}, battery_charge, None, None
90.08, [INFO], r1, {'y': 17.403, 'x': -26.961, 'yaw': 3.142}, pose, None, None
90.08, [INFO], r1, {'battery-level': '45.55'}, battery_charge, None, None
100.01, [INFO], r1, {'battery-level': '45.05'}, battery_charge, None, None
100.01, [INFO], r1, {'y': 17.951, 'x': -27.191, 'yaw': 3.142}, pose, None, None
101.51, [INFO], r1, skill-success, None, navto, None
101.51, [INFO], r1, started skill, None, approach-nurse, None
101.51, [INFO], r1, sent message, None, None, None
101.51, [INFO], r1, skill-success, None, approach-nurse, None
101.51, [INFO], r1, started skill, None, authenticate-nurse, None
101.51, [INFO], r1, sent message, None, None, None
101.51, [INFO], r1, skill-success, None, authenticate-nurse, None
101.51, [INFO], r1, started skill, None, open-drawer, None
101.51, [INFO], r1, sent message, None, None, None
101.51, [INFO], r1, skill-success, None, open-drawer, None
101.51, [INFO], r1, started skill, None, deposit, None
101.51, [INFO], r1, sent message, None, None, None
101.51, [INFO], r1, skill-success, None, deposit, None
101.51, [INFO], r1, started skill, None, close-drawer, None
101.51, [INFO], r1, sent message, None, None, None
101.51, [INFO], r1, skill-success, None, close-drawer, None
101.51, [INFO], r1, started skill, None, navto, None
110.04, [INFO], r1, {'y': 16.215, 'x': -27.093, 'yaw': -3.141}, pose, None, None
110.04, [INFO], r1, {'battery-level': '44.55'}, battery_charge, None, None
120.08, [INFO], r1, {'battery-level': '44.05'}, battery_charge, None, None
120.08, [INFO], r1, {'y': 16.073, 'x': -29.122, 'yaw': -3.142}, pose, None, None
130.01, [INFO], r1, {'y': 15.969, 'x': -31.217, 'yaw': 3.141}, pose, None, None
130.01, [INFO], r1, {'battery-level': '43.55'}, battery_charge, None, None
140.04, [INFO], r1, {'battery-level': '43.05'}, battery_charge, None, None
140.04, [INFO], r1, {'y': 15.723, 'x': -33.335, 'yaw': 3.139}, pose, None, None
150.07, [INFO], r1, {'battery-level': '42.55'}, battery_charge, None, None
150.07, [INFO], r1, {'y': 15.894, 'x': -35.316, 'yaw': -3.142}, pose, None, None
160.00, [INFO], r1, {'y': 17.783, 'x': -36.071, 'yaw': 3.141}, pose, None, None
160.00, [INFO], r1, {'battery-level': '42.05'}, battery_charge, None, None
170.03, [INFO], r1, {'y': 19.9, 'x': -36.202, 'yaw': 3.141}, pose, None, None
170.03, [INFO], r1, {'battery-level': '41.55'}, battery_charge, None, None
180.06, [INFO], r1, {'y': 22.024, 'x': -36.257, 'yaw': 3.141}, pose, None, None
180.06, [INFO], r1, {'battery-level': '41.05'}, battery_charge, None, None
190.09, [INFO], r1, {'y': 24.137, 'x': -36.309, 'yaw': 3.14}, pose, None, None
190.09, [INFO], r1, {'battery-level': '40.55'}, battery_charge, None, None
200.03, [INFO], r1, {'y': 26.23, 'x': -36.25, 'yaw': 3.141}, pose, None, None
200.03, [INFO], r1, {'battery-level': '40.05'}, battery_charge, None, None
210.06, [INFO], r1, {'y': 28.357, 'x': -36.292, 'yaw': 3.14}, pose, None, None
210.06, [INFO], r1, {'battery-level': '39.55'}, battery_charge, None, None
220.10, [INFO], r1, {'battery-level': '39.05'}, battery_charge, None, None
220.10, [INFO], r1, {'y': 30.472, 'x': -36.462, 'yaw': -3.142}, pose, None, None
230.03, [INFO], r1, {'y': 32.574, 'x': -36.631, 'yaw': 3.141}, pose, None, None
230.03, [INFO], r1, {'battery-level': '38.55'}, battery_charge, None, None
240.06, [INFO], r1, {'battery-level': '38.05'}, battery_charge, None, None
240.06, [INFO], r1, {'y': 34.69, 'x': -36.868, 'yaw': 3.141}, pose, None, None
250.09, [INFO], r1, {'y': 36.099, 'x': -36.995, 'yaw': 3.141}, pose, None, None
250.09, [INFO], r1, {'battery-level': '37.55'}, battery_charge, None, None
255.41, [INFO], r1, skill-success, None, navto, None
255.41, [INFO], r1, started skill, None, approach-arm, None
255.41, [INFO], r1, started skill, None, open-drawer, None
255.41, [INFO], r1, sent message, None, None, None
255.41, [INFO], r1, skill-success, None, open-drawer, None
255.41, [INFO], r1, started skill, None, pick-up-sample, None
255.41, [INFO], r1, sent message, None, None, None
255.41, [INFO], r1, skill-success, None, pick-up-sample, None
255.41, [INFO], r1, started skill, None, close-drawer, None
255.41, [INFO], r1, sent message, None, None, None
255.41, [INFO], r1, skill-success, None, close-drawer, None
255.41, [WARN], r1, SUCCESS, None, None, None
260.03, [INFO], r1, {'battery-level': '37.05'}, battery_charge, None, None
260.03, [INFO], r1, {'y': 36.1, 'x': -37.0, 'yaw': 3.142}, pose, None, None
