9.43, [INFO], r1, started skill, None, navto, None
10.03, [INFO], r1, {'y': 21.5, 'x': -37.939, 'yaw': 3.139}, pose, None, None
10.03, [INFO], r1, {'battery-level': '49.55'}, battery_charge, None, None
20.02, [INFO], r1, {'y': 19.814, 'x': -37.159, 'yaw': 3.141}, pose, None, None
20.02, [INFO], r1, {'battery-level': '49.05'}, battery_charge, None, None
30.02, [INFO], r1, {'y': 17.692, 'x': -37.116, 'yaw': 3.141}, pose, None, None
30.02, [INFO], r1, {'battery-level': '48.55'}, battery_charge, None, None
40.07, [INFO], r1, {'y': 15.927, 'x': -36.464, 'yaw': 3.14}, pose, None, None
40.07, [INFO], r1, {'battery-level': '48.05'}, battery_charge, None, None
50.07, [INFO], r1, {'y': 15.345, 'x': -34.398, 'yaw': -3.142}, pose, None, None
50.07, [INFO], r1, {'battery-level': '47.55'}, battery_charge, None, None
60.07, [INFO], r1, {'y': 15.503, 'x': -32.265, 'yaw': -3.141}, pose, None, None
60.07, [INFO], r1, {'battery-level': '47.05'}, battery_charge, None, None
70.06, [INFO], r1, {'y': 15.582, 'x': -30.145, 'yaw': 3.141}, pose, None, None
70.06, [INFO], r1, {'battery-level': '46.55'}, battery_charge, None, None
80.06, [INFO], r1, {'y': 15.81, 'x': -28.037, 'yaw': -3.142}, pose, None, None
80.06, [INFO], r1, {'battery-level': '46.05'}, battery_charge, None, None
90.08, [INFO], r1, {'battery-level': '45.55'}, battery_charge, None, None
90.08, [INFO], r1, {'y': 17.446, 'x': -26.979, 'yaw': 3.142}, pose, None, None
100.05, [INFO], r1, {'battery-level': '45.05'}, battery_charge, None, None
100.05, [INFO], r1, {'y': 17.943, 'x': -27.212, 'yaw': -3.141}, pose, None, None
101.91, [INFO], r1, skill-success, None, navto, None
101.91, [INFO], r1, started skill, None, approach-nurse, None
101.91, [WARN], r1, SKILL-FAILURE, None, approach-nurse, None
