8.84, [INFO], r1, started skill, None, navto, None
10.09, [INFO], r1, {'y': 21.489, 'x': -37.806, 'yaw': 3.142}, pose, None, None
10.09, [INFO], r1, {'battery-level': '49.55'}, battery_charge, None, None
20.03, [INFO], r1, {'y': 19.701, 'x': -37.183, 'yaw': -3.142}, pose, None, None
20.03, [INFO], r1, {'battery-level': '49.05'}, battery_charge, None, None
30.06, [INFO], r1, {'y': 17.585, 'x': -37.15, 'yaw': 3.141}, pose, None, None
30.06, [INFO], r1, {'battery-level': '48.55'}, battery_charge, None, None
40.08, [INFO], r1, {'battery-level': '48.05'}, battery_charge, None, None
40.08, [INFO], r1, {'y': 15.973, 'x': -36.304, 'yaw': 3.141}, pose, None, None
50.06, [INFO], r1, {'y': 15.409, 'x': -34.243, 'yaw': -3.141}, pose, None, None
50.06, [INFO], r1, {'battery-level': '47.55'}, battery_charge, None, None
60.07, [INFO], r1, {'y': 15.484, 'x': -32.119, 'yaw': 3.142}, pose, None, None
60.07, [INFO], r1, {'battery-level': '47.05'}, battery_charge, None, None
70.04, [INFO], r1, {'y': 15.642, 'x': -30.007, 'yaw': 3.141}, pose, None, None
70.04, [INFO], r1, {'battery-level': '46.55'}, battery_charge, None, None
80.02, [INFO], r1, {'battery-level': '46.05'}, battery_charge, None, None
80.02, [INFO], r1, {'y': 15.826, 'x': -27.901, 'yaw': 3.139}, pose, None, None
90.08, [INFO], r1, {'y': 17.468, 'x': -26.945, 'yaw': 3.142}, pose, None, None
90.08, [INFO], r1, {'battery-level': '45.55'}, battery_charge, None, None
100.03, [INFO], r1, {'y': 17.998, 'x': -27.175, 'yaw': -3.142}, pose, None, None
100.03, [INFO], r1, {'battery-level': '45.05'}, battery_charge, None, None
103.75, [INFO], r1, skill-success, None, navto, None
103.75, [INFO], r1, started skill, None, approach-nurse, None
103.75, [INFO], r1, sent message, None, None, None
103.75, [INFO], r1, skill-success, None, approach-nurse, None
103.75, [INFO], r1, started skill, None, authenticate-nurse, None
103.75, [INFO], r1, sent message, None, None, None
103.75, [INFO], r1, skill-success, None, authenticate-nurse, None
103.75, [INFO], r1, started skill, None, open-drawer, None
103.75, [INFO], r1, sent message, None, None, None
103.75, [INFO], r1, skill-success, None, open-drawer, None
103.75, [INFO], r1, started skill, None, deposit, None
103.75, [INFO], r1, sent message, None, None, None
103.75, [INFO], r1, skill-success, None, deposit, None
103.75, [INFO], r1, started skill, None, close-drawer, None
103.75, [INFO], r1, sent message, None, None, None
103.75, [INFO], r1, skill-success, None, close-drawer, None
103.75, [INFO], r1, started skill, None, navto, None
110.08, [INFO], r1, {'battery-level': '44.55'}, battery_charge, None, None
110.08, [INFO], r1, {'y': 16.721, 'x': -27.006, 'yaw': -3.142}, pose, None, None
120.07, [INFO], r1, {'y': 16.085, 'x': -28.628, 'yaw': -3.142}, pose, None, None
120.07, [INFO], r1, {'battery-level': '44.05'}, battery_charge, None, None
130.01, [INFO], r1, {'y': 16.016, 'x': -30.735, 'yaw': -3.142}, pose, None, None
130.01, [INFO], r1, {'battery-level': '43.55'}, battery_charge, None, None
140.01, [INFO], r1, {'y': 15.774, 'x': -32.847, 'yaw': 3.142}, pose, None, None
140.01, [INFO], r1, {'battery-level': '43.05'}, battery_charge, None, None
150.02, [INFO], r1, {'y': 15.488, 'x': -34.947, 'yaw': -3.141}, pose, None, None
150.02, [INFO], r1, {'battery-level': '42.55'}, battery_charge, None, None
160.01, [INFO], r1, {'y': 17.181, 'x': -36.118, 'yaw': -3.142}, pose, None, None
160.01, [INFO], r1, {'battery-level': '42.05'}, battery_charge, None, None
170.07, [INFO], r1, {'battery-level': '41.55'}, battery_charge, None, None
170.07, [INFO], r1, {'y': 19.306, 'x': -36.196, 'yaw': -3.142}, pose, None, None
180.03, [INFO], r1, {'battery-level': '41.05'}, battery_charge, None, None
180.03, [INFO], r1, {'y': 21.405, 'x': -36.276, 'yaw': 3.142}, pose, None, None
190.02, [INFO], r1, {'y': 23.516, 'x': -36.359, 'yaw': 3.14}, pose, None, None
190.02, [INFO], r1, {'battery-level': '40.55'}, battery_charge, None, None
200.01, [INFO], r1, {'y': 25.632, 'x': -36.279, 'yaw': 3.141}, pose, None, None
200.01, [INFO], r1, {'battery-level': '40.05'}, battery_charge, None, None
210.08, [INFO], r1, {'y': 27.765, 'x': -36.344, 'yaw': 3.141}, pose, None, None
210.08, [INFO], r1, {'battery-level': '39.55'}, battery_charge, None, None
220.00, [INFO], r1, {'y': 29.876, 'x': -36.433, 'yaw': 3.141}, pose, None, None
220.00, [INFO], r1, {'battery-level': '39.05'}, battery_charge, None, None
230.01, [INFO], r1, {'battery-level': '38.55'}, battery_charge, None, None
230.01, [INFO], r1, {'y': 31.993, 'x': -36.627, 'yaw': -3.142}, pose, None, None
240.01, [INFO], r1, {'y': 34.113, 'x': -36.856, 'yaw': -3.139}, pose, None, None
240.01, [INFO], r1, {'battery-level': '38.05'}, battery_charge, None, None
250.04, [INFO], r1, {'y': 35.969, 'x': -36.952, 'yaw': 3.141}, pose, None, None
250.04, [INFO], r1, {'battery-level': '37.55'}, battery_charge, None, None
256.79, [INFO], r1, skill-success, None, navto, None
256.79, [INFO], r1, started skill, None, approach-arm, None
256.79, [INFO], r1, sent message, None, None, None
256.79, [INFO], r1, skill-success, None, approach-arm, None
256.79, [INFO], r1, started skill, None, open-drawer, None
256.79, [INFO], r1, sent message, None, None, None
256.79, [INFO], r1, skill-success, None, open-drawer, None
256.79, [INFO], r1, started skill, None, pick-up-sample, None
256.79, [INFO], r1, sent message, None, None, None
256.79, [INFO], r1, skill-success, None, pick-up-sample, None
256.79, [INFO], r1, started skill, None, close-drawer, None
256.79, [INFO], r1, sent message, None, None, None
256.79, [INFO], r1, skill-success, None, close-drawer, None
256.79, [WARN], r1, SUCCESS, None, None, None
260.08, [INFO], r1, {'y': 36.031, 'x': -36.953, 'yaw': 3.142}, pose, None, None
260.08, [INFO], r1, {'battery-level': '37.05'}, battery_charge, None, None
