9.53, [INFO], r1, started skill, None, navto, None
10.03, [INFO], r1, {'y': 21.5, 'x': -37.961, 'yaw': 3.141}, pose, None, None
10.03, [INFO], r1, {'battery-level': '49.55'}, battery_charge, None, None
20.05, [INFO], r1, {'y': 19.834, 'x': -37.096, 'yaw': -3.141}, pose, None, None
20.05, [INFO], r1, {'battery-level': '49.05'}, battery_charge, None, None
30.04, [INFO], r1, {'y': 17.727, 'x': -37.108, 'yaw': 3.142}, pose, None, None
30.04, [INFO], r1, {'battery-level': '48.55'}, battery_charge, None, None
40.04, [INFO], r1, {'y': 15.985, 'x': -36.434, 'yaw': 3.142}, pose, None, None
40.04, [INFO], r1, {'battery-level': '48.05'}, battery_charge, None, None
50.05, [INFO], r1, {'y': 15.404, 'x': -34.383, 'yaw': -3.141}, pose, None, None
50.05, [INFO], r1, {'battery-level': '47.55'}, battery_charge, None, None
60.05, [INFO], r1, {'battery-level': '47.05'}, battery_charge, None, None
60.05, [INFO], r1, {'y': 15.562, 'x': -32.264, 'yaw': -3.141}, pose, None, None
70.04, [INFO], r1, {'y': 15.623, 'x': -30.154, 'yaw': 3.137}, pose, None, None
70.04, [INFO], r1, {'battery-level': '46.55'}, battery_charge, None, None
80.04, [INFO], r1, {'y': 15.806, 'x': -28.05, 'yaw': 3.142}, pose, None, None
80.04, [INFO], r1, {'battery-level': '46.05'}, battery_charge, None, None
90.03, [INFO], r1, {'y': 16.099, 'x': -25.939, 'yaw': 3.141}, pose, None, None
90.03, [INFO], r1, {'battery-level': '45.55'}, battery_charge, None, None
100.02, [INFO], r1, {'y': 16.146, 'x': -23.836, 'yaw': -3.141}, pose, None, None
100.02, [INFO], r1, {'battery-level': '45.05'}, battery_charge, None, None
110.02, [INFO], r1, {'y': 16.202, 'x': -21.73, 'yaw': 3.141}, pose, None, None
110.02, [INFO], r1, {'battery-level': '44.55'}, battery_charge, None, None
120.08, [INFO], r1, {'y': 17.711, 'x': -20.938, 'yaw': -3.142}, pose, None, None
120.08, [INFO], r1, {'battery-level': '44.05'}, battery_charge, None, None
130.06, [INFO], r1, {'y': 17.942, 'x': -21.068, 'yaw': -3.141}, pose, None, None
130.06, [INFO], r1, {'battery-level': '43.55'}, battery_charge, None, None
136.32, [INFO], r1, skill-success, None, navto, None
136.32, [INFO], r1, started skill, None, approach-nurse, None
136.32, [INFO], r1, sent message, None, None, None
136.32, [INFO], r1, skill-success, None, approach-nurse, None
136.32, [INFO], r1, started skill, None, authenticate-nurse, None
136.32, [INFO], r1, sent message, None, None, None
136.32, [INFO], r1, started skill, None, open-drawer, None
136.32, [INFO], r1, sent message, None, None, None
136.32, [INFO], r1, skill-success, None, open-drawer, None
136.32, [INFO], r1, started skill, None, deposit, None
136.32, [INFO], r1, sent message, None, None, None
136.32, [INFO], r1, skill-success, None, deposit, None
136.32, [INFO], r1, started skill, None, close-drawer, None
136.32, [INFO], r1, sent message, None, None, None
136.32, [INFO], r1, skill-success, None, close-drawer, None
136.32, [INFO], r1, started skill, None, navto, None
140.04, [INFO], r1, {'battery-level': '43.05'}, battery_charge, None, None
140.04, [INFO], r1, {'y': 17.213, 'x': -21.069, 'yaw': -3.142}, pose, None, None
150.03, [INFO], r1, {'battery-level': '42.55'}, battery_charge, None, None
150.03, [INFO], r1, {'y': 16.195, 'x': -22.559, 'yaw': 3.142}, pose, None, None
160.02, [INFO], r1, {'battery-level': '42.05'}, battery_charge, None, None
160.02, [INFO], r1, {'y': 16.148, 'x': -24.674, 'yaw': 3.141}, pose, None, None
170.00, [INFO], r1, {'battery-level': '41.55'}, battery_charge, None, None
170.00, [INFO], r1, {'y': 15.998, 'x': -26.784, 'yaw': 3.141}, pose, None, None
180.03, [INFO], r1, {'battery-level': '41.05'}, battery_charge, None, None
180.03, [INFO], r1, {'y': 16.081, 'x': -28.908, 'yaw': -3.14}, pose, None, None
190.02, [INFO], r1, {'battery-level': '40.55'}, battery_charge, None, None
190.02, [INFO], r1, {'y': 15.971, 'x': -31.03, 'yaw': 3.141}, pose, None, None
200.00, [INFO], r1, {'battery-level': '40.05'}, battery_charge, None, None
200.00, [INFO], r1, {'y': 15.748, 'x': -33.136, 'yaw': 3.141}, pose, None, None
210.01, [INFO], r1, {'battery-level': '39.55'}, battery_charge, None, None
210.01, [INFO], r1, {'y': 15.639, 'x': -35.168, 'yaw': 3.141}, pose, None, None
220.05, [INFO], r1, {'battery-level': '39.05'}, battery_charge, None, None
220.05, [INFO], r1, {'y': 17.47, 'x': -36.083, 'yaw': 3.142}, pose, None, None
230.03, [INFO], r1, {'y': 19.581, 'x': -36.173, 'yaw': 3.138}, pose, None, None
230.03, [INFO], r1, {'battery-level': '38.55'}, battery_charge, None, None
240.01, [INFO], r1, {'y': 21.693, 'x': -36.301, 'yaw': 3.141}, pose, None, None
240.01, [INFO], r1, {'battery-level': '38.05'}, battery_charge, None, None
250.02, [INFO], r1, {'y': 23.816, 'x': -36.336, 'yaw': 3.141}, pose, None, None
250.02, [INFO], r1, {'battery-level': '37.55'}, battery_charge, None, None
260.01, [INFO], r1, {'y': 25.931, 'x': -36.252, 'yaw': 3.141}, pose, None, None
260.01, [INFO], r1, {'battery-level': '37.05'}, battery_charge, None, None
270.01, [INFO], r1, {'battery-level': '36.55'}, battery_charge, None, None
270.01, [INFO], r1, {'y': 28.05, 'x': -36.319, 'yaw': 3.142}, pose, None, None
280.00, [INFO], r1, {'y': 30.157, 'x': -36.387, 'yaw': 3.142}, pose, None, None
280.00, [INFO], r1, {'battery-level': '36.05'}, battery_charge, None, None
290.00, [INFO], r1, {'y': 32.273, 'x': -36.609, 'yaw': 3.141}, pose, None, None
290.00, [INFO], r1, {'battery-level': '35.55'}, battery_charge, None, None
300.03, [INFO], r1, {'y': 34.38, 'x': -36.96, 'yaw': -3.142}, pose, None, None
300.03, [INFO], r1, {'battery-level': '35.05'}, battery_charge, None, None
310.06, [INFO], r1, {'y': 36.035, 'x': -36.952, 'yaw': -3.142}, pose, None, None
310.06, [INFO], r1, {'battery-level': '34.55'}, battery_charge, None, None
314.69, [INFO], r1, skill-success, None, navto, None
314.69, [INFO], r1, started skill, None, approach-arm, None
314.69, [INFO], r1, sent message, None, None, None
314.69, [INFO], r1, skill-success, None, approach-arm, None
314.69, [INFO], r1, started skill, None, open-drawer, None
314.69, [INFO], r1, sent message, None, None, None
314.69, [INFO], r1, skill-success, None, open-drawer, None
314.69, [INFO], r1, started skill, None, pick-up-sample, None
314.69, [INFO], r1, sent message, None, None, None
314.69, [INFO], r1, skill-success, None, pick-up-sample, None
314.69, [INFO], r1, started skill, None, close-drawer, None
314.69, [INFO], r1, sent message, None, None, None
314.69, [INFO], r1, skill-success, None, close-drawer, None
314.69, [WARN], r1, SUCCESS, None, None, None
320.01, [INFO], r1, {'y': 36.059, 'x': -36.958, 'yaw': 3.142}, pose, None, None
320.01, [INFO], r1, {'battery-level': '34.05'}, battery_charge, None, None
