7.74, [INFO], r1, started skill, None, navto, None
10.05, [INFO], r1, {'y': 21.416, 'x': -37.565, 'yaw': -3.142}, pose, None, None
10.05, [INFO], r1, {'battery-level': '49.60'}, battery_charge, None, None
20.07, [INFO], r1, {'battery-level': '49.10'}, battery_charge, None, None
20.07, [INFO], r1, {'y': 19.424, 'x': -37.171, 'yaw': -3.141}, pose, None, None
30.05, [INFO], r1, {'y': 17.314, 'x': -37.15, 'yaw': 3.141}, pose, None, None
30.05, [INFO], r1, {'battery-level': '48.60'}, battery_charge, None, None
40.08, [INFO], r1, {'battery-level': '48.10'}, battery_charge, None, None
40.08, [INFO], r1, {'y': 15.882, 'x': -36.068, 'yaw': 3.142}, pose, None, None
50.01, [INFO], r1, {'y': 15.35, 'x': -34.009, 'yaw': 3.142}, pose, None, None
50.01, [INFO], r1, {'battery-level': '47.60'}, battery_charge, None, None
60.02, [INFO], r1, {'y': 15.553, 'x': -31.884, 'yaw': -3.142}, pose, None, None
60.02, [INFO], r1, {'battery-level': '47.10'}, battery_charge, None, None
70.06, [INFO], r1, {'y': 15.616, 'x': -29.748, 'yaw': 3.142}, pose, None, None
70.06, [INFO], r1, {'battery-level': '46.60'}, battery_charge, None, None
80.08, [INFO], r1, {'y': 15.884, 'x': -27.648, 'yaw': -3.142}, pose, None, None
80.08, [INFO], r1, {'battery-level': '46.10'}, battery_charge, None, None
90.05, [INFO], r1, {'battery-level': '45.60'}, battery_charge, None, None
90.05, [INFO], r1, {'y': 16.154, 'x': -25.534, 'yaw': 3.142}, pose, None, None
100.07, [INFO], r1, {'y': 16.108, 'x': -23.401, 'yaw': -3.142}, pose, None, None
100.07, [INFO], r1, {'battery-level': '45.10'}, battery_charge, None, None
110.08, [INFO], r1, {'y': 16.313, 'x': -21.272, 'yaw': -3.142}, pose, None, None
110.08, [INFO], r1, {'battery-level': '44.60'}, battery_charge, None, None
120.03, [INFO], r1, {'battery-level': '44.10'}, battery_charge, None, None
120.03, [INFO], r1, {'y': 17.905, 'x': -21.029, 'yaw': 3.142}, pose, None, None
130.03, [INFO], r1, {'y': 18.013, 'x': -21.082, 'yaw': 3.141}, pose, None, None
130.03, [INFO], r1, {'battery-level': '43.60'}, battery_charge, None, None
131.75, [INFO], r1, skill-success, None, navto, None
131.75, [INFO], r1, started skill, None, approach-nurse, None
131.75, [INFO], r1, sent message, None, None, None
131.75, [INFO], r1, skill-success, None, approach-nurse, None
131.75, [INFO], r1, started skill, None, authenticate-nurse, None
131.75, [INFO], r1, sent message, None, None, None
131.75, [INFO], r1, skill-success, None, authenticate-nurse, None
131.75, [INFO], r1, started skill, None, open-drawer, None
131.75, [INFO], r1, sent message, None, None, None
131.75, [INFO], r1, skill-success, None, open-drawer, None
131.75, [INFO], r1, started skill, None, deposit, None
131.75, [INFO], r1, sent message, None, None, None
131.75, [INFO], r1, skill-success, None, deposit, None
131.75, [INFO], r1, started skill, None, close-drawer, None
131.75, [INFO], r1, sent message, None, None, None
131.75, [INFO], r1, skill-success, None, close-drawer, None
131.75, [INFO], r1, started skill, None, navto, None
140.08, [INFO], r1, {'y': 16.428, 'x': -21.382, 'yaw': -3.142}, pose, None, None
140.08, [INFO], r1, {'battery-level': '43.10'}, battery_charge, None, None
150.09, [INFO], r1, {'y': 16.181, 'x': -23.473, 'yaw': 3.142}, pose, None, None
150.09, [INFO], r1, {'battery-level': '42.60'}, battery_charge, None, None
160.03, [INFO], r1, {'y': 16.11, 'x': -25.564, 'yaw': 3.141}, pose, None, None
160.03, [INFO], r1, {'battery-level': '42.10'}, battery_charge, None, None
170.07, [INFO], r1, {'y': 15.878, 'x': -27.674, 'yaw': 3.142}, pose, None, None
170.07, [INFO], r1, {'battery-level': '41.60'}, battery_charge, None, None
180.00, [INFO], r1, {'battery-level': '41.10'}, battery_charge, None, None
180.00, [INFO], r1, {'y': 15.949, 'x': -29.773, 'yaw': -3.142}, pose, None, None
190.05, [INFO], r1, {'y': 15.802, 'x': -31.908, 'yaw': 3.141}, pose, None, None
190.05, [INFO], r1, {'battery-level': '40.60'}, battery_charge, None, None
200.00, [INFO], r1, {'battery-level': '40.10'}, battery_charge, None, None
200.00, [INFO], r1, {'y': 15.547, 'x': -34.01, 'yaw': 3.141}, pose, None, None
210.04, [INFO], r1, {'battery-level': '39.60'}, battery_charge, None, None
210.04, [INFO], r1, {'y': 16.372, 'x': -35.82, 'yaw': -3.141}, pose, None, None
220.06, [INFO], r1, {'y': 18.442, 'x': -36.132, 'yaw': 3.137}, pose, None, None
220.06, [INFO], r1, {'battery-level': '39.10'}, battery_charge, None, None
230.08, [INFO], r1, {'y': 20.558, 'x': -36.241, 'yaw': 3.141}, pose, None, None
230.08, [INFO], r1, {'battery-level': '38.60'}, battery_charge, None, None
240.06, [INFO], r1, {'battery-level': '38.10'}, battery_charge, None, None
240.06, [INFO], r1, {'y': 22.672, 'x': -36.336, 'yaw': 3.141}, pose, None, None
250.01, [INFO], r1, {'y': 24.765, 'x': -36.291, 'yaw': 3.14}, pose, None, None
250.01, [INFO], r1, {'battery-level': '37.60'}, battery_charge, None, None
260.05, [INFO], r1, {'y': 26.893, 'x': -36.339, 'yaw': 3.141}, pose, None, None
260.05, [INFO], r1, {'battery-level': '37.10'}, battery_charge, None, None
270.10, [INFO], r1, {'y': 29.02, 'x': -36.356, 'yaw': 3.141}, pose, None, None
270.10, [INFO], r1, {'battery-level': '36.60'}, battery_charge, None, None
280.05, [INFO], r1, {'battery-level': '36.10'}, battery_charge, None, None
280.05, [INFO], r1, {'y': 31.132, 'x': -36.455, 'yaw': 3.142}, pose, None, None
290.02, [INFO], r1, {'y': 33.237, 'x': -36.748, 'yaw': -3.142}, pose, None, None
290.02, [INFO], r1, {'battery-level': '35.60'}, battery_charge, None, None
300.09, [INFO], r1, {'battery-level': '35.10'}, battery_charge, None, None
300.09, [INFO], r1, {'y': 35.35, 'x': -36.902, 'yaw': -3.141}, pose, None, None
310.06, [INFO], r1, {'battery-level': '34.60'}, battery_charge, None, None
310.06, [INFO], r1, {'y': 36.004, 'x': -36.977, 'yaw': -3.142}, pose, None, None
320.05, [INFO], r1, {'y': 36.088, 'x': -36.993, 'yaw': 3.142}, pose, None, None
320.05, [INFO], r1, {'battery-level': '34.10'}, battery_charge, None, None
320.44, [INFO], r1, skill-success, None, navto, None
320.44, [INFO], r1, started skill, None, approach-arm, None
320.44, [INFO], r1, sent message, None, None, None
320.44, [INFO], r1, skill-success, None, approach-arm, None
320.44, [INFO], r1, started skill, None, open-drawer, None
320.44, [INFO], r1, sent message, None, None, None
320.44, [INFO], r1, skill-success, None, open-drawer, None
320.44, [INFO], r1, started skill, None, pick-up-sample, None
320.44, [INFO], r1, sent message, None, None, None
320.44, [INFO], r1, skill-success, None, pick-up-sample, None
320.44, [INFO], r1, started skill, None, close-drawer, None
320.44, [INFO], r1, sent message, None, None, None
320.44, [INFO], r1, skill-success, None, close-drawer, None
320.44, [WARN], r1, SUCCESS, None, None, None
