9.01, [INFO], r1, started skill, None, navto, None
10.08, [INFO], r1, {'y': 21.492, 'x': -37.837, 'yaw': 3.141}, pose, None, None
10.08, [INFO], r1, {'battery-level': '49.55'}, battery_charge, None, None
20.08, [INFO], r1, {'battery-level': '49.05'}, battery_charge, None, None
20.08, [INFO], r1, {'y': 19.703, 'x': -37.155, 'yaw': -3.142}, pose, None, None
30.06, [INFO], r1, {'battery-level': '48.55'}, battery_charge, None, None
30.06, [INFO], r1, {'y': 17.591, 'x': -37.09, 'yaw': 3.14}, pose, None, None
40.09, [INFO], r1, {'y': 15.931, 'x': -36.292, 'yaw': -3.142}, pose, None, None
40.09, [INFO], r1, {'battery-level': '48.05'}, battery_charge, None, None
50.01, [INFO], r1, {'y': 15.385, 'x': -34.239, 'yaw': 3.142}, pose, None, None
50.01, [INFO], r1, {'battery-level': '47.55'}, battery_charge, None, None
60.05, [INFO], r1, {'battery-level': '47.05'}, battery_charge, None, None
60.05, [INFO], r1, {'y': 15.526, 'x': -32.113, 'yaw': 3.142}, pose, None, None
70.07, [INFO], r1, {'y': 15.655, 'x': -29.983, 'yaw': 3.142}, pose, None, None
70.07, [INFO], r1, {'battery-level': '46.55'}, battery_charge, None, None
80.09, [INFO], r1, {'y': 15.817, 'x': -27.852, 'yaw': 3.141}, pose, None, None
80.09, [INFO], r1, {'battery-level': '46.05'}, battery_charge, None, None
90.01, [INFO], r1, {'y': 16.0, 'x': -25.759, 'yaw': 3.142}, pose, None, None
90.01, [INFO], r1, {'battery-level': '45.55'}, battery_charge, None, None
100.03, [INFO], r1, {'y': 15.999, 'x': -23.629, 'yaw': -3.141}, pose, None, None
100.03, [INFO], r1, {'battery-level': '45.05'}, battery_charge, None, None
110.02, [INFO], r1, {'battery-level': '44.55'}, battery_charge, None, None
110.02, [INFO], r1, {'y': 16.228, 'x': -21.518, 'yaw': 3.141}, pose, None, None
120.03, [INFO], r1, {'y': 17.844, 'x': -20.909, 'yaw': 3.142}, pose, None, None
120.03, [INFO], r1, {'battery-level': '44.05'}, battery_charge, None, None
130.01, [INFO], r1, {'y': 18.019, 'x': -21.041, 'yaw': -3.142}, pose, None, None
130.01, [INFO], r1, {'battery-level': '43.55'}, battery_charge, None, None
134.72, [INFO], r1, skill-success, None, navto, None
134.72, [INFO], r1, started skill, None, approach-nurse, None
134.72, [INFO], r1, sent message, None, None, None
134.72, [INFO], r1, skill-success, None, approach-nurse, None
134.72, [INFO], r1, started skill, None, authenticate-nurse, None
134.72, [INFO], r1, started skill, None, open-drawer, None
134.72, [INFO], r1, sent message, None, None, None
134.72, [INFO], r1, skill-success, None, open-drawer, None
134.72, [INFO], r1, started skill, None, deposit, None
134.72, [INFO], r1, sent message, None, None, None
134.72, [INFO], r1, skill-success, None, deposit, None
134.72, [INFO], r1, started skill, None, close-drawer, None
134.72, [INFO], r1, sent message, None, None, None
134.72, [INFO], r1, skill-success, None, close-drawer, None
134.72, [INFO], r1, started skill, None, navto, None
140.09, [INFO], r1, {'battery-level': '43.05'}, battery_charge, None, None
140.09, [INFO], r1, {'y': 16.902, 'x': -21.032, 'yaw': 3.139}, pose, None, None
150.01, [INFO], r1, {'y': 16.226, 'x': -22.825, 'yaw': 3.141}, pose, None, None
150.01, [INFO], r1, {'battery-level': '42.55'}, battery_charge, None, None
160.00, [INFO], r1, {'y': 16.103, 'x': -24.938, 'yaw': 3.141}, pose, None, None
160.00, [INFO], r1, {'battery-level': '42.05'}, battery_charge, None, None
170.02, [INFO], r1, {'y': 15.972, 'x': -27.06, 'yaw': 3.141}, pose, None, None
170.02, [INFO], r1, {'battery-level': '41.55'}, battery_charge, None, None
180.05, [INFO], r1, {'battery-level': '41.05'}, battery_charge, None, None
180.05, [INFO], r1, {'y': 16.093, 'x': -29.174, 'yaw': -3.142}, pose, None, None
190.03, [INFO], r1, {'y': 15.981, 'x': -31.281, 'yaw': 3.141}, pose, None, None
190.03, [INFO], r1, {'battery-level': '40.55'}, battery_charge, None, None
200.02, [INFO], r1, {'battery-level': '40.05'}, battery_charge, None, None
200.02, [INFO], r1, {'y': 15.715, 'x': -33.391, 'yaw': -3.142}, pose, None, None
210.01, [INFO], r1, {'y': 15.856, 'x': -35.404, 'yaw': -3.142}, pose, None, None
210.01, [INFO], r1, {'battery-level': '39.55'}, battery_charge, None, None
220.00, [INFO], r1, {'battery-level': '39.05'}, battery_charge, None, None
220.00, [INFO], r1, {'y': 17.761, 'x': -36.092, 'yaw': 3.141}, pose, None, None
230.07, [INFO], r1, {'battery-level': '38.55'}, battery_charge, None, None
230.07, [INFO], r1, {'y': 19.885, 'x': -36.255, 'yaw': 3.141}, pose, None, None
240.04, [INFO], r1, {'battery-level': '38.05'}, battery_charge, None, None
240.04, [INFO], r1, {'y': 22.002, 'x': -36.344, 'yaw': 3.142}, pose, None, None
250.05, [INFO], r1, {'battery-level': '37.55'}, battery_charge, None, None
250.05, [INFO], r1, {'y': 24.122, 'x': -36.342, 'yaw': 3.141}, pose, None, None
260.06, [INFO], r1, {'battery-level': '37.05'}, battery_charge, None, None
260.06, [INFO], r1, {'y': 26.229, 'x': -36.295, 'yaw': 3.14}, pose, None, None
270.01, [INFO], r1, {'y': 28.322, 'x': -36.336, 'yaw': 3.141}, pose, None, None
270.01, [INFO], r1, {'battery-level': '36.55'}, battery_charge, None, None
280.02, [INFO], r1, {'battery-level': '36.05'}, battery_charge, None, None
280.02, [INFO], r1, {'y': 30.448, 'x': -36.433, 'yaw': 3.141}, pose, None, None
290.06, [INFO], r1, {'y': 32.575, 'x': -36.623, 'yaw': 3.141}, pose, None, None
290.06, [INFO], r1, {'battery-level': '35.55'}, battery_charge, None, None
300.09, [INFO], r1, {'battery-level': '35.05'}, battery_charge, None, None
300.09, [INFO], r1, {'y': 34.69, 'x': -36.859, 'yaw': 3.141}, pose, None, None
310.05, [INFO], r1, {'y': 36.072, 'x': -36.986, 'yaw': -3.141}, pose, None, None
310.05, [INFO], r1, {'battery-level': '34.55'}, battery_charge, None, None
313.23, [INFO], r1, skill-success, None, navto, None
313.23, [INFO], r1, started skill, None, approach-arm, None
313.23, [INFO], r1, sent message, None, None, None
313.23, [INFO], r1, started skill, None, open-drawer, None
313.23, [INFO], r1, sent message, None, None, None
313.23, [INFO], r1, skill-success, None, open-drawer, None
313.23, [INFO], r1, started skill, None, pick-up-sample, None
313.23, [INFO], r1, sent message, None, None, None
313.23, [INFO], r1, skill-success, None, pick-up-sample, None
313.23, [INFO], r1, started skill, None, close-drawer, None
313.23, [INFO], r1, sent message, None, None, None
313.23, [INFO], r1, skill-success, None, close-drawer, None
313.23, [WARN], r1, SUCCESS, None, None, None
320.04, [INFO], r1, {'y': 36.07, 'x': -36.989, 'yaw': -3.142}, pose, None, None
320.04, [INFO], r1, {'battery-level': '34.05'}, battery_charge, None, None
