0.19, [DEBUG], logger, ROBOTS_CONFIG={'capabilities': ['approach_person', 'approach_robot', 'authenticate_person', 'navigation', 'operate_drawer'], 'battery_charge': 0.5, 'nurse_pose': [-19.0, 18.0, -1.57], 'robot_pose': [-38.0, 21.5, 0.0]}, None, None, None
0.19, [DEBUG], logger, Simulation open, None, None, None
10.08, [INFO], r1, {'y': 21.5, 'x': -38.0, 'yaw': -3.142}, pose, None, None
10.08, [INFO], r1, {'battery-level': '49.55'}, battery_charge, None, None
10.76, [INFO], r1, started skill, None, navto, None
20.07, [INFO], r1, {'y': 20.094, 'x': -37.154, 'yaw': 3.141}, pose, None, None
20.07, [INFO], r1, {'battery-level': '49.05'}, battery_charge, None, None
30.05, [INFO], r1, {'y': 17.961, 'x': -37.101, 'yaw': 3.141}, pose, None, None
30.05, [INFO], r1, {'battery-level': '48.55'}, battery_charge, None, None
40.05, [INFO], r1, {'y': 15.97, 'x': -36.717, 'yaw': 3.14}, pose, None, None
40.05, [INFO], r1, {'battery-level': '48.05'}, battery_charge, None, None
50.05, [INFO], r1, {'y': 15.434, 'x': -34.64, 'yaw': -3.141}, pose, None, None
50.05, [INFO], r1, {'battery-level': '47.55'}, battery_charge, None, None
60.05, [INFO], r1, {'y': 15.533, 'x': -32.522, 'yaw': 3.142}, pose, None, None
60.05, [INFO], r1, {'battery-level': '47.05'}, battery_charge, None, None
70.04, [INFO], r1, {'y': 15.592, 'x': -30.402, 'yaw': 3.141}, pose, None, None
70.04, [INFO], r1, {'battery-level': '46.55'}, battery_charge, None, None
80.04, [INFO], r1, {'y': 15.71, 'x': -28.277, 'yaw': 3.142}, pose, None, None
80.04, [INFO], r1, {'battery-level': '46.05'}, battery_charge, None, None
90.03, [INFO], r1, {'y': 16.135, 'x': -26.187, 'yaw': 3.141}, pose, None, None
90.03, [INFO], r1, {'battery-level': '45.55'}, battery_charge, None, None
100.02, [INFO], r1, {'y': 16.161, 'x': -24.063, 'yaw': 3.141}, pose, None, None
100.02, [INFO], r1, {'battery-level': '45.05'}, battery_charge, None, None
110.01, [INFO], r1, {'y': 16.148, 'x': -21.935, 'yaw': 3.142}, pose, None, None
110.01, [INFO], r1, {'battery-level': '44.55'}, battery_charge, None, None
120.01, [INFO], r1, {'y': 16.417, 'x': -19.822, 'yaw': 3.141}, pose, None, None
120.01, [INFO], r1, {'battery-level': '44.05'}, battery_charge, None, None
130.09, [INFO], r1, {'battery-level': '43.55'}, battery_charge, None, None
130.09, [INFO], r1, {'y': 17.91, 'x': -19.028, 'yaw': 3.142}, pose, None, None
137.69, [INFO], r1, skill-success, None, navto, None
137.69, [INFO], r1, started skill, None, approach-nurse, None
137.69, [INFO], r1, sent message, None, None, None
137.69, [INFO], r1, skill-success, None, approach-nurse, None
137.69, [INFO], r1, started skill, None, authenticate-nurse, None
137.69, [INFO], r1, sent message, None, None, None
137.69, [INFO], r1, skill-success, None, authenticate-nurse, None
137.69, [INFO], r1, started skill, None, open-drawer, None
137.69, [WARN], r1, SKILL-FAILURE, None, open-drawer, None
140.02, [INFO], r1, {'y': 17.946, 'x': -18.99, 'yaw': -3.142}, pose, None, None
140.02, [INFO], r1, {'battery-level': '43.05'}, battery_charge, None, None
