9.48, [INFO], r1, started skill, None, navto, None
10.06, [INFO], r1, {'y': 21.5, 'x': -37.955, 'yaw': 3.141}, pose, None, None
10.06, [INFO], r1, {'battery-level': '49.55'}, battery_charge, None, None
20.09, [INFO], r1, {'y': 19.829, 'x': -37.192, 'yaw': 3.142}, pose, None, None
20.09, [INFO], r1, {'battery-level': '49.05'}, battery_charge, None, None
30.02, [INFO], r1, {'y': 17.737, 'x': -37.131, 'yaw': 3.141}, pose, None, None
30.02, [INFO], r1, {'battery-level': '48.55'}, battery_charge, None, None
40.09, [INFO], r1, {'battery-level': '48.05'}, battery_charge, None, None
40.09, [INFO], r1, {'y': 16.009, 'x': -36.44, 'yaw': 3.141}, pose, None, None
50.08, [INFO], r1, {'battery-level': '47.55'}, battery_charge, None, None
50.08, [INFO], r1, {'y': 15.345, 'x': -34.4, 'yaw': -3.142}, pose, None, None
60.01, [INFO], r1, {'y': 15.523, 'x': -32.3, 'yaw': 3.142}, pose, None, None
60.01, [INFO], r1, {'battery-level': '47.05'}, battery_charge, None, None
70.05, [INFO], r1, {'y': 15.647, 'x': -30.163, 'yaw': 3.14}, pose, None, None
70.05, [INFO], r1, {'battery-level': '46.55'}, battery_charge, None, None
80.05, [INFO], r1, {'battery-level': '46.05'}, battery_charge, None, None
80.05, [INFO], r1, {'y': 15.85, 'x': -28.059, 'yaw': 3.142}, pose, None, None
90.03, [INFO], r1, {'battery-level': '45.55'}, battery_charge, None, None
90.03, [INFO], r1, {'y': 16.146, 'x': -25.948, 'yaw': -3.141}, pose, None, None
100.04, [INFO], r1, {'y': 16.187, 'x': -23.827, 'yaw': -3.141}, pose, None, None
100.04, [INFO], r1, {'battery-level': '45.05'}, battery_charge, None, None
110.01, [INFO], r1, {'y': 16.141, 'x': -21.721, 'yaw': 3.142}, pose, None, None
110.01, [INFO], r1, {'battery-level': '44.55'}, battery_charge, None, None
120.08, [INFO], r1, {'y': 16.286, 'x': -19.593, 'yaw': 3.141}, pose, None, None
120.08, [INFO], r1, {'battery-level': '44.05'}, battery_charge, None, None
130.04, [INFO], r1, {'y': 16.211, 'x': -17.501, 'yaw': 3.142}, pose, None, None
130.04, [INFO], r1, {'battery-level': '43.55'}, battery_charge, None, None
140.04, [INFO], r1, {'battery-level': '43.05'}, battery_charge, None, None
140.04, [INFO], r1, {'y': 16.159, 'x': -15.38, 'yaw': 3.14}, pose, None, None
150.03, [INFO], r1, {'battery-level': '42.55'}, battery_charge, None, None
150.03, [INFO], r1, {'y': 16.769, 'x': -13.538, 'yaw': 3.142}, pose, None, None
160.08, [INFO], r1, {'y': 17.941, 'x': -13.664, 'yaw': 3.14}, pose, None, None
160.08, [INFO], r1, {'battery-level': '42.05'}, battery_charge, None, None
167.56, [INFO], r1, skill-success, None, navto, None
167.56, [INFO], r1, started skill, None, approach-nurse, None
167.56, [INFO], r1, sent message, None, None, None
167.56, [INFO], r1, skill-success, None, approach-nurse, None
167.56, [INFO], r1, started skill, None, authenticate-nurse, None
167.56, [WARN], r1, SKILL-FAILURE, None, authenticate-nurse, None
170.07, [INFO], r1, {'y': 17.957, 'x': -13.66, 'yaw': 3.142}, pose, None, None
170.07, [INFO], r1, {'battery-level': '41.55'}, battery_charge, None, None
