10.03, [INFO], r1, {'y': 21.5, 'x': -38.0, 'yaw': 3.142}, pose, None, None
10.03, [INFO], r1, {'battery-level': '49.60'}, battery_charge, None, None
11.29, [INFO], r1, started skill, None, navto, None
20.06, [INFO], r1, {'y': 20.198, 'x': -37.167, 'yaw': 3.141}, pose, None, None
20.06, [INFO], r1, {'battery-level': '49.10'}, battery_charge, None, None
30.06, [INFO], r1, {'y': 18.078, 'x': -37.107, 'yaw': 3.141}, pose, None, None
30.06, [INFO], r1, {'battery-level': '48.60'}, battery_charge, None, None
40.07, [INFO], r1, {'y': 16.055, 'x': -36.808, 'yaw': 3.14}, pose, None, None
40.07, [INFO], r1, {'battery-level': '48.10'}, battery_charge, None, None
50.08, [INFO], r1, {'y': 15.494, 'x': -34.74, 'yaw': -3.141}, pose, None, None
50.08, [INFO], r1, {'battery-level': '47.60'}, battery_charge, None, None
60.00, [INFO], r1, {'y': 15.468, 'x': -32.649, 'yaw': 3.141}, pose, None, None
60.00, [INFO], r1, {'battery-level': '47.10'}, battery_charge, None, None
70.08, [INFO], r1, {'battery-level': '46.60'}, battery_charge, None, None
70.08, [INFO], r1, {'y': 15.539, 'x': -30.508, 'yaw': -3.137}, pose, None, None
80.03, [INFO], r1, {'battery-level': '46.10'}, battery_charge, None, None
80.03, [INFO], r1, {'y': 15.781, 'x': -28.407, 'yaw': 3.141}, pose, None, None
90.04, [INFO], r1, {'y': 16.022, 'x': -26.298, 'yaw': 3.141}, pose, None, None
90.04, [INFO], r1, {'battery-level': '45.60'}, battery_charge, None, None
100.06, [INFO], r1, {'y': 15.987, 'x': -24.179, 'yaw': 3.14}, pose, None, None
100.06, [INFO], r1, {'battery-level': '45.10'}, battery_charge, None, None
110.05, [INFO], r1, {'y': 16.014, 'x': -22.056, 'yaw': 3.142}, pose, None, None
110.05, [INFO], r1, {'battery-level': '44.60'}, battery_charge, None, None
120.05, [INFO], r1, {'y': 16.194, 'x': -19.941, 'yaw': 3.141}, pose, None, None
120.05, [INFO], r1, {'battery-level': '44.10'}, battery_charge, None, None
130.05, [INFO], r1, {'battery-level': '43.60'}, battery_charge, None, None
130.05, [INFO], r1, {'y': 16.094, 'x': -17.827, 'yaw': -3.142}, pose, None, None
140.08, [INFO], r1, {'y': 16.003, 'x': -15.708, 'yaw': 3.141}, pose, None, None
140.08, [INFO], r1, {'battery-level': '43.10'}, battery_charge, None, None
150.07, [INFO], r1, {'y': 16.119, 'x': -13.597, 'yaw': 3.141}, pose, None, None
150.07, [INFO], r1, {'battery-level': '42.60'}, battery_charge, None, None
160.07, [INFO], r1, {'y': 17.191, 'x': -11.847, 'yaw': -3.139}, pose, None, None
160.07, [INFO], r1, {'battery-level': '42.10'}, battery_charge, None, None
170.02, [INFO], r1, {'y': 17.979, 'x': -11.499, 'yaw': -3.142}, pose, None, None
170.02, [INFO], r1, {'battery-level': '41.60'}, battery_charge, None, None
172.04, [INFO], r1, skill-success, None, navto, None
172.04, [INFO], r1, started skill, None, approach-nurse, None
172.04, [INFO], r1, sent message, None, None, None
172.04, [INFO], r1, skill-success, None, approach-nurse, None
172.04, [INFO], r1, started skill, None, open-drawer, None
172.04, [INFO], r1, sent message, None, None, None
172.04, [INFO], r1, skill-success, None, open-drawer, None
172.04, [INFO], r1, started skill, None, deposit, None
172.13, [INFO], r1, sent message, None, None, None
172.13, [INFO], r1, skill-success, None, deposit, None
172.13, [INFO], r1, started skill, None, close-drawer, None
172.13, [INFO], r1, sent message, None, None, None
172.13, [INFO], r1, skill-success, None, close-drawer, None
172.13, [INFO], r1, started skill, None, navto, None
180.01, [INFO], r1, {'battery-level': '41.10'}, battery_charge, None, None
180.01, [INFO], r1, {'y': 16.577, 'x': -12.287, 'yaw': -3.142}, pose, None, None
190.02, [INFO], r1, {'y': 16.276, 'x': -14.357, 'yaw': 3.142}, pose, None, None
190.02, [INFO], r1, {'battery-level': '40.60'}, battery_charge, None, None
200.04, [INFO], r1, {'battery-level': '40.10'}, battery_charge, None, None
200.04, [INFO], r1, {'y': 16.185, 'x': -16.485, 'yaw': 3.14}, pose, None, None
210.04, [INFO], r1, {'y': 16.229, 'x': -18.593, 'yaw': -3.141}, pose, None, None
210.04, [INFO], r1, {'battery-level': '39.60'}, battery_charge, None, None
220.08, [INFO], r1, {'y': 16.331, 'x': -20.718, 'yaw': 3.14}, pose, None, None
220.08, [INFO], r1, {'battery-level': '39.10'}, battery_charge, None, None
230.10, [INFO], r1, {'y': 16.205, 'x': -22.853, 'yaw': 3.141}, pose, None, None
230.10, [INFO], r1, {'battery-level': '38.60'}, battery_charge, None, None
240.01, [INFO], r1, {'y': 16.127, 'x': -24.947, 'yaw': 3.141}, pose, None, None
240.01, [INFO], r1, {'battery-level': '38.10'}, battery_charge, None, None
250.03, [INFO], r1, {'y': 15.933, 'x': -27.058, 'yaw': 3.141}, pose, None, None
250.03, [INFO], r1, {'battery-level': '37.60'}, battery_charge, None, None
260.06, [INFO], r1, {'y': 15.998, 'x': -29.175, 'yaw': 3.142}, pose, None, None
260.06, [INFO], r1, {'battery-level': '37.10'}, battery_charge, None, None
270.01, [INFO], r1, {'y': 15.912, 'x': -31.278, 'yaw': 3.141}, pose, None, None
270.01, [INFO], r1, {'battery-level': '36.60'}, battery_charge, None, None
280.02, [INFO], r1, {'y': 15.662, 'x': -33.393, 'yaw': -3.142}, pose, None, None
280.02, [INFO], r1, {'battery-level': '36.10'}, battery_charge, None, None
290.03, [INFO], r1, {'y': 15.781, 'x': -35.411, 'yaw': 3.142}, pose, None, None
290.03, [INFO], r1, {'battery-level': '35.60'}, battery_charge, None, None
300.05, [INFO], r1, {'y': 17.693, 'x': -36.093, 'yaw': -3.136}, pose, None, None
300.05, [INFO], r1, {'battery-level': '35.10'}, battery_charge, None, None
310.04, [INFO], r1, {'y': 19.793, 'x': -36.191, 'yaw': 3.141}, pose, None, None
310.04, [INFO], r1, {'battery-level': '34.60'}, battery_charge, None, None
320.02, [INFO], r1, {'y': 21.9, 'x': -36.262, 'yaw': 3.14}, pose, None, None
320.02, [INFO], r1, {'battery-level': '34.10'}, battery_charge, None, None
330.06, [INFO], r1, {'battery-level': '33.60'}, battery_charge, None, None
330.06, [INFO], r1, {'y': 24.018, 'x': -36.268, 'yaw': 3.141}, pose, None, None
340.09, [INFO], r1, {'battery-level': '33.10'}, battery_charge, None, None
340.09, [INFO], r1, {'y': 26.142, 'x': -36.263, 'yaw': 3.141}, pose, None, None
350.05, [INFO], r1, {'battery-level': '32.60'}, battery_charge, None, None
350.05, [INFO], r1, {'y': 28.245, 'x': -36.305, 'yaw': 3.141}, pose, None, None
360.07, [INFO], r1, {'y': 30.378, 'x': -36.39, 'yaw': 3.141}, pose, None, None
360.07, [INFO], r1, {'battery-level': '32.10'}, battery_charge, None, None
370.09, [INFO], r1, {'battery-level': '31.60'}, battery_charge, None, None
370.09, [INFO], r1, {'y': 32.502, 'x': -36.59, 'yaw': -3.142}, pose, None, None
380.03, [INFO], r1, {'y': 34.59, 'x': -36.974, 'yaw': 3.142}, pose, None, None
380.03, [INFO], r1, {'battery-level': '31.10'}, battery_charge, None, None
390.05, [INFO], r1, {'y': 36.126, 'x': -36.997, 'yaw': 3.141}, pose, None, None
390.05, [INFO], r1, {'battery-level': '30.60'}, battery_charge, None, None
396.42, [INFO], r1, skill-success, None, navto, None
396.42, [INFO], r1, started skill, None, approach-arm, None
396.42, [INFO], r1, started skill, None, open-drawer, None
396.42, [INFO], r1, sent message, None, None, None
396.42, [INFO], r1, skill-success, None, open-drawer, None
396.42, [INFO], r1, started skill, None, pick-up-sample, None
396.42, [INFO], r1, sent message, None, None, None
396.42, [INFO], r1, skill-success, None, pick-up-sample, None
396.42, [INFO], r1, started skill, None, close-drawer, None
396.42, [INFO], r1, sent message, None, None, None
396.42, [INFO], r1, skill-success, None, close-drawer, None
396.42, [WARN], r1, SUCCESS, None, None, None
