10.06, [INFO], r1, {'y': 21.5, 'x': -38.0, 'yaw': 3.142}, pose, None, None
10.06, [INFO], r1, {'battery-level': '49.55'}, battery_charge, None, None
10.56, [INFO], r1, started skill, None, navto, None
20.06, [INFO], r1, {'battery-level': '49.05'}, battery_charge, None, None
20.06, [INFO], r1, {'y': 20.054, 'x': -37.174, 'yaw': -3.137}, pose, None, None
30.05, [INFO], r1, {'y': 17.929, 'x': -37.149, 'yaw': 3.141}, pose, None, None
30.05, [INFO], r1, {'battery-level': '48.55'}, battery_charge, None, None
40.05, [INFO], r1, {'y': 15.96, 'x': -36.673, 'yaw': 3.14}, pose, None, None
40.05, [INFO], r1, {'battery-level': '48.05'}, battery_charge, None, None
50.03, [INFO], r1, {'battery-level': '47.55'}, battery_charge, None, None
50.03, [INFO], r1, {'y': 15.412, 'x': -34.606, 'yaw': 3.142}, pose, None, None
60.03, [INFO], r1, {'y': 15.502, 'x': -32.477, 'yaw': 3.142}, pose, None, None
60.03, [INFO], r1, {'battery-level': '47.05'}, battery_charge, None, None
70.02, [INFO], r1, {'y': 15.596, 'x': -30.358, 'yaw': 3.141}, pose, None, None
70.02, [INFO], r1, {'battery-level': '46.55'}, battery_charge, None, None
80.07, [INFO], r1, {'y': 15.74, 'x': -28.225, 'yaw': -3.142}, pose, None, None
80.07, [INFO], r1, {'battery-level': '46.05'}, battery_charge, None, None
90.07, [INFO], r1, {'y': 16.172, 'x': -26.142, 'yaw': 3.141}, pose, None, None
90.07, [INFO], r1, {'battery-level': '45.55'}, battery_charge, None, None
100.02, [INFO], r1, {'y': 16.1, 'x': -24.049, 'yaw': -3.141}, pose, None, None
100.02, [INFO], r1, {'battery-level': '45.05'}, battery_charge, None, None
110.08, [INFO], r1, {'battery-level': '44.55'}, battery_charge, None, None
110.08, [INFO], r1, {'y': 16.163, 'x': -21.906, 'yaw': -3.142}, pose, None, None
120.07, [INFO], r1, {'y': 16.297, 'x': -19.791, 'yaw': 3.14}, pose, None, None
120.07, [INFO], r1, {'battery-level': '44.05'}, battery_charge, None, None
130.05, [INFO], r1, {'battery-level': '43.55'}, battery_charge, None, None
130.05, [INFO], r1, {'y': 16.237, 'x': -17.685, 'yaw': 3.142}, pose, None, None
140.05, [INFO], r1, {'y': 16.109, 'x': -15.578, 'yaw': 3.141}, pose, None, None
140.05, [INFO], r1, {'battery-level': '43.05'}, battery_charge, None, None
150.03, [INFO], r1, {'y': 16.247, 'x': -13.472, 'yaw': 3.142}, pose, None, None
150.03, [INFO], r1, {'battery-level': '42.55'}, battery_charge, None, None
160.10, [INFO], r1, {'y': 17.324, 'x': -11.787, 'yaw': -3.141}, pose, None, None
160.10, [INFO], r1, {'battery-level': '42.05'}, battery_charge, None, None
170.10, [INFO], r1, {'y': 17.98, 'x': -11.526, 'yaw': 3.142}, pose, None, None
170.10, [INFO], r1, {'battery-level': '41.55'}, battery_charge, None, None
171.09, [INFO], r1, skill-success, None, navto, None
171.09, [INFO], r1, started skill, None, approach-nurse, None
171.09, [WARN], r1, SKILL-FAILURE, None, approach-nurse, None
