9.02, [INFO], r1, started skill, None, navto, None
10.07, [INFO], r1, {'y': 21.493, 'x': -37.852, 'yaw': -3.141}, pose, None, None
10.07, [INFO], r1, {'battery-level': '49.55'}, battery_charge, None, None
20.00, [INFO], r1, {'y': 19.75, 'x': -37.158, 'yaw': 3.141}, pose, None, None
20.00, [INFO], r1, {'battery-level': '49.05'}, battery_charge, None, None
30.04, [INFO], r1, {'battery-level': '48.55'}, battery_charge, None, None
30.04, [INFO], r1, {'y': 17.616, 'x': -37.096, 'yaw': 3.14}, pose, None, None
40.08, [INFO], r1, {'y': 15.947, 'x': -36.364, 'yaw': 3.142}, pose, None, None
40.08, [INFO], r1, {'battery-level': '48.05'}, battery_charge, None, None
50.03, [INFO], r1, {'y': 15.336, 'x': -34.321, 'yaw': -3.141}, pose, None, None
50.03, [INFO], r1, {'battery-level': '47.55'}, battery_charge, None, None
60.07, [INFO], r1, {'y': 15.483, 'x': -32.197, 'yaw': 3.142}, pose, None, None
60.07, [INFO], r1, {'battery-level': '47.05'}, battery_charge, None, None
70.08, [INFO], r1, {'battery-level': '46.55'}, battery_charge, None, None
70.08, [INFO], r1, {'y': 15.654, 'x': -30.079, 'yaw': 3.141}, pose, None, None
80.08, [INFO], r1, {'battery-level': '46.05'}, battery_charge, None, None
80.08, [INFO], r1, {'y': 15.811, 'x': -27.976, 'yaw': -3.141}, pose, None, None
90.06, [INFO], r1, {'battery-level': '45.55'}, battery_charge, None, None
90.06, [INFO], r1, {'y': 16.028, 'x': -25.874, 'yaw': 3.141}, pose, None, None
100.06, [INFO], r1, {'y': 16.011, 'x': -23.757, 'yaw': -3.141}, pose, None, None
100.06, [INFO], r1, {'battery-level': '45.05'}, battery_charge, None, None
110.01, [INFO], r1, {'y': 16.025, 'x': -21.648, 'yaw': 3.141}, pose, None, None
110.01, [INFO], r1, {'battery-level': '44.55'}, battery_charge, None, None
120.03, [INFO], r1, {'y': 16.163, 'x': -19.53, 'yaw': 3.141}, pose, None, None
120.03, [INFO], r1, {'battery-level': '44.05'}, battery_charge, None, None
130.01, [INFO], r1, {'battery-level': '43.55'}, battery_charge, None, None
130.01, [INFO], r1, {'y': 16.058, 'x': -17.422, 'yaw': -3.142}, pose, None, None
140.05, [INFO], r1, {'battery-level': '43.05'}, battery_charge, None, None
140.05, [INFO], r1, {'y': 15.992, 'x': -15.287, 'yaw': 3.141}, pose, None, None
150.05, [INFO], r1, {'y': 16.224, 'x': -13.177, 'yaw': 3.141}, pose, None, None
150.05, [INFO], r1, {'battery-level': '42.55'}, battery_charge, None, None
160.08, [INFO], r1, {'y': 17.563, 'x': -11.632, 'yaw': 3.141}, pose, None, None
160.08, [INFO], r1, {'battery-level': '42.05'}, battery_charge, None, None
169.56, [INFO], r1, skill-success, None, navto, None
169.56, [INFO], r1, started skill, None, approach-nurse, None
169.56, [INFO], r1, sent message, None, None, None
169.56, [INFO], r1, skill-success, None, approach-nurse, None
169.56, [INFO], r1, started skill, None, authenticate-nurse, None
169.56, [INFO], r1, skill-success, None, authenticate-nurse, None
169.56, [INFO], r1, started skill, None, open-drawer, None
169.56, [INFO], r1, sent message, None, None, None
169.56, [INFO], r1, skill-success, None, open-drawer, None
169.56, [INFO], r1, started skill, None, deposit, None
169.56, [INFO], r1, sent message, None, None, None
169.56, [INFO], r1, skill-success, None, deposit, None
169.56, [INFO], r1, started skill, None, close-drawer, None
169.56, [INFO], r1, sent message, None, None, None
169.56, [INFO], r1, skill-success, None, close-drawer, None
169.65, [INFO], r1, started skill, None, navto, None
170.04, [INFO], r1, {'y': 17.942, 'x': -11.48, 'yaw': 3.141}, pose, None, None
170.04, [INFO], r1, {'battery-level': '41.55'}, battery_charge, None, None
180.04, [INFO], r1, {'y': 16.352, 'x': -12.787, 'yaw': 3.142}, pose, None, None
180.04, [INFO], r1, {'battery-level': '41.05'}, battery_charge, None, None
190.03, [INFO], r1, {'battery-level': '40.55'}, battery_charge, None, None
190.03, [INFO], r1, {'y': 16.194, 'x': -14.91, 'yaw': 3.141}, pose, None, None
200.04, [INFO], r1, {'y': 16.142, 'x': -17.028, 'yaw': 3.141}, pose, None, None
200.04, [INFO], r1, {'battery-level': '40.05'}, battery_charge, None, None
210.03, [INFO], r1, {'y': 16.241, 'x': -19.153, 'yaw': 3.142}, pose, None, None
210.03, [INFO], r1, {'battery-level': '39.55'}, battery_charge, None, None
220.08, [INFO], r1, {'y': 16.349, 'x': -21.276, 'yaw': 3.142}, pose, None, None
220.08, [INFO], r1, {'battery-level': '39.05'}, battery_charge, None, None
230.09, [INFO], r1, {'y': 16.144, 'x': -23.406, 'yaw': 3.141}, pose, None, None
230.09, [INFO], r1, {'battery-level': '38.55'}, battery_charge, None, None
240.08, [INFO], r1, {'battery-level': '38.05'}, battery_charge, None, None
240.08, [INFO], r1, {'y': 16.136, 'x': -25.535, 'yaw': 3.141}, pose, None, None
250.09, [INFO], r1, {'y': 15.886, 'x': -27.63, 'yaw': 3.142}, pose, None, None
250.09, [INFO], r1, {'battery-level': '37.55'}, battery_charge, None, None
260.03, [INFO], r1, {'battery-level': '37.05'}, battery_charge, None, None
260.03, [INFO], r1, {'y': 15.955, 'x': -29.733, 'yaw': 3.142}, pose, None, None
270.05, [INFO], r1, {'y': 15.846, 'x': -31.855, 'yaw': 3.141}, pose, None, None
270.05, [INFO], r1, {'battery-level': '36.55'}, battery_charge, None, None
280.08, [INFO], r1, {'y': 15.537, 'x': -33.972, 'yaw': 3.141}, pose, None, None
280.08, [INFO], r1, {'battery-level': '36.05'}, battery_charge, None, None
290.09, [INFO], r1, {'y': 16.296, 'x': -35.771, 'yaw': 3.141}, pose, None, None
290.09, [INFO], r1, {'battery-level': '35.55'}, battery_charge, None, None
300.02, [INFO], r1, {'y': 18.335, 'x': -36.086, 'yaw': 3.141}, pose, None, None
300.02, [INFO], r1, {'battery-level': '35.05'}, battery_charge, None, None
310.02, [INFO], r1, {'y': 20.451, 'x': -36.265, 'yaw': 3.136}, pose, None, None
310.02, [INFO], r1, {'battery-level': '34.55'}, battery_charge, None, None
320.04, [INFO], r1, {'y': 22.577, 'x': -36.312, 'yaw': 3.141}, pose, None, None
320.04, [INFO], r1, {'battery-level': '34.05'}, battery_charge, None, None
330.03, [INFO], r1, {'y': 24.701, 'x': -36.299, 'yaw': 3.141}, pose, None, None
330.03, [INFO], r1, {'battery-level': '33.55'}, battery_charge, None, None
340.08, [INFO], r1, {'y': 26.839, 'x': -36.306, 'yaw': 3.141}, pose, None, None
340.08, [INFO], r1, {'battery-level': '33.05'}, battery_charge, None, None
350.07, [INFO], r1, {'y': 28.951, 'x': -36.355, 'yaw': 3.14}, pose, None, None
350.07, [INFO], r1, {'battery-level': '32.55'}, battery_charge, None, None
360.00, [INFO], r1, {'y': 31.055, 'x': -36.461, 'yaw': 3.142}, pose, None, None
360.00, [INFO], r1, {'battery-level': '32.05'}, battery_charge, None, None
370.06, [INFO], r1, {'y': 33.174, 'x': -36.698, 'yaw': -3.142}, pose, None, None
370.06, [INFO], r1, {'battery-level': '31.55'}, battery_charge, None, None
380.08, [INFO], r1, {'y': 35.293, 'x': -36.871, 'yaw': 3.142}, pose, None, None
380.08, [INFO], r1, {'battery-level': '31.05'}, battery_charge, None, None
390.09, [INFO], r1, {'battery-level': '30.55'}, battery_charge, None, None
390.09, [INFO], r1, {'y': 36.071, 'x': -36.979, 'yaw': -3.141}, pose, None, None
390.48, [INFO], r1, skill-success, None, navto, None
390.48, [INFO], r1, started skill, None, approach-arm, None
390.48, [INFO], r1, sent message, None, None, None
390.48, [INFO], r1, started skill, None, open-drawer, None
390.48, [INFO], r1, sent message, None, None, None
390.48, [INFO], r1, skill-success, None, open-drawer, None
390.48, [INFO], r1, started skill, None, pick-up-sample, None
390.48, [INFO], r1, sent message, None, None, None
390.48, [INFO], r1, skill-success, None, pick-up-sample, None
390.48, [INFO], r1, started skill, None, close-drawer, None
390.48, [INFO], r1, sent message, None, None, None
390.48, [INFO], r1, skill-success, None, close-drawer, None
390.48, [WARN], r1, SUCCESS, None, None, None
