9.46, [INFO], r1, started skill, None, navto, None
10.05, [INFO], r1, {'y': 10.0, 'x': -37.962, 'yaw': 3.141}, pose, None, None
10.05, [INFO], r1, {'battery-level': '24.55'}, battery_charge, None, None
20.03, [INFO], r1, {'battery-level': '24.05'}, battery_charge, None, None
20.03, [INFO], r1, {'y': 11.666, 'x': -37.183, 'yaw': -3.142}, pose, None, None
30.05, [INFO], r1, {'y': 13.779, 'x': -37.085, 'yaw': 3.142}, pose, None, None
30.05, [INFO], r1, {'battery-level': '23.55'}, battery_charge, None, None
40.00, [INFO], r1, {'battery-level': '23.05'}, battery_charge, None, None
40.00, [INFO], r1, {'y': 15.768, 'x': -36.782, 'yaw': -3.142}, pose, None, None
50.05, [INFO], r1, {'y': 15.493, 'x': -34.668, 'yaw': 3.142}, pose, None, None
50.05, [INFO], r1, {'battery-level': '22.55'}, battery_charge, None, None
60.01, [INFO], r1, {'battery-level': '22.05'}, battery_charge, None, None
60.01, [INFO], r1, {'y': 15.533, 'x': -32.566, 'yaw': 3.142}, pose, None, None
70.04, [INFO], r1, {'battery-level': '21.55'}, battery_charge, None, None
70.04, [INFO], r1, {'y': 15.629, 'x': -30.442, 'yaw': -3.138}, pose, None, None
80.00, [INFO], r1, {'y': 15.819, 'x': -28.323, 'yaw': -3.142}, pose, None, None
80.00, [INFO], r1, {'battery-level': '21.05'}, battery_charge, None, None
90.00, [INFO], r1, {'y': 16.156, 'x': -26.223, 'yaw': -3.142}, pose, None, None
90.00, [INFO], r1, {'battery-level': '20.55'}, battery_charge, None, None
100.06, [INFO], r1, {'y': 16.157, 'x': -24.102, 'yaw': -3.141}, pose, None, None
100.06, [INFO], r1, {'battery-level': '20.05'}, battery_charge, None, None
110.07, [INFO], r1, {'y': 16.143, 'x': -21.977, 'yaw': 3.142}, pose, None, None
110.07, [INFO], r1, {'battery-level': '19.55'}, battery_charge, None, None
120.01, [INFO], r1, {'y': 16.368, 'x': -19.882, 'yaw': 3.141}, pose, None, None
120.01, [INFO], r1, {'battery-level': '19.05'}, battery_charge, None, None
130.01, [INFO], r1, {'y': 17.892, 'x': -19.034, 'yaw': 3.141}, pose, None, None
130.01, [INFO], r1, {'battery-level': '18.55'}, battery_charge, None, None
140.03, [INFO], r1, {'y': 17.969, 'x': -18.985, 'yaw': 3.141}, pose, None, None
140.03, [INFO], r1, {'battery-level': '18.05'}, battery_charge, None, None
142.82, [INFO], r1, skill-success, None, navto, None
142.82, [INFO], r1, started skill, None, approach-nurse, None
142.92, [INFO], r1, sent message, None, None, None
142.92, [INFO], r1, skill-success, None, approach-nurse, None
142.92, [INFO], r1, started skill, None, authenticate-nurse, None
142.92, [INFO], r1, sent message, None, None, None
142.92, [INFO], r1, started skill, None, open-drawer, None
142.92, [INFO], r1, sent message, None, None, None
142.92, [INFO], r1, skill-success, None, open-drawer, None
142.92, [INFO], r1, started skill, None, deposit, None
142.92, [INFO], r1, sent message, None, None, None
142.92, [INFO], r1, skill-success, None, deposit, None
142.92, [INFO], r1, started skill, None, close-drawer, None
142.92, [INFO], r1, sent message, None, None, None
142.92, [INFO], r1, skill-success, None, close-drawer, None
142.92, [INFO], r1, started skill, None, navto, None
150.03, [INFO], r1, {'y': 16.667, 'x': -19.625, 'yaw': -3.141}, pose, None, None
150.03, [INFO], r1, {'battery-level': '17.55'}, battery_charge, None, None
160.08, [INFO], r1, {'battery-level': '17.05'}, battery_charge, None, None
160.08, [INFO], r1, {'y': 16.262, 'x': -21.624, 'yaw': -3.142}, pose, None, None
170.07, [INFO], r1, {'y': 16.153, 'x': -23.731, 'yaw': 3.14}, pose, None, None
170.07, [INFO], r1, {'battery-level': '16.55'}, battery_charge, None, None
180.08, [INFO], r1, {'y': 16.128, 'x': -25.843, 'yaw': 3.141}, pose, None, None
180.08, [INFO], r1, {'battery-level': '16.05'}, battery_charge, None, None
190.09, [INFO], r1, {'battery-level': '15.55'}, battery_charge, None, None
190.09, [INFO], r1, {'y': 16.007, 'x': -27.971, 'yaw': 3.139}, pose, None, None
200.02, [INFO], r1, {'y': 15.994, 'x': -30.072, 'yaw': -3.142}, pose, None, None
200.02, [INFO], r1, {'battery-level': '15.05'}, battery_charge, None, None
210.01, [INFO], r1, {'y': 15.82, 'x': -32.182, 'yaw': 3.142}, pose, None, None
210.01, [INFO], r1, {'battery-level': '14.55'}, battery_charge, None, None
220.04, [INFO], r1, {'y': 15.429, 'x': -34.286, 'yaw': -3.142}, pose, None, None
220.04, [INFO], r1, {'battery-level': '14.05'}, battery_charge, None, None
230.06, [INFO], r1, {'battery-level': '13.55'}, battery_charge, None, None
230.06, [INFO], r1, {'y': 16.524, 'x': -36.008, 'yaw': 3.142}, pose, None, None
240.03, [INFO], r1, {'y': 18.621, 'x': -36.141, 'yaw': -3.142}, pose, None, None
240.03, [INFO], r1, {'battery-level': '13.05'}, battery_charge, None, None
250.02, [INFO], r1, {'y': 20.722, 'x': -36.226, 'yaw': 3.142}, pose, None, None
250.02, [INFO], r1, {'battery-level': '12.55'}, battery_charge, None, None
260.03, [INFO], r1, {'battery-level': '12.05'}, battery_charge, None, None
260.03, [INFO], r1, {'y': 22.843, 'x': -36.3, 'yaw': 3.141}, pose, None, None
270.05, [INFO], r1, {'y': 24.959, 'x': -36.252, 'yaw': 3.14}, pose, None, None
270.05, [INFO], r1, {'battery-level': '11.55'}, battery_charge, None, None
280.09, [INFO], r1, {'y': 27.076, 'x': -36.268, 'yaw': 3.141}, pose, None, None
280.09, [INFO], r1, {'battery-level': '11.05'}, battery_charge, None, None
290.06, [INFO], r1, {'battery-level': '10.55'}, battery_charge, None, None
290.06, [INFO], r1, {'y': 29.169, 'x': -36.3, 'yaw': 3.141}, pose, None, None
300.08, [INFO], r1, {'y': 31.299, 'x': -36.478, 'yaw': 3.141}, pose, None, None
300.08, [INFO], r1, {'battery-level': '10.05'}, battery_charge, None, None
310.03, [INFO], r1, {'y': 33.403, 'x': -36.819, 'yaw': -3.142}, pose, None, None
310.03, [INFO], r1, {'battery-level': '9.55'}, battery_charge, None, None
320.08, [INFO], r1, {'y': 35.523, 'x': -36.903, 'yaw': 3.141}, pose, None, None
320.08, [INFO], r1, {'battery-level': '9.05'}, battery_charge, None, None
328.89, [INFO], r1, skill-success, None, navto, None
328.89, [INFO], r1, started skill, None, approach-arm, None
328.89, [INFO], r1, started skill, None, open-drawer, None
328.89, [INFO], r1, sent message, None, None, None
328.89, [INFO], r1, skill-success, None, open-drawer, None
328.89, [INFO], r1, started skill, None, pick-up-sample, None
328.89, [INFO], r1, sent message, None, None, None
328.89, [INFO], r1, skill-success, None, pick-up-sample, None
328.89, [INFO], r1, started skill, None, close-drawer, None
328.89, [INFO], r1, sent message, None, None, None
328.89, [INFO], r1, skill-success, None, close-drawer, None
328.89, [WARN], r1, SUCCESS, None, None, None
330.06, [INFO], r1, {'battery-level': '8.55'}, battery_charge, None, None
330.06, [INFO], r1, {'y': 36.038, 'x': -36.963, 'yaw': -3.142}, pose, None, None
