9.13, [INFO], r1, started skill, None, navto, None
10.10, [INFO], r1, {'y': 10.006, 'x': -37.866, 'yaw': -3.142}, pose, None, None
10.10, [INFO], r1, {'battery-level': '24.55'}, battery_charge, None, None
20.03, [INFO], r1, {'battery-level': '24.05'}, battery_charge, None, None
20.03, [INFO], r1, {'y': 11.727, 'x': -37.131, 'yaw': 3.142}, pose, None, None
30.03, [INFO], r1, {'y': 13.855, 'x': -36.997, 'yaw': 3.142}, pose, None, None
30.03, [INFO], r1, {'battery-level': '23.55'}, battery_charge, None, None
40.09, [INFO], r1, {'y': 15.809, 'x': -36.579, 'yaw': 3.142}, pose, None, None
40.09, [INFO], r1, {'battery-level': '23.05'}, battery_charge, None, None
50.08, [INFO], r1, {'y': 15.436, 'x': -34.468, 'yaw': -3.142}, pose, None, None
50.08, [INFO], r1, {'battery-level': '22.55'}, battery_charge, None, None
60.09, [INFO], r1, {'y': 15.523, 'x': -32.338, 'yaw': 3.142}, pose, None, None
60.09, [INFO], r1, {'battery-level': '22.05'}, battery_charge, None, None
70.09, [INFO], r1, {'battery-level': '21.55'}, battery_charge, None, None
70.09, [INFO], r1, {'y': 15.529, 'x': -30.235, 'yaw': 3.137}, pose, None, None
80.08, [INFO], r1, {'y': 15.824, 'x': -28.118, 'yaw': 3.142}, pose, None, None
80.08, [INFO], r1, {'battery-level': '21.05'}, battery_charge, None, None
90.07, [INFO], r1, {'y': 16.178, 'x': -26.031, 'yaw': -3.141}, pose, None, None
90.07, [INFO], r1, {'battery-level': '20.55'}, battery_charge, None, None
100.05, [INFO], r1, {'battery-level': '20.05'}, battery_charge, None, None
100.05, [INFO], r1, {'y': 16.115, 'x': -23.916, 'yaw': -3.141}, pose, None, None
110.03, [INFO], r1, {'y': 16.183, 'x': -21.801, 'yaw': -3.142}, pose, None, None
110.03, [INFO], r1, {'battery-level': '19.55'}, battery_charge, None, None
120.02, [INFO], r1, {'y': 16.473, 'x': -19.715, 'yaw': 3.141}, pose, None, None
120.02, [INFO], r1, {'battery-level': '19.05'}, battery_charge, None, None
130.09, [INFO], r1, {'y': 17.968, 'x': -19.014, 'yaw': 3.142}, pose, None, None
130.09, [INFO], r1, {'battery-level': '18.55'}, battery_charge, None, None
139.77, [INFO], r1, skill-success, None, navto, None
139.87, [INFO], r1, started skill, None, approach-nurse, None
139.87, [INFO], r1, sent message, None, None, None
139.87, [INFO], r1, skill-success, None, approach-nurse, None
139.87, [INFO], r1, started skill, None, authenticate-nurse, None
139.87, [INFO], r1, sent message, None, None, None
139.87, [INFO], r1, skill-success, None, authenticate-nurse, None
139.87, [INFO], r1, started skill, None, open-drawer, None
139.87, [INFO], r1, sent message, None, None, None
139.87, [INFO], r1, skill-success, None, open-drawer, None
139.87, [INFO], r1, started skill, None, deposit, None
139.87, [INFO], r1, sent message, None, None, None
139.87, [INFO], r1, skill-success, None, deposit, None
139.87, [INFO], r1, started skill, None, close-drawer, None
139.87, [INFO], r1, sent message, None, None, None
139.87, [INFO], r1, skill-success, None, close-drawer, None
139.87, [INFO], r1, started skill, None, navto, None
140.06, [INFO], r1, {'y': 17.969, 'x': -19.001, 'yaw': 3.141}, pose, None, None
140.06, [INFO], r1, {'battery-level': '18.05'}, battery_charge, None, None
150.01, [INFO], r1, {'y': 16.364, 'x': -20.188, 'yaw': 3.142}, pose, None, None
150.01, [INFO], r1, {'battery-level': '17.55'}, battery_charge, None, None
160.02, [INFO], r1, {'battery-level': '17.05'}, battery_charge, None, None
160.02, [INFO], r1, {'y': 16.257, 'x': -22.316, 'yaw': 3.141}, pose, None, None
170.00, [INFO], r1, {'y': 16.18, 'x': -24.407, 'yaw': 3.14}, pose, None, None
170.00, [INFO], r1, {'battery-level': '16.55'}, battery_charge, None, None
180.02, [INFO], r1, {'y': 16.056, 'x': -26.532, 'yaw': 3.14}, pose, None, None
180.02, [INFO], r1, {'battery-level': '16.05'}, battery_charge, None, None
190.09, [INFO], r1, {'battery-level': '15.55'}, battery_charge, None, None
190.09, [INFO], r1, {'y': 16.055, 'x': -28.66, 'yaw': 3.142}, pose, None, None
200.02, [INFO], r1, {'y': 16.043, 'x': -30.747, 'yaw': 3.141}, pose, None, None
200.02, [INFO], r1, {'battery-level': '15.05'}, battery_charge, None, None
210.06, [INFO], r1, {'y': 15.783, 'x': -32.867, 'yaw': -3.141}, pose, None, None
210.06, [INFO], r1, {'battery-level': '14.55'}, battery_charge, None, None
220.08, [INFO], r1, {'y': 15.492, 'x': -34.961, 'yaw': -3.141}, pose, None, None
220.08, [INFO], r1, {'battery-level': '14.05'}, battery_charge, None, None
230.09, [INFO], r1, {'battery-level': '13.55'}, battery_charge, None, None
230.09, [INFO], r1, {'y': 17.166, 'x': -36.136, 'yaw': -3.142}, pose, None, None
240.04, [INFO], r1, {'battery-level': '13.05'}, battery_charge, None, None
240.04, [INFO], r1, {'y': 19.263, 'x': -36.151, 'yaw': -3.141}, pose, None, None
250.00, [INFO], r1, {'battery-level': '12.55'}, battery_charge, None, None
250.00, [INFO], r1, {'y': 21.361, 'x': -36.25, 'yaw': 3.142}, pose, None, None
260.08, [INFO], r1, {'battery-level': '12.05'}, battery_charge, None, None
260.08, [INFO], r1, {'y': 23.503, 'x': -36.334, 'yaw': 3.141}, pose, None, None
270.08, [INFO], r1, {'battery-level': '11.55'}, battery_charge, None, None
270.08, [INFO], r1, {'y': 25.605, 'x': -36.306, 'yaw': 3.141}, pose, None, None
280.00, [INFO], r1, {'y': 27.711, 'x': -36.315, 'yaw': 3.141}, pose, None, None
280.00, [INFO], r1, {'battery-level': '11.05'}, battery_charge, None, None
290.08, [INFO], r1, {'y': 29.85, 'x': -36.345, 'yaw': 3.141}, pose, None, None
290.08, [INFO], r1, {'battery-level': '10.55'}, battery_charge, None, None
300.09, [INFO], r1, {'battery-level': '10.05'}, battery_charge, None, None
300.09, [INFO], r1, {'y': 31.983, 'x': -36.519, 'yaw': 3.142}, pose, None, None
310.00, [INFO], r1, {'battery-level': '9.55'}, battery_charge, None, None
310.00, [INFO], r1, {'y': 34.058, 'x': -36.932, 'yaw': 3.142}, pose, None, None
320.09, [INFO], r1, {'y': 35.982, 'x': -36.98, 'yaw': 3.142}, pose, None, None
320.09, [INFO], r1, {'battery-level': '9.05'}, battery_charge, None, None
326.67, [INFO], r1, skill-success, None, navto, None
326.67, [INFO], r1, started skill, None, approach-arm, None
326.67, [INFO], r1, started skill, None, open-drawer, None
326.67, [INFO], r1, sent message, None, None, None
326.67, [INFO], r1, skill-success, None, open-drawer, None
326.67, [INFO], r1, started skill, None, pick-up-sample, None
326.67, [INFO], r1, sent message, None, None, None
326.67, [INFO], r1, skill-success, None, pick-up-sample, None
326.67, [INFO], r1, started skill, None, close-drawer, None
326.67, [INFO], r1, sent message, None, None, None
326.67, [INFO], r1, skill-success, None, close-drawer, None
326.67, [WARN], r1, SUCCESS, None, None, None
330.06, [INFO], r1, {'y': 36.075, 'x': -37.0, 'yaw': -3.142}, pose, None, None
330.06, [INFO], r1, {'battery-level': '8.55'}, battery_charge, None, None
