8.97, [INFO], r1, started skill, None, navto, None
10.02, [INFO], r1, {'y': 25.349, 'x': -40.098, 'yaw': -3.141}, pose, None, None
10.02, [INFO], r1, {'battery-level': '49.55'}, battery_charge, None, None
20.09, [INFO], r1, {'y': 23.611, 'x': -38.773, 'yaw': 3.142}, pose, None, None
20.09, [INFO], r1, {'battery-level': '49.05'}, battery_charge, None, None
30.01, [INFO], r1, {'y': 22.179, 'x': -37.393, 'yaw': -3.142}, pose, None, None
30.01, [INFO], r1, {'battery-level': '48.55'}, battery_charge, None, None
40.01, [INFO], r1, {'y': 20.077, 'x': -37.221, 'yaw': -3.138}, pose, None, None
40.01, [INFO], r1, {'battery-level': '48.05'}, battery_charge, None, None
50.02, [INFO], r1, {'y': 17.965, 'x': -37.14, 'yaw': 3.14}, pose, None, None
50.02, [INFO], r1, {'battery-level': '47.55'}, battery_charge, None, None
60.03, [INFO], r1, {'y': 15.914, 'x': -36.806, 'yaw': 3.142}, pose, None, None
60.03, [INFO], r1, {'battery-level': '47.05'}, battery_charge, None, None
70.03, [INFO], r1, {'y': 15.418, 'x': -34.731, 'yaw': -3.142}, pose, None, None
70.03, [INFO], r1, {'battery-level': '46.55'}, battery_charge, None, None
80.01, [INFO], r1, {'y': 15.487, 'x': -32.607, 'yaw': 3.141}, pose, None, None
80.01, [INFO], r1, {'battery-level': '46.05'}, battery_charge, None, None
90.00, [INFO], r1, {'y': 15.547, 'x': -30.493, 'yaw': -3.138}, pose, None, None
90.00, [INFO], r1, {'battery-level': '45.55'}, battery_charge, None, None
100.08, [INFO], r1, {'battery-level': '45.05'}, battery_charge, None, None
100.08, [INFO], r1, {'y': 15.737, 'x': -28.361, 'yaw': 3.141}, pose, None, None
110.06, [INFO], r1, {'y': 15.907, 'x': -26.253, 'yaw': 3.142}, pose, None, None
110.06, [INFO], r1, {'battery-level': '44.55'}, battery_charge, None, None
120.01, [INFO], r1, {'y': 15.803, 'x': -24.166, 'yaw': 3.14}, pose, None, None
120.01, [INFO], r1, {'battery-level': '44.05'}, battery_charge, None, None
130.00, [INFO], r1, {'battery-level': '43.55'}, battery_charge, None, None
130.00, [INFO], r1, {'y': 15.784, 'x': -22.051, 'yaw': 3.141}, pose, None, None
140.07, [INFO], r1, {'battery-level': '43.05'}, battery_charge, None, None
140.07, [INFO], r1, {'y': 15.496, 'x': -19.928, 'yaw': -3.141}, pose, None, None
150.03, [INFO], r1, {'battery-level': '42.55'}, battery_charge, None, None
150.03, [INFO], r1, {'y': 14.562, 'x': -18.073, 'yaw': -3.142}, pose, None, None
160.02, [INFO], r1, {'y': 12.932, 'x': -18.151, 'yaw': 3.14}, pose, None, None
160.02, [INFO], r1, {'battery-level': '42.05'}, battery_charge, None, None
165.95, [INFO], r1, skill-success, None, navto, None
165.95, [INFO], r1, started skill, None, approach-nurse, None
165.95, [INFO], r1, sent message, None, None, None
165.95, [INFO], r1, skill-success, None, approach-nurse, None
165.95, [INFO], r1, started skill, None, open-drawer, None
165.95, [INFO], r1, sent message, None, None, None
165.95, [INFO], r1, skill-success, None, open-drawer, None
165.95, [INFO], r1, started skill, None, deposit, None
165.95, [INFO], r1, sent message, None, None, None
165.95, [INFO], r1, skill-success, None, deposit, None
165.95, [INFO], r1, started skill, None, close-drawer, None
165.95, [INFO], r1, sent message, None, None, None
165.95, [INFO], r1, skill-success, None, close-drawer, None
165.95, [INFO], r1, started skill, None, navto, None
170.07, [INFO], r1, {'y': 13.71, 'x': -18.177, 'yaw': 3.142}, pose, None, None
170.07, [INFO], r1, {'battery-level': '41.55'}, battery_charge, None, None
180.02, [INFO], r1, {'y': 15.296, 'x': -19.267, 'yaw': -3.142}, pose, None, None
180.02, [INFO], r1, {'battery-level': '41.05'}, battery_charge, None, None
190.02, [INFO], r1, {'y': 15.736, 'x': -21.361, 'yaw': -3.141}, pose, None, None
190.02, [INFO], r1, {'battery-level': '40.55'}, battery_charge, None, None
200.00, [INFO], r1, {'battery-level': '40.05'}, battery_charge, None, None
200.00, [INFO], r1, {'y': 15.721, 'x': -23.462, 'yaw': 3.141}, pose, None, None
210.09, [INFO], r1, {'y': 15.76, 'x': -25.592, 'yaw': 3.141}, pose, None, None
210.09, [INFO], r1, {'battery-level': '39.55'}, battery_charge, None, None
220.06, [INFO], r1, {'y': 15.887, 'x': -27.692, 'yaw': 3.142}, pose, None, None
220.06, [INFO], r1, {'battery-level': '39.05'}, battery_charge, None, None
230.01, [INFO], r1, {'y': 15.896, 'x': -29.793, 'yaw': 3.142}, pose, None, None
230.01, [INFO], r1, {'battery-level': '38.55'}, battery_charge, None, None
240.03, [INFO], r1, {'battery-level': '38.05'}, battery_charge, None, None
240.03, [INFO], r1, {'y': 15.758, 'x': -31.899, 'yaw': 3.14}, pose, None, None
250.07, [INFO], r1, {'battery-level': '37.55'}, battery_charge, None, None
250.07, [INFO], r1, {'y': 15.506, 'x': -34.005, 'yaw': 3.142}, pose, None, None
260.01, [INFO], r1, {'y': 16.26, 'x': -35.819, 'yaw': -3.138}, pose, None, None
260.01, [INFO], r1, {'battery-level': '37.05'}, battery_charge, None, None
270.03, [INFO], r1, {'y': 18.32, 'x': -36.144, 'yaw': -3.141}, pose, None, None
270.03, [INFO], r1, {'battery-level': '36.55'}, battery_charge, None, None
280.03, [INFO], r1, {'y': 20.429, 'x': -36.229, 'yaw': 3.141}, pose, None, None
280.03, [INFO], r1, {'battery-level': '36.05'}, battery_charge, None, None
290.09, [INFO], r1, {'y': 22.548, 'x': -36.307, 'yaw': 3.141}, pose, None, None
290.09, [INFO], r1, {'battery-level': '35.55'}, battery_charge, None, None
300.06, [INFO], r1, {'battery-level': '35.05'}, battery_charge, None, None
300.06, [INFO], r1, {'y': 24.649, 'x': -36.293, 'yaw': 3.142}, pose, None, None
310.04, [INFO], r1, {'battery-level': '34.55'}, battery_charge, None, None
310.04, [INFO], r1, {'y': 26.749, 'x': -36.279, 'yaw': 3.142}, pose, None, None
320.03, [INFO], r1, {'y': 28.865, 'x': -36.308, 'yaw': -3.142}, pose, None, None
320.03, [INFO], r1, {'battery-level': '34.05'}, battery_charge, None, None
330.03, [INFO], r1, {'y': 30.997, 'x': -36.417, 'yaw': -3.142}, pose, None, None
330.03, [INFO], r1, {'battery-level': '33.55'}, battery_charge, None, None
340.04, [INFO], r1, {'y': 33.113, 'x': -36.682, 'yaw': -3.142}, pose, None, None
340.04, [INFO], r1, {'battery-level': '33.05'}, battery_charge, None, None
350.07, [INFO], r1, {'y': 35.223, 'x': -36.943, 'yaw': 3.142}, pose, None, None
350.07, [INFO], r1, {'battery-level': '32.55'}, battery_charge, None, None
360.03, [INFO], r1, {'y': 36.134, 'x': -37.019, 'yaw': -3.142}, pose, None, None
360.03, [INFO], r1, {'battery-level': '32.05'}, battery_charge, None, None
361.47, [INFO], r1, skill-success, None, navto, None
361.47, [INFO], r1, started skill, None, approach-arm, None
361.47, [INFO], r1, sent message, None, None, None
361.47, [INFO], r1, skill-success, None, approach-arm, None
361.47, [INFO], r1, started skill, None, open-drawer, None
361.47, [INFO], r1, sent message, None, None, None
361.47, [INFO], r1, skill-success, None, open-drawer, None
361.47, [INFO], r1, started skill, None, pick-up-sample, None
361.47, [WARN], r1, SKILL-FAILURE, None, pick-up-sample, None
