9.71, [INFO], r1, started skill, None, navto, None
10.00, [INFO], r1, {'y': 25.37, 'x': -40.223, 'yaw': 3.142}, pose, None, None
10.00, [INFO], r1, {'battery-level': '49.55'}, battery_charge, None, None
20.03, [INFO], r1, {'battery-level': '49.05'}, battery_charge, None, None
20.03, [INFO], r1, {'y': 23.752, 'x': -38.852, 'yaw': 3.142}, pose, None, None
30.01, [INFO], r1, {'y': 22.39, 'x': -37.343, 'yaw': -3.142}, pose, None, None
30.01, [INFO], r1, {'battery-level': '48.55'}, battery_charge, None, None
40.03, [INFO], r1, {'y': 20.279, 'x': -37.285, 'yaw': -3.139}, pose, None, None
40.03, [INFO], r1, {'battery-level': '48.05'}, battery_charge, None, None
50.03, [INFO], r1, {'battery-level': '47.55'}, battery_charge, None, None
50.03, [INFO], r1, {'y': 18.17, 'x': -37.123, 'yaw': 3.141}, pose, None, None
60.04, [INFO], r1, {'y': 16.066, 'x': -36.954, 'yaw': 3.141}, pose, None, None
60.04, [INFO], r1, {'battery-level': '47.05'}, battery_charge, None, None
70.08, [INFO], r1, {'y': 15.501, 'x': -34.919, 'yaw': 3.141}, pose, None, None
70.08, [INFO], r1, {'battery-level': '46.55'}, battery_charge, None, None
80.00, [INFO], r1, {'y': 15.574, 'x': -32.821, 'yaw': 3.141}, pose, None, None
80.00, [INFO], r1, {'battery-level': '46.05'}, battery_charge, None, None
90.02, [INFO], r1, {'y': 15.632, 'x': -30.713, 'yaw': 3.141}, pose, None, None
90.02, [INFO], r1, {'battery-level': '45.55'}, battery_charge, None, None
100.04, [INFO], r1, {'battery-level': '45.05'}, battery_charge, None, None
100.04, [INFO], r1, {'y': 15.797, 'x': -28.594, 'yaw': 3.141}, pose, None, None
110.08, [INFO], r1, {'y': 15.877, 'x': -26.469, 'yaw': 3.139}, pose, None, None
110.08, [INFO], r1, {'battery-level': '44.55'}, battery_charge, None, None
120.00, [INFO], r1, {'y': 15.751, 'x': -24.386, 'yaw': 3.14}, pose, None, None
120.00, [INFO], r1, {'battery-level': '44.05'}, battery_charge, None, None
130.00, [INFO], r1, {'y': 15.661, 'x': -22.268, 'yaw': 3.142}, pose, None, None
130.00, [INFO], r1, {'battery-level': '43.55'}, battery_charge, None, None
140.01, [INFO], r1, {'y': 15.558, 'x': -20.147, 'yaw': -3.142}, pose, None, None
140.01, [INFO], r1, {'battery-level': '43.05'}, battery_charge, None, None
150.00, [INFO], r1, {'y': 14.777, 'x': -18.165, 'yaw': 3.141}, pose, None, None
150.00, [INFO], r1, {'battery-level': '42.55'}, battery_charge, None, None
160.08, [INFO], r1, {'y': 12.976, 'x': -18.137, 'yaw': -3.142}, pose, None, None
160.08, [INFO], r1, {'battery-level': '42.05'}, battery_charge, None, None
166.98, [INFO], r1, skill-success, None, navto, None
166.98, [INFO], r1, started skill, None, approach-nurse, None
166.98, [INFO], r1, sent message, None, None, None
166.98, [INFO], r1, skill-success, None, approach-nurse, None
166.98, [INFO], r1, started skill, None, authenticate-nurse, None
166.98, [INFO], r1, sent message, None, None, None
166.98, [INFO], r1, started skill, None, open-drawer, None
166.98, [INFO], r1, sent message, None, None, None
166.98, [INFO], r1, skill-success, None, open-drawer, None
166.98, [INFO], r1, started skill, None, deposit, None
166.98, [INFO], r1, sent message, None, None, None
166.98, [INFO], r1, skill-success, None, deposit, None
166.98, [INFO], r1, started skill, None, close-drawer, None
166.98, [INFO], r1, sent message, None, None, None
166.98, [INFO], r1, skill-success, None, close-drawer, None
166.98, [INFO], r1, started skill, None, navto, None
170.03, [INFO], r1, {'battery-level': '41.55'}, battery_charge, None, None
170.03, [INFO], r1, {'y': 13.507, 'x': -18.134, 'yaw': -3.142}, pose, None, None
180.03, [INFO], r1, {'y': 15.068, 'x': -19.122, 'yaw': 3.141}, pose, None, None
180.03, [INFO], r1, {'battery-level': '41.05'}, battery_charge, None, None
190.05, [INFO], r1, {'y': 15.633, 'x': -21.178, 'yaw': -3.141}, pose, None, None
190.05, [INFO], r1, {'battery-level': '40.55'}, battery_charge, None, None
200.06, [INFO], r1, {'y': 15.671, 'x': -23.301, 'yaw': -3.142}, pose, None, None
200.06, [INFO], r1, {'battery-level': '40.05'}, battery_charge, None, None
210.03, [INFO], r1, {'battery-level': '39.55'}, battery_charge, None, None
210.03, [INFO], r1, {'y': 15.717, 'x': -25.413, 'yaw': 3.141}, pose, None, None
220.08, [INFO], r1, {'y': 15.808, 'x': -27.544, 'yaw': 3.141}, pose, None, None
220.08, [INFO], r1, {'battery-level': '39.05'}, battery_charge, None, None
230.00, [INFO], r1, {'battery-level': '38.55'}, battery_charge, None, None
230.00, [INFO], r1, {'y': 15.858, 'x': -29.641, 'yaw': -3.142}, pose, None, None
240.00, [INFO], r1, {'battery-level': '38.05'}, battery_charge, None, None
240.00, [INFO], r1, {'y': 15.738, 'x': -31.751, 'yaw': 3.141}, pose, None, None
250.04, [INFO], r1, {'battery-level': '37.55'}, battery_charge, None, None
250.04, [INFO], r1, {'y': 15.536, 'x': -33.877, 'yaw': 3.141}, pose, None, None
260.05, [INFO], r1, {'y': 16.244, 'x': -35.731, 'yaw': 3.141}, pose, None, None
260.05, [INFO], r1, {'battery-level': '37.05'}, battery_charge, None, None
270.09, [INFO], r1, {'y': 18.282, 'x': -36.07, 'yaw': 3.141}, pose, None, None
270.09, [INFO], r1, {'battery-level': '36.55'}, battery_charge, None, None
280.07, [INFO], r1, {'y': 20.381, 'x': -36.219, 'yaw': 3.138}, pose, None, None
280.07, [INFO], r1, {'battery-level': '36.05'}, battery_charge, None, None
290.07, [INFO], r1, {'y': 22.503, 'x': -36.296, 'yaw': 3.141}, pose, None, None
290.07, [INFO], r1, {'battery-level': '35.55'}, battery_charge, None, None
300.09, [INFO], r1, {'y': 24.63, 'x': -36.264, 'yaw': 3.141}, pose, None, None
300.09, [INFO], r1, {'battery-level': '35.05'}, battery_charge, None, None
310.08, [INFO], r1, {'y': 26.741, 'x': -36.255, 'yaw': 3.141}, pose, None, None
310.08, [INFO], r1, {'battery-level': '34.55'}, battery_charge, None, None
320.01, [INFO], r1, {'battery-level': '34.05'}, battery_charge, None, None
320.01, [INFO], r1, {'y': 28.836, 'x': -36.29, 'yaw': 3.141}, pose, None, None
330.04, [INFO], r1, {'y': 30.956, 'x': -36.45, 'yaw': -3.142}, pose, None, None
330.04, [INFO], r1, {'battery-level': '33.55'}, battery_charge, None, None
340.00, [INFO], r1, {'y': 33.06, 'x': -36.701, 'yaw': 3.142}, pose, None, None
340.00, [INFO], r1, {'battery-level': '33.05'}, battery_charge, None, None
350.01, [INFO], r1, {'y': 35.162, 'x': -36.906, 'yaw': 3.142}, pose, None, None
350.01, [INFO], r1, {'battery-level': '32.55'}, battery_charge, None, None
360.05, [INFO], r1, {'battery-level': '32.05'}, battery_charge, None, None
360.05, [INFO], r1, {'y': 36.07, 'x': -37.003, 'yaw': -3.142}, pose, None, None
361.50, [INFO], r1, skill-success, None, navto, None
361.50, [INFO], r1, started skill, None, approach-arm, None
361.50, [INFO], r1, started skill, None, open-drawer, None
361.50, [INFO], r1, sent message, None, None, None
361.50, [INFO], r1, skill-success, None, open-drawer, None
361.50, [INFO], r1, started skill, None, pick-up-sample, None
361.50, [INFO], r1, sent message, None, None, None
361.50, [INFO], r1, skill-success, None, pick-up-sample, None
361.50, [INFO], r1, started skill, None, close-drawer, None
361.50, [INFO], r1, sent message, None, None, None
361.50, [INFO], r1, skill-success, None, close-drawer, None
361.50, [WARN], r1, SUCCESS, None, None, None
