0.19, [DEBUG], logger, ROBOTS_CONFIG={'capabilities': ['approach_person', 'approach_robot', 'authenticate_person', 'navigation', 'operate_drawer'], 'battery_charge': 0.5, 'nurse_pose': [-18.0, 13.0, 1.57], 'robot_pose': [-40.23, 25.37, 0.0]}, None, None, None
0.19, [DEBUG], logger, Simulation open, None, None, None
10.07, [INFO], r1, {'battery-level': '49.55'}, battery_charge, None, None
10.07, [INFO], r1, {'y': 25.37, 'x': -40.23, 'yaw': 3.142}, pose, None, None
10.86, [INFO], r1, started skill, None, navto, None
20.05, [INFO], r1, {'battery-level': '49.05'}, battery_charge, None, None
20.05, [INFO], r1, {'y': 23.937, 'x': -39.0, 'yaw': 3.142}, pose, None, None
30.06, [INFO], r1, {'y': 22.582, 'x': -37.434, 'yaw': -3.142}, pose, None, None
30.06, [INFO], r1, {'battery-level': '48.55'}, battery_charge, None, None
40.06, [INFO], r1, {'y': 20.455, 'x': -37.248, 'yaw': -3.141}, pose, None, None
40.06, [INFO], r1, {'battery-level': '48.05'}, battery_charge, None, None
50.06, [INFO], r1, {'y': 18.325, 'x': -37.145, 'yaw': 3.141}, pose, None, None
50.06, [INFO], r1, {'battery-level': '47.55'}, battery_charge, None, None
60.06, [INFO], r1, {'y': 16.205, 'x': -36.976, 'yaw': 3.14}, pose, None, None
60.06, [INFO], r1, {'battery-level': '47.05'}, battery_charge, None, None
70.06, [INFO], r1, {'battery-level': '46.55'}, battery_charge, None, None
70.06, [INFO], r1, {'y': 15.518, 'x': -34.969, 'yaw': 3.141}, pose, None, None
80.03, [INFO], r1, {'y': 15.491, 'x': -32.862, 'yaw': -3.142}, pose, None, None
80.03, [INFO], r1, {'battery-level': '46.05'}, battery_charge, None, None
90.05, [INFO], r1, {'y': 15.534, 'x': -30.745, 'yaw': -3.141}, pose, None, None
90.05, [INFO], r1, {'battery-level': '45.55'}, battery_charge, None, None
100.00, [INFO], r1, {'y': 15.73, 'x': -28.634, 'yaw': 3.138}, pose, None, None
100.00, [INFO], r1, {'battery-level': '45.05'}, battery_charge, None, None
110.08, [INFO], r1, {'battery-level': '44.55'}, battery_charge, None, None
110.08, [INFO], r1, {'y': 15.864, 'x': -26.506, 'yaw': -3.141}, pose, None, None
120.07, [INFO], r1, {'y': 15.752, 'x': -24.395, 'yaw': 3.14}, pose, None, None
120.07, [INFO], r1, {'battery-level': '44.05'}, battery_charge, None, None
130.06, [INFO], r1, {'y': 15.733, 'x': -22.277, 'yaw': 3.142}, pose, None, None
130.06, [INFO], r1, {'battery-level': '43.55'}, battery_charge, None, None
140.04, [INFO], r1, {'y': 15.537, 'x': -20.156, 'yaw': 3.14}, pose, None, None
140.04, [INFO], r1, {'battery-level': '43.05'}, battery_charge, None, None
150.10, [INFO], r1, {'y': 14.701, 'x': -18.2, 'yaw': 3.141}, pose, None, None
150.10, [INFO], r1, {'battery-level': '42.55'}, battery_charge, None, None
160.06, [INFO], r1, {'y': 12.957, 'x': -18.16, 'yaw': 3.141}, pose, None, None
160.06, [INFO], r1, {'battery-level': '42.05'}, battery_charge, None, None
165.80, [INFO], r1, skill-success, None, navto, None
165.80, [INFO], r1, started skill, None, approach-nurse, None
165.80, [INFO], r1, sent message, None, None, None
165.80, [INFO], r1, skill-success, None, approach-nurse, None
165.80, [INFO], r1, started skill, None, authenticate-nurse, None
165.80, [INFO], r1, sent message, None, None, None
165.80, [INFO], r1, skill-success, None, authenticate-nurse, None
165.80, [INFO], r1, started skill, None, open-drawer, None
165.80, [INFO], r1, sent message, None, None, None
165.80, [INFO], r1, skill-success, None, open-drawer, None
165.80, [INFO], r1, started skill, None, deposit, None
165.80, [INFO], r1, sent message, None, None, None
165.80, [INFO], r1, skill-success, None, deposit, None
165.80, [INFO], r1, started skill, None, close-drawer, None
165.80, [INFO], r1, sent message, None, None, None
165.80, [INFO], r1, skill-success, None, close-drawer, None
165.80, [INFO], r1, started skill, None, navto, None
170.06, [INFO], r1, {'y': 13.756, 'x': -18.209, 'yaw': 3.141}, pose, None, None
170.06, [INFO], r1, {'battery-level': '41.55'}, battery_charge, None, None
180.05, [INFO], r1, {'y': 15.317, 'x': -19.345, 'yaw': 3.141}, pose, None, None
180.05, [INFO], r1, {'battery-level': '41.05'}, battery_charge, None, None
190.04, [INFO], r1, {'y': 15.712, 'x': -21.439, 'yaw': -3.142}, pose, None, None
190.04, [INFO], r1, {'battery-level': '40.55'}, battery_charge, None, None
200.02, [INFO], r1, {'y': 15.702, 'x': -23.553, 'yaw': 3.142}, pose, None, None
200.02, [INFO], r1, {'battery-level': '40.05'}, battery_charge, None, None
210.09, [INFO], r1, {'battery-level': '39.55'}, battery_charge, None, None
210.09, [INFO], r1, {'y': 15.747, 'x': -25.678, 'yaw': 3.14}, pose, None, None
220.05, [INFO], r1, {'y': 15.85, 'x': -27.78, 'yaw': 3.142}, pose, None, None
220.05, [INFO], r1, {'battery-level': '39.05'}, battery_charge, None, None
230.03, [INFO], r1, {'battery-level': '38.55'}, battery_charge, None, None
230.03, [INFO], r1, {'y': 15.898, 'x': -29.878, 'yaw': 3.141}, pose, None, None
240.01, [INFO], r1, {'y': 15.775, 'x': -31.988, 'yaw': 3.141}, pose, None, None
240.01, [INFO], r1, {'battery-level': '38.05'}, battery_charge, None, None
250.07, [INFO], r1, {'y': 15.524, 'x': -34.118, 'yaw': 3.141}, pose, None, None
250.07, [INFO], r1, {'battery-level': '37.55'}, battery_charge, None, None
260.05, [INFO], r1, {'battery-level': '37.05'}, battery_charge, None, None
260.05, [INFO], r1, {'y': 16.403, 'x': -35.911, 'yaw': -3.142}, pose, None, None
270.04, [INFO], r1, {'battery-level': '36.55'}, battery_charge, None, None
270.04, [INFO], r1, {'y': 18.479, 'x': -36.157, 'yaw': 3.136}, pose, None, None
280.02, [INFO], r1, {'y': 20.593, 'x': -36.206, 'yaw': -3.142}, pose, None, None
280.02, [INFO], r1, {'battery-level': '36.05'}, battery_charge, None, None
290.04, [INFO], r1, {'y': 22.701, 'x': -36.284, 'yaw': 3.141}, pose, None, None
290.04, [INFO], r1, {'battery-level': '35.55'}, battery_charge, None, None
300.04, [INFO], r1, {'battery-level': '35.05'}, battery_charge, None, None
300.04, [INFO], r1, {'y': 24.829, 'x': -36.252, 'yaw': 3.141}, pose, None, None
310.06, [INFO], r1, {'y': 26.936, 'x': -36.277, 'yaw': 3.142}, pose, None, None
310.06, [INFO], r1, {'battery-level': '34.55'}, battery_charge, None, None
320.05, [INFO], r1, {'y': 29.049, 'x': -36.351, 'yaw': 3.141}, pose, None, None
320.05, [INFO], r1, {'battery-level': '34.05'}, battery_charge, None, None
330.06, [INFO], r1, {'y': 31.155, 'x': -36.488, 'yaw': -3.142}, pose, None, None
330.06, [INFO], r1, {'battery-level': '33.55'}, battery_charge, None, None
340.06, [INFO], r1, {'y': 33.277, 'x': -36.759, 'yaw': 3.142}, pose, None, None
340.06, [INFO], r1, {'battery-level': '33.05'}, battery_charge, None, None
350.06, [INFO], r1, {'y': 35.391, 'x': -36.927, 'yaw': 3.139}, pose, None, None
350.06, [INFO], r1, {'battery-level': '32.55'}, battery_charge, None, None
360.06, [INFO], r1, {'battery-level': '32.05'}, battery_charge, None, None
360.06, [INFO], r1, {'y': 36.064, 'x': -37.025, 'yaw': 3.142}, pose, None, None
362.05, [INFO], r1, skill-success, None, navto, None
362.05, [INFO], r1, started skill, None, approach-arm, None
362.05, [INFO], r1, sent message, None, None, None
362.05, [INFO], r1, skill-success, None, approach-arm, None
362.05, [INFO], r1, started skill, None, open-drawer, None
362.05, [INFO], r1, sent message, None, None, None
362.15, [INFO], r1, skill-success, None, open-drawer, None
362.15, [INFO], r1, started skill, None, pick-up-sample, None
362.15, [INFO], r1, sent message, None, None, None
362.15, [INFO], r1, skill-success, None, pick-up-sample, None
362.15, [INFO], r1, started skill, None, close-drawer, None
362.15, [INFO], r1, sent message, None, None, None
362.15, [INFO], r1, skill-success, None, close-drawer, None
362.15, [WARN], r1, SUCCESS, None, None, None
