9.88, [INFO], r1, started skill, None, navto, None
10.08, [INFO], r1, {'battery-level': '49.60'}, battery_charge, None, None
10.08, [INFO], r1, {'y': 25.37, 'x': -40.23, 'yaw': -3.142}, pose, None, None
20.09, [INFO], r1, {'y': 23.775, 'x': -38.9, 'yaw': 3.142}, pose, None, None
20.09, [INFO], r1, {'battery-level': '49.10'}, battery_charge, None, None
30.01, [INFO], r1, {'y': 22.417, 'x': -37.385, 'yaw': 3.14}, pose, None, None
30.01, [INFO], r1, {'battery-level': '48.60'}, battery_charge, None, None
40.03, [INFO], r1, {'y': 20.29, 'x': -37.274, 'yaw': 3.141}, pose, None, None
40.03, [INFO], r1, {'battery-level': '48.10'}, battery_charge, None, None
50.02, [INFO], r1, {'battery-level': '47.60'}, battery_charge, None, None
50.02, [INFO], r1, {'y': 18.194, 'x': -37.139, 'yaw': 3.142}, pose, None, None
60.03, [INFO], r1, {'y': 16.115, 'x': -36.867, 'yaw': 3.141}, pose, None, None
60.03, [INFO], r1, {'battery-level': '47.10'}, battery_charge, None, None
70.03, [INFO], r1, {'y': 15.395, 'x': -34.845, 'yaw': -3.141}, pose, None, None
70.03, [INFO], r1, {'battery-level': '46.60'}, battery_charge, None, None
80.02, [INFO], r1, {'y': 15.505, 'x': -32.724, 'yaw': 3.141}, pose, None, None
80.02, [INFO], r1, {'battery-level': '46.10'}, battery_charge, None, None
90.09, [INFO], r1, {'battery-level': '45.60'}, battery_charge, None, None
90.09, [INFO], r1, {'y': 15.613, 'x': -30.591, 'yaw': -3.141}, pose, None, None
100.09, [INFO], r1, {'y': 15.777, 'x': -28.479, 'yaw': -3.141}, pose, None, None
100.09, [INFO], r1, {'battery-level': '45.10'}, battery_charge, None, None
110.05, [INFO], r1, {'y': 15.815, 'x': -26.372, 'yaw': 3.141}, pose, None, None
110.05, [INFO], r1, {'battery-level': '44.60'}, battery_charge, None, None
120.03, [INFO], r1, {'y': 15.739, 'x': -24.258, 'yaw': 3.142}, pose, None, None
120.03, [INFO], r1, {'battery-level': '44.10'}, battery_charge, None, None
130.02, [INFO], r1, {'y': 15.665, 'x': -22.155, 'yaw': 3.141}, pose, None, None
130.02, [INFO], r1, {'battery-level': '43.60'}, battery_charge, None, None
140.02, [INFO], r1, {'y': 15.555, 'x': -20.03, 'yaw': 3.142}, pose, None, None
140.02, [INFO], r1, {'battery-level': '43.10'}, battery_charge, None, None
150.10, [INFO], r1, {'y': 14.688, 'x': -18.072, 'yaw': -3.142}, pose, None, None
150.10, [INFO], r1, {'battery-level': '42.60'}, battery_charge, None, None
160.07, [INFO], r1, {'y': 12.961, 'x': -18.144, 'yaw': -3.141}, pose, None, None
160.07, [INFO], r1, {'battery-level': '42.10'}, battery_charge, None, None
167.03, [INFO], r1, skill-success, None, navto, None
167.03, [INFO], r1, started skill, None, approach-nurse, None
167.03, [INFO], r1, sent message, None, None, None
167.03, [INFO], r1, skill-success, None, approach-nurse, None
167.03, [INFO], r1, started skill, None, authenticate-nurse, None
167.03, [INFO], r1, started skill, None, open-drawer, None
167.03, [INFO], r1, sent message, None, None, None
167.03, [INFO], r1, skill-success, None, open-drawer, None
167.03, [INFO], r1, started skill, None, deposit, None
167.03, [INFO], r1, sent message, None, None, None
167.03, [INFO], r1, skill-success, None, deposit, None
167.03, [INFO], r1, started skill, None, close-drawer, None
167.03, [INFO], r1, sent message, None, None, None
167.03, [INFO], r1, skill-success, None, close-drawer, None
167.03, [INFO], r1, started skill, None, navto, None
170.07, [INFO], r1, {'y': 13.498, 'x': -18.158, 'yaw': 3.142}, pose, None, None
170.07, [INFO], r1, {'battery-level': '41.60'}, battery_charge, None, None
180.07, [INFO], r1, {'battery-level': '41.10'}, battery_charge, None, None
180.07, [INFO], r1, {'y': 15.186, 'x': -19.106, 'yaw': 3.141}, pose, None, None
190.05, [INFO], r1, {'y': 15.664, 'x': -21.18, 'yaw': -3.141}, pose, None, None
190.05, [INFO], r1, {'battery-level': '40.60'}, battery_charge, None, None
200.09, [INFO], r1, {'battery-level': '40.10'}, battery_charge, None, None
200.09, [INFO], r1, {'y': 15.718, 'x': -23.286, 'yaw': -3.142}, pose, None, None
210.07, [INFO], r1, {'y': 15.775, 'x': -25.386, 'yaw': 3.141}, pose, None, None
210.07, [INFO], r1, {'battery-level': '39.60'}, battery_charge, None, None
220.05, [INFO], r1, {'y': 15.855, 'x': -27.482, 'yaw': 3.142}, pose, None, None
220.05, [INFO], r1, {'battery-level': '39.10'}, battery_charge, None, None
230.05, [INFO], r1, {'y': 15.933, 'x': -29.603, 'yaw': 3.142}, pose, None, None
230.05, [INFO], r1, {'battery-level': '38.60'}, battery_charge, None, None
240.05, [INFO], r1, {'y': 15.836, 'x': -31.71, 'yaw': -3.141}, pose, None, None
240.05, [INFO], r1, {'battery-level': '38.10'}, battery_charge, None, None
250.04, [INFO], r1, {'battery-level': '37.60'}, battery_charge, None, None
250.04, [INFO], r1, {'y': 15.569, 'x': -33.818, 'yaw': 3.142}, pose, None, None
260.03, [INFO], r1, {'y': 16.185, 'x': -35.681, 'yaw': 3.14}, pose, None, None
260.03, [INFO], r1, {'battery-level': '37.10'}, battery_charge, None, None
270.03, [INFO], r1, {'battery-level': '36.60'}, battery_charge, None, None
270.03, [INFO], r1, {'y': 18.215, 'x': -36.084, 'yaw': 3.141}, pose, None, None
280.00, [INFO], r1, {'y': 20.328, 'x': -36.262, 'yaw': 3.142}, pose, None, None
280.00, [INFO], r1, {'battery-level': '36.10'}, battery_charge, None, None
290.04, [INFO], r1, {'y': 22.445, 'x': -36.323, 'yaw': 3.141}, pose, None, None
290.04, [INFO], r1, {'battery-level': '35.60'}, battery_charge, None, None
300.06, [INFO], r1, {'battery-level': '35.10'}, battery_charge, None, None
300.06, [INFO], r1, {'y': 24.566, 'x': -36.31, 'yaw': 3.141}, pose, None, None
310.05, [INFO], r1, {'battery-level': '34.60'}, battery_charge, None, None
310.05, [INFO], r1, {'y': 26.665, 'x': -36.308, 'yaw': 3.141}, pose, None, None
320.09, [INFO], r1, {'y': 28.793, 'x': -36.387, 'yaw': 3.141}, pose, None, None
320.09, [INFO], r1, {'battery-level': '34.10'}, battery_charge, None, None
330.00, [INFO], r1, {'y': 30.881, 'x': -36.481, 'yaw': 3.141}, pose, None, None
330.00, [INFO], r1, {'battery-level': '33.60'}, battery_charge, None, None
340.00, [INFO], r1, {'y': 32.981, 'x': -36.748, 'yaw': 3.141}, pose, None, None
340.00, [INFO], r1, {'battery-level': '33.10'}, battery_charge, None, None
350.02, [INFO], r1, {'y': 35.095, 'x': -36.874, 'yaw': -3.142}, pose, None, None
350.02, [INFO], r1, {'battery-level': '32.60'}, battery_charge, None, None
360.06, [INFO], r1, {'y': 35.93, 'x': -36.971, 'yaw': 3.142}, pose, None, None
360.06, [INFO], r1, {'battery-level': '32.10'}, battery_charge, None, None
364.10, [INFO], r1, skill-success, None, navto, None
364.10, [INFO], r1, started skill, None, approach-arm, None
364.10, [INFO], r1, sent message, None, None, None
364.10, [INFO], r1, skill-success, None, approach-arm, None
364.10, [INFO], r1, started skill, None, open-drawer, None
364.10, [INFO], r1, sent message, None, None, None
364.10, [INFO], r1, skill-success, None, open-drawer, None
364.10, [INFO], r1, started skill, None, pick-up-sample, None
364.10, [INFO], r1, sent message, None, None, None
364.10, [INFO], r1, skill-success, None, pick-up-sample, None
364.10, [INFO], r1, started skill, None, close-drawer, None
364.10, [INFO], r1, sent message, None, None, None
364.10, [INFO], r1, skill-success, None, close-drawer, None
364.10, [WARN], r1, SUCCESS, None, None, None
370.01, [INFO], r1, {'battery-level': '31.60'}, battery_charge, None, None
370.01, [INFO], r1, {'y': 35.935, 'x': -36.967, 'yaw': -3.142}, pose, None, None
