9.65, [INFO], r1, started skill, None, navto, None
10.04, [INFO], r1, {'y': 25.37, 'x': -40.223, 'yaw': 3.142}, pose, None, None
10.04, [INFO], r1, {'battery-level': '49.60'}, battery_charge, None, None
20.07, [INFO], r1, {'y': 23.741, 'x': -38.878, 'yaw': 3.141}, pose, None, None
20.07, [INFO], r1, {'battery-level': '49.10'}, battery_charge, None, None
30.07, [INFO], r1, {'y': 22.357, 'x': -37.374, 'yaw': 3.136}, pose, None, None
30.07, [INFO], r1, {'battery-level': '48.60'}, battery_charge, None, None
40.04, [INFO], r1, {'y': 20.257, 'x': -37.284, 'yaw': -3.136}, pose, None, None
40.04, [INFO], r1, {'battery-level': '48.10'}, battery_charge, None, None
50.08, [INFO], r1, {'battery-level': '47.60'}, battery_charge, None, None
50.08, [INFO], r1, {'y': 18.132, 'x': -37.153, 'yaw': 3.14}, pose, None, None
60.05, [INFO], r1, {'battery-level': '47.10'}, battery_charge, None, None
60.05, [INFO], r1, {'y': 16.177, 'x': -36.724, 'yaw': 3.141}, pose, None, None
70.06, [INFO], r1, {'y': 15.466, 'x': -34.697, 'yaw': -3.141}, pose, None, None
70.06, [INFO], r1, {'battery-level': '46.60'}, battery_charge, None, None
80.08, [INFO], r1, {'battery-level': '46.10'}, battery_charge, None, None
80.08, [INFO], r1, {'y': 15.51, 'x': -32.585, 'yaw': -3.142}, pose, None, None
90.00, [INFO], r1, {'y': 15.599, 'x': -30.487, 'yaw': 3.141}, pose, None, None
90.00, [INFO], r1, {'battery-level': '45.60'}, battery_charge, None, None
100.03, [INFO], r1, {'battery-level': '45.10'}, battery_charge, None, None
100.03, [INFO], r1, {'y': 15.775, 'x': -28.586, 'yaw': -3.141}, pose, None, None
110.01, [INFO], r1, {'battery-level': '44.60'}, battery_charge, None, None
110.01, [INFO], r1, {'y': 15.802, 'x': -28.564, 'yaw': 3.141}, pose, None, None
120.01, [INFO], r1, {'y': 15.802, 'x': -28.565, 'yaw': -3.142}, pose, None, None
120.01, [INFO], r1, {'battery-level': '44.10'}, battery_charge, None, None
130.02, [INFO], r1, {'y': 15.801, 'x': -28.564, 'yaw': 3.142}, pose, None, None
130.02, [INFO], r1, {'battery-level': '43.60'}, battery_charge, None, None
140.03, [INFO], r1, {'battery-level': '43.10'}, battery_charge, None, None
140.03, [INFO], r1, {'y': 15.811, 'x': -28.566, 'yaw': 3.141}, pose, None, None
150.03, [INFO], r1, {'y': 16.93, 'x': -28.457, 'yaw': 3.14}, pose, None, None
150.03, [INFO], r1, {'battery-level': '42.60'}, battery_charge, None, None
160.03, [INFO], r1, {'y': 17.026, 'x': -28.444, 'yaw': -3.141}, pose, None, None
160.03, [INFO], r1, {'battery-level': '42.10'}, battery_charge, None, None
170.03, [INFO], r1, {'y': 16.921, 'x': -28.426, 'yaw': -3.141}, pose, None, None
170.03, [INFO], r1, {'battery-level': '41.60'}, battery_charge, None, None
180.01, [INFO], r1, {'y': 16.896, 'x': -28.576, 'yaw': 3.141}, pose, None, None
180.01, [INFO], r1, {'battery-level': '41.10'}, battery_charge, None, None
190.01, [INFO], r1, {'y': 16.724, 'x': -28.681, 'yaw': 3.141}, pose, None, None
190.01, [INFO], r1, {'battery-level': '40.60'}, battery_charge, None, None
200.04, [INFO], r1, {'y': 16.426, 'x': -28.527, 'yaw': 3.142}, pose, None, None
200.04, [INFO], r1, {'battery-level': '40.10'}, battery_charge, None, None
210.02, [INFO], r1, {'y': 17.135, 'x': -28.508, 'yaw': 3.139}, pose, None, None
210.02, [INFO], r1, {'battery-level': '39.60'}, battery_charge, None, None
220.01, [INFO], r1, {'battery-level': '39.10'}, battery_charge, None, None
220.01, [INFO], r1, {'y': 16.759, 'x': -28.612, 'yaw': 3.142}, pose, None, None
230.06, [INFO], r1, {'battery-level': '38.60'}, battery_charge, None, None
230.06, [INFO], r1, {'y': 16.761, 'x': -28.613, 'yaw': -3.142}, pose, None, None
240.06, [INFO], r1, {'y': 16.762, 'x': -28.613, 'yaw': 3.142}, pose, None, None
240.06, [INFO], r1, {'battery-level': '38.10'}, battery_charge, None, None
250.06, [INFO], r1, {'battery-level': '37.60'}, battery_charge, None, None
250.06, [INFO], r1, {'y': 17.05, 'x': -28.443, 'yaw': 3.141}, pose, None, None
260.06, [INFO], r1, {'battery-level': '37.10'}, battery_charge, None, None
260.06, [INFO], r1, {'y': 17.06, 'x': -28.261, 'yaw': -3.138}, pose, None, None
268.51, [WARN], r1, SKILL-FAILURE, None, navto, None
270.06, [INFO], r1, {'y': 16.599, 'x': -28.581, 'yaw': 3.142}, pose, None, None
270.06, [INFO], r1, {'battery-level': '36.60'}, battery_charge, None, None
280.02, [INFO], r1, {'y': 16.599, 'x': -28.581, 'yaw': 3.142}, pose, None, None
280.02, [INFO], r1, {'battery-level': '36.10'}, battery_charge, None, None
