9.41, [INFO], r1, started skill, None, navto, None
10.01, [INFO], r1, {'battery-level': '49.55'}, battery_charge, None, None
10.01, [INFO], r1, {'y': 25.369, 'x': -40.181, 'yaw': 3.141}, pose, None, None
20.04, [INFO], r1, {'y': 23.692, 'x': -38.837, 'yaw': 3.142}, pose, None, None
20.04, [INFO], r1, {'battery-level': '49.05'}, battery_charge, None, None
30.07, [INFO], r1, {'y': 22.279, 'x': -37.377, 'yaw': 3.142}, pose, None, None
30.07, [INFO], r1, {'battery-level': '48.55'}, battery_charge, None, None
40.09, [INFO], r1, {'y': 20.161, 'x': -37.262, 'yaw': -3.136}, pose, None, None
40.09, [INFO], r1, {'battery-level': '48.05'}, battery_charge, None, None
50.03, [INFO], r1, {'battery-level': '47.55'}, battery_charge, None, None
50.03, [INFO], r1, {'y': 18.067, 'x': -37.177, 'yaw': 3.14}, pose, None, None
60.06, [INFO], r1, {'y': 16.049, 'x': -36.804, 'yaw': 3.14}, pose, None, None
60.06, [INFO], r1, {'battery-level': '47.05'}, battery_charge, None, None
70.09, [INFO], r1, {'y': 15.391, 'x': -34.756, 'yaw': -3.141}, pose, None, None
70.09, [INFO], r1, {'battery-level': '46.55'}, battery_charge, None, None
80.03, [INFO], r1, {'y': 15.513, 'x': -32.651, 'yaw': 3.141}, pose, None, None
80.03, [INFO], r1, {'battery-level': '46.05'}, battery_charge, None, None
90.06, [INFO], r1, {'y': 15.606, 'x': -30.523, 'yaw': -3.141}, pose, None, None
90.06, [INFO], r1, {'battery-level': '45.55'}, battery_charge, None, None
100.09, [INFO], r1, {'y': 15.813, 'x': -28.414, 'yaw': 3.141}, pose, None, None
100.09, [INFO], r1, {'battery-level': '45.05'}, battery_charge, None, None
110.03, [INFO], r1, {'y': 17.029, 'x': -27.035, 'yaw': -3.141}, pose, None, None
110.03, [INFO], r1, {'battery-level': '44.55'}, battery_charge, None, None
120.06, [INFO], r1, {'y': 17.96, 'x': -27.2, 'yaw': 3.142}, pose, None, None
120.06, [INFO], r1, {'battery-level': '44.05'}, battery_charge, None, None
124.77, [INFO], r1, skill-success, None, navto, None
124.77, [INFO], r1, started skill, None, approach-nurse, None
124.87, [INFO], r1, sent message, None, None, None
124.87, [INFO], r1, skill-success, None, approach-nurse, None
124.87, [INFO], r1, skill-success, None, authenticate-nurse, None
124.87, [INFO], r1, started skill, None, open-drawer, None
124.87, [INFO], r1, sent message, None, None, None
124.87, [INFO], r1, skill-success, None, open-drawer, None
124.87, [INFO], r1, started skill, None, deposit, None
124.87, [INFO], r1, sent message, None, None, None
124.87, [INFO], r1, skill-success, None, deposit, None
124.87, [INFO], r1, started skill, None, close-drawer, None
124.87, [INFO], r1, sent message, None, None, None
124.87, [INFO], r1, skill-success, None, close-drawer, None
124.87, [INFO], r1, started skill, None, navto, None
130.09, [INFO], r1, {'y': 16.905, 'x': -27.056, 'yaw': 3.139}, pose, None, None
130.09, [INFO], r1, {'battery-level': '43.55'}, battery_charge, None, None
140.02, [INFO], r1, {'y': 16.053, 'x': -28.485, 'yaw': -3.142}, pose, None, None
140.02, [INFO], r1, {'battery-level': '43.05'}, battery_charge, None, None
150.05, [INFO], r1, {'y': 15.978, 'x': -30.615, 'yaw': 3.142}, pose, None, None
150.05, [INFO], r1, {'battery-level': '42.55'}, battery_charge, None, None
160.09, [INFO], r1, {'battery-level': '42.05'}, battery_charge, None, None
160.09, [INFO], r1, {'y': 15.791, 'x': -32.73, 'yaw': 3.141}, pose, None, None
170.03, [INFO], r1, {'y': 15.416, 'x': -34.812, 'yaw': -3.142}, pose, None, None
170.03, [INFO], r1, {'battery-level': '41.55'}, battery_charge, None, None
180.06, [INFO], r1, {'y': 17.034, 'x': -36.11, 'yaw': 3.142}, pose, None, None
180.06, [INFO], r1, {'battery-level': '41.05'}, battery_charge, None, None
190.09, [INFO], r1, {'y': 19.153, 'x': -36.179, 'yaw': -3.141}, pose, None, None
190.09, [INFO], r1, {'battery-level': '40.55'}, battery_charge, None, None
200.02, [INFO], r1, {'y': 21.245, 'x': -36.297, 'yaw': 3.142}, pose, None, None
200.02, [INFO], r1, {'battery-level': '40.05'}, battery_charge, None, None
210.05, [INFO], r1, {'battery-level': '39.55'}, battery_charge, None, None
210.05, [INFO], r1, {'y': 23.353, 'x': -36.365, 'yaw': 3.141}, pose, None, None
220.08, [INFO], r1, {'y': 25.472, 'x': -36.341, 'yaw': 3.141}, pose, None, None
220.08, [INFO], r1, {'battery-level': '39.05'}, battery_charge, None, None
230.01, [INFO], r1, {'battery-level': '38.55'}, battery_charge, None, None
230.01, [INFO], r1, {'y': 27.573, 'x': -36.403, 'yaw': 3.141}, pose, None, None
240.04, [INFO], r1, {'y': 29.69, 'x': -36.403, 'yaw': 3.142}, pose, None, None
240.04, [INFO], r1, {'battery-level': '38.05'}, battery_charge, None, None
250.08, [INFO], r1, {'battery-level': '37.55'}, battery_charge, None, None
250.08, [INFO], r1, {'y': 31.817, 'x': -36.51, 'yaw': -3.142}, pose, None, None
260.00, [INFO], r1, {'y': 33.892, 'x': -36.866, 'yaw': -3.142}, pose, None, None
260.00, [INFO], r1, {'battery-level': '37.05'}, battery_charge, None, None
270.04, [INFO], r1, {'y': 35.928, 'x': -36.963, 'yaw': 3.142}, pose, None, None
270.04, [INFO], r1, {'battery-level': '36.55'}, battery_charge, None, None
277.56, [INFO], r1, skill-success, None, navto, None
277.56, [INFO], r1, started skill, None, approach-arm, None
277.56, [INFO], r1, sent message, None, None, None
277.56, [INFO], r1, skill-success, None, approach-arm, None
277.56, [INFO], r1, started skill, None, open-drawer, None
277.56, [INFO], r1, sent message, None, None, None
277.56, [INFO], r1, skill-success, None, open-drawer, None
277.56, [INFO], r1, started skill, None, pick-up-sample, None
277.56, [INFO], r1, sent message, None, None, None
277.56, [INFO], r1, skill-success, None, pick-up-sample, None
277.56, [INFO], r1, started skill, None, close-drawer, None
277.56, [INFO], r1, sent message, None, None, None
277.56, [INFO], r1, skill-success, None, close-drawer, None
277.56, [WARN], r1, SUCCESS, None, None, None
280.07, [INFO], r1, {'y': 36.046, 'x': -36.997, 'yaw': -3.142}, pose, None, None
280.07, [INFO], r1, {'battery-level': '36.05'}, battery_charge, None, None
290.01, [INFO], r1, {'battery-level': '35.55'}, battery_charge, None, None
290.01, [INFO], r1, {'y': 36.046, 'x': -36.997, 'yaw': -3.142}, pose, None, None
