9.03, [INFO], r1, started skill, None, navto, None
10.03, [INFO], r1, {'y': 25.351, 'x': -40.105, 'yaw': 3.142}, pose, None, None
10.03, [INFO], r1, {'battery-level': '49.55'}, battery_charge, None, None
20.09, [INFO], r1, {'battery-level': '49.05'}, battery_charge, None, None
20.09, [INFO], r1, {'y': 23.608, 'x': -38.792, 'yaw': -3.142}, pose, None, None
30.04, [INFO], r1, {'y': 22.255, 'x': -37.364, 'yaw': -3.141}, pose, None, None
30.04, [INFO], r1, {'battery-level': '48.55'}, battery_charge, None, None
40.03, [INFO], r1, {'y': 20.141, 'x': -37.277, 'yaw': 3.141}, pose, None, None
40.03, [INFO], r1, {'battery-level': '48.05'}, battery_charge, None, None
50.02, [INFO], r1, {'y': 18.044, 'x': -37.118, 'yaw': 3.141}, pose, None, None
50.02, [INFO], r1, {'battery-level': '47.55'}, battery_charge, None, None
60.09, [INFO], r1, {'battery-level': '47.05'}, battery_charge, None, None
60.09, [INFO], r1, {'y': 16.118, 'x': -36.634, 'yaw': 3.14}, pose, None, None
70.06, [INFO], r1, {'battery-level': '46.55'}, battery_charge, None, None
70.06, [INFO], r1, {'y': 15.46, 'x': -34.605, 'yaw': -3.142}, pose, None, None
80.04, [INFO], r1, {'y': 15.503, 'x': -32.5, 'yaw': 3.142}, pose, None, None
80.04, [INFO], r1, {'battery-level': '46.05'}, battery_charge, None, None
90.02, [INFO], r1, {'y': 15.55, 'x': -30.389, 'yaw': 3.141}, pose, None, None
90.02, [INFO], r1, {'battery-level': '45.55'}, battery_charge, None, None
100.00, [INFO], r1, {'y': 15.758, 'x': -28.283, 'yaw': 3.142}, pose, None, None
100.00, [INFO], r1, {'battery-level': '45.05'}, battery_charge, None, None
110.00, [INFO], r1, {'battery-level': '44.55'}, battery_charge, None, None
110.00, [INFO], r1, {'y': 16.032, 'x': -26.175, 'yaw': 3.142}, pose, None, None
120.08, [INFO], r1, {'battery-level': '44.05'}, battery_charge, None, None
120.08, [INFO], r1, {'y': 16.15, 'x': -24.044, 'yaw': -3.141}, pose, None, None
130.08, [INFO], r1, {'y': 16.168, 'x': -21.925, 'yaw': -3.142}, pose, None, None
130.08, [INFO], r1, {'battery-level': '43.55'}, battery_charge, None, None
140.07, [INFO], r1, {'y': 17.518, 'x': -20.884, 'yaw': 3.14}, pose, None, None
140.07, [INFO], r1, {'battery-level': '43.05'}, battery_charge, None, None
150.05, [INFO], r1, {'y': 17.93, 'x': -21.102, 'yaw': 3.141}, pose, None, None
150.05, [INFO], r1, {'battery-level': '42.55'}, battery_charge, None, None
156.30, [INFO], r1, skill-success, None, navto, None
156.30, [INFO], r1, started skill, None, approach-nurse, None
156.30, [INFO], r1, sent message, None, None, None
156.30, [INFO], r1, skill-success, None, approach-nurse, None
156.30, [INFO], r1, started skill, None, authenticate-nurse, None
156.30, [INFO], r1, sent message, None, None, None
156.30, [INFO], r1, skill-success, None, authenticate-nurse, None
156.30, [INFO], r1, started skill, None, open-drawer, None
156.30, [WARN], r1, SKILL-FAILURE, None, open-drawer, None
160.03, [INFO], r1, {'y': 17.953, 'x': -21.132, 'yaw': 3.142}, pose, None, None
160.03, [INFO], r1, {'battery-level': '42.05'}, battery_charge, None, None
