9.65, [INFO], r1, started skill, None, navto, None
10.05, [INFO], r1, {'y': 25.37, 'x': -40.199, 'yaw': 3.141}, pose, None, None
10.05, [INFO], r1, {'battery-level': '49.55'}, battery_charge, None, None
20.08, [INFO], r1, {'y': 23.707, 'x': -38.851, 'yaw': -3.142}, pose, None, None
20.08, [INFO], r1, {'battery-level': '49.05'}, battery_charge, None, None
30.01, [INFO], r1, {'y': 22.365, 'x': -37.35, 'yaw': 3.141}, pose, None, None
30.01, [INFO], r1, {'battery-level': '48.55'}, battery_charge, None, None
40.04, [INFO], r1, {'y': 20.25, 'x': -37.284, 'yaw': -3.137}, pose, None, None
40.04, [INFO], r1, {'battery-level': '48.05'}, battery_charge, None, None
50.07, [INFO], r1, {'y': 18.126, 'x': -37.141, 'yaw': 3.141}, pose, None, None
50.07, [INFO], r1, {'battery-level': '47.55'}, battery_charge, None, None
60.01, [INFO], r1, {'y': 16.086, 'x': -36.863, 'yaw': 3.141}, pose, None, None
60.01, [INFO], r1, {'battery-level': '47.05'}, battery_charge, None, None
70.04, [INFO], r1, {'y': 15.452, 'x': -34.811, 'yaw': 3.141}, pose, None, None
70.04, [INFO], r1, {'battery-level': '46.55'}, battery_charge, None, None
80.07, [INFO], r1, {'y': 15.462, 'x': -32.687, 'yaw': -3.141}, pose, None, None
80.07, [INFO], r1, {'battery-level': '46.05'}, battery_charge, None, None
90.10, [INFO], r1, {'y': 15.535, 'x': -30.569, 'yaw': -3.141}, pose, None, None
90.10, [INFO], r1, {'battery-level': '45.55'}, battery_charge, None, None
100.04, [INFO], r1, {'battery-level': '45.05'}, battery_charge, None, None
100.04, [INFO], r1, {'y': 15.7, 'x': -28.461, 'yaw': -3.14}, pose, None, None
110.07, [INFO], r1, {'y': 15.961, 'x': -26.332, 'yaw': 3.141}, pose, None, None
110.07, [INFO], r1, {'battery-level': '44.55'}, battery_charge, None, None
120.00, [INFO], r1, {'battery-level': '44.05'}, battery_charge, None, None
120.00, [INFO], r1, {'y': 15.921, 'x': -24.244, 'yaw': -3.142}, pose, None, None
130.03, [INFO], r1, {'y': 16.173, 'x': -22.129, 'yaw': 3.141}, pose, None, None
130.03, [INFO], r1, {'battery-level': '43.55'}, battery_charge, None, None
140.07, [INFO], r1, {'y': 17.41, 'x': -20.814, 'yaw': 3.142}, pose, None, None
140.07, [INFO], r1, {'battery-level': '43.05'}, battery_charge, None, None
150.00, [INFO], r1, {'battery-level': '42.55'}, battery_charge, None, None
150.00, [INFO], r1, {'y': 17.954, 'x': -21.026, 'yaw': 3.142}, pose, None, None
160.03, [INFO], r1, {'y': 18.031, 'x': -21.058, 'yaw': 3.142}, pose, None, None
160.03, [INFO], r1, {'battery-level': '42.05'}, battery_charge, None, None
168.96, [INFO], r1, skill-success, None, navto, None
168.96, [INFO], r1, started skill, None, approach-nurse, None
168.96, [INFO], r1, sent message, None, None, None
168.96, [INFO], r1, skill-success, None, approach-nurse, None
168.96, [INFO], r1, started skill, None, authenticate-nurse, None
168.96, [INFO], r1, sent message, None, None, None
168.96, [INFO], r1, started skill, None, open-drawer, None
168.96, [INFO], r1, sent message, None, None, None
168.96, [INFO], r1, skill-success, None, open-drawer, None
168.96, [INFO], r1, started skill, None, deposit, None
168.96, [INFO], r1, sent message, None, None, None
168.96, [INFO], r1, skill-success, None, deposit, None
168.96, [INFO], r1, started skill, None, close-drawer, None
168.96, [INFO], r1, sent message, None, None, None
168.96, [INFO], r1, skill-success, None, close-drawer, None
168.96, [INFO], r1, started skill, None, navto, None
170.06, [INFO], r1, {'y': 17.818, 'x': -21.15, 'yaw': 3.142}, pose, None, None
170.06, [INFO], r1, {'battery-level': '41.55'}, battery_charge, None, None
180.10, [INFO], r1, {'y': 16.279, 'x': -22.042, 'yaw': -3.142}, pose, None, None
180.10, [INFO], r1, {'battery-level': '41.05'}, battery_charge, None, None
190.03, [INFO], r1, {'battery-level': '40.55'}, battery_charge, None, None
190.03, [INFO], r1, {'y': 16.138, 'x': -24.129, 'yaw': 3.141}, pose, None, None
200.06, [INFO], r1, {'battery-level': '40.05'}, battery_charge, None, None
200.06, [INFO], r1, {'y': 16.077, 'x': -26.241, 'yaw': 3.141}, pose, None, None
210.10, [INFO], r1, {'y': 16.066, 'x': -28.356, 'yaw': -3.142}, pose, None, None
210.10, [INFO], r1, {'battery-level': '39.55'}, battery_charge, None, None
220.04, [INFO], r1, {'y': 16.058, 'x': -30.442, 'yaw': 3.142}, pose, None, None
220.04, [INFO], r1, {'battery-level': '39.05'}, battery_charge, None, None
230.07, [INFO], r1, {'battery-level': '38.55'}, battery_charge, None, None
230.07, [INFO], r1, {'y': 15.837, 'x': -32.56, 'yaw': 3.141}, pose, None, None
240.01, [INFO], r1, {'y': 15.374, 'x': -34.628, 'yaw': 3.142}, pose, None, None
240.01, [INFO], r1, {'battery-level': '38.05'}, battery_charge, None, None
250.04, [INFO], r1, {'y': 16.886, 'x': -36.051, 'yaw': -3.142}, pose, None, None
250.04, [INFO], r1, {'battery-level': '37.55'}, battery_charge, None, None
260.07, [INFO], r1, {'battery-level': '37.05'}, battery_charge, None, None
260.07, [INFO], r1, {'y': 19.01, 'x': -36.156, 'yaw': 3.141}, pose, None, None
270.01, [INFO], r1, {'y': 21.098, 'x': -36.258, 'yaw': -3.142}, pose, None, None
270.01, [INFO], r1, {'battery-level': '36.55'}, battery_charge, None, None
280.04, [INFO], r1, {'y': 23.216, 'x': -36.323, 'yaw': 3.141}, pose, None, None
280.04, [INFO], r1, {'battery-level': '36.05'}, battery_charge, None, None
290.08, [INFO], r1, {'battery-level': '35.55'}, battery_charge, None, None
290.08, [INFO], r1, {'y': 25.343, 'x': -36.286, 'yaw': 3.141}, pose, None, None
300.01, [INFO], r1, {'battery-level': '35.05'}, battery_charge, None, None
300.01, [INFO], r1, {'y': 27.436, 'x': -36.315, 'yaw': 3.141}, pose, None, None
310.04, [INFO], r1, {'y': 29.563, 'x': -36.359, 'yaw': -3.142}, pose, None, None
310.04, [INFO], r1, {'battery-level': '34.55'}, battery_charge, None, None
320.08, [INFO], r1, {'y': 31.684, 'x': -36.498, 'yaw': 3.142}, pose, None, None
320.08, [INFO], r1, {'battery-level': '34.05'}, battery_charge, None, None
330.01, [INFO], r1, {'battery-level': '33.55'}, battery_charge, None, None
330.01, [INFO], r1, {'y': 33.784, 'x': -36.782, 'yaw': -3.142}, pose, None, None
340.05, [INFO], r1, {'battery-level': '33.05'}, battery_charge, None, None
340.05, [INFO], r1, {'y': 35.896, 'x': -36.886, 'yaw': 3.142}, pose, None, None
349.18, [INFO], r1, skill-success, None, navto, None
349.18, [INFO], r1, started skill, None, approach-arm, None
349.18, [WARN], r1, SKILL-FAILURE, None, approach-arm, None
350.09, [INFO], r1, {'battery-level': '32.55'}, battery_charge, None, None
350.09, [INFO], r1, {'y': 36.251, 'x': -36.958, 'yaw': -3.142}, pose, None, None
