9.17, [INFO], r1, started skill, None, navto, None
10.04, [INFO], r1, {'y': 25.358, 'x': -40.126, 'yaw': 3.141}, pose, None, None
10.04, [INFO], r1, {'battery-level': '49.55'}, battery_charge, None, None
20.09, [INFO], r1, {'y': 23.647, 'x': -38.796, 'yaw': -3.142}, pose, None, None
20.09, [INFO], r1, {'battery-level': '49.05'}, battery_charge, None, None
30.04, [INFO], r1, {'y': 22.249, 'x': -37.39, 'yaw': 3.141}, pose, None, None
30.04, [INFO], r1, {'battery-level': '48.55'}, battery_charge, None, None
40.01, [INFO], r1, {'y': 20.152, 'x': -37.256, 'yaw': -3.137}, pose, None, None
40.01, [INFO], r1, {'battery-level': '48.05'}, battery_charge, None, None
50.03, [INFO], r1, {'y': 18.042, 'x': -37.103, 'yaw': 3.14}, pose, None, None
50.03, [INFO], r1, {'battery-level': '47.55'}, battery_charge, None, None
60.09, [INFO], r1, {'battery-level': '47.05'}, battery_charge, None, None
60.09, [INFO], r1, {'y': 15.982, 'x': -36.734, 'yaw': 3.142}, pose, None, None
70.06, [INFO], r1, {'battery-level': '46.55'}, battery_charge, None, None
70.06, [INFO], r1, {'y': 15.398, 'x': -34.675, 'yaw': 3.141}, pose, None, None
80.04, [INFO], r1, {'battery-level': '46.05'}, battery_charge, None, None
80.04, [INFO], r1, {'y': 15.479, 'x': -32.545, 'yaw': -3.142}, pose, None, None
90.09, [INFO], r1, {'y': 15.573, 'x': -30.422, 'yaw': 3.141}, pose, None, None
90.09, [INFO], r1, {'battery-level': '45.55'}, battery_charge, None, None
100.06, [INFO], r1, {'y': 15.725, 'x': -28.318, 'yaw': 3.142}, pose, None, None
100.06, [INFO], r1, {'battery-level': '45.05'}, battery_charge, None, None
110.04, [INFO], r1, {'y': 16.119, 'x': -26.211, 'yaw': -3.142}, pose, None, None
110.04, [INFO], r1, {'battery-level': '44.55'}, battery_charge, None, None
120.00, [INFO], r1, {'y': 16.159, 'x': -24.113, 'yaw': 3.141}, pose, None, None
120.00, [INFO], r1, {'battery-level': '44.05'}, battery_charge, None, None
130.05, [INFO], r1, {'y': 16.16, 'x': -21.985, 'yaw': -3.142}, pose, None, None
130.05, [INFO], r1, {'battery-level': '43.55'}, battery_charge, None, None
140.01, [INFO], r1, {'y': 16.279, 'x': -19.887, 'yaw': -3.138}, pose, None, None
140.01, [INFO], r1, {'battery-level': '43.05'}, battery_charge, None, None
150.07, [INFO], r1, {'y': 16.151, 'x': -17.767, 'yaw': -3.142}, pose, None, None
150.07, [INFO], r1, {'battery-level': '42.55'}, battery_charge, None, None
160.02, [INFO], r1, {'y': 16.01, 'x': -15.673, 'yaw': 3.141}, pose, None, None
160.02, [INFO], r1, {'battery-level': '42.05'}, battery_charge, None, None
170.07, [INFO], r1, {'y': 16.15, 'x': -13.552, 'yaw': 3.142}, pose, None, None
170.07, [INFO], r1, {'battery-level': '41.55'}, battery_charge, None, None
180.03, [INFO], r1, {'y': 17.251, 'x': -11.85, 'yaw': 3.141}, pose, None, None
180.03, [INFO], r1, {'battery-level': '41.05'}, battery_charge, None, None
190.07, [INFO], r1, {'battery-level': '40.55'}, battery_charge, None, None
190.07, [INFO], r1, {'y': 17.947, 'x': -11.5, 'yaw': 3.138}, pose, None, None
198.28, [INFO], r1, skill-success, None, navto, None
198.28, [INFO], r1, started skill, None, approach-nurse, None
198.28, [INFO], r1, sent message, None, None, None
198.28, [INFO], r1, skill-success, None, approach-nurse, None
198.28, [INFO], r1, started skill, None, open-drawer, None
198.28, [INFO], r1, sent message, None, None, None
198.28, [INFO], r1, skill-success, None, open-drawer, None
198.28, [INFO], r1, started skill, None, deposit, None
198.28, [INFO], r1, sent message, None, None, None
198.28, [INFO], r1, skill-success, None, deposit, None
198.28, [INFO], r1, started skill, None, close-drawer, None
198.28, [INFO], r1, sent message, None, None, None
198.28, [INFO], r1, skill-success, None, close-drawer, None
198.28, [INFO], r1, started skill, None, navto, None
200.09, [INFO], r1, {'y': 17.655, 'x': -11.568, 'yaw': 3.142}, pose, None, None
200.09, [INFO], r1, {'battery-level': '40.05'}, battery_charge, None, None
210.08, [INFO], r1, {'y': 16.312, 'x': -13.078, 'yaw': 3.141}, pose, None, None
210.08, [INFO], r1, {'battery-level': '39.55'}, battery_charge, None, None
220.04, [INFO], r1, {'battery-level': '39.05'}, battery_charge, None, None
220.04, [INFO], r1, {'y': 16.223, 'x': -15.172, 'yaw': 3.138}, pose, None, None
230.01, [INFO], r1, {'y': 16.138, 'x': -17.278, 'yaw': 3.14}, pose, None, None
230.01, [INFO], r1, {'battery-level': '38.55'}, battery_charge, None, None
240.08, [INFO], r1, {'y': 16.272, 'x': -19.392, 'yaw': -3.142}, pose, None, None
240.08, [INFO], r1, {'battery-level': '38.05'}, battery_charge, None, None
250.03, [INFO], r1, {'y': 16.355, 'x': -21.49, 'yaw': -3.142}, pose, None, None
250.03, [INFO], r1, {'battery-level': '37.55'}, battery_charge, None, None
260.00, [INFO], r1, {'battery-level': '37.05'}, battery_charge, None, None
260.00, [INFO], r1, {'y': 16.178, 'x': -23.584, 'yaw': 3.141}, pose, None, None
270.00, [INFO], r1, {'y': 16.066, 'x': -25.706, 'yaw': 3.141}, pose, None, None
270.00, [INFO], r1, {'battery-level': '36.55'}, battery_charge, None, None
280.06, [INFO], r1, {'y': 15.974, 'x': -27.822, 'yaw': -3.139}, pose, None, None
280.06, [INFO], r1, {'battery-level': '36.05'}, battery_charge, None, None
290.09, [INFO], r1, {'y': 16.019, 'x': -29.93, 'yaw': 3.141}, pose, None, None
290.09, [INFO], r1, {'battery-level': '35.55'}, battery_charge, None, None
300.03, [INFO], r1, {'y': 15.841, 'x': -32.032, 'yaw': 3.141}, pose, None, None
300.03, [INFO], r1, {'battery-level': '35.05'}, battery_charge, None, None
310.00, [INFO], r1, {'y': 15.481, 'x': -34.125, 'yaw': 3.141}, pose, None, None
310.00, [INFO], r1, {'battery-level': '34.55'}, battery_charge, None, None
320.07, [INFO], r1, {'battery-level': '34.05'}, battery_charge, None, None
320.07, [INFO], r1, {'y': 16.387, 'x': -35.929, 'yaw': 3.142}, pose, None, None
330.01, [INFO], r1, {'y': 18.452, 'x': -36.095, 'yaw': -3.142}, pose, None, None
330.01, [INFO], r1, {'battery-level': '33.55'}, battery_charge, None, None
340.05, [INFO], r1, {'battery-level': '33.05'}, battery_charge, None, None
340.05, [INFO], r1, {'y': 20.563, 'x': -36.224, 'yaw': -3.142}, pose, None, None
350.08, [INFO], r1, {'y': 22.678, 'x': -36.298, 'yaw': 3.14}, pose, None, None
350.08, [INFO], r1, {'battery-level': '32.55'}, battery_charge, None, None
360.08, [INFO], r1, {'y': 24.785, 'x': -36.285, 'yaw': 3.14}, pose, None, None
360.08, [INFO], r1, {'battery-level': '32.05'}, battery_charge, None, None
370.00, [INFO], r1, {'y': 26.889, 'x': -36.322, 'yaw': 3.141}, pose, None, None
370.00, [INFO], r1, {'battery-level': '31.55'}, battery_charge, None, None
380.08, [INFO], r1, {'y': 29.02, 'x': -36.382, 'yaw': 3.142}, pose, None, None
380.08, [INFO], r1, {'battery-level': '31.05'}, battery_charge, None, None
390.07, [INFO], r1, {'y': 31.133, 'x': -36.48, 'yaw': -3.142}, pose, None, None
390.07, [INFO], r1, {'battery-level': '30.55'}, battery_charge, None, None
400.05, [INFO], r1, {'y': 33.241, 'x': -36.734, 'yaw': 3.141}, pose, None, None
400.05, [INFO], r1, {'battery-level': '30.05'}, battery_charge, None, None
410.04, [INFO], r1, {'battery-level': '29.55'}, battery_charge, None, None
410.04, [INFO], r1, {'y': 35.334, 'x': -36.9, 'yaw': -3.142}, pose, None, None
420.01, [INFO], r1, {'battery-level': '29.05'}, battery_charge, None, None
420.01, [INFO], r1, {'y': 36.065, 'x': -36.981, 'yaw': -3.141}, pose, None, None
420.01, [INFO], r1, skill-success, None, navto, None
420.01, [INFO], r1, started skill, None, approach-arm, None
420.01, [INFO], r1, sent message, None, None, None
420.01, [INFO], r1, skill-success, None, approach-arm, None
420.01, [INFO], r1, started skill, None, open-drawer, None
420.01, [INFO], r1, sent message, None, None, None
420.01, [INFO], r1, skill-success, None, open-drawer, None
420.01, [INFO], r1, started skill, None, pick-up-sample, None
420.01, [INFO], r1, sent message, None, None, None
420.01, [INFO], r1, skill-success, None, pick-up-sample, None
420.01, [INFO], r1, started skill, None, close-drawer, None
420.01, [INFO], r1, sent message, None, None, None
420.01, [INFO], r1, skill-success, None, close-drawer, None
420.01, [WARN], r1, SUCCESS, None, None, None
