9.44, [INFO], r1, started skill, None, navto, None
10.04, [INFO], r1, {'y': 25.367, 'x': -40.161, 'yaw': 3.14}, pose, None, None
10.04, [INFO], r1, {'battery-level': '49.55'}, battery_charge, None, None
20.08, [INFO], r1, {'battery-level': '49.05'}, battery_charge, None, None
20.08, [INFO], r1, {'y': 23.688, 'x': -38.818, 'yaw': 3.142}, pose, None, None
30.02, [INFO], r1, {'y': 22.3, 'x': -37.377, 'yaw': -3.141}, pose, None, None
30.02, [INFO], r1, {'battery-level': '48.55'}, battery_charge, None, None
40.05, [INFO], r1, {'y': 20.18, 'x': -37.256, 'yaw': -3.138}, pose, None, None
40.05, [INFO], r1, {'battery-level': '48.05'}, battery_charge, None, None
50.08, [INFO], r1, {'battery-level': '47.55'}, battery_charge, None, None
50.08, [INFO], r1, {'y': 18.061, 'x': -37.105, 'yaw': 3.141}, pose, None, None
60.02, [INFO], r1, {'y': 16.034, 'x': -36.834, 'yaw': 3.141}, pose, None, None
60.02, [INFO], r1, {'battery-level': '47.05'}, battery_charge, None, None
70.05, [INFO], r1, {'battery-level': '46.55'}, battery_charge, None, None
70.05, [INFO], r1, {'y': 15.39, 'x': -34.778, 'yaw': 3.142}, pose, None, None
80.08, [INFO], r1, {'y': 15.478, 'x': -32.649, 'yaw': -3.142}, pose, None, None
80.08, [INFO], r1, {'battery-level': '46.05'}, battery_charge, None, None
90.01, [INFO], r1, {'y': 15.602, 'x': -30.55, 'yaw': -3.141}, pose, None, None
90.01, [INFO], r1, {'battery-level': '45.55'}, battery_charge, None, None
100.05, [INFO], r1, {'y': 15.757, 'x': -28.442, 'yaw': 3.141}, pose, None, None
100.05, [INFO], r1, {'battery-level': '45.05'}, battery_charge, None, None
110.08, [INFO], r1, {'y': 15.972, 'x': -26.326, 'yaw': 3.142}, pose, None, None
110.08, [INFO], r1, {'battery-level': '44.55'}, battery_charge, None, None
120.01, [INFO], r1, {'y': 15.982, 'x': -24.228, 'yaw': -3.142}, pose, None, None
120.01, [INFO], r1, {'battery-level': '44.05'}, battery_charge, None, None
130.05, [INFO], r1, {'y': 16.007, 'x': -22.114, 'yaw': 3.142}, pose, None, None
130.05, [INFO], r1, {'battery-level': '43.55'}, battery_charge, None, None
140.09, [INFO], r1, {'y': 16.28, 'x': -20.004, 'yaw': 3.141}, pose, None, None
140.09, [INFO], r1, {'battery-level': '43.05'}, battery_charge, None, None
150.02, [INFO], r1, {'y': 16.232, 'x': -17.893, 'yaw': 3.142}, pose, None, None
150.02, [INFO], r1, {'battery-level': '42.55'}, battery_charge, None, None
160.06, [INFO], r1, {'battery-level': '42.05'}, battery_charge, None, None
160.06, [INFO], r1, {'y': 16.153, 'x': -15.78, 'yaw': -3.141}, pose, None, None
170.09, [INFO], r1, {'battery-level': '41.55'}, battery_charge, None, None
170.09, [INFO], r1, {'y': 16.216, 'x': -13.666, 'yaw': 3.142}, pose, None, None
180.02, [INFO], r1, {'y': 17.17, 'x': -11.895, 'yaw': 3.141}, pose, None, None
180.02, [INFO], r1, {'battery-level': '41.05'}, battery_charge, None, None
190.06, [INFO], r1, {'y': 17.972, 'x': -11.532, 'yaw': 3.142}, pose, None, None
190.06, [INFO], r1, {'battery-level': '40.55'}, battery_charge, None, None
191.87, [INFO], r1, skill-success, None, navto, None
191.87, [INFO], r1, started skill, None, open-drawer, None
191.87, [INFO], r1, sent message, None, None, None
191.87, [INFO], r1, skill-success, None, open-drawer, None
191.87, [INFO], r1, started skill, None, deposit, None
191.87, [INFO], r1, sent message, None, None, None
191.87, [INFO], r1, skill-success, None, deposit, None
191.87, [INFO], r1, started skill, None, close-drawer, None
191.87, [INFO], r1, sent message, None, None, None
191.87, [INFO], r1, skill-success, None, close-drawer, None
191.87, [INFO], r1, started skill, None, navto, None
200.09, [INFO], r1, {'y': 16.525, 'x': -12.366, 'yaw': -3.142}, pose, None, None
200.09, [INFO], r1, {'battery-level': '40.05'}, battery_charge, None, None
210.03, [INFO], r1, {'battery-level': '39.55'}, battery_charge, None, None
210.03, [INFO], r1, {'y': 16.318, 'x': -14.436, 'yaw': 3.142}, pose, None, None
220.06, [INFO], r1, {'battery-level': '39.05'}, battery_charge, None, None
220.06, [INFO], r1, {'y': 16.154, 'x': -16.551, 'yaw': 3.141}, pose, None, None
230.09, [INFO], r1, {'y': 16.161, 'x': -18.664, 'yaw': 3.141}, pose, None, None
230.09, [INFO], r1, {'battery-level': '38.55'}, battery_charge, None, None
240.03, [INFO], r1, {'battery-level': '38.05'}, battery_charge, None, None
240.03, [INFO], r1, {'y': 16.301, 'x': -20.75, 'yaw': 3.14}, pose, None, None
250.07, [INFO], r1, {'battery-level': '37.55'}, battery_charge, None, None
250.07, [INFO], r1, {'y': 16.241, 'x': -22.867, 'yaw': 3.142}, pose, None, None
260.00, [INFO], r1, {'battery-level': '37.05'}, battery_charge, None, None
260.00, [INFO], r1, {'y': 16.147, 'x': -24.965, 'yaw': 3.141}, pose, None, None
270.03, [INFO], r1, {'battery-level': '36.55'}, battery_charge, None, None
270.03, [INFO], r1, {'y': 15.986, 'x': -27.087, 'yaw': 3.141}, pose, None, None
280.07, [INFO], r1, {'battery-level': '36.05'}, battery_charge, None, None
280.07, [INFO], r1, {'y': 16.102, 'x': -29.201, 'yaw': 3.142}, pose, None, None
290.00, [INFO], r1, {'y': 15.994, 'x': -31.301, 'yaw': 3.141}, pose, None, None
290.00, [INFO], r1, {'battery-level': '35.55'}, battery_charge, None, None
300.03, [INFO], r1, {'y': 15.696, 'x': -33.421, 'yaw': 3.141}, pose, None, None
300.03, [INFO], r1, {'battery-level': '35.05'}, battery_charge, None, None
309.96, [INFO], r1, {'y': 15.768, 'x': -35.441, 'yaw': -3.142}, pose, None, None
310.06, [INFO], r1, {'battery-level': '34.55'}, battery_charge, None, None
320.09, [INFO], r1, {'y': 17.659, 'x': -36.112, 'yaw': 3.142}, pose, None, None
320.09, [INFO], r1, {'battery-level': '34.05'}, battery_charge, None, None
330.03, [INFO], r1, {'y': 19.745, 'x': -36.232, 'yaw': -3.141}, pose, None, None
330.03, [INFO], r1, {'battery-level': '33.55'}, battery_charge, None, None
340.05, [INFO], r1, {'y': 21.863, 'x': -36.308, 'yaw': 3.142}, pose, None, None
340.05, [INFO], r1, {'battery-level': '33.05'}, battery_charge, None, None
350.08, [INFO], r1, {'y': 23.986, 'x': -36.31, 'yaw': 3.14}, pose, None, None
350.08, [INFO], r1, {'battery-level': '32.55'}, battery_charge, None, None
360.01, [INFO], r1, {'y': 26.077, 'x': -36.258, 'yaw': 3.14}, pose, None, None
360.01, [INFO], r1, {'battery-level': '32.05'}, battery_charge, None, None
370.05, [INFO], r1, {'y': 28.202, 'x': -36.284, 'yaw': 3.141}, pose, None, None
370.05, [INFO], r1, {'battery-level': '31.55'}, battery_charge, None, None
380.08, [INFO], r1, {'battery-level': '31.05'}, battery_charge, None, None
380.08, [INFO], r1, {'y': 30.323, 'x': -36.409, 'yaw': 3.141}, pose, None, None
390.00, [INFO], r1, {'battery-level': '30.55'}, battery_charge, None, None
390.00, [INFO], r1, {'y': 32.433, 'x': -36.642, 'yaw': -3.142}, pose, None, None
400.04, [INFO], r1, {'y': 34.543, 'x': -36.932, 'yaw': 3.14}, pose, None, None
400.04, [INFO], r1, {'battery-level': '30.05'}, battery_charge, None, None
410.07, [INFO], r1, {'y': 36.028, 'x': -36.953, 'yaw': -3.141}, pose, None, None
410.07, [INFO], r1, {'battery-level': '29.55'}, battery_charge, None, None
413.88, [INFO], r1, skill-success, None, navto, None
413.88, [INFO], r1, started skill, None, approach-arm, None
413.88, [INFO], r1, sent message, None, None, None
413.88, [INFO], r1, skill-success, None, approach-arm, None
413.88, [INFO], r1, started skill, None, open-drawer, None
413.88, [INFO], r1, sent message, None, None, None
413.88, [INFO], r1, skill-success, None, open-drawer, None
413.88, [INFO], r1, started skill, None, pick-up-sample, None
413.88, [INFO], r1, sent message, None, None, None
413.88, [INFO], r1, skill-success, None, pick-up-sample, None
413.88, [INFO], r1, started skill, None, close-drawer, None
413.88, [INFO], r1, sent message, None, None, None
413.88, [INFO], r1, skill-success, None, close-drawer, None
413.88, [WARN], r1, SUCCESS, None, None, None
420.01, [INFO], r1, {'battery-level': '29.05'}, battery_charge, None, None
420.01, [INFO], r1, {'y': 36.024, 'x': -36.956, 'yaw': -3.142}, pose, None, None
