9.77, [INFO], r1, started skill, None, navto, None
10.07, [INFO], r1, {'battery-level': '49.60'}, battery_charge, None, None
10.07, [INFO], r1, {'y': 25.37, 'x': -40.226, 'yaw': 3.142}, pose, None, None
20.03, [INFO], r1, {'y': 23.763, 'x': -38.883, 'yaw': -3.142}, pose, None, None
20.03, [INFO], r1, {'battery-level': '49.10'}, battery_charge, None, None
30.04, [INFO], r1, {'y': 22.338, 'x': -37.385, 'yaw': 3.141}, pose, None, None
30.04, [INFO], r1, {'battery-level': '48.60'}, battery_charge, None, None
40.01, [INFO], r1, {'y': 20.235, 'x': -37.24, 'yaw': -3.142}, pose, None, None
40.01, [INFO], r1, {'battery-level': '48.10'}, battery_charge, None, None
50.03, [INFO], r1, {'y': 18.123, 'x': -37.136, 'yaw': 3.141}, pose, None, None
50.03, [INFO], r1, {'battery-level': '47.60'}, battery_charge, None, None
60.02, [INFO], r1, {'y': 16.092, 'x': -36.775, 'yaw': 3.141}, pose, None, None
60.02, [INFO], r1, {'battery-level': '47.10'}, battery_charge, None, None
70.02, [INFO], r1, {'battery-level': '46.60'}, battery_charge, None, None
70.02, [INFO], r1, {'y': 15.429, 'x': -34.744, 'yaw': -3.142}, pose, None, None
80.03, [INFO], r1, {'y': 15.434, 'x': -32.627, 'yaw': -3.142}, pose, None, None
80.03, [INFO], r1, {'battery-level': '46.10'}, battery_charge, None, None
90.01, [INFO], r1, {'battery-level': '45.60'}, battery_charge, None, None
90.01, [INFO], r1, {'y': 15.49, 'x': -30.516, 'yaw': -3.14}, pose, None, None
100.00, [INFO], r1, {'battery-level': '45.10'}, battery_charge, None, None
100.00, [INFO], r1, {'y': 15.732, 'x': -28.413, 'yaw': 3.141}, pose, None, None
110.08, [INFO], r1, {'y': 15.93, 'x': -26.277, 'yaw': 3.14}, pose, None, None
110.08, [INFO], r1, {'battery-level': '44.60'}, battery_charge, None, None
120.08, [INFO], r1, {'y': 16.105, 'x': -24.185, 'yaw': 3.142}, pose, None, None
120.08, [INFO], r1, {'battery-level': '44.10'}, battery_charge, None, None
130.06, [INFO], r1, {'y': 16.111, 'x': -22.086, 'yaw': -3.142}, pose, None, None
130.06, [INFO], r1, {'battery-level': '43.60'}, battery_charge, None, None
140.04, [INFO], r1, {'battery-level': '43.10'}, battery_charge, None, None
140.04, [INFO], r1, {'y': 16.217, 'x': -19.977, 'yaw': 3.14}, pose, None, None
150.02, [INFO], r1, {'battery-level': '42.60'}, battery_charge, None, None
150.02, [INFO], r1, {'y': 16.173, 'x': -17.879, 'yaw': 3.142}, pose, None, None
160.02, [INFO], r1, {'y': 16.045, 'x': -15.77, 'yaw': 3.14}, pose, None, None
160.02, [INFO], r1, {'battery-level': '42.10'}, battery_charge, None, None
170.01, [INFO], r1, {'y': 16.173, 'x': -13.67, 'yaw': -3.142}, pose, None, None
170.01, [INFO], r1, {'battery-level': '41.60'}, battery_charge, None, None
180.09, [INFO], r1, {'y': 17.134, 'x': -11.895, 'yaw': 3.142}, pose, None, None
180.09, [INFO], r1, {'battery-level': '41.10'}, battery_charge, None, None
190.06, [INFO], r1, {'battery-level': '40.60'}, battery_charge, None, None
190.06, [INFO], r1, {'y': 17.936, 'x': -11.543, 'yaw': 3.136}, pose, None, None
198.16, [INFO], r1, skill-success, None, navto, None
198.16, [INFO], r1, started skill, None, approach-nurse, None
198.16, [INFO], r1, sent message, None, None, None
198.26, [INFO], r1, skill-success, None, approach-nurse, None
198.26, [INFO], r1, started skill, None, authenticate-nurse, None
198.26, [INFO], r1, sent message, None, None, None
198.26, [INFO], r1, skill-success, None, authenticate-nurse, None
198.26, [INFO], r1, started skill, None, open-drawer, None
198.26, [WARN], r1, SKILL-FAILURE, None, open-drawer, None
200.02, [INFO], r1, {'y': 17.971, 'x': -11.491, 'yaw': 3.141}, pose, None, None
200.02, [INFO], r1, {'battery-level': '40.10'}, battery_charge, None, None
210.03, [INFO], r1, {'battery-level': '39.60'}, battery_charge, None, None
210.03, [INFO], r1, {'y': 17.97, 'x': -11.49, 'yaw': -3.142}, pose, None, None
