9.26, [INFO], r1, started skill, None, navto, None
10.03, [INFO], r1, {'battery-level': '49.55'}, battery_charge, None, None
10.03, [INFO], r1, {'y': 25.365, 'x': -40.154, 'yaw': 3.14}, pose, None, None
20.06, [INFO], r1, {'battery-level': '49.05'}, battery_charge, None, None
20.06, [INFO], r1, {'y': 23.677, 'x': -38.807, 'yaw': 3.142}, pose, None, None
30.06, [INFO], r1, {'y': 22.257, 'x': -37.403, 'yaw': -3.142}, pose, None, None
30.06, [INFO], r1, {'battery-level': '48.55'}, battery_charge, None, None
40.04, [INFO], r1, {'y': 20.149, 'x': -37.238, 'yaw': -3.139}, pose, None, None
40.04, [INFO], r1, {'battery-level': '48.05'}, battery_charge, None, None
50.03, [INFO], r1, {'y': 18.029, 'x': -37.123, 'yaw': 3.142}, pose, None, None
50.03, [INFO], r1, {'battery-level': '47.55'}, battery_charge, None, None
60.10, [INFO], r1, {'y': 15.95, 'x': -36.797, 'yaw': 3.142}, pose, None, None
60.10, [INFO], r1, {'battery-level': '47.05'}, battery_charge, None, None
70.06, [INFO], r1, {'battery-level': '46.55'}, battery_charge, None, None
70.06, [INFO], r1, {'y': 15.435, 'x': -34.735, 'yaw': -3.141}, pose, None, None
80.04, [INFO], r1, {'y': 15.519, 'x': -32.629, 'yaw': 3.141}, pose, None, None
80.04, [INFO], r1, {'battery-level': '46.05'}, battery_charge, None, None
90.02, [INFO], r1, {'y': 15.537, 'x': -30.514, 'yaw': -3.139}, pose, None, None
90.02, [INFO], r1, {'battery-level': '45.55'}, battery_charge, None, None
100.07, [INFO], r1, {'y': 15.758, 'x': -28.4, 'yaw': 3.141}, pose, None, None
100.07, [INFO], r1, {'battery-level': '45.05'}, battery_charge, None, None
110.04, [INFO], r1, {'battery-level': '44.55'}, battery_charge, None, None
110.04, [INFO], r1, {'y': 16.138, 'x': -26.308, 'yaw': 3.141}, pose, None, None
120.02, [INFO], r1, {'y': 16.17, 'x': -24.187, 'yaw': 3.141}, pose, None, None
120.02, [INFO], r1, {'battery-level': '44.05'}, battery_charge, None, None
130.08, [INFO], r1, {'y': 16.147, 'x': -22.067, 'yaw': 3.142}, pose, None, None
130.08, [INFO], r1, {'battery-level': '43.55'}, battery_charge, None, None
140.07, [INFO], r1, {'y': 16.306, 'x': -19.963, 'yaw': 3.141}, pose, None, None
140.07, [INFO], r1, {'battery-level': '43.05'}, battery_charge, None, None
149.94, [INFO], r1, {'y': 16.225, 'x': -17.858, 'yaw': 3.142}, pose, None, None
150.04, [INFO], r1, {'battery-level': '42.55'}, battery_charge, None, None
160.03, [INFO], r1, {'battery-level': '42.05'}, battery_charge, None, None
160.03, [INFO], r1, {'y': 16.103, 'x': -15.731, 'yaw': 3.141}, pose, None, None
170.09, [INFO], r1, {'y': 16.233, 'x': -13.603, 'yaw': 3.142}, pose, None, None
170.09, [INFO], r1, {'battery-level': '41.55'}, battery_charge, None, None
180.07, [INFO], r1, {'battery-level': '41.05'}, battery_charge, None, None
180.07, [INFO], r1, {'y': 17.284, 'x': -11.89, 'yaw': 3.141}, pose, None, None
190.09, [INFO], r1, {'y': 17.932, 'x': -11.55, 'yaw': 3.137}, pose, None, None
190.09, [INFO], r1, {'battery-level': '40.55'}, battery_charge, None, None
198.71, [INFO], r1, skill-success, None, navto, None
198.71, [INFO], r1, started skill, None, approach-nurse, None
198.71, [INFO], r1, sent message, None, None, None
198.71, [INFO], r1, skill-success, None, approach-nurse, None
198.71, [INFO], r1, started skill, None, authenticate-nurse, None
198.71, [INFO], r1, started skill, None, open-drawer, None
198.71, [INFO], r1, sent message, None, None, None
198.71, [INFO], r1, skill-success, None, open-drawer, None
198.71, [INFO], r1, started skill, None, deposit, None
198.71, [INFO], r1, sent message, None, None, None
198.71, [INFO], r1, skill-success, None, deposit, None
198.71, [INFO], r1, started skill, None, close-drawer, None
198.71, [INFO], r1, sent message, None, None, None
198.71, [INFO], r1, skill-success, None, close-drawer, None
198.71, [INFO], r1, started skill, None, navto, None
200.05, [INFO], r1, {'battery-level': '40.05'}, battery_charge, None, None
200.05, [INFO], r1, {'y': 17.789, 'x': -11.565, 'yaw': 3.141}, pose, None, None
210.04, [INFO], r1, {'y': 16.346, 'x': -12.963, 'yaw': -3.142}, pose, None, None
210.04, [INFO], r1, {'battery-level': '39.55'}, battery_charge, None, None
220.04, [INFO], r1, {'y': 16.224, 'x': -15.078, 'yaw': -3.142}, pose, None, None
220.04, [INFO], r1, {'battery-level': '39.05'}, battery_charge, None, None
230.03, [INFO], r1, {'y': 16.15, 'x': -17.198, 'yaw': 3.14}, pose, None, None
230.03, [INFO], r1, {'battery-level': '38.55'}, battery_charge, None, None
240.04, [INFO], r1, {'y': 16.242, 'x': -19.326, 'yaw': -3.142}, pose, None, None
240.04, [INFO], r1, {'battery-level': '38.05'}, battery_charge, None, None
250.01, [INFO], r1, {'y': 16.341, 'x': -21.43, 'yaw': 3.142}, pose, None, None
250.01, [INFO], r1, {'battery-level': '37.55'}, battery_charge, None, None
260.10, [INFO], r1, {'y': 16.15, 'x': -23.556, 'yaw': 3.141}, pose, None, None
260.10, [INFO], r1, {'battery-level': '37.05'}, battery_charge, None, None
270.00, [INFO], r1, {'battery-level': '36.55'}, battery_charge, None, None
270.00, [INFO], r1, {'y': 16.094, 'x': -25.643, 'yaw': 3.142}, pose, None, None
280.07, [INFO], r1, {'y': 15.904, 'x': -27.774, 'yaw': -3.142}, pose, None, None
280.07, [INFO], r1, {'battery-level': '36.05'}, battery_charge, None, None
290.07, [INFO], r1, {'y': 15.946, 'x': -29.872, 'yaw': 3.142}, pose, None, None
290.07, [INFO], r1, {'battery-level': '35.55'}, battery_charge, None, None
300.06, [INFO], r1, {'y': 15.8, 'x': -31.973, 'yaw': 3.141}, pose, None, None
300.06, [INFO], r1, {'battery-level': '35.05'}, battery_charge, None, None
310.08, [INFO], r1, {'battery-level': '34.55'}, battery_charge, None, None
310.08, [INFO], r1, {'y': 15.534, 'x': -34.096, 'yaw': -3.142}, pose, None, None
320.06, [INFO], r1, {'battery-level': '34.05'}, battery_charge, None, None
320.06, [INFO], r1, {'y': 16.512, 'x': -35.848, 'yaw': 3.141}, pose, None, None
330.06, [INFO], r1, {'battery-level': '33.55'}, battery_charge, None, None
330.06, [INFO], r1, {'y': 18.616, 'x': -36.099, 'yaw': 3.142}, pose, None, None
340.06, [INFO], r1, {'y': 20.729, 'x': -36.211, 'yaw': 3.142}, pose, None, None
340.06, [INFO], r1, {'battery-level': '33.05'}, battery_charge, None, None
350.06, [INFO], r1, {'y': 22.834, 'x': -36.3, 'yaw': 3.142}, pose, None, None
350.06, [INFO], r1, {'battery-level': '32.55'}, battery_charge, None, None
360.04, [INFO], r1, {'y': 24.949, 'x': -36.264, 'yaw': -3.142}, pose, None, None
360.04, [INFO], r1, {'battery-level': '32.05'}, battery_charge, None, None
370.10, [INFO], r1, {'y': 27.065, 'x': -36.316, 'yaw': -3.141}, pose, None, None
370.10, [INFO], r1, {'battery-level': '31.55'}, battery_charge, None, None
380.02, [INFO], r1, {'y': 29.152, 'x': -36.355, 'yaw': -3.142}, pose, None, None
380.02, [INFO], r1, {'battery-level': '31.05'}, battery_charge, None, None
390.04, [INFO], r1, {'y': 31.27, 'x': -36.48, 'yaw': 3.142}, pose, None, None
390.04, [INFO], r1, {'battery-level': '30.55'}, battery_charge, None, None
400.06, [INFO], r1, {'y': 33.382, 'x': -36.785, 'yaw': 3.141}, pose, None, None
400.06, [INFO], r1, {'battery-level': '30.05'}, battery_charge, None, None
410.08, [INFO], r1, {'y': 35.496, 'x': -36.916, 'yaw': -3.139}, pose, None, None
410.08, [INFO], r1, {'battery-level': '29.55'}, battery_charge, None, None
420.08, [INFO], r1, {'battery-level': '29.05'}, battery_charge, None, None
420.08, [INFO], r1, {'y': 36.054, 'x': -36.969, 'yaw': 3.142}, pose, None, None
424.65, [INFO], r1, skill-success, None, navto, None
424.65, [INFO], r1, started skill, None, approach-arm, None
424.65, [INFO], r1, sent message, None, None, None
424.65, [INFO], r1, skill-success, None, approach-arm, None
424.65, [INFO], r1, started skill, None, open-drawer, None
424.65, [INFO], r1, sent message, None, None, None
424.65, [INFO], r1, skill-success, None, open-drawer, None
424.65, [INFO], r1, started skill, None, pick-up-sample, None
424.65, [INFO], r1, sent message, None, None, None
424.65, [INFO], r1, skill-success, None, pick-up-sample, None
424.65, [INFO], r1, started skill, None, close-drawer, None
424.65, [INFO], r1, sent message, None, None, None
424.65, [INFO], r1, skill-success, None, close-drawer, None
424.65, [WARN], r1, SUCCESS, None, None, None
430.08, [INFO], r1, {'y': 36.065, 'x': -36.965, 'yaw': -3.142}, pose, None, None
430.08, [INFO], r1, {'battery-level': '28.55'}, battery_charge, None, None
