9.66, [INFO], r1, started skill, None, navto, None
10.06, [INFO], r1, {'battery-level': '49.55'}, battery_charge, None, None
10.06, [INFO], r1, {'y': 33.95, 'x': -39.423, 'yaw': 3.141}, pose, None, None
20.07, [INFO], r1, {'y': 34.481, 'x': -37.44, 'yaw': -3.141}, pose, None, None
20.07, [INFO], r1, {'battery-level': '49.05'}, battery_charge, None, None
30.06, [INFO], r1, {'y': 32.484, 'x': -36.999, 'yaw': 3.14}, pose, None, None
30.06, [INFO], r1, {'battery-level': '48.55'}, battery_charge, None, None
40.01, [INFO], r1, {'battery-level': '48.05'}, battery_charge, None, None
40.01, [INFO], r1, {'y': 30.365, 'x': -37.047, 'yaw': 3.141}, pose, None, None
50.05, [INFO], r1, {'y': 28.241, 'x': -36.988, 'yaw': 3.141}, pose, None, None
50.05, [INFO], r1, {'battery-level': '47.55'}, battery_charge, None, None
60.07, [INFO], r1, {'y': 26.115, 'x': -37.075, 'yaw': 3.141}, pose, None, None
60.07, [INFO], r1, {'battery-level': '47.05'}, battery_charge, None, None
70.08, [INFO], r1, {'battery-level': '46.55'}, battery_charge, None, None
70.08, [INFO], r1, {'y': 23.998, 'x': -37.011, 'yaw': 3.141}, pose, None, None
80.08, [INFO], r1, {'y': 21.893, 'x': -37.083, 'yaw': 3.142}, pose, None, None
80.08, [INFO], r1, {'battery-level': '46.05'}, battery_charge, None, None
90.02, [INFO], r1, {'y': 19.785, 'x': -37.044, 'yaw': -3.137}, pose, None, None
90.02, [INFO], r1, {'battery-level': '45.55'}, battery_charge, None, None
100.07, [INFO], r1, {'battery-level': '45.05'}, battery_charge, None, None
100.07, [INFO], r1, {'y': 17.663, 'x': -37.036, 'yaw': 3.141}, pose, None, None
110.07, [INFO], r1, {'y': 15.873, 'x': -36.441, 'yaw': 3.142}, pose, None, None
110.07, [INFO], r1, {'battery-level': '44.55'}, battery_charge, None, None
120.05, [INFO], r1, {'battery-level': '44.05'}, battery_charge, None, None
120.05, [INFO], r1, {'y': 15.332, 'x': -34.369, 'yaw': -3.141}, pose, None, None
130.05, [INFO], r1, {'battery-level': '43.55'}, battery_charge, None, None
130.05, [INFO], r1, {'y': 15.473, 'x': -32.248, 'yaw': 3.142}, pose, None, None
140.07, [INFO], r1, {'y': 15.577, 'x': -30.13, 'yaw': 3.141}, pose, None, None
140.07, [INFO], r1, {'battery-level': '43.05'}, battery_charge, None, None
150.00, [INFO], r1, {'y': 15.803, 'x': -28.027, 'yaw': 3.142}, pose, None, None
150.00, [INFO], r1, {'battery-level': '42.55'}, battery_charge, None, None
160.10, [INFO], r1, {'y': 14.232, 'x': -27.206, 'yaw': -3.14}, pose, None, None
160.10, [INFO], r1, {'battery-level': '42.05'}, battery_charge, None, None
170.00, [INFO], r1, {'y': 12.963, 'x': -27.348, 'yaw': 3.14}, pose, None, None
170.00, [INFO], r1, {'battery-level': '41.55'}, battery_charge, None, None
173.44, [INFO], r1, skill-success, None, navto, None
173.44, [INFO], r1, started skill, None, approach-nurse, None
173.44, [INFO], r1, sent message, None, None, None
173.53, [INFO], r1, skill-success, None, approach-nurse, None
173.53, [INFO], r1, skill-success, None, authenticate-nurse, None
173.53, [INFO], r1, started skill, None, open-drawer, None
173.53, [INFO], r1, sent message, None, None, None
173.53, [INFO], r1, skill-success, None, open-drawer, None
173.53, [INFO], r1, started skill, None, deposit, None
173.53, [INFO], r1, sent message, None, None, None
173.53, [INFO], r1, skill-success, None, deposit, None
173.53, [INFO], r1, started skill, None, close-drawer, None
173.53, [INFO], r1, sent message, None, None, None
173.53, [INFO], r1, skill-success, None, close-drawer, None
173.53, [INFO], r1, started skill, None, navto, None
180.09, [INFO], r1, {'y': 14.286, 'x': -27.445, 'yaw': 3.14}, pose, None, None
180.09, [INFO], r1, {'battery-level': '41.05'}, battery_charge, None, None
190.06, [INFO], r1, {'battery-level': '40.55'}, battery_charge, None, None
190.06, [INFO], r1, {'y': 15.66, 'x': -28.129, 'yaw': 3.141}, pose, None, None
200.04, [INFO], r1, {'battery-level': '40.05'}, battery_charge, None, None
200.04, [INFO], r1, {'y': 15.647, 'x': -30.24, 'yaw': 3.141}, pose, None, None
210.00, [INFO], r1, {'y': 15.559, 'x': -32.343, 'yaw': 3.14}, pose, None, None
210.00, [INFO], r1, {'battery-level': '39.55'}, battery_charge, None, None
220.09, [INFO], r1, {'y': 15.428, 'x': -34.475, 'yaw': -3.142}, pose, None, None
220.09, [INFO], r1, {'battery-level': '39.05'}, battery_charge, None, None
230.09, [INFO], r1, {'y': 16.7, 'x': -36.071, 'yaw': 3.142}, pose, None, None
230.09, [INFO], r1, {'battery-level': '38.55'}, battery_charge, None, None
240.07, [INFO], r1, {'y': 18.801, 'x': -36.18, 'yaw': 3.142}, pose, None, None
240.07, [INFO], r1, {'battery-level': '38.05'}, battery_charge, None, None
250.06, [INFO], r1, {'y': 20.901, 'x': -36.259, 'yaw': 3.142}, pose, None, None
250.06, [INFO], r1, {'battery-level': '37.55'}, battery_charge, None, None
260.05, [INFO], r1, {'y': 23.011, 'x': -36.332, 'yaw': 3.141}, pose, None, None
260.05, [INFO], r1, {'battery-level': '37.05'}, battery_charge, None, None
270.05, [INFO], r1, {'y': 25.128, 'x': -36.255, 'yaw': 3.141}, pose, None, None
270.05, [INFO], r1, {'battery-level': '36.55'}, battery_charge, None, None
280.07, [INFO], r1, {'y': 27.237, 'x': -36.281, 'yaw': 3.141}, pose, None, None
280.07, [INFO], r1, {'battery-level': '36.05'}, battery_charge, None, None
290.00, [INFO], r1, {'battery-level': '35.55'}, battery_charge, None, None
290.00, [INFO], r1, {'y': 29.342, 'x': -36.318, 'yaw': 3.142}, pose, None, None
300.04, [INFO], r1, {'y': 31.458, 'x': -36.474, 'yaw': 3.142}, pose, None, None
300.04, [INFO], r1, {'battery-level': '35.05'}, battery_charge, None, None
310.05, [INFO], r1, {'battery-level': '34.55'}, battery_charge, None, None
310.05, [INFO], r1, {'y': 33.553, 'x': -36.823, 'yaw': 3.141}, pose, None, None
320.08, [INFO], r1, {'y': 35.658, 'x': -36.954, 'yaw': 3.141}, pose, None, None
320.08, [INFO], r1, {'battery-level': '34.05'}, battery_charge, None, None
328.35, [INFO], r1, skill-success, None, navto, None
328.35, [INFO], r1, started skill, None, approach-arm, None
328.35, [INFO], r1, sent message, None, None, None
328.35, [INFO], r1, started skill, None, open-drawer, None
328.35, [INFO], r1, sent message, None, None, None
328.35, [INFO], r1, skill-success, None, open-drawer, None
328.35, [INFO], r1, started skill, None, pick-up-sample, None
328.35, [INFO], r1, sent message, None, None, None
328.35, [INFO], r1, skill-success, None, pick-up-sample, None
328.35, [INFO], r1, started skill, None, close-drawer, None
328.35, [INFO], r1, sent message, None, None, None
328.35, [INFO], r1, skill-success, None, close-drawer, None
328.35, [WARN], r1, SUCCESS, None, None, None
