9.65, [INFO], r1, started skill, None, navto, None
10.04, [INFO], r1, {'y': 33.95, 'x': -39.423, 'yaw': 3.141}, pose, None, None
10.04, [INFO], r1, {'battery-level': '49.60'}, battery_charge, None, None
20.10, [INFO], r1, {'battery-level': '49.10'}, battery_charge, None, None
20.10, [INFO], r1, {'y': 34.527, 'x': -37.432, 'yaw': 3.142}, pose, None, None
30.01, [INFO], r1, {'battery-level': '48.60'}, battery_charge, None, None
30.01, [INFO], r1, {'y': 32.547, 'x': -37.024, 'yaw': 3.141}, pose, None, None
40.09, [INFO], r1, {'battery-level': '48.10'}, battery_charge, None, None
40.09, [INFO], r1, {'y': 30.423, 'x': -37.046, 'yaw': 3.141}, pose, None, None
50.01, [INFO], r1, {'y': 28.306, 'x': -36.977, 'yaw': 3.14}, pose, None, None
50.01, [INFO], r1, {'battery-level': '47.60'}, battery_charge, None, None
60.02, [INFO], r1, {'y': 26.192, 'x': -37.037, 'yaw': 3.142}, pose, None, None
60.02, [INFO], r1, {'battery-level': '47.10'}, battery_charge, None, None
70.07, [INFO], r1, {'y': 24.065, 'x': -36.99, 'yaw': 3.142}, pose, None, None
70.07, [INFO], r1, {'battery-level': '46.60'}, battery_charge, None, None
80.08, [INFO], r1, {'y': 21.963, 'x': -37.114, 'yaw': 3.142}, pose, None, None
80.08, [INFO], r1, {'battery-level': '46.10'}, battery_charge, None, None
90.05, [INFO], r1, {'y': 19.858, 'x': -37.097, 'yaw': -3.137}, pose, None, None
90.05, [INFO], r1, {'battery-level': '45.60'}, battery_charge, None, None
100.05, [INFO], r1, {'y': 17.742, 'x': -37.046, 'yaw': 3.141}, pose, None, None
100.05, [INFO], r1, {'battery-level': '45.10'}, battery_charge, None, None
110.06, [INFO], r1, {'y': 15.836, 'x': -36.574, 'yaw': 3.14}, pose, None, None
110.06, [INFO], r1, {'battery-level': '44.60'}, battery_charge, None, None
120.05, [INFO], r1, {'y': 15.337, 'x': -34.503, 'yaw': -3.142}, pose, None, None
120.05, [INFO], r1, {'battery-level': '44.10'}, battery_charge, None, None
130.04, [INFO], r1, {'battery-level': '43.60'}, battery_charge, None, None
130.04, [INFO], r1, {'y': 15.467, 'x': -32.382, 'yaw': -3.142}, pose, None, None
140.04, [INFO], r1, {'y': 15.601, 'x': -30.265, 'yaw': 3.142}, pose, None, None
140.04, [INFO], r1, {'battery-level': '43.10'}, battery_charge, None, None
150.09, [INFO], r1, {'battery-level': '42.60'}, battery_charge, None, None
150.09, [INFO], r1, {'y': 15.796, 'x': -28.156, 'yaw': -3.142}, pose, None, None
160.00, [INFO], r1, {'y': 14.428, 'x': -27.257, 'yaw': 3.14}, pose, None, None
160.00, [INFO], r1, {'battery-level': '42.10'}, battery_charge, None, None
170.07, [INFO], r1, {'y': 12.92, 'x': -27.397, 'yaw': 3.142}, pose, None, None
170.07, [INFO], r1, {'battery-level': '41.60'}, battery_charge, None, None
176.50, [INFO], r1, skill-success, None, navto, None
176.50, [INFO], r1, started skill, None, approach-nurse, None
176.50, [INFO], r1, sent message, None, None, None
176.50, [INFO], r1, skill-success, None, approach-nurse, None
176.50, [INFO], r1, started skill, None, authenticate-nurse, None
176.50, [INFO], r1, sent message, None, None, None
176.50, [INFO], r1, started skill, None, open-drawer, None
176.50, [INFO], r1, sent message, None, None, None
176.50, [INFO], r1, skill-success, None, open-drawer, None
176.50, [INFO], r1, started skill, None, deposit, None
176.50, [INFO], r1, sent message, None, None, None
176.50, [INFO], r1, skill-success, None, deposit, None
176.50, [INFO], r1, started skill, None, close-drawer, None
176.50, [INFO], r1, sent message, None, None, None
176.50, [INFO], r1, skill-success, None, close-drawer, None
176.50, [INFO], r1, started skill, None, navto, None
180.04, [INFO], r1, {'y': 13.593, 'x': -27.383, 'yaw': -3.142}, pose, None, None
180.04, [INFO], r1, {'battery-level': '41.10'}, battery_charge, None, None
190.03, [INFO], r1, {'y': 15.608, 'x': -27.452, 'yaw': 3.141}, pose, None, None
190.03, [INFO], r1, {'battery-level': '40.60'}, battery_charge, None, None
200.06, [INFO], r1, {'y': 15.593, 'x': -29.585, 'yaw': 3.14}, pose, None, None
200.06, [INFO], r1, {'battery-level': '40.10'}, battery_charge, None, None
210.04, [INFO], r1, {'y': 15.512, 'x': -31.686, 'yaw': 3.141}, pose, None, None
210.04, [INFO], r1, {'battery-level': '39.60'}, battery_charge, None, None
220.05, [INFO], r1, {'battery-level': '39.10'}, battery_charge, None, None
220.05, [INFO], r1, {'y': 15.467, 'x': -33.815, 'yaw': 3.142}, pose, None, None
230.04, [INFO], r1, {'battery-level': '38.60'}, battery_charge, None, None
230.04, [INFO], r1, {'y': 16.141, 'x': -35.717, 'yaw': 3.139}, pose, None, None
240.05, [INFO], r1, {'y': 18.129, 'x': -36.142, 'yaw': 3.141}, pose, None, None
240.05, [INFO], r1, {'battery-level': '38.10'}, battery_charge, None, None
250.05, [INFO], r1, {'y': 20.235, 'x': -36.202, 'yaw': -3.142}, pose, None, None
250.05, [INFO], r1, {'battery-level': '37.60'}, battery_charge, None, None
260.08, [INFO], r1, {'y': 22.357, 'x': -36.299, 'yaw': 3.14}, pose, None, None
260.08, [INFO], r1, {'battery-level': '37.10'}, battery_charge, None, None
270.00, [INFO], r1, {'battery-level': '36.60'}, battery_charge, None, None
270.00, [INFO], r1, {'y': 24.455, 'x': -36.255, 'yaw': 3.141}, pose, None, None
280.07, [INFO], r1, {'battery-level': '36.10'}, battery_charge, None, None
280.07, [INFO], r1, {'y': 26.586, 'x': -36.266, 'yaw': -3.142}, pose, None, None
290.10, [INFO], r1, {'y': 28.707, 'x': -36.321, 'yaw': 3.141}, pose, None, None
290.10, [INFO], r1, {'battery-level': '35.60'}, battery_charge, None, None
300.05, [INFO], r1, {'y': 30.82, 'x': -36.405, 'yaw': 3.142}, pose, None, None
300.05, [INFO], r1, {'battery-level': '35.10'}, battery_charge, None, None
310.07, [INFO], r1, {'y': 32.941, 'x': -36.674, 'yaw': 3.142}, pose, None, None
310.07, [INFO], r1, {'battery-level': '34.60'}, battery_charge, None, None
320.09, [INFO], r1, {'y': 35.051, 'x': -36.93, 'yaw': 3.142}, pose, None, None
320.09, [INFO], r1, {'battery-level': '34.10'}, battery_charge, None, None
330.04, [INFO], r1, {'y': 36.171, 'x': -36.954, 'yaw': -3.142}, pose, None, None
330.04, [INFO], r1, {'battery-level': '33.60'}, battery_charge, None, None
332.64, [INFO], r1, skill-success, None, navto, None
332.64, [INFO], r1, started skill, None, approach-arm, None
332.64, [INFO], r1, sent message, None, None, None
332.64, [INFO], r1, skill-success, None, approach-arm, None
332.64, [INFO], r1, started skill, None, open-drawer, None
332.64, [INFO], r1, sent message, None, None, None
332.64, [INFO], r1, skill-success, None, open-drawer, None
332.64, [INFO], r1, started skill, None, pick-up-sample, None
332.64, [INFO], r1, sent message, None, None, None
332.74, [INFO], r1, skill-success, None, pick-up-sample, None
332.74, [INFO], r1, started skill, None, close-drawer, None
332.74, [INFO], r1, sent message, None, None, None
332.74, [INFO], r1, skill-success, None, close-drawer, None
332.74, [WARN], r1, SUCCESS, None, None, None
