9.02, [INFO], r1, started skill, None, navto, None
10.02, [INFO], r1, {'y': 10.009, 'x': -37.843, 'yaw': -3.141}, pose, None, None
10.02, [INFO], r1, {'battery-level': '24.55'}, battery_charge, None, None
20.07, [INFO], r1, {'y': 11.805, 'x': -37.127, 'yaw': 3.142}, pose, None, None
20.07, [INFO], r1, {'battery-level': '24.05'}, battery_charge, None, None
30.05, [INFO], r1, {'battery-level': '23.55'}, battery_charge, None, None
30.05, [INFO], r1, {'y': 13.916, 'x': -37.009, 'yaw': 3.142}, pose, None, None
40.02, [INFO], r1, {'battery-level': '23.05'}, battery_charge, None, None
40.02, [INFO], r1, {'y': 15.836, 'x': -36.667, 'yaw': -3.142}, pose, None, None
50.05, [INFO], r1, {'y': 15.437, 'x': -34.561, 'yaw': 3.141}, pose, None, None
50.05, [INFO], r1, {'battery-level': '22.55'}, battery_charge, None, None
60.05, [INFO], r1, {'battery-level': '22.05'}, battery_charge, None, None
60.05, [INFO], r1, {'y': 15.485, 'x': -32.435, 'yaw': -3.141}, pose, None, None
70.05, [INFO], r1, {'battery-level': '21.55'}, battery_charge, None, None
70.05, [INFO], r1, {'y': 15.582, 'x': -30.329, 'yaw': 3.141}, pose, None, None
80.04, [INFO], r1, {'y': 15.765, 'x': -28.223, 'yaw': 3.142}, pose, None, None
80.04, [INFO], r1, {'battery-level': '21.05'}, battery_charge, None, None
90.02, [INFO], r1, {'y': 16.163, 'x': -26.147, 'yaw': 3.14}, pose, None, None
90.02, [INFO], r1, {'battery-level': '20.55'}, battery_charge, None, None
100.01, [INFO], r1, {'battery-level': '20.05'}, battery_charge, None, None
100.01, [INFO], r1, {'y': 16.155, 'x': -24.022, 'yaw': 3.142}, pose, None, None
110.09, [INFO], r1, {'battery-level': '19.55'}, battery_charge, None, None
110.09, [INFO], r1, {'y': 16.175, 'x': -21.893, 'yaw': 3.142}, pose, None, None
120.06, [INFO], r1, {'y': 16.283, 'x': -19.77, 'yaw': 3.141}, pose, None, None
120.06, [INFO], r1, {'battery-level': '19.05'}, battery_charge, None, None
130.03, [INFO], r1, {'y': 16.191, 'x': -17.664, 'yaw': 3.142}, pose, None, None
130.03, [INFO], r1, {'battery-level': '18.55'}, battery_charge, None, None
140.03, [INFO], r1, {'y': 16.098, 'x': -15.548, 'yaw': -3.141}, pose, None, None
140.03, [INFO], r1, {'battery-level': '18.05'}, battery_charge, None, None
150.01, [INFO], r1, {'y': 16.584, 'x': -13.581, 'yaw': 3.141}, pose, None, None
150.01, [INFO], r1, {'battery-level': '17.55'}, battery_charge, None, None
160.06, [INFO], r1, {'battery-level': '17.05'}, battery_charge, None, None
160.06, [INFO], r1, {'y': 17.893, 'x': -13.562, 'yaw': 3.14}, pose, None, None
170.03, [INFO], r1, {'y': 17.967, 'x': -13.653, 'yaw': -3.142}, pose, None, None
170.03, [INFO], r1, {'battery-level': '16.55'}, battery_charge, None, None
171.27, [INFO], r1, skill-success, None, navto, None
171.27, [INFO], r1, started skill, None, approach-nurse, None
171.27, [INFO], r1, sent message, None, None, None
171.37, [INFO], r1, skill-success, None, approach-nurse, None
171.37, [INFO], r1, started skill, None, open-drawer, None
171.37, [INFO], r1, sent message, None, None, None
171.37, [INFO], r1, skill-success, None, open-drawer, None
171.37, [INFO], r1, started skill, None, deposit, None
171.37, [INFO], r1, sent message, None, None, None
171.37, [INFO], r1, skill-success, None, deposit, None
171.37, [INFO], r1, started skill, None, close-drawer, None
171.37, [INFO], r1, sent message, None, None, None
171.37, [INFO], r1, skill-success, None, close-drawer, None
171.37, [INFO], r1, started skill, None, navto, None
180.00, [INFO], r1, {'battery-level': '16.05'}, battery_charge, None, None
180.00, [INFO], r1, {'y': 16.379, 'x': -14.156, 'yaw': 3.141}, pose, None, None
190.09, [INFO], r1, {'battery-level': '15.55'}, battery_charge, None, None
190.09, [INFO], r1, {'y': 16.223, 'x': -16.29, 'yaw': 3.141}, pose, None, None
200.04, [INFO], r1, {'battery-level': '15.05'}, battery_charge, None, None
200.04, [INFO], r1, {'y': 16.111, 'x': -18.4, 'yaw': 3.138}, pose, None, None
210.03, [INFO], r1, {'y': 16.282, 'x': -20.522, 'yaw': 3.142}, pose, None, None
210.03, [INFO], r1, {'battery-level': '14.55'}, battery_charge, None, None
220.08, [INFO], r1, {'battery-level': '14.05'}, battery_charge, None, None
220.08, [INFO], r1, {'y': 16.199, 'x': -22.654, 'yaw': 3.142}, pose, None, None
230.04, [INFO], r1, {'y': 16.097, 'x': -24.756, 'yaw': 3.141}, pose, None, None
230.04, [INFO], r1, {'battery-level': '13.55'}, battery_charge, None, None
240.08, [INFO], r1, {'y': 15.993, 'x': -26.885, 'yaw': 3.142}, pose, None, None
240.08, [INFO], r1, {'battery-level': '13.05'}, battery_charge, None, None
250.07, [INFO], r1, {'y': 16.148, 'x': -28.984, 'yaw': 3.141}, pose, None, None
250.07, [INFO], r1, {'battery-level': '12.55'}, battery_charge, None, None
260.06, [INFO], r1, {'y': 16.072, 'x': -31.108, 'yaw': 3.141}, pose, None, None
260.06, [INFO], r1, {'battery-level': '12.05'}, battery_charge, None, None
270.06, [INFO], r1, {'y': 15.727, 'x': -33.229, 'yaw': 3.141}, pose, None, None
270.06, [INFO], r1, {'battery-level': '11.55'}, battery_charge, None, None
280.04, [INFO], r1, {'battery-level': '11.05'}, battery_charge, None, None
280.04, [INFO], r1, {'y': 15.724, 'x': -35.253, 'yaw': -3.142}, pose, None, None
290.02, [INFO], r1, {'y': 17.585, 'x': -36.055, 'yaw': -3.139}, pose, None, None
290.02, [INFO], r1, {'battery-level': '10.55'}, battery_charge, None, None
300.08, [INFO], r1, {'battery-level': '10.05'}, battery_charge, None, None
300.08, [INFO], r1, {'y': 19.706, 'x': -36.22, 'yaw': -3.141}, pose, None, None
310.09, [INFO], r1, {'y': 21.834, 'x': -36.307, 'yaw': 3.14}, pose, None, None
310.09, [INFO], r1, {'battery-level': '9.55'}, battery_charge, None, None
320.05, [INFO], r1, {'y': 23.944, 'x': -36.356, 'yaw': 3.141}, pose, None, None
320.05, [INFO], r1, {'battery-level': '9.05'}, battery_charge, None, None
330.02, [INFO], r1, {'y': 26.057, 'x': -36.306, 'yaw': 3.141}, pose, None, None
330.02, [INFO], r1, {'battery-level': '8.55'}, battery_charge, None, None
340.01, [INFO], r1, {'battery-level': '8.05'}, battery_charge, None, None
340.01, [INFO], r1, {'y': 28.174, 'x': -36.364, 'yaw': 3.14}, pose, None, None
350.01, [INFO], r1, {'battery-level': '7.55'}, battery_charge, None, None
350.01, [INFO], r1, {'y': 30.3, 'x': -36.442, 'yaw': -3.138}, pose, None, None
360.01, [INFO], r1, {'battery-level': '7.05'}, battery_charge, None, None
360.01, [INFO], r1, {'y': 32.418, 'x': -36.64, 'yaw': 3.141}, pose, None, None
370.01, [INFO], r1, {'battery-level': '6.55'}, battery_charge, None, None
370.01, [INFO], r1, {'y': 34.531, 'x': -36.944, 'yaw': 3.139}, pose, None, None
380.08, [INFO], r1, {'y': 36.078, 'x': -36.953, 'yaw': -3.142}, pose, None, None
380.08, [INFO], r1, {'battery-level': '6.05'}, battery_charge, None, None
384.80, [INFO], r1, skill-success, None, navto, None
384.80, [INFO], r1, started skill, None, approach-arm, None
384.80, [INFO], r1, sent message, None, None, None
384.80, [INFO], r1, skill-success, None, approach-arm, None
384.80, [INFO], r1, started skill, None, open-drawer, None
384.80, [INFO], r1, sent message, None, None, None
384.80, [INFO], r1, skill-success, None, open-drawer, None
384.80, [INFO], r1, started skill, None, pick-up-sample, None
384.80, [INFO], r1, sent message, None, None, None
384.80, [INFO], r1, skill-success, None, pick-up-sample, None
384.80, [INFO], r1, started skill, None, close-drawer, None
384.80, [INFO], r1, sent message, None, None, None
384.80, [INFO], r1, skill-success, None, close-drawer, None
384.80, [WARN], r1, SUCCESS, None, None, None
390.00, [INFO], r1, {'y': 36.078, 'x': -36.958, 'yaw': -3.142}, pose, None, None
390.00, [INFO], r1, {'battery-level': '5.55'}, battery_charge, None, None
