9.48, [INFO], r1, started skill, None, navto, None
10.06, [INFO], r1, {'y': 10.001, 'x': -37.94, 'yaw': 3.141}, pose, None, None
10.06, [INFO], r1, {'battery-level': '24.55'}, battery_charge, None, None
20.06, [INFO], r1, {'y': 11.664, 'x': -37.095, 'yaw': 3.142}, pose, None, None
20.06, [INFO], r1, {'battery-level': '24.05'}, battery_charge, None, None
30.07, [INFO], r1, {'y': 13.775, 'x': -37.003, 'yaw': -3.142}, pose, None, None
30.07, [INFO], r1, {'battery-level': '23.55'}, battery_charge, None, None
40.04, [INFO], r1, {'y': 15.781, 'x': -36.707, 'yaw': -3.142}, pose, None, None
40.04, [INFO], r1, {'battery-level': '23.05'}, battery_charge, None, None
50.07, [INFO], r1, {'y': 15.472, 'x': -34.597, 'yaw': -3.141}, pose, None, None
50.07, [INFO], r1, {'battery-level': '22.55'}, battery_charge, None, None
60.09, [INFO], r1, {'y': 15.511, 'x': -32.485, 'yaw': -3.142}, pose, None, None
60.09, [INFO], r1, {'battery-level': '22.05'}, battery_charge, None, None
70.02, [INFO], r1, {'y': 15.562, 'x': -30.378, 'yaw': 3.141}, pose, None, None
70.02, [INFO], r1, {'battery-level': '21.55'}, battery_charge, None, None
80.07, [INFO], r1, {'y': 15.807, 'x': -28.257, 'yaw': 3.142}, pose, None, None
80.07, [INFO], r1, {'battery-level': '21.05'}, battery_charge, None, None
90.07, [INFO], r1, {'y': 16.057, 'x': -26.156, 'yaw': 3.137}, pose, None, None
90.07, [INFO], r1, {'battery-level': '20.55'}, battery_charge, None, None
100.06, [INFO], r1, {'y': 16.002, 'x': -24.05, 'yaw': 3.141}, pose, None, None
100.06, [INFO], r1, {'battery-level': '20.05'}, battery_charge, None, None
110.06, [INFO], r1, {'y': 16.03, 'x': -21.927, 'yaw': 3.142}, pose, None, None
110.06, [INFO], r1, {'battery-level': '19.55'}, battery_charge, None, None
120.06, [INFO], r1, {'battery-level': '19.05'}, battery_charge, None, None
120.06, [INFO], r1, {'y': 16.19, 'x': -19.806, 'yaw': -3.14}, pose, None, None
130.07, [INFO], r1, {'battery-level': '18.55'}, battery_charge, None, None
130.07, [INFO], r1, {'y': 16.157, 'x': -17.692, 'yaw': -3.142}, pose, None, None
140.09, [INFO], r1, {'battery-level': '18.05'}, battery_charge, None, None
140.09, [INFO], r1, {'y': 16.071, 'x': -15.562, 'yaw': -3.142}, pose, None, None
150.09, [INFO], r1, {'y': 16.553, 'x': -13.603, 'yaw': 3.141}, pose, None, None
150.09, [INFO], r1, {'battery-level': '17.55'}, battery_charge, None, None
160.07, [INFO], r1, {'battery-level': '17.05'}, battery_charge, None, None
160.07, [INFO], r1, {'y': 17.913, 'x': -13.616, 'yaw': 3.14}, pose, None, None
166.89, [INFO], r1, skill-success, None, navto, None
166.89, [INFO], r1, started skill, None, approach-nurse, None
166.89, [INFO], r1, sent message, None, None, None
166.89, [INFO], r1, skill-success, None, approach-nurse, None
166.89, [INFO], r1, started skill, None, open-drawer, None
166.89, [INFO], r1, sent message, None, None, None
166.89, [INFO], r1, skill-success, None, open-drawer, None
166.89, [INFO], r1, started skill, None, deposit, None
166.89, [INFO], r1, sent message, None, None, None
166.89, [INFO], r1, skill-success, None, deposit, None
166.89, [INFO], r1, started skill, None, close-drawer, None
166.89, [INFO], r1, sent message, None, None, None
166.89, [INFO], r1, skill-success, None, close-drawer, None
166.89, [INFO], r1, started skill, None, navto, None
170.04, [INFO], r1, {'y': 17.351, 'x': -13.631, 'yaw': -3.142}, pose, None, None
170.04, [INFO], r1, {'battery-level': '16.55'}, battery_charge, None, None
180.03, [INFO], r1, {'y': 16.201, 'x': -15.065, 'yaw': 3.142}, pose, None, None
180.03, [INFO], r1, {'battery-level': '16.05'}, battery_charge, None, None
190.01, [INFO], r1, {'y': 16.137, 'x': -17.164, 'yaw': 3.141}, pose, None, None
190.01, [INFO], r1, {'battery-level': '15.55'}, battery_charge, None, None
200.01, [INFO], r1, {'y': 16.241, 'x': -19.274, 'yaw': 3.142}, pose, None, None
200.01, [INFO], r1, {'battery-level': '15.05'}, battery_charge, None, None
210.01, [INFO], r1, {'y': 16.381, 'x': -21.388, 'yaw': 3.142}, pose, None, None
210.01, [INFO], r1, {'battery-level': '14.55'}, battery_charge, None, None
220.02, [INFO], r1, {'y': 16.189, 'x': -23.485, 'yaw': 3.141}, pose, None, None
220.02, [INFO], r1, {'battery-level': '14.05'}, battery_charge, None, None
230.02, [INFO], r1, {'y': 16.089, 'x': -25.599, 'yaw': 3.141}, pose, None, None
230.02, [INFO], r1, {'battery-level': '13.55'}, battery_charge, None, None
240.00, [INFO], r1, {'y': 16.001, 'x': -27.717, 'yaw': 3.142}, pose, None, None
240.00, [INFO], r1, {'battery-level': '13.05'}, battery_charge, None, None
250.01, [INFO], r1, {'y': 16.045, 'x': -29.822, 'yaw': -3.138}, pose, None, None
250.01, [INFO], r1, {'battery-level': '12.55'}, battery_charge, None, None
260.02, [INFO], r1, {'y': 15.925, 'x': -31.948, 'yaw': 3.141}, pose, None, None
260.02, [INFO], r1, {'battery-level': '12.05'}, battery_charge, None, None
270.03, [INFO], r1, {'y': 15.534, 'x': -34.042, 'yaw': 3.141}, pose, None, None
270.03, [INFO], r1, {'battery-level': '11.55'}, battery_charge, None, None
280.00, [INFO], r1, {'battery-level': '11.05'}, battery_charge, None, None
280.00, [INFO], r1, {'y': 16.33, 'x': -35.848, 'yaw': 3.141}, pose, None, None
290.00, [INFO], r1, {'y': 18.407, 'x': -36.143, 'yaw': 3.141}, pose, None, None
290.00, [INFO], r1, {'battery-level': '10.55'}, battery_charge, None, None
300.08, [INFO], r1, {'y': 20.534, 'x': -36.241, 'yaw': 3.141}, pose, None, None
300.08, [INFO], r1, {'battery-level': '10.05'}, battery_charge, None, None
310.09, [INFO], r1, {'y': 22.642, 'x': -36.326, 'yaw': 3.141}, pose, None, None
310.09, [INFO], r1, {'battery-level': '9.55'}, battery_charge, None, None
320.09, [INFO], r1, {'y': 24.757, 'x': -36.322, 'yaw': 3.141}, pose, None, None
320.09, [INFO], r1, {'battery-level': '9.05'}, battery_charge, None, None
330.07, [INFO], r1, {'battery-level': '8.55'}, battery_charge, None, None
330.07, [INFO], r1, {'y': 26.877, 'x': -36.302, 'yaw': 3.14}, pose, None, None
340.08, [INFO], r1, {'y': 29.003, 'x': -36.353, 'yaw': 3.141}, pose, None, None
340.08, [INFO], r1, {'battery-level': '8.05'}, battery_charge, None, None
350.02, [INFO], r1, {'y': 31.102, 'x': -36.427, 'yaw': -3.142}, pose, None, None
350.02, [INFO], r1, {'battery-level': '7.55'}, battery_charge, None, None
360.02, [INFO], r1, {'y': 33.203, 'x': -36.714, 'yaw': -3.142}, pose, None, None
360.02, [INFO], r1, {'battery-level': '7.05'}, battery_charge, None, None
370.05, [INFO], r1, {'y': 35.324, 'x': -36.892, 'yaw': -3.142}, pose, None, None
370.05, [INFO], r1, {'battery-level': '6.55'}, battery_charge, None, None
380.04, [INFO], r1, {'y': 36.131, 'x': -36.944, 'yaw': -3.142}, pose, None, None
380.04, [INFO], r1, {'battery-level': '6.05'}, battery_charge, None, None
381.97, [INFO], r1, skill-success, None, navto, None
381.97, [INFO], r1, started skill, None, approach-arm, None
381.97, [INFO], r1, sent message, None, None, None
381.97, [INFO], r1, started skill, None, open-drawer, None
381.97, [INFO], r1, sent message, None, None, None
381.97, [INFO], r1, skill-success, None, open-drawer, None
381.97, [INFO], r1, started skill, None, pick-up-sample, None
381.97, [INFO], r1, sent message, None, None, None
381.97, [INFO], r1, skill-success, None, pick-up-sample, None
381.97, [INFO], r1, started skill, None, close-drawer, None
381.97, [INFO], r1, sent message, None, None, None
381.97, [INFO], r1, skill-success, None, close-drawer, None
381.97, [WARN], r1, SUCCESS, None, None, None
390.02, [INFO], r1, {'y': 36.129, 'x': -36.941, 'yaw': -3.142}, pose, None, None
390.02, [INFO], r1, {'battery-level': '5.55'}, battery_charge, None, None
