9.14, [INFO], r1, started skill, None, navto, None
10.09, [INFO], r1, {'y': 10.005, 'x': -37.873, 'yaw': 3.141}, pose, None, None
10.09, [INFO], r1, {'battery-level': '24.55'}, battery_charge, None, None
20.02, [INFO], r1, {'y': 11.72, 'x': -37.124, 'yaw': -3.142}, pose, None, None
20.02, [INFO], r1, {'battery-level': '24.05'}, battery_charge, None, None
30.00, [INFO], r1, {'y': 13.827, 'x': -37.044, 'yaw': 3.142}, pose, None, None
30.00, [INFO], r1, {'battery-level': '23.55'}, battery_charge, None, None
40.01, [INFO], r1, {'y': 15.792, 'x': -36.635, 'yaw': -3.142}, pose, None, None
40.01, [INFO], r1, {'battery-level': '23.05'}, battery_charge, None, None
50.02, [INFO], r1, {'y': 15.464, 'x': -34.519, 'yaw': -3.141}, pose, None, None
50.02, [INFO], r1, {'battery-level': '22.55'}, battery_charge, None, None
60.03, [INFO], r1, {'y': 15.546, 'x': -32.404, 'yaw': 3.142}, pose, None, None
60.03, [INFO], r1, {'battery-level': '22.05'}, battery_charge, None, None
70.06, [INFO], r1, {'y': 15.617, 'x': -30.273, 'yaw': 3.141}, pose, None, None
70.06, [INFO], r1, {'battery-level': '21.55'}, battery_charge, None, None
80.06, [INFO], r1, {'y': 15.797, 'x': -28.159, 'yaw': 3.142}, pose, None, None
80.06, [INFO], r1, {'battery-level': '21.05'}, battery_charge, None, None
90.03, [INFO], r1, {'y': 16.155, 'x': -26.063, 'yaw': -3.138}, pose, None, None
90.03, [INFO], r1, {'battery-level': '20.55'}, battery_charge, None, None
100.04, [INFO], r1, {'battery-level': '20.05'}, battery_charge, None, None
100.04, [INFO], r1, {'y': 16.159, 'x': -23.943, 'yaw': -3.141}, pose, None, None
110.04, [INFO], r1, {'y': 16.174, 'x': -21.828, 'yaw': 3.142}, pose, None, None
110.04, [INFO], r1, {'battery-level': '19.55'}, battery_charge, None, None
120.05, [INFO], r1, {'battery-level': '19.05'}, battery_charge, None, None
120.05, [INFO], r1, {'y': 16.273, 'x': -19.727, 'yaw': -3.141}, pose, None, None
130.06, [INFO], r1, {'y': 16.172, 'x': -17.605, 'yaw': -3.142}, pose, None, None
130.06, [INFO], r1, {'battery-level': '18.55'}, battery_charge, None, None
140.06, [INFO], r1, {'battery-level': '18.05'}, battery_charge, None, None
140.06, [INFO], r1, {'y': 16.076, 'x': -15.504, 'yaw': 3.141}, pose, None, None
150.04, [INFO], r1, {'battery-level': '17.55'}, battery_charge, None, None
150.04, [INFO], r1, {'y': 16.552, 'x': -13.555, 'yaw': 3.142}, pose, None, None
160.03, [INFO], r1, {'y': 17.889, 'x': -13.61, 'yaw': 3.14}, pose, None, None
160.03, [INFO], r1, {'battery-level': '17.05'}, battery_charge, None, None
170.01, [INFO], r1, {'battery-level': '16.55'}, battery_charge, None, None
170.01, [INFO], r1, {'y': 17.978, 'x': -13.665, 'yaw': -3.141}, pose, None, None
173.63, [INFO], r1, skill-success, None, navto, None
173.63, [INFO], r1, started skill, None, approach-nurse, None
173.63, [INFO], r1, sent message, None, None, None
173.63, [INFO], r1, skill-success, None, approach-nurse, None
173.63, [INFO], r1, started skill, None, authenticate-nurse, None
173.63, [INFO], r1, sent message, None, None, None
173.63, [INFO], r1, skill-success, None, authenticate-nurse, None
173.63, [INFO], r1, started skill, None, open-drawer, None
173.63, [INFO], r1, sent message, None, None, None
173.63, [INFO], r1, skill-success, None, open-drawer, None
173.63, [INFO], r1, started skill, None, deposit, None
173.63, [INFO], r1, sent message, None, None, None
173.63, [INFO], r1, skill-success, None, deposit, None
173.63, [INFO], r1, started skill, None, close-drawer, None
173.63, [INFO], r1, sent message, None, None, None
173.63, [INFO], r1, skill-success, None, close-drawer, None
173.63, [INFO], r1, started skill, None, navto, None
180.02, [INFO], r1, {'battery-level': '16.05'}, battery_charge, None, None
180.02, [INFO], r1, {'y': 16.705, 'x': -13.752, 'yaw': 3.142}, pose, None, None
190.08, [INFO], r1, {'y': 16.15, 'x': -15.749, 'yaw': 3.141}, pose, None, None
190.08, [INFO], r1, {'battery-level': '15.55'}, battery_charge, None, None
200.07, [INFO], r1, {'battery-level': '15.05'}, battery_charge, None, None
200.07, [INFO], r1, {'y': 16.18, 'x': -17.856, 'yaw': 3.141}, pose, None, None
210.04, [INFO], r1, {'y': 16.346, 'x': -19.951, 'yaw': 3.136}, pose, None, None
210.04, [INFO], r1, {'battery-level': '14.55'}, battery_charge, None, None
220.03, [INFO], r1, {'battery-level': '14.05'}, battery_charge, None, None
220.03, [INFO], r1, {'y': 16.297, 'x': -22.07, 'yaw': 3.141}, pose, None, None
230.00, [INFO], r1, {'y': 16.157, 'x': -24.173, 'yaw': 3.141}, pose, None, None
230.00, [INFO], r1, {'battery-level': '13.55'}, battery_charge, None, None
240.07, [INFO], r1, {'y': 16.118, 'x': -26.296, 'yaw': 3.141}, pose, None, None
240.07, [INFO], r1, {'battery-level': '13.05'}, battery_charge, None, None
250.07, [INFO], r1, {'y': 16.135, 'x': -28.399, 'yaw': 3.142}, pose, None, None
250.07, [INFO], r1, {'battery-level': '12.55'}, battery_charge, None, None
260.02, [INFO], r1, {'y': 16.098, 'x': -30.491, 'yaw': -3.142}, pose, None, None
260.02, [INFO], r1, {'battery-level': '12.05'}, battery_charge, None, None
270.06, [INFO], r1, {'y': 15.826, 'x': -32.605, 'yaw': -3.142}, pose, None, None
270.06, [INFO], r1, {'battery-level': '11.55'}, battery_charge, None, None
280.08, [INFO], r1, {'y': 15.365, 'x': -34.697, 'yaw': -3.141}, pose, None, None
280.08, [INFO], r1, {'battery-level': '11.05'}, battery_charge, None, None
290.06, [INFO], r1, {'y': 16.905, 'x': -36.046, 'yaw': 3.142}, pose, None, None
290.06, [INFO], r1, {'battery-level': '10.55'}, battery_charge, None, None
300.02, [INFO], r1, {'battery-level': '10.05'}, battery_charge, None, None
300.02, [INFO], r1, {'y': 19.014, 'x': -36.14, 'yaw': -3.142}, pose, None, None
310.07, [INFO], r1, {'y': 21.121, 'x': -36.272, 'yaw': 3.141}, pose, None, None
310.07, [INFO], r1, {'battery-level': '9.55'}, battery_charge, None, None
320.08, [INFO], r1, {'battery-level': '9.05'}, battery_charge, None, None
320.08, [INFO], r1, {'y': 23.243, 'x': -36.322, 'yaw': 3.142}, pose, None, None
330.08, [INFO], r1, {'battery-level': '8.55'}, battery_charge, None, None
330.08, [INFO], r1, {'y': 25.352, 'x': -36.292, 'yaw': 3.141}, pose, None, None
340.00, [INFO], r1, {'y': 27.462, 'x': -36.306, 'yaw': 3.14}, pose, None, None
340.00, [INFO], r1, {'battery-level': '8.05'}, battery_charge, None, None
350.08, [INFO], r1, {'y': 29.6, 'x': -36.337, 'yaw': 3.141}, pose, None, None
350.08, [INFO], r1, {'battery-level': '7.55'}, battery_charge, None, None
360.01, [INFO], r1, {'battery-level': '7.05'}, battery_charge, None, None
360.01, [INFO], r1, {'y': 31.698, 'x': -36.511, 'yaw': -3.142}, pose, None, None
370.01, [INFO], r1, {'y': 33.796, 'x': -36.842, 'yaw': -3.141}, pose, None, None
370.01, [INFO], r1, {'battery-level': '6.55'}, battery_charge, None, None
380.00, [INFO], r1, {'battery-level': '6.05'}, battery_charge, None, None
380.00, [INFO], r1, {'y': 35.853, 'x': -36.904, 'yaw': 3.142}, pose, None, None
390.03, [INFO], r1, {'battery-level': '5.55'}, battery_charge, None, None
390.03, [INFO], r1, {'y': 36.047, 'x': -36.946, 'yaw': -3.142}, pose, None, None
400.08, [INFO], r1, {'y': 36.099, 'x': -36.973, 'yaw': 3.142}, pose, None, None
400.08, [INFO], r1, {'battery-level': '5.05'}, battery_charge, None, None
400.08, [INFO], r1, skill-success, None, navto, None
400.08, [INFO], r1, started skill, None, approach-arm, None
400.08, [INFO], r1, started skill, None, open-drawer, None
400.08, [INFO], r1, sent message, None, None, None
400.08, [INFO], r1, skill-success, None, open-drawer, None
400.08, [INFO], r1, started skill, None, pick-up-sample, None
400.08, [INFO], r1, sent message, None, None, None
400.08, [INFO], r1, skill-success, None, pick-up-sample, None
400.08, [INFO], r1, started skill, None, close-drawer, None
400.08, [INFO], r1, sent message, None, None, None
400.08, [INFO], r1, skill-success, None, close-drawer, None
400.08, [WARN], r1, SUCCESS, None, None, None
402.01, [WARN], r1, LOWBATT, None, None, None
402.01, [WARN], None, end!, None, None, None
