9.49, [INFO], r1, started skill, None, navto, None
10.07, [INFO], r1, {'y': 33.95, 'x': -39.403, 'yaw': 3.141}, pose, None, None
10.07, [INFO], r1, {'battery-level': '49.55'}, battery_charge, None, None
20.00, [INFO], r1, {'battery-level': '49.05'}, battery_charge, None, None
20.00, [INFO], r1, {'y': 34.495, 'x': -37.437, 'yaw': -3.141}, pose, None, None
30.05, [INFO], r1, {'y': 32.473, 'x': -37.087, 'yaw': 3.141}, pose, None, None
30.05, [INFO], r1, {'battery-level': '48.55'}, battery_charge, None, None
40.01, [INFO], r1, {'battery-level': '48.05'}, battery_charge, None, None
40.01, [INFO], r1, {'y': 30.368, 'x': -37.04, 'yaw': 3.141}, pose, None, None
50.00, [INFO], r1, {'y': 28.258, 'x': -37.005, 'yaw': 3.141}, pose, None, None
50.00, [INFO], r1, {'battery-level': '47.55'}, battery_charge, None, None
60.09, [INFO], r1, {'y': 26.129, 'x': -37.038, 'yaw': 3.141}, pose, None, None
60.09, [INFO], r1, {'battery-level': '47.05'}, battery_charge, None, None
70.05, [INFO], r1, {'y': 24.029, 'x': -36.993, 'yaw': 3.141}, pose, None, None
70.05, [INFO], r1, {'battery-level': '46.55'}, battery_charge, None, None
80.00, [INFO], r1, {'y': 21.926, 'x': -37.088, 'yaw': -3.142}, pose, None, None
80.00, [INFO], r1, {'battery-level': '46.05'}, battery_charge, None, None
90.03, [INFO], r1, {'y': 19.823, 'x': -37.053, 'yaw': -3.141}, pose, None, None
90.03, [INFO], r1, {'battery-level': '45.55'}, battery_charge, None, None
100.03, [INFO], r1, {'battery-level': '45.05'}, battery_charge, None, None
100.03, [INFO], r1, {'y': 17.696, 'x': -37.036, 'yaw': 3.141}, pose, None, None
110.07, [INFO], r1, {'battery-level': '44.55'}, battery_charge, None, None
110.07, [INFO], r1, {'y': 15.784, 'x': -36.535, 'yaw': 3.14}, pose, None, None
120.08, [INFO], r1, {'y': 15.358, 'x': -34.446, 'yaw': -3.141}, pose, None, None
120.08, [INFO], r1, {'battery-level': '44.05'}, battery_charge, None, None
130.07, [INFO], r1, {'y': 15.55, 'x': -32.321, 'yaw': -3.142}, pose, None, None
130.07, [INFO], r1, {'battery-level': '43.55'}, battery_charge, None, None
140.08, [INFO], r1, {'y': 15.603, 'x': -30.206, 'yaw': 3.141}, pose, None, None
140.08, [INFO], r1, {'battery-level': '43.05'}, battery_charge, None, None
150.09, [INFO], r1, {'battery-level': '42.55'}, battery_charge, None, None
150.09, [INFO], r1, {'y': 15.761, 'x': -28.603, 'yaw': 3.14}, pose, None, None
160.00, [INFO], r1, {'battery-level': '42.05'}, battery_charge, None, None
160.00, [INFO], r1, {'y': 15.762, 'x': -28.597, 'yaw': 3.142}, pose, None, None
170.08, [INFO], r1, {'y': 15.762, 'x': -28.596, 'yaw': 3.142}, pose, None, None
170.08, [INFO], r1, {'battery-level': '41.55'}, battery_charge, None, None
180.06, [INFO], r1, {'y': 15.761, 'x': -28.599, 'yaw': 3.141}, pose, None, None
180.06, [INFO], r1, {'battery-level': '41.05'}, battery_charge, None, None
190.05, [INFO], r1, {'battery-level': '40.55'}, battery_charge, None, None
190.05, [INFO], r1, {'y': 15.759, 'x': -28.598, 'yaw': -3.141}, pose, None, None
200.03, [INFO], r1, {'y': 15.79, 'x': -28.611, 'yaw': -3.142}, pose, None, None
200.03, [INFO], r1, {'battery-level': '40.05'}, battery_charge, None, None
210.01, [INFO], r1, {'battery-level': '39.55'}, battery_charge, None, None
210.01, [INFO], r1, {'y': 15.792, 'x': -28.61, 'yaw': -3.142}, pose, None, None
220.02, [INFO], r1, {'y': 15.792, 'x': -28.607, 'yaw': 3.142}, pose, None, None
220.02, [INFO], r1, {'battery-level': '39.05'}, battery_charge, None, None
230.03, [INFO], r1, {'battery-level': '38.55'}, battery_charge, None, None
230.03, [INFO], r1, {'y': 15.801, 'x': -28.605, 'yaw': -3.142}, pose, None, None
240.03, [INFO], r1, {'battery-level': '38.05'}, battery_charge, None, None
240.03, [INFO], r1, {'y': 15.682, 'x': -28.668, 'yaw': 3.141}, pose, None, None
250.04, [INFO], r1, {'y': 15.62, 'x': -28.642, 'yaw': 3.138}, pose, None, None
250.04, [INFO], r1, {'battery-level': '37.55'}, battery_charge, None, None
260.01, [INFO], r1, {'y': 15.624, 'x': -28.639, 'yaw': -3.136}, pose, None, None
260.01, [INFO], r1, {'battery-level': '37.05'}, battery_charge, None, None
270.04, [INFO], r1, {'y': 15.625, 'x': -28.639, 'yaw': -3.136}, pose, None, None
270.04, [INFO], r1, {'battery-level': '36.55'}, battery_charge, None, None
280.05, [INFO], r1, {'y': 15.666, 'x': -28.598, 'yaw': 3.142}, pose, None, None
280.05, [INFO], r1, {'battery-level': '36.05'}, battery_charge, None, None
290.02, [INFO], r1, {'battery-level': '35.55'}, battery_charge, None, None
290.02, [INFO], r1, {'y': 15.697, 'x': -28.587, 'yaw': -3.142}, pose, None, None
300.03, [INFO], r1, {'y': 15.697, 'x': -28.587, 'yaw': -3.142}, pose, None, None
300.03, [INFO], r1, {'battery-level': '35.05'}, battery_charge, None, None
307.26, [WARN], r1, SKILL-FAILURE, None, navto, None
