0.00, [DEBUG], logger, ROBOTS_CONFIG={'capabilities': ['approach_person', 'approach_robot', 'authenticate_person', 'navigation', 'operate_drawer'], 'battery_charge': 0.5, 'nurse_pose': [-27.23, 18.0, -1.57], 'robot_pose': [-39.44, 33.95, 0.0]}, None, None, None
0.00, [DEBUG], logger, Simulation open, None, None, None
10.08, [INFO], r1, {'y': 33.95, 'x': -39.44, 'yaw': 3.142}, pose, None, None
10.08, [INFO], r1, {'battery-level': '49.55'}, battery_charge, None, None
10.67, [INFO], r1, started skill, None, navto, None
20.09, [INFO], r1, {'y': 34.583, 'x': -37.627, 'yaw': -3.142}, pose, None, None
20.09, [INFO], r1, {'battery-level': '49.05'}, battery_charge, None, None
30.00, [INFO], r1, {'y': 32.731, 'x': -37.009, 'yaw': 3.141}, pose, None, None
30.00, [INFO], r1, {'battery-level': '48.55'}, battery_charge, None, None
40.03, [INFO], r1, {'y': 30.614, 'x': -37.048, 'yaw': 3.14}, pose, None, None
40.03, [INFO], r1, {'battery-level': '48.05'}, battery_charge, None, None
50.05, [INFO], r1, {'battery-level': '47.55'}, battery_charge, None, None
50.05, [INFO], r1, {'y': 28.486, 'x': -37.013, 'yaw': 3.141}, pose, None, None
60.04, [INFO], r1, {'y': 26.386, 'x': -37.017, 'yaw': 3.14}, pose, None, None
60.04, [INFO], r1, {'battery-level': '47.05'}, battery_charge, None, None
70.03, [INFO], r1, {'y': 24.286, 'x': -36.993, 'yaw': 3.141}, pose, None, None
70.03, [INFO], r1, {'battery-level': '46.55'}, battery_charge, None, None
80.05, [INFO], r1, {'y': 22.178, 'x': -37.102, 'yaw': 3.141}, pose, None, None
80.05, [INFO], r1, {'battery-level': '46.05'}, battery_charge, None, None
90.06, [INFO], r1, {'y': 20.063, 'x': -37.043, 'yaw': 3.141}, pose, None, None
90.06, [INFO], r1, {'battery-level': '45.55'}, battery_charge, None, None
100.05, [INFO], r1, {'y': 17.957, 'x': -37.049, 'yaw': 3.142}, pose, None, None
100.05, [INFO], r1, {'battery-level': '45.05'}, battery_charge, None, None
110.06, [INFO], r1, {'battery-level': '44.55'}, battery_charge, None, None
110.06, [INFO], r1, {'y': 15.965, 'x': -36.717, 'yaw': 3.141}, pose, None, None
120.04, [INFO], r1, {'y': 15.469, 'x': -34.644, 'yaw': -3.142}, pose, None, None
120.04, [INFO], r1, {'battery-level': '44.05'}, battery_charge, None, None
130.03, [INFO], r1, {'y': 15.476, 'x': -32.528, 'yaw': 3.142}, pose, None, None
130.03, [INFO], r1, {'battery-level': '43.55'}, battery_charge, None, None
140.02, [INFO], r1, {'y': 15.547, 'x': -30.421, 'yaw': 3.141}, pose, None, None
140.02, [INFO], r1, {'battery-level': '43.05'}, battery_charge, None, None
150.07, [INFO], r1, {'y': 15.756, 'x': -28.296, 'yaw': 3.142}, pose, None, None
150.07, [INFO], r1, {'battery-level': '42.55'}, battery_charge, None, None
160.05, [INFO], r1, {'y': 17.121, 'x': -27.029, 'yaw': 3.141}, pose, None, None
160.05, [INFO], r1, {'battery-level': '42.05'}, battery_charge, None, None
170.03, [INFO], r1, {'y': 17.997, 'x': -27.194, 'yaw': 3.142}, pose, None, None
170.03, [INFO], r1, {'battery-level': '41.55'}, battery_charge, None, None
173.41, [INFO], r1, skill-success, None, navto, None
173.41, [INFO], r1, started skill, None, approach-nurse, None
173.41, [INFO], r1, sent message, None, None, None
173.41, [INFO], r1, skill-success, None, approach-nurse, None
173.41, [INFO], r1, started skill, None, authenticate-nurse, None
173.41, [INFO], r1, started skill, None, open-drawer, None
173.41, [INFO], r1, sent message, None, None, None
173.41, [INFO], r1, skill-success, None, open-drawer, None
173.41, [INFO], r1, started skill, None, deposit, None
173.41, [INFO], r1, sent message, None, None, None
173.41, [INFO], r1, skill-success, None, deposit, None
173.41, [INFO], r1, started skill, None, close-drawer, None
173.41, [INFO], r1, sent message, None, None, None
173.41, [INFO], r1, skill-success, None, close-drawer, None
173.41, [INFO], r1, started skill, None, navto, None
180.03, [INFO], r1, {'y': 16.675, 'x': -27.009, 'yaw': 3.142}, pose, None, None
180.03, [INFO], r1, {'battery-level': '41.05'}, battery_charge, None, None
190.01, [INFO], r1, {'battery-level': '40.55'}, battery_charge, None, None
190.01, [INFO], r1, {'y': 16.098, 'x': -28.716, 'yaw': 3.138}, pose, None, None
200.08, [INFO], r1, {'battery-level': '40.05'}, battery_charge, None, None
200.08, [INFO], r1, {'y': 16.002, 'x': -30.852, 'yaw': 3.141}, pose, None, None
210.06, [INFO], r1, {'battery-level': '39.55'}, battery_charge, None, None
210.06, [INFO], r1, {'y': 15.773, 'x': -32.969, 'yaw': -3.142}, pose, None, None
220.06, [INFO], r1, {'y': 15.53, 'x': -35.046, 'yaw': -3.141}, pose, None, None
220.06, [INFO], r1, {'battery-level': '39.05'}, battery_charge, None, None
230.06, [INFO], r1, {'y': 17.306, 'x': -36.083, 'yaw': 3.142}, pose, None, None
230.06, [INFO], r1, {'battery-level': '38.55'}, battery_charge, None, None
240.06, [INFO], r1, {'y': 19.425, 'x': -36.217, 'yaw': 3.141}, pose, None, None
240.06, [INFO], r1, {'battery-level': '38.05'}, battery_charge, None, None
250.04, [INFO], r1, {'y': 21.551, 'x': -36.271, 'yaw': -3.142}, pose, None, None
250.04, [INFO], r1, {'battery-level': '37.55'}, battery_charge, None, None
260.02, [INFO], r1, {'battery-level': '37.05'}, battery_charge, None, None
260.02, [INFO], r1, {'y': 23.664, 'x': -36.345, 'yaw': -3.142}, pose, None, None
270.03, [INFO], r1, {'y': 25.788, 'x': -36.36, 'yaw': -3.142}, pose, None, None
270.03, [INFO], r1, {'battery-level': '36.55'}, battery_charge, None, None
280.02, [INFO], r1, {'battery-level': '36.05'}, battery_charge, None, None
280.02, [INFO], r1, {'y': 27.916, 'x': -36.39, 'yaw': -3.142}, pose, None, None
290.02, [INFO], r1, {'y': 30.036, 'x': -36.448, 'yaw': -3.142}, pose, None, None
290.02, [INFO], r1, {'battery-level': '35.55'}, battery_charge, None, None
300.03, [INFO], r1, {'battery-level': '35.05'}, battery_charge, None, None
300.03, [INFO], r1, {'y': 32.163, 'x': -36.612, 'yaw': 3.141}, pose, None, None
310.04, [INFO], r1, {'y': 34.284, 'x': -36.84, 'yaw': -3.142}, pose, None, None
310.04, [INFO], r1, {'battery-level': '34.55'}, battery_charge, None, None
320.05, [INFO], r1, {'y': 36.04, 'x': -36.992, 'yaw': -3.142}, pose, None, None
320.05, [INFO], r1, {'battery-level': '34.05'}, battery_charge, None, None
326.40, [INFO], r1, skill-success, None, navto, None
326.40, [INFO], r1, started skill, None, approach-arm, None
326.40, [INFO], r1, sent message, None, None, None
326.40, [INFO], r1, skill-success, None, approach-arm, None
326.40, [INFO], r1, started skill, None, open-drawer, None
326.40, [INFO], r1, sent message, None, None, None
326.40, [INFO], r1, skill-success, None, open-drawer, None
326.40, [INFO], r1, started skill, None, pick-up-sample, None
326.40, [INFO], r1, sent message, None, None, None
326.40, [INFO], r1, skill-success, None, pick-up-sample, None
326.40, [INFO], r1, started skill, None, close-drawer, None
326.40, [INFO], r1, sent message, None, None, None
326.40, [INFO], r1, skill-success, None, close-drawer, None
326.40, [WARN], r1, SUCCESS, None, None, None
330.05, [INFO], r1, {'y': 36.085, 'x': -37.002, 'yaw': -3.142}, pose, None, None
330.05, [INFO], r1, {'battery-level': '33.55'}, battery_charge, None, None
