9.29, [INFO], r1, started skill, None, navto, None
10.06, [INFO], r1, {'y': 33.953, 'x': -39.359, 'yaw': 3.141}, pose, None, None
10.06, [INFO], r1, {'battery-level': '49.55'}, battery_charge, None, None
20.08, [INFO], r1, {'battery-level': '49.05'}, battery_charge, None, None
20.08, [INFO], r1, {'y': 34.413, 'x': -37.381, 'yaw': -3.142}, pose, None, None
30.09, [INFO], r1, {'y': 32.391, 'x': -37.042, 'yaw': 3.141}, pose, None, None
30.09, [INFO], r1, {'battery-level': '48.55'}, battery_charge, None, None
40.07, [INFO], r1, {'battery-level': '48.05'}, battery_charge, None, None
40.07, [INFO], r1, {'y': 30.294, 'x': -37.039, 'yaw': 3.141}, pose, None, None
50.01, [INFO], r1, {'battery-level': '47.55'}, battery_charge, None, None
50.01, [INFO], r1, {'y': 28.186, 'x': -36.995, 'yaw': 3.14}, pose, None, None
60.02, [INFO], r1, {'battery-level': '47.05'}, battery_charge, None, None
60.02, [INFO], r1, {'y': 26.08, 'x': -36.995, 'yaw': 3.141}, pose, None, None
70.10, [INFO], r1, {'battery-level': '46.55'}, battery_charge, None, None
70.10, [INFO], r1, {'y': 23.943, 'x': -36.997, 'yaw': 3.14}, pose, None, None
80.00, [INFO], r1, {'y': 21.859, 'x': -37.122, 'yaw': 3.142}, pose, None, None
80.00, [INFO], r1, {'battery-level': '46.05'}, battery_charge, None, None
90.09, [INFO], r1, {'y': 19.737, 'x': -37.055, 'yaw': 3.141}, pose, None, None
90.09, [INFO], r1, {'battery-level': '45.55'}, battery_charge, None, None
100.09, [INFO], r1, {'battery-level': '45.05'}, battery_charge, None, None
100.09, [INFO], r1, {'y': 17.623, 'x': -37.052, 'yaw': 3.141}, pose, None, None
110.07, [INFO], r1, {'battery-level': '44.55'}, battery_charge, None, None
110.07, [INFO], r1, {'y': 15.844, 'x': -36.434, 'yaw': 3.141}, pose, None, None
120.05, [INFO], r1, {'y': 15.373, 'x': -34.361, 'yaw': 3.141}, pose, None, None
120.05, [INFO], r1, {'battery-level': '44.05'}, battery_charge, None, None
130.09, [INFO], r1, {'y': 15.53, 'x': -32.231, 'yaw': -3.142}, pose, None, None
130.09, [INFO], r1, {'battery-level': '43.55'}, battery_charge, None, None
140.08, [INFO], r1, {'y': 15.616, 'x': -30.11, 'yaw': 3.141}, pose, None, None
140.08, [INFO], r1, {'battery-level': '43.05'}, battery_charge, None, None
150.06, [INFO], r1, {'y': 15.862, 'x': -28.014, 'yaw': 3.141}, pose, None, None
150.06, [INFO], r1, {'battery-level': '42.55'}, battery_charge, None, None
160.04, [INFO], r1, {'y': 17.452, 'x': -26.983, 'yaw': 3.141}, pose, None, None
160.04, [INFO], r1, {'battery-level': '42.05'}, battery_charge, None, None
170.08, [INFO], r1, {'y': 17.969, 'x': -27.211, 'yaw': 3.142}, pose, None, None
170.08, [INFO], r1, {'battery-level': '41.55'}, battery_charge, None, None
171.61, [INFO], r1, skill-success, None, navto, None
171.61, [INFO], r1, started skill, None, approach-nurse, None
171.61, [INFO], r1, sent message, None, None, None
171.61, [INFO], r1, skill-success, None, approach-nurse, None
171.61, [INFO], r1, started skill, None, open-drawer, None
171.61, [INFO], r1, sent message, None, None, None
171.61, [INFO], r1, skill-success, None, open-drawer, None
171.61, [INFO], r1, started skill, None, deposit, None
171.61, [INFO], r1, sent message, None, None, None
171.61, [INFO], r1, skill-success, None, deposit, None
171.61, [INFO], r1, started skill, None, close-drawer, None
171.71, [INFO], r1, sent message, None, None, None
171.71, [INFO], r1, skill-success, None, close-drawer, None
171.71, [INFO], r1, started skill, None, navto, None
180.04, [INFO], r1, {'y': 16.266, 'x': -27.1, 'yaw': -3.141}, pose, None, None
180.04, [INFO], r1, {'battery-level': '41.05'}, battery_charge, None, None
190.06, [INFO], r1, {'y': 16.092, 'x': -29.121, 'yaw': 3.142}, pose, None, None
190.06, [INFO], r1, {'battery-level': '40.55'}, battery_charge, None, None
200.04, [INFO], r1, {'y': 16.015, 'x': -31.23, 'yaw': 3.141}, pose, None, None
200.04, [INFO], r1, {'battery-level': '40.05'}, battery_charge, None, None
210.01, [INFO], r1, {'y': 15.684, 'x': -33.335, 'yaw': 3.142}, pose, None, None
210.01, [INFO], r1, {'battery-level': '39.55'}, battery_charge, None, None
220.01, [INFO], r1, {'y': 15.714, 'x': -35.354, 'yaw': -3.142}, pose, None, None
220.01, [INFO], r1, {'battery-level': '39.05'}, battery_charge, None, None
230.08, [INFO], r1, {'y': 17.615, 'x': -36.128, 'yaw': 3.141}, pose, None, None
230.08, [INFO], r1, {'battery-level': '38.55'}, battery_charge, None, None
240.03, [INFO], r1, {'battery-level': '38.05'}, battery_charge, None, None
240.03, [INFO], r1, {'y': 19.709, 'x': -36.196, 'yaw': 3.141}, pose, None, None
250.01, [INFO], r1, {'y': 21.802, 'x': -36.238, 'yaw': 3.14}, pose, None, None
250.01, [INFO], r1, {'battery-level': '37.55'}, battery_charge, None, None
260.10, [INFO], r1, {'battery-level': '37.05'}, battery_charge, None, None
260.10, [INFO], r1, {'y': 23.943, 'x': -36.271, 'yaw': -3.142}, pose, None, None
270.08, [INFO], r1, {'y': 26.053, 'x': -36.229, 'yaw': -3.141}, pose, None, None
270.08, [INFO], r1, {'battery-level': '36.55'}, battery_charge, None, None
280.07, [INFO], r1, {'y': 28.17, 'x': -36.299, 'yaw': -3.141}, pose, None, None
280.07, [INFO], r1, {'battery-level': '36.05'}, battery_charge, None, None
290.06, [INFO], r1, {'battery-level': '35.55'}, battery_charge, None, None
290.06, [INFO], r1, {'y': 30.292, 'x': -36.364, 'yaw': 3.142}, pose, None, None
300.08, [INFO], r1, {'battery-level': '35.05'}, battery_charge, None, None
300.08, [INFO], r1, {'y': 32.409, 'x': -36.588, 'yaw': -3.141}, pose, None, None
310.01, [INFO], r1, {'y': 34.506, 'x': -36.81, 'yaw': 3.142}, pose, None, None
310.01, [INFO], r1, {'battery-level': '34.55'}, battery_charge, None, None
320.04, [INFO], r1, {'battery-level': '34.05'}, battery_charge, None, None
320.04, [INFO], r1, {'y': 36.043, 'x': -36.991, 'yaw': 3.141}, pose, None, None
325.64, [INFO], r1, skill-success, None, navto, None
325.64, [INFO], r1, started skill, None, approach-arm, None
325.64, [INFO], r1, sent message, None, None, None
325.64, [INFO], r1, skill-success, None, approach-arm, None
325.64, [INFO], r1, started skill, None, open-drawer, None
325.64, [INFO], r1, sent message, None, None, None
325.64, [INFO], r1, skill-success, None, open-drawer, None
325.64, [INFO], r1, started skill, None, pick-up-sample, None
325.64, [INFO], r1, sent message, None, None, None
325.64, [INFO], r1, skill-success, None, pick-up-sample, None
325.64, [INFO], r1, started skill, None, close-drawer, None
325.64, [INFO], r1, sent message, None, None, None
325.64, [INFO], r1, skill-success, None, close-drawer, None
325.64, [WARN], r1, SUCCESS, None, None, None
330.09, [INFO], r1, {'battery-level': '33.55'}, battery_charge, None, None
330.09, [INFO], r1, {'y': 36.051, 'x': -36.999, 'yaw': 3.142}, pose, None, None
