9.32, [INFO], r1, started skill, None, navto, None
10.00, [INFO], r1, {'battery-level': '49.55'}, battery_charge, None, None
10.00, [INFO], r1, {'y': 33.952, 'x': -39.366, 'yaw': 3.141}, pose, None, None
20.03, [INFO], r1, {'battery-level': '49.05'}, battery_charge, None, None
20.03, [INFO], r1, {'y': 34.473, 'x': -37.391, 'yaw': -3.142}, pose, None, None
30.06, [INFO], r1, {'y': 32.436, 'x': -36.992, 'yaw': 3.141}, pose, None, None
30.06, [INFO], r1, {'battery-level': '48.55'}, battery_charge, None, None
40.03, [INFO], r1, {'y': 30.33, 'x': -37.022, 'yaw': 3.14}, pose, None, None
40.03, [INFO], r1, {'battery-level': '48.05'}, battery_charge, None, None
50.05, [INFO], r1, {'battery-level': '47.55'}, battery_charge, None, None
50.05, [INFO], r1, {'y': 28.22, 'x': -36.995, 'yaw': 3.141}, pose, None, None
60.03, [INFO], r1, {'y': 26.103, 'x': -37.026, 'yaw': -3.141}, pose, None, None
60.03, [INFO], r1, {'battery-level': '47.05'}, battery_charge, None, None
70.02, [INFO], r1, {'battery-level': '46.55'}, battery_charge, None, None
70.02, [INFO], r1, {'y': 23.983, 'x': -36.997, 'yaw': -3.142}, pose, None, None
80.00, [INFO], r1, {'battery-level': '46.05'}, battery_charge, None, None
80.00, [INFO], r1, {'y': 21.872, 'x': -37.151, 'yaw': 3.138}, pose, None, None
90.06, [INFO], r1, {'y': 19.757, 'x': -37.085, 'yaw': 3.141}, pose, None, None
90.06, [INFO], r1, {'battery-level': '45.55'}, battery_charge, None, None
100.06, [INFO], r1, {'y': 17.644, 'x': -36.988, 'yaw': 3.14}, pose, None, None
100.06, [INFO], r1, {'battery-level': '45.05'}, battery_charge, None, None
110.06, [INFO], r1, {'battery-level': '44.55'}, battery_charge, None, None
110.06, [INFO], r1, {'y': 15.74, 'x': -36.554, 'yaw': 3.141}, pose, None, None
120.05, [INFO], r1, {'y': 15.376, 'x': -34.472, 'yaw': -3.141}, pose, None, None
120.05, [INFO], r1, {'battery-level': '44.05'}, battery_charge, None, None
130.07, [INFO], r1, {'y': 15.512, 'x': -32.346, 'yaw': 3.142}, pose, None, None
130.07, [INFO], r1, {'battery-level': '43.55'}, battery_charge, None, None
140.10, [INFO], r1, {'y': 15.603, 'x': -30.209, 'yaw': -3.142}, pose, None, None
140.10, [INFO], r1, {'battery-level': '43.05'}, battery_charge, None, None
150.07, [INFO], r1, {'y': 15.781, 'x': -28.104, 'yaw': -3.142}, pose, None, None
150.07, [INFO], r1, {'battery-level': '42.55'}, battery_charge, None, None
160.06, [INFO], r1, {'battery-level': '42.05'}, battery_charge, None, None
160.06, [INFO], r1, {'y': 17.292, 'x': -26.996, 'yaw': 3.142}, pose, None, None
170.05, [INFO], r1, {'battery-level': '41.55'}, battery_charge, None, None
170.05, [INFO], r1, {'y': 17.994, 'x': -27.202, 'yaw': 3.142}, pose, None, None
172.25, [INFO], r1, skill-success, None, navto, None
172.25, [INFO], r1, started skill, None, approach-nurse, None
172.25, [INFO], r1, sent message, None, None, None
172.25, [INFO], r1, skill-success, None, approach-nurse, None
172.25, [INFO], r1, started skill, None, authenticate-nurse, None
172.25, [INFO], r1, started skill, None, open-drawer, None
172.25, [INFO], r1, sent message, None, None, None
172.25, [INFO], r1, skill-success, None, open-drawer, None
172.25, [INFO], r1, started skill, None, deposit, None
172.25, [INFO], r1, sent message, None, None, None
172.25, [INFO], r1, skill-success, None, deposit, None
172.25, [INFO], r1, started skill, None, close-drawer, None
172.25, [INFO], r1, sent message, None, None, None
172.25, [INFO], r1, skill-success, None, close-drawer, None
172.25, [INFO], r1, started skill, None, navto, None
180.09, [INFO], r1, {'y': 16.407, 'x': -27.134, 'yaw': 3.141}, pose, None, None
180.09, [INFO], r1, {'battery-level': '41.05'}, battery_charge, None, None
190.01, [INFO], r1, {'battery-level': '40.55'}, battery_charge, None, None
190.01, [INFO], r1, {'y': 16.105, 'x': -29.066, 'yaw': -3.142}, pose, None, None
200.05, [INFO], r1, {'y': 15.984, 'x': -31.181, 'yaw': -3.141}, pose, None, None
200.05, [INFO], r1, {'battery-level': '40.05'}, battery_charge, None, None
210.01, [INFO], r1, {'battery-level': '39.55'}, battery_charge, None, None
210.01, [INFO], r1, {'y': 15.66, 'x': -33.285, 'yaw': 3.142}, pose, None, None
220.08, [INFO], r1, {'battery-level': '39.05'}, battery_charge, None, None
220.08, [INFO], r1, {'y': 15.708, 'x': -35.322, 'yaw': -3.142}, pose, None, None
230.03, [INFO], r1, {'battery-level': '38.55'}, battery_charge, None, None
230.03, [INFO], r1, {'y': 17.581, 'x': -36.082, 'yaw': 3.142}, pose, None, None
240.04, [INFO], r1, {'y': 19.688, 'x': -36.206, 'yaw': 3.141}, pose, None, None
240.04, [INFO], r1, {'battery-level': '38.05'}, battery_charge, None, None
250.04, [INFO], r1, {'y': 21.797, 'x': -36.309, 'yaw': 3.141}, pose, None, None
250.04, [INFO], r1, {'battery-level': '37.55'}, battery_charge, None, None
260.09, [INFO], r1, {'battery-level': '37.05'}, battery_charge, None, None
260.09, [INFO], r1, {'y': 23.922, 'x': -36.317, 'yaw': 3.141}, pose, None, None
270.05, [INFO], r1, {'y': 26.03, 'x': -36.258, 'yaw': 3.141}, pose, None, None
270.05, [INFO], r1, {'battery-level': '36.55'}, battery_charge, None, None
280.08, [INFO], r1, {'y': 28.153, 'x': -36.324, 'yaw': 3.142}, pose, None, None
280.08, [INFO], r1, {'battery-level': '36.05'}, battery_charge, None, None
290.03, [INFO], r1, {'y': 30.256, 'x': -36.419, 'yaw': 3.142}, pose, None, None
290.03, [INFO], r1, {'battery-level': '35.55'}, battery_charge, None, None
300.09, [INFO], r1, {'y': 32.376, 'x': -36.609, 'yaw': 3.141}, pose, None, None
300.09, [INFO], r1, {'battery-level': '35.05'}, battery_charge, None, None
310.03, [INFO], r1, {'battery-level': '34.55'}, battery_charge, None, None
310.03, [INFO], r1, {'y': 34.472, 'x': -36.845, 'yaw': 3.142}, pose, None, None
320.00, [INFO], r1, {'y': 36.116, 'x': -36.993, 'yaw': 3.142}, pose, None, None
320.00, [INFO], r1, {'battery-level': '34.05'}, battery_charge, None, None
325.99, [INFO], r1, skill-success, None, navto, None
325.99, [INFO], r1, started skill, None, open-drawer, None
325.99, [INFO], r1, sent message, None, None, None
325.99, [INFO], r1, skill-success, None, open-drawer, None
325.99, [INFO], r1, started skill, None, pick-up-sample, None
325.99, [INFO], r1, sent message, None, None, None
325.99, [INFO], r1, skill-success, None, pick-up-sample, None
325.99, [INFO], r1, started skill, None, close-drawer, None
325.99, [INFO], r1, sent message, None, None, None
325.99, [INFO], r1, skill-success, None, close-drawer, None
325.99, [WARN], r1, SUCCESS, None, None, None
330.07, [INFO], r1, {'battery-level': '33.55'}, battery_charge, None, None
330.07, [INFO], r1, {'y': 36.135, 'x': -37.0, 'yaw': -3.142}, pose, None, None
