9.45, [INFO], r1, started skill, None, navto, None
10.02, [INFO], r1, {'y': 33.951, 'x': -39.389, 'yaw': 3.141}, pose, None, None
10.02, [INFO], r1, {'battery-level': '49.55'}, battery_charge, None, None
20.04, [INFO], r1, {'y': 34.47, 'x': -37.407, 'yaw': -3.141}, pose, None, None
20.04, [INFO], r1, {'battery-level': '49.05'}, battery_charge, None, None
30.06, [INFO], r1, {'battery-level': '48.55'}, battery_charge, None, None
30.06, [INFO], r1, {'y': 32.447, 'x': -37.033, 'yaw': 3.14}, pose, None, None
40.09, [INFO], r1, {'y': 30.333, 'x': -37.056, 'yaw': 3.14}, pose, None, None
40.09, [INFO], r1, {'battery-level': '48.05'}, battery_charge, None, None
50.09, [INFO], r1, {'y': 28.226, 'x': -37.004, 'yaw': 3.141}, pose, None, None
50.09, [INFO], r1, {'battery-level': '47.55'}, battery_charge, None, None
60.09, [INFO], r1, {'y': 26.122, 'x': -37.037, 'yaw': 3.141}, pose, None, None
60.09, [INFO], r1, {'battery-level': '47.05'}, battery_charge, None, None
70.03, [INFO], r1, {'battery-level': '46.55'}, battery_charge, None, None
70.03, [INFO], r1, {'y': 24.034, 'x': -37.047, 'yaw': 3.141}, pose, None, None
80.09, [INFO], r1, {'y': 21.906, 'x': -37.162, 'yaw': 3.139}, pose, None, None
80.09, [INFO], r1, {'battery-level': '46.05'}, battery_charge, None, None
90.08, [INFO], r1, {'battery-level': '45.55'}, battery_charge, None, None
90.08, [INFO], r1, {'y': 19.79, 'x': -37.123, 'yaw': 3.141}, pose, None, None
100.01, [INFO], r1, {'y': 17.693, 'x': -36.995, 'yaw': 3.141}, pose, None, None
100.01, [INFO], r1, {'battery-level': '45.05'}, battery_charge, None, None
110.09, [INFO], r1, {'y': 15.905, 'x': -36.382, 'yaw': 3.141}, pose, None, None
110.09, [INFO], r1, {'battery-level': '44.55'}, battery_charge, None, None
120.07, [INFO], r1, {'y': 15.391, 'x': -34.298, 'yaw': -3.141}, pose, None, None
120.07, [INFO], r1, {'battery-level': '44.05'}, battery_charge, None, None
130.04, [INFO], r1, {'battery-level': '43.55'}, battery_charge, None, None
130.04, [INFO], r1, {'y': 15.556, 'x': -32.186, 'yaw': -3.142}, pose, None, None
140.04, [INFO], r1, {'battery-level': '43.05'}, battery_charge, None, None
140.04, [INFO], r1, {'y': 15.647, 'x': -30.072, 'yaw': 3.141}, pose, None, None
150.02, [INFO], r1, {'y': 15.818, 'x': -27.957, 'yaw': -3.141}, pose, None, None
150.02, [INFO], r1, {'battery-level': '42.55'}, battery_charge, None, None
160.00, [INFO], r1, {'y': 17.431, 'x': -27.003, 'yaw': 3.142}, pose, None, None
160.00, [INFO], r1, {'battery-level': '42.05'}, battery_charge, None, None
170.06, [INFO], r1, {'y': 17.961, 'x': -27.202, 'yaw': 3.142}, pose, None, None
170.06, [INFO], r1, {'battery-level': '41.55'}, battery_charge, None, None
172.06, [INFO], r1, skill-success, None, navto, None
172.06, [INFO], r1, started skill, None, approach-nurse, None
172.16, [INFO], r1, sent message, None, None, None
172.16, [INFO], r1, skill-success, None, approach-nurse, None
172.16, [INFO], r1, started skill, None, authenticate-nurse, None
172.16, [INFO], r1, sent message, None, None, None
172.16, [INFO], r1, started skill, None, open-drawer, None
172.16, [INFO], r1, sent message, None, None, None
172.16, [INFO], r1, skill-success, None, open-drawer, None
172.16, [INFO], r1, started skill, None, deposit, None
172.16, [INFO], r1, sent message, None, None, None
172.16, [INFO], r1, skill-success, None, deposit, None
172.16, [INFO], r1, started skill, None, close-drawer, None
172.16, [INFO], r1, sent message, None, None, None
172.16, [INFO], r1, skill-success, None, close-drawer, None
172.16, [INFO], r1, started skill, None, navto, None
180.02, [INFO], r1, {'y': 16.368, 'x': -27.084, 'yaw': 3.142}, pose, None, None
180.02, [INFO], r1, {'battery-level': '41.05'}, battery_charge, None, None
190.02, [INFO], r1, {'y': 16.128, 'x': -29.028, 'yaw': 3.141}, pose, None, None
190.02, [INFO], r1, {'battery-level': '40.55'}, battery_charge, None, None
200.01, [INFO], r1, {'battery-level': '40.05'}, battery_charge, None, None
200.01, [INFO], r1, {'y': 16.089, 'x': -31.151, 'yaw': 3.142}, pose, None, None
210.09, [INFO], r1, {'y': 15.688, 'x': -33.282, 'yaw': 3.14}, pose, None, None
210.09, [INFO], r1, {'battery-level': '39.55'}, battery_charge, None, None
220.09, [INFO], r1, {'y': 15.692, 'x': -35.296, 'yaw': -3.141}, pose, None, None
220.09, [INFO], r1, {'battery-level': '39.05'}, battery_charge, None, None
230.03, [INFO], r1, {'battery-level': '38.55'}, battery_charge, None, None
230.03, [INFO], r1, {'y': 17.547, 'x': -36.134, 'yaw': -3.141}, pose, None, None
240.07, [INFO], r1, {'battery-level': '38.05'}, battery_charge, None, None
240.07, [INFO], r1, {'y': 19.667, 'x': -36.22, 'yaw': -3.141}, pose, None, None
250.07, [INFO], r1, {'y': 21.782, 'x': -36.316, 'yaw': 3.141}, pose, None, None
250.07, [INFO], r1, {'battery-level': '37.55'}, battery_charge, None, None
260.07, [INFO], r1, {'y': 23.9, 'x': -36.306, 'yaw': 3.14}, pose, None, None
260.07, [INFO], r1, {'battery-level': '37.05'}, battery_charge, None, None
270.08, [INFO], r1, {'y': 26.017, 'x': -36.283, 'yaw': 3.141}, pose, None, None
270.08, [INFO], r1, {'battery-level': '36.55'}, battery_charge, None, None
280.00, [INFO], r1, {'y': 28.131, 'x': -36.321, 'yaw': 3.14}, pose, None, None
280.00, [INFO], r1, {'battery-level': '36.05'}, battery_charge, None, None
290.04, [INFO], r1, {'battery-level': '35.55'}, battery_charge, None, None
290.04, [INFO], r1, {'y': 30.265, 'x': -36.394, 'yaw': 3.142}, pose, None, None
300.06, [INFO], r1, {'battery-level': '35.05'}, battery_charge, None, None
300.06, [INFO], r1, {'y': 32.373, 'x': -36.577, 'yaw': 3.142}, pose, None, None
310.03, [INFO], r1, {'y': 34.46, 'x': -36.99, 'yaw': 3.138}, pose, None, None
310.03, [INFO], r1, {'battery-level': '34.55'}, battery_charge, None, None
320.00, [INFO], r1, {'battery-level': '34.05'}, battery_charge, None, None
320.00, [INFO], r1, {'y': 36.112, 'x': -36.972, 'yaw': 3.142}, pose, None, None
324.65, [INFO], r1, skill-success, None, navto, None
324.65, [INFO], r1, started skill, None, approach-arm, None
324.65, [INFO], r1, sent message, None, None, None
324.65, [INFO], r1, skill-success, None, approach-arm, None
324.65, [INFO], r1, started skill, None, open-drawer, None
324.65, [INFO], r1, sent message, None, None, None
324.65, [INFO], r1, skill-success, None, open-drawer, None
324.65, [INFO], r1, started skill, None, pick-up-sample, None
324.65, [INFO], r1, sent message, None, None, None
324.65, [INFO], r1, skill-success, None, pick-up-sample, None
324.65, [INFO], r1, started skill, None, close-drawer, None
324.65, [WARN], r1, SKILL-FAILURE, None, close-drawer, None
330.07, [INFO], r1, {'y': 36.129, 'x': -36.978, 'yaw': -3.142}, pose, None, None
330.07, [INFO], r1, {'battery-level': '33.55'}, battery_charge, None, None
