9.68, [INFO], r1, started skill, None, navto, None
10.07, [INFO], r1, {'y': 33.95, 'x': -39.433, 'yaw': 3.141}, pose, None, None
10.07, [INFO], r1, {'battery-level': '49.60'}, battery_charge, None, None
20.02, [INFO], r1, {'y': 34.519, 'x': -37.454, 'yaw': -3.141}, pose, None, None
20.02, [INFO], r1, {'battery-level': '49.10'}, battery_charge, None, None
30.01, [INFO], r1, {'y': 32.541, 'x': -37.047, 'yaw': 3.141}, pose, None, None
30.01, [INFO], r1, {'battery-level': '48.60'}, battery_charge, None, None
40.01, [INFO], r1, {'y': 30.428, 'x': -36.999, 'yaw': 3.141}, pose, None, None
40.01, [INFO], r1, {'battery-level': '48.10'}, battery_charge, None, None
50.04, [INFO], r1, {'y': 28.312, 'x': -36.961, 'yaw': 3.142}, pose, None, None
50.04, [INFO], r1, {'battery-level': '47.60'}, battery_charge, None, None
60.05, [INFO], r1, {'battery-level': '47.10'}, battery_charge, None, None
60.05, [INFO], r1, {'y': 26.213, 'x': -37.039, 'yaw': 3.141}, pose, None, None
70.02, [INFO], r1, {'y': 24.114, 'x': -37.032, 'yaw': 3.142}, pose, None, None
70.02, [INFO], r1, {'battery-level': '46.60'}, battery_charge, None, None
80.02, [INFO], r1, {'battery-level': '46.10'}, battery_charge, None, None
80.02, [INFO], r1, {'y': 22.008, 'x': -37.136, 'yaw': 3.142}, pose, None, None
90.05, [INFO], r1, {'battery-level': '45.60'}, battery_charge, None, None
90.05, [INFO], r1, {'y': 19.901, 'x': -37.149, 'yaw': -3.141}, pose, None, None
100.00, [INFO], r1, {'y': 17.79, 'x': -37.084, 'yaw': 3.14}, pose, None, None
100.00, [INFO], r1, {'battery-level': '45.10'}, battery_charge, None, None
110.08, [INFO], r1, {'y': 15.966, 'x': -36.499, 'yaw': 3.141}, pose, None, None
110.08, [INFO], r1, {'battery-level': '44.60'}, battery_charge, None, None
120.09, [INFO], r1, {'y': 15.37, 'x': -34.457, 'yaw': -3.142}, pose, None, None
120.09, [INFO], r1, {'battery-level': '44.10'}, battery_charge, None, None
130.08, [INFO], r1, {'y': 15.518, 'x': -32.335, 'yaw': -3.141}, pose, None, None
130.08, [INFO], r1, {'battery-level': '43.60'}, battery_charge, None, None
140.05, [INFO], r1, {'y': 15.6, 'x': -30.237, 'yaw': -3.142}, pose, None, None
140.05, [INFO], r1, {'battery-level': '43.10'}, battery_charge, None, None
150.06, [INFO], r1, {'y': 15.767, 'x': -28.123, 'yaw': 3.142}, pose, None, None
150.06, [INFO], r1, {'battery-level': '42.60'}, battery_charge, None, None
160.07, [INFO], r1, {'y': 16.045, 'x': -26.01, 'yaw': -3.141}, pose, None, None
160.07, [INFO], r1, {'battery-level': '42.10'}, battery_charge, None, None
170.04, [INFO], r1, {'y': 16.16, 'x': -23.92, 'yaw': 3.142}, pose, None, None
170.04, [INFO], r1, {'battery-level': '41.60'}, battery_charge, None, None
180.04, [INFO], r1, {'battery-level': '41.10'}, battery_charge, None, None
180.04, [INFO], r1, {'y': 16.156, 'x': -21.81, 'yaw': 3.141}, pose, None, None
190.04, [INFO], r1, {'battery-level': '40.60'}, battery_charge, None, None
190.04, [INFO], r1, {'y': 17.697, 'x': -20.951, 'yaw': 3.142}, pose, None, None
200.03, [INFO], r1, {'y': 17.969, 'x': -21.107, 'yaw': 3.142}, pose, None, None
200.03, [INFO], r1, {'battery-level': '40.10'}, battery_charge, None, None
204.90, [INFO], r1, skill-success, None, navto, None
204.90, [INFO], r1, started skill, None, approach-nurse, None
204.90, [INFO], r1, sent message, None, None, None
204.90, [INFO], r1, skill-success, None, approach-nurse, None
204.90, [INFO], r1, started skill, None, authenticate-nurse, None
204.90, [INFO], r1, sent message, None, None, None
204.90, [INFO], r1, started skill, None, open-drawer, None
204.90, [INFO], r1, sent message, None, None, None
204.90, [INFO], r1, skill-success, None, open-drawer, None
204.90, [INFO], r1, started skill, None, deposit, None
204.90, [INFO], r1, sent message, None, None, None
204.90, [INFO], r1, skill-success, None, deposit, None
204.90, [INFO], r1, started skill, None, close-drawer, None
204.90, [INFO], r1, sent message, None, None, None
204.90, [INFO], r1, skill-success, None, close-drawer, None
204.90, [INFO], r1, started skill, None, navto, None
210.08, [INFO], r1, {'y': 16.914, 'x': -21.05, 'yaw': 3.141}, pose, None, None
210.08, [INFO], r1, {'battery-level': '39.60'}, battery_charge, None, None
220.05, [INFO], r1, {'battery-level': '39.10'}, battery_charge, None, None
220.05, [INFO], r1, {'y': 16.174, 'x': -22.836, 'yaw': 3.142}, pose, None, None
230.06, [INFO], r1, {'battery-level': '38.60'}, battery_charge, None, None
230.06, [INFO], r1, {'y': 16.179, 'x': -24.963, 'yaw': 3.141}, pose, None, None
240.09, [INFO], r1, {'y': 15.978, 'x': -27.081, 'yaw': 3.141}, pose, None, None
240.09, [INFO], r1, {'battery-level': '38.10'}, battery_charge, None, None
250.10, [INFO], r1, {'y': 16.083, 'x': -29.205, 'yaw': 3.142}, pose, None, None
250.10, [INFO], r1, {'battery-level': '37.60'}, battery_charge, None, None
260.08, [INFO], r1, {'y': 15.989, 'x': -31.321, 'yaw': 3.141}, pose, None, None
260.08, [INFO], r1, {'battery-level': '37.10'}, battery_charge, None, None
270.04, [INFO], r1, {'battery-level': '36.60'}, battery_charge, None, None
270.04, [INFO], r1, {'y': 15.643, 'x': -33.427, 'yaw': 3.142}, pose, None, None
280.06, [INFO], r1, {'battery-level': '36.10'}, battery_charge, None, None
280.06, [INFO], r1, {'y': 15.794, 'x': -35.416, 'yaw': -3.142}, pose, None, None
290.05, [INFO], r1, {'y': 17.717, 'x': -36.108, 'yaw': -3.138}, pose, None, None
290.05, [INFO], r1, {'battery-level': '35.60'}, battery_charge, None, None
300.03, [INFO], r1, {'y': 19.829, 'x': -36.241, 'yaw': 3.141}, pose, None, None
300.03, [INFO], r1, {'battery-level': '35.10'}, battery_charge, None, None
310.03, [INFO], r1, {'battery-level': '34.60'}, battery_charge, None, None
310.03, [INFO], r1, {'y': 21.947, 'x': -36.351, 'yaw': 3.141}, pose, None, None
320.04, [INFO], r1, {'y': 24.059, 'x': -36.367, 'yaw': 3.141}, pose, None, None
320.04, [INFO], r1, {'battery-level': '34.10'}, battery_charge, None, None
330.04, [INFO], r1, {'y': 26.181, 'x': -36.33, 'yaw': 3.14}, pose, None, None
330.04, [INFO], r1, {'battery-level': '33.60'}, battery_charge, None, None
340.05, [INFO], r1, {'y': 28.298, 'x': -36.376, 'yaw': 3.14}, pose, None, None
340.05, [INFO], r1, {'battery-level': '33.10'}, battery_charge, None, None
350.08, [INFO], r1, {'battery-level': '32.60'}, battery_charge, None, None
350.08, [INFO], r1, {'y': 30.44, 'x': -36.438, 'yaw': 3.141}, pose, None, None
360.08, [INFO], r1, {'y': 32.549, 'x': -36.61, 'yaw': 3.142}, pose, None, None
360.08, [INFO], r1, {'battery-level': '32.10'}, battery_charge, None, None
370.00, [INFO], r1, {'y': 34.615, 'x': -36.956, 'yaw': 3.141}, pose, None, None
370.00, [INFO], r1, {'battery-level': '31.60'}, battery_charge, None, None
380.04, [INFO], r1, {'y': 36.115, 'x': -36.948, 'yaw': -3.141}, pose, None, None
380.04, [INFO], r1, {'battery-level': '31.10'}, battery_charge, None, None
383.58, [INFO], r1, skill-success, None, navto, None
383.58, [INFO], r1, started skill, None, approach-arm, None
383.58, [INFO], r1, sent message, None, None, None
383.68, [INFO], r1, skill-success, None, approach-arm, None
383.68, [INFO], r1, started skill, None, open-drawer, None
383.68, [INFO], r1, sent message, None, None, None
383.68, [INFO], r1, skill-success, None, open-drawer, None
383.68, [INFO], r1, started skill, None, pick-up-sample, None
383.68, [INFO], r1, sent message, None, None, None
383.68, [INFO], r1, skill-success, None, pick-up-sample, None
383.68, [INFO], r1, started skill, None, close-drawer, None
383.68, [INFO], r1, sent message, None, None, None
383.68, [INFO], r1, skill-success, None, close-drawer, None
383.68, [WARN], r1, SUCCESS, None, None, None
