9.89, [INFO], r1, started skill, None, navto, None
10.08, [INFO], r1, {'battery-level': '49.60'}, battery_charge, None, None
10.08, [INFO], r1, {'y': 33.95, 'x': -39.44, 'yaw': -3.142}, pose, None, None
20.05, [INFO], r1, {'y': 34.534, 'x': -37.494, 'yaw': 3.141}, pose, None, None
20.05, [INFO], r1, {'battery-level': '49.10'}, battery_charge, None, None
30.02, [INFO], r1, {'y': 32.587, 'x': -37.011, 'yaw': 3.141}, pose, None, None
30.02, [INFO], r1, {'battery-level': '48.60'}, battery_charge, None, None
40.05, [INFO], r1, {'y': 30.459, 'x': -37.04, 'yaw': 3.141}, pose, None, None
40.05, [INFO], r1, {'battery-level': '48.10'}, battery_charge, None, None
50.01, [INFO], r1, {'y': 28.343, 'x': -36.974, 'yaw': 3.141}, pose, None, None
50.01, [INFO], r1, {'battery-level': '47.60'}, battery_charge, None, None
60.03, [INFO], r1, {'y': 26.221, 'x': -37.037, 'yaw': 3.141}, pose, None, None
60.03, [INFO], r1, {'battery-level': '47.10'}, battery_charge, None, None
70.05, [INFO], r1, {'y': 24.094, 'x': -37.03, 'yaw': 3.141}, pose, None, None
70.05, [INFO], r1, {'battery-level': '46.60'}, battery_charge, None, None
80.06, [INFO], r1, {'y': 21.974, 'x': -37.165, 'yaw': 3.142}, pose, None, None
80.06, [INFO], r1, {'battery-level': '46.10'}, battery_charge, None, None
90.09, [INFO], r1, {'battery-level': '45.60'}, battery_charge, None, None
90.09, [INFO], r1, {'y': 19.85, 'x': -37.147, 'yaw': 3.141}, pose, None, None
100.03, [INFO], r1, {'battery-level': '45.10'}, battery_charge, None, None
100.03, [INFO], r1, {'y': 17.751, 'x': -37.09, 'yaw': 3.141}, pose, None, None
110.03, [INFO], r1, {'y': 16.059, 'x': -36.348, 'yaw': -3.142}, pose, None, None
110.03, [INFO], r1, {'battery-level': '44.60'}, battery_charge, None, None
120.07, [INFO], r1, {'y': 15.374, 'x': -34.313, 'yaw': -3.141}, pose, None, None
120.07, [INFO], r1, {'battery-level': '44.10'}, battery_charge, None, None
130.02, [INFO], r1, {'y': 15.504, 'x': -32.201, 'yaw': 3.142}, pose, None, None
130.02, [INFO], r1, {'battery-level': '43.60'}, battery_charge, None, None
140.02, [INFO], r1, {'y': 15.565, 'x': -30.076, 'yaw': 3.141}, pose, None, None
140.02, [INFO], r1, {'battery-level': '43.10'}, battery_charge, None, None
150.03, [INFO], r1, {'battery-level': '42.60'}, battery_charge, None, None
150.03, [INFO], r1, {'y': 15.818, 'x': -27.968, 'yaw': -3.139}, pose, None, None
160.04, [INFO], r1, {'y': 16.007, 'x': -25.858, 'yaw': 3.141}, pose, None, None
160.04, [INFO], r1, {'battery-level': '42.10'}, battery_charge, None, None
170.03, [INFO], r1, {'y': 16.015, 'x': -23.749, 'yaw': 3.141}, pose, None, None
170.03, [INFO], r1, {'battery-level': '41.60'}, battery_charge, None, None
180.04, [INFO], r1, {'y': 16.187, 'x': -21.635, 'yaw': 3.141}, pose, None, None
180.04, [INFO], r1, {'battery-level': '41.10'}, battery_charge, None, None
190.03, [INFO], r1, {'y': 17.785, 'x': -20.963, 'yaw': 3.141}, pose, None, None
190.03, [INFO], r1, {'battery-level': '40.60'}, battery_charge, None, None
200.01, [INFO], r1, {'y': 17.975, 'x': -21.112, 'yaw': 3.142}, pose, None, None
200.01, [INFO], r1, {'battery-level': '40.10'}, battery_charge, None, None
205.32, [INFO], r1, skill-success, None, navto, None
205.32, [INFO], r1, started skill, None, approach-nurse, None
205.32, [INFO], r1, sent message, None, None, None
205.32, [INFO], r1, skill-success, None, approach-nurse, None
205.32, [INFO], r1, started skill, None, authenticate-nurse, None
205.32, [INFO], r1, sent message, None, None, None
205.32, [INFO], r1, skill-success, None, authenticate-nurse, None
205.32, [INFO], r1, started skill, None, open-drawer, None
205.32, [INFO], r1, sent message, None, None, None
205.32, [INFO], r1, skill-success, None, open-drawer, None
205.32, [INFO], r1, started skill, None, deposit, None
205.32, [INFO], r1, sent message, None, None, None
205.32, [INFO], r1, skill-success, None, deposit, None
205.32, [INFO], r1, started skill, None, close-drawer, None
205.32, [INFO], r1, sent message, None, None, None
205.32, [INFO], r1, skill-success, None, close-drawer, None
205.32, [INFO], r1, started skill, None, navto, None
210.03, [INFO], r1, {'y': 17.037, 'x': -21.074, 'yaw': 3.139}, pose, None, None
210.03, [INFO], r1, {'battery-level': '39.60'}, battery_charge, None, None
220.05, [INFO], r1, {'y': 16.21, 'x': -22.78, 'yaw': -3.142}, pose, None, None
220.05, [INFO], r1, {'battery-level': '39.10'}, battery_charge, None, None
230.06, [INFO], r1, {'y': 16.133, 'x': -24.908, 'yaw': 3.141}, pose, None, None
230.06, [INFO], r1, {'battery-level': '38.60'}, battery_charge, None, None
240.09, [INFO], r1, {'y': 15.932, 'x': -27.031, 'yaw': 3.141}, pose, None, None
240.09, [INFO], r1, {'battery-level': '38.10'}, battery_charge, None, None
250.01, [INFO], r1, {'y': 15.935, 'x': -29.12, 'yaw': -3.142}, pose, None, None
250.01, [INFO], r1, {'battery-level': '37.60'}, battery_charge, None, None
260.04, [INFO], r1, {'battery-level': '37.10'}, battery_charge, None, None
260.04, [INFO], r1, {'y': 15.877, 'x': -31.249, 'yaw': 3.141}, pose, None, None
270.03, [INFO], r1, {'y': 15.675, 'x': -33.367, 'yaw': 3.141}, pose, None, None
270.03, [INFO], r1, {'battery-level': '36.60'}, battery_charge, None, None
280.06, [INFO], r1, {'battery-level': '36.10'}, battery_charge, None, None
280.06, [INFO], r1, {'y': 15.798, 'x': -35.355, 'yaw': 3.142}, pose, None, None
290.07, [INFO], r1, {'y': 17.715, 'x': -36.079, 'yaw': 3.141}, pose, None, None
290.07, [INFO], r1, {'battery-level': '35.60'}, battery_charge, None, None
300.09, [INFO], r1, {'y': 19.829, 'x': -36.209, 'yaw': 3.141}, pose, None, None
300.09, [INFO], r1, {'battery-level': '35.10'}, battery_charge, None, None
310.08, [INFO], r1, {'battery-level': '34.60'}, battery_charge, None, None
310.08, [INFO], r1, {'y': 21.931, 'x': -36.322, 'yaw': 3.142}, pose, None, None
320.03, [INFO], r1, {'y': 24.036, 'x': -36.326, 'yaw': 3.141}, pose, None, None
320.03, [INFO], r1, {'battery-level': '34.10'}, battery_charge, None, None
330.03, [INFO], r1, {'battery-level': '33.60'}, battery_charge, None, None
330.03, [INFO], r1, {'y': 26.156, 'x': -36.248, 'yaw': 3.142}, pose, None, None
340.04, [INFO], r1, {'y': 28.271, 'x': -36.305, 'yaw': 3.141}, pose, None, None
340.04, [INFO], r1, {'battery-level': '33.10'}, battery_charge, None, None
350.06, [INFO], r1, {'y': 30.398, 'x': -36.395, 'yaw': 3.14}, pose, None, None
350.06, [INFO], r1, {'battery-level': '32.60'}, battery_charge, None, None
360.03, [INFO], r1, {'battery-level': '32.10'}, battery_charge, None, None
360.03, [INFO], r1, {'y': 32.497, 'x': -36.606, 'yaw': 3.142}, pose, None, None
370.06, [INFO], r1, {'battery-level': '31.60'}, battery_charge, None, None
370.06, [INFO], r1, {'y': 34.599, 'x': -36.886, 'yaw': 3.141}, pose, None, None
380.04, [INFO], r1, {'y': 36.048, 'x': -36.971, 'yaw': 3.142}, pose, None, None
380.04, [INFO], r1, {'battery-level': '31.10'}, battery_charge, None, None
384.01, [INFO], r1, skill-success, None, navto, None
384.01, [INFO], r1, started skill, None, approach-arm, None
384.01, [INFO], r1, sent message, None, None, None
384.01, [INFO], r1, started skill, None, open-drawer, None
384.01, [INFO], r1, sent message, None, None, None
384.01, [INFO], r1, skill-success, None, open-drawer, None
384.01, [INFO], r1, started skill, None, pick-up-sample, None
384.01, [INFO], r1, sent message, None, None, None
384.01, [INFO], r1, skill-success, None, pick-up-sample, None
384.01, [INFO], r1, started skill, None, close-drawer, None
384.01, [INFO], r1, sent message, None, None, None
384.01, [INFO], r1, skill-success, None, close-drawer, None
384.01, [WARN], r1, SUCCESS, None, None, None
390.04, [INFO], r1, {'y': 36.045, 'x': -36.975, 'yaw': -3.142}, pose, None, None
390.04, [INFO], r1, {'battery-level': '30.60'}, battery_charge, None, None
