9.84, [INFO], r1, started skill, None, navto, None
10.03, [INFO], r1, {'y': 33.95, 'x': -39.44, 'yaw': -3.142}, pose, None, None
10.03, [INFO], r1, {'battery-level': '49.60'}, battery_charge, None, None
20.02, [INFO], r1, {'y': 34.521, 'x': -37.498, 'yaw': -3.141}, pose, None, None
20.02, [INFO], r1, {'battery-level': '49.10'}, battery_charge, None, None
30.07, [INFO], r1, {'battery-level': '48.60'}, battery_charge, None, None
30.07, [INFO], r1, {'y': 32.537, 'x': -37.04, 'yaw': 3.141}, pose, None, None
40.01, [INFO], r1, {'y': 30.434, 'x': -37.044, 'yaw': 3.141}, pose, None, None
40.01, [INFO], r1, {'battery-level': '48.10'}, battery_charge, None, None
50.03, [INFO], r1, {'y': 28.318, 'x': -36.985, 'yaw': 3.141}, pose, None, None
50.03, [INFO], r1, {'battery-level': '47.60'}, battery_charge, None, None
60.04, [INFO], r1, {'y': 26.216, 'x': -37.039, 'yaw': 3.14}, pose, None, None
60.04, [INFO], r1, {'battery-level': '47.10'}, battery_charge, None, None
70.09, [INFO], r1, {'y': 24.08, 'x': -37.027, 'yaw': 3.142}, pose, None, None
70.09, [INFO], r1, {'battery-level': '46.60'}, battery_charge, None, None
80.00, [INFO], r1, {'y': 21.995, 'x': -37.125, 'yaw': 3.142}, pose, None, None
80.00, [INFO], r1, {'battery-level': '46.10'}, battery_charge, None, None
90.08, [INFO], r1, {'battery-level': '45.60'}, battery_charge, None, None
90.08, [INFO], r1, {'y': 19.866, 'x': -37.075, 'yaw': 3.141}, pose, None, None
100.06, [INFO], r1, {'y': 17.759, 'x': -37.015, 'yaw': 3.14}, pose, None, None
100.06, [INFO], r1, {'battery-level': '45.10'}, battery_charge, None, None
110.09, [INFO], r1, {'battery-level': '44.60'}, battery_charge, None, None
110.09, [INFO], r1, {'y': 15.866, 'x': -36.483, 'yaw': 3.14}, pose, None, None
120.09, [INFO], r1, {'y': 15.395, 'x': -34.399, 'yaw': -3.141}, pose, None, None
120.09, [INFO], r1, {'battery-level': '44.10'}, battery_charge, None, None
130.06, [INFO], r1, {'y': 15.495, 'x': -32.291, 'yaw': 3.142}, pose, None, None
130.06, [INFO], r1, {'battery-level': '43.60'}, battery_charge, None, None
140.06, [INFO], r1, {'y': 15.611, 'x': -30.176, 'yaw': 3.137}, pose, None, None
140.06, [INFO], r1, {'battery-level': '43.10'}, battery_charge, None, None
150.06, [INFO], r1, {'y': 15.799, 'x': -28.066, 'yaw': -3.142}, pose, None, None
150.06, [INFO], r1, {'battery-level': '42.60'}, battery_charge, None, None
160.10, [INFO], r1, {'y': 16.192, 'x': -25.971, 'yaw': 3.141}, pose, None, None
160.10, [INFO], r1, {'battery-level': '42.10'}, battery_charge, None, None
170.09, [INFO], r1, {'y': 16.152, 'x': -23.859, 'yaw': 3.142}, pose, None, None
170.09, [INFO], r1, {'battery-level': '41.60'}, battery_charge, None, None
180.01, [INFO], r1, {'battery-level': '41.10'}, battery_charge, None, None
180.01, [INFO], r1, {'y': 16.18, 'x': -21.756, 'yaw': 3.142}, pose, None, None
190.01, [INFO], r1, {'y': 16.472, 'x': -19.672, 'yaw': -3.142}, pose, None, None
190.01, [INFO], r1, {'battery-level': '40.60'}, battery_charge, None, None
200.01, [INFO], r1, {'y': 17.918, 'x': -19.009, 'yaw': -3.142}, pose, None, None
200.01, [INFO], r1, {'battery-level': '40.10'}, battery_charge, None, None
210.06, [INFO], r1, {'y': 18.072, 'x': -19.003, 'yaw': -3.141}, pose, None, None
210.06, [INFO], r1, {'battery-level': '39.60'}, battery_charge, None, None
213.90, [INFO], r1, skill-success, None, navto, None
213.90, [INFO], r1, started skill, None, approach-nurse, None
213.90, [INFO], r1, sent message, None, None, None
213.90, [INFO], r1, skill-success, None, approach-nurse, None
213.90, [INFO], r1, started skill, None, authenticate-nurse, None
213.90, [INFO], r1, sent message, None, None, None
213.90, [INFO], r1, skill-success, None, authenticate-nurse, None
213.90, [INFO], r1, started skill, None, open-drawer, None
213.90, [INFO], r1, sent message, None, None, None
213.90, [INFO], r1, skill-success, None, open-drawer, None
213.90, [INFO], r1, started skill, None, deposit, None
213.90, [WARN], r1, SKILL-FAILURE, None, deposit, None
220.09, [INFO], r1, {'y': 18.055, 'x': -19.012, 'yaw': 3.142}, pose, None, None
220.09, [INFO], r1, {'battery-level': '39.10'}, battery_charge, None, None
