9.38, [INFO], r1, started skill, None, navto, None
10.06, [INFO], r1, {'y': 33.951, 'x': -39.381, 'yaw': 3.141}, pose, None, None
10.06, [INFO], r1, {'battery-level': '49.55'}, battery_charge, None, None
20.05, [INFO], r1, {'y': 34.457, 'x': -37.379, 'yaw': 3.142}, pose, None, None
20.05, [INFO], r1, {'battery-level': '49.05'}, battery_charge, None, None
30.00, [INFO], r1, {'y': 32.46, 'x': -37.032, 'yaw': 3.14}, pose, None, None
30.00, [INFO], r1, {'battery-level': '48.55'}, battery_charge, None, None
40.07, [INFO], r1, {'y': 30.335, 'x': -37.024, 'yaw': 3.14}, pose, None, None
40.07, [INFO], r1, {'battery-level': '48.05'}, battery_charge, None, None
50.01, [INFO], r1, {'y': 28.234, 'x': -37.004, 'yaw': 3.141}, pose, None, None
50.01, [INFO], r1, {'battery-level': '47.55'}, battery_charge, None, None
60.07, [INFO], r1, {'y': 26.115, 'x': -37.041, 'yaw': 3.141}, pose, None, None
60.07, [INFO], r1, {'battery-level': '47.05'}, battery_charge, None, None
70.04, [INFO], r1, {'y': 24.013, 'x': -37.018, 'yaw': 3.142}, pose, None, None
70.04, [INFO], r1, {'battery-level': '46.55'}, battery_charge, None, None
80.09, [INFO], r1, {'y': 21.893, 'x': -37.153, 'yaw': 3.141}, pose, None, None
80.09, [INFO], r1, {'battery-level': '46.05'}, battery_charge, None, None
90.00, [INFO], r1, {'y': 19.798, 'x': -37.126, 'yaw': 3.141}, pose, None, None
90.00, [INFO], r1, {'battery-level': '45.55'}, battery_charge, None, None
100.03, [INFO], r1, {'y': 17.672, 'x': -37.048, 'yaw': 3.141}, pose, None, None
100.03, [INFO], r1, {'battery-level': '45.05'}, battery_charge, None, None
110.08, [INFO], r1, {'y': 15.779, 'x': -36.558, 'yaw': 3.14}, pose, None, None
110.08, [INFO], r1, {'battery-level': '44.55'}, battery_charge, None, None
120.10, [INFO], r1, {'y': 15.367, 'x': -34.458, 'yaw': -3.141}, pose, None, None
120.10, [INFO], r1, {'battery-level': '44.05'}, battery_charge, None, None
130.04, [INFO], r1, {'y': 15.476, 'x': -32.351, 'yaw': 3.142}, pose, None, None
130.04, [INFO], r1, {'battery-level': '43.55'}, battery_charge, None, None
140.03, [INFO], r1, {'battery-level': '43.05'}, battery_charge, None, None
140.03, [INFO], r1, {'y': 15.545, 'x': -30.239, 'yaw': 3.14}, pose, None, None
150.05, [INFO], r1, {'battery-level': '42.55'}, battery_charge, None, None
150.05, [INFO], r1, {'y': 15.749, 'x': -28.122, 'yaw': 3.141}, pose, None, None
160.06, [INFO], r1, {'y': 16.022, 'x': -26.028, 'yaw': 3.141}, pose, None, None
160.06, [INFO], r1, {'battery-level': '42.05'}, battery_charge, None, None
170.07, [INFO], r1, {'battery-level': '41.55'}, battery_charge, None, None
170.07, [INFO], r1, {'y': 16.003, 'x': -23.915, 'yaw': 3.14}, pose, None, None
180.08, [INFO], r1, {'y': 16.013, 'x': -21.805, 'yaw': 3.141}, pose, None, None
180.08, [INFO], r1, {'battery-level': '41.05'}, battery_charge, None, None
190.09, [INFO], r1, {'battery-level': '40.55'}, battery_charge, None, None
190.09, [INFO], r1, {'y': 16.525, 'x': -19.735, 'yaw': 3.141}, pose, None, None
200.09, [INFO], r1, {'y': 17.967, 'x': -19.008, 'yaw': 3.139}, pose, None, None
200.09, [INFO], r1, {'battery-level': '40.05'}, battery_charge, None, None
209.32, [INFO], r1, skill-success, None, navto, None
209.32, [INFO], r1, started skill, None, approach-nurse, None
209.32, [INFO], r1, sent message, None, None, None
209.32, [INFO], r1, skill-success, None, approach-nurse, None
209.32, [INFO], r1, started skill, None, authenticate-nurse, None
209.32, [INFO], r1, sent message, None, None, None
209.32, [INFO], r1, skill-success, None, authenticate-nurse, None
209.32, [INFO], r1, started skill, None, open-drawer, None
209.32, [INFO], r1, sent message, None, None, None
209.32, [INFO], r1, skill-success, None, open-drawer, None
209.32, [INFO], r1, started skill, None, deposit, None
209.32, [WARN], r1, SKILL-FAILURE, None, deposit, None
