10.05, [INFO], r1, {'y': 33.95, 'x': -39.44, 'yaw': -3.142}, pose, None, None
10.05, [INFO], r1, {'battery-level': '49.60'}, battery_charge, None, None
10.05, [INFO], r1, started skill, None, navto, None
20.06, [INFO], r1, {'y': 34.564, 'x': -37.513, 'yaw': 3.141}, pose, None, None
20.06, [INFO], r1, {'battery-level': '49.10'}, battery_charge, None, None
30.08, [INFO], r1, {'y': 32.622, 'x': -37.027, 'yaw': 3.141}, pose, None, None
30.08, [INFO], r1, {'battery-level': '48.60'}, battery_charge, None, None
40.02, [INFO], r1, {'y': 30.518, 'x': -37.049, 'yaw': 3.141}, pose, None, None
40.02, [INFO], r1, {'battery-level': '48.10'}, battery_charge, None, None
50.06, [INFO], r1, {'y': 28.393, 'x': -37.01, 'yaw': 3.14}, pose, None, None
50.06, [INFO], r1, {'battery-level': '47.60'}, battery_charge, None, None
60.07, [INFO], r1, {'y': 26.279, 'x': -36.987, 'yaw': -3.141}, pose, None, None
60.07, [INFO], r1, {'battery-level': '47.10'}, battery_charge, None, None
70.07, [INFO], r1, {'battery-level': '46.60'}, battery_charge, None, None
70.07, [INFO], r1, {'y': 24.151, 'x': -36.991, 'yaw': 3.141}, pose, None, None
80.00, [INFO], r1, {'y': 22.059, 'x': -37.098, 'yaw': 3.142}, pose, None, None
80.00, [INFO], r1, {'battery-level': '46.10'}, battery_charge, None, None
90.01, [INFO], r1, {'y': 19.941, 'x': -37.113, 'yaw': 3.139}, pose, None, None
90.01, [INFO], r1, {'battery-level': '45.60'}, battery_charge, None, None
100.02, [INFO], r1, {'battery-level': '45.10'}, battery_charge, None, None
100.02, [INFO], r1, {'y': 17.836, 'x': -37.03, 'yaw': 3.141}, pose, None, None
110.09, [INFO], r1, {'y': 15.85, 'x': -36.585, 'yaw': 3.141}, pose, None, None
110.09, [INFO], r1, {'battery-level': '44.60'}, battery_charge, None, None
120.01, [INFO], r1, {'y': 15.357, 'x': -34.52, 'yaw': 3.142}, pose, None, None
120.01, [INFO], r1, {'battery-level': '44.10'}, battery_charge, None, None
130.01, [INFO], r1, {'y': 15.527, 'x': -32.395, 'yaw': -3.141}, pose, None, None
130.01, [INFO], r1, {'battery-level': '43.60'}, battery_charge, None, None
140.01, [INFO], r1, {'y': 15.583, 'x': -30.277, 'yaw': 3.141}, pose, None, None
140.01, [INFO], r1, {'battery-level': '43.10'}, battery_charge, None, None
150.01, [INFO], r1, {'y': 15.795, 'x': -28.163, 'yaw': 3.142}, pose, None, None
150.01, [INFO], r1, {'battery-level': '42.60'}, battery_charge, None, None
160.05, [INFO], r1, {'battery-level': '42.10'}, battery_charge, None, None
160.05, [INFO], r1, {'y': 16.23, 'x': -26.057, 'yaw': -3.141}, pose, None, None
170.05, [INFO], r1, {'y': 16.124, 'x': -23.943, 'yaw': 3.142}, pose, None, None
170.05, [INFO], r1, {'battery-level': '41.60'}, battery_charge, None, None
180.02, [INFO], r1, {'battery-level': '41.10'}, battery_charge, None, None
180.02, [INFO], r1, {'y': 16.154, 'x': -21.83, 'yaw': -3.142}, pose, None, None
190.01, [INFO], r1, {'y': 16.254, 'x': -19.722, 'yaw': -3.141}, pose, None, None
190.01, [INFO], r1, {'battery-level': '40.60'}, battery_charge, None, None
200.01, [INFO], r1, {'battery-level': '40.10'}, battery_charge, None, None
200.01, [INFO], r1, {'y': 16.199, 'x': -17.601, 'yaw': 3.142}, pose, None, None
210.02, [INFO], r1, {'y': 16.11, 'x': -15.471, 'yaw': 3.14}, pose, None, None
210.02, [INFO], r1, {'battery-level': '39.60'}, battery_charge, None, None
220.02, [INFO], r1, {'y': 16.707, 'x': -13.545, 'yaw': 3.142}, pose, None, None
220.02, [INFO], r1, {'battery-level': '39.10'}, battery_charge, None, None
230.09, [INFO], r1, {'y': 17.903, 'x': -13.608, 'yaw': -3.142}, pose, None, None
230.09, [INFO], r1, {'battery-level': '38.60'}, battery_charge, None, None
235.67, [INFO], r1, skill-success, None, navto, None
235.67, [INFO], r1, started skill, None, approach-nurse, None
235.67, [INFO], r1, sent message, None, None, None
235.67, [INFO], r1, skill-success, None, approach-nurse, None
235.67, [INFO], r1, started skill, None, open-drawer, None
235.67, [INFO], r1, sent message, None, None, None
235.67, [INFO], r1, skill-success, None, open-drawer, None
235.67, [INFO], r1, started skill, None, deposit, None
235.67, [INFO], r1, sent message, None, None, None
235.67, [INFO], r1, skill-success, None, deposit, None
235.67, [INFO], r1, started skill, None, close-drawer, None
235.67, [INFO], r1, sent message, None, None, None
235.67, [INFO], r1, skill-success, None, close-drawer, None
235.67, [INFO], r1, started skill, None, navto, None
240.09, [INFO], r1, {'battery-level': '38.10'}, battery_charge, None, None
240.09, [INFO], r1, {'y': 17.077, 'x': -13.654, 'yaw': 3.141}, pose, None, None
250.02, [INFO], r1, {'y': 16.233, 'x': -15.36, 'yaw': 3.142}, pose, None, None
250.02, [INFO], r1, {'battery-level': '37.60'}, battery_charge, None, None
260.04, [INFO], r1, {'y': 16.186, 'x': -17.475, 'yaw': 3.141}, pose, None, None
260.04, [INFO], r1, {'battery-level': '37.10'}, battery_charge, None, None
270.06, [INFO], r1, {'y': 16.273, 'x': -19.585, 'yaw': -3.142}, pose, None, None
270.06, [INFO], r1, {'battery-level': '36.60'}, battery_charge, None, None
280.07, [INFO], r1, {'battery-level': '36.10'}, battery_charge, None, None
280.07, [INFO], r1, {'y': 16.338, 'x': -21.699, 'yaw': 3.142}, pose, None, None
290.00, [INFO], r1, {'battery-level': '35.60'}, battery_charge, None, None
290.00, [INFO], r1, {'y': 16.128, 'x': -23.801, 'yaw': 3.142}, pose, None, None
300.08, [INFO], r1, {'y': 16.02, 'x': -25.941, 'yaw': -3.141}, pose, None, None
300.08, [INFO], r1, {'battery-level': '35.10'}, battery_charge, None, None
310.09, [INFO], r1, {'y': 15.975, 'x': -28.05, 'yaw': -3.141}, pose, None, None
310.09, [INFO], r1, {'battery-level': '34.60'}, battery_charge, None, None
320.01, [INFO], r1, {'y': 15.983, 'x': -30.135, 'yaw': 3.14}, pose, None, None
320.01, [INFO], r1, {'battery-level': '34.10'}, battery_charge, None, None
330.05, [INFO], r1, {'y': 15.804, 'x': -32.261, 'yaw': 3.141}, pose, None, None
330.05, [INFO], r1, {'battery-level': '33.60'}, battery_charge, None, None
340.09, [INFO], r1, {'y': 15.426, 'x': -34.375, 'yaw': 3.142}, pose, None, None
340.09, [INFO], r1, {'battery-level': '33.10'}, battery_charge, None, None
350.03, [INFO], r1, {'y': 16.564, 'x': -36.004, 'yaw': 3.142}, pose, None, None
350.03, [INFO], r1, {'battery-level': '32.60'}, battery_charge, None, None
360.01, [INFO], r1, {'y': 18.654, 'x': -36.156, 'yaw': 3.141}, pose, None, None
360.01, [INFO], r1, {'battery-level': '32.10'}, battery_charge, None, None
370.08, [INFO], r1, {'y': 20.772, 'x': -36.304, 'yaw': 3.142}, pose, None, None
370.08, [INFO], r1, {'battery-level': '31.60'}, battery_charge, None, None
380.01, [INFO], r1, {'y': 22.879, 'x': -36.402, 'yaw': 3.14}, pose, None, None
380.01, [INFO], r1, {'battery-level': '31.10'}, battery_charge, None, None
390.01, [INFO], r1, {'y': 24.994, 'x': -36.35, 'yaw': 3.141}, pose, None, None
390.01, [INFO], r1, {'battery-level': '30.60'}, battery_charge, None, None
400.00, [INFO], r1, {'battery-level': '30.10'}, battery_charge, None, None
400.00, [INFO], r1, {'y': 27.109, 'x': -36.394, 'yaw': -3.142}, pose, None, None
410.03, [INFO], r1, {'y': 29.228, 'x': -36.414, 'yaw': 3.142}, pose, None, None
410.03, [INFO], r1, {'battery-level': '29.60'}, battery_charge, None, None
420.09, [INFO], r1, {'y': 31.362, 'x': -36.534, 'yaw': -3.142}, pose, None, None
420.09, [INFO], r1, {'battery-level': '29.10'}, battery_charge, None, None
430.01, [INFO], r1, {'y': 33.45, 'x': -36.803, 'yaw': -3.142}, pose, None, None
430.01, [INFO], r1, {'battery-level': '28.60'}, battery_charge, None, None
440.01, [INFO], r1, {'battery-level': '28.10'}, battery_charge, None, None
440.01, [INFO], r1, {'y': 35.558, 'x': -36.901, 'yaw': 3.139}, pose, None, None
450.00, [INFO], r1, {'y': 36.047, 'x': -36.969, 'yaw': 3.142}, pose, None, None
450.00, [INFO], r1, {'battery-level': '27.60'}, battery_charge, None, None
451.54, [INFO], r1, skill-success, None, navto, None
451.54, [INFO], r1, started skill, None, approach-arm, None
451.54, [INFO], r1, started skill, None, open-drawer, None
451.54, [INFO], r1, sent message, None, None, None
451.54, [INFO], r1, skill-success, None, open-drawer, None
451.54, [INFO], r1, started skill, None, pick-up-sample, None
451.54, [INFO], r1, sent message, None, None, None
451.54, [INFO], r1, skill-success, None, pick-up-sample, None
451.54, [INFO], r1, started skill, None, close-drawer, None
451.54, [INFO], r1, sent message, None, None, None
451.54, [INFO], r1, skill-success, None, close-drawer, None
451.54, [WARN], r1, SUCCESS, None, None, None
