9.19, [INFO], r1, started skill, None, navto, None
10.06, [INFO], r1, {'y': 33.956, 'x': -39.329, 'yaw': 3.141}, pose, None, None
10.06, [INFO], r1, {'battery-level': '49.55'}, battery_charge, None, None
20.02, [INFO], r1, {'battery-level': '49.05'}, battery_charge, None, None
20.02, [INFO], r1, {'y': 34.46, 'x': -37.362, 'yaw': -3.141}, pose, None, None
30.04, [INFO], r1, {'y': 32.426, 'x': -37.007, 'yaw': 3.14}, pose, None, None
30.04, [INFO], r1, {'battery-level': '48.55'}, battery_charge, None, None
40.05, [INFO], r1, {'y': 30.316, 'x': -37.05, 'yaw': 3.14}, pose, None, None
40.05, [INFO], r1, {'battery-level': '48.05'}, battery_charge, None, None
50.06, [INFO], r1, {'y': 28.192, 'x': -37.028, 'yaw': 3.141}, pose, None, None
50.06, [INFO], r1, {'battery-level': '47.55'}, battery_charge, None, None
60.06, [INFO], r1, {'y': 26.086, 'x': -37.0, 'yaw': 3.141}, pose, None, None
60.06, [INFO], r1, {'battery-level': '47.05'}, battery_charge, None, None
70.06, [INFO], r1, {'y': 23.965, 'x': -37.047, 'yaw': 3.14}, pose, None, None
70.06, [INFO], r1, {'battery-level': '46.55'}, battery_charge, None, None
80.01, [INFO], r1, {'battery-level': '46.05'}, battery_charge, None, None
80.01, [INFO], r1, {'y': 21.858, 'x': -37.137, 'yaw': 3.142}, pose, None, None
90.09, [INFO], r1, {'y': 19.742, 'x': -37.105, 'yaw': 3.141}, pose, None, None
90.09, [INFO], r1, {'battery-level': '45.55'}, battery_charge, None, None
100.04, [INFO], r1, {'y': 17.644, 'x': -37.0, 'yaw': 3.14}, pose, None, None
100.04, [INFO], r1, {'battery-level': '45.05'}, battery_charge, None, None
110.03, [INFO], r1, {'y': 15.797, 'x': -36.46, 'yaw': 3.142}, pose, None, None
110.03, [INFO], r1, {'battery-level': '44.55'}, battery_charge, None, None
120.07, [INFO], r1, {'battery-level': '44.05'}, battery_charge, None, None
120.07, [INFO], r1, {'y': 15.374, 'x': -34.361, 'yaw': -3.141}, pose, None, None
130.07, [INFO], r1, {'battery-level': '43.55'}, battery_charge, None, None
130.07, [INFO], r1, {'y': 15.508, 'x': -32.258, 'yaw': 3.142}, pose, None, None
140.02, [INFO], r1, {'y': 15.614, 'x': -30.154, 'yaw': 3.137}, pose, None, None
140.02, [INFO], r1, {'battery-level': '43.05'}, battery_charge, None, None
150.01, [INFO], r1, {'y': 15.764, 'x': -28.046, 'yaw': -3.142}, pose, None, None
150.01, [INFO], r1, {'battery-level': '42.55'}, battery_charge, None, None
160.08, [INFO], r1, {'y': 15.985, 'x': -25.915, 'yaw': -3.142}, pose, None, None
160.08, [INFO], r1, {'battery-level': '42.05'}, battery_charge, None, None
170.03, [INFO], r1, {'battery-level': '41.55'}, battery_charge, None, None
170.03, [INFO], r1, {'y': 16.034, 'x': -23.828, 'yaw': 3.14}, pose, None, None
180.09, [INFO], r1, {'y': 16.063, 'x': -21.716, 'yaw': 3.141}, pose, None, None
180.09, [INFO], r1, {'battery-level': '41.05'}, battery_charge, None, None
190.04, [INFO], r1, {'battery-level': '40.55'}, battery_charge, None, None
190.04, [INFO], r1, {'y': 16.178, 'x': -19.62, 'yaw': -3.138}, pose, None, None
200.10, [INFO], r1, {'y': 16.191, 'x': -17.499, 'yaw': -3.142}, pose, None, None
200.10, [INFO], r1, {'battery-level': '40.05'}, battery_charge, None, None
210.09, [INFO], r1, {'battery-level': '39.55'}, battery_charge, None, None
210.09, [INFO], r1, {'y': 16.018, 'x': -15.409, 'yaw': 3.141}, pose, None, None
220.02, [INFO], r1, {'battery-level': '39.05'}, battery_charge, None, None
220.02, [INFO], r1, {'y': 16.627, 'x': -13.522, 'yaw': 3.142}, pose, None, None
230.05, [INFO], r1, {'y': 17.914, 'x': -13.613, 'yaw': -3.142}, pose, None, None
230.05, [INFO], r1, {'battery-level': '38.55'}, battery_charge, None, None
237.28, [INFO], r1, skill-success, None, navto, None
237.28, [INFO], r1, started skill, None, approach-nurse, None
237.28, [INFO], r1, sent message, None, None, None
237.28, [INFO], r1, skill-success, None, approach-nurse, None
237.28, [INFO], r1, started skill, None, open-drawer, None
237.28, [INFO], r1, sent message, None, None, None
237.28, [INFO], r1, skill-success, None, open-drawer, None
237.28, [INFO], r1, started skill, None, deposit, None
237.28, [INFO], r1, sent message, None, None, None
237.28, [INFO], r1, skill-success, None, deposit, None
237.28, [INFO], r1, started skill, None, close-drawer, None
237.28, [INFO], r1, sent message, None, None, None
237.28, [INFO], r1, skill-success, None, close-drawer, None
237.28, [INFO], r1, started skill, None, navto, None
240.06, [INFO], r1, {'y': 17.414, 'x': -13.639, 'yaw': 3.142}, pose, None, None
240.06, [INFO], r1, {'battery-level': '38.05'}, battery_charge, None, None
250.02, [INFO], r1, {'y': 16.268, 'x': -15.0, 'yaw': 3.141}, pose, None, None
250.02, [INFO], r1, {'battery-level': '37.55'}, battery_charge, None, None
260.01, [INFO], r1, {'battery-level': '37.05'}, battery_charge, None, None
260.01, [INFO], r1, {'y': 16.19, 'x': -17.107, 'yaw': 3.14}, pose, None, None
270.03, [INFO], r1, {'battery-level': '36.55'}, battery_charge, None, None
270.03, [INFO], r1, {'y': 16.258, 'x': -19.206, 'yaw': 3.142}, pose, None, None
280.03, [INFO], r1, {'battery-level': '36.05'}, battery_charge, None, None
280.03, [INFO], r1, {'y': 16.382, 'x': -21.329, 'yaw': -3.142}, pose, None, None
290.10, [INFO], r1, {'y': 16.161, 'x': -23.457, 'yaw': 3.141}, pose, None, None
290.10, [INFO], r1, {'battery-level': '35.55'}, battery_charge, None, None
300.04, [INFO], r1, {'y': 16.087, 'x': -25.552, 'yaw': 3.141}, pose, None, None
300.04, [INFO], r1, {'battery-level': '35.05'}, battery_charge, None, None
310.04, [INFO], r1, {'y': 15.969, 'x': -27.673, 'yaw': -3.141}, pose, None, None
310.04, [INFO], r1, {'battery-level': '34.55'}, battery_charge, None, None
320.02, [INFO], r1, {'y': 16.045, 'x': -29.773, 'yaw': -3.142}, pose, None, None
320.02, [INFO], r1, {'battery-level': '34.05'}, battery_charge, None, None
330.02, [INFO], r1, {'battery-level': '33.55'}, battery_charge, None, None
330.02, [INFO], r1, {'y': 15.922, 'x': -31.892, 'yaw': 3.141}, pose, None, None
340.05, [INFO], r1, {'battery-level': '33.05'}, battery_charge, None, None
340.05, [INFO], r1, {'y': 15.534, 'x': -33.988, 'yaw': 3.141}, pose, None, None
350.03, [INFO], r1, {'battery-level': '32.55'}, battery_charge, None, None
350.03, [INFO], r1, {'y': 16.309, 'x': -35.796, 'yaw': -3.139}, pose, None, None
360.05, [INFO], r1, {'battery-level': '32.05'}, battery_charge, None, None
360.05, [INFO], r1, {'y': 18.357, 'x': -36.103, 'yaw': 3.141}, pose, None, None
370.01, [INFO], r1, {'y': 20.456, 'x': -36.213, 'yaw': 3.141}, pose, None, None
370.01, [INFO], r1, {'battery-level': '31.55'}, battery_charge, None, None
380.01, [INFO], r1, {'y': 22.576, 'x': -36.331, 'yaw': -3.142}, pose, None, None
380.01, [INFO], r1, {'battery-level': '31.05'}, battery_charge, None, None
390.04, [INFO], r1, {'y': 24.7, 'x': -36.296, 'yaw': 3.141}, pose, None, None
390.04, [INFO], r1, {'battery-level': '30.55'}, battery_charge, None, None
400.01, [INFO], r1, {'battery-level': '30.05'}, battery_charge, None, None
400.01, [INFO], r1, {'y': 26.799, 'x': -36.308, 'yaw': 3.141}, pose, None, None
410.04, [INFO], r1, {'y': 28.914, 'x': -36.355, 'yaw': 3.14}, pose, None, None
410.04, [INFO], r1, {'battery-level': '29.55'}, battery_charge, None, None
420.03, [INFO], r1, {'y': 31.034, 'x': -36.474, 'yaw': 3.142}, pose, None, None
420.03, [INFO], r1, {'battery-level': '29.05'}, battery_charge, None, None
430.09, [INFO], r1, {'y': 33.158, 'x': -36.679, 'yaw': 3.141}, pose, None, None
430.09, [INFO], r1, {'battery-level': '28.55'}, battery_charge, None, None
440.01, [INFO], r1, {'y': 35.245, 'x': -36.923, 'yaw': 3.142}, pose, None, None
440.01, [INFO], r1, {'battery-level': '28.05'}, battery_charge, None, None
450.05, [INFO], r1, {'y': 36.139, 'x': -37.001, 'yaw': 3.142}, pose, None, None
450.05, [INFO], r1, {'battery-level': '27.55'}, battery_charge, None, None
455.06, [INFO], r1, skill-success, None, navto, None
455.06, [INFO], r1, started skill, None, approach-arm, None
455.06, [INFO], r1, sent message, None, None, None
455.06, [INFO], r1, skill-success, None, approach-arm, None
455.06, [INFO], r1, started skill, None, open-drawer, None
455.06, [INFO], r1, sent message, None, None, None
455.06, [INFO], r1, skill-success, None, open-drawer, None
455.06, [INFO], r1, started skill, None, pick-up-sample, None
455.06, [WARN], r1, SKILL-FAILURE, None, pick-up-sample, None
460.08, [INFO], r1, {'y': 36.136, 'x': -37.004, 'yaw': -3.142}, pose, None, None
460.08, [INFO], r1, {'battery-level': '27.05'}, battery_charge, None, None
