0.19, [DEBUG], logger, ROBOTS_CONFIG={'capabilities': ['approach_person', 'approach_robot', 'authenticate_person', 'navigation', 'operate_drawer'], 'battery_charge': 0.25, 'nurse_pose': [-11.5, 18.0, -1.57], 'robot_pose': [-38.0, 10.0, 0.0]}, None, None, None
0.19, [DEBUG], logger, Simulation open, None, None, None
10.02, [INFO], r1, {'y': 10.0, 'x': -38.0, 'yaw': -3.142}, pose, None, None
10.02, [INFO], r1, {'battery-level': '24.55'}, battery_charge, None, None
10.61, [INFO], r1, started skill, None, navto, None
20.03, [INFO], r1, {'y': 11.441, 'x': -37.153, 'yaw': 3.142}, pose, None, None
20.03, [INFO], r1, {'battery-level': '24.05'}, battery_charge, None, None
30.04, [INFO], r1, {'y': 13.544, 'x': -37.042, 'yaw': 3.142}, pose, None, None
30.04, [INFO], r1, {'battery-level': '23.55'}, battery_charge, None, None
40.03, [INFO], r1, {'y': 15.615, 'x': -36.867, 'yaw': -3.141}, pose, None, None
40.03, [INFO], r1, {'battery-level': '23.05'}, battery_charge, None, None
50.03, [INFO], r1, {'y': 15.518, 'x': -34.837, 'yaw': -3.142}, pose, None, None
50.03, [INFO], r1, {'battery-level': '22.55'}, battery_charge, None, None
60.03, [INFO], r1, {'y': 15.552, 'x': -32.719, 'yaw': -3.141}, pose, None, None
60.03, [INFO], r1, {'battery-level': '22.05'}, battery_charge, None, None
70.03, [INFO], r1, {'y': 15.563, 'x': -30.601, 'yaw': -3.141}, pose, None, None
70.03, [INFO], r1, {'battery-level': '21.55'}, battery_charge, None, None
80.02, [INFO], r1, {'y': 15.768, 'x': -28.492, 'yaw': -3.14}, pose, None, None
80.02, [INFO], r1, {'battery-level': '21.05'}, battery_charge, None, None
90.01, [INFO], r1, {'battery-level': '20.55'}, battery_charge, None, None
90.01, [INFO], r1, {'y': 15.999, 'x': -26.378, 'yaw': 3.141}, pose, None, None
100.09, [INFO], r1, {'y': 15.98, 'x': -24.249, 'yaw': 3.142}, pose, None, None
100.09, [INFO], r1, {'battery-level': '20.05'}, battery_charge, None, None
110.09, [INFO], r1, {'y': 16.061, 'x': -22.141, 'yaw': -3.142}, pose, None, None
110.09, [INFO], r1, {'battery-level': '19.55'}, battery_charge, None, None
120.03, [INFO], r1, {'y': 16.138, 'x': -20.045, 'yaw': 3.142}, pose, None, None
120.03, [INFO], r1, {'battery-level': '19.05'}, battery_charge, None, None
130.03, [INFO], r1, {'y': 16.08, 'x': -17.942, 'yaw': -3.142}, pose, None, None
130.03, [INFO], r1, {'battery-level': '18.55'}, battery_charge, None, None
140.03, [INFO], r1, {'y': 15.952, 'x': -15.837, 'yaw': 3.14}, pose, None, None
140.03, [INFO], r1, {'battery-level': '18.05'}, battery_charge, None, None
150.02, [INFO], r1, {'y': 16.06, 'x': -13.735, 'yaw': 3.142}, pose, None, None
150.02, [INFO], r1, {'battery-level': '17.55'}, battery_charge, None, None
160.03, [INFO], r1, {'battery-level': '17.05'}, battery_charge, None, None
160.03, [INFO], r1, {'y': 17.102, 'x': -11.936, 'yaw': 3.141}, pose, None, None
170.01, [INFO], r1, {'y': 17.982, 'x': -11.544, 'yaw': -3.142}, pose, None, None
170.01, [INFO], r1, {'battery-level': '16.55'}, battery_charge, None, None
172.29, [INFO], r1, skill-success, None, navto, None
172.29, [INFO], r1, started skill, None, approach-nurse, None
172.29, [INFO], r1, sent message, None, None, None
172.29, [INFO], r1, skill-success, None, approach-nurse, None
172.29, [INFO], r1, started skill, None, authenticate-nurse, None
172.29, [INFO], r1, sent message, None, None, None
172.29, [INFO], r1, skill-success, None, authenticate-nurse, None
172.29, [INFO], r1, started skill, None, open-drawer, None
172.29, [INFO], r1, sent message, None, None, None
172.29, [INFO], r1, skill-success, None, open-drawer, None
172.29, [INFO], r1, started skill, None, deposit, None
172.29, [INFO], r1, sent message, None, None, None
172.29, [INFO], r1, skill-success, None, deposit, None
172.29, [INFO], r1, started skill, None, close-drawer, None
172.29, [INFO], r1, sent message, None, None, None
172.29, [INFO], r1, skill-success, None, close-drawer, None
172.29, [INFO], r1, started skill, None, navto, None
180.10, [INFO], r1, {'y': 16.594, 'x': -12.299, 'yaw': 3.142}, pose, None, None
180.10, [INFO], r1, {'battery-level': '16.05'}, battery_charge, None, None
190.00, [INFO], r1, {'y': 16.258, 'x': -14.336, 'yaw': -3.142}, pose, None, None
190.00, [INFO], r1, {'battery-level': '15.55'}, battery_charge, None, None
200.10, [INFO], r1, {'y': 16.142, 'x': -16.472, 'yaw': 3.14}, pose, None, None
200.10, [INFO], r1, {'battery-level': '15.05'}, battery_charge, None, None
210.02, [INFO], r1, {'y': 16.176, 'x': -18.586, 'yaw': -3.138}, pose, None, None
210.02, [INFO], r1, {'battery-level': '14.55'}, battery_charge, None, None
220.02, [INFO], r1, {'y': 16.352, 'x': -20.7, 'yaw': 3.142}, pose, None, None
220.02, [INFO], r1, {'battery-level': '14.05'}, battery_charge, None, None
230.03, [INFO], r1, {'y': 16.232, 'x': -22.815, 'yaw': 3.141}, pose, None, None
230.03, [INFO], r1, {'battery-level': '13.55'}, battery_charge, None, None
240.01, [INFO], r1, {'y': 16.103, 'x': -24.948, 'yaw': 3.141}, pose, None, None
240.01, [INFO], r1, {'battery-level': '13.05'}, battery_charge, None, None
250.09, [INFO], r1, {'y': 15.959, 'x': -27.087, 'yaw': 3.141}, pose, None, None
250.09, [INFO], r1, {'battery-level': '12.55'}, battery_charge, None, None
260.07, [INFO], r1, {'y': 16.11, 'x': -29.199, 'yaw': 3.142}, pose, None, None
260.07, [INFO], r1, {'battery-level': '12.05'}, battery_charge, None, None
270.04, [INFO], r1, {'y': 16.039, 'x': -31.312, 'yaw': 3.141}, pose, None, None
270.04, [INFO], r1, {'battery-level': '11.55'}, battery_charge, None, None
280.04, [INFO], r1, {'y': 15.658, 'x': -33.412, 'yaw': 3.142}, pose, None, None
280.04, [INFO], r1, {'battery-level': '11.05'}, battery_charge, None, None
290.05, [INFO], r1, {'y': 15.832, 'x': -35.401, 'yaw': 3.141}, pose, None, None
290.05, [INFO], r1, {'battery-level': '10.55'}, battery_charge, None, None
300.06, [INFO], r1, {'y': 17.749, 'x': -36.097, 'yaw': 3.141}, pose, None, None
300.06, [INFO], r1, {'battery-level': '10.05'}, battery_charge, None, None
310.05, [INFO], r1, {'y': 19.871, 'x': -36.223, 'yaw': 3.142}, pose, None, None
310.05, [INFO], r1, {'battery-level': '9.55'}, battery_charge, None, None
320.06, [INFO], r1, {'battery-level': '9.05'}, battery_charge, None, None
320.06, [INFO], r1, {'y': 21.993, 'x': -36.295, 'yaw': 3.141}, pose, None, None
330.08, [INFO], r1, {'battery-level': '8.55'}, battery_charge, None, None
330.08, [INFO], r1, {'y': 24.12, 'x': -36.332, 'yaw': -3.142}, pose, None, None
340.08, [INFO], r1, {'y': 26.249, 'x': -36.347, 'yaw': -3.142}, pose, None, None
340.08, [INFO], r1, {'battery-level': '8.05'}, battery_charge, None, None
350.09, [INFO], r1, {'y': 28.379, 'x': -36.37, 'yaw': -3.142}, pose, None, None
350.09, [INFO], r1, {'battery-level': '7.55'}, battery_charge, None, None
360.09, [INFO], r1, {'y': 30.509, 'x': -36.414, 'yaw': 3.141}, pose, None, None
360.09, [INFO], r1, {'battery-level': '7.05'}, battery_charge, None, None
370.08, [INFO], r1, {'y': 32.624, 'x': -36.608, 'yaw': 3.141}, pose, None, None
370.08, [INFO], r1, {'battery-level': '6.55'}, battery_charge, None, None
380.10, [INFO], r1, {'battery-level': '6.05'}, battery_charge, None, None
380.10, [INFO], r1, {'y': 34.722, 'x': -36.934, 'yaw': -3.139}, pose, None, None
390.02, [INFO], r1, {'y': 36.04, 'x': -36.964, 'yaw': -3.141}, pose, None, None
390.02, [INFO], r1, {'battery-level': '5.55'}, battery_charge, None, None
395.88, [INFO], r1, skill-success, None, navto, None
395.88, [INFO], r1, started skill, None, approach-arm, None
395.88, [INFO], r1, sent message, None, None, None
395.88, [INFO], r1, skill-success, None, approach-arm, None
395.88, [INFO], r1, started skill, None, open-drawer, None
395.88, [INFO], r1, sent message, None, None, None
395.88, [INFO], r1, skill-success, None, open-drawer, None
395.88, [INFO], r1, started skill, None, pick-up-sample, None
395.88, [INFO], r1, sent message, None, None, None
395.88, [INFO], r1, skill-success, None, pick-up-sample, None
395.88, [INFO], r1, started skill, None, close-drawer, None
395.88, [INFO], r1, sent message, None, None, None
395.88, [INFO], r1, skill-success, None, close-drawer, None
395.88, [WARN], r1, SUCCESS, None, None, None
