8.92, [INFO], r1, started skill, None, navto, None
10.06, [INFO], r1, {'battery-level': '49.55'}, battery_charge, None, None
10.06, [INFO], r1, {'y': 33.966, 'x': -39.279, 'yaw': 3.142}, pose, None, None
20.05, [INFO], r1, {'y': 34.392, 'x': -37.319, 'yaw': 3.142}, pose, None, None
20.05, [INFO], r1, {'battery-level': '49.05'}, battery_charge, None, None
30.05, [INFO], r1, {'y': 32.345, 'x': -37.044, 'yaw': 3.141}, pose, None, None
30.05, [INFO], r1, {'battery-level': '48.55'}, battery_charge, None, None
40.09, [INFO], r1, {'battery-level': '48.05'}, battery_charge, None, None
40.09, [INFO], r1, {'y': 30.233, 'x': -37.029, 'yaw': 3.14}, pose, None, None
50.08, [INFO], r1, {'battery-level': '47.55'}, battery_charge, None, None
50.08, [INFO], r1, {'y': 28.116, 'x': -36.99, 'yaw': 3.141}, pose, None, None
60.06, [INFO], r1, {'y': 26.016, 'x': -37.004, 'yaw': 3.141}, pose, None, None
60.06, [INFO], r1, {'battery-level': '47.05'}, battery_charge, None, None
70.05, [INFO], r1, {'y': 23.901, 'x': -37.002, 'yaw': 3.141}, pose, None, None
70.05, [INFO], r1, {'battery-level': '46.55'}, battery_charge, None, None
80.04, [INFO], r1, {'battery-level': '46.05'}, battery_charge, None, None
80.04, [INFO], r1, {'y': 21.792, 'x': -37.103, 'yaw': 3.142}, pose, None, None
90.01, [INFO], r1, {'y': 19.687, 'x': -37.047, 'yaw': 3.141}, pose, None, None
90.01, [INFO], r1, {'battery-level': '45.55'}, battery_charge, None, None
100.08, [INFO], r1, {'y': 17.569, 'x': -37.014, 'yaw': 3.142}, pose, None, None
100.08, [INFO], r1, {'battery-level': '45.05'}, battery_charge, None, None
110.08, [INFO], r1, {'y': 15.814, 'x': -36.348, 'yaw': -3.142}, pose, None, None
110.08, [INFO], r1, {'battery-level': '44.55'}, battery_charge, None, None
120.04, [INFO], r1, {'y': 15.38, 'x': -34.271, 'yaw': -3.141}, pose, None, None
120.04, [INFO], r1, {'battery-level': '44.05'}, battery_charge, None, None
130.07, [INFO], r1, {'y': 15.535, 'x': -32.148, 'yaw': 3.142}, pose, None, None
130.07, [INFO], r1, {'battery-level': '43.55'}, battery_charge, None, None
140.07, [INFO], r1, {'y': 15.665, 'x': -30.026, 'yaw': 3.142}, pose, None, None
140.07, [INFO], r1, {'battery-level': '43.05'}, battery_charge, None, None
150.09, [INFO], r1, {'battery-level': '42.55'}, battery_charge, None, None
150.09, [INFO], r1, {'y': 15.805, 'x': -27.903, 'yaw': 3.14}, pose, None, None
160.06, [INFO], r1, {'y': 15.977, 'x': -25.815, 'yaw': -3.142}, pose, None, None
160.06, [INFO], r1, {'battery-level': '42.05'}, battery_charge, None, None
170.04, [INFO], r1, {'y': 16.004, 'x': -23.702, 'yaw': 3.141}, pose, None, None
170.04, [INFO], r1, {'battery-level': '41.55'}, battery_charge, None, None
180.02, [INFO], r1, {'y': 16.062, 'x': -21.594, 'yaw': 3.141}, pose, None, None
180.02, [INFO], r1, {'battery-level': '41.05'}, battery_charge, None, None
190.08, [INFO], r1, {'y': 16.215, 'x': -19.472, 'yaw': 3.142}, pose, None, None
190.08, [INFO], r1, {'battery-level': '40.55'}, battery_charge, None, None
200.04, [INFO], r1, {'battery-level': '40.05'}, battery_charge, None, None
200.04, [INFO], r1, {'y': 16.076, 'x': -17.379, 'yaw': 3.142}, pose, None, None
210.00, [INFO], r1, {'battery-level': '39.55'}, battery_charge, None, None
210.00, [INFO], r1, {'y': 16.054, 'x': -15.285, 'yaw': -3.137}, pose, None, None
220.06, [INFO], r1, {'y': 16.239, 'x': -13.156, 'yaw': 3.141}, pose, None, None
220.06, [INFO], r1, {'battery-level': '39.05'}, battery_charge, None, None
230.02, [INFO], r1, {'battery-level': '38.55'}, battery_charge, None, None
230.02, [INFO], r1, {'y': 17.631, 'x': -11.708, 'yaw': 3.142}, pose, None, None
240.03, [INFO], r1, {'y': 17.984, 'x': -11.589, 'yaw': -3.142}, pose, None, None
240.03, [INFO], r1, {'battery-level': '38.05'}, battery_charge, None, None
250.08, [INFO], r1, {'y': 17.974, 'x': -11.559, 'yaw': 3.141}, pose, None, None
250.08, [INFO], r1, {'battery-level': '37.55'}, battery_charge, None, None
255.89, [INFO], r1, skill-success, None, navto, None
255.89, [INFO], r1, started skill, None, approach-nurse, None
255.89, [INFO], r1, sent message, None, None, None
255.89, [INFO], r1, skill-success, None, approach-nurse, None
255.89, [INFO], r1, started skill, None, authenticate-nurse, None
255.89, [INFO], r1, sent message, None, None, None
255.89, [INFO], r1, started skill, None, open-drawer, None
255.89, [INFO], r1, sent message, None, None, None
255.89, [INFO], r1, skill-success, None, open-drawer, None
255.89, [INFO], r1, started skill, None, deposit, None
255.89, [INFO], r1, sent message, None, None, None
255.89, [INFO], r1, skill-success, None, deposit, None
255.89, [INFO], r1, started skill, None, close-drawer, None
255.89, [INFO], r1, sent message, None, None, None
255.89, [INFO], r1, skill-success, None, close-drawer, None
255.89, [INFO], r1, started skill, None, navto, None
260.01, [INFO], r1, {'battery-level': '37.05'}, battery_charge, None, None
260.01, [INFO], r1, {'y': 17.208, 'x': -11.807, 'yaw': 3.141}, pose, None, None
270.01, [INFO], r1, {'battery-level': '36.55'}, battery_charge, None, None
270.01, [INFO], r1, {'y': 16.304, 'x': -13.544, 'yaw': 3.141}, pose, None, None
280.07, [INFO], r1, {'y': 16.21, 'x': -15.675, 'yaw': -3.142}, pose, None, None
280.07, [INFO], r1, {'battery-level': '36.05'}, battery_charge, None, None
290.05, [INFO], r1, {'y': 16.204, 'x': -17.788, 'yaw': 3.141}, pose, None, None
290.05, [INFO], r1, {'battery-level': '35.55'}, battery_charge, None, None
300.07, [INFO], r1, {'battery-level': '35.05'}, battery_charge, None, None
300.07, [INFO], r1, {'y': 16.278, 'x': -19.901, 'yaw': 3.137}, pose, None, None
310.06, [INFO], r1, {'y': 16.312, 'x': -22.021, 'yaw': 3.141}, pose, None, None
310.06, [INFO], r1, {'battery-level': '34.55'}, battery_charge, None, None
320.05, [INFO], r1, {'y': 16.143, 'x': -24.142, 'yaw': 3.141}, pose, None, None
320.05, [INFO], r1, {'battery-level': '34.05'}, battery_charge, None, None
330.02, [INFO], r1, {'y': 16.095, 'x': -26.252, 'yaw': 3.142}, pose, None, None
330.02, [INFO], r1, {'battery-level': '33.55'}, battery_charge, None, None
340.09, [INFO], r1, {'y': 15.993, 'x': -28.381, 'yaw': -3.142}, pose, None, None
340.09, [INFO], r1, {'battery-level': '33.05'}, battery_charge, None, None
350.06, [INFO], r1, {'battery-level': '32.55'}, battery_charge, None, None
350.06, [INFO], r1, {'y': 15.926, 'x': -30.502, 'yaw': 3.142}, pose, None, None
360.05, [INFO], r1, {'y': 15.747, 'x': -32.619, 'yaw': 3.141}, pose, None, None
360.05, [INFO], r1, {'battery-level': '32.05'}, battery_charge, None, None
370.05, [INFO], r1, {'y': 15.436, 'x': -34.728, 'yaw': -3.142}, pose, None, None
370.05, [INFO], r1, {'battery-level': '31.55'}, battery_charge, None, None
380.06, [INFO], r1, {'battery-level': '31.05'}, battery_charge, None, None
380.06, [INFO], r1, {'y': 16.992, 'x': -36.047, 'yaw': -3.142}, pose, None, None
390.02, [INFO], r1, {'y': 19.096, 'x': -36.156, 'yaw': -3.139}, pose, None, None
390.02, [INFO], r1, {'battery-level': '30.55'}, battery_charge, None, None
400.07, [INFO], r1, {'battery-level': '30.05'}, battery_charge, None, None
400.07, [INFO], r1, {'y': 21.207, 'x': -36.252, 'yaw': 3.142}, pose, None, None
410.07, [INFO], r1, {'y': 23.324, 'x': -36.308, 'yaw': 3.141}, pose, None, None
410.07, [INFO], r1, {'battery-level': '29.55'}, battery_charge, None, None
420.05, [INFO], r1, {'y': 25.438, 'x': -36.258, 'yaw': 3.141}, pose, None, None
420.05, [INFO], r1, {'battery-level': '29.05'}, battery_charge, None, None
430.02, [INFO], r1, {'y': 27.552, 'x': -36.262, 'yaw': 3.141}, pose, None, None
430.02, [INFO], r1, {'battery-level': '28.55'}, battery_charge, None, None
440.00, [INFO], r1, {'y': 29.67, 'x': -36.364, 'yaw': -3.142}, pose, None, None
440.00, [INFO], r1, {'battery-level': '28.05'}, battery_charge, None, None
450.01, [INFO], r1, {'battery-level': '27.55'}, battery_charge, None, None
450.01, [INFO], r1, {'y': 31.8, 'x': -36.545, 'yaw': 3.142}, pose, None, None
460.00, [INFO], r1, {'battery-level': '27.05'}, battery_charge, None, None
460.00, [INFO], r1, {'y': 33.908, 'x': -36.865, 'yaw': 3.142}, pose, None, None
470.02, [INFO], r1, {'y': 35.876, 'x': -36.971, 'yaw': 3.14}, pose, None, None
470.02, [INFO], r1, {'battery-level': '26.55'}, battery_charge, None, None
480.01, [INFO], r1, {'y': 36.0, 'x': -36.986, 'yaw': 3.142}, pose, None, None
480.01, [INFO], r1, {'battery-level': '26.05'}, battery_charge, None, None
480.49, [INFO], r1, skill-success, None, navto, None
480.49, [INFO], r1, started skill, None, approach-arm, None
480.49, [INFO], r1, sent message, None, None, None
480.49, [INFO], r1, skill-success, None, approach-arm, None
480.49, [INFO], r1, started skill, None, open-drawer, None
480.49, [INFO], r1, sent message, None, None, None
480.49, [INFO], r1, skill-success, None, open-drawer, None
480.49, [INFO], r1, started skill, None, pick-up-sample, None
480.49, [INFO], r1, sent message, None, None, None
480.49, [INFO], r1, skill-success, None, pick-up-sample, None
480.49, [INFO], r1, started skill, None, close-drawer, None
480.49, [INFO], r1, sent message, None, None, None
480.49, [INFO], r1, skill-success, None, close-drawer, None
480.49, [WARN], r1, SUCCESS, None, None, None
490.07, [INFO], r1, {'y': 36.0, 'x': -36.986, 'yaw': -3.142}, pose, None, None
490.07, [INFO], r1, {'battery-level': '25.55'}, battery_charge, None, None
