9.60, [INFO], r1, started skill, None, navto, None
10.09, [INFO], r1, {'battery-level': '49.55'}, battery_charge, None, None
10.09, [INFO], r1, {'y': 33.98, 'x': -32.914, 'yaw': 3.141}, pose, None, None
20.03, [INFO], r1, {'y': 34.665, 'x': -34.915, 'yaw': -3.142}, pose, None, None
20.03, [INFO], r1, {'battery-level': '49.05'}, battery_charge, None, None
30.07, [INFO], r1, {'y': 33.485, 'x': -36.199, 'yaw': 3.142}, pose, None, None
30.07, [INFO], r1, {'battery-level': '48.55'}, battery_charge, None, None
40.03, [INFO], r1, {'battery-level': '48.05'}, battery_charge, None, None
40.03, [INFO], r1, {'y': 31.386, 'x': -36.223, 'yaw': 3.141}, pose, None, None
50.03, [INFO], r1, {'y': 29.276, 'x': -36.252, 'yaw': -3.142}, pose, None, None
50.03, [INFO], r1, {'battery-level': '47.55'}, battery_charge, None, None
60.09, [INFO], r1, {'y': 27.148, 'x': -36.364, 'yaw': 3.14}, pose, None, None
60.09, [INFO], r1, {'battery-level': '47.05'}, battery_charge, None, None
70.08, [INFO], r1, {'battery-level': '46.55'}, battery_charge, None, None
70.08, [INFO], r1, {'y': 25.031, 'x': -36.432, 'yaw': 3.141}, pose, None, None
80.08, [INFO], r1, {'battery-level': '46.05'}, battery_charge, None, None
80.08, [INFO], r1, {'y': 22.913, 'x': -36.552, 'yaw': 3.142}, pose, None, None
90.10, [INFO], r1, {'y': 20.793, 'x': -36.664, 'yaw': 3.142}, pose, None, None
90.10, [INFO], r1, {'battery-level': '45.55'}, battery_charge, None, None
100.00, [INFO], r1, {'y': 18.716, 'x': -36.743, 'yaw': 3.139}, pose, None, None
100.00, [INFO], r1, {'battery-level': '45.05'}, battery_charge, None, None
110.00, [INFO], r1, {'y': 16.612, 'x': -36.757, 'yaw': -3.142}, pose, None, None
110.00, [INFO], r1, {'battery-level': '44.55'}, battery_charge, None, None
120.00, [INFO], r1, {'battery-level': '44.05'}, battery_charge, None, None
120.00, [INFO], r1, {'y': 15.523, 'x': -35.234, 'yaw': -3.141}, pose, None, None
130.09, [INFO], r1, {'y': 15.467, 'x': -33.102, 'yaw': 3.142}, pose, None, None
130.09, [INFO], r1, {'battery-level': '43.55'}, battery_charge, None, None
140.07, [INFO], r1, {'y': 15.513, 'x': -30.997, 'yaw': -3.141}, pose, None, None
140.07, [INFO], r1, {'battery-level': '43.05'}, battery_charge, None, None
150.07, [INFO], r1, {'y': 15.688, 'x': -28.879, 'yaw': 3.14}, pose, None, None
150.07, [INFO], r1, {'battery-level': '42.55'}, battery_charge, None, None
160.05, [INFO], r1, {'y': 15.281, 'x': -27.177, 'yaw': 3.141}, pose, None, None
160.05, [INFO], r1, {'battery-level': '42.05'}, battery_charge, None, None
170.03, [INFO], r1, {'battery-level': '41.55'}, battery_charge, None, None
170.03, [INFO], r1, {'y': 13.2, 'x': -27.397, 'yaw': 3.14}, pose, None, None
178.72, [INFO], r1, skill-success, None, navto, None
178.72, [INFO], r1, started skill, None, approach-nurse, None
178.72, [INFO], r1, sent message, None, None, None
178.72, [INFO], r1, started skill, None, open-drawer, None
178.72, [INFO], r1, sent message, None, None, None
178.72, [INFO], r1, skill-success, None, open-drawer, None
178.72, [INFO], r1, started skill, None, deposit, None
178.72, [INFO], r1, sent message, None, None, None
178.72, [INFO], r1, skill-success, None, deposit, None
178.72, [INFO], r1, started skill, None, close-drawer, None
178.72, [INFO], r1, sent message, None, None, None
178.72, [INFO], r1, skill-success, None, close-drawer, None
178.72, [INFO], r1, started skill, None, navto, None
180.09, [INFO], r1, {'battery-level': '41.05'}, battery_charge, None, None
180.09, [INFO], r1, {'y': 13.159, 'x': -27.332, 'yaw': 3.142}, pose, None, None
190.06, [INFO], r1, {'battery-level': '40.55'}, battery_charge, None, None
190.06, [INFO], r1, {'y': 15.264, 'x': -27.345, 'yaw': 3.14}, pose, None, None
200.08, [INFO], r1, {'battery-level': '40.05'}, battery_charge, None, None
200.08, [INFO], r1, {'y': 15.648, 'x': -29.06, 'yaw': 3.142}, pose, None, None
210.06, [INFO], r1, {'y': 15.567, 'x': -31.165, 'yaw': -3.142}, pose, None, None
210.06, [INFO], r1, {'battery-level': '39.55'}, battery_charge, None, None
220.07, [INFO], r1, {'y': 15.496, 'x': -33.273, 'yaw': -3.142}, pose, None, None
220.07, [INFO], r1, {'battery-level': '39.05'}, battery_charge, None, None
230.06, [INFO], r1, {'y': 15.815, 'x': -35.304, 'yaw': -3.142}, pose, None, None
230.06, [INFO], r1, {'battery-level': '38.55'}, battery_charge, None, None
240.06, [INFO], r1, {'y': 17.709, 'x': -36.074, 'yaw': 3.141}, pose, None, None
240.06, [INFO], r1, {'battery-level': '38.05'}, battery_charge, None, None
250.07, [INFO], r1, {'battery-level': '37.55'}, battery_charge, None, None
250.07, [INFO], r1, {'y': 19.822, 'x': -36.22, 'yaw': 3.141}, pose, None, None
260.06, [INFO], r1, {'y': 21.92, 'x': -36.295, 'yaw': 3.141}, pose, None, None
260.06, [INFO], r1, {'battery-level': '37.05'}, battery_charge, None, None
270.06, [INFO], r1, {'y': 24.043, 'x': -36.307, 'yaw': 3.141}, pose, None, None
270.06, [INFO], r1, {'battery-level': '36.55'}, battery_charge, None, None
280.06, [INFO], r1, {'y': 26.149, 'x': -36.297, 'yaw': 3.14}, pose, None, None
280.06, [INFO], r1, {'battery-level': '36.05'}, battery_charge, None, None
290.06, [INFO], r1, {'y': 28.251, 'x': -36.376, 'yaw': 3.141}, pose, None, None
290.06, [INFO], r1, {'battery-level': '35.55'}, battery_charge, None, None
300.09, [INFO], r1, {'y': 30.374, 'x': -36.412, 'yaw': -3.138}, pose, None, None
300.09, [INFO], r1, {'battery-level': '35.05'}, battery_charge, None, None
310.01, [INFO], r1, {'y': 32.466, 'x': -36.578, 'yaw': -3.142}, pose, None, None
310.01, [INFO], r1, {'battery-level': '34.55'}, battery_charge, None, None
320.03, [INFO], r1, {'y': 34.552, 'x': -36.954, 'yaw': 3.141}, pose, None, None
320.03, [INFO], r1, {'battery-level': '34.05'}, battery_charge, None, None
330.09, [INFO], r1, {'y': 36.081, 'x': -36.949, 'yaw': 3.141}, pose, None, None
330.09, [INFO], r1, {'battery-level': '33.55'}, battery_charge, None, None
335.69, [INFO], r1, skill-success, None, navto, None
335.69, [INFO], r1, started skill, None, approach-arm, None
335.69, [INFO], r1, sent message, None, None, None
335.69, [INFO], r1, skill-success, None, approach-arm, None
335.69, [INFO], r1, started skill, None, open-drawer, None
335.69, [INFO], r1, sent message, None, None, None
335.69, [INFO], r1, skill-success, None, open-drawer, None
335.69, [INFO], r1, started skill, None, pick-up-sample, None
335.69, [INFO], r1, sent message, None, None, None
335.69, [INFO], r1, skill-success, None, pick-up-sample, None
335.69, [INFO], r1, started skill, None, close-drawer, None
335.69, [INFO], r1, sent message, None, None, None
335.69, [INFO], r1, skill-success, None, close-drawer, None
335.69, [WARN], r1, SUCCESS, None, None, None
340.02, [INFO], r1, {'battery-level': '33.05'}, battery_charge, None, None
340.02, [INFO], r1, {'y': 36.09, 'x': -36.956, 'yaw': -3.142}, pose, None, None
