9.55, [INFO], r1, started skill, None, navto, None
10.05, [INFO], r1, {'y': 33.98, 'x': -32.922, 'yaw': 3.141}, pose, None, None
10.05, [INFO], r1, {'battery-level': '49.55'}, battery_charge, None, None
20.08, [INFO], r1, {'y': 34.663, 'x': -34.936, 'yaw': 3.142}, pose, None, None
20.08, [INFO], r1, {'battery-level': '49.05'}, battery_charge, None, None
30.01, [INFO], r1, {'y': 33.463, 'x': -36.196, 'yaw': -3.142}, pose, None, None
30.01, [INFO], r1, {'battery-level': '48.55'}, battery_charge, None, None
40.04, [INFO], r1, {'battery-level': '48.05'}, battery_charge, None, None
40.04, [INFO], r1, {'y': 31.349, 'x': -36.254, 'yaw': 3.14}, pose, None, None
50.08, [INFO], r1, {'battery-level': '47.55'}, battery_charge, None, None
50.08, [INFO], r1, {'y': 29.237, 'x': -36.257, 'yaw': 3.142}, pose, None, None
60.02, [INFO], r1, {'y': 27.144, 'x': -36.344, 'yaw': 3.14}, pose, None, None
60.02, [INFO], r1, {'battery-level': '47.05'}, battery_charge, None, None
70.06, [INFO], r1, {'y': 25.021, 'x': -36.434, 'yaw': 3.141}, pose, None, None
70.06, [INFO], r1, {'battery-level': '46.55'}, battery_charge, None, None
80.09, [INFO], r1, {'y': 22.913, 'x': -36.579, 'yaw': 3.141}, pose, None, None
80.09, [INFO], r1, {'battery-level': '46.05'}, battery_charge, None, None
90.02, [INFO], r1, {'y': 20.821, 'x': -36.675, 'yaw': 3.142}, pose, None, None
90.02, [INFO], r1, {'battery-level': '45.55'}, battery_charge, None, None
100.05, [INFO], r1, {'y': 18.7, 'x': -36.723, 'yaw': 3.137}, pose, None, None
100.05, [INFO], r1, {'battery-level': '45.05'}, battery_charge, None, None
110.08, [INFO], r1, {'battery-level': '44.55'}, battery_charge, None, None
110.08, [INFO], r1, {'y': 16.593, 'x': -36.789, 'yaw': 3.141}, pose, None, None
120.01, [INFO], r1, {'battery-level': '44.05'}, battery_charge, None, None
120.01, [INFO], r1, {'y': 15.609, 'x': -35.051, 'yaw': -3.142}, pose, None, None
130.04, [INFO], r1, {'battery-level': '43.55'}, battery_charge, None, None
130.04, [INFO], r1, {'y': 15.539, 'x': -32.947, 'yaw': 3.142}, pose, None, None
140.08, [INFO], r1, {'y': 15.549, 'x': -30.825, 'yaw': 3.141}, pose, None, None
140.08, [INFO], r1, {'battery-level': '43.05'}, battery_charge, None, None
150.01, [INFO], r1, {'y': 15.73, 'x': -28.723, 'yaw': 3.141}, pose, None, None
150.01, [INFO], r1, {'battery-level': '42.55'}, battery_charge, None, None
160.04, [INFO], r1, {'battery-level': '42.05'}, battery_charge, None, None
160.04, [INFO], r1, {'y': 15.751, 'x': -28.643, 'yaw': -3.142}, pose, None, None
170.08, [INFO], r1, {'y': 15.747, 'x': -28.645, 'yaw': 3.142}, pose, None, None
170.08, [INFO], r1, {'battery-level': '41.55'}, battery_charge, None, None
180.01, [INFO], r1, {'y': 15.744, 'x': -28.647, 'yaw': -3.142}, pose, None, None
180.01, [INFO], r1, {'battery-level': '41.05'}, battery_charge, None, None
190.05, [INFO], r1, {'y': 15.744, 'x': -28.646, 'yaw': 3.141}, pose, None, None
190.05, [INFO], r1, {'battery-level': '40.55'}, battery_charge, None, None
200.08, [INFO], r1, {'y': 15.822, 'x': -28.649, 'yaw': 3.142}, pose, None, None
200.08, [INFO], r1, {'battery-level': '40.05'}, battery_charge, None, None
210.01, [INFO], r1, {'y': 15.831, 'x': -28.65, 'yaw': 3.142}, pose, None, None
210.01, [INFO], r1, {'battery-level': '39.55'}, battery_charge, None, None
220.05, [INFO], r1, {'y': 15.831, 'x': -28.65, 'yaw': 3.142}, pose, None, None
220.05, [INFO], r1, {'battery-level': '39.05'}, battery_charge, None, None
230.08, [INFO], r1, {'y': 15.831, 'x': -28.65, 'yaw': 3.142}, pose, None, None
230.08, [INFO], r1, {'battery-level': '38.55'}, battery_charge, None, None
240.02, [INFO], r1, {'y': 16.935, 'x': -28.415, 'yaw': -3.141}, pose, None, None
240.02, [INFO], r1, {'battery-level': '38.05'}, battery_charge, None, None
250.05, [INFO], r1, {'y': 16.778, 'x': -28.55, 'yaw': 3.142}, pose, None, None
250.05, [INFO], r1, {'battery-level': '37.55'}, battery_charge, None, None
260.08, [INFO], r1, {'y': 16.783, 'x': -28.601, 'yaw': 3.141}, pose, None, None
260.08, [INFO], r1, {'battery-level': '37.05'}, battery_charge, None, None
270.01, [INFO], r1, {'y': 16.876, 'x': -28.492, 'yaw': -3.141}, pose, None, None
270.01, [INFO], r1, {'battery-level': '36.55'}, battery_charge, None, None
280.05, [INFO], r1, {'battery-level': '36.05'}, battery_charge, None, None
280.05, [INFO], r1, {'y': 16.875, 'x': -28.403, 'yaw': 3.14}, pose, None, None
290.08, [INFO], r1, {'y': 17.013, 'x': -28.505, 'yaw': 3.141}, pose, None, None
290.08, [INFO], r1, {'battery-level': '35.55'}, battery_charge, None, None
300.02, [INFO], r1, {'battery-level': '35.05'}, battery_charge, None, None
300.02, [INFO], r1, {'y': 16.961, 'x': -28.572, 'yaw': -3.14}, pose, None, None
310.05, [INFO], r1, {'y': 16.614, 'x': -28.636, 'yaw': 3.141}, pose, None, None
310.05, [INFO], r1, {'battery-level': '34.55'}, battery_charge, None, None
320.08, [INFO], r1, {'battery-level': '34.05'}, battery_charge, None, None
320.08, [INFO], r1, {'y': 16.871, 'x': -28.619, 'yaw': -3.142}, pose, None, None
326.00, [WARN], r1, SKILL-FAILURE, None, navto, None
330.02, [INFO], r1, {'y': 16.811, 'x': -28.631, 'yaw': -3.137}, pose, None, None
330.02, [INFO], r1, {'battery-level': '33.55'}, battery_charge, None, None
