0.19, [DEBUG], logger, ROBOTS_CONFIG={'capabilities': ['approach_person', 'approach_robot', 'authenticate_person', 'navigation', 'operate_drawer'], 'battery_charge': 0.5, 'nurse_pose': [-28.5, 18.0, -1.57], 'robot_pose': [-32.88, 33.98, 3.14]}, None, None, None
0.19, [DEBUG], logger, Simulation open, None, None, None
10.07, [INFO], r1, {'y': 33.98, 'x': -32.88, 'yaw': -3.142}, pose, None, None
10.07, [INFO], r1, {'battery-level': '49.55'}, battery_charge, None, None
10.56, [INFO], r1, started skill, None, navto, None
20.10, [INFO], r1, {'y': 34.644, 'x': -34.721, 'yaw': 3.141}, pose, None, None
20.10, [INFO], r1, {'battery-level': '49.05'}, battery_charge, None, None
30.02, [INFO], r1, {'y': 33.712, 'x': -36.196, 'yaw': 3.142}, pose, None, None
30.02, [INFO], r1, {'battery-level': '48.55'}, battery_charge, None, None
40.04, [INFO], r1, {'battery-level': '48.05'}, battery_charge, None, None
40.04, [INFO], r1, {'y': 31.6, 'x': -36.189, 'yaw': 3.142}, pose, None, None
50.07, [INFO], r1, {'y': 29.484, 'x': -36.229, 'yaw': 3.142}, pose, None, None
50.07, [INFO], r1, {'battery-level': '47.55'}, battery_charge, None, None
60.07, [INFO], r1, {'y': 27.385, 'x': -36.33, 'yaw': 3.14}, pose, None, None
60.07, [INFO], r1, {'battery-level': '47.05'}, battery_charge, None, None
70.06, [INFO], r1, {'y': 25.275, 'x': -36.43, 'yaw': 3.141}, pose, None, None
70.06, [INFO], r1, {'battery-level': '46.55'}, battery_charge, None, None
80.07, [INFO], r1, {'y': 23.165, 'x': -36.48, 'yaw': 3.141}, pose, None, None
80.07, [INFO], r1, {'battery-level': '46.05'}, battery_charge, None, None
90.07, [INFO], r1, {'y': 21.056, 'x': -36.652, 'yaw': 3.142}, pose, None, None
90.07, [INFO], r1, {'battery-level': '45.55'}, battery_charge, None, None
100.06, [INFO], r1, {'battery-level': '45.05'}, battery_charge, None, None
100.06, [INFO], r1, {'y': 18.965, 'x': -36.713, 'yaw': 3.142}, pose, None, None
110.05, [INFO], r1, {'y': 16.863, 'x': -36.794, 'yaw': 3.141}, pose, None, None
110.05, [INFO], r1, {'battery-level': '44.55'}, battery_charge, None, None
120.07, [INFO], r1, {'y': 15.671, 'x': -35.543, 'yaw': 3.142}, pose, None, None
120.07, [INFO], r1, {'battery-level': '44.05'}, battery_charge, None, None
130.07, [INFO], r1, {'y': 15.428, 'x': -33.45, 'yaw': -3.141}, pose, None, None
130.07, [INFO], r1, {'battery-level': '43.55'}, battery_charge, None, None
140.04, [INFO], r1, {'y': 15.517, 'x': -31.344, 'yaw': 3.142}, pose, None, None
140.04, [INFO], r1, {'battery-level': '43.05'}, battery_charge, None, None
150.02, [INFO], r1, {'battery-level': '42.55'}, battery_charge, None, None
150.02, [INFO], r1, {'y': 15.752, 'x': -29.233, 'yaw': 3.14}, pose, None, None
160.02, [INFO], r1, {'y': 15.819, 'x': -28.59, 'yaw': -3.142}, pose, None, None
160.02, [INFO], r1, {'battery-level': '42.05'}, battery_charge, None, None
170.01, [INFO], r1, {'battery-level': '41.55'}, battery_charge, None, None
170.01, [INFO], r1, {'y': 15.816, 'x': -28.586, 'yaw': 3.141}, pose, None, None
180.01, [INFO], r1, {'y': 16.896, 'x': -28.53, 'yaw': 3.139}, pose, None, None
180.01, [INFO], r1, {'battery-level': '41.05'}, battery_charge, None, None
190.01, [INFO], r1, {'battery-level': '40.55'}, battery_charge, None, None
190.01, [INFO], r1, {'y': 16.578, 'x': -28.658, 'yaw': 3.14}, pose, None, None
200.01, [INFO], r1, {'y': 16.875, 'x': -28.577, 'yaw': -3.141}, pose, None, None
200.01, [INFO], r1, {'battery-level': '40.05'}, battery_charge, None, None
210.06, [INFO], r1, {'y': 16.751, 'x': -28.51, 'yaw': 3.141}, pose, None, None
210.06, [INFO], r1, {'battery-level': '39.55'}, battery_charge, None, None
220.05, [INFO], r1, {'battery-level': '39.05'}, battery_charge, None, None
220.05, [INFO], r1, {'y': 16.86, 'x': -28.668, 'yaw': -3.14}, pose, None, None
230.02, [INFO], r1, {'y': 16.95, 'x': -28.323, 'yaw': 3.141}, pose, None, None
230.02, [INFO], r1, {'battery-level': '38.55'}, battery_charge, None, None
240.09, [INFO], r1, {'y': 16.945, 'x': -28.346, 'yaw': 3.139}, pose, None, None
240.09, [INFO], r1, {'battery-level': '38.05'}, battery_charge, None, None
250.09, [INFO], r1, {'y': 17.119, 'x': -28.581, 'yaw': 3.137}, pose, None, None
250.09, [INFO], r1, {'battery-level': '37.55'}, battery_charge, None, None
260.05, [INFO], r1, {'y': 16.606, 'x': -28.511, 'yaw': -3.142}, pose, None, None
260.05, [INFO], r1, {'battery-level': '37.05'}, battery_charge, None, None
270.03, [INFO], r1, {'battery-level': '36.55'}, battery_charge, None, None
270.03, [INFO], r1, {'y': 17.135, 'x': -28.183, 'yaw': -3.142}, pose, None, None
274.16, [WARN], r1, SKILL-FAILURE, None, navto, None
