0.19, [DEBUG], logger, ROBOTS_CONFIG={'capabilities': ['approach_person', 'approach_robot', 'authenticate_person', 'navigation', 'operate_drawer'], 'battery_charge': 0.25, 'nurse_pose': [-11.5, 18.0, -1.57], 'robot_pose': [-38.0, 10.0, 0.0]}, None, None, None
0.19, [DEBUG], logger, Simulation open, None, None, None
10.05, [INFO], r1, {'y': 10.0, 'x': -38.0, 'yaw': -3.142}, pose, None, None
10.05, [INFO], r1, {'battery-level': '24.55'}, battery_charge, None, None
10.64, [INFO], r1, started skill, None, navto, None
20.03, [INFO], r1, {'y': 11.451, 'x': -37.191, 'yaw': 3.142}, pose, None, None
20.03, [INFO], r1, {'battery-level': '24.05'}, battery_charge, None, None
30.02, [INFO], r1, {'y': 13.543, 'x': -37.072, 'yaw': -3.142}, pose, None, None
30.02, [INFO], r1, {'battery-level': '23.55'}, battery_charge, None, None
40.04, [INFO], r1, {'y': 15.626, 'x': -36.85, 'yaw': -3.142}, pose, None, None
40.04, [INFO], r1, {'battery-level': '23.05'}, battery_charge, None, None
50.05, [INFO], r1, {'y': 15.479, 'x': -34.791, 'yaw': -3.141}, pose, None, None
50.05, [INFO], r1, {'battery-level': '22.55'}, battery_charge, None, None
60.06, [INFO], r1, {'y': 15.574, 'x': -32.66, 'yaw': -3.141}, pose, None, None
60.06, [INFO], r1, {'battery-level': '22.05'}, battery_charge, None, None
70.07, [INFO], r1, {'y': 15.61, 'x': -30.548, 'yaw': -3.141}, pose, None, None
70.07, [INFO], r1, {'battery-level': '21.55'}, battery_charge, None, None
80.06, [INFO], r1, {'y': 15.776, 'x': -28.436, 'yaw': 3.141}, pose, None, None
80.06, [INFO], r1, {'battery-level': '21.05'}, battery_charge, None, None
90.06, [INFO], r1, {'y': 16.04, 'x': -26.332, 'yaw': -3.142}, pose, None, None
90.06, [INFO], r1, {'battery-level': '20.55'}, battery_charge, None, None
100.07, [INFO], r1, {'y': 16.016, 'x': -24.214, 'yaw': -3.141}, pose, None, None
100.07, [INFO], r1, {'battery-level': '20.05'}, battery_charge, None, None
110.07, [INFO], r1, {'battery-level': '19.55'}, battery_charge, None, None
110.07, [INFO], r1, {'y': 16.006, 'x': -22.109, 'yaw': 3.142}, pose, None, None
120.05, [INFO], r1, {'y': 16.238, 'x': -20.013, 'yaw': 3.139}, pose, None, None
120.05, [INFO], r1, {'battery-level': '19.05'}, battery_charge, None, None
130.00, [INFO], r1, {'y': 16.151, 'x': -17.914, 'yaw': -3.142}, pose, None, None
130.00, [INFO], r1, {'battery-level': '18.55'}, battery_charge, None, None
140.10, [INFO], r1, {'y': 16.095, 'x': -15.787, 'yaw': 3.141}, pose, None, None
140.10, [INFO], r1, {'battery-level': '18.05'}, battery_charge, None, None
150.09, [INFO], r1, {'y': 16.229, 'x': -13.683, 'yaw': -3.142}, pose, None, None
150.09, [INFO], r1, {'battery-level': '17.55'}, battery_charge, None, None
160.01, [INFO], r1, {'y': 17.185, 'x': -11.953, 'yaw': -3.139}, pose, None, None
160.01, [INFO], r1, {'battery-level': '17.05'}, battery_charge, None, None
170.00, [INFO], r1, {'battery-level': '16.55'}, battery_charge, None, None
170.00, [INFO], r1, {'y': 17.948, 'x': -11.551, 'yaw': 3.141}, pose, None, None
180.00, [INFO], r1, {'battery-level': '16.05'}, battery_charge, None, None
180.00, [INFO], r1, {'y': 17.991, 'x': -11.485, 'yaw': 3.142}, pose, None, None
187.42, [INFO], r1, skill-success, None, navto, None
187.42, [INFO], r1, started skill, None, approach-nurse, None
187.42, [INFO], r1, sent message, None, None, None
187.42, [INFO], r1, skill-success, None, approach-nurse, None
187.42, [INFO], r1, started skill, None, open-drawer, None
187.42, [INFO], r1, sent message, None, None, None
187.52, [INFO], r1, skill-success, None, open-drawer, None
187.52, [INFO], r1, started skill, None, deposit, None
187.52, [INFO], r1, sent message, None, None, None
187.52, [INFO], r1, skill-success, None, deposit, None
187.52, [INFO], r1, started skill, None, close-drawer, None
187.52, [INFO], r1, sent message, None, None, None
187.52, [INFO], r1, skill-success, None, close-drawer, None
187.52, [INFO], r1, started skill, None, navto, None
190.10, [INFO], r1, {'y': 17.531, 'x': -11.687, 'yaw': 3.142}, pose, None, None
190.10, [INFO], r1, {'battery-level': '15.55'}, battery_charge, None, None
200.00, [INFO], r1, {'y': 16.311, 'x': -13.207, 'yaw': 3.138}, pose, None, None
200.00, [INFO], r1, {'battery-level': '15.05'}, battery_charge, None, None
210.10, [INFO], r1, {'y': 16.215, 'x': -15.343, 'yaw': -3.142}, pose, None, None
210.10, [INFO], r1, {'battery-level': '14.55'}, battery_charge, None, None
220.09, [INFO], r1, {'battery-level': '14.05'}, battery_charge, None, None
220.09, [INFO], r1, {'y': 16.138, 'x': -17.442, 'yaw': 3.141}, pose, None, None
230.09, [INFO], r1, {'battery-level': '13.55'}, battery_charge, None, None
230.09, [INFO], r1, {'y': 16.283, 'x': -19.543, 'yaw': 3.142}, pose, None, None
240.07, [INFO], r1, {'battery-level': '13.05'}, battery_charge, None, None
240.07, [INFO], r1, {'y': 16.318, 'x': -21.643, 'yaw': -3.142}, pose, None, None
250.06, [INFO], r1, {'y': 16.152, 'x': -23.757, 'yaw': 3.141}, pose, None, None
250.06, [INFO], r1, {'battery-level': '12.55'}, battery_charge, None, None
260.05, [INFO], r1, {'y': 16.1, 'x': -25.864, 'yaw': 3.141}, pose, None, None
260.05, [INFO], r1, {'battery-level': '12.05'}, battery_charge, None, None
270.02, [INFO], r1, {'y': 16.034, 'x': -27.973, 'yaw': 3.139}, pose, None, None
270.02, [INFO], r1, {'battery-level': '11.55'}, battery_charge, None, None
280.00, [INFO], r1, {'y': 16.058, 'x': -30.071, 'yaw': 3.139}, pose, None, None
280.00, [INFO], r1, {'battery-level': '11.05'}, battery_charge, None, None
290.10, [INFO], r1, {'y': 15.872, 'x': -32.208, 'yaw': 3.14}, pose, None, None
290.10, [INFO], r1, {'battery-level': '10.55'}, battery_charge, None, None
300.08, [INFO], r1, {'battery-level': '10.05'}, battery_charge, None, None
300.08, [INFO], r1, {'y': 15.445, 'x': -34.291, 'yaw': -3.142}, pose, None, None
310.00, [INFO], r1, {'y': 16.442, 'x': -36.001, 'yaw': 3.142}, pose, None, None
310.00, [INFO], r1, {'battery-level': '9.55'}, battery_charge, None, None
320.07, [INFO], r1, {'battery-level': '9.05'}, battery_charge, None, None
320.07, [INFO], r1, {'y': 18.541, 'x': -36.142, 'yaw': -3.141}, pose, None, None
330.05, [INFO], r1, {'y': 20.65, 'x': -36.235, 'yaw': 3.142}, pose, None, None
330.05, [INFO], r1, {'battery-level': '8.55'}, battery_charge, None, None
340.06, [INFO], r1, {'y': 22.76, 'x': -36.285, 'yaw': 3.141}, pose, None, None
340.06, [INFO], r1, {'battery-level': '8.05'}, battery_charge, None, None
350.07, [INFO], r1, {'battery-level': '7.55'}, battery_charge, None, None
350.07, [INFO], r1, {'y': 24.881, 'x': -36.241, 'yaw': 3.14}, pose, None, None
360.08, [INFO], r1, {'y': 26.993, 'x': -36.28, 'yaw': 3.141}, pose, None, None
360.08, [INFO], r1, {'battery-level': '7.05'}, battery_charge, None, None
370.09, [INFO], r1, {'battery-level': '6.55'}, battery_charge, None, None
370.09, [INFO], r1, {'y': 29.1, 'x': -36.316, 'yaw': 3.141}, pose, None, None
380.09, [INFO], r1, {'y': 31.216, 'x': -36.447, 'yaw': -3.142}, pose, None, None
380.09, [INFO], r1, {'battery-level': '6.05'}, battery_charge, None, None
390.03, [INFO], r1, {'battery-level': '5.55'}, battery_charge, None, None
390.03, [INFO], r1, {'y': 33.307, 'x': -36.751, 'yaw': -3.142}, pose, None, None
400.07, [INFO], r1, {'y': 35.395, 'x': -36.999, 'yaw': 3.14}, pose, None, None
400.07, [INFO], r1, {'battery-level': '5.05'}, battery_charge, None, None
402.06, [WARN], r1, LOWBATT, None, None, None
402.06, [WARN], None, end!, None, None, None
410.03, [INFO], r1, {'y': 36.116, 'x': -36.991, 'yaw': 3.14}, pose, None, None
410.03, [INFO], r1, skill-success, None, navto, None
410.03, [INFO], r1, started skill, None, approach-arm, None
410.03, [INFO], r1, sent message, None, None, None
410.03, [INFO], r1, skill-success, None, approach-arm, None
410.03, [INFO], r1, started skill, None, open-drawer, None
410.03, [INFO], r1, sent message, None, None, None
410.03, [INFO], r1, skill-success, None, open-drawer, None
410.03, [INFO], r1, started skill, None, pick-up-sample, None
410.03, [INFO], r1, sent message, None, None, None
410.03, [INFO], r1, skill-success, None, pick-up-sample, None
410.03, [INFO], r1, started skill, None, close-drawer, None
410.03, [INFO], r1, sent message, None, None, None
410.03, [INFO], r1, skill-success, None, close-drawer, None
410.03, [WARN], r1, SUCCESS, None, None, None
