9.27, [INFO], r1, started skill, None, navto, None
10.03, [INFO], r1, {'battery-level': '24.55'}, battery_charge, None, None
10.03, [INFO], r1, {'y': 10.002, 'x': -37.91, 'yaw': 3.141}, pose, None, None
20.09, [INFO], r1, {'y': 11.72, 'x': -37.142, 'yaw': -3.142}, pose, None, None
20.09, [INFO], r1, {'battery-level': '24.05'}, battery_charge, None, None
30.07, [INFO], r1, {'y': 13.831, 'x': -37.041, 'yaw': 3.142}, pose, None, None
30.07, [INFO], r1, {'battery-level': '23.55'}, battery_charge, None, None
40.07, [INFO], r1, {'y': 15.797, 'x': -36.731, 'yaw': -3.142}, pose, None, None
40.07, [INFO], r1, {'battery-level': '23.05'}, battery_charge, None, None
50.09, [INFO], r1, {'battery-level': '22.55'}, battery_charge, None, None
50.09, [INFO], r1, {'y': 15.401, 'x': -34.632, 'yaw': -3.142}, pose, None, None
60.09, [INFO], r1, {'battery-level': '22.05'}, battery_charge, None, None
60.09, [INFO], r1, {'y': 15.467, 'x': -32.503, 'yaw': -3.142}, pose, None, None
70.09, [INFO], r1, {'battery-level': '21.55'}, battery_charge, None, None
70.09, [INFO], r1, {'y': 15.553, 'x': -30.378, 'yaw': 3.141}, pose, None, None
80.00, [INFO], r1, {'y': 15.748, 'x': -28.289, 'yaw': 3.142}, pose, None, None
80.00, [INFO], r1, {'battery-level': '21.05'}, battery_charge, None, None
90.06, [INFO], r1, {'y': 16.181, 'x': -26.185, 'yaw': 3.138}, pose, None, None
90.06, [INFO], r1, {'battery-level': '20.55'}, battery_charge, None, None
100.05, [INFO], r1, {'y': 16.154, 'x': -24.073, 'yaw': 3.141}, pose, None, None
100.05, [INFO], r1, {'battery-level': '20.05'}, battery_charge, None, None
110.02, [INFO], r1, {'battery-level': '19.55'}, battery_charge, None, None
110.02, [INFO], r1, {'y': 16.195, 'x': -21.973, 'yaw': -3.142}, pose, None, None
120.08, [INFO], r1, {'battery-level': '19.05'}, battery_charge, None, None
120.08, [INFO], r1, {'y': 16.313, 'x': -19.844, 'yaw': 3.137}, pose, None, None
130.06, [INFO], r1, {'y': 16.213, 'x': -17.737, 'yaw': 3.142}, pose, None, None
130.06, [INFO], r1, {'battery-level': '18.55'}, battery_charge, None, None
140.04, [INFO], r1, {'y': 16.153, 'x': -15.625, 'yaw': 3.141}, pose, None, None
140.04, [INFO], r1, {'battery-level': '18.05'}, battery_charge, None, None
150.04, [INFO], r1, {'battery-level': '17.55'}, battery_charge, None, None
150.04, [INFO], r1, {'y': 16.232, 'x': -13.505, 'yaw': -3.141}, pose, None, None
160.00, [INFO], r1, {'y': 17.337, 'x': -11.851, 'yaw': 3.141}, pose, None, None
160.00, [INFO], r1, {'battery-level': '17.05'}, battery_charge, None, None
170.03, [INFO], r1, {'y': 17.991, 'x': -11.54, 'yaw': -3.142}, pose, None, None
170.03, [INFO], r1, {'battery-level': '16.55'}, battery_charge, None, None
172.33, [INFO], r1, skill-success, None, navto, None
172.33, [INFO], r1, started skill, None, open-drawer, None
172.33, [INFO], r1, sent message, None, None, None
172.33, [INFO], r1, skill-success, None, open-drawer, None
172.33, [INFO], r1, started skill, None, deposit, None
172.33, [INFO], r1, sent message, None, None, None
172.33, [INFO], r1, skill-success, None, deposit, None
172.33, [INFO], r1, started skill, None, close-drawer, None
172.33, [INFO], r1, sent message, None, None, None
172.33, [INFO], r1, skill-success, None, close-drawer, None
172.33, [INFO], r1, started skill, None, navto, None
180.07, [INFO], r1, {'y': 16.637, 'x': -12.312, 'yaw': -3.142}, pose, None, None
180.07, [INFO], r1, {'battery-level': '16.05'}, battery_charge, None, None
190.04, [INFO], r1, {'battery-level': '15.55'}, battery_charge, None, None
190.04, [INFO], r1, {'y': 16.272, 'x': -14.368, 'yaw': -3.142}, pose, None, None
200.03, [INFO], r1, {'y': 16.149, 'x': -16.479, 'yaw': 3.141}, pose, None, None
200.03, [INFO], r1, {'battery-level': '15.05'}, battery_charge, None, None
210.01, [INFO], r1, {'y': 16.239, 'x': -18.577, 'yaw': -3.141}, pose, None, None
210.01, [INFO], r1, {'battery-level': '14.55'}, battery_charge, None, None
220.08, [INFO], r1, {'y': 16.347, 'x': -20.691, 'yaw': 3.142}, pose, None, None
220.08, [INFO], r1, {'battery-level': '14.05'}, battery_charge, None, None
230.02, [INFO], r1, {'battery-level': '13.55'}, battery_charge, None, None
230.02, [INFO], r1, {'y': 16.243, 'x': -22.785, 'yaw': 3.141}, pose, None, None
240.01, [INFO], r1, {'y': 16.131, 'x': -24.894, 'yaw': 3.141}, pose, None, None
240.01, [INFO], r1, {'battery-level': '13.05'}, battery_charge, None, None
250.00, [INFO], r1, {'y': 15.94, 'x': -26.991, 'yaw': -3.139}, pose, None, None
250.00, [INFO], r1, {'battery-level': '12.55'}, battery_charge, None, None
260.06, [INFO], r1, {'y': 16.028, 'x': -29.112, 'yaw': 3.142}, pose, None, None
260.06, [INFO], r1, {'battery-level': '12.05'}, battery_charge, None, None
270.03, [INFO], r1, {'y': 15.903, 'x': -31.214, 'yaw': 3.141}, pose, None, None
270.03, [INFO], r1, {'battery-level': '11.55'}, battery_charge, None, None
280.01, [INFO], r1, {'y': 15.663, 'x': -33.314, 'yaw': 3.141}, pose, None, None
280.01, [INFO], r1, {'battery-level': '11.05'}, battery_charge, None, None
290.09, [INFO], r1, {'y': 15.765, 'x': -35.371, 'yaw': -3.142}, pose, None, None
290.09, [INFO], r1, {'battery-level': '10.55'}, battery_charge, None, None
300.08, [INFO], r1, {'battery-level': '10.05'}, battery_charge, None, None
300.08, [INFO], r1, {'y': 17.641, 'x': -36.06, 'yaw': -3.137}, pose, None, None
310.00, [INFO], r1, {'y': 19.737, 'x': -36.234, 'yaw': -3.141}, pose, None, None
310.00, [INFO], r1, {'battery-level': '9.55'}, battery_charge, None, None
320.00, [INFO], r1, {'battery-level': '9.05'}, battery_charge, None, None
320.00, [INFO], r1, {'y': 21.85, 'x': -36.273, 'yaw': 3.142}, pose, None, None
330.08, [INFO], r1, {'y': 23.986, 'x': -36.304, 'yaw': 3.141}, pose, None, None
330.08, [INFO], r1, {'battery-level': '8.55'}, battery_charge, None, None
340.00, [INFO], r1, {'y': 26.084, 'x': -36.293, 'yaw': 3.14}, pose, None, None
340.00, [INFO], r1, {'battery-level': '8.05'}, battery_charge, None, None
350.10, [INFO], r1, {'y': 28.224, 'x': -36.369, 'yaw': 3.14}, pose, None, None
350.10, [INFO], r1, {'battery-level': '7.55'}, battery_charge, None, None
360.01, [INFO], r1, {'y': 30.337, 'x': -36.45, 'yaw': 3.141}, pose, None, None
360.01, [INFO], r1, {'battery-level': '7.05'}, battery_charge, None, None
370.01, [INFO], r1, {'battery-level': '6.55'}, battery_charge, None, None
370.01, [INFO], r1, {'y': 32.45, 'x': -36.623, 'yaw': 3.142}, pose, None, None
380.04, [INFO], r1, {'y': 34.566, 'x': -36.803, 'yaw': 3.142}, pose, None, None
380.04, [INFO], r1, {'battery-level': '6.05'}, battery_charge, None, None
390.05, [INFO], r1, {'battery-level': '5.55'}, battery_charge, None, None
390.05, [INFO], r1, {'y': 36.105, 'x': -36.964, 'yaw': -3.141}, pose, None, None
394.89, [INFO], r1, skill-success, None, navto, None
394.89, [INFO], r1, started skill, None, approach-arm, None
394.89, [INFO], r1, sent message, None, None, None
394.89, [INFO], r1, started skill, None, open-drawer, None
394.89, [INFO], r1, sent message, None, None, None
394.89, [INFO], r1, skill-success, None, open-drawer, None
394.89, [INFO], r1, started skill, None, pick-up-sample, None
394.89, [INFO], r1, sent message, None, None, None
394.89, [INFO], r1, skill-success, None, pick-up-sample, None
394.89, [INFO], r1, started skill, None, close-drawer, None
394.89, [INFO], r1, sent message, None, None, None
394.89, [INFO], r1, skill-success, None, close-drawer, None
394.89, [WARN], r1, SUCCESS, None, None, None
400.02, [INFO], r1, {'y': 36.101, 'x': -36.968, 'yaw': 3.142}, pose, None, None
400.02, [INFO], r1, {'battery-level': '5.05'}, battery_charge, None, None
402.09, [WARN], r1, LOWBATT, None, None, None
402.09, [WARN], None, end!, None, None, None
