9.56, [INFO], r1, started skill, None, navto, None
10.06, [INFO], r1, {'y': 33.98, 'x': -32.923, 'yaw': 3.141}, pose, None, None
10.06, [INFO], r1, {'battery-level': '49.55'}, battery_charge, None, None
20.09, [INFO], r1, {'y': 34.686, 'x': -34.935, 'yaw': -3.142}, pose, None, None
20.09, [INFO], r1, {'battery-level': '49.05'}, battery_charge, None, None
30.03, [INFO], r1, {'y': 33.484, 'x': -36.202, 'yaw': -3.142}, pose, None, None
30.03, [INFO], r1, {'battery-level': '48.55'}, battery_charge, None, None
40.06, [INFO], r1, {'y': 31.365, 'x': -36.202, 'yaw': 3.136}, pose, None, None
40.06, [INFO], r1, {'battery-level': '48.05'}, battery_charge, None, None
50.00, [INFO], r1, {'y': 29.271, 'x': -36.292, 'yaw': -3.142}, pose, None, None
50.00, [INFO], r1, {'battery-level': '47.55'}, battery_charge, None, None
60.04, [INFO], r1, {'battery-level': '47.05'}, battery_charge, None, None
60.04, [INFO], r1, {'y': 27.164, 'x': -36.407, 'yaw': 3.141}, pose, None, None
70.07, [INFO], r1, {'y': 25.042, 'x': -36.453, 'yaw': 3.141}, pose, None, None
70.07, [INFO], r1, {'battery-level': '46.55'}, battery_charge, None, None
80.10, [INFO], r1, {'y': 22.935, 'x': -36.559, 'yaw': 3.141}, pose, None, None
80.10, [INFO], r1, {'battery-level': '46.05'}, battery_charge, None, None
90.03, [INFO], r1, {'y': 20.843, 'x': -36.652, 'yaw': -3.142}, pose, None, None
90.03, [INFO], r1, {'battery-level': '45.55'}, battery_charge, None, None
100.07, [INFO], r1, {'battery-level': '45.05'}, battery_charge, None, None
100.07, [INFO], r1, {'y': 18.735, 'x': -36.721, 'yaw': 3.138}, pose, None, None
110.00, [INFO], r1, {'battery-level': '44.55'}, battery_charge, None, None
110.00, [INFO], r1, {'y': 16.642, 'x': -36.81, 'yaw': 3.14}, pose, None, None
120.03, [INFO], r1, {'y': 15.577, 'x': -35.313, 'yaw': -3.142}, pose, None, None
120.03, [INFO], r1, {'battery-level': '44.05'}, battery_charge, None, None
130.07, [INFO], r1, {'y': 15.505, 'x': -33.213, 'yaw': 3.142}, pose, None, None
130.07, [INFO], r1, {'battery-level': '43.55'}, battery_charge, None, None
140.10, [INFO], r1, {'y': 15.585, 'x': -31.088, 'yaw': 3.141}, pose, None, None
140.10, [INFO], r1, {'battery-level': '43.05'}, battery_charge, None, None
150.02, [INFO], r1, {'battery-level': '42.55'}, battery_charge, None, None
150.02, [INFO], r1, {'y': 15.747, 'x': -29.016, 'yaw': 3.141}, pose, None, None
160.06, [INFO], r1, {'y': 16.488, 'x': -27.187, 'yaw': -3.142}, pose, None, None
160.06, [INFO], r1, {'battery-level': '42.05'}, battery_charge, None, None
170.09, [INFO], r1, {'y': 17.949, 'x': -27.154, 'yaw': 3.142}, pose, None, None
170.09, [INFO], r1, {'battery-level': '41.55'}, battery_charge, None, None
180.02, [INFO], r1, {'y': 17.961, 'x': -27.232, 'yaw': -3.142}, pose, None, None
180.02, [INFO], r1, {'battery-level': '41.05'}, battery_charge, None, None
183.24, [INFO], r1, skill-success, None, navto, None
183.24, [INFO], r1, started skill, None, approach-nurse, None
183.24, [INFO], r1, sent message, None, None, None
183.24, [INFO], r1, skill-success, None, approach-nurse, None
183.24, [INFO], r1, started skill, None, authenticate-nurse, None
183.24, [INFO], r1, sent message, None, None, None
183.24, [INFO], r1, started skill, None, open-drawer, None
183.24, [INFO], r1, sent message, None, None, None
183.24, [INFO], r1, skill-success, None, open-drawer, None
183.24, [INFO], r1, started skill, None, deposit, None
183.24, [INFO], r1, sent message, None, None, None
183.24, [INFO], r1, skill-success, None, deposit, None
183.24, [INFO], r1, started skill, None, close-drawer, None
183.24, [INFO], r1, sent message, None, None, None
183.24, [INFO], r1, skill-success, None, close-drawer, None
183.24, [INFO], r1, started skill, None, navto, None
190.05, [INFO], r1, {'y': 16.569, 'x': -27.05, 'yaw': -3.142}, pose, None, None
190.05, [INFO], r1, {'battery-level': '40.55'}, battery_charge, None, None
200.08, [INFO], r1, {'battery-level': '40.05'}, battery_charge, None, None
200.08, [INFO], r1, {'y': 16.033, 'x': -28.826, 'yaw': -3.141}, pose, None, None
210.00, [INFO], r1, {'y': 15.998, 'x': -30.928, 'yaw': -3.142}, pose, None, None
210.00, [INFO], r1, {'battery-level': '39.55'}, battery_charge, None, None
220.03, [INFO], r1, {'battery-level': '39.05'}, battery_charge, None, None
220.03, [INFO], r1, {'y': 15.756, 'x': -33.036, 'yaw': 3.141}, pose, None, None
230.06, [INFO], r1, {'y': 15.517, 'x': -35.121, 'yaw': 3.142}, pose, None, None
230.06, [INFO], r1, {'battery-level': '38.55'}, battery_charge, None, None
240.09, [INFO], r1, {'y': 17.351, 'x': -36.077, 'yaw': 3.142}, pose, None, None
240.09, [INFO], r1, {'battery-level': '38.05'}, battery_charge, None, None
250.03, [INFO], r1, {'battery-level': '37.55'}, battery_charge, None, None
250.03, [INFO], r1, {'y': 19.455, 'x': -36.2, 'yaw': 3.142}, pose, None, None
260.06, [INFO], r1, {'battery-level': '37.05'}, battery_charge, None, None
260.06, [INFO], r1, {'y': 21.563, 'x': -36.253, 'yaw': 3.141}, pose, None, None
270.08, [INFO], r1, {'battery-level': '36.55'}, battery_charge, None, None
270.08, [INFO], r1, {'y': 23.68, 'x': -36.279, 'yaw': 3.141}, pose, None, None
280.01, [INFO], r1, {'y': 25.771, 'x': -36.234, 'yaw': 3.141}, pose, None, None
280.01, [INFO], r1, {'battery-level': '36.05'}, battery_charge, None, None
290.05, [INFO], r1, {'y': 27.887, 'x': -36.266, 'yaw': 3.141}, pose, None, None
290.05, [INFO], r1, {'battery-level': '35.55'}, battery_charge, None, None
300.08, [INFO], r1, {'y': 30.008, 'x': -36.343, 'yaw': -3.142}, pose, None, None
300.08, [INFO], r1, {'battery-level': '35.05'}, battery_charge, None, None
310.01, [INFO], r1, {'battery-level': '34.55'}, battery_charge, None, None
310.01, [INFO], r1, {'y': 32.106, 'x': -36.516, 'yaw': -3.142}, pose, None, None
320.05, [INFO], r1, {'y': 34.216, 'x': -36.825, 'yaw': 3.142}, pose, None, None
320.05, [INFO], r1, {'battery-level': '34.05'}, battery_charge, None, None
330.08, [INFO], r1, {'battery-level': '33.55'}, battery_charge, None, None
330.08, [INFO], r1, {'y': 36.033, 'x': -36.97, 'yaw': 3.142}, pose, None, None
335.90, [INFO], r1, skill-success, None, navto, None
335.90, [INFO], r1, started skill, None, approach-arm, None
335.90, [INFO], r1, sent message, None, None, None
335.90, [INFO], r1, skill-success, None, approach-arm, None
336.00, [INFO], r1, started skill, None, open-drawer, None
336.00, [INFO], r1, sent message, None, None, None
336.00, [INFO], r1, skill-success, None, open-drawer, None
336.00, [INFO], r1, started skill, None, pick-up-sample, None
336.00, [WARN], r1, SKILL-FAILURE, None, pick-up-sample, None
