9.27, [INFO], r1, started skill, None, navto, None
10.04, [INFO], r1, {'battery-level': '49.55'}, battery_charge, None, None
10.04, [INFO], r1, {'y': 33.985, 'x': -32.973, 'yaw': 3.141}, pose, None, None
20.04, [INFO], r1, {'y': 34.709, 'x': -34.984, 'yaw': 3.142}, pose, None, None
20.04, [INFO], r1, {'battery-level': '49.05'}, battery_charge, None, None
30.05, [INFO], r1, {'battery-level': '48.55'}, battery_charge, None, None
30.05, [INFO], r1, {'y': 33.444, 'x': -36.199, 'yaw': 3.142}, pose, None, None
40.09, [INFO], r1, {'y': 31.32, 'x': -36.213, 'yaw': 3.136}, pose, None, None
40.09, [INFO], r1, {'battery-level': '48.05'}, battery_charge, None, None
50.02, [INFO], r1, {'y': 29.215, 'x': -36.258, 'yaw': -3.142}, pose, None, None
50.02, [INFO], r1, {'battery-level': '47.55'}, battery_charge, None, None
60.09, [INFO], r1, {'y': 27.09, 'x': -36.37, 'yaw': 3.141}, pose, None, None
60.09, [INFO], r1, {'battery-level': '47.05'}, battery_charge, None, None
70.09, [INFO], r1, {'battery-level': '46.55'}, battery_charge, None, None
70.09, [INFO], r1, {'y': 24.971, 'x': -36.4, 'yaw': 3.141}, pose, None, None
80.08, [INFO], r1, {'y': 22.851, 'x': -36.529, 'yaw': 3.141}, pose, None, None
80.08, [INFO], r1, {'battery-level': '46.05'}, battery_charge, None, None
90.08, [INFO], r1, {'y': 20.729, 'x': -36.645, 'yaw': -3.142}, pose, None, None
90.08, [INFO], r1, {'battery-level': '45.55'}, battery_charge, None, None
100.04, [INFO], r1, {'y': 18.629, 'x': -36.736, 'yaw': 3.142}, pose, None, None
100.04, [INFO], r1, {'battery-level': '45.05'}, battery_charge, None, None
110.03, [INFO], r1, {'y': 16.516, 'x': -36.786, 'yaw': 3.141}, pose, None, None
110.03, [INFO], r1, {'battery-level': '44.55'}, battery_charge, None, None
120.02, [INFO], r1, {'y': 15.51, 'x': -35.104, 'yaw': -3.142}, pose, None, None
120.02, [INFO], r1, {'battery-level': '44.05'}, battery_charge, None, None
130.00, [INFO], r1, {'battery-level': '43.55'}, battery_charge, None, None
130.00, [INFO], r1, {'y': 15.435, 'x': -33.015, 'yaw': 3.141}, pose, None, None
140.08, [INFO], r1, {'battery-level': '43.05'}, battery_charge, None, None
140.08, [INFO], r1, {'y': 15.582, 'x': -30.883, 'yaw': -3.141}, pose, None, None
150.04, [INFO], r1, {'battery-level': '42.55'}, battery_charge, None, None
150.04, [INFO], r1, {'y': 15.763, 'x': -28.779, 'yaw': 3.141}, pose, None, None
160.03, [INFO], r1, {'y': 16.719, 'x': -27.11, 'yaw': -3.142}, pose, None, None
160.03, [INFO], r1, {'battery-level': '42.05'}, battery_charge, None, None
170.06, [INFO], r1, {'y': 17.964, 'x': -27.196, 'yaw': 3.141}, pose, None, None
170.06, [INFO], r1, {'battery-level': '41.55'}, battery_charge, None, None
174.66, [INFO], r1, skill-success, None, navto, None
174.66, [INFO], r1, started skill, None, approach-nurse, None
174.66, [INFO], r1, sent message, None, None, None
174.66, [INFO], r1, skill-success, None, approach-nurse, None
174.66, [INFO], r1, started skill, None, authenticate-nurse, None
174.66, [INFO], r1, sent message, None, None, None
174.66, [INFO], r1, skill-success, None, authenticate-nurse, None
174.66, [INFO], r1, started skill, None, open-drawer, None
174.66, [INFO], r1, sent message, None, None, None
174.66, [INFO], r1, skill-success, None, open-drawer, None
174.66, [INFO], r1, started skill, None, deposit, None
174.66, [INFO], r1, sent message, None, None, None
174.66, [INFO], r1, skill-success, None, deposit, None
174.66, [INFO], r1, started skill, None, close-drawer, None
174.66, [INFO], r1, sent message, None, None, None
174.66, [INFO], r1, skill-success, None, close-drawer, None
174.66, [INFO], r1, started skill, None, navto, None
180.03, [INFO], r1, {'y': 16.894, 'x': -27.065, 'yaw': 3.138}, pose, None, None
180.03, [INFO], r1, {'battery-level': '41.05'}, battery_charge, None, None
190.03, [INFO], r1, {'battery-level': '40.55'}, battery_charge, None, None
190.03, [INFO], r1, {'y': 16.108, 'x': -28.501, 'yaw': 3.142}, pose, None, None
200.07, [INFO], r1, {'battery-level': '40.05'}, battery_charge, None, None
200.07, [INFO], r1, {'y': 16.011, 'x': -30.621, 'yaw': -3.142}, pose, None, None
210.09, [INFO], r1, {'y': 15.811, 'x': -32.731, 'yaw': -3.141}, pose, None, None
210.09, [INFO], r1, {'battery-level': '39.55'}, battery_charge, None, None
220.01, [INFO], r1, {'y': 15.4, 'x': -34.818, 'yaw': 3.142}, pose, None, None
220.01, [INFO], r1, {'battery-level': '39.05'}, battery_charge, None, None
230.09, [INFO], r1, {'battery-level': '38.55'}, battery_charge, None, None
230.09, [INFO], r1, {'y': 16.992, 'x': -36.104, 'yaw': 3.142}, pose, None, None
240.07, [INFO], r1, {'y': 19.103, 'x': -36.177, 'yaw': -3.137}, pose, None, None
240.07, [INFO], r1, {'battery-level': '38.05'}, battery_charge, None, None
250.04, [INFO], r1, {'y': 21.203, 'x': -36.258, 'yaw': 3.141}, pose, None, None
250.04, [INFO], r1, {'battery-level': '37.55'}, battery_charge, None, None
260.08, [INFO], r1, {'y': 23.335, 'x': -36.305, 'yaw': 3.141}, pose, None, None
260.08, [INFO], r1, {'battery-level': '37.05'}, battery_charge, None, None
270.06, [INFO], r1, {'y': 25.444, 'x': -36.302, 'yaw': 3.141}, pose, None, None
270.06, [INFO], r1, {'battery-level': '36.55'}, battery_charge, None, None
280.06, [INFO], r1, {'battery-level': '36.05'}, battery_charge, None, None
280.06, [INFO], r1, {'y': 27.557, 'x': -36.345, 'yaw': 3.14}, pose, None, None
290.06, [INFO], r1, {'y': 29.665, 'x': -36.397, 'yaw': -3.142}, pose, None, None
290.06, [INFO], r1, {'battery-level': '35.55'}, battery_charge, None, None
300.06, [INFO], r1, {'battery-level': '35.05'}, battery_charge, None, None
300.06, [INFO], r1, {'y': 31.784, 'x': -36.584, 'yaw': 3.141}, pose, None, None
310.09, [INFO], r1, {'battery-level': '34.55'}, battery_charge, None, None
310.09, [INFO], r1, {'y': 33.908, 'x': -36.841, 'yaw': -3.142}, pose, None, None
320.02, [INFO], r1, {'y': 35.882, 'x': -36.907, 'yaw': 3.142}, pose, None, None
320.02, [INFO], r1, {'battery-level': '34.05'}, battery_charge, None, None
330.05, [INFO], r1, {'battery-level': '33.55'}, battery_charge, None, None
330.05, [INFO], r1, {'y': 36.149, 'x': -36.967, 'yaw': 3.141}, pose, None, None
335.35, [INFO], r1, skill-success, None, navto, None
335.35, [INFO], r1, started skill, None, approach-arm, None
335.35, [INFO], r1, sent message, None, None, None
335.35, [INFO], r1, skill-success, None, approach-arm, None
335.35, [INFO], r1, started skill, None, open-drawer, None
335.35, [INFO], r1, sent message, None, None, None
335.35, [INFO], r1, skill-success, None, open-drawer, None
335.35, [INFO], r1, started skill, None, pick-up-sample, None
335.35, [INFO], r1, sent message, None, None, None
335.35, [INFO], r1, skill-success, None, pick-up-sample, None
335.35, [INFO], r1, started skill, None, close-drawer, None
335.35, [INFO], r1, sent message, None, None, None
335.35, [INFO], r1, skill-success, None, close-drawer, None
335.35, [WARN], r1, SUCCESS, None, None, None
