0.19, [DEBUG], logger, ROBOTS_CONFIG={'capabilities': ['approach_person', 'approach_robot', 'authenticate_person', 'navigation', 'operate_drawer'], 'battery_charge': 0.5, 'nurse_pose': [-21.0, 18.0, -1.57], 'robot_pose': [-32.88, 33.98, 3.14]}, None, None, None
0.19, [DEBUG], logger, Simulation open, None, None, None
10.08, [INFO], r1, {'y': 33.98, 'x': -32.88, 'yaw': -3.142}, pose, None, None
10.08, [INFO], r1, {'battery-level': '49.55'}, battery_charge, None, None
10.88, [INFO], r1, started skill, None, navto, None
20.00, [INFO], r1, {'y': 34.629, 'x': -34.659, 'yaw': 3.142}, pose, None, None
20.00, [INFO], r1, {'battery-level': '49.05'}, battery_charge, None, None
30.05, [INFO], r1, {'y': 33.698, 'x': -36.188, 'yaw': 3.142}, pose, None, None
30.05, [INFO], r1, {'battery-level': '48.55'}, battery_charge, None, None
40.04, [INFO], r1, {'y': 31.582, 'x': -36.212, 'yaw': 3.142}, pose, None, None
40.04, [INFO], r1, {'battery-level': '48.05'}, battery_charge, None, None
50.05, [INFO], r1, {'y': 29.456, 'x': -36.255, 'yaw': 3.141}, pose, None, None
50.05, [INFO], r1, {'battery-level': '47.55'}, battery_charge, None, None
60.07, [INFO], r1, {'y': 27.346, 'x': -36.333, 'yaw': 3.141}, pose, None, None
60.07, [INFO], r1, {'battery-level': '47.05'}, battery_charge, None, None
70.06, [INFO], r1, {'y': 25.226, 'x': -36.444, 'yaw': 3.141}, pose, None, None
70.06, [INFO], r1, {'battery-level': '46.55'}, battery_charge, None, None
80.04, [INFO], r1, {'y': 23.108, 'x': -36.567, 'yaw': 3.141}, pose, None, None
80.04, [INFO], r1, {'battery-level': '46.05'}, battery_charge, None, None
90.05, [INFO], r1, {'y': 20.986, 'x': -36.648, 'yaw': 3.142}, pose, None, None
90.05, [INFO], r1, {'battery-level': '45.55'}, battery_charge, None, None
100.06, [INFO], r1, {'y': 18.88, 'x': -36.698, 'yaw': 3.141}, pose, None, None
100.06, [INFO], r1, {'battery-level': '45.05'}, battery_charge, None, None
110.08, [INFO], r1, {'battery-level': '44.55'}, battery_charge, None, None
110.08, [INFO], r1, {'y': 16.778, 'x': -36.742, 'yaw': -3.142}, pose, None, None
120.09, [INFO], r1, {'battery-level': '44.05'}, battery_charge, None, None
120.09, [INFO], r1, {'y': 15.636, 'x': -35.398, 'yaw': -3.142}, pose, None, None
130.08, [INFO], r1, {'battery-level': '43.55'}, battery_charge, None, None
130.08, [INFO], r1, {'y': 15.455, 'x': -33.297, 'yaw': -3.141}, pose, None, None
140.06, [INFO], r1, {'battery-level': '43.05'}, battery_charge, None, None
140.06, [INFO], r1, {'y': 15.578, 'x': -31.186, 'yaw': -3.141}, pose, None, None
150.03, [INFO], r1, {'battery-level': '42.55'}, battery_charge, None, None
150.03, [INFO], r1, {'y': 15.713, 'x': -29.086, 'yaw': 3.141}, pose, None, None
160.03, [INFO], r1, {'battery-level': '42.05'}, battery_charge, None, None
160.03, [INFO], r1, {'y': 15.946, 'x': -26.981, 'yaw': -3.142}, pose, None, None
170.01, [INFO], r1, {'y': 15.998, 'x': -24.865, 'yaw': 3.142}, pose, None, None
170.01, [INFO], r1, {'battery-level': '41.55'}, battery_charge, None, None
180.00, [INFO], r1, {'y': 16.049, 'x': -22.742, 'yaw': 3.141}, pose, None, None
180.00, [INFO], r1, {'battery-level': '41.05'}, battery_charge, None, None
190.02, [INFO], r1, {'y': 16.84, 'x': -20.887, 'yaw': -3.142}, pose, None, None
190.02, [INFO], r1, {'battery-level': '40.55'}, battery_charge, None, None
200.02, [INFO], r1, {'y': 17.942, 'x': -21.022, 'yaw': 3.141}, pose, None, None
200.02, [INFO], r1, {'battery-level': '40.05'}, battery_charge, None, None
208.43, [INFO], r1, skill-success, None, navto, None
208.43, [INFO], r1, started skill, None, approach-nurse, None
208.43, [INFO], r1, sent message, None, None, None
208.43, [INFO], r1, skill-success, None, approach-nurse, None
208.43, [INFO], r1, started skill, None, authenticate-nurse, None
208.43, [INFO], r1, started skill, None, open-drawer, None
208.43, [INFO], r1, sent message, None, None, None
208.43, [INFO], r1, skill-success, None, open-drawer, None
208.43, [INFO], r1, started skill, None, deposit, None
208.43, [INFO], r1, sent message, None, None, None
208.43, [INFO], r1, skill-success, None, deposit, None
208.43, [INFO], r1, started skill, None, close-drawer, None
208.43, [INFO], r1, sent message, None, None, None
208.43, [INFO], r1, skill-success, None, close-drawer, None
208.43, [INFO], r1, started skill, None, navto, None
210.01, [INFO], r1, {'y': 17.727, 'x': -21.102, 'yaw': -3.142}, pose, None, None
210.01, [INFO], r1, {'battery-level': '39.55'}, battery_charge, None, None
220.02, [INFO], r1, {'y': 16.263, 'x': -22.15, 'yaw': -3.142}, pose, None, None
220.02, [INFO], r1, {'battery-level': '39.05'}, battery_charge, None, None
230.01, [INFO], r1, {'y': 16.102, 'x': -24.251, 'yaw': 3.141}, pose, None, None
230.01, [INFO], r1, {'battery-level': '38.55'}, battery_charge, None, None
240.10, [INFO], r1, {'battery-level': '38.05'}, battery_charge, None, None
240.10, [INFO], r1, {'y': 16.028, 'x': -26.396, 'yaw': 3.142}, pose, None, None
250.08, [INFO], r1, {'y': 16.032, 'x': -28.508, 'yaw': 3.142}, pose, None, None
250.08, [INFO], r1, {'battery-level': '37.55'}, battery_charge, None, None
260.06, [INFO], r1, {'y': 15.986, 'x': -30.625, 'yaw': 3.142}, pose, None, None
260.06, [INFO], r1, {'battery-level': '37.05'}, battery_charge, None, None
270.06, [INFO], r1, {'y': 15.764, 'x': -32.743, 'yaw': 3.142}, pose, None, None
270.06, [INFO], r1, {'battery-level': '36.55'}, battery_charge, None, None
280.06, [INFO], r1, {'y': 15.447, 'x': -34.85, 'yaw': -3.141}, pose, None, None
280.06, [INFO], r1, {'battery-level': '36.05'}, battery_charge, None, None
290.07, [INFO], r1, {'y': 17.106, 'x': -36.057, 'yaw': -3.142}, pose, None, None
290.07, [INFO], r1, {'battery-level': '35.55'}, battery_charge, None, None
300.08, [INFO], r1, {'y': 19.233, 'x': -36.166, 'yaw': 3.138}, pose, None, None
300.08, [INFO], r1, {'battery-level': '35.05'}, battery_charge, None, None
310.09, [INFO], r1, {'y': 21.356, 'x': -36.257, 'yaw': 3.141}, pose, None, None
310.09, [INFO], r1, {'battery-level': '34.55'}, battery_charge, None, None
320.09, [INFO], r1, {'y': 23.477, 'x': -36.295, 'yaw': 3.141}, pose, None, None
320.09, [INFO], r1, {'battery-level': '34.05'}, battery_charge, None, None
330.01, [INFO], r1, {'y': 25.588, 'x': -36.271, 'yaw': 3.141}, pose, None, None
330.01, [INFO], r1, {'battery-level': '33.55'}, battery_charge, None, None
340.01, [INFO], r1, {'y': 27.71, 'x': -36.346, 'yaw': 3.141}, pose, None, None
340.01, [INFO], r1, {'battery-level': '33.05'}, battery_charge, None, None
350.03, [INFO], r1, {'y': 29.84, 'x': -36.36, 'yaw': 3.142}, pose, None, None
350.03, [INFO], r1, {'battery-level': '32.55'}, battery_charge, None, None
360.03, [INFO], r1, {'y': 31.951, 'x': -36.517, 'yaw': 3.141}, pose, None, None
360.03, [INFO], r1, {'battery-level': '32.05'}, battery_charge, None, None
370.06, [INFO], r1, {'y': 34.052, 'x': -36.911, 'yaw': -3.142}, pose, None, None
370.06, [INFO], r1, {'battery-level': '31.55'}, battery_charge, None, None
380.07, [INFO], r1, {'battery-level': '31.05'}, battery_charge, None, None
380.07, [INFO], r1, {'y': 36.049, 'x': -36.979, 'yaw': 3.141}, pose, None, None
387.53, [INFO], r1, skill-success, None, navto, None
387.53, [INFO], r1, started skill, None, approach-arm, None
387.53, [INFO], r1, sent message, None, None, None
387.53, [INFO], r1, skill-success, None, approach-arm, None
387.53, [INFO], r1, started skill, None, open-drawer, None
387.53, [INFO], r1, sent message, None, None, None
387.53, [INFO], r1, skill-success, None, open-drawer, None
387.53, [INFO], r1, started skill, None, pick-up-sample, None
387.53, [INFO], r1, sent message, None, None, None
387.53, [INFO], r1, skill-success, None, pick-up-sample, None
387.53, [INFO], r1, started skill, None, close-drawer, None
387.53, [INFO], r1, sent message, None, None, None
387.53, [INFO], r1, skill-success, None, close-drawer, None
387.53, [WARN], r1, SUCCESS, None, None, None
390.08, [INFO], r1, {'y': 36.147, 'x': -37.0, 'yaw': -3.142}, pose, None, None
390.08, [INFO], r1, {'battery-level': '30.55'}, battery_charge, None, None
