9.47, [INFO], r1, started skill, None, navto, None
10.04, [INFO], r1, {'y': 33.982, 'x': -32.945, 'yaw': 3.141}, pose, None, None
10.04, [INFO], r1, {'battery-level': '49.55'}, battery_charge, None, None
20.00, [INFO], r1, {'y': 34.645, 'x': -34.959, 'yaw': -3.142}, pose, None, None
20.00, [INFO], r1, {'battery-level': '49.05'}, battery_charge, None, None
30.06, [INFO], r1, {'y': 33.386, 'x': -36.205, 'yaw': 3.142}, pose, None, None
30.06, [INFO], r1, {'battery-level': '48.55'}, battery_charge, None, None
40.04, [INFO], r1, {'y': 31.286, 'x': -36.243, 'yaw': 3.141}, pose, None, None
40.04, [INFO], r1, {'battery-level': '48.05'}, battery_charge, None, None
50.01, [INFO], r1, {'y': 29.18, 'x': -36.322, 'yaw': -3.142}, pose, None, None
50.01, [INFO], r1, {'battery-level': '47.55'}, battery_charge, None, None
60.09, [INFO], r1, {'y': 27.044, 'x': -36.406, 'yaw': 3.141}, pose, None, None
60.09, [INFO], r1, {'battery-level': '47.05'}, battery_charge, None, None
70.03, [INFO], r1, {'battery-level': '46.55'}, battery_charge, None, None
70.03, [INFO], r1, {'y': 24.944, 'x': -36.532, 'yaw': 3.14}, pose, None, None
80.06, [INFO], r1, {'y': 22.82, 'x': -36.616, 'yaw': 3.141}, pose, None, None
80.06, [INFO], r1, {'battery-level': '46.05'}, battery_charge, None, None
90.07, [INFO], r1, {'y': 20.707, 'x': -36.731, 'yaw': 3.141}, pose, None, None
90.07, [INFO], r1, {'battery-level': '45.55'}, battery_charge, None, None
100.00, [INFO], r1, {'y': 18.599, 'x': -36.725, 'yaw': 3.141}, pose, None, None
100.00, [INFO], r1, {'battery-level': '45.05'}, battery_charge, None, None
110.02, [INFO], r1, {'y': 16.49, 'x': -36.791, 'yaw': 3.141}, pose, None, None
110.02, [INFO], r1, {'battery-level': '44.55'}, battery_charge, None, None
120.02, [INFO], r1, {'battery-level': '44.05'}, battery_charge, None, None
120.02, [INFO], r1, {'y': 15.547, 'x': -35.072, 'yaw': -3.142}, pose, None, None
130.05, [INFO], r1, {'y': 15.56, 'x': -32.955, 'yaw': -3.141}, pose, None, None
130.05, [INFO], r1, {'battery-level': '43.55'}, battery_charge, None, None
140.04, [INFO], r1, {'y': 15.598, 'x': -30.831, 'yaw': 3.141}, pose, None, None
140.04, [INFO], r1, {'battery-level': '43.05'}, battery_charge, None, None
150.05, [INFO], r1, {'y': 15.731, 'x': -28.714, 'yaw': 3.14}, pose, None, None
150.05, [INFO], r1, {'battery-level': '42.55'}, battery_charge, None, None
160.03, [INFO], r1, {'y': 16.073, 'x': -26.628, 'yaw': -3.138}, pose, None, None
160.03, [INFO], r1, {'battery-level': '42.05'}, battery_charge, None, None
170.04, [INFO], r1, {'battery-level': '41.55'}, battery_charge, None, None
170.04, [INFO], r1, {'y': 16.151, 'x': -24.53, 'yaw': -3.141}, pose, None, None
180.03, [INFO], r1, {'battery-level': '41.05'}, battery_charge, None, None
180.03, [INFO], r1, {'y': 16.156, 'x': -22.416, 'yaw': 3.142}, pose, None, None
190.03, [INFO], r1, {'y': 17.07, 'x': -20.81, 'yaw': 3.138}, pose, None, None
190.03, [INFO], r1, {'battery-level': '40.55'}, battery_charge, None, None
200.02, [INFO], r1, {'y': 17.925, 'x': -21.051, 'yaw': -3.142}, pose, None, None
200.02, [INFO], r1, {'battery-level': '40.05'}, battery_charge, None, None
210.08, [INFO], r1, {'y': 18.037, 'x': -21.164, 'yaw': -3.142}, pose, None, None
210.08, [INFO], r1, {'battery-level': '39.55'}, battery_charge, None, None
213.94, [INFO], r1, skill-success, None, navto, None
213.94, [INFO], r1, started skill, None, approach-nurse, None
213.94, [INFO], r1, sent message, None, None, None
213.94, [INFO], r1, skill-success, None, approach-nurse, None
213.94, [INFO], r1, started skill, None, open-drawer, None
213.94, [INFO], r1, sent message, None, None, None
213.94, [INFO], r1, skill-success, None, open-drawer, None
213.94, [INFO], r1, started skill, None, deposit, None
213.94, [INFO], r1, sent message, None, None, None
213.94, [INFO], r1, skill-success, None, deposit, None
213.94, [INFO], r1, started skill, None, close-drawer, None
213.94, [INFO], r1, sent message, None, None, None
213.94, [INFO], r1, skill-success, None, close-drawer, None
213.94, [INFO], r1, started skill, None, navto, None
220.06, [INFO], r1, {'y': 16.799, 'x': -21.084, 'yaw': -3.141}, pose, None, None
220.06, [INFO], r1, {'battery-level': '39.05'}, battery_charge, None, None
230.08, [INFO], r1, {'y': 16.2, 'x': -23.013, 'yaw': 3.141}, pose, None, None
230.08, [INFO], r1, {'battery-level': '38.55'}, battery_charge, None, None
240.09, [INFO], r1, {'y': 16.139, 'x': -25.127, 'yaw': -3.141}, pose, None, None
240.09, [INFO], r1, {'battery-level': '38.05'}, battery_charge, None, None
250.07, [INFO], r1, {'battery-level': '37.55'}, battery_charge, None, None
250.07, [INFO], r1, {'y': 15.907, 'x': -27.219, 'yaw': 3.137}, pose, None, None
260.08, [INFO], r1, {'y': 15.988, 'x': -29.342, 'yaw': 3.142}, pose, None, None
260.08, [INFO], r1, {'battery-level': '37.05'}, battery_charge, None, None
270.00, [INFO], r1, {'battery-level': '36.55'}, battery_charge, None, None
270.00, [INFO], r1, {'y': 15.818, 'x': -31.443, 'yaw': 3.141}, pose, None, None
280.07, [INFO], r1, {'y': 15.608, 'x': -33.552, 'yaw': -3.141}, pose, None, None
280.07, [INFO], r1, {'battery-level': '36.05'}, battery_charge, None, None
290.09, [INFO], r1, {'y': 15.971, 'x': -35.521, 'yaw': 3.142}, pose, None, None
290.09, [INFO], r1, {'battery-level': '35.55'}, battery_charge, None, None
300.05, [INFO], r1, {'battery-level': '35.05'}, battery_charge, None, None
300.05, [INFO], r1, {'y': 17.927, 'x': -36.05, 'yaw': 3.141}, pose, None, None
310.05, [INFO], r1, {'battery-level': '34.55'}, battery_charge, None, None
310.05, [INFO], r1, {'y': 20.044, 'x': -36.246, 'yaw': 3.142}, pose, None, None
320.06, [INFO], r1, {'y': 22.16, 'x': -36.326, 'yaw': 3.14}, pose, None, None
320.06, [INFO], r1, {'battery-level': '34.05'}, battery_charge, None, None
330.07, [INFO], r1, {'battery-level': '33.55'}, battery_charge, None, None
330.07, [INFO], r1, {'y': 24.277, 'x': -36.313, 'yaw': -3.141}, pose, None, None
340.07, [INFO], r1, {'y': 26.387, 'x': -36.295, 'yaw': -3.142}, pose, None, None
340.07, [INFO], r1, {'battery-level': '33.05'}, battery_charge, None, None
350.07, [INFO], r1, {'battery-level': '32.55'}, battery_charge, None, None
350.07, [INFO], r1, {'y': 28.497, 'x': -36.334, 'yaw': -3.142}, pose, None, None
360.00, [INFO], r1, {'y': 30.598, 'x': -36.405, 'yaw': 3.141}, pose, None, None
360.00, [INFO], r1, {'battery-level': '32.05'}, battery_charge, None, None
370.04, [INFO], r1, {'y': 32.717, 'x': -36.657, 'yaw': 3.142}, pose, None, None
370.04, [INFO], r1, {'battery-level': '31.55'}, battery_charge, None, None
380.09, [INFO], r1, {'battery-level': '31.05'}, battery_charge, None, None
380.09, [INFO], r1, {'y': 34.836, 'x': -36.903, 'yaw': 3.141}, pose, None, None
390.04, [INFO], r1, {'y': 36.048, 'x': -36.955, 'yaw': -3.141}, pose, None, None
390.04, [INFO], r1, {'battery-level': '30.55'}, battery_charge, None, None
393.62, [INFO], r1, skill-success, None, navto, None
393.62, [INFO], r1, started skill, None, approach-arm, None
393.62, [WARN], r1, SKILL-FAILURE, None, approach-arm, None
