9.30, [INFO], r1, started skill, None, navto, None
10.00, [INFO], r1, {'battery-level': '49.55'}, battery_charge, None, None
10.00, [INFO], r1, {'y': 33.985, 'x': -32.973, 'yaw': 3.141}, pose, None, None
20.04, [INFO], r1, {'y': 34.668, 'x': -35.009, 'yaw': -3.141}, pose, None, None
20.04, [INFO], r1, {'battery-level': '49.05'}, battery_charge, None, None
30.07, [INFO], r1, {'y': 33.371, 'x': -36.197, 'yaw': -3.142}, pose, None, None
30.07, [INFO], r1, {'battery-level': '48.55'}, battery_charge, None, None
40.01, [INFO], r1, {'battery-level': '48.05'}, battery_charge, None, None
40.01, [INFO], r1, {'y': 31.285, 'x': -36.2, 'yaw': -3.141}, pose, None, None
50.04, [INFO], r1, {'battery-level': '47.55'}, battery_charge, None, None
50.04, [INFO], r1, {'y': 29.172, 'x': -36.295, 'yaw': -3.142}, pose, None, None
60.08, [INFO], r1, {'y': 27.065, 'x': -36.4, 'yaw': 3.141}, pose, None, None
60.08, [INFO], r1, {'battery-level': '47.05'}, battery_charge, None, None
70.01, [INFO], r1, {'y': 24.973, 'x': -36.449, 'yaw': 3.14}, pose, None, None
70.01, [INFO], r1, {'battery-level': '46.55'}, battery_charge, None, None
80.05, [INFO], r1, {'y': 22.864, 'x': -36.528, 'yaw': 3.14}, pose, None, None
80.05, [INFO], r1, {'battery-level': '46.05'}, battery_charge, None, None
90.07, [INFO], r1, {'y': 20.75, 'x': -36.659, 'yaw': 3.142}, pose, None, None
90.07, [INFO], r1, {'battery-level': '45.55'}, battery_charge, None, None
100.01, [INFO], r1, {'y': 18.657, 'x': -36.703, 'yaw': 3.138}, pose, None, None
100.01, [INFO], r1, {'battery-level': '45.05'}, battery_charge, None, None
110.04, [INFO], r1, {'y': 16.545, 'x': -36.794, 'yaw': 3.141}, pose, None, None
110.04, [INFO], r1, {'battery-level': '44.55'}, battery_charge, None, None
120.08, [INFO], r1, {'y': 15.538, 'x': -35.2, 'yaw': 3.14}, pose, None, None
120.08, [INFO], r1, {'battery-level': '44.05'}, battery_charge, None, None
130.01, [INFO], r1, {'y': 15.454, 'x': -33.115, 'yaw': 3.142}, pose, None, None
130.01, [INFO], r1, {'battery-level': '43.55'}, battery_charge, None, None
140.04, [INFO], r1, {'y': 15.498, 'x': -30.992, 'yaw': 3.14}, pose, None, None
140.04, [INFO], r1, {'battery-level': '43.05'}, battery_charge, None, None
150.08, [INFO], r1, {'y': 15.708, 'x': -28.884, 'yaw': -3.141}, pose, None, None
150.08, [INFO], r1, {'battery-level': '42.55'}, battery_charge, None, None
160.01, [INFO], r1, {'y': 16.013, 'x': -26.794, 'yaw': 3.141}, pose, None, None
160.01, [INFO], r1, {'battery-level': '42.05'}, battery_charge, None, None
170.04, [INFO], r1, {'y': 15.994, 'x': -24.669, 'yaw': 3.142}, pose, None, None
170.04, [INFO], r1, {'battery-level': '41.55'}, battery_charge, None, None
180.07, [INFO], r1, {'y': 16.041, 'x': -22.553, 'yaw': 3.142}, pose, None, None
180.07, [INFO], r1, {'battery-level': '41.05'}, battery_charge, None, None
190.01, [INFO], r1, {'y': 16.88, 'x': -20.767, 'yaw': 3.139}, pose, None, None
190.01, [INFO], r1, {'battery-level': '40.55'}, battery_charge, None, None
200.04, [INFO], r1, {'y': 18.007, 'x': -21.045, 'yaw': 3.142}, pose, None, None
200.04, [INFO], r1, {'battery-level': '40.05'}, battery_charge, None, None
210.07, [INFO], r1, {'y': 18.002, 'x': -21.096, 'yaw': 3.142}, pose, None, None
210.07, [INFO], r1, {'battery-level': '39.55'}, battery_charge, None, None
210.37, [INFO], r1, skill-success, None, navto, None
210.37, [INFO], r1, started skill, None, approach-nurse, None
210.37, [INFO], r1, sent message, None, None, None
210.37, [INFO], r1, skill-success, None, approach-nurse, None
210.37, [INFO], r1, started skill, None, open-drawer, None
210.37, [INFO], r1, sent message, None, None, None
210.37, [INFO], r1, skill-success, None, open-drawer, None
210.37, [INFO], r1, started skill, None, deposit, None
210.37, [INFO], r1, sent message, None, None, None
210.37, [INFO], r1, skill-success, None, deposit, None
210.37, [INFO], r1, started skill, None, close-drawer, None
210.37, [INFO], r1, sent message, None, None, None
210.37, [INFO], r1, skill-success, None, close-drawer, None
210.37, [INFO], r1, started skill, None, navto, None
220.00, [INFO], r1, {'battery-level': '39.05'}, battery_charge, None, None
220.00, [INFO], r1, {'y': 16.329, 'x': -21.684, 'yaw': -3.142}, pose, None, None
230.03, [INFO], r1, {'battery-level': '38.55'}, battery_charge, None, None
230.03, [INFO], r1, {'y': 16.128, 'x': -23.793, 'yaw': -3.142}, pose, None, None
240.06, [INFO], r1, {'y': 16.09, 'x': -25.921, 'yaw': -3.141}, pose, None, None
240.06, [INFO], r1, {'battery-level': '38.05'}, battery_charge, None, None
250.09, [INFO], r1, {'y': 16.067, 'x': -28.03, 'yaw': -3.14}, pose, None, None
250.09, [INFO], r1, {'battery-level': '37.55'}, battery_charge, None, None
260.01, [INFO], r1, {'y': 16.139, 'x': -30.106, 'yaw': 3.142}, pose, None, None
260.01, [INFO], r1, {'battery-level': '37.05'}, battery_charge, None, None
270.04, [INFO], r1, {'battery-level': '36.55'}, battery_charge, None, None
270.04, [INFO], r1, {'y': 15.909, 'x': -32.232, 'yaw': -3.141}, pose, None, None
280.07, [INFO], r1, {'y': 15.419, 'x': -34.33, 'yaw': 3.141}, pose, None, None
280.07, [INFO], r1, {'battery-level': '36.05'}, battery_charge, None, None
290.00, [INFO], r1, {'y': 16.538, 'x': -36.0, 'yaw': 3.142}, pose, None, None
290.00, [INFO], r1, {'battery-level': '35.55'}, battery_charge, None, None
300.04, [INFO], r1, {'y': 18.648, 'x': -36.147, 'yaw': -3.142}, pose, None, None
300.04, [INFO], r1, {'battery-level': '35.05'}, battery_charge, None, None
310.08, [INFO], r1, {'y': 20.77, 'x': -36.224, 'yaw': -3.142}, pose, None, None
310.08, [INFO], r1, {'battery-level': '34.55'}, battery_charge, None, None
320.02, [INFO], r1, {'y': 22.855, 'x': -36.322, 'yaw': -3.142}, pose, None, None
320.02, [INFO], r1, {'battery-level': '34.05'}, battery_charge, None, None
330.05, [INFO], r1, {'y': 24.963, 'x': -36.304, 'yaw': -3.141}, pose, None, None
330.05, [INFO], r1, {'battery-level': '33.55'}, battery_charge, None, None
340.09, [INFO], r1, {'battery-level': '33.05'}, battery_charge, None, None
340.09, [INFO], r1, {'y': 27.08, 'x': -36.327, 'yaw': -3.142}, pose, None, None
350.02, [INFO], r1, {'y': 29.177, 'x': -36.382, 'yaw': 3.136}, pose, None, None
350.02, [INFO], r1, {'battery-level': '32.55'}, battery_charge, None, None
360.06, [INFO], r1, {'y': 31.294, 'x': -36.522, 'yaw': 3.141}, pose, None, None
360.06, [INFO], r1, {'battery-level': '32.05'}, battery_charge, None, None
370.09, [INFO], r1, {'y': 33.412, 'x': -36.791, 'yaw': 3.141}, pose, None, None
370.09, [INFO], r1, {'battery-level': '31.55'}, battery_charge, None, None
380.01, [INFO], r1, {'y': 35.485, 'x': -36.948, 'yaw': -3.14}, pose, None, None
380.01, [INFO], r1, {'battery-level': '31.05'}, battery_charge, None, None
390.05, [INFO], r1, {'battery-level': '30.55'}, battery_charge, None, None
390.05, [INFO], r1, {'y': 36.021, 'x': -36.97, 'yaw': 3.142}, pose, None, None
391.75, [INFO], r1, skill-success, None, navto, None
391.75, [INFO], r1, started skill, None, approach-arm, None
391.75, [INFO], r1, sent message, None, None, None
391.75, [INFO], r1, skill-success, None, approach-arm, None
391.75, [INFO], r1, started skill, None, open-drawer, None
391.75, [INFO], r1, sent message, None, None, None
391.75, [INFO], r1, skill-success, None, open-drawer, None
391.75, [INFO], r1, started skill, None, pick-up-sample, None
391.75, [INFO], r1, sent message, None, None, None
391.75, [INFO], r1, skill-success, None, pick-up-sample, None
391.75, [INFO], r1, started skill, None, close-drawer, None
391.75, [INFO], r1, sent message, None, None, None
391.75, [INFO], r1, skill-success, None, close-drawer, None
391.75, [WARN], r1, SUCCESS, None, None, None
