9.31, [INFO], r1, started skill, None, navto, None
10.10, [INFO], r1, {'y': 33.983, 'x': -32.958, 'yaw': 3.141}, pose, None, None
10.10, [INFO], r1, {'battery-level': '49.55'}, battery_charge, None, None
20.01, [INFO], r1, {'battery-level': '49.05'}, battery_charge, None, None
20.01, [INFO], r1, {'y': 34.667, 'x': -34.963, 'yaw': 3.14}, pose, None, None
30.06, [INFO], r1, {'battery-level': '48.55'}, battery_charge, None, None
30.06, [INFO], r1, {'y': 33.379, 'x': -36.178, 'yaw': 3.142}, pose, None, None
40.00, [INFO], r1, {'battery-level': '48.05'}, battery_charge, None, None
40.00, [INFO], r1, {'y': 31.267, 'x': -36.205, 'yaw': -3.141}, pose, None, None
50.05, [INFO], r1, {'y': 29.142, 'x': -36.336, 'yaw': 3.142}, pose, None, None
50.05, [INFO], r1, {'battery-level': '47.55'}, battery_charge, None, None
60.00, [INFO], r1, {'battery-level': '47.05'}, battery_charge, None, None
60.00, [INFO], r1, {'y': 27.021, 'x': -36.392, 'yaw': 3.141}, pose, None, None
70.04, [INFO], r1, {'y': 24.893, 'x': -36.475, 'yaw': 3.14}, pose, None, None
70.04, [INFO], r1, {'battery-level': '46.55'}, battery_charge, None, None
80.03, [INFO], r1, {'y': 22.775, 'x': -36.61, 'yaw': 3.141}, pose, None, None
80.03, [INFO], r1, {'battery-level': '46.05'}, battery_charge, None, None
90.02, [INFO], r1, {'y': 20.651, 'x': -36.747, 'yaw': 3.142}, pose, None, None
90.02, [INFO], r1, {'battery-level': '45.55'}, battery_charge, None, None
100.03, [INFO], r1, {'y': 18.534, 'x': -36.745, 'yaw': 3.142}, pose, None, None
100.03, [INFO], r1, {'battery-level': '45.05'}, battery_charge, None, None
110.07, [INFO], r1, {'battery-level': '44.55'}, battery_charge, None, None
110.07, [INFO], r1, {'y': 16.406, 'x': -36.794, 'yaw': 3.141}, pose, None, None
120.06, [INFO], r1, {'battery-level': '44.05'}, battery_charge, None, None
120.06, [INFO], r1, {'y': 15.52, 'x': -35.038, 'yaw': 3.141}, pose, None, None
130.01, [INFO], r1, {'y': 15.497, 'x': -32.948, 'yaw': -3.141}, pose, None, None
130.01, [INFO], r1, {'battery-level': '43.55'}, battery_charge, None, None
140.01, [INFO], r1, {'y': 15.555, 'x': -30.82, 'yaw': -3.141}, pose, None, None
140.01, [INFO], r1, {'battery-level': '43.05'}, battery_charge, None, None
150.08, [INFO], r1, {'y': 15.768, 'x': -28.692, 'yaw': 3.141}, pose, None, None
150.08, [INFO], r1, {'battery-level': '42.55'}, battery_charge, None, None
160.07, [INFO], r1, {'y': 15.983, 'x': -26.58, 'yaw': -3.139}, pose, None, None
160.07, [INFO], r1, {'battery-level': '42.05'}, battery_charge, None, None
170.05, [INFO], r1, {'y': 15.972, 'x': -24.459, 'yaw': 3.141}, pose, None, None
170.05, [INFO], r1, {'battery-level': '41.55'}, battery_charge, None, None
180.02, [INFO], r1, {'y': 16.008, 'x': -22.335, 'yaw': -3.142}, pose, None, None
180.02, [INFO], r1, {'battery-level': '41.05'}, battery_charge, None, None
190.01, [INFO], r1, {'y': 16.277, 'x': -20.216, 'yaw': -3.142}, pose, None, None
190.01, [INFO], r1, {'battery-level': '40.55'}, battery_charge, None, None
200.07, [INFO], r1, {'y': 17.81, 'x': -19.091, 'yaw': 3.141}, pose, None, None
200.07, [INFO], r1, {'battery-level': '40.05'}, battery_charge, None, None
210.04, [INFO], r1, {'y': 17.973, 'x': -18.945, 'yaw': 3.141}, pose, None, None
210.04, [INFO], r1, {'battery-level': '39.55'}, battery_charge, None, None
220.02, [INFO], r1, {'battery-level': '39.05'}, battery_charge, None, None
220.02, [INFO], r1, {'y': 18.035, 'x': -19.01, 'yaw': 3.141}, pose, None, None
222.43, [INFO], r1, skill-success, None, navto, None
222.43, [INFO], r1, started skill, None, approach-nurse, None
222.43, [INFO], r1, sent message, None, None, None
222.53, [INFO], r1, skill-success, None, approach-nurse, None
222.53, [INFO], r1, started skill, None, open-drawer, None
222.53, [INFO], r1, sent message, None, None, None
222.53, [INFO], r1, skill-success, None, open-drawer, None
222.53, [INFO], r1, started skill, None, deposit, None
222.53, [INFO], r1, sent message, None, None, None
222.53, [INFO], r1, skill-success, None, deposit, None
222.53, [INFO], r1, started skill, None, close-drawer, None
222.53, [INFO], r1, sent message, None, None, None
222.53, [INFO], r1, skill-success, None, close-drawer, None
222.53, [INFO], r1, started skill, None, navto, None
230.02, [INFO], r1, {'y': 16.651, 'x': -19.645, 'yaw': 3.142}, pose, None, None
230.02, [INFO], r1, {'battery-level': '38.55'}, battery_charge, None, None
240.03, [INFO], r1, {'battery-level': '38.05'}, battery_charge, None, None
240.03, [INFO], r1, {'y': 16.34, 'x': -21.674, 'yaw': -3.142}, pose, None, None
250.09, [INFO], r1, {'y': 16.127, 'x': -23.808, 'yaw': 3.141}, pose, None, None
250.09, [INFO], r1, {'battery-level': '37.55'}, battery_charge, None, None
260.00, [INFO], r1, {'battery-level': '37.05'}, battery_charge, None, None
260.00, [INFO], r1, {'y': 16.083, 'x': -25.892, 'yaw': 3.141}, pose, None, None
270.01, [INFO], r1, {'y': 15.983, 'x': -28.005, 'yaw': -3.139}, pose, None, None
270.01, [INFO], r1, {'battery-level': '36.55'}, battery_charge, None, None
280.03, [INFO], r1, {'battery-level': '36.05'}, battery_charge, None, None
280.03, [INFO], r1, {'y': 16.009, 'x': -30.116, 'yaw': 3.139}, pose, None, None
290.04, [INFO], r1, {'y': 15.904, 'x': -32.236, 'yaw': 3.141}, pose, None, None
290.04, [INFO], r1, {'battery-level': '35.55'}, battery_charge, None, None
300.07, [INFO], r1, {'battery-level': '35.05'}, battery_charge, None, None
300.07, [INFO], r1, {'y': 15.402, 'x': -34.323, 'yaw': 3.141}, pose, None, None
310.08, [INFO], r1, {'battery-level': '34.55'}, battery_charge, None, None
310.08, [INFO], r1, {'y': 16.582, 'x': -35.952, 'yaw': -3.142}, pose, None, None
320.09, [INFO], r1, {'y': 18.694, 'x': -36.133, 'yaw': -3.142}, pose, None, None
320.09, [INFO], r1, {'battery-level': '34.05'}, battery_charge, None, None
330.01, [INFO], r1, {'y': 20.778, 'x': -36.212, 'yaw': 3.142}, pose, None, None
330.01, [INFO], r1, {'battery-level': '33.55'}, battery_charge, None, None
340.01, [INFO], r1, {'battery-level': '33.05'}, battery_charge, None, None
340.01, [INFO], r1, {'y': 22.893, 'x': -36.355, 'yaw': 3.141}, pose, None, None
350.06, [INFO], r1, {'y': 25.007, 'x': -36.289, 'yaw': 3.14}, pose, None, None
350.06, [INFO], r1, {'battery-level': '32.55'}, battery_charge, None, None
360.07, [INFO], r1, {'y': 27.122, 'x': -36.355, 'yaw': 3.141}, pose, None, None
360.07, [INFO], r1, {'battery-level': '32.05'}, battery_charge, None, None
370.02, [INFO], r1, {'y': 29.217, 'x': -36.361, 'yaw': 3.14}, pose, None, None
370.02, [INFO], r1, {'battery-level': '31.55'}, battery_charge, None, None
380.05, [INFO], r1, {'y': 31.325, 'x': -36.493, 'yaw': 3.142}, pose, None, None
380.05, [INFO], r1, {'battery-level': '31.05'}, battery_charge, None, None
390.09, [INFO], r1, {'y': 33.446, 'x': -36.802, 'yaw': 3.142}, pose, None, None
390.09, [INFO], r1, {'battery-level': '30.55'}, battery_charge, None, None
400.01, [INFO], r1, {'y': 35.529, 'x': -36.947, 'yaw': -3.141}, pose, None, None
400.01, [INFO], r1, {'battery-level': '30.05'}, battery_charge, None, None
410.07, [INFO], r1, {'y': 35.992, 'x': -37.001, 'yaw': -3.142}, pose, None, None
410.07, [INFO], r1, {'battery-level': '29.55'}, battery_charge, None, None
410.65, [INFO], r1, skill-success, None, navto, None
410.65, [INFO], r1, started skill, None, approach-arm, None
410.65, [INFO], r1, sent message, None, None, None
410.65, [INFO], r1, skill-success, None, approach-arm, None
410.65, [INFO], r1, started skill, None, open-drawer, None
410.65, [INFO], r1, sent message, None, None, None
410.65, [INFO], r1, skill-success, None, open-drawer, None
410.65, [INFO], r1, started skill, None, pick-up-sample, None
410.65, [INFO], r1, sent message, None, None, None
410.65, [INFO], r1, skill-success, None, pick-up-sample, None
410.65, [INFO], r1, started skill, None, close-drawer, None
410.65, [INFO], r1, sent message, None, None, None
410.65, [INFO], r1, skill-success, None, close-drawer, None
410.65, [WARN], r1, SUCCESS, None, None, None
420.06, [INFO], r1, {'y': 35.991, 'x': -37.003, 'yaw': -3.142}, pose, None, None
420.06, [INFO], r1, {'battery-level': '29.05'}, battery_charge, None, None
