9.27, [INFO], r1, started skill, None, navto, None
10.04, [INFO], r1, {'y': 33.984, 'x': -32.966, 'yaw': 3.141}, pose, None, None
10.04, [INFO], r1, {'battery-level': '49.55'}, battery_charge, None, None
20.09, [INFO], r1, {'y': 34.654, 'x': -34.996, 'yaw': 3.142}, pose, None, None
20.09, [INFO], r1, {'battery-level': '49.05'}, battery_charge, None, None
30.04, [INFO], r1, {'y': 33.441, 'x': -36.216, 'yaw': 3.142}, pose, None, None
30.04, [INFO], r1, {'battery-level': '48.55'}, battery_charge, None, None
40.05, [INFO], r1, {'y': 31.313, 'x': -36.154, 'yaw': -3.142}, pose, None, None
40.05, [INFO], r1, {'battery-level': '48.05'}, battery_charge, None, None
50.08, [INFO], r1, {'y': 29.194, 'x': -36.242, 'yaw': -3.142}, pose, None, None
50.08, [INFO], r1, {'battery-level': '47.55'}, battery_charge, None, None
60.08, [INFO], r1, {'battery-level': '47.05'}, battery_charge, None, None
60.08, [INFO], r1, {'y': 27.084, 'x': -36.323, 'yaw': 3.14}, pose, None, None
70.08, [INFO], r1, {'battery-level': '46.55'}, battery_charge, None, None
70.08, [INFO], r1, {'y': 24.979, 'x': -36.409, 'yaw': 3.141}, pose, None, None
80.00, [INFO], r1, {'y': 22.895, 'x': -36.54, 'yaw': 3.142}, pose, None, None
80.00, [INFO], r1, {'battery-level': '46.05'}, battery_charge, None, None
90.09, [INFO], r1, {'y': 20.766, 'x': -36.677, 'yaw': 3.141}, pose, None, None
90.09, [INFO], r1, {'battery-level': '45.55'}, battery_charge, None, None
100.06, [INFO], r1, {'battery-level': '45.05'}, battery_charge, None, None
100.06, [INFO], r1, {'y': 18.665, 'x': -36.744, 'yaw': 3.142}, pose, None, None
110.05, [INFO], r1, {'y': 16.563, 'x': -36.83, 'yaw': 3.141}, pose, None, None
110.05, [INFO], r1, {'battery-level': '44.55'}, battery_charge, None, None
120.06, [INFO], r1, {'y': 15.533, 'x': -35.165, 'yaw': -3.142}, pose, None, None
120.06, [INFO], r1, {'battery-level': '44.05'}, battery_charge, None, None
130.04, [INFO], r1, {'battery-level': '43.55'}, battery_charge, None, None
130.04, [INFO], r1, {'y': 15.509, 'x': -33.079, 'yaw': 3.141}, pose, None, None
140.04, [INFO], r1, {'battery-level': '43.05'}, battery_charge, None, None
140.04, [INFO], r1, {'y': 15.464, 'x': -30.972, 'yaw': 3.141}, pose, None, None
150.02, [INFO], r1, {'battery-level': '42.55'}, battery_charge, None, None
150.02, [INFO], r1, {'y': 15.753, 'x': -28.865, 'yaw': -3.141}, pose, None, None
160.09, [INFO], r1, {'y': 15.979, 'x': -26.744, 'yaw': 3.141}, pose, None, None
160.09, [INFO], r1, {'battery-level': '42.05'}, battery_charge, None, None
170.07, [INFO], r1, {'battery-level': '41.55'}, battery_charge, None, None
170.07, [INFO], r1, {'y': 16.147, 'x': -24.652, 'yaw': -3.142}, pose, None, None
180.03, [INFO], r1, {'y': 16.151, 'x': -22.565, 'yaw': 3.141}, pose, None, None
180.03, [INFO], r1, {'battery-level': '41.05'}, battery_charge, None, None
190.09, [INFO], r1, {'y': 16.213, 'x': -20.45, 'yaw': 3.141}, pose, None, None
190.09, [INFO], r1, {'battery-level': '40.55'}, battery_charge, None, None
200.05, [INFO], r1, {'y': 16.22, 'x': -18.357, 'yaw': 3.141}, pose, None, None
200.05, [INFO], r1, {'battery-level': '40.05'}, battery_charge, None, None
210.03, [INFO], r1, {'battery-level': '39.55'}, battery_charge, None, None
210.03, [INFO], r1, {'y': 16.115, 'x': -16.252, 'yaw': 3.141}, pose, None, None
220.00, [INFO], r1, {'battery-level': '39.05'}, battery_charge, None, None
220.00, [INFO], r1, {'y': 16.217, 'x': -14.139, 'yaw': -3.139}, pose, None, None
230.09, [INFO], r1, {'battery-level': '38.55'}, battery_charge, None, None
230.09, [INFO], r1, {'y': 17.843, 'x': -13.596, 'yaw': 3.141}, pose, None, None
240.06, [INFO], r1, {'battery-level': '38.05'}, battery_charge, None, None
240.06, [INFO], r1, {'y': 17.928, 'x': -13.643, 'yaw': 3.14}, pose, None, None
240.25, [INFO], r1, skill-success, None, navto, None
240.25, [INFO], r1, started skill, None, approach-nurse, None
240.25, [INFO], r1, sent message, None, None, None
240.25, [INFO], r1, skill-success, None, approach-nurse, None
240.25, [INFO], r1, started skill, None, authenticate-nurse, None
240.25, [INFO], r1, sent message, None, None, None
240.25, [INFO], r1, skill-success, None, authenticate-nurse, None
240.25, [INFO], r1, started skill, None, open-drawer, None
240.25, [INFO], r1, sent message, None, None, None
240.25, [INFO], r1, skill-success, None, open-drawer, None
240.25, [INFO], r1, started skill, None, deposit, None
240.25, [WARN], r1, SKILL-FAILURE, None, deposit, None
250.07, [INFO], r1, {'y': 17.928, 'x': -13.643, 'yaw': 3.142}, pose, None, None
250.07, [INFO], r1, {'battery-level': '37.55'}, battery_charge, None, None
