0.19, [DEBUG], logger, ROBOTS_CONFIG={'capabilities': ['approach_person', 'approach_robot', 'authenticate_person', 'navigation', 'operate_drawer'], 'battery_charge': 0.5, 'nurse_pose': [-13.5, 18.0, -1.57], 'robot_pose': [-32.88, 33.98, 3.14]}, None, None, None
0.19, [DEBUG], logger, Simulation open, None, None, None
10.09, [INFO], r1, {'y': 33.98, 'x': -32.88, 'yaw': -3.142}, pose, None, None
10.09, [INFO], r1, {'battery-level': '49.55'}, battery_charge, None, None
10.58, [INFO], r1, started skill, None, navto, None
20.07, [INFO], r1, {'y': 34.651, 'x': -34.701, 'yaw': 3.142}, pose, None, None
20.07, [INFO], r1, {'battery-level': '49.05'}, battery_charge, None, None
30.09, [INFO], r1, {'y': 33.721, 'x': -36.206, 'yaw': 3.142}, pose, None, None
30.09, [INFO], r1, {'battery-level': '48.55'}, battery_charge, None, None
40.00, [INFO], r1, {'y': 31.629, 'x': -36.243, 'yaw': 3.141}, pose, None, None
40.00, [INFO], r1, {'battery-level': '48.05'}, battery_charge, None, None
50.00, [INFO], r1, {'y': 29.523, 'x': -36.297, 'yaw': -3.137}, pose, None, None
50.00, [INFO], r1, {'battery-level': '47.55'}, battery_charge, None, None
60.02, [INFO], r1, {'y': 27.408, 'x': -36.293, 'yaw': 3.141}, pose, None, None
60.02, [INFO], r1, {'battery-level': '47.05'}, battery_charge, None, None
70.03, [INFO], r1, {'y': 25.294, 'x': -36.391, 'yaw': 3.141}, pose, None, None
70.03, [INFO], r1, {'battery-level': '46.55'}, battery_charge, None, None
80.06, [INFO], r1, {'y': 23.168, 'x': -36.471, 'yaw': 3.141}, pose, None, None
80.06, [INFO], r1, {'battery-level': '46.05'}, battery_charge, None, None
90.07, [INFO], r1, {'y': 21.057, 'x': -36.595, 'yaw': 3.141}, pose, None, None
90.07, [INFO], r1, {'battery-level': '45.55'}, battery_charge, None, None
100.08, [INFO], r1, {'y': 18.949, 'x': -36.656, 'yaw': 3.141}, pose, None, None
100.08, [INFO], r1, {'battery-level': '45.05'}, battery_charge, None, None
110.07, [INFO], r1, {'y': 16.846, 'x': -36.78, 'yaw': 3.141}, pose, None, None
110.07, [INFO], r1, {'battery-level': '44.55'}, battery_charge, None, None
120.06, [INFO], r1, {'y': 15.676, 'x': -35.505, 'yaw': -3.142}, pose, None, None
120.06, [INFO], r1, {'battery-level': '44.05'}, battery_charge, None, None
130.06, [INFO], r1, {'y': 15.438, 'x': -33.401, 'yaw': -3.141}, pose, None, None
130.06, [INFO], r1, {'battery-level': '43.55'}, battery_charge, None, None
140.03, [INFO], r1, {'y': 15.493, 'x': -31.279, 'yaw': -3.141}, pose, None, None
140.03, [INFO], r1, {'battery-level': '43.05'}, battery_charge, None, None
150.09, [INFO], r1, {'y': 15.665, 'x': -29.15, 'yaw': 3.141}, pose, None, None
150.09, [INFO], r1, {'battery-level': '42.55'}, battery_charge, None, None
160.08, [INFO], r1, {'y': 15.937, 'x': -27.031, 'yaw': 3.141}, pose, None, None
160.08, [INFO], r1, {'battery-level': '42.05'}, battery_charge, None, None
170.06, [INFO], r1, {'battery-level': '41.55'}, battery_charge, None, None
170.06, [INFO], r1, {'y': 16.042, 'x': -24.922, 'yaw': -3.142}, pose, None, None
180.05, [INFO], r1, {'y': 16.052, 'x': -22.816, 'yaw': 3.141}, pose, None, None
180.05, [INFO], r1, {'battery-level': '41.05'}, battery_charge, None, None
190.04, [INFO], r1, {'y': 16.082, 'x': -20.702, 'yaw': 3.139}, pose, None, None
190.04, [INFO], r1, {'battery-level': '40.55'}, battery_charge, None, None
200.02, [INFO], r1, {'y': 16.201, 'x': -18.58, 'yaw': 3.141}, pose, None, None
200.02, [INFO], r1, {'battery-level': '40.05'}, battery_charge, None, None
210.09, [INFO], r1, {'y': 16.094, 'x': -16.463, 'yaw': 3.141}, pose, None, None
210.09, [INFO], r1, {'battery-level': '39.55'}, battery_charge, None, None
220.09, [INFO], r1, {'y': 16.147, 'x': -14.345, 'yaw': 3.141}, pose, None, None
220.09, [INFO], r1, {'battery-level': '39.05'}, battery_charge, None, None
230.03, [INFO], r1, {'y': 17.768, 'x': -13.646, 'yaw': 3.142}, pose, None, None
230.03, [INFO], r1, {'battery-level': '38.55'}, battery_charge, None, None
240.02, [INFO], r1, {'y': 17.944, 'x': -13.664, 'yaw': 3.141}, pose, None, None
240.02, [INFO], r1, {'battery-level': '38.05'}, battery_charge, None, None
240.51, [INFO], r1, skill-success, None, navto, None
240.51, [INFO], r1, started skill, None, approach-nurse, None
240.51, [INFO], r1, sent message, None, None, None
240.51, [INFO], r1, skill-success, None, approach-nurse, None
240.51, [INFO], r1, started skill, None, authenticate-nurse, None
240.51, [INFO], r1, sent message, None, None, None
240.51, [INFO], r1, skill-success, None, authenticate-nurse, None
240.51, [INFO], r1, started skill, None, open-drawer, None
240.51, [INFO], r1, sent message, None, None, None
240.51, [INFO], r1, skill-success, None, open-drawer, None
240.51, [INFO], r1, started skill, None, deposit, None
240.51, [INFO], r1, sent message, None, None, None
240.51, [INFO], r1, skill-success, None, deposit, None
240.51, [INFO], r1, started skill, None, close-drawer, None
240.51, [INFO], r1, sent message, None, None, None
240.51, [INFO], r1, skill-success, None, close-drawer, None
240.51, [INFO], r1, started skill, None, navto, None
250.01, [INFO], r1, {'y': 16.315, 'x': -14.323, 'yaw': 3.142}, pose, None, None
250.01, [INFO], r1, {'battery-level': '37.55'}, battery_charge, None, None
260.02, [INFO], r1, {'y': 16.174, 'x': -16.433, 'yaw': 3.141}, pose, None, None
260.02, [INFO], r1, {'battery-level': '37.05'}, battery_charge, None, None
270.02, [INFO], r1, {'y': 16.202, 'x': -18.542, 'yaw': -3.139}, pose, None, None
270.02, [INFO], r1, {'battery-level': '36.55'}, battery_charge, None, None
280.02, [INFO], r1, {'y': 16.379, 'x': -20.644, 'yaw': 3.142}, pose, None, None
280.02, [INFO], r1, {'battery-level': '36.05'}, battery_charge, None, None
290.10, [INFO], r1, {'battery-level': '35.55'}, battery_charge, None, None
290.10, [INFO], r1, {'y': 16.263, 'x': -22.779, 'yaw': 3.141}, pose, None, None
300.00, [INFO], r1, {'battery-level': '35.05'}, battery_charge, None, None
300.00, [INFO], r1, {'y': 16.118, 'x': -24.869, 'yaw': 3.14}, pose, None, None
310.10, [INFO], r1, {'y': 15.89, 'x': -26.999, 'yaw': -3.138}, pose, None, None
310.10, [INFO], r1, {'battery-level': '34.55'}, battery_charge, None, None
320.01, [INFO], r1, {'battery-level': '34.05'}, battery_charge, None, None
320.01, [INFO], r1, {'y': 15.946, 'x': -29.08, 'yaw': 3.142}, pose, None, None
330.01, [INFO], r1, {'y': 15.841, 'x': -31.192, 'yaw': 3.141}, pose, None, None
330.01, [INFO], r1, {'battery-level': '33.55'}, battery_charge, None, None
340.03, [INFO], r1, {'y': 15.658, 'x': -33.303, 'yaw': 3.141}, pose, None, None
340.03, [INFO], r1, {'battery-level': '33.05'}, battery_charge, None, None
350.06, [INFO], r1, {'y': 15.789, 'x': -35.321, 'yaw': 3.142}, pose, None, None
350.06, [INFO], r1, {'battery-level': '32.55'}, battery_charge, None, None
360.07, [INFO], r1, {'battery-level': '32.05'}, battery_charge, None, None
360.07, [INFO], r1, {'y': 17.694, 'x': -36.085, 'yaw': -3.14}, pose, None, None
370.06, [INFO], r1, {'battery-level': '31.55'}, battery_charge, None, None
370.06, [INFO], r1, {'y': 19.795, 'x': -36.178, 'yaw': 3.142}, pose, None, None
380.04, [INFO], r1, {'battery-level': '31.05'}, battery_charge, None, None
380.04, [INFO], r1, {'y': 21.897, 'x': -36.285, 'yaw': 3.141}, pose, None, None
390.06, [INFO], r1, {'y': 24.009, 'x': -36.3, 'yaw': 3.141}, pose, None, None
390.06, [INFO], r1, {'battery-level': '30.55'}, battery_charge, None, None
400.07, [INFO], r1, {'y': 26.128, 'x': -36.289, 'yaw': -3.141}, pose, None, None
400.07, [INFO], r1, {'battery-level': '30.05'}, battery_charge, None, None
410.09, [INFO], r1, {'y': 28.244, 'x': -36.325, 'yaw': -3.141}, pose, None, None
410.09, [INFO], r1, {'battery-level': '29.55'}, battery_charge, None, None
420.03, [INFO], r1, {'y': 30.343, 'x': -36.389, 'yaw': 3.141}, pose, None, None
420.03, [INFO], r1, {'battery-level': '29.05'}, battery_charge, None, None
430.04, [INFO], r1, {'battery-level': '28.55'}, battery_charge, None, None
430.04, [INFO], r1, {'y': 32.471, 'x': -36.599, 'yaw': 3.142}, pose, None, None
440.07, [INFO], r1, {'battery-level': '28.05'}, battery_charge, None, None
440.07, [INFO], r1, {'y': 34.586, 'x': -36.826, 'yaw': 3.138}, pose, None, None
450.10, [INFO], r1, {'y': 36.035, 'x': -36.998, 'yaw': 3.141}, pose, None, None
450.10, [INFO], r1, {'battery-level': '27.55'}, battery_charge, None, None
455.66, [INFO], r1, skill-success, None, navto, None
455.66, [INFO], r1, started skill, None, approach-arm, None
455.66, [INFO], r1, sent message, None, None, None
455.66, [INFO], r1, skill-success, None, approach-arm, None
455.66, [INFO], r1, started skill, None, open-drawer, None
455.66, [INFO], r1, sent message, None, None, None
455.66, [INFO], r1, skill-success, None, open-drawer, None
455.66, [INFO], r1, started skill, None, pick-up-sample, None
455.66, [INFO], r1, sent message, None, None, None
455.66, [INFO], r1, skill-success, None, pick-up-sample, None
455.66, [INFO], r1, started skill, None, close-drawer, None
455.66, [INFO], r1, sent message, None, None, None
455.66, [INFO], r1, skill-success, None, close-drawer, None
455.66, [WARN], r1, SUCCESS, None, None, None
