9.41, [INFO], r1, started skill, None, navto, None
10.09, [INFO], r1, {'y': 33.984, 'x': -32.966, 'yaw': 3.141}, pose, None, None
10.09, [INFO], r1, {'battery-level': '49.55'}, battery_charge, None, None
20.04, [INFO], r1, {'y': 34.633, 'x': -34.965, 'yaw': -3.142}, pose, None, None
20.04, [INFO], r1, {'battery-level': '49.05'}, battery_charge, None, None
30.01, [INFO], r1, {'battery-level': '48.55'}, battery_charge, None, None
30.01, [INFO], r1, {'y': 33.427, 'x': -36.188, 'yaw': -3.142}, pose, None, None
40.10, [INFO], r1, {'battery-level': '48.05'}, battery_charge, None, None
40.10, [INFO], r1, {'y': 31.284, 'x': -36.248, 'yaw': 3.141}, pose, None, None
50.09, [INFO], r1, {'battery-level': '47.55'}, battery_charge, None, None
50.09, [INFO], r1, {'y': 29.163, 'x': -36.3, 'yaw': -3.142}, pose, None, None
60.03, [INFO], r1, {'battery-level': '47.05'}, battery_charge, None, None
60.03, [INFO], r1, {'y': 27.038, 'x': -36.36, 'yaw': 3.142}, pose, None, None
70.08, [INFO], r1, {'battery-level': '46.55'}, battery_charge, None, None
70.08, [INFO], r1, {'y': 24.906, 'x': -36.473, 'yaw': -3.142}, pose, None, None
80.07, [INFO], r1, {'y': 22.799, 'x': -36.615, 'yaw': -3.141}, pose, None, None
80.07, [INFO], r1, {'battery-level': '46.05'}, battery_charge, None, None
90.01, [INFO], r1, {'battery-level': '45.55'}, battery_charge, None, None
90.01, [INFO], r1, {'y': 20.699, 'x': -36.717, 'yaw': 3.142}, pose, None, None
100.05, [INFO], r1, {'y': 18.565, 'x': -36.755, 'yaw': 3.142}, pose, None, None
100.05, [INFO], r1, {'battery-level': '45.05'}, battery_charge, None, None
110.08, [INFO], r1, {'y': 16.423, 'x': -36.804, 'yaw': 3.141}, pose, None, None
110.08, [INFO], r1, {'battery-level': '44.55'}, battery_charge, None, None
120.03, [INFO], r1, {'y': 15.506, 'x': -35.091, 'yaw': -3.141}, pose, None, None
120.03, [INFO], r1, {'battery-level': '44.05'}, battery_charge, None, None
130.08, [INFO], r1, {'y': 15.492, 'x': -32.959, 'yaw': 3.142}, pose, None, None
130.08, [INFO], r1, {'battery-level': '43.55'}, battery_charge, None, None
140.00, [INFO], r1, {'battery-level': '43.05'}, battery_charge, None, None
140.00, [INFO], r1, {'y': 15.487, 'x': -30.848, 'yaw': -3.141}, pose, None, None
150.00, [INFO], r1, {'battery-level': '42.55'}, battery_charge, None, None
150.00, [INFO], r1, {'y': 15.727, 'x': -28.726, 'yaw': 3.14}, pose, None, None
160.03, [INFO], r1, {'battery-level': '42.05'}, battery_charge, None, None
160.03, [INFO], r1, {'y': 16.046, 'x': -26.62, 'yaw': -3.14}, pose, None, None
170.02, [INFO], r1, {'y': 16.131, 'x': -24.52, 'yaw': 3.142}, pose, None, None
170.02, [INFO], r1, {'battery-level': '41.55'}, battery_charge, None, None
180.05, [INFO], r1, {'battery-level': '41.05'}, battery_charge, None, None
180.05, [INFO], r1, {'y': 16.201, 'x': -22.377, 'yaw': -3.142}, pose, None, None
190.04, [INFO], r1, {'y': 16.291, 'x': -20.263, 'yaw': 3.142}, pose, None, None
190.04, [INFO], r1, {'battery-level': '40.55'}, battery_charge, None, None
200.06, [INFO], r1, {'y': 16.285, 'x': -18.134, 'yaw': 3.142}, pose, None, None
200.06, [INFO], r1, {'battery-level': '40.05'}, battery_charge, None, None
210.05, [INFO], r1, {'battery-level': '39.55'}, battery_charge, None, None
210.05, [INFO], r1, {'y': 16.106, 'x': -16.016, 'yaw': 3.14}, pose, None, None
220.08, [INFO], r1, {'y': 16.273, 'x': -13.893, 'yaw': -3.142}, pose, None, None
220.08, [INFO], r1, {'battery-level': '39.05'}, battery_charge, None, None
230.08, [INFO], r1, {'y': 17.849, 'x': -13.596, 'yaw': 3.141}, pose, None, None
230.08, [INFO], r1, {'battery-level': '38.55'}, battery_charge, None, None
240.00, [INFO], r1, {'y': 17.932, 'x': -13.62, 'yaw': 3.141}, pose, None, None
240.00, [INFO], r1, {'battery-level': '38.05'}, battery_charge, None, None
250.05, [INFO], r1, {'y': 17.988, 'x': -13.631, 'yaw': -3.141}, pose, None, None
250.05, [INFO], r1, {'battery-level': '37.55'}, battery_charge, None, None
251.71, [INFO], r1, skill-success, None, navto, None
251.71, [INFO], r1, started skill, None, approach-nurse, None
251.71, [INFO], r1, sent message, None, None, None
251.71, [INFO], r1, skill-success, None, approach-nurse, None
251.71, [INFO], r1, started skill, None, authenticate-nurse, None
251.71, [INFO], r1, sent message, None, None, None
251.71, [INFO], r1, skill-success, None, authenticate-nurse, None
251.71, [INFO], r1, started skill, None, open-drawer, None
251.71, [WARN], r1, SKILL-FAILURE, None, open-drawer, None
