9.35, [INFO], r1, started skill, None, navto, None
10.03, [INFO], r1, {'y': 33.982, 'x': -32.945, 'yaw': 3.141}, pose, None, None
10.03, [INFO], r1, {'battery-level': '49.55'}, battery_charge, None, None
20.09, [INFO], r1, {'y': 34.662, 'x': -34.978, 'yaw': -3.142}, pose, None, None
20.09, [INFO], r1, {'battery-level': '49.05'}, battery_charge, None, None
30.02, [INFO], r1, {'battery-level': '48.55'}, battery_charge, None, None
30.02, [INFO], r1, {'y': 33.447, 'x': -36.2, 'yaw': 3.142}, pose, None, None
40.05, [INFO], r1, {'y': 31.337, 'x': -36.223, 'yaw': 3.138}, pose, None, None
40.05, [INFO], r1, {'battery-level': '48.05'}, battery_charge, None, None
50.05, [INFO], r1, {'y': 29.222, 'x': -36.281, 'yaw': 3.142}, pose, None, None
50.05, [INFO], r1, {'battery-level': '47.55'}, battery_charge, None, None
60.09, [INFO], r1, {'battery-level': '47.05'}, battery_charge, None, None
60.09, [INFO], r1, {'y': 27.095, 'x': -36.366, 'yaw': 3.141}, pose, None, None
70.08, [INFO], r1, {'y': 24.992, 'x': -36.448, 'yaw': 3.141}, pose, None, None
70.08, [INFO], r1, {'battery-level': '46.55'}, battery_charge, None, None
80.01, [INFO], r1, {'battery-level': '46.05'}, battery_charge, None, None
80.01, [INFO], r1, {'y': 22.895, 'x': -36.564, 'yaw': 3.14}, pose, None, None
90.02, [INFO], r1, {'y': 20.78, 'x': -36.623, 'yaw': -3.142}, pose, None, None
90.02, [INFO], r1, {'battery-level': '45.55'}, battery_charge, None, None
100.03, [INFO], r1, {'y': 18.671, 'x': -36.691, 'yaw': 3.136}, pose, None, None
100.03, [INFO], r1, {'battery-level': '45.05'}, battery_charge, None, None
110.03, [INFO], r1, {'y': 16.554, 'x': -36.793, 'yaw': 3.141}, pose, None, None
110.03, [INFO], r1, {'battery-level': '44.55'}, battery_charge, None, None
120.02, [INFO], r1, {'y': 15.557, 'x': -35.124, 'yaw': -3.141}, pose, None, None
120.02, [INFO], r1, {'battery-level': '44.05'}, battery_charge, None, None
130.00, [INFO], r1, {'y': 15.488, 'x': -33.017, 'yaw': 3.142}, pose, None, None
130.00, [INFO], r1, {'battery-level': '43.55'}, battery_charge, None, None
140.00, [INFO], r1, {'battery-level': '43.05'}, battery_charge, None, None
140.00, [INFO], r1, {'y': 15.481, 'x': -30.898, 'yaw': 3.14}, pose, None, None
150.01, [INFO], r1, {'y': 15.749, 'x': -28.801, 'yaw': -3.141}, pose, None, None
150.01, [INFO], r1, {'battery-level': '42.55'}, battery_charge, None, None
160.09, [INFO], r1, {'y': 16.099, 'x': -26.683, 'yaw': -3.142}, pose, None, None
160.09, [INFO], r1, {'battery-level': '42.05'}, battery_charge, None, None
170.09, [INFO], r1, {'y': 16.161, 'x': -24.587, 'yaw': -3.141}, pose, None, None
170.09, [INFO], r1, {'battery-level': '41.55'}, battery_charge, None, None
180.07, [INFO], r1, {'battery-level': '41.05'}, battery_charge, None, None
180.07, [INFO], r1, {'y': 16.15, 'x': -22.494, 'yaw': 3.142}, pose, None, None
190.05, [INFO], r1, {'y': 16.197, 'x': -20.385, 'yaw': 3.141}, pose, None, None
190.05, [INFO], r1, {'battery-level': '40.55'}, battery_charge, None, None
200.05, [INFO], r1, {'y': 16.173, 'x': -18.276, 'yaw': -3.138}, pose, None, None
200.05, [INFO], r1, {'battery-level': '40.05'}, battery_charge, None, None
210.04, [INFO], r1, {'battery-level': '39.55'}, battery_charge, None, None
210.04, [INFO], r1, {'y': 16.124, 'x': -16.171, 'yaw': -3.141}, pose, None, None
220.08, [INFO], r1, {'battery-level': '39.05'}, battery_charge, None, None
220.08, [INFO], r1, {'y': 16.198, 'x': -14.041, 'yaw': 3.141}, pose, None, None
230.06, [INFO], r1, {'battery-level': '38.55'}, battery_charge, None, None
230.06, [INFO], r1, {'y': 17.807, 'x': -13.621, 'yaw': -3.142}, pose, None, None
240.04, [INFO], r1, {'y': 17.953, 'x': -13.677, 'yaw': -3.142}, pose, None, None
240.04, [INFO], r1, {'battery-level': '38.05'}, battery_charge, None, None
243.05, [INFO], r1, skill-success, None, navto, None
243.05, [INFO], r1, started skill, None, approach-nurse, None
243.05, [INFO], r1, sent message, None, None, None
243.05, [INFO], r1, skill-success, None, approach-nurse, None
243.05, [INFO], r1, skill-success, None, authenticate-nurse, None
243.05, [INFO], r1, started skill, None, open-drawer, None
243.05, [INFO], r1, sent message, None, None, None
243.05, [INFO], r1, skill-success, None, open-drawer, None
243.05, [INFO], r1, started skill, None, deposit, None
243.05, [INFO], r1, sent message, None, None, None
243.05, [INFO], r1, skill-success, None, deposit, None
243.05, [INFO], r1, started skill, None, close-drawer, None
243.05, [INFO], r1, sent message, None, None, None
243.05, [INFO], r1, skill-success, None, close-drawer, None
243.05, [INFO], r1, started skill, None, navto, None
250.08, [INFO], r1, {'y': 16.542, 'x': -13.846, 'yaw': -3.142}, pose, None, None
250.08, [INFO], r1, {'battery-level': '37.55'}, battery_charge, None, None
260.05, [INFO], r1, {'battery-level': '37.05'}, battery_charge, None, None
260.05, [INFO], r1, {'y': 16.155, 'x': -15.875, 'yaw': 3.141}, pose, None, None
270.08, [INFO], r1, {'battery-level': '36.55'}, battery_charge, None, None
270.08, [INFO], r1, {'y': 16.156, 'x': -17.993, 'yaw': 3.141}, pose, None, None
280.08, [INFO], r1, {'battery-level': '36.05'}, battery_charge, None, None
280.08, [INFO], r1, {'y': 16.288, 'x': -20.116, 'yaw': -3.138}, pose, None, None
290.01, [INFO], r1, {'battery-level': '35.55'}, battery_charge, None, None
290.01, [INFO], r1, {'y': 16.246, 'x': -22.215, 'yaw': -3.14}, pose, None, None
300.02, [INFO], r1, {'battery-level': '35.05'}, battery_charge, None, None
300.02, [INFO], r1, {'y': 16.141, 'x': -24.335, 'yaw': 3.141}, pose, None, None
310.03, [INFO], r1, {'y': 16.064, 'x': -26.438, 'yaw': 3.142}, pose, None, None
310.03, [INFO], r1, {'battery-level': '34.55'}, battery_charge, None, None
320.08, [INFO], r1, {'battery-level': '34.05'}, battery_charge, None, None
320.08, [INFO], r1, {'y': 16.032, 'x': -28.557, 'yaw': 3.142}, pose, None, None
330.08, [INFO], r1, {'y': 15.976, 'x': -30.664, 'yaw': 3.142}, pose, None, None
330.08, [INFO], r1, {'battery-level': '33.55'}, battery_charge, None, None
340.02, [INFO], r1, {'battery-level': '33.05'}, battery_charge, None, None
340.02, [INFO], r1, {'y': 15.781, 'x': -32.767, 'yaw': 3.142}, pose, None, None
350.01, [INFO], r1, {'battery-level': '32.55'}, battery_charge, None, None
350.01, [INFO], r1, {'y': 15.457, 'x': -34.86, 'yaw': -3.142}, pose, None, None
360.05, [INFO], r1, {'battery-level': '32.05'}, battery_charge, None, None
360.05, [INFO], r1, {'y': 17.116, 'x': -36.093, 'yaw': 3.142}, pose, None, None
370.00, [INFO], r1, {'y': 19.222, 'x': -36.191, 'yaw': 3.139}, pose, None, None
370.00, [INFO], r1, {'battery-level': '31.55'}, battery_charge, None, None
380.09, [INFO], r1, {'y': 21.356, 'x': -36.22, 'yaw': 3.142}, pose, None, None
380.09, [INFO], r1, {'battery-level': '31.05'}, battery_charge, None, None
390.09, [INFO], r1, {'battery-level': '30.55'}, battery_charge, None, None
390.09, [INFO], r1, {'y': 23.493, 'x': -36.309, 'yaw': 3.141}, pose, None, None
400.09, [INFO], r1, {'y': 25.614, 'x': -36.271, 'yaw': 3.141}, pose, None, None
400.09, [INFO], r1, {'battery-level': '30.05'}, battery_charge, None, None
410.00, [INFO], r1, {'y': 27.72, 'x': -36.356, 'yaw': 3.14}, pose, None, None
410.00, [INFO], r1, {'battery-level': '29.55'}, battery_charge, None, None
420.00, [INFO], r1, {'y': 29.836, 'x': -36.402, 'yaw': 3.142}, pose, None, None
420.00, [INFO], r1, {'battery-level': '29.05'}, battery_charge, None, None
430.03, [INFO], r1, {'y': 31.958, 'x': -36.526, 'yaw': -3.142}, pose, None, None
430.03, [INFO], r1, {'battery-level': '28.55'}, battery_charge, None, None
440.06, [INFO], r1, {'y': 34.055, 'x': -36.927, 'yaw': -3.139}, pose, None, None
440.06, [INFO], r1, {'battery-level': '28.05'}, battery_charge, None, None
450.01, [INFO], r1, {'y': 36.049, 'x': -36.973, 'yaw': 3.141}, pose, None, None
450.01, [INFO], r1, {'battery-level': '27.55'}, battery_charge, None, None
457.55, [INFO], r1, skill-success, None, navto, None
457.55, [INFO], r1, started skill, None, approach-arm, None
457.55, [INFO], r1, sent message, None, None, None
457.55, [INFO], r1, skill-success, None, approach-arm, None
457.55, [INFO], r1, started skill, None, open-drawer, None
457.55, [INFO], r1, sent message, None, None, None
457.55, [INFO], r1, skill-success, None, open-drawer, None
457.55, [INFO], r1, started skill, None, pick-up-sample, None
457.55, [INFO], r1, sent message, None, None, None
457.55, [INFO], r1, skill-success, None, pick-up-sample, None
457.55, [INFO], r1, started skill, None, close-drawer, None
457.55, [INFO], r1, sent message, None, None, None
457.64, [INFO], r1, skill-success, None, close-drawer, None
457.64, [WARN], r1, SUCCESS, None, None, None
460.07, [INFO], r1, {'y': 36.178, 'x': -37.005, 'yaw': -3.142}, pose, None, None
460.07, [INFO], r1, {'battery-level': '27.05'}, battery_charge, None, None
