9.56, [INFO], r1, started skill, None, navto, None
10.06, [INFO], r1, {'battery-level': '49.55'}, battery_charge, None, None
10.06, [INFO], r1, {'y': 33.98, 'x': -32.921, 'yaw': 3.141}, pose, None, None
20.10, [INFO], r1, {'battery-level': '49.05'}, battery_charge, None, None
20.10, [INFO], r1, {'y': 34.681, 'x': -34.945, 'yaw': 3.142}, pose, None, None
30.04, [INFO], r1, {'y': 33.479, 'x': -36.215, 'yaw': 3.142}, pose, None, None
30.04, [INFO], r1, {'battery-level': '48.55'}, battery_charge, None, None
40.08, [INFO], r1, {'y': 31.37, 'x': -36.237, 'yaw': 3.141}, pose, None, None
40.08, [INFO], r1, {'battery-level': '48.05'}, battery_charge, None, None
50.01, [INFO], r1, {'y': 29.281, 'x': -36.254, 'yaw': 3.142}, pose, None, None
50.01, [INFO], r1, {'battery-level': '47.55'}, battery_charge, None, None
60.05, [INFO], r1, {'y': 27.173, 'x': -36.348, 'yaw': 3.141}, pose, None, None
60.05, [INFO], r1, {'battery-level': '47.05'}, battery_charge, None, None
70.08, [INFO], r1, {'battery-level': '46.55'}, battery_charge, None, None
70.08, [INFO], r1, {'y': 25.064, 'x': -36.428, 'yaw': 3.141}, pose, None, None
80.01, [INFO], r1, {'y': 22.966, 'x': -36.527, 'yaw': 3.14}, pose, None, None
80.01, [INFO], r1, {'battery-level': '46.05'}, battery_charge, None, None
90.04, [INFO], r1, {'y': 20.857, 'x': -36.622, 'yaw': 3.142}, pose, None, None
90.04, [INFO], r1, {'battery-level': '45.55'}, battery_charge, None, None
100.07, [INFO], r1, {'y': 18.74, 'x': -36.671, 'yaw': 3.141}, pose, None, None
100.07, [INFO], r1, {'battery-level': '45.05'}, battery_charge, None, None
110.00, [INFO], r1, {'y': 16.657, 'x': -36.778, 'yaw': 3.14}, pose, None, None
110.00, [INFO], r1, {'battery-level': '44.55'}, battery_charge, None, None
120.03, [INFO], r1, {'y': 15.588, 'x': -35.395, 'yaw': 3.142}, pose, None, None
120.03, [INFO], r1, {'battery-level': '44.05'}, battery_charge, None, None
130.07, [INFO], r1, {'y': 15.444, 'x': -33.271, 'yaw': 3.142}, pose, None, None
130.07, [INFO], r1, {'battery-level': '43.55'}, battery_charge, None, None
140.00, [INFO], r1, {'y': 15.465, 'x': -31.178, 'yaw': 3.14}, pose, None, None
140.00, [INFO], r1, {'battery-level': '43.05'}, battery_charge, None, None
150.03, [INFO], r1, {'y': 15.733, 'x': -29.071, 'yaw': -3.141}, pose, None, None
150.03, [INFO], r1, {'battery-level': '42.55'}, battery_charge, None, None
160.06, [INFO], r1, {'battery-level': '42.05'}, battery_charge, None, None
160.06, [INFO], r1, {'y': 15.955, 'x': -26.956, 'yaw': 3.138}, pose, None, None
170.09, [INFO], r1, {'battery-level': '41.55'}, battery_charge, None, None
170.09, [INFO], r1, {'y': 16.141, 'x': -24.836, 'yaw': -3.142}, pose, None, None
180.03, [INFO], r1, {'y': 16.177, 'x': -22.744, 'yaw': -3.138}, pose, None, None
180.03, [INFO], r1, {'battery-level': '41.05'}, battery_charge, None, None
190.07, [INFO], r1, {'battery-level': '40.55'}, battery_charge, None, None
190.07, [INFO], r1, {'y': 16.251, 'x': -20.629, 'yaw': -3.137}, pose, None, None
200.00, [INFO], r1, {'battery-level': '40.05'}, battery_charge, None, None
200.00, [INFO], r1, {'y': 16.258, 'x': -18.528, 'yaw': 3.138}, pose, None, None
210.04, [INFO], r1, {'y': 16.148, 'x': -16.415, 'yaw': 3.141}, pose, None, None
210.04, [INFO], r1, {'battery-level': '39.55'}, battery_charge, None, None
220.07, [INFO], r1, {'battery-level': '39.05'}, battery_charge, None, None
220.07, [INFO], r1, {'y': 16.188, 'x': -14.302, 'yaw': 3.141}, pose, None, None
230.01, [INFO], r1, {'battery-level': '38.55'}, battery_charge, None, None
230.01, [INFO], r1, {'y': 17.735, 'x': -13.605, 'yaw': -3.142}, pose, None, None
239.24, [INFO], r1, skill-success, None, navto, None
239.24, [INFO], r1, started skill, None, approach-nurse, None
239.24, [INFO], r1, sent message, None, None, None
239.24, [INFO], r1, skill-success, None, approach-nurse, None
239.24, [INFO], r1, started skill, None, authenticate-nurse, None
239.24, [INFO], r1, sent message, None, None, None
239.24, [INFO], r1, skill-success, None, authenticate-nurse, None
239.24, [INFO], r1, started skill, None, open-drawer, None
239.24, [INFO], r1, sent message, None, None, None
239.24, [INFO], r1, skill-success, None, open-drawer, None
239.24, [INFO], r1, started skill, None, deposit, None
239.24, [INFO], r1, sent message, None, None, None
239.24, [INFO], r1, skill-success, None, deposit, None
239.24, [INFO], r1, started skill, None, close-drawer, None
239.24, [INFO], r1, sent message, None, None, None
239.24, [INFO], r1, skill-success, None, close-drawer, None
239.24, [INFO], r1, started skill, None, navto, None
240.04, [INFO], r1, {'y': 17.789, 'x': -13.616, 'yaw': 3.142}, pose, None, None
240.04, [INFO], r1, {'battery-level': '38.05'}, battery_charge, None, None
250.08, [INFO], r1, {'battery-level': '37.55'}, battery_charge, None, None
250.08, [INFO], r1, {'y': 16.306, 'x': -14.758, 'yaw': 3.141}, pose, None, None
260.01, [INFO], r1, {'y': 16.183, 'x': -16.849, 'yaw': 3.141}, pose, None, None
260.01, [INFO], r1, {'battery-level': '37.05'}, battery_charge, None, None
270.04, [INFO], r1, {'y': 16.227, 'x': -18.964, 'yaw': 3.141}, pose, None, None
270.04, [INFO], r1, {'battery-level': '36.55'}, battery_charge, None, None
280.07, [INFO], r1, {'battery-level': '36.05'}, battery_charge, None, None
280.07, [INFO], r1, {'y': 16.347, 'x': -21.071, 'yaw': -3.138}, pose, None, None
290.01, [INFO], r1, {'y': 16.2, 'x': -23.171, 'yaw': 3.141}, pose, None, None
290.01, [INFO], r1, {'battery-level': '35.55'}, battery_charge, None, None
300.04, [INFO], r1, {'y': 16.113, 'x': -25.285, 'yaw': 3.14}, pose, None, None
300.04, [INFO], r1, {'battery-level': '35.05'}, battery_charge, None, None
310.07, [INFO], r1, {'y': 15.943, 'x': -27.402, 'yaw': 3.142}, pose, None, None
310.07, [INFO], r1, {'battery-level': '34.55'}, battery_charge, None, None
320.00, [INFO], r1, {'battery-level': '34.05'}, battery_charge, None, None
320.00, [INFO], r1, {'y': 15.999, 'x': -29.492, 'yaw': 3.142}, pose, None, None
330.04, [INFO], r1, {'y': 15.915, 'x': -31.617, 'yaw': 3.141}, pose, None, None
330.04, [INFO], r1, {'battery-level': '33.55'}, battery_charge, None, None
340.07, [INFO], r1, {'y': 15.589, 'x': -33.731, 'yaw': -3.142}, pose, None, None
340.07, [INFO], r1, {'battery-level': '33.05'}, battery_charge, None, None
350.10, [INFO], r1, {'y': 16.14, 'x': -35.618, 'yaw': -3.142}, pose, None, None
350.10, [INFO], r1, {'battery-level': '32.55'}, battery_charge, None, None
360.03, [INFO], r1, {'battery-level': '32.05'}, battery_charge, None, None
360.03, [INFO], r1, {'y': 18.144, 'x': -36.082, 'yaw': 3.138}, pose, None, None
370.06, [INFO], r1, {'y': 20.251, 'x': -36.276, 'yaw': 3.142}, pose, None, None
370.06, [INFO], r1, {'battery-level': '31.55'}, battery_charge, None, None
380.09, [INFO], r1, {'battery-level': '31.05'}, battery_charge, None, None
380.09, [INFO], r1, {'y': 22.366, 'x': -36.307, 'yaw': 3.14}, pose, None, None
390.03, [INFO], r1, {'y': 24.471, 'x': -36.29, 'yaw': 3.142}, pose, None, None
390.03, [INFO], r1, {'battery-level': '30.55'}, battery_charge, None, None
400.06, [INFO], r1, {'y': 26.592, 'x': -36.217, 'yaw': 3.141}, pose, None, None
400.06, [INFO], r1, {'battery-level': '30.05'}, battery_charge, None, None
410.10, [INFO], r1, {'battery-level': '29.55'}, battery_charge, None, None
410.10, [INFO], r1, {'y': 28.702, 'x': -36.303, 'yaw': 3.14}, pose, None, None
420.04, [INFO], r1, {'battery-level': '29.05'}, battery_charge, None, None
420.04, [INFO], r1, {'y': 30.793, 'x': -36.396, 'yaw': 3.142}, pose, None, None
430.07, [INFO], r1, {'battery-level': '28.55'}, battery_charge, None, None
430.07, [INFO], r1, {'y': 32.906, 'x': -36.651, 'yaw': -3.142}, pose, None, None
440.00, [INFO], r1, {'y': 34.992, 'x': -36.9, 'yaw': 3.142}, pose, None, None
440.00, [INFO], r1, {'battery-level': '28.05'}, battery_charge, None, None
450.04, [INFO], r1, {'y': 36.115, 'x': -36.989, 'yaw': -3.141}, pose, None, None
450.04, [INFO], r1, {'battery-level': '27.55'}, battery_charge, None, None
454.65, [INFO], r1, skill-success, None, navto, None
454.65, [INFO], r1, started skill, None, approach-arm, None
454.65, [INFO], r1, sent message, None, None, None
454.65, [INFO], r1, skill-success, None, approach-arm, None
454.65, [INFO], r1, started skill, None, open-drawer, None
454.65, [INFO], r1, sent message, None, None, None
454.65, [INFO], r1, skill-success, None, open-drawer, None
454.65, [INFO], r1, started skill, None, pick-up-sample, None
454.65, [INFO], r1, sent message, None, None, None
454.65, [INFO], r1, skill-success, None, pick-up-sample, None
454.65, [INFO], r1, started skill, None, close-drawer, None
454.65, [INFO], r1, sent message, None, None, None
454.65, [INFO], r1, skill-success, None, close-drawer, None
454.65, [WARN], r1, SUCCESS, None, None, None
