0.19, [DEBUG], logger, ROBOTS_CONFIG={'capabilities': ['approach_person', 'approach_robot', 'authenticate_person', 'navigation', 'operate_drawer'], 'battery_charge': 0.5, 'nurse_pose': [-11.5, 18.0, -1.57], 'robot_pose': [-32.88, 33.98, 3.14]}, None, None, None
0.19, [DEBUG], logger, Simulation open, None, None, None
10.08, [INFO], r1, {'battery-level': '49.55'}, battery_charge, None, None
10.08, [INFO], r1, {'y': 33.98, 'x': -32.88, 'yaw': -3.142}, pose, None, None
10.87, [INFO], r1, started skill, None, navto, None
20.09, [INFO], r1, {'y': 34.657, 'x': -34.66, 'yaw': 3.142}, pose, None, None
20.09, [INFO], r1, {'battery-level': '49.05'}, battery_charge, None, None
30.00, [INFO], r1, {'battery-level': '48.55'}, battery_charge, None, None
30.00, [INFO], r1, {'y': 33.772, 'x': -36.16, 'yaw': -3.142}, pose, None, None
40.03, [INFO], r1, {'y': 31.655, 'x': -36.239, 'yaw': 3.141}, pose, None, None
40.03, [INFO], r1, {'battery-level': '48.05'}, battery_charge, None, None
50.01, [INFO], r1, {'y': 29.565, 'x': -36.298, 'yaw': -3.137}, pose, None, None
50.01, [INFO], r1, {'battery-level': '47.55'}, battery_charge, None, None
60.02, [INFO], r1, {'battery-level': '47.05'}, battery_charge, None, None
60.02, [INFO], r1, {'y': 27.437, 'x': -36.34, 'yaw': 3.141}, pose, None, None
70.03, [INFO], r1, {'battery-level': '46.55'}, battery_charge, None, None
70.03, [INFO], r1, {'y': 25.313, 'x': -36.388, 'yaw': 3.141}, pose, None, None
80.05, [INFO], r1, {'y': 23.192, 'x': -36.481, 'yaw': 3.14}, pose, None, None
80.05, [INFO], r1, {'battery-level': '46.05'}, battery_charge, None, None
90.06, [INFO], r1, {'y': 21.065, 'x': -36.598, 'yaw': 3.141}, pose, None, None
90.06, [INFO], r1, {'battery-level': '45.55'}, battery_charge, None, None
100.07, [INFO], r1, {'y': 18.946, 'x': -36.625, 'yaw': 3.141}, pose, None, None
100.07, [INFO], r1, {'battery-level': '45.05'}, battery_charge, None, None
110.08, [INFO], r1, {'y': 16.822, 'x': -36.785, 'yaw': 3.14}, pose, None, None
110.08, [INFO], r1, {'battery-level': '44.55'}, battery_charge, None, None
120.07, [INFO], r1, {'y': 15.657, 'x': -35.285, 'yaw': 3.142}, pose, None, None
120.07, [INFO], r1, {'battery-level': '44.05'}, battery_charge, None, None
130.07, [INFO], r1, {'y': 15.51, 'x': -33.192, 'yaw': 3.142}, pose, None, None
130.07, [INFO], r1, {'battery-level': '43.55'}, battery_charge, None, None
140.07, [INFO], r1, {'y': 15.503, 'x': -31.08, 'yaw': 3.141}, pose, None, None
140.07, [INFO], r1, {'battery-level': '43.05'}, battery_charge, None, None
150.03, [INFO], r1, {'y': 15.675, 'x': -28.971, 'yaw': 3.141}, pose, None, None
150.03, [INFO], r1, {'battery-level': '42.55'}, battery_charge, None, None
160.00, [INFO], r1, {'battery-level': '42.05'}, battery_charge, None, None
160.00, [INFO], r1, {'y': 15.981, 'x': -26.866, 'yaw': 3.141}, pose, None, None
170.09, [INFO], r1, {'y': 16.138, 'x': -24.749, 'yaw': 3.142}, pose, None, None
170.09, [INFO], r1, {'battery-level': '41.55'}, battery_charge, None, None
180.08, [INFO], r1, {'y': 16.164, 'x': -22.636, 'yaw': 3.141}, pose, None, None
180.08, [INFO], r1, {'battery-level': '41.05'}, battery_charge, None, None
190.06, [INFO], r1, {'y': 16.206, 'x': -20.526, 'yaw': 3.141}, pose, None, None
190.06, [INFO], r1, {'battery-level': '40.55'}, battery_charge, None, None
200.06, [INFO], r1, {'battery-level': '40.05'}, battery_charge, None, None
200.06, [INFO], r1, {'y': 16.193, 'x': -18.421, 'yaw': -3.142}, pose, None, None
210.06, [INFO], r1, {'battery-level': '39.55'}, battery_charge, None, None
210.06, [INFO], r1, {'y': 16.053, 'x': -16.306, 'yaw': 3.141}, pose, None, None
220.05, [INFO], r1, {'battery-level': '39.05'}, battery_charge, None, None
220.05, [INFO], r1, {'y': 16.061, 'x': -14.182, 'yaw': 3.141}, pose, None, None
230.03, [INFO], r1, {'y': 16.694, 'x': -12.189, 'yaw': 3.142}, pose, None, None
230.03, [INFO], r1, {'battery-level': '38.55'}, battery_charge, None, None
240.05, [INFO], r1, {'y': 17.975, 'x': -11.513, 'yaw': -3.141}, pose, None, None
240.05, [INFO], r1, {'battery-level': '38.05'}, battery_charge, None, None
246.26, [INFO], r1, skill-success, None, navto, None
246.26, [INFO], r1, started skill, None, approach-nurse, None
246.26, [INFO], r1, sent message, None, None, None
246.26, [INFO], r1, skill-success, None, approach-nurse, None
246.26, [INFO], r1, started skill, None, authenticate-nurse, None
246.26, [INFO], r1, sent message, None, None, None
246.26, [INFO], r1, skill-success, None, authenticate-nurse, None
246.26, [INFO], r1, started skill, None, open-drawer, None
246.26, [INFO], r1, sent message, None, None, None
246.26, [INFO], r1, skill-success, None, open-drawer, None
246.26, [INFO], r1, started skill, None, deposit, None
246.26, [INFO], r1, sent message, None, None, None
246.26, [INFO], r1, skill-success, None, deposit, None
246.26, [INFO], r1, started skill, None, close-drawer, None
246.26, [INFO], r1, sent message, None, None, None
246.26, [INFO], r1, skill-success, None, close-drawer, None
246.26, [INFO], r1, started skill, None, navto, None
250.02, [INFO], r1, {'y': 17.288, 'x': -11.737, 'yaw': 3.141}, pose, None, None
250.02, [INFO], r1, {'battery-level': '37.55'}, battery_charge, None, None
260.09, [INFO], r1, {'y': 16.306, 'x': -13.443, 'yaw': 3.14}, pose, None, None
260.09, [INFO], r1, {'battery-level': '37.05'}, battery_charge, None, None
270.06, [INFO], r1, {'y': 16.2, 'x': -15.558, 'yaw': 3.142}, pose, None, None
270.06, [INFO], r1, {'battery-level': '36.55'}, battery_charge, None, None
280.05, [INFO], r1, {'y': 16.154, 'x': -17.666, 'yaw': 3.141}, pose, None, None
280.05, [INFO], r1, {'battery-level': '36.05'}, battery_charge, None, None
290.04, [INFO], r1, {'y': 16.326, 'x': -19.773, 'yaw': 3.141}, pose, None, None
290.04, [INFO], r1, {'battery-level': '35.55'}, battery_charge, None, None
300.03, [INFO], r1, {'y': 16.338, 'x': -21.901, 'yaw': 3.142}, pose, None, None
300.03, [INFO], r1, {'battery-level': '35.05'}, battery_charge, None, None
310.01, [INFO], r1, {'y': 16.14, 'x': -24.021, 'yaw': 3.141}, pose, None, None
310.01, [INFO], r1, {'battery-level': '34.55'}, battery_charge, None, None
320.08, [INFO], r1, {'y': 16.069, 'x': -26.151, 'yaw': -3.141}, pose, None, None
320.08, [INFO], r1, {'battery-level': '34.05'}, battery_charge, None, None
330.03, [INFO], r1, {'y': 15.943, 'x': -28.242, 'yaw': -3.142}, pose, None, None
330.03, [INFO], r1, {'battery-level': '33.55'}, battery_charge, None, None
340.09, [INFO], r1, {'y': 15.913, 'x': -30.375, 'yaw': 3.141}, pose, None, None
340.09, [INFO], r1, {'battery-level': '33.05'}, battery_charge, None, None
350.06, [INFO], r1, {'y': 15.777, 'x': -32.492, 'yaw': 3.141}, pose, None, None
350.06, [INFO], r1, {'battery-level': '32.55'}, battery_charge, None, None
360.05, [INFO], r1, {'battery-level': '32.05'}, battery_charge, None, None
360.05, [INFO], r1, {'y': 15.428, 'x': -34.603, 'yaw': -3.141}, pose, None, None
370.04, [INFO], r1, {'y': 16.866, 'x': -36.063, 'yaw': -3.142}, pose, None, None
370.04, [INFO], r1, {'battery-level': '31.55'}, battery_charge, None, None
380.09, [INFO], r1, {'y': 18.995, 'x': -36.17, 'yaw': 3.141}, pose, None, None
380.09, [INFO], r1, {'battery-level': '31.05'}, battery_charge, None, None
390.08, [INFO], r1, {'y': 21.115, 'x': -36.243, 'yaw': 3.141}, pose, None, None
390.08, [INFO], r1, {'battery-level': '30.55'}, battery_charge, None, None
400.09, [INFO], r1, {'y': 23.251, 'x': -36.324, 'yaw': 3.14}, pose, None, None
400.09, [INFO], r1, {'battery-level': '30.05'}, battery_charge, None, None
410.06, [INFO], r1, {'y': 25.375, 'x': -36.286, 'yaw': 3.141}, pose, None, None
410.06, [INFO], r1, {'battery-level': '29.55'}, battery_charge, None, None
420.06, [INFO], r1, {'y': 27.505, 'x': -36.3, 'yaw': 3.141}, pose, None, None
420.06, [INFO], r1, {'battery-level': '29.05'}, battery_charge, None, None
430.02, [INFO], r1, {'y': 29.62, 'x': -36.419, 'yaw': 3.142}, pose, None, None
430.02, [INFO], r1, {'battery-level': '28.55'}, battery_charge, None, None
440.01, [INFO], r1, {'y': 31.746, 'x': -36.541, 'yaw': 3.142}, pose, None, None
440.01, [INFO], r1, {'battery-level': '28.05'}, battery_charge, None, None
450.10, [INFO], r1, {'battery-level': '27.55'}, battery_charge, None, None
450.10, [INFO], r1, {'y': 33.869, 'x': -36.888, 'yaw': -3.141}, pose, None, None
460.02, [INFO], r1, {'battery-level': '27.05'}, battery_charge, None, None
460.02, [INFO], r1, {'y': 35.856, 'x': -36.959, 'yaw': -3.142}, pose, None, None
470.05, [INFO], r1, {'y': 36.029, 'x': -36.935, 'yaw': -3.141}, pose, None, None
470.05, [INFO], r1, {'battery-level': '26.55'}, battery_charge, None, None
480.07, [INFO], r1, {'y': 36.089, 'x': -36.978, 'yaw': 3.142}, pose, None, None
480.07, [INFO], r1, {'battery-level': '26.05'}, battery_charge, None, None
481.45, [INFO], r1, skill-success, None, navto, None
481.55, [INFO], r1, started skill, None, approach-arm, None
481.55, [INFO], r1, sent message, None, None, None
481.55, [INFO], r1, skill-success, None, approach-arm, None
481.55, [INFO], r1, started skill, None, open-drawer, None
481.55, [INFO], r1, sent message, None, None, None
481.55, [INFO], r1, skill-success, None, open-drawer, None
481.55, [INFO], r1, started skill, None, pick-up-sample, None
481.55, [INFO], r1, sent message, None, None, None
481.55, [INFO], r1, skill-success, None, pick-up-sample, None
481.55, [INFO], r1, started skill, None, close-drawer, None
481.55, [INFO], r1, sent message, None, None, None
481.55, [INFO], r1, skill-success, None, close-drawer, None
481.55, [WARN], r1, SUCCESS, None, None, None
