0.19, [DEBUG], logger, ROBOTS_CONFIG={'capabilities': ['approach_person', 'approach_robot', 'authenticate_person', 'navigation', 'operate_drawer'], 'battery_charge': 0.5, 'nurse_pose': [-11.5, 18.0, -1.57], 'robot_pose': [-32.88, 33.98, 3.14]}, None, None, None
0.19, [DEBUG], logger, Simulation open, None, None, None
10.09, [INFO], r1, {'y': 33.98, 'x': -32.88, 'yaw': -3.142}, pose, None, None
10.09, [INFO], r1, {'battery-level': '49.55'}, battery_charge, None, None
10.58, [INFO], r1, started skill, None, navto, None
20.01, [INFO], r1, {'y': 34.653, 'x': -34.693, 'yaw': -3.142}, pose, None, None
20.01, [INFO], r1, {'battery-level': '49.05'}, battery_charge, None, None
30.04, [INFO], r1, {'y': 33.714, 'x': -36.229, 'yaw': 3.142}, pose, None, None
30.04, [INFO], r1, {'battery-level': '48.55'}, battery_charge, None, None
40.06, [INFO], r1, {'y': 31.594, 'x': -36.237, 'yaw': 3.142}, pose, None, None
40.06, [INFO], r1, {'battery-level': '48.05'}, battery_charge, None, None
50.08, [INFO], r1, {'y': 29.487, 'x': -36.249, 'yaw': -3.142}, pose, None, None
50.08, [INFO], r1, {'battery-level': '47.55'}, battery_charge, None, None
60.01, [INFO], r1, {'y': 27.384, 'x': -36.309, 'yaw': 3.141}, pose, None, None
60.01, [INFO], r1, {'battery-level': '47.05'}, battery_charge, None, None
70.01, [INFO], r1, {'y': 25.271, 'x': -36.384, 'yaw': 3.14}, pose, None, None
70.01, [INFO], r1, {'battery-level': '46.55'}, battery_charge, None, None
80.02, [INFO], r1, {'y': 23.158, 'x': -36.511, 'yaw': 3.14}, pose, None, None
80.02, [INFO], r1, {'battery-level': '46.05'}, battery_charge, None, None
90.02, [INFO], r1, {'y': 21.041, 'x': -36.65, 'yaw': -3.142}, pose, None, None
90.02, [INFO], r1, {'battery-level': '45.55'}, battery_charge, None, None
100.03, [INFO], r1, {'y': 18.934, 'x': -36.702, 'yaw': 3.142}, pose, None, None
100.03, [INFO], r1, {'battery-level': '45.05'}, battery_charge, None, None
110.02, [INFO], r1, {'y': 16.836, 'x': -36.778, 'yaw': 3.141}, pose, None, None
110.02, [INFO], r1, {'battery-level': '44.55'}, battery_charge, None, None
120.02, [INFO], r1, {'y': 15.647, 'x': -35.574, 'yaw': -3.142}, pose, None, None
120.02, [INFO], r1, {'battery-level': '44.05'}, battery_charge, None, None
130.01, [INFO], r1, {'battery-level': '43.55'}, battery_charge, None, None
130.01, [INFO], r1, {'y': 15.427, 'x': -33.477, 'yaw': 3.141}, pose, None, None
140.02, [INFO], r1, {'y': 15.51, 'x': -31.357, 'yaw': 3.142}, pose, None, None
140.02, [INFO], r1, {'battery-level': '43.05'}, battery_charge, None, None
150.02, [INFO], r1, {'battery-level': '42.55'}, battery_charge, None, None
150.02, [INFO], r1, {'y': 15.694, 'x': -29.246, 'yaw': -3.141}, pose, None, None
160.00, [INFO], r1, {'y': 15.897, 'x': -27.129, 'yaw': 3.141}, pose, None, None
160.00, [INFO], r1, {'battery-level': '42.05'}, battery_charge, None, None
170.00, [INFO], r1, {'y': 16.142, 'x': -25.039, 'yaw': -3.142}, pose, None, None
170.00, [INFO], r1, {'battery-level': '41.55'}, battery_charge, None, None
180.09, [INFO], r1, {'y': 16.203, 'x': -22.914, 'yaw': 3.141}, pose, None, None
180.09, [INFO], r1, {'battery-level': '41.05'}, battery_charge, None, None
190.07, [INFO], r1, {'y': 16.265, 'x': -20.803, 'yaw': 3.141}, pose, None, None
190.07, [INFO], r1, {'battery-level': '40.55'}, battery_charge, None, None
200.05, [INFO], r1, {'y': 16.395, 'x': -18.693, 'yaw': 3.141}, pose, None, None
200.05, [INFO], r1, {'battery-level': '40.05'}, battery_charge, None, None
210.05, [INFO], r1, {'battery-level': '39.55'}, battery_charge, None, None
210.05, [INFO], r1, {'y': 16.136, 'x': -16.592, 'yaw': 3.142}, pose, None, None
220.04, [INFO], r1, {'y': 16.09, 'x': -14.483, 'yaw': -3.142}, pose, None, None
220.04, [INFO], r1, {'battery-level': '39.05'}, battery_charge, None, None
230.06, [INFO], r1, {'battery-level': '38.55'}, battery_charge, None, None
230.06, [INFO], r1, {'y': 16.465, 'x': -12.397, 'yaw': 3.142}, pose, None, None
240.03, [INFO], r1, {'battery-level': '38.05'}, battery_charge, None, None
240.03, [INFO], r1, {'y': 17.95, 'x': -11.562, 'yaw': -3.136}, pose, None, None
247.26, [INFO], r1, skill-success, None, navto, None
247.26, [INFO], r1, started skill, None, approach-nurse, None
247.26, [INFO], r1, sent message, None, None, None
247.26, [INFO], r1, skill-success, None, approach-nurse, None
247.26, [INFO], r1, started skill, None, authenticate-nurse, None
247.26, [WARN], r1, SKILL-FAILURE, None, authenticate-nurse, None
250.09, [INFO], r1, {'y': 17.988, 'x': -11.55, 'yaw': 3.142}, pose, None, None
250.09, [INFO], r1, {'battery-level': '37.55'}, battery_charge, None, None
