9.76, [INFO], r1, started skill, None, navto, None
10.06, [INFO], r1, {'y': 33.98, 'x': -32.892, 'yaw': 3.141}, pose, None, None
10.06, [INFO], r1, {'battery-level': '49.60'}, battery_charge, None, None
20.10, [INFO], r1, {'y': 34.662, 'x': -34.917, 'yaw': 3.141}, pose, None, None
20.10, [INFO], r1, {'battery-level': '49.10'}, battery_charge, None, None
30.03, [INFO], r1, {'battery-level': '48.60'}, battery_charge, None, None
30.03, [INFO], r1, {'y': 33.491, 'x': -36.229, 'yaw': 3.142}, pose, None, None
40.07, [INFO], r1, {'battery-level': '48.10'}, battery_charge, None, None
40.07, [INFO], r1, {'y': 31.371, 'x': -36.249, 'yaw': 3.142}, pose, None, None
50.01, [INFO], r1, {'y': 29.27, 'x': -36.305, 'yaw': -3.142}, pose, None, None
50.01, [INFO], r1, {'battery-level': '47.60'}, battery_charge, None, None
60.04, [INFO], r1, {'y': 27.164, 'x': -36.419, 'yaw': 3.141}, pose, None, None
60.04, [INFO], r1, {'battery-level': '47.10'}, battery_charge, None, None
70.08, [INFO], r1, {'y': 25.05, 'x': -36.468, 'yaw': 3.141}, pose, None, None
70.08, [INFO], r1, {'battery-level': '46.60'}, battery_charge, None, None
80.00, [INFO], r1, {'y': 22.964, 'x': -36.557, 'yaw': 3.141}, pose, None, None
80.00, [INFO], r1, {'battery-level': '46.10'}, battery_charge, None, None
90.04, [INFO], r1, {'y': 20.858, 'x': -36.655, 'yaw': 3.142}, pose, None, None
90.04, [INFO], r1, {'battery-level': '45.60'}, battery_charge, None, None
100.07, [INFO], r1, {'y': 18.742, 'x': -36.659, 'yaw': 3.139}, pose, None, None
100.07, [INFO], r1, {'battery-level': '45.10'}, battery_charge, None, None
110.01, [INFO], r1, {'battery-level': '44.60'}, battery_charge, None, None
110.01, [INFO], r1, {'y': 16.643, 'x': -36.752, 'yaw': 3.14}, pose, None, None
120.04, [INFO], r1, {'y': 15.566, 'x': -35.306, 'yaw': -3.142}, pose, None, None
120.04, [INFO], r1, {'battery-level': '44.10'}, battery_charge, None, None
130.08, [INFO], r1, {'y': 15.455, 'x': -33.194, 'yaw': 3.137}, pose, None, None
130.08, [INFO], r1, {'battery-level': '43.60'}, battery_charge, None, None
140.01, [INFO], r1, {'battery-level': '43.10'}, battery_charge, None, None
140.01, [INFO], r1, {'y': 15.521, 'x': -31.091, 'yaw': -3.142}, pose, None, None
150.04, [INFO], r1, {'y': 15.719, 'x': -28.973, 'yaw': 3.141}, pose, None, None
150.04, [INFO], r1, {'battery-level': '42.60'}, battery_charge, None, None
160.08, [INFO], r1, {'y': 15.97, 'x': -26.861, 'yaw': 3.142}, pose, None, None
160.08, [INFO], r1, {'battery-level': '42.10'}, battery_charge, None, None
170.01, [INFO], r1, {'y': 15.996, 'x': -24.757, 'yaw': 3.142}, pose, None, None
170.01, [INFO], r1, {'battery-level': '41.60'}, battery_charge, None, None
180.04, [INFO], r1, {'y': 16.018, 'x': -22.647, 'yaw': 3.142}, pose, None, None
180.04, [INFO], r1, {'battery-level': '41.10'}, battery_charge, None, None
190.08, [INFO], r1, {'y': 16.133, 'x': -20.527, 'yaw': -3.14}, pose, None, None
190.08, [INFO], r1, {'battery-level': '40.60'}, battery_charge, None, None
200.01, [INFO], r1, {'y': 16.081, 'x': -18.429, 'yaw': 3.139}, pose, None, None
200.01, [INFO], r1, {'battery-level': '40.10'}, battery_charge, None, None
210.05, [INFO], r1, {'y': 15.936, 'x': -16.322, 'yaw': 3.142}, pose, None, None
210.05, [INFO], r1, {'battery-level': '39.60'}, battery_charge, None, None
220.09, [INFO], r1, {'y': 15.987, 'x': -14.205, 'yaw': 3.141}, pose, None, None
220.09, [INFO], r1, {'battery-level': '39.10'}, battery_charge, None, None
230.02, [INFO], r1, {'battery-level': '38.60'}, battery_charge, None, None
230.02, [INFO], r1, {'y': 16.657, 'x': -12.202, 'yaw': 3.142}, pose, None, None
240.05, [INFO], r1, {'y': 17.938, 'x': -11.522, 'yaw': 3.142}, pose, None, None
240.05, [INFO], r1, {'battery-level': '38.10'}, battery_charge, None, None
250.08, [INFO], r1, {'y': 18.045, 'x': -11.499, 'yaw': 3.142}, pose, None, None
250.08, [INFO], r1, {'battery-level': '37.60'}, battery_charge, None, None
251.59, [INFO], r1, skill-success, None, navto, None
251.59, [INFO], r1, started skill, None, approach-nurse, None
251.59, [INFO], r1, sent message, None, None, None
251.59, [INFO], r1, skill-success, None, approach-nurse, None
251.59, [INFO], r1, started skill, None, authenticate-nurse, None
251.59, [INFO], r1, started skill, None, open-drawer, None
251.59, [INFO], r1, sent message, None, None, None
251.59, [INFO], r1, skill-success, None, open-drawer, None
251.59, [INFO], r1, started skill, None, deposit, None
251.59, [INFO], r1, sent message, None, None, None
251.59, [INFO], r1, skill-success, None, deposit, None
251.59, [INFO], r1, started skill, None, close-drawer, None
251.59, [INFO], r1, sent message, None, None, None
251.59, [INFO], r1, skill-success, None, close-drawer, None
251.59, [INFO], r1, started skill, None, navto, None
260.02, [INFO], r1, {'y': 16.523, 'x': -12.376, 'yaw': 3.142}, pose, None, None
260.02, [INFO], r1, {'battery-level': '37.10'}, battery_charge, None, None
270.05, [INFO], r1, {'y': 16.252, 'x': -14.449, 'yaw': -3.142}, pose, None, None
270.05, [INFO], r1, {'battery-level': '36.60'}, battery_charge, None, None
280.08, [INFO], r1, {'y': 16.173, 'x': -16.564, 'yaw': 3.141}, pose, None, None
280.08, [INFO], r1, {'battery-level': '36.10'}, battery_charge, None, None
290.01, [INFO], r1, {'y': 16.23, 'x': -18.651, 'yaw': -3.141}, pose, None, None
290.01, [INFO], r1, {'battery-level': '35.60'}, battery_charge, None, None
300.05, [INFO], r1, {'battery-level': '35.10'}, battery_charge, None, None
300.05, [INFO], r1, {'y': 16.391, 'x': -20.759, 'yaw': -3.142}, pose, None, None
310.09, [INFO], r1, {'y': 16.21, 'x': -22.873, 'yaw': 3.141}, pose, None, None
310.09, [INFO], r1, {'battery-level': '34.60'}, battery_charge, None, None
320.02, [INFO], r1, {'y': 16.107, 'x': -24.969, 'yaw': 3.141}, pose, None, None
320.02, [INFO], r1, {'battery-level': '34.10'}, battery_charge, None, None
330.07, [INFO], r1, {'y': 15.981, 'x': -27.094, 'yaw': 3.141}, pose, None, None
330.07, [INFO], r1, {'battery-level': '33.60'}, battery_charge, None, None
340.00, [INFO], r1, {'battery-level': '33.10'}, battery_charge, None, None
340.00, [INFO], r1, {'y': 16.144, 'x': -29.178, 'yaw': 3.142}, pose, None, None
350.04, [INFO], r1, {'battery-level': '32.60'}, battery_charge, None, None
350.04, [INFO], r1, {'y': 16.014, 'x': -31.306, 'yaw': -3.141}, pose, None, None
360.07, [INFO], r1, {'battery-level': '32.10'}, battery_charge, None, None
360.07, [INFO], r1, {'y': 15.66, 'x': -33.407, 'yaw': 3.141}, pose, None, None
370.00, [INFO], r1, {'y': 15.826, 'x': -35.367, 'yaw': -3.142}, pose, None, None
370.00, [INFO], r1, {'battery-level': '31.60'}, battery_charge, None, None
380.03, [INFO], r1, {'y': 17.764, 'x': -36.08, 'yaw': 3.141}, pose, None, None
380.03, [INFO], r1, {'battery-level': '31.10'}, battery_charge, None, None
390.06, [INFO], r1, {'battery-level': '30.60'}, battery_charge, None, None
390.06, [INFO], r1, {'y': 19.881, 'x': -36.211, 'yaw': 3.141}, pose, None, None
400.10, [INFO], r1, {'y': 22.001, 'x': -36.262, 'yaw': 3.14}, pose, None, None
400.10, [INFO], r1, {'battery-level': '30.10'}, battery_charge, None, None
410.03, [INFO], r1, {'battery-level': '29.60'}, battery_charge, None, None
410.03, [INFO], r1, {'y': 24.092, 'x': -36.28, 'yaw': 3.141}, pose, None, None
420.07, [INFO], r1, {'y': 26.216, 'x': -36.295, 'yaw': 3.14}, pose, None, None
420.07, [INFO], r1, {'battery-level': '29.10'}, battery_charge, None, None
430.00, [INFO], r1, {'y': 28.308, 'x': -36.348, 'yaw': 3.141}, pose, None, None
430.00, [INFO], r1, {'battery-level': '28.60'}, battery_charge, None, None
440.04, [INFO], r1, {'y': 30.436, 'x': -36.398, 'yaw': -3.138}, pose, None, None
440.04, [INFO], r1, {'battery-level': '28.10'}, battery_charge, None, None
450.07, [INFO], r1, {'y': 32.557, 'x': -36.628, 'yaw': 3.141}, pose, None, None
450.07, [INFO], r1, {'battery-level': '27.60'}, battery_charge, None, None
460.01, [INFO], r1, {'y': 34.645, 'x': -36.903, 'yaw': 3.141}, pose, None, None
460.01, [INFO], r1, {'battery-level': '27.10'}, battery_charge, None, None
470.04, [INFO], r1, {'battery-level': '26.60'}, battery_charge, None, None
470.04, [INFO], r1, {'y': 36.005, 'x': -37.011, 'yaw': -3.141}, pose, None, None
477.97, [INFO], r1, skill-success, None, navto, None
477.97, [INFO], r1, started skill, None, approach-arm, None
477.97, [INFO], r1, sent message, None, None, None
477.97, [INFO], r1, skill-success, None, approach-arm, None
477.97, [INFO], r1, started skill, None, open-drawer, None
477.97, [INFO], r1, sent message, None, None, None
477.97, [INFO], r1, skill-success, None, open-drawer, None
477.97, [INFO], r1, started skill, None, pick-up-sample, None
477.97, [INFO], r1, sent message, None, None, None
477.97, [INFO], r1, skill-success, None, pick-up-sample, None
477.97, [INFO], r1, started skill, None, close-drawer, None
477.97, [INFO], r1, sent message, None, None, None
477.97, [INFO], r1, skill-success, None, close-drawer, None
477.97, [WARN], r1, SUCCESS, None, None, None
480.08, [INFO], r1, {'battery-level': '26.10'}, battery_charge, None, None
480.08, [INFO], r1, {'y': 36.025, 'x': -36.98, 'yaw': -3.142}, pose, None, None
