0.19, [DEBUG], logger, ROBOTS_CONFIG={'capabilities': ['approach_person', 'approach_robot', 'authenticate_person', 'navigation', 'operate_drawer'], 'battery_charge': 0.5, 'nurse_pose': [-27.25, 13.0, 1.57], 'robot_pose': [-33.9, 18.93, 3.14]}, None, None, None
0.19, [DEBUG], logger, Simulation open, None, None, None
10.06, [INFO], r1, {'y': 18.93, 'x': -33.9, 'yaw': 3.142}, pose, None, None
10.06, [INFO], r1, {'battery-level': '49.55'}, battery_charge, None, None
10.55, [INFO], r1, started skill, None, navto, None
20.05, [INFO], r1, {'y': 17.749, 'x': -35.27, 'yaw': -3.14}, pose, None, None
20.05, [INFO], r1, {'battery-level': '49.05'}, battery_charge, None, None
30.03, [INFO], r1, {'y': 16.251, 'x': -36.49, 'yaw': 3.141}, pose, None, None
30.03, [INFO], r1, {'battery-level': '48.55'}, battery_charge, None, None
40.03, [INFO], r1, {'y': 15.413, 'x': -34.62, 'yaw': 3.142}, pose, None, None
40.03, [INFO], r1, {'battery-level': '48.05'}, battery_charge, None, None
50.01, [INFO], r1, {'battery-level': '47.55'}, battery_charge, None, None
50.01, [INFO], r1, {'y': 15.481, 'x': -32.505, 'yaw': 3.142}, pose, None, None
60.10, [INFO], r1, {'y': 15.496, 'x': -30.384, 'yaw': -3.142}, pose, None, None
60.10, [INFO], r1, {'battery-level': '47.05'}, battery_charge, None, None
70.07, [INFO], r1, {'y': 15.738, 'x': -28.287, 'yaw': 3.142}, pose, None, None
70.07, [INFO], r1, {'battery-level': '46.55'}, battery_charge, None, None
80.06, [INFO], r1, {'y': 14.615, 'x': -27.235, 'yaw': 3.141}, pose, None, None
80.06, [INFO], r1, {'battery-level': '46.05'}, battery_charge, None, None
90.04, [INFO], r1, {'y': 12.986, 'x': -27.393, 'yaw': -3.142}, pose, None, None
90.04, [INFO], r1, {'battery-level': '45.55'}, battery_charge, None, None
99.48, [INFO], r1, skill-success, None, navto, None
99.48, [INFO], r1, started skill, None, approach-nurse, None
99.48, [INFO], r1, sent message, None, None, None
99.48, [INFO], r1, sent message, None, None, None
99.48, [INFO], r1, started skill, None, open-drawer, None
99.48, [INFO], r1, sent message, None, None, None
99.48, [INFO], r1, skill-success, None, open-drawer, None
99.48, [INFO], r1, started skill, None, deposit, None
99.48, [INFO], r1, sent message, None, None, None
99.48, [INFO], r1, skill-success, None, deposit, None
99.48, [INFO], r1, started skill, None, close-drawer, None
99.48, [INFO], r1, sent message, None, None, None
99.48, [INFO], r1, skill-success, None, close-drawer, None
99.48, [INFO], r1, started skill, None, navto, None
100.08, [INFO], r1, {'y': 13.011, 'x': -27.375, 'yaw': 3.141}, pose, None, None
100.08, [INFO], r1, {'battery-level': '45.05'}, battery_charge, None, None
110.07, [INFO], r1, {'battery-level': '44.55'}, battery_charge, None, None
110.07, [INFO], r1, {'y': 15.128, 'x': -27.376, 'yaw': -3.142}, pose, None, None
120.06, [INFO], r1, {'y': 15.703, 'x': -28.944, 'yaw': 3.142}, pose, None, None
120.06, [INFO], r1, {'battery-level': '44.05'}, battery_charge, None, None
130.06, [INFO], r1, {'y': 15.649, 'x': -31.05, 'yaw': 3.142}, pose, None, None
130.06, [INFO], r1, {'battery-level': '43.55'}, battery_charge, None, None
140.05, [INFO], r1, {'y': 15.575, 'x': -33.156, 'yaw': 3.141}, pose, None, None
140.05, [INFO], r1, {'battery-level': '43.05'}, battery_charge, None, None
150.04, [INFO], r1, {'y': 15.638, 'x': -35.231, 'yaw': -3.142}, pose, None, None
150.04, [INFO], r1, {'battery-level': '42.55'}, battery_charge, None, None
160.04, [INFO], r1, {'y': 17.464, 'x': -36.093, 'yaw': -3.142}, pose, None, None
160.04, [INFO], r1, {'battery-level': '42.05'}, battery_charge, None, None
170.03, [INFO], r1, {'y': 19.573, 'x': -36.193, 'yaw': -3.138}, pose, None, None
170.03, [INFO], r1, {'battery-level': '41.55'}, battery_charge, None, None
180.02, [INFO], r1, {'y': 21.675, 'x': -36.245, 'yaw': 3.141}, pose, None, None
180.02, [INFO], r1, {'battery-level': '41.05'}, battery_charge, None, None
190.04, [INFO], r1, {'y': 23.799, 'x': -36.296, 'yaw': 3.14}, pose, None, None
190.04, [INFO], r1, {'battery-level': '40.55'}, battery_charge, None, None
200.03, [INFO], r1, {'y': 25.911, 'x': -36.254, 'yaw': 3.14}, pose, None, None
200.03, [INFO], r1, {'battery-level': '40.05'}, battery_charge, None, None
210.02, [INFO], r1, {'battery-level': '39.55'}, battery_charge, None, None
210.02, [INFO], r1, {'y': 28.034, 'x': -36.312, 'yaw': 3.142}, pose, None, None
220.05, [INFO], r1, {'battery-level': '39.05'}, battery_charge, None, None
220.05, [INFO], r1, {'y': 30.164, 'x': -36.375, 'yaw': 3.142}, pose, None, None
230.05, [INFO], r1, {'y': 32.281, 'x': -36.569, 'yaw': 3.141}, pose, None, None
230.05, [INFO], r1, {'battery-level': '38.55'}, battery_charge, None, None
240.08, [INFO], r1, {'battery-level': '38.05'}, battery_charge, None, None
240.08, [INFO], r1, {'y': 34.386, 'x': -36.994, 'yaw': -3.142}, pose, None, None
250.09, [INFO], r1, {'y': 36.058, 'x': -36.994, 'yaw': -3.142}, pose, None, None
250.09, [INFO], r1, {'battery-level': '37.55'}, battery_charge, None, None
254.76, [INFO], r1, skill-success, None, navto, None
254.76, [INFO], r1, started skill, None, approach-arm, None
254.76, [INFO], r1, sent message, None, None, None
254.76, [INFO], r1, skill-success, None, approach-arm, None
254.76, [INFO], r1, started skill, None, open-drawer, None
254.76, [INFO], r1, sent message, None, None, None
254.76, [INFO], r1, skill-success, None, open-drawer, None
254.76, [INFO], r1, started skill, None, pick-up-sample, None
254.76, [INFO], r1, sent message, None, None, None
254.76, [INFO], r1, skill-success, None, pick-up-sample, None
254.76, [INFO], r1, started skill, None, close-drawer, None
254.76, [INFO], r1, sent message, None, None, None
254.76, [INFO], r1, skill-success, None, close-drawer, None
254.76, [WARN], r1, SUCCESS, None, None, None
260.06, [INFO], r1, {'battery-level': '37.05'}, battery_charge, None, None
260.06, [INFO], r1, {'y': 36.072, 'x': -37.0, 'yaw': 3.142}, pose, None, None
