9.49, [INFO], r1, started skill, None, navto, None
10.09, [INFO], r1, {'y': 18.929, 'x': -33.941, 'yaw': 3.14}, pose, None, None
10.09, [INFO], r1, {'battery-level': '49.55'}, battery_charge, None, None
20.09, [INFO], r1, {'y': 17.713, 'x': -35.511, 'yaw': -3.141}, pose, None, None
20.09, [INFO], r1, {'battery-level': '49.05'}, battery_charge, None, None
30.09, [INFO], r1, {'battery-level': '48.55'}, battery_charge, None, None
30.09, [INFO], r1, {'y': 16.03, 'x': -36.433, 'yaw': 3.141}, pose, None, None
40.03, [INFO], r1, {'y': 15.395, 'x': -34.433, 'yaw': -3.142}, pose, None, None
40.03, [INFO], r1, {'battery-level': '48.05'}, battery_charge, None, None
50.09, [INFO], r1, {'y': 15.498, 'x': -32.299, 'yaw': -3.142}, pose, None, None
50.09, [INFO], r1, {'battery-level': '47.55'}, battery_charge, None, None
60.03, [INFO], r1, {'y': 15.628, 'x': -30.199, 'yaw': 3.142}, pose, None, None
60.03, [INFO], r1, {'battery-level': '47.05'}, battery_charge, None, None
70.05, [INFO], r1, {'battery-level': '46.55'}, battery_charge, None, None
70.05, [INFO], r1, {'y': 15.798, 'x': -28.086, 'yaw': 3.142}, pose, None, None
80.07, [INFO], r1, {'y': 14.26, 'x': -27.276, 'yaw': -3.139}, pose, None, None
80.07, [INFO], r1, {'battery-level': '46.05'}, battery_charge, None, None
90.04, [INFO], r1, {'y': 12.923, 'x': -27.407, 'yaw': 3.141}, pose, None, None
90.04, [INFO], r1, {'battery-level': '45.55'}, battery_charge, None, None
100.03, [INFO], r1, {'y': 12.866, 'x': -27.341, 'yaw': -3.142}, pose, None, None
100.03, [INFO], r1, {'battery-level': '45.05'}, battery_charge, None, None
101.28, [INFO], r1, skill-success, None, navto, None
101.28, [INFO], r1, started skill, None, approach-nurse, None
101.28, [INFO], r1, sent message, None, None, None
101.28, [INFO], r1, skill-success, None, approach-nurse, None
101.28, [INFO], r1, started skill, None, authenticate-nurse, None
101.37, [INFO], r1, sent message, None, None, None
101.37, [INFO], r1, skill-success, None, authenticate-nurse, None
101.37, [INFO], r1, started skill, None, open-drawer, None
101.37, [INFO], r1, sent message, None, None, None
101.37, [INFO], r1, skill-success, None, open-drawer, None
101.37, [INFO], r1, started skill, None, deposit, None
101.37, [INFO], r1, sent message, None, None, None
101.37, [INFO], r1, skill-success, None, deposit, None
101.37, [INFO], r1, started skill, None, close-drawer, None
101.37, [INFO], r1, sent message, None, None, None
101.37, [INFO], r1, skill-success, None, close-drawer, None
101.37, [INFO], r1, started skill, None, navto, None
110.01, [INFO], r1, {'y': 14.62, 'x': -27.408, 'yaw': 3.141}, pose, None, None
110.01, [INFO], r1, {'battery-level': '44.55'}, battery_charge, None, None
120.04, [INFO], r1, {'battery-level': '44.05'}, battery_charge, None, None
120.04, [INFO], r1, {'y': 15.554, 'x': -28.551, 'yaw': 3.141}, pose, None, None
130.08, [INFO], r1, {'y': 15.501, 'x': -30.679, 'yaw': 3.142}, pose, None, None
130.08, [INFO], r1, {'battery-level': '43.55'}, battery_charge, None, None
140.03, [INFO], r1, {'y': 15.415, 'x': -32.783, 'yaw': -3.142}, pose, None, None
140.03, [INFO], r1, {'battery-level': '43.05'}, battery_charge, None, None
150.04, [INFO], r1, {'y': 15.489, 'x': -34.905, 'yaw': -3.142}, pose, None, None
150.04, [INFO], r1, {'battery-level': '42.55'}, battery_charge, None, None
160.02, [INFO], r1, {'y': 17.153, 'x': -36.113, 'yaw': 3.141}, pose, None, None
160.02, [INFO], r1, {'battery-level': '42.05'}, battery_charge, None, None
170.02, [INFO], r1, {'y': 19.274, 'x': -36.154, 'yaw': -3.141}, pose, None, None
170.02, [INFO], r1, {'battery-level': '41.55'}, battery_charge, None, None
180.09, [INFO], r1, {'battery-level': '41.05'}, battery_charge, None, None
180.09, [INFO], r1, {'y': 21.397, 'x': -36.271, 'yaw': 3.142}, pose, None, None
190.09, [INFO], r1, {'y': 23.521, 'x': -36.29, 'yaw': 3.141}, pose, None, None
190.09, [INFO], r1, {'battery-level': '40.55'}, battery_charge, None, None
200.05, [INFO], r1, {'y': 25.636, 'x': -36.317, 'yaw': -3.142}, pose, None, None
200.05, [INFO], r1, {'battery-level': '40.05'}, battery_charge, None, None
210.06, [INFO], r1, {'y': 27.751, 'x': -36.375, 'yaw': -3.142}, pose, None, None
210.06, [INFO], r1, {'battery-level': '39.55'}, battery_charge, None, None
220.06, [INFO], r1, {'y': 29.86, 'x': -36.413, 'yaw': 3.142}, pose, None, None
220.06, [INFO], r1, {'battery-level': '39.05'}, battery_charge, None, None
230.03, [INFO], r1, {'y': 31.97, 'x': -36.599, 'yaw': 3.141}, pose, None, None
230.03, [INFO], r1, {'battery-level': '38.55'}, battery_charge, None, None
240.06, [INFO], r1, {'y': 34.089, 'x': -36.862, 'yaw': 3.14}, pose, None, None
240.06, [INFO], r1, {'battery-level': '38.05'}, battery_charge, None, None
250.04, [INFO], r1, {'y': 36.052, 'x': -36.92, 'yaw': -3.142}, pose, None, None
250.04, [INFO], r1, {'battery-level': '37.55'}, battery_charge, None, None
256.72, [INFO], r1, skill-success, None, navto, None
256.72, [INFO], r1, started skill, None, approach-arm, None
256.72, [INFO], r1, sent message, None, None, None
256.72, [INFO], r1, skill-success, None, approach-arm, None
256.72, [INFO], r1, started skill, None, open-drawer, None
256.72, [INFO], r1, sent message, None, None, None
256.72, [INFO], r1, skill-success, None, open-drawer, None
256.72, [INFO], r1, started skill, None, pick-up-sample, None
256.72, [WARN], r1, SKILL-FAILURE, None, pick-up-sample, None
260.02, [INFO], r1, {'y': 36.162, 'x': -36.961, 'yaw': 3.142}, pose, None, None
260.02, [INFO], r1, {'battery-level': '37.05'}, battery_charge, None, None
