9.65, [INFO], r1, started skill, None, navto, None
10.03, [INFO], r1, {'y': 18.93, 'x': -33.916, 'yaw': 3.141}, pose, None, None
10.03, [INFO], r1, {'battery-level': '49.60'}, battery_charge, None, None
20.05, [INFO], r1, {'y': 17.742, 'x': -35.477, 'yaw': -3.139}, pose, None, None
20.05, [INFO], r1, {'battery-level': '49.10'}, battery_charge, None, None
30.05, [INFO], r1, {'y': 16.111, 'x': -36.493, 'yaw': -3.142}, pose, None, None
30.05, [INFO], r1, {'battery-level': '48.60'}, battery_charge, None, None
40.04, [INFO], r1, {'y': 15.402, 'x': -34.501, 'yaw': -3.141}, pose, None, None
40.04, [INFO], r1, {'battery-level': '48.10'}, battery_charge, None, None
50.05, [INFO], r1, {'battery-level': '47.60'}, battery_charge, None, None
50.05, [INFO], r1, {'y': 15.58, 'x': -32.379, 'yaw': -3.141}, pose, None, None
60.05, [INFO], r1, {'y': 15.611, 'x': -30.266, 'yaw': 3.142}, pose, None, None
60.05, [INFO], r1, {'battery-level': '47.10'}, battery_charge, None, None
70.07, [INFO], r1, {'y': 15.822, 'x': -28.156, 'yaw': 3.142}, pose, None, None
70.07, [INFO], r1, {'battery-level': '46.60'}, battery_charge, None, None
80.07, [INFO], r1, {'y': 15.857, 'x': -26.039, 'yaw': 3.138}, pose, None, None
80.07, [INFO], r1, {'battery-level': '46.10'}, battery_charge, None, None
90.07, [INFO], r1, {'battery-level': '45.60'}, battery_charge, None, None
90.07, [INFO], r1, {'y': 15.803, 'x': -23.914, 'yaw': -3.141}, pose, None, None
100.05, [INFO], r1, {'y': 15.722, 'x': -21.823, 'yaw': 3.141}, pose, None, None
100.05, [INFO], r1, {'battery-level': '45.10'}, battery_charge, None, None
110.04, [INFO], r1, {'battery-level': '44.60'}, battery_charge, None, None
110.04, [INFO], r1, {'y': 15.499, 'x': -19.717, 'yaw': 3.141}, pose, None, None
120.03, [INFO], r1, {'battery-level': '44.10'}, battery_charge, None, None
120.03, [INFO], r1, {'y': 14.374, 'x': -18.038, 'yaw': -3.142}, pose, None, None
130.08, [INFO], r1, {'battery-level': '43.60'}, battery_charge, None, None
130.08, [INFO], r1, {'y': 12.928, 'x': -18.12, 'yaw': 3.141}, pose, None, None
136.02, [INFO], r1, skill-success, None, navto, None
136.02, [INFO], r1, started skill, None, approach-nurse, None
136.02, [INFO], r1, sent message, None, None, None
136.02, [INFO], r1, skill-success, None, approach-nurse, None
136.02, [INFO], r1, started skill, None, authenticate-nurse, None
136.02, [INFO], r1, started skill, None, open-drawer, None
136.02, [INFO], r1, sent message, None, None, None
136.02, [INFO], r1, skill-success, None, open-drawer, None
136.12, [INFO], r1, started skill, None, deposit, None
136.12, [INFO], r1, sent message, None, None, None
136.12, [INFO], r1, skill-success, None, deposit, None
136.12, [INFO], r1, started skill, None, close-drawer, None
136.12, [INFO], r1, sent message, None, None, None
136.12, [INFO], r1, skill-success, None, close-drawer, None
136.12, [INFO], r1, started skill, None, navto, None
140.09, [INFO], r1, {'y': 12.983, 'x': -18.284, 'yaw': 3.141}, pose, None, None
140.09, [INFO], r1, {'battery-level': '43.10'}, battery_charge, None, None
150.06, [INFO], r1, {'battery-level': '42.60'}, battery_charge, None, None
150.06, [INFO], r1, {'y': 14.978, 'x': -18.566, 'yaw': -3.142}, pose, None, None
160.03, [INFO], r1, {'battery-level': '42.10'}, battery_charge, None, None
160.03, [INFO], r1, {'y': 15.717, 'x': -20.548, 'yaw': 3.141}, pose, None, None
170.03, [INFO], r1, {'y': 15.745, 'x': -22.666, 'yaw': -3.141}, pose, None, None
170.03, [INFO], r1, {'battery-level': '41.60'}, battery_charge, None, None
180.03, [INFO], r1, {'y': 15.749, 'x': -24.787, 'yaw': 3.14}, pose, None, None
180.03, [INFO], r1, {'battery-level': '41.10'}, battery_charge, None, None
190.05, [INFO], r1, {'battery-level': '40.60'}, battery_charge, None, None
190.05, [INFO], r1, {'y': 15.803, 'x': -26.921, 'yaw': 3.142}, pose, None, None
200.05, [INFO], r1, {'battery-level': '40.10'}, battery_charge, None, None
200.05, [INFO], r1, {'y': 15.945, 'x': -29.039, 'yaw': -3.142}, pose, None, None
210.04, [INFO], r1, {'y': 15.876, 'x': -31.146, 'yaw': 3.141}, pose, None, None
210.04, [INFO], r1, {'battery-level': '39.60'}, battery_charge, None, None
220.06, [INFO], r1, {'y': 15.673, 'x': -33.264, 'yaw': 3.142}, pose, None, None
220.06, [INFO], r1, {'battery-level': '39.10'}, battery_charge, None, None
230.06, [INFO], r1, {'battery-level': '38.60'}, battery_charge, None, None
230.06, [INFO], r1, {'y': 15.821, 'x': -35.294, 'yaw': -3.142}, pose, None, None
240.06, [INFO], r1, {'battery-level': '38.10'}, battery_charge, None, None
240.06, [INFO], r1, {'y': 17.67, 'x': -36.111, 'yaw': -3.14}, pose, None, None
250.03, [INFO], r1, {'y': 19.773, 'x': -36.193, 'yaw': 3.141}, pose, None, None
250.03, [INFO], r1, {'battery-level': '37.60'}, battery_charge, None, None
260.09, [INFO], r1, {'y': 21.902, 'x': -36.263, 'yaw': 3.14}, pose, None, None
260.09, [INFO], r1, {'battery-level': '37.10'}, battery_charge, None, None
270.00, [INFO], r1, {'y': 23.987, 'x': -36.33, 'yaw': -3.142}, pose, None, None
270.00, [INFO], r1, {'battery-level': '36.60'}, battery_charge, None, None
280.06, [INFO], r1, {'battery-level': '36.10'}, battery_charge, None, None
280.06, [INFO], r1, {'y': 26.099, 'x': -36.307, 'yaw': -3.141}, pose, None, None
290.01, [INFO], r1, {'y': 28.191, 'x': -36.355, 'yaw': -3.142}, pose, None, None
290.01, [INFO], r1, {'battery-level': '35.60'}, battery_charge, None, None
300.08, [INFO], r1, {'battery-level': '35.10'}, battery_charge, None, None
300.08, [INFO], r1, {'y': 30.308, 'x': -36.427, 'yaw': -3.136}, pose, None, None
310.01, [INFO], r1, {'y': 32.412, 'x': -36.648, 'yaw': 3.141}, pose, None, None
310.01, [INFO], r1, {'battery-level': '34.60'}, battery_charge, None, None
320.04, [INFO], r1, {'y': 34.537, 'x': -36.819, 'yaw': -3.142}, pose, None, None
320.04, [INFO], r1, {'battery-level': '34.10'}, battery_charge, None, None
330.02, [INFO], r1, {'y': 36.011, 'x': -36.955, 'yaw': -3.142}, pose, None, None
330.02, [INFO], r1, {'battery-level': '33.60'}, battery_charge, None, None
338.34, [INFO], r1, skill-success, None, navto, None
338.34, [INFO], r1, started skill, None, approach-arm, None
338.34, [INFO], r1, sent message, None, None, None
338.34, [INFO], r1, skill-success, None, approach-arm, None
338.34, [INFO], r1, started skill, None, open-drawer, None
338.34, [INFO], r1, sent message, None, None, None
338.34, [INFO], r1, skill-success, None, open-drawer, None
338.34, [INFO], r1, started skill, None, pick-up-sample, None
338.34, [INFO], r1, sent message, None, None, None
338.34, [INFO], r1, skill-success, None, pick-up-sample, None
338.34, [INFO], r1, started skill, None, close-drawer, None
338.43, [INFO], r1, sent message, None, None, None
338.43, [INFO], r1, skill-success, None, close-drawer, None
338.43, [WARN], r1, SUCCESS, None, None, None
340.08, [INFO], r1, {'y': 36.027, 'x': -36.949, 'yaw': -3.142}, pose, None, None
340.08, [INFO], r1, {'battery-level': '33.10'}, battery_charge, None, None
350.09, [INFO], r1, {'y': 36.027, 'x': -36.949, 'yaw': -3.142}, pose, None, None
350.09, [INFO], r1, {'battery-level': '32.60'}, battery_charge, None, None
