9.81, [INFO], r1, started skill, None, navto, None
10.01, [INFO], r1, {'y': 18.93, 'x': -33.9, 'yaw': -3.142}, pose, None, None
10.01, [INFO], r1, {'battery-level': '49.60'}, battery_charge, None, None
20.02, [INFO], r1, {'y': 17.729, 'x': -35.433, 'yaw': 3.139}, pose, None, None
20.02, [INFO], r1, {'battery-level': '49.10'}, battery_charge, None, None
30.01, [INFO], r1, {'y': 16.106, 'x': -36.472, 'yaw': -3.142}, pose, None, None
30.01, [INFO], r1, {'battery-level': '48.60'}, battery_charge, None, None
40.09, [INFO], r1, {'y': 15.397, 'x': -34.47, 'yaw': -3.142}, pose, None, None
40.09, [INFO], r1, {'battery-level': '48.10'}, battery_charge, None, None
50.06, [INFO], r1, {'y': 15.508, 'x': -32.346, 'yaw': -3.142}, pose, None, None
50.06, [INFO], r1, {'battery-level': '47.60'}, battery_charge, None, None
60.00, [INFO], r1, {'y': 15.614, 'x': -30.241, 'yaw': 3.142}, pose, None, None
60.00, [INFO], r1, {'battery-level': '47.10'}, battery_charge, None, None
70.01, [INFO], r1, {'y': 15.76, 'x': -28.651, 'yaw': 3.136}, pose, None, None
70.01, [INFO], r1, {'battery-level': '46.60'}, battery_charge, None, None
80.08, [INFO], r1, {'battery-level': '46.10'}, battery_charge, None, None
80.08, [INFO], r1, {'y': 15.761, 'x': -28.636, 'yaw': -3.142}, pose, None, None
90.03, [INFO], r1, {'y': 15.801, 'x': -28.604, 'yaw': 3.141}, pose, None, None
90.03, [INFO], r1, {'battery-level': '45.60'}, battery_charge, None, None
100.04, [INFO], r1, {'y': 15.801, 'x': -28.601, 'yaw': 3.142}, pose, None, None
100.04, [INFO], r1, {'battery-level': '45.10'}, battery_charge, None, None
110.05, [INFO], r1, {'battery-level': '44.60'}, battery_charge, None, None
110.05, [INFO], r1, {'y': 15.807, 'x': -28.597, 'yaw': -3.141}, pose, None, None
120.04, [INFO], r1, {'y': 16.805, 'x': -28.597, 'yaw': 3.141}, pose, None, None
120.04, [INFO], r1, {'battery-level': '44.10'}, battery_charge, None, None
130.01, [INFO], r1, {'y': 16.624, 'x': -28.723, 'yaw': 3.141}, pose, None, None
130.01, [INFO], r1, {'battery-level': '43.60'}, battery_charge, None, None
140.08, [INFO], r1, {'y': 16.92, 'x': -28.397, 'yaw': -3.141}, pose, None, None
140.08, [INFO], r1, {'battery-level': '43.10'}, battery_charge, None, None
150.08, [INFO], r1, {'y': 16.975, 'x': -28.434, 'yaw': 3.141}, pose, None, None
150.08, [INFO], r1, {'battery-level': '42.60'}, battery_charge, None, None
160.00, [INFO], r1, {'battery-level': '42.10'}, battery_charge, None, None
160.00, [INFO], r1, {'y': 16.765, 'x': -28.439, 'yaw': 3.142}, pose, None, None
170.08, [INFO], r1, {'y': 17.013, 'x': -28.438, 'yaw': 3.14}, pose, None, None
170.08, [INFO], r1, {'battery-level': '41.60'}, battery_charge, None, None
180.06, [INFO], r1, {'battery-level': '41.10'}, battery_charge, None, None
180.06, [INFO], r1, {'y': 17.037, 'x': -28.436, 'yaw': -3.136}, pose, None, None
190.04, [INFO], r1, {'y': 16.856, 'x': -28.441, 'yaw': -3.141}, pose, None, None
190.04, [INFO], r1, {'battery-level': '40.60'}, battery_charge, None, None
200.02, [INFO], r1, {'y': 16.957, 'x': -28.401, 'yaw': -3.14}, pose, None, None
200.02, [INFO], r1, {'battery-level': '40.10'}, battery_charge, None, None
210.05, [INFO], r1, {'y': 17.034, 'x': -28.269, 'yaw': -3.137}, pose, None, None
210.05, [INFO], r1, {'battery-level': '39.60'}, battery_charge, None, None
220.01, [INFO], r1, {'battery-level': '39.10'}, battery_charge, None, None
220.01, [INFO], r1, {'y': 17.111, 'x': -28.345, 'yaw': 3.141}, pose, None, None
230.08, [INFO], r1, {'y': 17.029, 'x': -28.478, 'yaw': 3.141}, pose, None, None
230.08, [INFO], r1, {'battery-level': '38.60'}, battery_charge, None, None
240.05, [INFO], r1, {'y': 16.722, 'x': -28.665, 'yaw': 3.141}, pose, None, None
240.05, [INFO], r1, {'battery-level': '38.10'}, battery_charge, None, None
250.04, [INFO], r1, {'y': 17.145, 'x': -28.329, 'yaw': 3.141}, pose, None, None
250.04, [INFO], r1, {'battery-level': '37.60'}, battery_charge, None, None
260.04, [INFO], r1, {'y': 16.545, 'x': -28.577, 'yaw': 3.141}, pose, None, None
260.04, [INFO], r1, {'battery-level': '37.10'}, battery_charge, None, None
268.04, [WARN], r1, SKILL-FAILURE, None, navto, None
270.02, [INFO], r1, {'y': 17.203, 'x': -28.249, 'yaw': -3.137}, pose, None, None
270.02, [INFO], r1, {'battery-level': '36.60'}, battery_charge, None, None
280.07, [INFO], r1, {'y': 17.203, 'x': -28.25, 'yaw': -3.139}, pose, None, None
280.07, [INFO], r1, {'battery-level': '36.10'}, battery_charge, None, None
