9.48, [INFO], r1, started skill, None, navto, None
10.06, [INFO], r1, {'battery-level': '49.55'}, battery_charge, None, None
10.06, [INFO], r1, {'y': 18.928, 'x': -33.95, 'yaw': 3.14}, pose, None, None
20.02, [INFO], r1, {'y': 17.696, 'x': -35.505, 'yaw': -3.141}, pose, None, None
20.02, [INFO], r1, {'battery-level': '49.05'}, battery_charge, None, None
30.06, [INFO], r1, {'battery-level': '48.55'}, battery_charge, None, None
30.06, [INFO], r1, {'y': 15.966, 'x': -36.382, 'yaw': 3.141}, pose, None, None
40.07, [INFO], r1, {'y': 15.367, 'x': -34.371, 'yaw': -3.141}, pose, None, None
40.07, [INFO], r1, {'battery-level': '48.05'}, battery_charge, None, None
50.03, [INFO], r1, {'y': 15.519, 'x': -32.244, 'yaw': -3.141}, pose, None, None
50.03, [INFO], r1, {'battery-level': '47.55'}, battery_charge, None, None
60.04, [INFO], r1, {'y': 15.584, 'x': -30.117, 'yaw': 3.142}, pose, None, None
60.04, [INFO], r1, {'battery-level': '47.05'}, battery_charge, None, None
70.06, [INFO], r1, {'y': 15.73, 'x': -28.608, 'yaw': 3.142}, pose, None, None
70.06, [INFO], r1, {'battery-level': '46.55'}, battery_charge, None, None
80.06, [INFO], r1, {'battery-level': '46.05'}, battery_charge, None, None
80.06, [INFO], r1, {'y': 15.752, 'x': -28.544, 'yaw': 3.142}, pose, None, None
90.06, [INFO], r1, {'y': 15.751, 'x': -28.544, 'yaw': 3.142}, pose, None, None
90.06, [INFO], r1, {'battery-level': '45.55'}, battery_charge, None, None
100.05, [INFO], r1, {'y': 15.75, 'x': -28.544, 'yaw': 3.142}, pose, None, None
100.05, [INFO], r1, {'battery-level': '45.05'}, battery_charge, None, None
110.07, [INFO], r1, {'battery-level': '44.55'}, battery_charge, None, None
110.07, [INFO], r1, {'y': 15.752, 'x': -28.542, 'yaw': -3.142}, pose, None, None
120.08, [INFO], r1, {'y': 15.802, 'x': -28.556, 'yaw': -3.141}, pose, None, None
120.08, [INFO], r1, {'battery-level': '44.05'}, battery_charge, None, None
130.07, [INFO], r1, {'y': 15.801, 'x': -28.556, 'yaw': 3.142}, pose, None, None
130.07, [INFO], r1, {'battery-level': '43.55'}, battery_charge, None, None
140.09, [INFO], r1, {'battery-level': '43.05'}, battery_charge, None, None
140.09, [INFO], r1, {'y': 15.801, 'x': -28.556, 'yaw': -3.142}, pose, None, None
150.08, [INFO], r1, {'battery-level': '42.55'}, battery_charge, None, None
150.08, [INFO], r1, {'y': 15.801, 'x': -28.556, 'yaw': 3.142}, pose, None, None
160.08, [INFO], r1, {'battery-level': '42.05'}, battery_charge, None, None
160.08, [INFO], r1, {'y': 15.801, 'x': -28.556, 'yaw': -3.142}, pose, None, None
170.00, [INFO], r1, {'y': 15.501, 'x': -28.509, 'yaw': -3.142}, pose, None, None
170.00, [INFO], r1, {'battery-level': '41.55'}, battery_charge, None, None
180.02, [INFO], r1, {'y': 15.501, 'x': -28.509, 'yaw': 3.142}, pose, None, None
180.02, [INFO], r1, {'battery-level': '41.05'}, battery_charge, None, None
190.05, [INFO], r1, {'battery-level': '40.55'}, battery_charge, None, None
190.05, [INFO], r1, {'y': 15.502, 'x': -28.509, 'yaw': 3.141}, pose, None, None
200.09, [INFO], r1, {'y': 15.502, 'x': -28.509, 'yaw': 3.141}, pose, None, None
200.09, [INFO], r1, {'battery-level': '40.05'}, battery_charge, None, None
210.01, [INFO], r1, {'battery-level': '39.55'}, battery_charge, None, None
210.01, [INFO], r1, {'y': 15.504, 'x': -28.51, 'yaw': 3.141}, pose, None, None
220.04, [INFO], r1, {'y': 15.511, 'x': -28.515, 'yaw': -3.142}, pose, None, None
220.04, [INFO], r1, {'battery-level': '39.05'}, battery_charge, None, None
230.04, [INFO], r1, {'y': 15.581, 'x': -28.509, 'yaw': 3.142}, pose, None, None
230.04, [INFO], r1, {'battery-level': '38.55'}, battery_charge, None, None
233.27, [WARN], r1, SKILL-FAILURE, None, navto, None
