9.96, [INFO], r1, started skill, None, navto, None
10.06, [INFO], r1, {'battery-level': '49.60'}, battery_charge, None, None
10.06, [INFO], r1, {'y': 18.93, 'x': -33.9, 'yaw': 3.142}, pose, None, None
20.10, [INFO], r1, {'y': 17.738, 'x': -35.434, 'yaw': 3.139}, pose, None, None
20.10, [INFO], r1, {'battery-level': '49.10'}, battery_charge, None, None
30.03, [INFO], r1, {'y': 16.09, 'x': -36.43, 'yaw': 3.142}, pose, None, None
30.03, [INFO], r1, {'battery-level': '48.60'}, battery_charge, None, None
40.06, [INFO], r1, {'y': 15.862, 'x': -35.707, 'yaw': 3.141}, pose, None, None
40.06, [INFO], r1, {'battery-level': '48.10'}, battery_charge, None, None
50.09, [INFO], r1, {'battery-level': '47.60'}, battery_charge, None, None
50.09, [INFO], r1, {'y': 15.441, 'x': -35.476, 'yaw': -3.141}, pose, None, None
60.03, [INFO], r1, {'battery-level': '47.10'}, battery_charge, None, None
60.03, [INFO], r1, {'y': 15.691, 'x': -35.42, 'yaw': 3.141}, pose, None, None
70.05, [INFO], r1, {'y': 15.591, 'x': -35.614, 'yaw': 3.141}, pose, None, None
70.05, [INFO], r1, {'battery-level': '46.60'}, battery_charge, None, None
80.10, [INFO], r1, {'y': 15.552, 'x': -35.45, 'yaw': -3.141}, pose, None, None
80.10, [INFO], r1, {'battery-level': '46.10'}, battery_charge, None, None
90.03, [INFO], r1, {'battery-level': '45.60'}, battery_charge, None, None
90.03, [INFO], r1, {'y': 15.708, 'x': -35.482, 'yaw': 3.141}, pose, None, None
100.07, [INFO], r1, {'y': 15.772, 'x': -35.548, 'yaw': -3.142}, pose, None, None
100.07, [INFO], r1, {'battery-level': '45.10'}, battery_charge, None, None
110.10, [INFO], r1, {'y': 15.748, 'x': -35.567, 'yaw': -3.141}, pose, None, None
110.10, [INFO], r1, {'battery-level': '44.60'}, battery_charge, None, None
120.03, [INFO], r1, {'battery-level': '44.10'}, battery_charge, None, None
120.03, [INFO], r1, {'y': 15.403, 'x': -35.522, 'yaw': 3.141}, pose, None, None
130.07, [INFO], r1, {'y': 15.738, 'x': -35.257, 'yaw': -3.142}, pose, None, None
130.07, [INFO], r1, {'battery-level': '43.60'}, battery_charge, None, None
140.01, [INFO], r1, {'y': 15.834, 'x': -35.622, 'yaw': 3.141}, pose, None, None
140.01, [INFO], r1, {'battery-level': '43.10'}, battery_charge, None, None
150.05, [INFO], r1, {'battery-level': '42.60'}, battery_charge, None, None
150.05, [INFO], r1, {'y': 15.592, 'x': -35.486, 'yaw': 3.141}, pose, None, None
160.08, [INFO], r1, {'battery-level': '42.10'}, battery_charge, None, None
160.08, [INFO], r1, {'y': 15.821, 'x': -35.589, 'yaw': -3.141}, pose, None, None
170.00, [INFO], r1, {'battery-level': '41.60'}, battery_charge, None, None
170.00, [INFO], r1, {'y': 15.564, 'x': -35.719, 'yaw': 3.141}, pose, None, None
180.04, [INFO], r1, {'battery-level': '41.10'}, battery_charge, None, None
180.04, [INFO], r1, {'y': 15.456, 'x': -35.425, 'yaw': 3.141}, pose, None, None
190.08, [INFO], r1, {'battery-level': '40.60'}, battery_charge, None, None
190.08, [INFO], r1, {'y': 15.936, 'x': -35.606, 'yaw': 3.141}, pose, None, None
200.01, [INFO], r1, {'battery-level': '40.10'}, battery_charge, None, None
200.01, [INFO], r1, {'y': 15.419, 'x': -35.515, 'yaw': 3.141}, pose, None, None
205.53, [WARN], r1, SKILL-FAILURE, None, navto, None
210.04, [INFO], r1, {'y': 15.623, 'x': -35.602, 'yaw': 3.142}, pose, None, None
210.04, [INFO], r1, {'battery-level': '39.60'}, battery_charge, None, None
