0.19, [DEBUG], logger, ROBOTS_CONFIG={'capabilities': ['approach_person', 'approach_robot', 'authenticate_person', 'navigation', 'operate_drawer'], 'battery_charge': 0.5, 'nurse_pose': [-27.23, 18.0, -1.57], 'robot_pose': [-33.9, 18.93, 3.14]}, None, None, None
0.19, [DEBUG], logger, Simulation open, None, None, None
10.06, [INFO], r1, {'battery-level': '49.55'}, battery_charge, None, None
10.06, [INFO], r1, {'y': 18.93, 'x': -33.9, 'yaw': 3.142}, pose, None, None
10.65, [INFO], r1, started skill, None, navto, None
20.05, [INFO], r1, {'y': 17.716, 'x': -35.229, 'yaw': 3.142}, pose, None, None
20.05, [INFO], r1, {'battery-level': '49.05'}, battery_charge, None, None
30.06, [INFO], r1, {'y': 16.262, 'x': -36.537, 'yaw': 3.141}, pose, None, None
30.06, [INFO], r1, {'battery-level': '48.55'}, battery_charge, None, None
40.03, [INFO], r1, {'y': 15.476, 'x': -34.654, 'yaw': 3.142}, pose, None, None
40.03, [INFO], r1, {'battery-level': '48.05'}, battery_charge, None, None
50.03, [INFO], r1, {'y': 15.529, 'x': -32.533, 'yaw': -3.142}, pose, None, None
50.03, [INFO], r1, {'battery-level': '47.55'}, battery_charge, None, None
60.03, [INFO], r1, {'y': 15.606, 'x': -30.416, 'yaw': -3.141}, pose, None, None
60.03, [INFO], r1, {'battery-level': '47.05'}, battery_charge, None, None
70.09, [INFO], r1, {'y': 15.773, 'x': -28.289, 'yaw': 3.142}, pose, None, None
70.09, [INFO], r1, {'battery-level': '46.55'}, battery_charge, None, None
80.10, [INFO], r1, {'y': 17.085, 'x': -27.07, 'yaw': 3.138}, pose, None, None
80.10, [INFO], r1, {'battery-level': '46.05'}, battery_charge, None, None
90.09, [INFO], r1, {'y': 17.946, 'x': -27.243, 'yaw': -3.142}, pose, None, None
90.09, [INFO], r1, {'battery-level': '45.55'}, battery_charge, None, None
100.08, [INFO], r1, {'y': 17.921, 'x': -27.192, 'yaw': -3.142}, pose, None, None
100.08, [INFO], r1, {'battery-level': '45.05'}, battery_charge, None, None
108.20, [INFO], r1, skill-success, None, navto, None
108.20, [INFO], r1, started skill, None, approach-nurse, None
108.20, [INFO], r1, sent message, None, None, None
108.20, [INFO], r1, skill-success, None, approach-nurse, None
108.20, [INFO], r1, skill-success, None, authenticate-nurse, None
108.20, [INFO], r1, started skill, None, open-drawer, None
108.20, [INFO], r1, sent message, None, None, None
108.20, [INFO], r1, skill-success, None, open-drawer, None
108.20, [INFO], r1, started skill, None, deposit, None
108.20, [INFO], r1, sent message, None, None, None
108.20, [INFO], r1, skill-success, None, deposit, None
108.20, [INFO], r1, started skill, None, close-drawer, None
108.20, [INFO], r1, sent message, None, None, None
108.20, [INFO], r1, skill-success, None, close-drawer, None
108.20, [INFO], r1, started skill, None, navto, None
110.06, [INFO], r1, {'y': 17.636, 'x': -27.082, 'yaw': 3.142}, pose, None, None
110.06, [INFO], r1, {'battery-level': '44.55'}, battery_charge, None, None
120.06, [INFO], r1, {'y': 16.018, 'x': -27.795, 'yaw': 3.139}, pose, None, None
120.06, [INFO], r1, {'battery-level': '44.05'}, battery_charge, None, None
130.05, [INFO], r1, {'battery-level': '43.55'}, battery_charge, None, None
130.05, [INFO], r1, {'y': 16.045, 'x': -29.909, 'yaw': 3.141}, pose, None, None
140.06, [INFO], r1, {'y': 15.914, 'x': -32.019, 'yaw': 3.141}, pose, None, None
140.06, [INFO], r1, {'battery-level': '43.05'}, battery_charge, None, None
150.03, [INFO], r1, {'y': 15.492, 'x': -34.106, 'yaw': 3.142}, pose, None, None
150.03, [INFO], r1, {'battery-level': '42.55'}, battery_charge, None, None
160.02, [INFO], r1, {'y': 16.4, 'x': -35.893, 'yaw': -3.142}, pose, None, None
160.02, [INFO], r1, {'battery-level': '42.05'}, battery_charge, None, None
170.09, [INFO], r1, {'battery-level': '41.55'}, battery_charge, None, None
170.09, [INFO], r1, {'y': 18.487, 'x': -36.134, 'yaw': 3.14}, pose, None, None
180.06, [INFO], r1, {'battery-level': '41.05'}, battery_charge, None, None
180.06, [INFO], r1, {'y': 20.611, 'x': -36.224, 'yaw': 3.142}, pose, None, None
190.07, [INFO], r1, {'y': 22.743, 'x': -36.328, 'yaw': -3.142}, pose, None, None
190.07, [INFO], r1, {'battery-level': '40.55'}, battery_charge, None, None
200.05, [INFO], r1, {'y': 24.843, 'x': -36.242, 'yaw': -3.141}, pose, None, None
200.05, [INFO], r1, {'battery-level': '40.05'}, battery_charge, None, None
210.07, [INFO], r1, {'y': 26.966, 'x': -36.291, 'yaw': -3.141}, pose, None, None
210.07, [INFO], r1, {'battery-level': '39.55'}, battery_charge, None, None
220.00, [INFO], r1, {'battery-level': '39.05'}, battery_charge, None, None
220.00, [INFO], r1, {'y': 29.079, 'x': -36.356, 'yaw': -3.142}, pose, None, None
230.01, [INFO], r1, {'battery-level': '38.55'}, battery_charge, None, None
230.01, [INFO], r1, {'y': 31.192, 'x': -36.481, 'yaw': -3.142}, pose, None, None
240.02, [INFO], r1, {'y': 33.309, 'x': -36.731, 'yaw': 3.142}, pose, None, None
240.02, [INFO], r1, {'battery-level': '38.05'}, battery_charge, None, None
250.03, [INFO], r1, {'y': 35.415, 'x': -36.851, 'yaw': 3.141}, pose, None, None
250.03, [INFO], r1, {'battery-level': '37.55'}, battery_charge, None, None
260.04, [INFO], r1, {'battery-level': '37.05'}, battery_charge, None, None
260.04, [INFO], r1, {'y': 36.106, 'x': -36.974, 'yaw': 3.141}, pose, None, None
265.59, [INFO], r1, skill-success, None, navto, None
265.59, [INFO], r1, started skill, None, approach-arm, None
265.59, [INFO], r1, sent message, None, None, None
265.59, [INFO], r1, started skill, None, open-drawer, None
265.59, [INFO], r1, sent message, None, None, None
265.59, [INFO], r1, skill-success, None, open-drawer, None
265.59, [INFO], r1, started skill, None, pick-up-sample, None
265.59, [INFO], r1, sent message, None, None, None
265.59, [INFO], r1, skill-success, None, pick-up-sample, None
265.59, [INFO], r1, started skill, None, close-drawer, None
265.59, [INFO], r1, sent message, None, None, None
265.59, [INFO], r1, skill-success, None, close-drawer, None
265.59, [WARN], r1, SUCCESS, None, None, None
270.03, [INFO], r1, {'y': 36.103, 'x': -36.976, 'yaw': 3.142}, pose, None, None
270.03, [INFO], r1, {'battery-level': '36.55'}, battery_charge, None, None
