9.09, [INFO], r1, started skill, None, navto, None
10.05, [INFO], r1, {'y': 18.915, 'x': -34.013, 'yaw': 3.141}, pose, None, None
10.05, [INFO], r1, {'battery-level': '49.55'}, battery_charge, None, None
20.03, [INFO], r1, {'y': 17.724, 'x': -35.58, 'yaw': 3.141}, pose, None, None
20.03, [INFO], r1, {'battery-level': '49.05'}, battery_charge, None, None
30.02, [INFO], r1, {'y': 15.979, 'x': -36.387, 'yaw': 3.142}, pose, None, None
30.02, [INFO], r1, {'battery-level': '48.55'}, battery_charge, None, None
40.03, [INFO], r1, {'battery-level': '48.05'}, battery_charge, None, None
40.03, [INFO], r1, {'y': 15.381, 'x': -34.355, 'yaw': 3.142}, pose, None, None
50.01, [INFO], r1, {'y': 15.485, 'x': -32.238, 'yaw': -3.142}, pose, None, None
50.01, [INFO], r1, {'battery-level': '47.55'}, battery_charge, None, None
60.03, [INFO], r1, {'y': 15.577, 'x': -30.108, 'yaw': 3.142}, pose, None, None
60.03, [INFO], r1, {'battery-level': '47.05'}, battery_charge, None, None
70.03, [INFO], r1, {'y': 15.829, 'x': -28.003, 'yaw': 3.142}, pose, None, None
70.03, [INFO], r1, {'battery-level': '46.55'}, battery_charge, None, None
80.01, [INFO], r1, {'y': 17.483, 'x': -26.978, 'yaw': 3.141}, pose, None, None
80.01, [INFO], r1, {'battery-level': '46.05'}, battery_charge, None, None
90.09, [INFO], r1, {'y': 17.982, 'x': -27.192, 'yaw': -3.142}, pose, None, None
90.09, [INFO], r1, {'battery-level': '45.55'}, battery_charge, None, None
91.24, [INFO], r1, skill-success, None, navto, None
91.24, [INFO], r1, started skill, None, approach-nurse, None
91.24, [INFO], r1, sent message, None, None, None
91.24, [INFO], r1, skill-success, None, approach-nurse, None
91.24, [INFO], r1, started skill, None, authenticate-nurse, None
91.24, [INFO], r1, sent message, None, None, None
91.24, [INFO], r1, started skill, None, open-drawer, None
91.24, [INFO], r1, sent message, None, None, None
91.24, [INFO], r1, skill-success, None, open-drawer, None
91.33, [INFO], r1, started skill, None, deposit, None
91.33, [INFO], r1, sent message, None, None, None
91.33, [INFO], r1, skill-success, None, deposit, None
91.33, [INFO], r1, started skill, None, close-drawer, None
91.33, [INFO], r1, sent message, None, None, None
91.33, [INFO], r1, skill-success, None, close-drawer, None
91.33, [INFO], r1, started skill, None, navto, None
100.03, [INFO], r1, {'y': 16.198, 'x': -27.131, 'yaw': -3.142}, pose, None, None
100.03, [INFO], r1, {'battery-level': '45.05'}, battery_charge, None, None
110.03, [INFO], r1, {'y': 16.046, 'x': -29.187, 'yaw': -3.142}, pose, None, None
110.03, [INFO], r1, {'battery-level': '44.55'}, battery_charge, None, None
120.08, [INFO], r1, {'y': 15.926, 'x': -31.307, 'yaw': 3.14}, pose, None, None
120.08, [INFO], r1, {'battery-level': '44.05'}, battery_charge, None, None
130.06, [INFO], r1, {'y': 15.689, 'x': -33.42, 'yaw': 3.141}, pose, None, None
130.06, [INFO], r1, {'battery-level': '43.55'}, battery_charge, None, None
140.09, [INFO], r1, {'y': 15.859, 'x': -35.393, 'yaw': 3.141}, pose, None, None
140.09, [INFO], r1, {'battery-level': '43.05'}, battery_charge, None, None
150.01, [INFO], r1, {'battery-level': '42.55'}, battery_charge, None, None
150.01, [INFO], r1, {'y': 17.768, 'x': -36.052, 'yaw': 3.141}, pose, None, None
160.01, [INFO], r1, {'battery-level': '42.05'}, battery_charge, None, None
160.01, [INFO], r1, {'y': 19.892, 'x': -36.169, 'yaw': -3.142}, pose, None, None
170.03, [INFO], r1, {'y': 22.003, 'x': -36.291, 'yaw': 3.141}, pose, None, None
170.03, [INFO], r1, {'battery-level': '41.55'}, battery_charge, None, None
180.05, [INFO], r1, {'y': 24.125, 'x': -36.312, 'yaw': 3.141}, pose, None, None
180.05, [INFO], r1, {'battery-level': '41.05'}, battery_charge, None, None
190.07, [INFO], r1, {'battery-level': '40.55'}, battery_charge, None, None
190.07, [INFO], r1, {'y': 26.249, 'x': -36.29, 'yaw': 3.141}, pose, None, None
200.07, [INFO], r1, {'y': 28.358, 'x': -36.343, 'yaw': -3.142}, pose, None, None
200.07, [INFO], r1, {'battery-level': '40.05'}, battery_charge, None, None
210.06, [INFO], r1, {'y': 30.461, 'x': -36.4, 'yaw': -3.136}, pose, None, None
210.06, [INFO], r1, {'battery-level': '39.55'}, battery_charge, None, None
220.08, [INFO], r1, {'y': 32.575, 'x': -36.639, 'yaw': 3.142}, pose, None, None
220.08, [INFO], r1, {'battery-level': '39.05'}, battery_charge, None, None
230.07, [INFO], r1, {'y': 34.688, 'x': -36.849, 'yaw': 3.142}, pose, None, None
230.07, [INFO], r1, {'battery-level': '38.55'}, battery_charge, None, None
240.03, [INFO], r1, {'y': 36.055, 'x': -36.953, 'yaw': -3.141}, pose, None, None
240.03, [INFO], r1, {'battery-level': '38.05'}, battery_charge, None, None
250.04, [INFO], r1, {'y': 36.081, 'x': -37.047, 'yaw': -3.142}, pose, None, None
250.04, [INFO], r1, {'battery-level': '37.55'}, battery_charge, None, None
251.87, [INFO], r1, skill-success, None, navto, None
251.87, [INFO], r1, started skill, None, approach-arm, None
251.87, [INFO], r1, sent message, None, None, None
251.87, [INFO], r1, started skill, None, open-drawer, None
251.87, [INFO], r1, sent message, None, None, None
251.87, [INFO], r1, skill-success, None, open-drawer, None
251.87, [INFO], r1, started skill, None, pick-up-sample, None
251.87, [INFO], r1, sent message, None, None, None
251.87, [INFO], r1, skill-success, None, pick-up-sample, None
251.87, [INFO], r1, started skill, None, close-drawer, None
251.87, [INFO], r1, sent message, None, None, None
251.87, [INFO], r1, skill-success, None, close-drawer, None
251.87, [WARN], r1, SUCCESS, None, None, None
260.01, [INFO], r1, {'y': 36.08, 'x': -37.044, 'yaw': 3.142}, pose, None, None
260.01, [INFO], r1, {'battery-level': '37.05'}, battery_charge, None, None
