9.10, [INFO], r1, started skill, None, navto, None
10.07, [INFO], r1, {'y': 18.915, 'x': -34.012, 'yaw': 3.141}, pose, None, None
10.07, [INFO], r1, {'battery-level': '49.55'}, battery_charge, None, None
20.04, [INFO], r1, {'y': 17.702, 'x': -35.583, 'yaw': 3.141}, pose, None, None
20.04, [INFO], r1, {'battery-level': '49.05'}, battery_charge, None, None
30.06, [INFO], r1, {'y': 15.991, 'x': -36.425, 'yaw': 3.142}, pose, None, None
30.06, [INFO], r1, {'battery-level': '48.55'}, battery_charge, None, None
40.09, [INFO], r1, {'battery-level': '48.05'}, battery_charge, None, None
40.09, [INFO], r1, {'y': 15.394, 'x': -34.386, 'yaw': -3.141}, pose, None, None
50.01, [INFO], r1, {'y': 15.486, 'x': -32.279, 'yaw': -3.142}, pose, None, None
50.01, [INFO], r1, {'battery-level': '47.55'}, battery_charge, None, None
60.03, [INFO], r1, {'y': 15.552, 'x': -30.162, 'yaw': 3.141}, pose, None, None
60.03, [INFO], r1, {'battery-level': '47.05'}, battery_charge, None, None
70.05, [INFO], r1, {'y': 15.811, 'x': -28.056, 'yaw': -3.142}, pose, None, None
70.05, [INFO], r1, {'battery-level': '46.55'}, battery_charge, None, None
80.07, [INFO], r1, {'y': 17.469, 'x': -27.058, 'yaw': 3.141}, pose, None, None
80.07, [INFO], r1, {'battery-level': '46.05'}, battery_charge, None, None
90.05, [INFO], r1, {'battery-level': '45.55'}, battery_charge, None, None
90.05, [INFO], r1, {'y': 17.94, 'x': -27.242, 'yaw': -3.141}, pose, None, None
90.34, [INFO], r1, skill-success, None, navto, None
90.34, [INFO], r1, started skill, None, approach-nurse, None
90.34, [WARN], r1, SKILL-FAILURE, None, approach-nurse, None
