9.42, [INFO], r1, started skill, None, navto, None
10.10, [INFO], r1, {'y': 18.927, 'x': -33.957, 'yaw': 3.14}, pose, None, None
10.10, [INFO], r1, {'battery-level': '49.55'}, battery_charge, None, None
20.08, [INFO], r1, {'battery-level': '49.05'}, battery_charge, None, None
20.08, [INFO], r1, {'y': 17.691, 'x': -35.501, 'yaw': -3.14}, pose, None, None
30.07, [INFO], r1, {'y': 15.987, 'x': -36.35, 'yaw': -3.142}, pose, None, None
30.07, [INFO], r1, {'battery-level': '48.55'}, battery_charge, None, None
40.00, [INFO], r1, {'y': 15.371, 'x': -34.35, 'yaw': -3.141}, pose, None, None
40.00, [INFO], r1, {'battery-level': '48.05'}, battery_charge, None, None
50.01, [INFO], r1, {'y': 15.569, 'x': -32.229, 'yaw': -3.142}, pose, None, None
50.01, [INFO], r1, {'battery-level': '47.55'}, battery_charge, None, None
60.01, [INFO], r1, {'y': 15.638, 'x': -30.119, 'yaw': 3.139}, pose, None, None
60.01, [INFO], r1, {'battery-level': '47.05'}, battery_charge, None, None
70.06, [INFO], r1, {'y': 15.838, 'x': -27.995, 'yaw': -3.142}, pose, None, None
70.06, [INFO], r1, {'battery-level': '46.55'}, battery_charge, None, None
80.06, [INFO], r1, {'y': 17.543, 'x': -27.052, 'yaw': 3.142}, pose, None, None
80.06, [INFO], r1, {'battery-level': '46.05'}, battery_charge, None, None
90.06, [INFO], r1, {'battery-level': '45.55'}, battery_charge, None, None
90.06, [INFO], r1, {'y': 18.006, 'x': -27.202, 'yaw': 3.142}, pose, None, None
91.89, [INFO], r1, skill-success, None, navto, None
91.89, [INFO], r1, started skill, None, approach-nurse, None
91.89, [INFO], r1, sent message, None, None, None
91.89, [INFO], r1, skill-success, None, approach-nurse, None
91.89, [INFO], r1, started skill, None, authenticate-nurse, None
91.89, [INFO], r1, sent message, None, None, None
91.89, [INFO], r1, skill-success, None, authenticate-nurse, None
91.89, [INFO], r1, started skill, None, open-drawer, None
91.89, [WARN], r1, SKILL-FAILURE, None, open-drawer, None
