0.19, [DEBUG], logger, ROBOTS_CONFIG={'capabilities': ['approach_person', 'approach_robot', 'authenticate_person', 'navigation', 'operate_drawer'], 'battery_charge': 0.5, 'nurse_pose': [-21.0, 18.0, -1.57], 'robot_pose': [-33.9, 18.93, 3.14]}, None, None, None
0.19, [DEBUG], logger, Simulation open, None, None, None
10.03, [INFO], r1, {'y': 18.93, 'x': -33.9, 'yaw': 3.142}, pose, None, None
10.03, [INFO], r1, {'battery-level': '49.55'}, battery_charge, None, None
10.62, [INFO], r1, started skill, None, navto, None
20.01, [INFO], r1, {'y': 17.758, 'x': -35.25, 'yaw': 3.142}, pose, None, None
20.01, [INFO], r1, {'battery-level': '49.05'}, battery_charge, None, None
30.01, [INFO], r1, {'y': 16.333, 'x': -36.541, 'yaw': 3.141}, pose, None, None
30.01, [INFO], r1, {'battery-level': '48.55'}, battery_charge, None, None
40.09, [INFO], r1, {'y': 15.423, 'x': -34.69, 'yaw': 3.142}, pose, None, None
40.09, [INFO], r1, {'battery-level': '48.05'}, battery_charge, None, None
50.08, [INFO], r1, {'battery-level': '47.55'}, battery_charge, None, None
50.08, [INFO], r1, {'y': 15.497, 'x': -32.58, 'yaw': 3.142}, pose, None, None
60.02, [INFO], r1, {'battery-level': '47.05'}, battery_charge, None, None
60.02, [INFO], r1, {'y': 15.552, 'x': -30.487, 'yaw': -3.137}, pose, None, None
70.09, [INFO], r1, {'y': 15.746, 'x': -28.372, 'yaw': 3.141}, pose, None, None
70.09, [INFO], r1, {'battery-level': '46.55'}, battery_charge, None, None
80.06, [INFO], r1, {'y': 16.071, 'x': -26.292, 'yaw': 3.142}, pose, None, None
80.06, [INFO], r1, {'battery-level': '46.05'}, battery_charge, None, None
90.03, [INFO], r1, {'y': 16.013, 'x': -24.187, 'yaw': -3.141}, pose, None, None
90.03, [INFO], r1, {'battery-level': '45.55'}, battery_charge, None, None
100.01, [INFO], r1, {'battery-level': '45.05'}, battery_charge, None, None
100.01, [INFO], r1, {'y': 16.18, 'x': -22.074, 'yaw': -3.142}, pose, None, None
110.10, [INFO], r1, {'battery-level': '44.55'}, battery_charge, None, None
110.10, [INFO], r1, {'y': 17.431, 'x': -20.849, 'yaw': 3.142}, pose, None, None
120.09, [INFO], r1, {'y': 17.981, 'x': -21.018, 'yaw': 3.141}, pose, None, None
120.09, [INFO], r1, {'battery-level': '44.05'}, battery_charge, None, None
126.53, [INFO], r1, skill-success, None, navto, None
126.53, [INFO], r1, started skill, None, approach-nurse, None
126.53, [INFO], r1, sent message, None, None, None
126.53, [INFO], r1, skill-success, None, approach-nurse, None
126.53, [INFO], r1, started skill, None, authenticate-nurse, None
126.53, [INFO], r1, started skill, None, open-drawer, None
126.53, [INFO], r1, sent message, None, None, None
126.53, [INFO], r1, skill-success, None, open-drawer, None
126.53, [INFO], r1, started skill, None, deposit, None
126.53, [INFO], r1, sent message, None, None, None
126.53, [INFO], r1, skill-success, None, deposit, None
126.53, [INFO], r1, started skill, None, close-drawer, None
126.53, [INFO], r1, sent message, None, None, None
126.53, [INFO], r1, skill-success, None, close-drawer, None
126.53, [INFO], r1, started skill, None, navto, None
130.09, [INFO], r1, {'y': 17.263, 'x': -21.083, 'yaw': -3.142}, pose, None, None
130.09, [INFO], r1, {'battery-level': '43.55'}, battery_charge, None, None
140.08, [INFO], r1, {'y': 16.23, 'x': -22.539, 'yaw': 3.142}, pose, None, None
140.08, [INFO], r1, {'battery-level': '43.05'}, battery_charge, None, None
150.07, [INFO], r1, {'y': 16.139, 'x': -24.664, 'yaw': 3.141}, pose, None, None
150.07, [INFO], r1, {'battery-level': '42.55'}, battery_charge, None, None
160.05, [INFO], r1, {'battery-level': '42.05'}, battery_charge, None, None
160.05, [INFO], r1, {'y': 16.028, 'x': -26.791, 'yaw': 3.142}, pose, None, None
170.03, [INFO], r1, {'y': 16.088, 'x': -28.898, 'yaw': -3.139}, pose, None, None
170.03, [INFO], r1, {'battery-level': '41.55'}, battery_charge, None, None
180.01, [INFO], r1, {'battery-level': '41.05'}, battery_charge, None, None
180.01, [INFO], r1, {'y': 16.04, 'x': -31.023, 'yaw': 3.14}, pose, None, None
190.01, [INFO], r1, {'battery-level': '40.55'}, battery_charge, None, None
190.01, [INFO], r1, {'y': 15.755, 'x': -33.133, 'yaw': 3.142}, pose, None, None
200.02, [INFO], r1, {'y': 15.67, 'x': -35.19, 'yaw': 3.141}, pose, None, None
200.02, [INFO], r1, {'battery-level': '40.05'}, battery_charge, None, None
210.05, [INFO], r1, {'y': 17.492, 'x': -36.135, 'yaw': 3.142}, pose, None, None
210.05, [INFO], r1, {'battery-level': '39.55'}, battery_charge, None, None
220.05, [INFO], r1, {'y': 19.618, 'x': -36.213, 'yaw': 3.141}, pose, None, None
220.05, [INFO], r1, {'battery-level': '39.05'}, battery_charge, None, None
230.06, [INFO], r1, {'y': 21.739, 'x': -36.294, 'yaw': 3.141}, pose, None, None
230.06, [INFO], r1, {'battery-level': '38.55'}, battery_charge, None, None
240.07, [INFO], r1, {'y': 23.86, 'x': -36.342, 'yaw': 3.141}, pose, None, None
240.07, [INFO], r1, {'battery-level': '38.05'}, battery_charge, None, None
250.08, [INFO], r1, {'y': 25.995, 'x': -36.303, 'yaw': 3.141}, pose, None, None
250.08, [INFO], r1, {'battery-level': '37.55'}, battery_charge, None, None
260.06, [INFO], r1, {'y': 28.111, 'x': -36.363, 'yaw': 3.141}, pose, None, None
260.06, [INFO], r1, {'battery-level': '37.05'}, battery_charge, None, None
270.07, [INFO], r1, {'y': 30.246, 'x': -36.462, 'yaw': 3.141}, pose, None, None
270.07, [INFO], r1, {'battery-level': '36.55'}, battery_charge, None, None
280.06, [INFO], r1, {'y': 32.372, 'x': -36.58, 'yaw': 3.141}, pose, None, None
280.06, [INFO], r1, {'battery-level': '36.05'}, battery_charge, None, None
290.05, [INFO], r1, {'battery-level': '35.55'}, battery_charge, None, None
290.05, [INFO], r1, {'y': 34.471, 'x': -36.925, 'yaw': -3.142}, pose, None, None
300.05, [INFO], r1, {'battery-level': '35.05'}, battery_charge, None, None
300.05, [INFO], r1, {'y': 36.192, 'x': -37.011, 'yaw': 3.142}, pose, None, None
304.53, [INFO], r1, skill-success, None, navto, None
304.53, [INFO], r1, started skill, None, approach-arm, None
304.53, [INFO], r1, sent message, None, None, None
304.53, [INFO], r1, skill-success, None, approach-arm, None
304.53, [INFO], r1, started skill, None, open-drawer, None
304.53, [INFO], r1, sent message, None, None, None
304.53, [INFO], r1, skill-success, None, open-drawer, None
304.53, [INFO], r1, started skill, None, pick-up-sample, None
304.53, [INFO], r1, sent message, None, None, None
304.53, [INFO], r1, skill-success, None, pick-up-sample, None
304.53, [INFO], r1, started skill, None, close-drawer, None
304.53, [INFO], r1, sent message, None, None, None
304.53, [INFO], r1, skill-success, None, close-drawer, None
304.53, [WARN], r1, SUCCESS, None, None, None
