0.19, [DEBUG], logger, ROBOTS_CONFIG={'capabilities': ['approach_person', 'approach_robot', 'authenticate_person', 'navigation', 'operate_drawer'], 'battery_charge': 0.5, 'nurse_pose': [-19.0, 18.0, -1.57], 'robot_pose': [-33.9, 18.93, 3.14]}, None, None, None
0.19, [DEBUG], logger, Simulation open, None, None, None
10.07, [INFO], r1, {'y': 18.93, 'x': -33.9, 'yaw': 3.142}, pose, None, None
10.07, [INFO], r1, {'battery-level': '49.55'}, battery_charge, None, None
10.76, [INFO], r1, started skill, None, navto, None
20.08, [INFO], r1, {'y': 17.768, 'x': -35.228, 'yaw': -3.142}, pose, None, None
20.08, [INFO], r1, {'battery-level': '49.05'}, battery_charge, None, None
30.05, [INFO], r1, {'y': 16.326, 'x': -36.547, 'yaw': 3.14}, pose, None, None
30.05, [INFO], r1, {'battery-level': '48.55'}, battery_charge, None, None
40.06, [INFO], r1, {'y': 15.44, 'x': -34.707, 'yaw': 3.142}, pose, None, None
40.06, [INFO], r1, {'battery-level': '48.05'}, battery_charge, None, None
50.06, [INFO], r1, {'y': 15.552, 'x': -32.59, 'yaw': 3.142}, pose, None, None
50.06, [INFO], r1, {'battery-level': '47.55'}, battery_charge, None, None
60.01, [INFO], r1, {'battery-level': '47.05'}, battery_charge, None, None
60.01, [INFO], r1, {'y': 15.552, 'x': -30.493, 'yaw': -3.137}, pose, None, None
70.08, [INFO], r1, {'y': 15.754, 'x': -28.368, 'yaw': 3.141}, pose, None, None
70.08, [INFO], r1, {'battery-level': '46.55'}, battery_charge, None, None
80.06, [INFO], r1, {'y': 16.16, 'x': -26.277, 'yaw': 3.142}, pose, None, None
80.06, [INFO], r1, {'battery-level': '46.05'}, battery_charge, None, None
90.03, [INFO], r1, {'battery-level': '45.55'}, battery_charge, None, None
90.03, [INFO], r1, {'y': 16.161, 'x': -24.173, 'yaw': -3.141}, pose, None, None
100.03, [INFO], r1, {'battery-level': '45.05'}, battery_charge, None, None
100.03, [INFO], r1, {'y': 16.184, 'x': -22.064, 'yaw': -3.142}, pose, None, None
110.02, [INFO], r1, {'y': 16.355, 'x': -19.96, 'yaw': -3.139}, pose, None, None
110.02, [INFO], r1, {'battery-level': '44.55'}, battery_charge, None, None
120.03, [INFO], r1, {'battery-level': '44.05'}, battery_charge, None, None
120.03, [INFO], r1, {'y': 17.881, 'x': -19.091, 'yaw': -3.141}, pose, None, None
130.04, [INFO], r1, {'y': 17.955, 'x': -18.97, 'yaw': 3.142}, pose, None, None
130.04, [INFO], r1, {'battery-level': '43.55'}, battery_charge, None, None
131.13, [INFO], r1, skill-success, None, navto, None
131.13, [INFO], r1, started skill, None, approach-nurse, None
131.13, [INFO], r1, sent message, None, None, None
131.13, [INFO], r1, skill-success, None, approach-nurse, None
131.13, [INFO], r1, started skill, None, authenticate-nurse, None
131.13, [INFO], r1, sent message, None, None, None
131.13, [INFO], r1, skill-success, None, authenticate-nurse, None
131.13, [INFO], r1, started skill, None, open-drawer, None
131.13, [INFO], r1, sent message, None, None, None
131.13, [INFO], r1, skill-success, None, open-drawer, None
131.13, [INFO], r1, started skill, None, deposit, None
131.13, [INFO], r1, sent message, None, None, None
131.13, [INFO], r1, skill-success, None, deposit, None
131.13, [INFO], r1, started skill, None, close-drawer, None
131.13, [INFO], r1, sent message, None, None, None
131.13, [INFO], r1, skill-success, None, close-drawer, None
131.13, [INFO], r1, started skill, None, navto, None
140.03, [INFO], r1, {'y': 16.409, 'x': -19.867, 'yaw': 3.14}, pose, None, None
140.03, [INFO], r1, {'battery-level': '43.05'}, battery_charge, None, None
150.03, [INFO], r1, {'y': 16.31, 'x': -21.974, 'yaw': -3.142}, pose, None, None
150.03, [INFO], r1, {'battery-level': '42.55'}, battery_charge, None, None
160.03, [INFO], r1, {'battery-level': '42.05'}, battery_charge, None, None
160.03, [INFO], r1, {'y': 16.142, 'x': -24.08, 'yaw': 3.14}, pose, None, None
170.02, [INFO], r1, {'y': 16.094, 'x': -26.181, 'yaw': -3.138}, pose, None, None
170.02, [INFO], r1, {'battery-level': '41.55'}, battery_charge, None, None
180.10, [INFO], r1, {'y': 15.963, 'x': -28.307, 'yaw': -3.142}, pose, None, None
180.10, [INFO], r1, {'battery-level': '41.05'}, battery_charge, None, None
190.10, [INFO], r1, {'battery-level': '40.55'}, battery_charge, None, None
190.10, [INFO], r1, {'y': 15.959, 'x': -30.422, 'yaw': 3.142}, pose, None, None
200.06, [INFO], r1, {'y': 15.833, 'x': -32.518, 'yaw': 3.141}, pose, None, None
200.06, [INFO], r1, {'battery-level': '40.05'}, battery_charge, None, None
210.09, [INFO], r1, {'battery-level': '39.55'}, battery_charge, None, None
210.09, [INFO], r1, {'y': 15.414, 'x': -34.626, 'yaw': 3.142}, pose, None, None
220.00, [INFO], r1, {'y': 16.813, 'x': -36.093, 'yaw': -3.142}, pose, None, None
220.00, [INFO], r1, {'battery-level': '39.05'}, battery_charge, None, None
230.00, [INFO], r1, {'y': 18.927, 'x': -36.182, 'yaw': -3.141}, pose, None, None
230.00, [INFO], r1, {'battery-level': '38.55'}, battery_charge, None, None
240.09, [INFO], r1, {'y': 21.059, 'x': -36.249, 'yaw': 3.141}, pose, None, None
240.09, [INFO], r1, {'battery-level': '38.05'}, battery_charge, None, None
250.07, [INFO], r1, {'y': 23.177, 'x': -36.332, 'yaw': 3.141}, pose, None, None
250.07, [INFO], r1, {'battery-level': '37.55'}, battery_charge, None, None
260.06, [INFO], r1, {'battery-level': '37.05'}, battery_charge, None, None
260.06, [INFO], r1, {'y': 25.289, 'x': -36.335, 'yaw': 3.141}, pose, None, None
270.05, [INFO], r1, {'y': 27.402, 'x': -36.309, 'yaw': 3.141}, pose, None, None
270.05, [INFO], r1, {'battery-level': '36.55'}, battery_charge, None, None
280.08, [INFO], r1, {'y': 29.524, 'x': -36.355, 'yaw': 3.141}, pose, None, None
280.08, [INFO], r1, {'battery-level': '36.05'}, battery_charge, None, None
290.08, [INFO], r1, {'battery-level': '35.55'}, battery_charge, None, None
290.08, [INFO], r1, {'y': 31.628, 'x': -36.483, 'yaw': 3.142}, pose, None, None
300.09, [INFO], r1, {'y': 33.736, 'x': -36.856, 'yaw': -3.142}, pose, None, None
300.09, [INFO], r1, {'battery-level': '35.05'}, battery_charge, None, None
310.01, [INFO], r1, {'battery-level': '34.55'}, battery_charge, None, None
310.01, [INFO], r1, {'y': 35.805, 'x': -36.912, 'yaw': 3.141}, pose, None, None
318.93, [INFO], r1, skill-success, None, navto, None
318.93, [INFO], r1, started skill, None, approach-arm, None
318.93, [INFO], r1, sent message, None, None, None
318.93, [INFO], r1, skill-success, None, approach-arm, None
318.93, [INFO], r1, started skill, None, open-drawer, None
318.93, [INFO], r1, sent message, None, None, None
318.93, [INFO], r1, skill-success, None, open-drawer, None
318.93, [INFO], r1, started skill, None, pick-up-sample, None
318.93, [INFO], r1, sent message, None, None, None
318.93, [INFO], r1, skill-success, None, pick-up-sample, None
318.93, [INFO], r1, started skill, None, close-drawer, None
318.93, [INFO], r1, sent message, None, None, None
318.93, [INFO], r1, skill-success, None, close-drawer, None
318.93, [WARN], r1, SUCCESS, None, None, None
320.02, [INFO], r1, {'y': 36.083, 'x': -36.952, 'yaw': 3.142}, pose, None, None
320.02, [INFO], r1, {'battery-level': '34.05'}, battery_charge, None, None
