10.05, [INFO], r1, {'y': 18.93, 'x': -33.9, 'yaw': -3.142}, pose, None, None
10.05, [INFO], r1, {'battery-level': '49.60'}, battery_charge, None, None
10.05, [INFO], r1, started skill, None, navto, None
20.08, [INFO], r1, {'y': 17.732, 'x': -35.417, 'yaw': 3.138}, pose, None, None
20.08, [INFO], r1, {'battery-level': '49.10'}, battery_charge, None, None
30.01, [INFO], r1, {'y': 16.13, 'x': -36.508, 'yaw': 3.142}, pose, None, None
30.01, [INFO], r1, {'battery-level': '48.60'}, battery_charge, None, None
40.04, [INFO], r1, {'y': 15.436, 'x': -34.534, 'yaw': -3.142}, pose, None, None
40.04, [INFO], r1, {'battery-level': '48.10'}, battery_charge, None, None
50.07, [INFO], r1, {'y': 15.55, 'x': -32.404, 'yaw': -3.142}, pose, None, None
50.07, [INFO], r1, {'battery-level': '47.60'}, battery_charge, None, None
60.01, [INFO], r1, {'y': 15.61, 'x': -30.304, 'yaw': 3.141}, pose, None, None
60.01, [INFO], r1, {'battery-level': '47.10'}, battery_charge, None, None
70.04, [INFO], r1, {'y': 15.799, 'x': -28.2, 'yaw': 3.142}, pose, None, None
70.04, [INFO], r1, {'battery-level': '46.60'}, battery_charge, None, None
80.08, [INFO], r1, {'battery-level': '46.10'}, battery_charge, None, None
80.08, [INFO], r1, {'y': 16.05, 'x': -26.077, 'yaw': 3.141}, pose, None, None
90.02, [INFO], r1, {'y': 15.962, 'x': -23.982, 'yaw': 3.14}, pose, None, None
90.02, [INFO], r1, {'battery-level': '45.60'}, battery_charge, None, None
100.04, [INFO], r1, {'y': 16.007, 'x': -21.873, 'yaw': 3.142}, pose, None, None
100.04, [INFO], r1, {'battery-level': '45.10'}, battery_charge, None, None
110.08, [INFO], r1, {'y': 16.425, 'x': -19.77, 'yaw': -3.141}, pose, None, None
110.08, [INFO], r1, {'battery-level': '44.60'}, battery_charge, None, None
120.00, [INFO], r1, {'y': 17.907, 'x': -19.075, 'yaw': 3.142}, pose, None, None
120.00, [INFO], r1, {'battery-level': '44.10'}, battery_charge, None, None
129.84, [INFO], r1, skill-success, None, navto, None
129.84, [INFO], r1, started skill, None, approach-nurse, None
129.84, [INFO], r1, sent message, None, None, None
129.84, [INFO], r1, skill-success, None, approach-nurse, None
129.84, [INFO], r1, sent message, None, None, None
129.84, [INFO], r1, started skill, None, open-drawer, None
129.84, [INFO], r1, sent message, None, None, None
129.84, [INFO], r1, skill-success, None, open-drawer, None
129.84, [INFO], r1, started skill, None, deposit, None
129.84, [INFO], r1, sent message, None, None, None
129.84, [INFO], r1, skill-success, None, deposit, None
129.84, [INFO], r1, started skill, None, close-drawer, None
129.84, [INFO], r1, sent message, None, None, None
129.84, [INFO], r1, skill-success, None, close-drawer, None
129.84, [INFO], r1, started skill, None, navto, None
130.04, [INFO], r1, {'y': 17.939, 'x': -19.045, 'yaw': 3.141}, pose, None, None
130.04, [INFO], r1, {'battery-level': '43.60'}, battery_charge, None, None
140.07, [INFO], r1, {'battery-level': '43.10'}, battery_charge, None, None
140.07, [INFO], r1, {'y': 16.334, 'x': -20.202, 'yaw': 3.141}, pose, None, None
150.01, [INFO], r1, {'y': 16.277, 'x': -22.308, 'yaw': 3.141}, pose, None, None
150.01, [INFO], r1, {'battery-level': '42.60'}, battery_charge, None, None
160.04, [INFO], r1, {'y': 16.114, 'x': -24.429, 'yaw': 3.141}, pose, None, None
160.04, [INFO], r1, {'battery-level': '42.10'}, battery_charge, None, None
170.07, [INFO], r1, {'battery-level': '41.60'}, battery_charge, None, None
170.07, [INFO], r1, {'y': 16.043, 'x': -26.538, 'yaw': 3.141}, pose, None, None
180.10, [INFO], r1, {'y': 16.038, 'x': -28.658, 'yaw': 3.141}, pose, None, None
180.10, [INFO], r1, {'battery-level': '41.10'}, battery_charge, None, None
190.03, [INFO], r1, {'y': 15.959, 'x': -30.752, 'yaw': 3.142}, pose, None, None
190.03, [INFO], r1, {'battery-level': '40.60'}, battery_charge, None, None
200.06, [INFO], r1, {'battery-level': '40.10'}, battery_charge, None, None
200.06, [INFO], r1, {'y': 15.81, 'x': -32.884, 'yaw': -3.142}, pose, None, None
210.09, [INFO], r1, {'y': 15.549, 'x': -34.971, 'yaw': 3.142}, pose, None, None
210.09, [INFO], r1, {'battery-level': '39.60'}, battery_charge, None, None
220.03, [INFO], r1, {'y': 17.284, 'x': -36.049, 'yaw': -3.142}, pose, None, None
220.03, [INFO], r1, {'battery-level': '39.10'}, battery_charge, None, None
230.06, [INFO], r1, {'battery-level': '38.60'}, battery_charge, None, None
230.06, [INFO], r1, {'y': 19.404, 'x': -36.163, 'yaw': -3.142}, pose, None, None
240.09, [INFO], r1, {'battery-level': '38.10'}, battery_charge, None, None
240.09, [INFO], r1, {'y': 21.527, 'x': -36.224, 'yaw': 3.141}, pose, None, None
250.03, [INFO], r1, {'y': 23.621, 'x': -36.303, 'yaw': 3.141}, pose, None, None
250.03, [INFO], r1, {'battery-level': '37.60'}, battery_charge, None, None
260.06, [INFO], r1, {'battery-level': '37.10'}, battery_charge, None, None
260.06, [INFO], r1, {'y': 25.744, 'x': -36.288, 'yaw': 3.141}, pose, None, None
270.09, [INFO], r1, {'battery-level': '36.60'}, battery_charge, None, None
270.09, [INFO], r1, {'y': 27.86, 'x': -36.336, 'yaw': 3.141}, pose, None, None
280.03, [INFO], r1, {'y': 29.961, 'x': -36.383, 'yaw': 3.142}, pose, None, None
280.03, [INFO], r1, {'battery-level': '36.10'}, battery_charge, None, None
290.06, [INFO], r1, {'battery-level': '35.60'}, battery_charge, None, None
290.06, [INFO], r1, {'y': 32.092, 'x': -36.576, 'yaw': 3.142}, pose, None, None
300.10, [INFO], r1, {'battery-level': '35.10'}, battery_charge, None, None
300.10, [INFO], r1, {'y': 34.207, 'x': -36.883, 'yaw': 3.141}, pose, None, None
310.03, [INFO], r1, {'y': 36.016, 'x': -36.989, 'yaw': 3.141}, pose, None, None
310.03, [INFO], r1, {'battery-level': '34.60'}, battery_charge, None, None
315.65, [INFO], r1, skill-success, None, navto, None
315.65, [INFO], r1, started skill, None, approach-arm, None
315.65, [INFO], r1, sent message, None, None, None
315.65, [INFO], r1, started skill, None, open-drawer, None
315.65, [INFO], r1, sent message, None, None, None
315.65, [INFO], r1, skill-success, None, open-drawer, None
315.65, [INFO], r1, started skill, None, pick-up-sample, None
315.65, [INFO], r1, sent message, None, None, None
315.65, [INFO], r1, skill-success, None, pick-up-sample, None
315.65, [INFO], r1, started skill, None, close-drawer, None
315.65, [INFO], r1, sent message, None, None, None
315.65, [INFO], r1, skill-success, None, close-drawer, None
315.65, [WARN], r1, SUCCESS, None, None, None
320.07, [INFO], r1, {'y': 36.038, 'x': -36.997, 'yaw': -3.142}, pose, None, None
320.07, [INFO], r1, {'battery-level': '34.10'}, battery_charge, None, None
