9.72, [INFO], r1, started skill, None, navto, None
10.02, [INFO], r1, {'battery-level': '49.55'}, battery_charge, None, None
10.02, [INFO], r1, {'y': 18.93, 'x': -33.904, 'yaw': 3.142}, pose, None, None
20.10, [INFO], r1, {'battery-level': '49.05'}, battery_charge, None, None
20.10, [INFO], r1, {'y': 17.746, 'x': -35.506, 'yaw': -3.141}, pose, None, None
30.03, [INFO], r1, {'y': 16.062, 'x': -36.424, 'yaw': 3.142}, pose, None, None
30.03, [INFO], r1, {'battery-level': '48.55'}, battery_charge, None, None
40.05, [INFO], r1, {'y': 15.369, 'x': -34.427, 'yaw': -3.141}, pose, None, None
40.05, [INFO], r1, {'battery-level': '48.05'}, battery_charge, None, None
50.06, [INFO], r1, {'y': 15.484, 'x': -32.299, 'yaw': 3.142}, pose, None, None
50.06, [INFO], r1, {'battery-level': '47.55'}, battery_charge, None, None
60.08, [INFO], r1, {'battery-level': '47.05'}, battery_charge, None, None
60.08, [INFO], r1, {'y': 15.587, 'x': -30.176, 'yaw': 3.137}, pose, None, None
70.05, [INFO], r1, {'y': 15.819, 'x': -28.069, 'yaw': -3.142}, pose, None, None
70.05, [INFO], r1, {'battery-level': '46.55'}, battery_charge, None, None
80.03, [INFO], r1, {'y': 16.125, 'x': -25.971, 'yaw': 3.141}, pose, None, None
80.03, [INFO], r1, {'battery-level': '46.05'}, battery_charge, None, None
90.05, [INFO], r1, {'y': 16.125, 'x': -23.85, 'yaw': -3.141}, pose, None, None
90.05, [INFO], r1, {'battery-level': '45.55'}, battery_charge, None, None
100.04, [INFO], r1, {'y': 16.19, 'x': -21.741, 'yaw': 3.142}, pose, None, None
100.04, [INFO], r1, {'battery-level': '45.05'}, battery_charge, None, None
110.09, [INFO], r1, {'battery-level': '44.55'}, battery_charge, None, None
110.09, [INFO], r1, {'y': 16.541, 'x': -19.645, 'yaw': -3.142}, pose, None, None
120.05, [INFO], r1, {'battery-level': '44.05'}, battery_charge, None, None
120.05, [INFO], r1, {'y': 17.916, 'x': -18.995, 'yaw': 3.136}, pose, None, None
130.03, [INFO], r1, {'y': 18.006, 'x': -19.005, 'yaw': 3.141}, pose, None, None
130.03, [INFO], r1, {'battery-level': '43.55'}, battery_charge, None, None
134.50, [INFO], r1, skill-success, None, navto, None
134.50, [INFO], r1, started skill, None, approach-nurse, None
134.50, [INFO], r1, sent message, None, None, None
134.50, [INFO], r1, skill-success, None, approach-nurse, None
134.50, [INFO], r1, started skill, None, open-drawer, None
134.50, [INFO], r1, sent message, None, None, None
134.50, [INFO], r1, skill-success, None, open-drawer, None
134.50, [INFO], r1, started skill, None, deposit, None
134.50, [INFO], r1, sent message, None, None, None
134.50, [INFO], r1, skill-success, None, deposit, None
134.50, [INFO], r1, started skill, None, close-drawer, None
134.50, [INFO], r1, sent message, None, None, None
134.50, [INFO], r1, skill-success, None, close-drawer, None
134.59, [INFO], r1, started skill, None, navto, None
140.03, [INFO], r1, {'y': 17.014, 'x': -19.51, 'yaw': -3.14}, pose, None, None
140.03, [INFO], r1, {'battery-level': '43.05'}, battery_charge, None, None
150.07, [INFO], r1, {'y': 16.317, 'x': -21.307, 'yaw': 3.142}, pose, None, None
150.07, [INFO], r1, {'battery-level': '42.55'}, battery_charge, None, None
160.04, [INFO], r1, {'y': 16.208, 'x': -23.414, 'yaw': 3.142}, pose, None, None
160.04, [INFO], r1, {'battery-level': '42.05'}, battery_charge, None, None
170.03, [INFO], r1, {'y': 16.142, 'x': -25.514, 'yaw': 3.141}, pose, None, None
170.03, [INFO], r1, {'battery-level': '41.55'}, battery_charge, None, None
180.03, [INFO], r1, {'y': 15.983, 'x': -27.629, 'yaw': -3.142}, pose, None, None
180.03, [INFO], r1, {'battery-level': '41.05'}, battery_charge, None, None
190.04, [INFO], r1, {'y': 15.979, 'x': -29.753, 'yaw': 3.142}, pose, None, None
190.04, [INFO], r1, {'battery-level': '40.55'}, battery_charge, None, None
200.04, [INFO], r1, {'battery-level': '40.05'}, battery_charge, None, None
200.04, [INFO], r1, {'y': 15.824, 'x': -31.858, 'yaw': 3.141}, pose, None, None
210.09, [INFO], r1, {'y': 15.52, 'x': -33.98, 'yaw': -3.142}, pose, None, None
210.09, [INFO], r1, {'battery-level': '39.55'}, battery_charge, None, None
220.03, [INFO], r1, {'y': 16.269, 'x': -35.797, 'yaw': -3.141}, pose, None, None
220.03, [INFO], r1, {'battery-level': '39.05'}, battery_charge, None, None
230.06, [INFO], r1, {'y': 18.322, 'x': -36.097, 'yaw': 3.141}, pose, None, None
230.06, [INFO], r1, {'battery-level': '38.55'}, battery_charge, None, None
240.00, [INFO], r1, {'battery-level': '38.05'}, battery_charge, None, None
240.00, [INFO], r1, {'y': 20.409, 'x': -36.208, 'yaw': -3.142}, pose, None, None
250.02, [INFO], r1, {'y': 22.519, 'x': -36.31, 'yaw': 3.141}, pose, None, None
250.02, [INFO], r1, {'battery-level': '37.55'}, battery_charge, None, None
260.06, [INFO], r1, {'y': 24.641, 'x': -36.312, 'yaw': 3.141}, pose, None, None
260.06, [INFO], r1, {'battery-level': '37.05'}, battery_charge, None, None
270.06, [INFO], r1, {'y': 26.758, 'x': -36.322, 'yaw': 3.141}, pose, None, None
270.06, [INFO], r1, {'battery-level': '36.55'}, battery_charge, None, None
280.01, [INFO], r1, {'battery-level': '36.05'}, battery_charge, None, None
280.01, [INFO], r1, {'y': 28.86, 'x': -36.361, 'yaw': 3.141}, pose, None, None
290.05, [INFO], r1, {'y': 30.974, 'x': -36.5, 'yaw': 3.142}, pose, None, None
290.05, [INFO], r1, {'battery-level': '35.55'}, battery_charge, None, None
300.02, [INFO], r1, {'battery-level': '35.05'}, battery_charge, None, None
300.02, [INFO], r1, {'y': 33.074, 'x': -36.737, 'yaw': 3.141}, pose, None, None
310.06, [INFO], r1, {'y': 35.191, 'x': -36.944, 'yaw': -3.142}, pose, None, None
310.06, [INFO], r1, {'battery-level': '34.55'}, battery_charge, None, None
320.08, [INFO], r1, {'battery-level': '34.05'}, battery_charge, None, None
320.08, [INFO], r1, {'y': 36.095, 'x': -36.956, 'yaw': -3.142}, pose, None, None
322.65, [INFO], r1, skill-success, None, navto, None
322.65, [INFO], r1, started skill, None, approach-arm, None
322.65, [INFO], r1, sent message, None, None, None
322.65, [INFO], r1, skill-success, None, approach-arm, None
322.65, [INFO], r1, started skill, None, open-drawer, None
322.65, [INFO], r1, sent message, None, None, None
322.65, [INFO], r1, skill-success, None, open-drawer, None
322.65, [INFO], r1, started skill, None, pick-up-sample, None
322.65, [INFO], r1, sent message, None, None, None
322.65, [INFO], r1, skill-success, None, pick-up-sample, None
322.65, [INFO], r1, started skill, None, close-drawer, None
322.65, [INFO], r1, sent message, None, None, None
322.65, [INFO], r1, skill-success, None, close-drawer, None
322.65, [WARN], r1, SUCCESS, None, None, None
330.08, [INFO], r1, {'y': 36.093, 'x': -36.961, 'yaw': -3.142}, pose, None, None
330.08, [INFO], r1, {'battery-level': '33.55'}, battery_charge, None, None
