9.61, [INFO], r1, started skill, None, navto, None
10.01, [INFO], r1, {'battery-level': '49.55'}, battery_charge, None, None
10.01, [INFO], r1, {'y': 18.93, 'x': -33.921, 'yaw': 3.141}, pose, None, None
20.05, [INFO], r1, {'y': 17.754, 'x': -35.51, 'yaw': -3.141}, pose, None, None
20.05, [INFO], r1, {'battery-level': '49.05'}, battery_charge, None, None
30.08, [INFO], r1, {'y': 16.067, 'x': -36.45, 'yaw': 3.142}, pose, None, None
30.08, [INFO], r1, {'battery-level': '48.55'}, battery_charge, None, None
40.01, [INFO], r1, {'y': 15.398, 'x': -34.463, 'yaw': -3.141}, pose, None, None
40.01, [INFO], r1, {'battery-level': '48.05'}, battery_charge, None, None
50.04, [INFO], r1, {'y': 15.48, 'x': -32.35, 'yaw': 3.142}, pose, None, None
50.04, [INFO], r1, {'battery-level': '47.55'}, battery_charge, None, None
60.08, [INFO], r1, {'y': 15.522, 'x': -30.241, 'yaw': 3.136}, pose, None, None
60.08, [INFO], r1, {'battery-level': '47.05'}, battery_charge, None, None
70.01, [INFO], r1, {'battery-level': '46.55'}, battery_charge, None, None
70.01, [INFO], r1, {'y': 15.725, 'x': -28.152, 'yaw': 3.142}, pose, None, None
80.05, [INFO], r1, {'y': 16.046, 'x': -26.054, 'yaw': 3.141}, pose, None, None
80.05, [INFO], r1, {'battery-level': '46.05'}, battery_charge, None, None
90.08, [INFO], r1, {'y': 16.002, 'x': -23.943, 'yaw': 3.141}, pose, None, None
90.08, [INFO], r1, {'battery-level': '45.55'}, battery_charge, None, None
100.00, [INFO], r1, {'y': 16.045, 'x': -21.853, 'yaw': 3.142}, pose, None, None
100.00, [INFO], r1, {'battery-level': '45.05'}, battery_charge, None, None
110.04, [INFO], r1, {'y': 16.146, 'x': -19.736, 'yaw': 3.137}, pose, None, None
110.04, [INFO], r1, {'battery-level': '44.55'}, battery_charge, None, None
120.07, [INFO], r1, {'y': 16.154, 'x': -17.622, 'yaw': -3.142}, pose, None, None
120.07, [INFO], r1, {'battery-level': '44.05'}, battery_charge, None, None
130.01, [INFO], r1, {'y': 16.096, 'x': -15.536, 'yaw': 3.141}, pose, None, None
130.01, [INFO], r1, {'battery-level': '43.55'}, battery_charge, None, None
140.04, [INFO], r1, {'y': 16.592, 'x': -13.566, 'yaw': 3.141}, pose, None, None
140.04, [INFO], r1, {'battery-level': '43.05'}, battery_charge, None, None
150.07, [INFO], r1, {'battery-level': '42.55'}, battery_charge, None, None
150.07, [INFO], r1, {'y': 17.918, 'x': -13.647, 'yaw': 3.141}, pose, None, None
160.09, [INFO], r1, {'y': 18.001, 'x': -13.668, 'yaw': -3.142}, pose, None, None
160.09, [INFO], r1, {'battery-level': '42.05'}, battery_charge, None, None
161.29, [INFO], r1, skill-success, None, navto, None
161.29, [INFO], r1, started skill, None, approach-nurse, None
161.29, [INFO], r1, sent message, None, None, None
161.29, [INFO], r1, skill-success, None, approach-nurse, None
161.29, [INFO], r1, started skill, None, authenticate-nurse, None
161.29, [WARN], r1, SKILL-FAILURE, None, authenticate-nurse, None
170.02, [INFO], r1, {'y': 18.002, 'x': -13.669, 'yaw': -3.142}, pose, None, None
170.02, [INFO], r1, {'battery-level': '41.55'}, battery_charge, None, None
