9.82, [INFO], r1, started skill, None, navto, None
10.02, [INFO], r1, {'y': 18.93, 'x': -33.9, 'yaw': -3.142}, pose, None, None
10.02, [INFO], r1, {'battery-level': '49.60'}, battery_charge, None, None
20.09, [INFO], r1, {'battery-level': '49.10'}, battery_charge, None, None
20.09, [INFO], r1, {'y': 17.727, 'x': -35.429, 'yaw': 3.14}, pose, None, None
30.09, [INFO], r1, {'y': 16.153, 'x': -36.567, 'yaw': -3.142}, pose, None, None
30.09, [INFO], r1, {'battery-level': '48.60'}, battery_charge, None, None
40.00, [INFO], r1, {'y': 15.419, 'x': -34.645, 'yaw': 3.142}, pose, None, None
40.00, [INFO], r1, {'battery-level': '48.10'}, battery_charge, None, None
50.08, [INFO], r1, {'y': 15.449, 'x': -32.506, 'yaw': -3.142}, pose, None, None
50.08, [INFO], r1, {'battery-level': '47.60'}, battery_charge, None, None
60.10, [INFO], r1, {'y': 15.541, 'x': -30.399, 'yaw': 3.141}, pose, None, None
60.10, [INFO], r1, {'battery-level': '47.10'}, battery_charge, None, None
70.08, [INFO], r1, {'battery-level': '46.60'}, battery_charge, None, None
70.08, [INFO], r1, {'y': 15.756, 'x': -28.294, 'yaw': -3.142}, pose, None, None
80.06, [INFO], r1, {'y': 15.986, 'x': -26.186, 'yaw': 3.141}, pose, None, None
80.06, [INFO], r1, {'battery-level': '46.10'}, battery_charge, None, None
90.05, [INFO], r1, {'battery-level': '45.60'}, battery_charge, None, None
90.05, [INFO], r1, {'y': 15.903, 'x': -24.086, 'yaw': 3.14}, pose, None, None
100.06, [INFO], r1, {'y': 16.011, 'x': -21.971, 'yaw': 3.142}, pose, None, None
100.06, [INFO], r1, {'battery-level': '45.10'}, battery_charge, None, None
110.01, [INFO], r1, {'y': 16.199, 'x': -19.876, 'yaw': 3.141}, pose, None, None
110.01, [INFO], r1, {'battery-level': '44.60'}, battery_charge, None, None
120.02, [INFO], r1, {'y': 16.175, 'x': -17.765, 'yaw': 3.142}, pose, None, None
120.02, [INFO], r1, {'battery-level': '44.10'}, battery_charge, None, None
130.01, [INFO], r1, {'battery-level': '43.60'}, battery_charge, None, None
130.01, [INFO], r1, {'y': 16.108, 'x': -15.665, 'yaw': 3.141}, pose, None, None
140.07, [INFO], r1, {'y': 16.497, 'x': -13.614, 'yaw': 3.141}, pose, None, None
140.07, [INFO], r1, {'battery-level': '43.10'}, battery_charge, None, None
150.06, [INFO], r1, {'y': 17.93, 'x': -13.613, 'yaw': -3.142}, pose, None, None
150.06, [INFO], r1, {'battery-level': '42.60'}, battery_charge, None, None
156.12, [INFO], r1, skill-success, None, navto, None
156.12, [INFO], r1, started skill, None, approach-nurse, None
156.12, [INFO], r1, sent message, None, None, None
156.12, [INFO], r1, skill-success, None, approach-nurse, None
156.12, [INFO], r1, started skill, None, authenticate-nurse, None
156.12, [INFO], r1, sent message, None, None, None
156.12, [INFO], r1, skill-success, None, authenticate-nurse, None
156.12, [INFO], r1, started skill, None, open-drawer, None
156.12, [INFO], r1, sent message, None, None, None
156.12, [INFO], r1, skill-success, None, open-drawer, None
156.12, [INFO], r1, started skill, None, deposit, None
156.12, [INFO], r1, sent message, None, None, None
156.12, [INFO], r1, skill-success, None, deposit, None
156.12, [INFO], r1, started skill, None, close-drawer, None
156.12, [INFO], r1, sent message, None, None, None
156.12, [INFO], r1, skill-success, None, close-drawer, None
156.12, [INFO], r1, started skill, None, navto, None
160.03, [INFO], r1, {'y': 17.172, 'x': -13.629, 'yaw': -3.139}, pose, None, None
160.03, [INFO], r1, {'battery-level': '42.10'}, battery_charge, None, None
170.03, [INFO], r1, {'battery-level': '41.60'}, battery_charge, None, None
170.03, [INFO], r1, {'y': 16.251, 'x': -15.251, 'yaw': 3.141}, pose, None, None
180.02, [INFO], r1, {'y': 16.141, 'x': -17.356, 'yaw': 3.141}, pose, None, None
180.02, [INFO], r1, {'battery-level': '41.10'}, battery_charge, None, None
190.03, [INFO], r1, {'battery-level': '40.60'}, battery_charge, None, None
190.03, [INFO], r1, {'y': 16.243, 'x': -19.472, 'yaw': 3.142}, pose, None, None
200.05, [INFO], r1, {'y': 16.303, 'x': -21.584, 'yaw': 3.142}, pose, None, None
200.05, [INFO], r1, {'battery-level': '40.10'}, battery_charge, None, None
210.04, [INFO], r1, {'battery-level': '39.60'}, battery_charge, None, None
210.04, [INFO], r1, {'y': 16.147, 'x': -23.707, 'yaw': 3.141}, pose, None, None
220.02, [INFO], r1, {'y': 16.103, 'x': -25.817, 'yaw': 3.14}, pose, None, None
220.02, [INFO], r1, {'battery-level': '39.10'}, battery_charge, None, None
230.02, [INFO], r1, {'battery-level': '38.60'}, battery_charge, None, None
230.02, [INFO], r1, {'y': 15.979, 'x': -27.923, 'yaw': 3.141}, pose, None, None
240.03, [INFO], r1, {'y': 16.042, 'x': -30.033, 'yaw': -3.142}, pose, None, None
240.03, [INFO], r1, {'battery-level': '38.10'}, battery_charge, None, None
250.05, [INFO], r1, {'y': 15.863, 'x': -32.161, 'yaw': 3.141}, pose, None, None
250.05, [INFO], r1, {'battery-level': '37.60'}, battery_charge, None, None
260.08, [INFO], r1, {'battery-level': '37.10'}, battery_charge, None, None
260.08, [INFO], r1, {'y': 15.438, 'x': -34.267, 'yaw': 3.142}, pose, None, None
270.04, [INFO], r1, {'y': 16.518, 'x': -35.98, 'yaw': 3.142}, pose, None, None
270.04, [INFO], r1, {'battery-level': '36.60'}, battery_charge, None, None
280.04, [INFO], r1, {'y': 18.617, 'x': -36.094, 'yaw': 3.141}, pose, None, None
280.04, [INFO], r1, {'battery-level': '36.10'}, battery_charge, None, None
290.02, [INFO], r1, {'y': 20.713, 'x': -36.243, 'yaw': 3.142}, pose, None, None
290.02, [INFO], r1, {'battery-level': '35.60'}, battery_charge, None, None
300.01, [INFO], r1, {'y': 22.828, 'x': -36.294, 'yaw': 3.141}, pose, None, None
300.01, [INFO], r1, {'battery-level': '35.10'}, battery_charge, None, None
310.01, [INFO], r1, {'battery-level': '34.60'}, battery_charge, None, None
310.01, [INFO], r1, {'y': 24.963, 'x': -36.228, 'yaw': 3.141}, pose, None, None
320.08, [INFO], r1, {'y': 27.098, 'x': -36.245, 'yaw': 3.141}, pose, None, None
320.08, [INFO], r1, {'battery-level': '34.10'}, battery_charge, None, None
330.01, [INFO], r1, {'y': 29.203, 'x': -36.264, 'yaw': 3.141}, pose, None, None
330.01, [INFO], r1, {'battery-level': '33.60'}, battery_charge, None, None
340.01, [INFO], r1, {'battery-level': '33.10'}, battery_charge, None, None
340.01, [INFO], r1, {'y': 31.317, 'x': -36.417, 'yaw': 3.142}, pose, None, None
350.06, [INFO], r1, {'battery-level': '32.60'}, battery_charge, None, None
350.06, [INFO], r1, {'y': 33.432, 'x': -36.731, 'yaw': -3.142}, pose, None, None
360.08, [INFO], r1, {'y': 35.525, 'x': -36.919, 'yaw': -3.141}, pose, None, None
360.08, [INFO], r1, {'battery-level': '32.10'}, battery_charge, None, None
370.03, [INFO], r1, {'y': 36.09, 'x': -37.004, 'yaw': 3.142}, pose, None, None
370.03, [INFO], r1, {'battery-level': '31.60'}, battery_charge, None, None
370.92, [INFO], r1, skill-success, None, navto, None
370.92, [INFO], r1, started skill, None, approach-arm, None
370.92, [INFO], r1, sent message, None, None, None
370.92, [INFO], r1, skill-success, None, approach-arm, None
370.92, [INFO], r1, started skill, None, open-drawer, None
370.92, [INFO], r1, sent message, None, None, None
370.92, [INFO], r1, skill-success, None, open-drawer, None
370.92, [INFO], r1, started skill, None, pick-up-sample, None
370.92, [INFO], r1, sent message, None, None, None
370.92, [INFO], r1, skill-success, None, pick-up-sample, None
370.92, [INFO], r1, started skill, None, close-drawer, None
370.92, [INFO], r1, sent message, None, None, None
370.92, [INFO], r1, skill-success, None, close-drawer, None
370.92, [WARN], r1, SUCCESS, None, None, None
