9.52, [INFO], r1, started skill, None, navto, None
10.00, [INFO], r1, {'y': 18.93, 'x': -33.921, 'yaw': 3.141}, pose, None, None
10.00, [INFO], r1, {'battery-level': '49.60'}, battery_charge, None, None
20.00, [INFO], r1, {'y': 17.742, 'x': -35.49, 'yaw': -3.139}, pose, None, None
20.00, [INFO], r1, {'battery-level': '49.10'}, battery_charge, None, None
30.03, [INFO], r1, {'y': 16.082, 'x': -36.52, 'yaw': 3.141}, pose, None, None
30.03, [INFO], r1, {'battery-level': '48.60'}, battery_charge, None, None
40.04, [INFO], r1, {'y': 15.413, 'x': -34.499, 'yaw': -3.142}, pose, None, None
40.04, [INFO], r1, {'battery-level': '48.10'}, battery_charge, None, None
50.09, [INFO], r1, {'battery-level': '47.60'}, battery_charge, None, None
50.09, [INFO], r1, {'y': 15.584, 'x': -32.386, 'yaw': -3.141}, pose, None, None
60.03, [INFO], r1, {'y': 15.644, 'x': -30.273, 'yaw': 3.141}, pose, None, None
60.03, [INFO], r1, {'battery-level': '47.10'}, battery_charge, None, None
70.02, [INFO], r1, {'y': 15.839, 'x': -28.156, 'yaw': 3.142}, pose, None, None
70.02, [INFO], r1, {'battery-level': '46.60'}, battery_charge, None, None
80.04, [INFO], r1, {'battery-level': '46.10'}, battery_charge, None, None
80.04, [INFO], r1, {'y': 16.083, 'x': -26.038, 'yaw': -3.139}, pose, None, None
90.02, [INFO], r1, {'y': 16.16, 'x': -23.93, 'yaw': -3.141}, pose, None, None
90.02, [INFO], r1, {'battery-level': '45.60'}, battery_charge, None, None
100.03, [INFO], r1, {'y': 16.172, 'x': -21.803, 'yaw': 3.142}, pose, None, None
100.03, [INFO], r1, {'battery-level': '45.10'}, battery_charge, None, None
110.04, [INFO], r1, {'battery-level': '44.60'}, battery_charge, None, None
110.04, [INFO], r1, {'y': 16.293, 'x': -19.686, 'yaw': -3.138}, pose, None, None
120.01, [INFO], r1, {'y': 16.21, 'x': -17.594, 'yaw': 3.142}, pose, None, None
120.01, [INFO], r1, {'battery-level': '44.10'}, battery_charge, None, None
130.01, [INFO], r1, {'y': 16.066, 'x': -15.486, 'yaw': 3.141}, pose, None, None
130.01, [INFO], r1, {'battery-level': '43.60'}, battery_charge, None, None
140.08, [INFO], r1, {'y': 16.61, 'x': -13.568, 'yaw': 3.142}, pose, None, None
140.08, [INFO], r1, {'battery-level': '43.10'}, battery_charge, None, None
150.07, [INFO], r1, {'battery-level': '42.60'}, battery_charge, None, None
150.07, [INFO], r1, {'y': 17.907, 'x': -13.617, 'yaw': -3.142}, pose, None, None
159.45, [INFO], r1, skill-success, None, navto, None
159.45, [INFO], r1, started skill, None, approach-nurse, None
159.45, [INFO], r1, started skill, None, open-drawer, None
159.45, [INFO], r1, sent message, None, None, None
159.45, [INFO], r1, skill-success, None, open-drawer, None
159.45, [INFO], r1, started skill, None, deposit, None
159.45, [INFO], r1, sent message, None, None, None
159.45, [INFO], r1, skill-success, None, deposit, None
159.45, [INFO], r1, started skill, None, close-drawer, None
159.45, [INFO], r1, sent message, None, None, None
159.45, [INFO], r1, skill-success, None, close-drawer, None
159.45, [INFO], r1, started skill, None, navto, None
160.03, [INFO], r1, {'y': 17.954, 'x': -13.644, 'yaw': 3.141}, pose, None, None
160.03, [INFO], r1, {'battery-level': '42.10'}, battery_charge, None, None
170.09, [INFO], r1, {'y': 16.284, 'x': -14.469, 'yaw': 3.142}, pose, None, None
170.09, [INFO], r1, {'battery-level': '41.60'}, battery_charge, None, None
180.02, [INFO], r1, {'battery-level': '41.10'}, battery_charge, None, None
180.02, [INFO], r1, {'y': 16.126, 'x': -16.564, 'yaw': 3.14}, pose, None, None
190.07, [INFO], r1, {'y': 16.175, 'x': -18.693, 'yaw': -3.142}, pose, None, None
190.07, [INFO], r1, {'battery-level': '40.60'}, battery_charge, None, None
200.06, [INFO], r1, {'battery-level': '40.10'}, battery_charge, None, None
200.06, [INFO], r1, {'y': 16.315, 'x': -20.81, 'yaw': 3.142}, pose, None, None
210.09, [INFO], r1, {'y': 16.198, 'x': -22.935, 'yaw': -3.142}, pose, None, None
210.09, [INFO], r1, {'battery-level': '39.60'}, battery_charge, None, None
220.02, [INFO], r1, {'y': 16.113, 'x': -25.052, 'yaw': 3.141}, pose, None, None
220.02, [INFO], r1, {'battery-level': '39.10'}, battery_charge, None, None
230.09, [INFO], r1, {'y': 15.945, 'x': -27.185, 'yaw': 3.138}, pose, None, None
230.09, [INFO], r1, {'battery-level': '38.60'}, battery_charge, None, None
240.07, [INFO], r1, {'y': 16.078, 'x': -29.296, 'yaw': 3.142}, pose, None, None
240.07, [INFO], r1, {'battery-level': '38.10'}, battery_charge, None, None
250.00, [INFO], r1, {'y': 15.929, 'x': -31.396, 'yaw': 3.141}, pose, None, None
250.00, [INFO], r1, {'battery-level': '37.60'}, battery_charge, None, None
260.03, [INFO], r1, {'y': 15.678, 'x': -33.529, 'yaw': 3.141}, pose, None, None
260.03, [INFO], r1, {'battery-level': '37.10'}, battery_charge, None, None
270.05, [INFO], r1, {'y': 15.961, 'x': -35.494, 'yaw': -3.142}, pose, None, None
270.05, [INFO], r1, {'battery-level': '36.60'}, battery_charge, None, None
280.08, [INFO], r1, {'y': 17.895, 'x': -36.108, 'yaw': 3.141}, pose, None, None
280.08, [INFO], r1, {'battery-level': '36.10'}, battery_charge, None, None
290.01, [INFO], r1, {'battery-level': '35.60'}, battery_charge, None, None
290.01, [INFO], r1, {'y': 19.996, 'x': -36.213, 'yaw': 3.142}, pose, None, None
300.01, [INFO], r1, {'y': 22.123, 'x': -36.258, 'yaw': 3.14}, pose, None, None
300.01, [INFO], r1, {'battery-level': '35.10'}, battery_charge, None, None
310.06, [INFO], r1, {'y': 24.255, 'x': -36.295, 'yaw': 3.141}, pose, None, None
310.06, [INFO], r1, {'battery-level': '34.60'}, battery_charge, None, None
320.08, [INFO], r1, {'battery-level': '34.10'}, battery_charge, None, None
320.08, [INFO], r1, {'y': 26.38, 'x': -36.264, 'yaw': 3.14}, pose, None, None
330.07, [INFO], r1, {'y': 28.485, 'x': -36.284, 'yaw': 3.14}, pose, None, None
330.07, [INFO], r1, {'battery-level': '33.60'}, battery_charge, None, None
340.02, [INFO], r1, {'y': 30.586, 'x': -36.437, 'yaw': -3.142}, pose, None, None
340.02, [INFO], r1, {'battery-level': '33.10'}, battery_charge, None, None
350.04, [INFO], r1, {'battery-level': '32.60'}, battery_charge, None, None
350.04, [INFO], r1, {'y': 32.697, 'x': -36.701, 'yaw': -3.142}, pose, None, None
360.06, [INFO], r1, {'y': 34.799, 'x': -36.854, 'yaw': -3.138}, pose, None, None
360.06, [INFO], r1, {'battery-level': '32.10'}, battery_charge, None, None
370.02, [INFO], r1, {'y': 35.989, 'x': -36.994, 'yaw': -3.142}, pose, None, None
370.02, [INFO], r1, {'battery-level': '31.60'}, battery_charge, None, None
375.33, [INFO], r1, skill-success, None, navto, None
375.33, [INFO], r1, started skill, None, approach-arm, None
375.33, [INFO], r1, started skill, None, open-drawer, None
375.33, [INFO], r1, sent message, None, None, None
375.33, [INFO], r1, skill-success, None, open-drawer, None
375.33, [INFO], r1, started skill, None, pick-up-sample, None
375.33, [INFO], r1, sent message, None, None, None
375.33, [INFO], r1, skill-success, None, pick-up-sample, None
375.33, [INFO], r1, started skill, None, close-drawer, None
375.33, [INFO], r1, sent message, None, None, None
375.33, [INFO], r1, skill-success, None, close-drawer, None
375.33, [WARN], r1, SUCCESS, None, None, None
380.07, [INFO], r1, {'y': 36.012, 'x': -36.974, 'yaw': -3.142}, pose, None, None
380.07, [INFO], r1, {'battery-level': '31.10'}, battery_charge, None, None
