0.19, [DEBUG], logger, ROBOTS_CONFIG={'capabilities': ['approach_person', 'approach_robot', 'authenticate_person', 'navigation', 'operate_drawer'], 'battery_charge': 0.5, 'nurse_pose': [-13.5, 18.0, -1.57], 'robot_pose': [-33.9, 18.93, 3.14]}, None, None, None
0.19, [DEBUG], logger, Simulation open, None, None, None
10.09, [INFO], r1, {'y': 18.93, 'x': -33.9, 'yaw': -3.142}, pose, None, None
10.09, [INFO], r1, {'battery-level': '49.55'}, battery_charge, None, None
10.48, [INFO], r1, started skill, None, navto, None
20.07, [INFO], r1, {'battery-level': '49.05'}, battery_charge, None, None
20.07, [INFO], r1, {'y': 17.724, 'x': -35.286, 'yaw': -3.138}, pose, None, None
30.07, [INFO], r1, {'y': 16.221, 'x': -36.549, 'yaw': 3.142}, pose, None, None
30.07, [INFO], r1, {'battery-level': '48.55'}, battery_charge, None, None
40.05, [INFO], r1, {'y': 15.44, 'x': -34.644, 'yaw': 3.142}, pose, None, None
40.05, [INFO], r1, {'battery-level': '48.05'}, battery_charge, None, None
50.02, [INFO], r1, {'battery-level': '47.55'}, battery_charge, None, None
50.02, [INFO], r1, {'y': 15.485, 'x': -32.542, 'yaw': -3.142}, pose, None, None
60.09, [INFO], r1, {'y': 15.528, 'x': -30.415, 'yaw': 3.141}, pose, None, None
60.09, [INFO], r1, {'battery-level': '47.05'}, battery_charge, None, None
70.07, [INFO], r1, {'y': 15.817, 'x': -28.308, 'yaw': 3.142}, pose, None, None
70.07, [INFO], r1, {'battery-level': '46.55'}, battery_charge, None, None
80.05, [INFO], r1, {'y': 16.155, 'x': -26.22, 'yaw': 3.142}, pose, None, None
80.05, [INFO], r1, {'battery-level': '46.05'}, battery_charge, None, None
90.03, [INFO], r1, {'y': 16.174, 'x': -24.1, 'yaw': -3.141}, pose, None, None
90.03, [INFO], r1, {'battery-level': '45.55'}, battery_charge, None, None
100.04, [INFO], r1, {'battery-level': '45.05'}, battery_charge, None, None
100.04, [INFO], r1, {'y': 16.15, 'x': -21.991, 'yaw': 3.142}, pose, None, None
110.02, [INFO], r1, {'y': 16.285, 'x': -19.88, 'yaw': -3.138}, pose, None, None
110.02, [INFO], r1, {'battery-level': '44.55'}, battery_charge, None, None
120.01, [INFO], r1, {'y': 16.268, 'x': -17.772, 'yaw': -3.142}, pose, None, None
120.01, [INFO], r1, {'battery-level': '44.05'}, battery_charge, None, None
130.07, [INFO], r1, {'y': 16.14, 'x': -15.649, 'yaw': 3.141}, pose, None, None
130.07, [INFO], r1, {'battery-level': '43.55'}, battery_charge, None, None
140.06, [INFO], r1, {'y': 16.53, 'x': -13.649, 'yaw': 3.141}, pose, None, None
140.06, [INFO], r1, {'battery-level': '43.05'}, battery_charge, None, None
150.02, [INFO], r1, {'battery-level': '42.55'}, battery_charge, None, None
150.02, [INFO], r1, {'y': 17.886, 'x': -13.615, 'yaw': -3.142}, pose, None, None
160.07, [INFO], r1, {'y': 17.994, 'x': -13.602, 'yaw': -3.142}, pose, None, None
160.07, [INFO], r1, {'battery-level': '42.05'}, battery_charge, None, None
162.05, [INFO], r1, skill-success, None, navto, None
162.05, [INFO], r1, started skill, None, approach-nurse, None
162.05, [INFO], r1, sent message, None, None, None
162.05, [INFO], r1, skill-success, None, approach-nurse, None
162.05, [INFO], r1, started skill, None, authenticate-nurse, None
162.05, [INFO], r1, sent message, None, None, None
162.05, [INFO], r1, skill-success, None, authenticate-nurse, None
162.05, [INFO], r1, started skill, None, open-drawer, None
162.05, [INFO], r1, sent message, None, None, None
162.05, [INFO], r1, skill-success, None, open-drawer, None
162.05, [INFO], r1, started skill, None, deposit, None
162.05, [INFO], r1, sent message, None, None, None
162.05, [INFO], r1, skill-success, None, deposit, None
162.05, [INFO], r1, started skill, None, close-drawer, None
162.05, [INFO], r1, sent message, None, None, None
162.05, [INFO], r1, skill-success, None, close-drawer, None
162.05, [INFO], r1, started skill, None, navto, None
170.06, [INFO], r1, {'battery-level': '41.55'}, battery_charge, None, None
170.06, [INFO], r1, {'y': 16.456, 'x': -13.977, 'yaw': -3.141}, pose, None, None
180.06, [INFO], r1, {'y': 16.189, 'x': -16.049, 'yaw': 3.141}, pose, None, None
180.06, [INFO], r1, {'battery-level': '41.05'}, battery_charge, None, None
190.04, [INFO], r1, {'y': 16.228, 'x': -18.153, 'yaw': 3.141}, pose, None, None
190.04, [INFO], r1, {'battery-level': '40.55'}, battery_charge, None, None
200.03, [INFO], r1, {'y': 16.313, 'x': -20.265, 'yaw': 3.141}, pose, None, None
200.03, [INFO], r1, {'battery-level': '40.05'}, battery_charge, None, None
210.01, [INFO], r1, {'y': 16.266, 'x': -22.378, 'yaw': 3.141}, pose, None, None
210.01, [INFO], r1, {'battery-level': '39.55'}, battery_charge, None, None
220.10, [INFO], r1, {'battery-level': '39.05'}, battery_charge, None, None
220.10, [INFO], r1, {'y': 16.114, 'x': -24.494, 'yaw': 3.141}, pose, None, None
230.08, [INFO], r1, {'y': 16.044, 'x': -26.601, 'yaw': -3.141}, pose, None, None
230.08, [INFO], r1, {'battery-level': '38.55'}, battery_charge, None, None
240.06, [INFO], r1, {'y': 16.006, 'x': -28.709, 'yaw': 3.141}, pose, None, None
240.06, [INFO], r1, {'battery-level': '38.05'}, battery_charge, None, None
250.07, [INFO], r1, {'battery-level': '37.55'}, battery_charge, None, None
250.07, [INFO], r1, {'y': 16.021, 'x': -30.83, 'yaw': 3.142}, pose, None, None
260.07, [INFO], r1, {'y': 15.818, 'x': -32.942, 'yaw': -3.141}, pose, None, None
260.07, [INFO], r1, {'battery-level': '37.05'}, battery_charge, None, None
270.06, [INFO], r1, {'y': 15.486, 'x': -35.036, 'yaw': -3.141}, pose, None, None
270.06, [INFO], r1, {'battery-level': '36.55'}, battery_charge, None, None
280.03, [INFO], r1, {'battery-level': '36.05'}, battery_charge, None, None
280.03, [INFO], r1, {'y': 17.195, 'x': -36.141, 'yaw': 3.142}, pose, None, None
290.04, [INFO], r1, {'battery-level': '35.55'}, battery_charge, None, None
290.04, [INFO], r1, {'y': 19.302, 'x': -36.165, 'yaw': -3.142}, pose, None, None
300.03, [INFO], r1, {'y': 21.408, 'x': -36.253, 'yaw': 3.142}, pose, None, None
300.03, [INFO], r1, {'battery-level': '35.05'}, battery_charge, None, None
310.05, [INFO], r1, {'battery-level': '34.55'}, battery_charge, None, None
310.05, [INFO], r1, {'y': 23.535, 'x': -36.318, 'yaw': 3.141}, pose, None, None
320.05, [INFO], r1, {'y': 25.643, 'x': -36.259, 'yaw': 3.141}, pose, None, None
320.05, [INFO], r1, {'battery-level': '34.05'}, battery_charge, None, None
330.06, [INFO], r1, {'y': 27.758, 'x': -36.334, 'yaw': 3.141}, pose, None, None
330.06, [INFO], r1, {'battery-level': '33.55'}, battery_charge, None, None
340.08, [INFO], r1, {'y': 29.883, 'x': -36.412, 'yaw': -3.142}, pose, None, None
340.08, [INFO], r1, {'battery-level': '33.05'}, battery_charge, None, None
350.08, [INFO], r1, {'y': 31.993, 'x': -36.544, 'yaw': 3.141}, pose, None, None
350.08, [INFO], r1, {'battery-level': '32.55'}, battery_charge, None, None
360.00, [INFO], r1, {'y': 34.076, 'x': -36.949, 'yaw': -3.139}, pose, None, None
360.00, [INFO], r1, {'battery-level': '32.05'}, battery_charge, None, None
370.01, [INFO], r1, {'battery-level': '31.55'}, battery_charge, None, None
370.01, [INFO], r1, {'y': 36.03, 'x': -37.024, 'yaw': 3.142}, pose, None, None
375.89, [INFO], r1, skill-success, None, navto, None
375.89, [INFO], r1, started skill, None, approach-arm, None
375.89, [INFO], r1, sent message, None, None, None
375.89, [INFO], r1, skill-success, None, approach-arm, None
375.89, [INFO], r1, started skill, None, open-drawer, None
375.89, [INFO], r1, sent message, None, None, None
375.89, [INFO], r1, skill-success, None, open-drawer, None
375.89, [INFO], r1, started skill, None, pick-up-sample, None
375.89, [INFO], r1, sent message, None, None, None
375.89, [INFO], r1, skill-success, None, pick-up-sample, None
375.89, [INFO], r1, started skill, None, close-drawer, None
375.89, [INFO], r1, sent message, None, None, None
375.89, [INFO], r1, skill-success, None, close-drawer, None
375.89, [WARN], r1, SUCCESS, None, None, None
380.01, [INFO], r1, {'y': 36.119, 'x': -37.023, 'yaw': -3.142}, pose, None, None
380.01, [INFO], r1, {'battery-level': '31.05'}, battery_charge, None, None
