0.19, [DEBUG], logger, ROBOTS_CONFIG={'capabilities': ['approach_person', 'approach_robot', 'authenticate_person', 'navigation', 'operate_drawer'], 'battery_charge': 0.5, 'nurse_pose': [-11.5, 18.0, -1.57], 'robot_pose': [-33.9, 18.93, 3.14]}, None, None, None
0.19, [DEBUG], logger, Simulation open, None, None, None
10.01, [INFO], r1, {'y': 18.93, 'x': -33.9, 'yaw': -3.142}, pose, None, None
10.01, [INFO], r1, {'battery-level': '49.55'}, battery_charge, None, None
10.99, [INFO], r1, started skill, None, navto, None
20.09, [INFO], r1, {'y': 17.742, 'x': -35.194, 'yaw': 3.142}, pose, None, None
20.09, [INFO], r1, {'battery-level': '49.05'}, battery_charge, None, None
30.09, [INFO], r1, {'y': 16.328, 'x': -36.572, 'yaw': 3.141}, pose, None, None
30.09, [INFO], r1, {'battery-level': '48.55'}, battery_charge, None, None
40.00, [INFO], r1, {'battery-level': '48.05'}, battery_charge, None, None
40.00, [INFO], r1, {'y': 15.417, 'x': -34.822, 'yaw': -3.141}, pose, None, None
50.09, [INFO], r1, {'y': 15.522, 'x': -32.687, 'yaw': 3.141}, pose, None, None
50.09, [INFO], r1, {'battery-level': '47.55'}, battery_charge, None, None
60.08, [INFO], r1, {'y': 15.53, 'x': -30.579, 'yaw': 3.14}, pose, None, None
60.08, [INFO], r1, {'battery-level': '47.05'}, battery_charge, None, None
70.05, [INFO], r1, {'y': 15.741, 'x': -28.479, 'yaw': -3.14}, pose, None, None
70.05, [INFO], r1, {'battery-level': '46.55'}, battery_charge, None, None
80.01, [INFO], r1, {'y': 16.1, 'x': -26.387, 'yaw': 3.141}, pose, None, None
80.01, [INFO], r1, {'battery-level': '46.05'}, battery_charge, None, None
90.07, [INFO], r1, {'battery-level': '45.55'}, battery_charge, None, None
90.07, [INFO], r1, {'y': 16.098, 'x': -24.27, 'yaw': 3.14}, pose, None, None
100.06, [INFO], r1, {'battery-level': '45.05'}, battery_charge, None, None
100.06, [INFO], r1, {'y': 16.161, 'x': -22.162, 'yaw': 3.141}, pose, None, None
110.05, [INFO], r1, {'y': 16.241, 'x': -20.052, 'yaw': 3.139}, pose, None, None
110.05, [INFO], r1, {'battery-level': '44.55'}, battery_charge, None, None
120.05, [INFO], r1, {'y': 16.193, 'x': -17.944, 'yaw': 3.142}, pose, None, None
120.05, [INFO], r1, {'battery-level': '44.05'}, battery_charge, None, None
130.05, [INFO], r1, {'y': 16.053, 'x': -15.842, 'yaw': 3.141}, pose, None, None
130.05, [INFO], r1, {'battery-level': '43.55'}, battery_charge, None, None
140.04, [INFO], r1, {'y': 16.204, 'x': -13.732, 'yaw': 3.141}, pose, None, None
140.04, [INFO], r1, {'battery-level': '43.05'}, battery_charge, None, None
150.06, [INFO], r1, {'battery-level': '42.55'}, battery_charge, None, None
150.06, [INFO], r1, {'y': 17.083, 'x': -11.918, 'yaw': 3.141}, pose, None, None
160.02, [INFO], r1, {'y': 17.968, 'x': -11.536, 'yaw': 3.137}, pose, None, None
160.02, [INFO], r1, {'battery-level': '42.05'}, battery_charge, None, None
169.21, [INFO], r1, skill-success, None, navto, None
169.21, [INFO], r1, started skill, None, approach-nurse, None
169.21, [INFO], r1, sent message, None, None, None
169.21, [INFO], r1, skill-success, None, approach-nurse, None
169.21, [INFO], r1, started skill, None, authenticate-nurse, None
169.21, [INFO], r1, skill-success, None, authenticate-nurse, None
169.21, [INFO], r1, started skill, None, open-drawer, None
169.21, [INFO], r1, sent message, None, None, None
169.21, [INFO], r1, skill-success, None, open-drawer, None
169.21, [INFO], r1, started skill, None, deposit, None
169.21, [INFO], r1, sent message, None, None, None
169.21, [INFO], r1, skill-success, None, deposit, None
169.21, [INFO], r1, started skill, None, close-drawer, None
169.21, [INFO], r1, sent message, None, None, None
169.21, [INFO], r1, skill-success, None, close-drawer, None
169.21, [INFO], r1, started skill, None, navto, None
170.00, [INFO], r1, {'y': 17.945, 'x': -11.573, 'yaw': 3.139}, pose, None, None
170.00, [INFO], r1, {'battery-level': '41.55'}, battery_charge, None, None
180.08, [INFO], r1, {'y': 16.349, 'x': -12.818, 'yaw': 3.142}, pose, None, None
180.08, [INFO], r1, {'battery-level': '41.05'}, battery_charge, None, None
190.05, [INFO], r1, {'y': 16.203, 'x': -14.941, 'yaw': 3.141}, pose, None, None
190.05, [INFO], r1, {'battery-level': '40.55'}, battery_charge, None, None
200.03, [INFO], r1, {'y': 16.157, 'x': -17.065, 'yaw': 3.141}, pose, None, None
200.03, [INFO], r1, {'battery-level': '40.05'}, battery_charge, None, None
210.02, [INFO], r1, {'battery-level': '39.55'}, battery_charge, None, None
210.02, [INFO], r1, {'y': 16.211, 'x': -19.174, 'yaw': 3.142}, pose, None, None
220.04, [INFO], r1, {'y': 16.341, 'x': -21.289, 'yaw': 3.142}, pose, None, None
220.04, [INFO], r1, {'battery-level': '39.05'}, battery_charge, None, None
230.03, [INFO], r1, {'battery-level': '38.55'}, battery_charge, None, None
230.03, [INFO], r1, {'y': 16.192, 'x': -23.401, 'yaw': 3.142}, pose, None, None
240.04, [INFO], r1, {'y': 16.124, 'x': -25.531, 'yaw': 3.141}, pose, None, None
240.04, [INFO], r1, {'battery-level': '38.05'}, battery_charge, None, None
250.04, [INFO], r1, {'y': 16.013, 'x': -27.661, 'yaw': 3.142}, pose, None, None
250.04, [INFO], r1, {'battery-level': '37.55'}, battery_charge, None, None
260.02, [INFO], r1, {'battery-level': '37.05'}, battery_charge, None, None
260.02, [INFO], r1, {'y': 16.06, 'x': -29.787, 'yaw': -3.141}, pose, None, None
270.02, [INFO], r1, {'y': 15.883, 'x': -31.903, 'yaw': 3.142}, pose, None, None
270.02, [INFO], r1, {'battery-level': '36.55'}, battery_charge, None, None
280.01, [INFO], r1, {'battery-level': '36.05'}, battery_charge, None, None
280.01, [INFO], r1, {'y': 15.522, 'x': -33.997, 'yaw': -3.142}, pose, None, None
290.09, [INFO], r1, {'battery-level': '35.55'}, battery_charge, None, None
290.09, [INFO], r1, {'y': 16.377, 'x': -35.816, 'yaw': -3.141}, pose, None, None
300.07, [INFO], r1, {'y': 18.431, 'x': -36.128, 'yaw': 3.138}, pose, None, None
300.07, [INFO], r1, {'battery-level': '35.05'}, battery_charge, None, None
310.06, [INFO], r1, {'battery-level': '34.55'}, battery_charge, None, None
310.06, [INFO], r1, {'y': 20.551, 'x': -36.234, 'yaw': 3.141}, pose, None, None
320.05, [INFO], r1, {'y': 22.669, 'x': -36.372, 'yaw': 3.142}, pose, None, None
320.05, [INFO], r1, {'battery-level': '34.05'}, battery_charge, None, None
330.07, [INFO], r1, {'y': 24.803, 'x': -36.327, 'yaw': -3.142}, pose, None, None
330.07, [INFO], r1, {'battery-level': '33.55'}, battery_charge, None, None
340.07, [INFO], r1, {'y': 26.92, 'x': -36.304, 'yaw': -3.142}, pose, None, None
340.07, [INFO], r1, {'battery-level': '33.05'}, battery_charge, None, None
350.08, [INFO], r1, {'y': 29.044, 'x': -36.413, 'yaw': 3.136}, pose, None, None
350.08, [INFO], r1, {'battery-level': '32.55'}, battery_charge, None, None
360.07, [INFO], r1, {'battery-level': '32.05'}, battery_charge, None, None
360.07, [INFO], r1, {'y': 31.165, 'x': -36.535, 'yaw': 3.142}, pose, None, None
370.07, [INFO], r1, {'battery-level': '31.55'}, battery_charge, None, None
370.07, [INFO], r1, {'y': 33.282, 'x': -36.753, 'yaw': -3.142}, pose, None, None
380.06, [INFO], r1, {'y': 35.401, 'x': -36.9, 'yaw': 3.141}, pose, None, None
380.06, [INFO], r1, {'battery-level': '31.05'}, battery_charge, None, None
390.07, [INFO], r1, {'y': 36.119, 'x': -36.965, 'yaw': 3.142}, pose, None, None
390.07, [INFO], r1, {'battery-level': '30.55'}, battery_charge, None, None
394.86, [INFO], r1, skill-success, None, navto, None
394.86, [INFO], r1, started skill, None, approach-arm, None
394.86, [INFO], r1, sent message, None, None, None
394.96, [INFO], r1, skill-success, None, approach-arm, None
394.96, [INFO], r1, started skill, None, open-drawer, None
394.96, [INFO], r1, sent message, None, None, None
394.96, [INFO], r1, skill-success, None, open-drawer, None
394.96, [INFO], r1, started skill, None, pick-up-sample, None
394.96, [INFO], r1, sent message, None, None, None
394.96, [INFO], r1, skill-success, None, pick-up-sample, None
394.96, [INFO], r1, started skill, None, close-drawer, None
394.96, [INFO], r1, sent message, None, None, None
394.96, [INFO], r1, skill-success, None, close-drawer, None
394.96, [WARN], r1, SUCCESS, None, None, None
