9.45, [INFO], r1, started skill, None, navto, None
10.05, [INFO], r1, {'y': 18.928, 'x': -33.949, 'yaw': 3.14}, pose, None, None
10.05, [INFO], r1, {'battery-level': '49.55'}, battery_charge, None, None
20.08, [INFO], r1, {'y': 17.699, 'x': -35.503, 'yaw': -3.14}, pose, None, None
20.08, [INFO], r1, {'battery-level': '49.05'}, battery_charge, None, None
30.02, [INFO], r1, {'y': 16.071, 'x': -36.459, 'yaw': 3.141}, pose, None, None
30.02, [INFO], r1, {'battery-level': '48.55'}, battery_charge, None, None
40.05, [INFO], r1, {'battery-level': '48.05'}, battery_charge, None, None
40.05, [INFO], r1, {'y': 15.417, 'x': -34.44, 'yaw': 3.141}, pose, None, None
50.08, [INFO], r1, {'y': 15.526, 'x': -32.315, 'yaw': -3.142}, pose, None, None
50.08, [INFO], r1, {'battery-level': '47.55'}, battery_charge, None, None
60.02, [INFO], r1, {'battery-level': '47.05'}, battery_charge, None, None
60.02, [INFO], r1, {'y': 15.565, 'x': -30.209, 'yaw': 3.137}, pose, None, None
70.05, [INFO], r1, {'y': 15.788, 'x': -28.096, 'yaw': 3.142}, pose, None, None
70.05, [INFO], r1, {'battery-level': '46.55'}, battery_charge, None, None
80.08, [INFO], r1, {'y': 16.035, 'x': -25.99, 'yaw': -3.139}, pose, None, None
80.08, [INFO], r1, {'battery-level': '46.05'}, battery_charge, None, None
90.02, [INFO], r1, {'y': 15.985, 'x': -23.899, 'yaw': 3.141}, pose, None, None
90.02, [INFO], r1, {'battery-level': '45.55'}, battery_charge, None, None
100.05, [INFO], r1, {'y': 16.045, 'x': -21.777, 'yaw': -3.142}, pose, None, None
100.05, [INFO], r1, {'battery-level': '45.05'}, battery_charge, None, None
110.08, [INFO], r1, {'battery-level': '44.55'}, battery_charge, None, None
110.08, [INFO], r1, {'y': 16.325, 'x': -19.674, 'yaw': -3.139}, pose, None, None
120.03, [INFO], r1, {'y': 16.222, 'x': -17.579, 'yaw': 3.142}, pose, None, None
120.03, [INFO], r1, {'battery-level': '44.05'}, battery_charge, None, None
130.06, [INFO], r1, {'y': 16.109, 'x': -15.465, 'yaw': 3.14}, pose, None, None
130.06, [INFO], r1, {'battery-level': '43.55'}, battery_charge, None, None
140.01, [INFO], r1, {'battery-level': '43.05'}, battery_charge, None, None
140.01, [INFO], r1, {'y': 16.28, 'x': -13.369, 'yaw': -3.14}, pose, None, None
150.03, [INFO], r1, {'y': 17.449, 'x': -11.804, 'yaw': 3.142}, pose, None, None
150.03, [INFO], r1, {'battery-level': '42.55'}, battery_charge, None, None
160.07, [INFO], r1, {'battery-level': '42.05'}, battery_charge, None, None
160.07, [INFO], r1, {'y': 17.965, 'x': -11.534, 'yaw': 3.14}, pose, None, None
168.79, [INFO], r1, skill-success, None, navto, None
168.79, [INFO], r1, started skill, None, approach-nurse, None
168.79, [INFO], r1, sent message, None, None, None
168.79, [INFO], r1, skill-success, None, approach-nurse, None
168.79, [INFO], r1, started skill, None, authenticate-nurse, None
168.79, [INFO], r1, sent message, None, None, None
168.79, [INFO], r1, started skill, None, open-drawer, None
168.79, [INFO], r1, sent message, None, None, None
168.79, [INFO], r1, skill-success, None, open-drawer, None
168.79, [INFO], r1, started skill, None, deposit, None
168.79, [INFO], r1, sent message, None, None, None
168.79, [INFO], r1, skill-success, None, deposit, None
168.79, [INFO], r1, started skill, None, close-drawer, None
168.79, [INFO], r1, sent message, None, None, None
168.79, [INFO], r1, skill-success, None, close-drawer, None
168.79, [INFO], r1, started skill, None, navto, None
170.10, [INFO], r1, {'battery-level': '41.55'}, battery_charge, None, None
170.10, [INFO], r1, {'y': 17.798, 'x': -11.577, 'yaw': 3.141}, pose, None, None
180.03, [INFO], r1, {'y': 16.36, 'x': -12.965, 'yaw': 3.142}, pose, None, None
180.03, [INFO], r1, {'battery-level': '41.05'}, battery_charge, None, None
190.06, [INFO], r1, {'y': 16.246, 'x': -15.087, 'yaw': 3.141}, pose, None, None
190.06, [INFO], r1, {'battery-level': '40.55'}, battery_charge, None, None
200.10, [INFO], r1, {'y': 16.166, 'x': -17.199, 'yaw': 3.141}, pose, None, None
200.10, [INFO], r1, {'battery-level': '40.05'}, battery_charge, None, None
210.03, [INFO], r1, {'y': 16.273, 'x': -19.294, 'yaw': 3.142}, pose, None, None
210.03, [INFO], r1, {'battery-level': '39.55'}, battery_charge, None, None
220.07, [INFO], r1, {'battery-level': '39.05'}, battery_charge, None, None
220.07, [INFO], r1, {'y': 16.348, 'x': -21.412, 'yaw': 3.142}, pose, None, None
230.00, [INFO], r1, {'y': 16.183, 'x': -23.495, 'yaw': 3.142}, pose, None, None
230.00, [INFO], r1, {'battery-level': '38.55'}, battery_charge, None, None
240.03, [INFO], r1, {'y': 16.11, 'x': -25.599, 'yaw': 3.141}, pose, None, None
240.03, [INFO], r1, {'battery-level': '38.05'}, battery_charge, None, None
250.07, [INFO], r1, {'y': 16.011, 'x': -27.729, 'yaw': 3.142}, pose, None, None
250.07, [INFO], r1, {'battery-level': '37.55'}, battery_charge, None, None
260.00, [INFO], r1, {'battery-level': '37.05'}, battery_charge, None, None
260.00, [INFO], r1, {'y': 16.092, 'x': -29.816, 'yaw': -3.14}, pose, None, None
270.03, [INFO], r1, {'y': 15.952, 'x': -31.94, 'yaw': 3.14}, pose, None, None
270.03, [INFO], r1, {'battery-level': '36.55'}, battery_charge, None, None
280.06, [INFO], r1, {'y': 15.497, 'x': -34.029, 'yaw': 3.14}, pose, None, None
280.06, [INFO], r1, {'battery-level': '36.05'}, battery_charge, None, None
290.10, [INFO], r1, {'y': 16.322, 'x': -35.837, 'yaw': -3.141}, pose, None, None
290.10, [INFO], r1, {'battery-level': '35.55'}, battery_charge, None, None
300.03, [INFO], r1, {'y': 18.374, 'x': -36.088, 'yaw': 3.136}, pose, None, None
300.03, [INFO], r1, {'battery-level': '35.05'}, battery_charge, None, None
310.06, [INFO], r1, {'y': 20.487, 'x': -36.277, 'yaw': 3.136}, pose, None, None
310.06, [INFO], r1, {'battery-level': '34.55'}, battery_charge, None, None
320.09, [INFO], r1, {'y': 22.6, 'x': -36.353, 'yaw': 3.14}, pose, None, None
320.09, [INFO], r1, {'battery-level': '34.05'}, battery_charge, None, None
330.02, [INFO], r1, {'y': 24.693, 'x': -36.31, 'yaw': 3.141}, pose, None, None
330.02, [INFO], r1, {'battery-level': '33.55'}, battery_charge, None, None
340.06, [INFO], r1, {'y': 26.816, 'x': -36.293, 'yaw': 3.141}, pose, None, None
340.06, [INFO], r1, {'battery-level': '33.05'}, battery_charge, None, None
350.09, [INFO], r1, {'y': 28.921, 'x': -36.332, 'yaw': -3.142}, pose, None, None
350.09, [INFO], r1, {'battery-level': '32.55'}, battery_charge, None, None
360.03, [INFO], r1, {'y': 31.017, 'x': -36.452, 'yaw': -3.142}, pose, None, None
360.03, [INFO], r1, {'battery-level': '32.05'}, battery_charge, None, None
370.06, [INFO], r1, {'battery-level': '31.55'}, battery_charge, None, None
370.06, [INFO], r1, {'y': 33.134, 'x': -36.69, 'yaw': 3.142}, pose, None, None
380.10, [INFO], r1, {'y': 35.25, 'x': -36.903, 'yaw': 3.142}, pose, None, None
380.10, [INFO], r1, {'battery-level': '31.05'}, battery_charge, None, None
390.03, [INFO], r1, {'battery-level': '30.55'}, battery_charge, None, None
390.03, [INFO], r1, {'y': 36.097, 'x': -36.964, 'yaw': -3.142}, pose, None, None
392.04, [INFO], r1, skill-success, None, navto, None
392.04, [INFO], r1, started skill, None, approach-arm, None
392.04, [INFO], r1, started skill, None, open-drawer, None
392.04, [INFO], r1, sent message, None, None, None
392.04, [INFO], r1, skill-success, None, open-drawer, None
392.04, [INFO], r1, started skill, None, pick-up-sample, None
392.04, [INFO], r1, sent message, None, None, None
392.04, [INFO], r1, skill-success, None, pick-up-sample, None
392.04, [INFO], r1, started skill, None, close-drawer, None
392.04, [INFO], r1, sent message, None, None, None
392.04, [INFO], r1, skill-success, None, close-drawer, None
392.04, [WARN], r1, SUCCESS, None, None, None
