9.12, [INFO], r1, started skill, None, navto, None
10.09, [INFO], r1, {'y': 21.498, 'x': -37.879, 'yaw': -3.14}, pose, None, None
10.09, [INFO], r1, {'battery-level': '24.55'}, battery_charge, None, None
20.05, [INFO], r1, {'battery-level': '24.05'}, battery_charge, None, None
20.05, [INFO], r1, {'y': 19.761, 'x': -37.178, 'yaw': 3.142}, pose, None, None
30.09, [INFO], r1, {'y': 17.645, 'x': -37.137, 'yaw': -3.142}, pose, None, None
30.09, [INFO], r1, {'battery-level': '23.55'}, battery_charge, None, None
40.05, [INFO], r1, {'y': 15.971, 'x': -36.365, 'yaw': -3.142}, pose, None, None
40.05, [INFO], r1, {'battery-level': '23.05'}, battery_charge, None, None
50.03, [INFO], r1, {'y': 15.396, 'x': -34.307, 'yaw': -3.142}, pose, None, None
50.03, [INFO], r1, {'battery-level': '22.55'}, battery_charge, None, None
60.09, [INFO], r1, {'y': 15.524, 'x': -32.173, 'yaw': 3.142}, pose, None, None
60.09, [INFO], r1, {'battery-level': '22.05'}, battery_charge, None, None
70.07, [INFO], r1, {'y': 15.601, 'x': -30.069, 'yaw': 3.141}, pose, None, None
70.07, [INFO], r1, {'battery-level': '21.55'}, battery_charge, None, None
80.05, [INFO], r1, {'battery-level': '21.05'}, battery_charge, None, None
80.05, [INFO], r1, {'y': 15.775, 'x': -27.983, 'yaw': 3.142}, pose, None, None
90.02, [INFO], r1, {'battery-level': '20.55'}, battery_charge, None, None
90.02, [INFO], r1, {'y': 14.198, 'x': -27.313, 'yaw': -3.141}, pose, None, None
100.07, [INFO], r1, {'battery-level': '20.05'}, battery_charge, None, None
100.07, [INFO], r1, {'y': 12.957, 'x': -27.395, 'yaw': 3.142}, pose, None, None
105.81, [INFO], r1, skill-success, None, navto, None
105.81, [INFO], r1, started skill, None, approach-nurse, None
105.81, [INFO], r1, sent message, None, None, None
105.81, [INFO], r1, skill-success, None, approach-nurse, None
105.81, [INFO], r1, started skill, None, authenticate-nurse, None
105.81, [INFO], r1, sent message, None, None, None
105.81, [INFO], r1, skill-success, None, authenticate-nurse, None
105.81, [INFO], r1, started skill, None, open-drawer, None
105.81, [INFO], r1, sent message, None, None, None
105.81, [INFO], r1, skill-success, None, open-drawer, None
105.81, [INFO], r1, started skill, None, deposit, None
105.81, [INFO], r1, sent message, None, None, None
105.81, [INFO], r1, skill-success, None, deposit, None
105.81, [INFO], r1, started skill, None, close-drawer, None
105.81, [INFO], r1, sent message, None, None, None
105.81, [INFO], r1, skill-success, None, close-drawer, None
105.81, [INFO], r1, started skill, None, navto, None
110.05, [INFO], r1, {'battery-level': '19.55'}, battery_charge, None, None
110.05, [INFO], r1, {'y': 13.787, 'x': -27.435, 'yaw': -3.142}, pose, None, None
120.07, [INFO], r1, {'battery-level': '19.05'}, battery_charge, None, None
120.07, [INFO], r1, {'y': 15.697, 'x': -27.68, 'yaw': 3.141}, pose, None, None
130.05, [INFO], r1, {'y': 15.657, 'x': -29.793, 'yaw': 3.142}, pose, None, None
130.05, [INFO], r1, {'battery-level': '18.55'}, battery_charge, None, None
140.06, [INFO], r1, {'y': 15.571, 'x': -31.912, 'yaw': 3.14}, pose, None, None
140.06, [INFO], r1, {'battery-level': '18.05'}, battery_charge, None, None
150.06, [INFO], r1, {'y': 15.484, 'x': -34.022, 'yaw': 3.14}, pose, None, None
150.06, [INFO], r1, {'battery-level': '17.55'}, battery_charge, None, None
160.03, [INFO], r1, {'battery-level': '17.05'}, battery_charge, None, None
160.03, [INFO], r1, {'y': 16.267, 'x': -35.827, 'yaw': -3.139}, pose, None, None
170.01, [INFO], r1, {'y': 18.318, 'x': -36.113, 'yaw': 3.141}, pose, None, None
170.01, [INFO], r1, {'battery-level': '16.55'}, battery_charge, None, None
180.04, [INFO], r1, {'battery-level': '16.05'}, battery_charge, None, None
180.04, [INFO], r1, {'y': 20.428, 'x': -36.212, 'yaw': -3.142}, pose, None, None
190.02, [INFO], r1, {'battery-level': '15.55'}, battery_charge, None, None
190.02, [INFO], r1, {'y': 22.529, 'x': -36.343, 'yaw': 3.141}, pose, None, None
200.08, [INFO], r1, {'y': 24.65, 'x': -36.348, 'yaw': 3.14}, pose, None, None
200.08, [INFO], r1, {'battery-level': '15.05'}, battery_charge, None, None
210.07, [INFO], r1, {'battery-level': '14.55'}, battery_charge, None, None
210.07, [INFO], r1, {'y': 26.766, 'x': -36.329, 'yaw': 3.141}, pose, None, None
220.07, [INFO], r1, {'battery-level': '14.05'}, battery_charge, None, None
220.07, [INFO], r1, {'y': 28.881, 'x': -36.383, 'yaw': 3.14}, pose, None, None
230.06, [INFO], r1, {'y': 30.997, 'x': -36.461, 'yaw': 3.142}, pose, None, None
230.06, [INFO], r1, {'battery-level': '13.55'}, battery_charge, None, None
240.05, [INFO], r1, {'battery-level': '13.05'}, battery_charge, None, None
240.05, [INFO], r1, {'y': 33.111, 'x': -36.689, 'yaw': 3.142}, pose, None, None
250.03, [INFO], r1, {'y': 35.199, 'x': -36.956, 'yaw': 3.142}, pose, None, None
250.03, [INFO], r1, {'battery-level': '12.55'}, battery_charge, None, None
260.06, [INFO], r1, {'battery-level': '12.05'}, battery_charge, None, None
260.06, [INFO], r1, {'y': 36.079, 'x': -37.004, 'yaw': 3.142}, pose, None, None
261.81, [INFO], r1, skill-success, None, navto, None
261.81, [INFO], r1, started skill, None, approach-arm, None
261.81, [INFO], r1, sent message, None, None, None
261.81, [INFO], r1, skill-success, None, approach-arm, None
261.81, [INFO], r1, started skill, None, open-drawer, None
261.81, [INFO], r1, sent message, None, None, None
261.81, [INFO], r1, skill-success, None, open-drawer, None
261.81, [INFO], r1, started skill, None, pick-up-sample, None
261.81, [INFO], r1, sent message, None, None, None
261.81, [INFO], r1, skill-success, None, pick-up-sample, None
261.81, [INFO], r1, started skill, None, close-drawer, None
261.81, [INFO], r1, sent message, None, None, None
261.81, [INFO], r1, skill-success, None, close-drawer, None
261.81, [WARN], r1, SUCCESS, None, None, None
