9.75, [INFO], r1, started skill, None, navto, None
10.05, [INFO], r1, {'y': 10.0, 'x': -37.983, 'yaw': 3.141}, pose, None, None
10.05, [INFO], r1, {'battery-level': '74.55'}, battery_charge, None, None
20.08, [INFO], r1, {'y': 11.645, 'x': -37.195, 'yaw': -3.142}, pose, None, None
20.08, [INFO], r1, {'battery-level': '74.05'}, battery_charge, None, None
30.01, [INFO], r1, {'battery-level': '73.55'}, battery_charge, None, None
30.01, [INFO], r1, {'y': 13.741, 'x': -37.075, 'yaw': 3.142}, pose, None, None
40.04, [INFO], r1, {'y': 15.794, 'x': -36.812, 'yaw': -3.142}, pose, None, None
40.04, [INFO], r1, {'battery-level': '73.05'}, battery_charge, None, None
50.08, [INFO], r1, {'y': 15.47, 'x': -34.745, 'yaw': 3.142}, pose, None, None
50.08, [INFO], r1, {'battery-level': '72.55'}, battery_charge, None, None
60.01, [INFO], r1, {'y': 15.506, 'x': -32.635, 'yaw': 3.141}, pose, None, None
60.01, [INFO], r1, {'battery-level': '72.05'}, battery_charge, None, None
70.05, [INFO], r1, {'y': 15.511, 'x': -30.52, 'yaw': -3.138}, pose, None, None
70.05, [INFO], r1, {'battery-level': '71.55'}, battery_charge, None, None
80.08, [INFO], r1, {'battery-level': '71.05'}, battery_charge, None, None
80.08, [INFO], r1, {'y': 15.743, 'x': -28.413, 'yaw': 3.141}, pose, None, None
90.02, [INFO], r1, {'y': 15.793, 'x': -26.314, 'yaw': 3.141}, pose, None, None
90.02, [INFO], r1, {'battery-level': '70.55'}, battery_charge, None, None
100.06, [INFO], r1, {'y': 15.701, 'x': -24.202, 'yaw': 3.14}, pose, None, None
100.06, [INFO], r1, {'battery-level': '70.05'}, battery_charge, None, None
110.09, [INFO], r1, {'y': 15.679, 'x': -22.092, 'yaw': 3.14}, pose, None, None
110.09, [INFO], r1, {'battery-level': '69.55'}, battery_charge, None, None
120.02, [INFO], r1, {'y': 15.494, 'x': -20.006, 'yaw': 3.141}, pose, None, None
120.02, [INFO], r1, {'battery-level': '69.05'}, battery_charge, None, None
130.06, [INFO], r1, {'y': 14.636, 'x': -18.096, 'yaw': 3.142}, pose, None, None
130.06, [INFO], r1, {'battery-level': '68.55'}, battery_charge, None, None
140.09, [INFO], r1, {'battery-level': '68.05'}, battery_charge, None, None
140.09, [INFO], r1, {'y': 12.947, 'x': -18.145, 'yaw': -3.142}, pose, None, None
147.12, [INFO], r1, skill-success, None, navto, None
147.12, [INFO], r1, started skill, None, approach-nurse, None
147.12, [INFO], r1, sent message, None, None, None
147.12, [INFO], r1, skill-success, None, approach-nurse, None
147.12, [INFO], r1, started skill, None, authenticate-nurse, None
147.12, [INFO], r1, sent message, None, None, None
147.12, [INFO], r1, skill-success, None, authenticate-nurse, None
147.12, [INFO], r1, started skill, None, open-drawer, None
147.12, [INFO], r1, sent message, None, None, None
147.12, [INFO], r1, skill-success, None, open-drawer, None
147.12, [INFO], r1, started skill, None, deposit, None
147.12, [INFO], r1, sent message, None, None, None
147.12, [INFO], r1, skill-success, None, deposit, None
147.12, [INFO], r1, started skill, None, close-drawer, None
147.12, [INFO], r1, sent message, None, None, None
147.12, [INFO], r1, skill-success, None, close-drawer, None
147.12, [INFO], r1, started skill, None, navto, None
150.02, [INFO], r1, {'battery-level': '67.55'}, battery_charge, None, None
150.02, [INFO], r1, {'y': 13.453, 'x': -18.153, 'yaw': 3.142}, pose, None, None
160.06, [INFO], r1, {'battery-level': '67.05'}, battery_charge, None, None
160.06, [INFO], r1, {'y': 15.177, 'x': -19.095, 'yaw': 3.141}, pose, None, None
170.10, [INFO], r1, {'battery-level': '66.55'}, battery_charge, None, None
170.10, [INFO], r1, {'y': 15.669, 'x': -21.156, 'yaw': 3.14}, pose, None, None
180.03, [INFO], r1, {'y': 15.724, 'x': -23.264, 'yaw': 3.142}, pose, None, None
180.03, [INFO], r1, {'battery-level': '66.05'}, battery_charge, None, None
190.06, [INFO], r1, {'y': 15.748, 'x': -25.371, 'yaw': 3.14}, pose, None, None
190.06, [INFO], r1, {'battery-level': '65.55'}, battery_charge, None, None
200.09, [INFO], r1, {'y': 15.83, 'x': -27.48, 'yaw': -3.142}, pose, None, None
200.09, [INFO], r1, {'battery-level': '65.05'}, battery_charge, None, None
210.02, [INFO], r1, {'y': 15.886, 'x': -29.572, 'yaw': -3.142}, pose, None, None
210.02, [INFO], r1, {'battery-level': '64.55'}, battery_charge, None, None
220.06, [INFO], r1, {'y': 15.748, 'x': -31.692, 'yaw': 3.141}, pose, None, None
220.06, [INFO], r1, {'battery-level': '64.05'}, battery_charge, None, None
230.09, [INFO], r1, {'y': 15.571, 'x': -33.795, 'yaw': -3.142}, pose, None, None
230.09, [INFO], r1, {'battery-level': '63.55'}, battery_charge, None, None
240.03, [INFO], r1, {'battery-level': '63.05'}, battery_charge, None, None
240.03, [INFO], r1, {'y': 16.194, 'x': -35.641, 'yaw': 3.142}, pose, None, None
250.07, [INFO], r1, {'battery-level': '62.55'}, battery_charge, None, None
250.07, [INFO], r1, {'y': 18.217, 'x': -36.117, 'yaw': 3.136}, pose, None, None
260.00, [INFO], r1, {'y': 20.309, 'x': -36.181, 'yaw': 3.141}, pose, None, None
260.00, [INFO], r1, {'battery-level': '62.05'}, battery_charge, None, None
270.03, [INFO], r1, {'y': 22.422, 'x': -36.297, 'yaw': 3.142}, pose, None, None
270.03, [INFO], r1, {'battery-level': '61.55'}, battery_charge, None, None
280.06, [INFO], r1, {'battery-level': '61.05'}, battery_charge, None, None
280.06, [INFO], r1, {'y': 24.535, 'x': -36.253, 'yaw': -3.141}, pose, None, None
290.09, [INFO], r1, {'y': 26.65, 'x': -36.265, 'yaw': -3.141}, pose, None, None
290.09, [INFO], r1, {'battery-level': '60.55'}, battery_charge, None, None
300.04, [INFO], r1, {'y': 28.745, 'x': -36.325, 'yaw': -3.142}, pose, None, None
300.04, [INFO], r1, {'battery-level': '60.05'}, battery_charge, None, None
310.07, [INFO], r1, {'battery-level': '59.55'}, battery_charge, None, None
310.07, [INFO], r1, {'y': 30.852, 'x': -36.442, 'yaw': 3.142}, pose, None, None
320.01, [INFO], r1, {'y': 32.938, 'x': -36.671, 'yaw': 3.142}, pose, None, None
320.01, [INFO], r1, {'battery-level': '59.05'}, battery_charge, None, None
330.05, [INFO], r1, {'y': 35.046, 'x': -36.87, 'yaw': -3.142}, pose, None, None
330.05, [INFO], r1, {'battery-level': '58.55'}, battery_charge, None, None
340.08, [INFO], r1, {'battery-level': '58.05'}, battery_charge, None, None
340.08, [INFO], r1, {'y': 36.221, 'x': -36.997, 'yaw': -3.142}, pose, None, None
340.48, [INFO], r1, skill-success, None, navto, None
340.48, [INFO], r1, started skill, None, approach-arm, None
340.48, [INFO], r1, sent message, None, None, None
340.58, [INFO], r1, skill-success, None, approach-arm, None
340.58, [INFO], r1, started skill, None, open-drawer, None
340.58, [INFO], r1, sent message, None, None, None
340.58, [INFO], r1, skill-success, None, open-drawer, None
340.58, [INFO], r1, started skill, None, pick-up-sample, None
340.58, [INFO], r1, sent message, None, None, None
340.58, [INFO], r1, skill-success, None, pick-up-sample, None
340.58, [INFO], r1, started skill, None, close-drawer, None
340.58, [INFO], r1, sent message, None, None, None
340.58, [INFO], r1, skill-success, None, close-drawer, None
340.58, [WARN], r1, SUCCESS, None, None, None
350.02, [INFO], r1, {'y': 36.222, 'x': -36.99, 'yaw': -3.142}, pose, None, None
350.02, [INFO], r1, {'battery-level': '57.55'}, battery_charge, None, None
