9.41, [INFO], r1, started skill, None, navto, None
10.01, [INFO], r1, {'y': 10.001, 'x': -37.924, 'yaw': 3.141}, pose, None, None
10.01, [INFO], r1, {'battery-level': '74.55'}, battery_charge, None, None
20.05, [INFO], r1, {'y': 11.693, 'x': -37.111, 'yaw': -3.142}, pose, None, None
20.05, [INFO], r1, {'battery-level': '74.05'}, battery_charge, None, None
30.08, [INFO], r1, {'battery-level': '73.55'}, battery_charge, None, None
30.08, [INFO], r1, {'y': 13.8, 'x': -37.051, 'yaw': 3.142}, pose, None, None
40.02, [INFO], r1, {'y': 15.79, 'x': -36.749, 'yaw': -3.142}, pose, None, None
40.02, [INFO], r1, {'battery-level': '73.05'}, battery_charge, None, None
50.05, [INFO], r1, {'y': 15.432, 'x': -34.666, 'yaw': -3.142}, pose, None, None
50.05, [INFO], r1, {'battery-level': '72.55'}, battery_charge, None, None
60.08, [INFO], r1, {'battery-level': '72.05'}, battery_charge, None, None
60.08, [INFO], r1, {'y': 15.538, 'x': -32.535, 'yaw': 3.141}, pose, None, None
70.02, [INFO], r1, {'y': 15.619, 'x': -30.433, 'yaw': -3.137}, pose, None, None
70.02, [INFO], r1, {'battery-level': '71.55'}, battery_charge, None, None
80.06, [INFO], r1, {'battery-level': '71.05'}, battery_charge, None, None
80.06, [INFO], r1, {'y': 15.762, 'x': -28.643, 'yaw': -3.141}, pose, None, None
90.09, [INFO], r1, {'y': 15.786, 'x': -28.563, 'yaw': 3.142}, pose, None, None
90.09, [INFO], r1, {'battery-level': '70.55'}, battery_charge, None, None
100.03, [INFO], r1, {'y': 16.849, 'x': -28.518, 'yaw': -3.141}, pose, None, None
100.03, [INFO], r1, {'battery-level': '70.05'}, battery_charge, None, None
110.07, [INFO], r1, {'y': 16.888, 'x': -28.22, 'yaw': -3.139}, pose, None, None
110.07, [INFO], r1, {'battery-level': '69.55'}, battery_charge, None, None
120.00, [INFO], r1, {'y': 16.845, 'x': -28.153, 'yaw': -3.136}, pose, None, None
120.00, [INFO], r1, {'battery-level': '69.05'}, battery_charge, None, None
130.04, [INFO], r1, {'y': 16.84, 'x': -28.046, 'yaw': -3.136}, pose, None, None
130.04, [INFO], r1, {'battery-level': '68.55'}, battery_charge, None, None
140.08, [INFO], r1, {'y': 16.842, 'x': -28.047, 'yaw': -3.137}, pose, None, None
140.08, [INFO], r1, {'battery-level': '68.05'}, battery_charge, None, None
150.01, [INFO], r1, {'battery-level': '67.55'}, battery_charge, None, None
150.01, [INFO], r1, {'y': 16.82, 'x': -28.004, 'yaw': -3.138}, pose, None, None
158.94, [WARN], r1, SKILL-FAILURE, None, navto, None
160.04, [INFO], r1, {'y': 16.75, 'x': -27.827, 'yaw': 3.141}, pose, None, None
160.04, [INFO], r1, {'battery-level': '67.05'}, battery_charge, None, None
170.08, [INFO], r1, {'y': 16.75, 'x': -27.827, 'yaw': 3.141}, pose, None, None
170.08, [INFO], r1, {'battery-level': '66.55'}, battery_charge, None, None
