0.19, [DEBUG], logger, ROBOTS_CONFIG={'capabilities': ['approach_person', 'approach_robot', 'authenticate_person', 'navigation', 'operate_drawer'], 'battery_charge': 0.75, 'nurse_pose': [-28.5, 18.0, -1.57], 'robot_pose': [-38.0, 10.0, 0.0]}, None, None, None
0.19, [DEBUG], logger, Simulation open, None, None, None
10.06, [INFO], r1, {'battery-level': '74.55'}, battery_charge, None, None
10.06, [INFO], r1, {'y': 10.0, 'x': -38.0, 'yaw': -3.142}, pose, None, None
10.55, [INFO], r1, started skill, None, navto, None
20.04, [INFO], r1, {'y': 11.463, 'x': -37.2, 'yaw': 3.142}, pose, None, None
20.04, [INFO], r1, {'battery-level': '74.05'}, battery_charge, None, None
30.02, [INFO], r1, {'battery-level': '73.55'}, battery_charge, None, None
30.02, [INFO], r1, {'y': 13.571, 'x': -37.104, 'yaw': -3.142}, pose, None, None
40.04, [INFO], r1, {'y': 15.642, 'x': -36.89, 'yaw': 3.142}, pose, None, None
40.04, [INFO], r1, {'battery-level': '73.05'}, battery_charge, None, None
50.02, [INFO], r1, {'y': 15.564, 'x': -34.839, 'yaw': 3.142}, pose, None, None
50.02, [INFO], r1, {'battery-level': '72.55'}, battery_charge, None, None
60.02, [INFO], r1, {'y': 15.517, 'x': -32.724, 'yaw': 3.141}, pose, None, None
60.02, [INFO], r1, {'battery-level': '72.05'}, battery_charge, None, None
70.09, [INFO], r1, {'y': 15.501, 'x': -30.597, 'yaw': 3.141}, pose, None, None
70.09, [INFO], r1, {'battery-level': '71.55'}, battery_charge, None, None
80.09, [INFO], r1, {'y': 15.764, 'x': -28.565, 'yaw': 3.14}, pose, None, None
80.09, [INFO], r1, {'battery-level': '71.05'}, battery_charge, None, None
90.09, [INFO], r1, {'battery-level': '70.55'}, battery_charge, None, None
90.09, [INFO], r1, {'y': 15.776, 'x': -28.548, 'yaw': -3.142}, pose, None, None
100.09, [INFO], r1, {'y': 15.793, 'x': -28.535, 'yaw': 3.138}, pose, None, None
100.09, [INFO], r1, {'battery-level': '70.05'}, battery_charge, None, None
110.09, [INFO], r1, {'y': 17.198, 'x': -28.293, 'yaw': 3.141}, pose, None, None
110.09, [INFO], r1, {'battery-level': '69.55'}, battery_charge, None, None
120.09, [INFO], r1, {'y': 17.021, 'x': -28.585, 'yaw': 3.14}, pose, None, None
120.09, [INFO], r1, {'battery-level': '69.05'}, battery_charge, None, None
130.06, [INFO], r1, {'y': 16.806, 'x': -28.62, 'yaw': -3.142}, pose, None, None
130.06, [INFO], r1, {'battery-level': '68.55'}, battery_charge, None, None
140.07, [INFO], r1, {'battery-level': '68.05'}, battery_charge, None, None
140.07, [INFO], r1, {'y': 16.869, 'x': -28.474, 'yaw': -3.142}, pose, None, None
150.08, [INFO], r1, {'y': 17.043, 'x': -28.432, 'yaw': -3.142}, pose, None, None
150.08, [INFO], r1, {'battery-level': '67.55'}, battery_charge, None, None
160.07, [INFO], r1, {'battery-level': '67.05'}, battery_charge, None, None
160.07, [INFO], r1, {'y': 17.212, 'x': -28.277, 'yaw': 3.141}, pose, None, None
170.03, [INFO], r1, {'y': 17.239, 'x': -28.308, 'yaw': 3.141}, pose, None, None
170.03, [INFO], r1, {'battery-level': '66.55'}, battery_charge, None, None
180.08, [INFO], r1, {'y': 17.26, 'x': -28.25, 'yaw': 3.135}, pose, None, None
180.08, [INFO], r1, {'battery-level': '66.05'}, battery_charge, None, None
190.03, [INFO], r1, {'y': 17.369, 'x': -28.25, 'yaw': 3.141}, pose, None, None
190.03, [INFO], r1, {'battery-level': '65.55'}, battery_charge, None, None
195.83, [WARN], r1, SKILL-FAILURE, None, navto, None
200.05, [INFO], r1, {'y': 17.369, 'x': -28.25, 'yaw': -3.142}, pose, None, None
200.05, [INFO], r1, {'battery-level': '65.05'}, battery_charge, None, None
