0.19, [DEBUG], logger, ROBOTS_CONFIG={'capabilities': ['approach_person', 'approach_robot', 'authenticate_person', 'navigation', 'operate_drawer'], 'battery_charge': 0.75, 'nurse_pose': [-27.23, 18.0, -1.57], 'robot_pose': [-38.0, 10.0, 0.0]}, None, None, None
0.19, [DEBUG], logger, Simulation open, None, None, None
10.03, [INFO], r1, {'y': 10.0, 'x': -38.0, 'yaw': -3.142}, pose, None, None
10.03, [INFO], r1, {'battery-level': '74.55'}, battery_charge, None, None
10.82, [INFO], r1, started skill, None, navto, None
20.00, [INFO], r1, {'y': 11.406, 'x': -37.15, 'yaw': 3.142}, pose, None, None
20.00, [INFO], r1, {'battery-level': '74.05'}, battery_charge, None, None
30.00, [INFO], r1, {'y': 13.516, 'x': -37.076, 'yaw': 3.142}, pose, None, None
30.00, [INFO], r1, {'battery-level': '73.55'}, battery_charge, None, None
40.01, [INFO], r1, {'y': 15.583, 'x': -36.908, 'yaw': -3.142}, pose, None, None
40.01, [INFO], r1, {'battery-level': '73.05'}, battery_charge, None, None
50.02, [INFO], r1, {'y': 15.544, 'x': -34.884, 'yaw': 3.142}, pose, None, None
50.02, [INFO], r1, {'battery-level': '72.55'}, battery_charge, None, None
60.00, [INFO], r1, {'y': 15.487, 'x': -32.766, 'yaw': -3.137}, pose, None, None
60.00, [INFO], r1, {'battery-level': '72.05'}, battery_charge, None, None
70.09, [INFO], r1, {'y': 15.532, 'x': -30.628, 'yaw': 3.141}, pose, None, None
70.09, [INFO], r1, {'battery-level': '71.55'}, battery_charge, None, None
80.07, [INFO], r1, {'y': 15.732, 'x': -28.512, 'yaw': -3.141}, pose, None, None
80.07, [INFO], r1, {'battery-level': '71.05'}, battery_charge, None, None
90.06, [INFO], r1, {'y': 16.929, 'x': -27.007, 'yaw': 3.138}, pose, None, None
90.06, [INFO], r1, {'battery-level': '70.55'}, battery_charge, None, None
100.03, [INFO], r1, {'y': 17.956, 'x': -27.181, 'yaw': -3.142}, pose, None, None
100.03, [INFO], r1, {'battery-level': '70.05'}, battery_charge, None, None
106.16, [INFO], r1, skill-success, None, navto, None
106.16, [INFO], r1, started skill, None, approach-nurse, None
106.16, [INFO], r1, sent message, None, None, None
106.16, [INFO], r1, skill-success, None, approach-nurse, None
106.16, [INFO], r1, started skill, None, authenticate-nurse, None
106.16, [INFO], r1, sent message, None, None, None
106.16, [INFO], r1, started skill, None, open-drawer, None
106.16, [INFO], r1, sent message, None, None, None
106.16, [INFO], r1, skill-success, None, open-drawer, None
106.26, [INFO], r1, started skill, None, deposit, None
106.26, [INFO], r1, sent message, None, None, None
106.26, [INFO], r1, skill-success, None, deposit, None
106.26, [INFO], r1, started skill, None, close-drawer, None
106.26, [INFO], r1, sent message, None, None, None
106.26, [INFO], r1, skill-success, None, close-drawer, None
106.26, [INFO], r1, started skill, None, navto, None
110.01, [INFO], r1, {'y': 17.22, 'x': -27.11, 'yaw': 3.142}, pose, None, None
110.01, [INFO], r1, {'battery-level': '69.55'}, battery_charge, None, None
120.02, [INFO], r1, {'y': 16.079, 'x': -28.185, 'yaw': 3.142}, pose, None, None
120.02, [INFO], r1, {'battery-level': '69.05'}, battery_charge, None, None
130.00, [INFO], r1, {'y': 16.025, 'x': -30.298, 'yaw': -3.142}, pose, None, None
130.00, [INFO], r1, {'battery-level': '68.55'}, battery_charge, None, None
140.08, [INFO], r1, {'y': 15.829, 'x': -32.433, 'yaw': 3.141}, pose, None, None
140.08, [INFO], r1, {'battery-level': '68.05'}, battery_charge, None, None
150.07, [INFO], r1, {'battery-level': '67.55'}, battery_charge, None, None
150.07, [INFO], r1, {'y': 15.419, 'x': -34.528, 'yaw': 3.14}, pose, None, None
160.08, [INFO], r1, {'y': 16.824, 'x': -35.993, 'yaw': -3.142}, pose, None, None
160.08, [INFO], r1, {'battery-level': '67.05'}, battery_charge, None, None
170.08, [INFO], r1, {'y': 18.946, 'x': -36.146, 'yaw': 3.141}, pose, None, None
170.08, [INFO], r1, {'battery-level': '66.55'}, battery_charge, None, None
180.06, [INFO], r1, {'y': 21.051, 'x': -36.276, 'yaw': 3.142}, pose, None, None
180.06, [INFO], r1, {'battery-level': '66.05'}, battery_charge, None, None
190.06, [INFO], r1, {'y': 23.164, 'x': -36.353, 'yaw': -3.141}, pose, None, None
190.06, [INFO], r1, {'battery-level': '65.55'}, battery_charge, None, None
200.06, [INFO], r1, {'y': 25.263, 'x': -36.237, 'yaw': -3.141}, pose, None, None
200.06, [INFO], r1, {'battery-level': '65.05'}, battery_charge, None, None
210.06, [INFO], r1, {'y': 27.366, 'x': -36.321, 'yaw': -3.142}, pose, None, None
210.06, [INFO], r1, {'battery-level': '64.55'}, battery_charge, None, None
220.07, [INFO], r1, {'battery-level': '64.05'}, battery_charge, None, None
220.07, [INFO], r1, {'y': 29.484, 'x': -36.383, 'yaw': 3.142}, pose, None, None
230.09, [INFO], r1, {'y': 31.594, 'x': -36.496, 'yaw': 3.141}, pose, None, None
230.09, [INFO], r1, {'battery-level': '63.55'}, battery_charge, None, None
240.02, [INFO], r1, {'battery-level': '63.05'}, battery_charge, None, None
240.02, [INFO], r1, {'y': 33.683, 'x': -36.817, 'yaw': 3.141}, pose, None, None
250.05, [INFO], r1, {'y': 35.78, 'x': -36.908, 'yaw': 3.141}, pose, None, None
250.05, [INFO], r1, {'battery-level': '62.55'}, battery_charge, None, None
258.19, [INFO], r1, skill-success, None, navto, None
258.19, [INFO], r1, started skill, None, approach-arm, None
258.19, [INFO], r1, sent message, None, None, None
258.19, [INFO], r1, skill-success, None, approach-arm, None
258.19, [INFO], r1, started skill, None, open-drawer, None
258.19, [INFO], r1, sent message, None, None, None
258.19, [INFO], r1, skill-success, None, open-drawer, None
258.19, [INFO], r1, started skill, None, pick-up-sample, None
258.19, [INFO], r1, sent message, None, None, None
258.19, [INFO], r1, skill-success, None, pick-up-sample, None
258.19, [INFO], r1, started skill, None, close-drawer, None
258.19, [INFO], r1, sent message, None, None, None
258.19, [INFO], r1, skill-success, None, close-drawer, None
258.19, [WARN], r1, SUCCESS, None, None, None
260.07, [INFO], r1, {'y': 36.029, 'x': -36.955, 'yaw': 3.142}, pose, None, None
260.07, [INFO], r1, {'battery-level': '62.05'}, battery_charge, None, None
