0.19, [DEBUG], logger, ROBOTS_CONFIG={'capabilities': ['approach_person', 'approach_robot', 'authenticate_person', 'navigation', 'operate_drawer'], 'battery_charge': 0.75, 'nurse_pose': [-19.0, 18.0, -1.57], 'robot_pose': [-38.0, 10.0, 0.0]}, None, None, None
0.19, [DEBUG], logger, Simulation open, None, None, None
10.05, [INFO], r1, {'y': 10.0, 'x': -38.0, 'yaw': -3.142}, pose, None, None
10.05, [INFO], r1, {'battery-level': '74.55'}, battery_charge, None, None
10.84, [INFO], r1, started skill, None, navto, None
20.05, [INFO], r1, {'y': 11.413, 'x': -37.152, 'yaw': -3.142}, pose, None, None
20.05, [INFO], r1, {'battery-level': '74.05'}, battery_charge, None, None
30.03, [INFO], r1, {'y': 13.524, 'x': -37.104, 'yaw': 3.142}, pose, None, None
30.03, [INFO], r1, {'battery-level': '73.55'}, battery_charge, None, None
40.04, [INFO], r1, {'y': 15.603, 'x': -36.844, 'yaw': -3.142}, pose, None, None
40.04, [INFO], r1, {'battery-level': '73.05'}, battery_charge, None, None
50.04, [INFO], r1, {'battery-level': '72.55'}, battery_charge, None, None
50.04, [INFO], r1, {'y': 15.503, 'x': -34.797, 'yaw': -3.141}, pose, None, None
60.03, [INFO], r1, {'y': 15.558, 'x': -32.682, 'yaw': 3.142}, pose, None, None
60.03, [INFO], r1, {'battery-level': '72.05'}, battery_charge, None, None
70.04, [INFO], r1, {'y': 15.582, 'x': -30.559, 'yaw': -3.141}, pose, None, None
70.04, [INFO], r1, {'battery-level': '71.55'}, battery_charge, None, None
80.05, [INFO], r1, {'y': 15.809, 'x': -28.454, 'yaw': 3.141}, pose, None, None
80.05, [INFO], r1, {'battery-level': '71.05'}, battery_charge, None, None
90.05, [INFO], r1, {'y': 16.02, 'x': -26.341, 'yaw': 3.141}, pose, None, None
90.05, [INFO], r1, {'battery-level': '70.55'}, battery_charge, None, None
100.05, [INFO], r1, {'battery-level': '70.05'}, battery_charge, None, None
100.05, [INFO], r1, {'y': 16.003, 'x': -24.228, 'yaw': 3.141}, pose, None, None
110.05, [INFO], r1, {'y': 16.023, 'x': -22.112, 'yaw': 3.142}, pose, None, None
110.05, [INFO], r1, {'battery-level': '69.55'}, battery_charge, None, None
120.06, [INFO], r1, {'y': 16.384, 'x': -20.001, 'yaw': -3.139}, pose, None, None
120.06, [INFO], r1, {'battery-level': '69.05'}, battery_charge, None, None
130.03, [INFO], r1, {'y': 17.884, 'x': -19.06, 'yaw': -3.142}, pose, None, None
130.03, [INFO], r1, {'battery-level': '68.55'}, battery_charge, None, None
140.09, [INFO], r1, {'battery-level': '68.05'}, battery_charge, None, None
140.09, [INFO], r1, {'y': 18.054, 'x': -18.987, 'yaw': -3.141}, pose, None, None
144.24, [INFO], r1, skill-success, None, navto, None
144.24, [INFO], r1, started skill, None, approach-nurse, None
144.24, [INFO], r1, sent message, None, None, None
144.24, [INFO], r1, skill-success, None, approach-nurse, None
144.24, [INFO], r1, started skill, None, authenticate-nurse, None
144.24, [INFO], r1, sent message, None, None, None
144.24, [INFO], r1, skill-success, None, authenticate-nurse, None
144.24, [INFO], r1, started skill, None, open-drawer, None
144.24, [WARN], r1, SKILL-FAILURE, None, open-drawer, None
