8.81, [INFO], r1, started skill, None, navto, None
10.07, [INFO], r1, {'y': 10.016, 'x': -37.792, 'yaw': 3.141}, pose, None, None
10.07, [INFO], r1, {'battery-level': '74.55'}, battery_charge, None, None
20.08, [INFO], r1, {'y': 11.827, 'x': -37.123, 'yaw': -3.142}, pose, None, None
20.08, [INFO], r1, {'battery-level': '74.05'}, battery_charge, None, None
30.05, [INFO], r1, {'y': 13.932, 'x': -37.04, 'yaw': -3.142}, pose, None, None
30.05, [INFO], r1, {'battery-level': '73.55'}, battery_charge, None, None
40.04, [INFO], r1, {'y': 15.777, 'x': -36.465, 'yaw': -3.142}, pose, None, None
40.04, [INFO], r1, {'battery-level': '73.05'}, battery_charge, None, None
50.07, [INFO], r1, {'y': 15.381, 'x': -34.349, 'yaw': 3.142}, pose, None, None
50.07, [INFO], r1, {'battery-level': '72.55'}, battery_charge, None, None
60.02, [INFO], r1, {'y': 15.458, 'x': -32.221, 'yaw': -3.142}, pose, None, None
60.02, [INFO], r1, {'battery-level': '72.05'}, battery_charge, None, None
70.01, [INFO], r1, {'battery-level': '71.55'}, battery_charge, None, None
70.01, [INFO], r1, {'y': 15.589, 'x': -30.103, 'yaw': 3.142}, pose, None, None
80.07, [INFO], r1, {'y': 15.747, 'x': -27.983, 'yaw': 3.142}, pose, None, None
80.07, [INFO], r1, {'battery-level': '71.05'}, battery_charge, None, None
90.05, [INFO], r1, {'y': 16.144, 'x': -25.892, 'yaw': 3.141}, pose, None, None
90.05, [INFO], r1, {'battery-level': '70.55'}, battery_charge, None, None
100.02, [INFO], r1, {'y': 16.154, 'x': -23.794, 'yaw': -3.141}, pose, None, None
100.02, [INFO], r1, {'battery-level': '70.05'}, battery_charge, None, None
110.08, [INFO], r1, {'y': 16.161, 'x': -21.657, 'yaw': 3.142}, pose, None, None
110.08, [INFO], r1, {'battery-level': '69.55'}, battery_charge, None, None
120.05, [INFO], r1, {'battery-level': '69.05'}, battery_charge, None, None
120.05, [INFO], r1, {'y': 16.541, 'x': -19.606, 'yaw': 3.141}, pose, None, None
130.07, [INFO], r1, {'battery-level': '68.55'}, battery_charge, None, None
130.07, [INFO], r1, {'y': 17.931, 'x': -19.014, 'yaw': 3.142}, pose, None, None
140.00, [INFO], r1, {'battery-level': '68.05'}, battery_charge, None, None
140.00, [INFO], r1, {'y': 17.961, 'x': -18.986, 'yaw': 3.142}, pose, None, None
140.20, [INFO], r1, skill-success, None, navto, None
140.20, [INFO], r1, started skill, None, approach-nurse, None
140.20, [INFO], r1, sent message, None, None, None
140.20, [INFO], r1, skill-success, None, approach-nurse, None
140.20, [INFO], r1, started skill, None, authenticate-nurse, None
140.20, [INFO], r1, sent message, None, None, None
140.20, [INFO], r1, started skill, None, open-drawer, None
140.20, [INFO], r1, sent message, None, None, None
140.20, [INFO], r1, skill-success, None, open-drawer, None
140.20, [INFO], r1, started skill, None, deposit, None
140.20, [INFO], r1, sent message, None, None, None
140.20, [INFO], r1, skill-success, None, deposit, None
140.20, [INFO], r1, started skill, None, close-drawer, None
140.20, [INFO], r1, sent message, None, None, None
140.20, [INFO], r1, skill-success, None, close-drawer, None
140.20, [INFO], r1, started skill, None, navto, None
150.09, [INFO], r1, {'y': 16.364, 'x': -20.102, 'yaw': -3.141}, pose, None, None
150.09, [INFO], r1, {'battery-level': '67.55'}, battery_charge, None, None
160.08, [INFO], r1, {'battery-level': '67.05'}, battery_charge, None, None
160.08, [INFO], r1, {'y': 16.291, 'x': -22.224, 'yaw': 3.141}, pose, None, None
170.05, [INFO], r1, {'battery-level': '66.55'}, battery_charge, None, None
170.05, [INFO], r1, {'y': 16.14, 'x': -24.328, 'yaw': 3.141}, pose, None, None
180.02, [INFO], r1, {'y': 16.009, 'x': -26.426, 'yaw': 3.142}, pose, None, None
180.02, [INFO], r1, {'battery-level': '66.05'}, battery_charge, None, None
190.09, [INFO], r1, {'y': 16.018, 'x': -28.557, 'yaw': 3.142}, pose, None, None
190.09, [INFO], r1, {'battery-level': '65.55'}, battery_charge, None, None
200.07, [INFO], r1, {'y': 15.993, 'x': -30.671, 'yaw': -3.142}, pose, None, None
200.07, [INFO], r1, {'battery-level': '65.05'}, battery_charge, None, None
210.03, [INFO], r1, {'y': 15.817, 'x': -32.766, 'yaw': -3.141}, pose, None, None
210.03, [INFO], r1, {'battery-level': '64.55'}, battery_charge, None, None
220.09, [INFO], r1, {'y': 15.432, 'x': -34.878, 'yaw': -3.141}, pose, None, None
220.09, [INFO], r1, {'battery-level': '64.05'}, battery_charge, None, None
230.04, [INFO], r1, {'battery-level': '63.55'}, battery_charge, None, None
230.04, [INFO], r1, {'y': 17.027, 'x': -36.13, 'yaw': 3.142}, pose, None, None
240.01, [INFO], r1, {'y': 19.142, 'x': -36.173, 'yaw': -3.141}, pose, None, None
240.01, [INFO], r1, {'battery-level': '63.05'}, battery_charge, None, None
250.08, [INFO], r1, {'battery-level': '62.55'}, battery_charge, None, None
250.08, [INFO], r1, {'y': 21.29, 'x': -36.262, 'yaw': 3.142}, pose, None, None
260.08, [INFO], r1, {'y': 23.413, 'x': -36.281, 'yaw': 3.141}, pose, None, None
260.08, [INFO], r1, {'battery-level': '62.05'}, battery_charge, None, None
270.03, [INFO], r1, {'y': 25.53, 'x': -36.267, 'yaw': 3.141}, pose, None, None
270.03, [INFO], r1, {'battery-level': '61.55'}, battery_charge, None, None
280.09, [INFO], r1, {'y': 27.644, 'x': -36.33, 'yaw': 3.141}, pose, None, None
280.09, [INFO], r1, {'battery-level': '61.05'}, battery_charge, None, None
290.04, [INFO], r1, {'y': 29.755, 'x': -36.363, 'yaw': 3.142}, pose, None, None
290.04, [INFO], r1, {'battery-level': '60.55'}, battery_charge, None, None
300.05, [INFO], r1, {'y': 31.89, 'x': -36.548, 'yaw': 3.141}, pose, None, None
300.05, [INFO], r1, {'battery-level': '60.05'}, battery_charge, None, None
310.06, [INFO], r1, {'battery-level': '59.55'}, battery_charge, None, None
310.06, [INFO], r1, {'y': 33.992, 'x': -36.936, 'yaw': -3.142}, pose, None, None
320.04, [INFO], r1, {'y': 35.931, 'x': -36.952, 'yaw': 3.14}, pose, None, None
320.04, [INFO], r1, {'battery-level': '59.05'}, battery_charge, None, None
326.60, [INFO], r1, skill-success, None, navto, None
326.60, [INFO], r1, started skill, None, approach-arm, None
326.60, [INFO], r1, sent message, None, None, None
326.60, [INFO], r1, skill-success, None, approach-arm, None
326.60, [INFO], r1, started skill, None, open-drawer, None
326.60, [INFO], r1, sent message, None, None, None
326.60, [INFO], r1, skill-success, None, open-drawer, None
326.60, [INFO], r1, started skill, None, pick-up-sample, None
326.60, [WARN], r1, SKILL-FAILURE, None, pick-up-sample, None
330.08, [INFO], r1, {'y': 36.019, 'x': -36.962, 'yaw': -3.142}, pose, None, None
330.08, [INFO], r1, {'battery-level': '58.55'}, battery_charge, None, None
