9.77, [INFO], r1, started skill, None, navto, None
10.06, [INFO], r1, {'battery-level': '74.55'}, battery_charge, None, None
10.06, [INFO], r1, {'y': 10.0, 'x': -37.988, 'yaw': 3.141}, pose, None, None
20.10, [INFO], r1, {'y': 11.633, 'x': -37.151, 'yaw': -3.142}, pose, None, None
20.10, [INFO], r1, {'battery-level': '74.05'}, battery_charge, None, None
30.03, [INFO], r1, {'battery-level': '73.55'}, battery_charge, None, None
30.03, [INFO], r1, {'y': 13.723, 'x': -37.058, 'yaw': 3.142}, pose, None, None
40.06, [INFO], r1, {'y': 15.771, 'x': -36.782, 'yaw': -3.142}, pose, None, None
40.06, [INFO], r1, {'battery-level': '73.05'}, battery_charge, None, None
50.09, [INFO], r1, {'y': 15.468, 'x': -34.699, 'yaw': 3.14}, pose, None, None
50.09, [INFO], r1, {'battery-level': '72.55'}, battery_charge, None, None
60.02, [INFO], r1, {'y': 15.503, 'x': -32.598, 'yaw': 3.141}, pose, None, None
60.02, [INFO], r1, {'battery-level': '72.05'}, battery_charge, None, None
70.06, [INFO], r1, {'y': 15.602, 'x': -30.475, 'yaw': -3.14}, pose, None, None
70.06, [INFO], r1, {'battery-level': '71.55'}, battery_charge, None, None
80.09, [INFO], r1, {'battery-level': '71.05'}, battery_charge, None, None
80.09, [INFO], r1, {'y': 15.818, 'x': -28.354, 'yaw': 3.142}, pose, None, None
90.02, [INFO], r1, {'y': 16.06, 'x': -26.248, 'yaw': 3.142}, pose, None, None
90.02, [INFO], r1, {'battery-level': '70.55'}, battery_charge, None, None
100.06, [INFO], r1, {'battery-level': '70.05'}, battery_charge, None, None
100.06, [INFO], r1, {'y': 16.015, 'x': -24.136, 'yaw': 3.141}, pose, None, None
110.10, [INFO], r1, {'y': 16.004, 'x': -22.013, 'yaw': -3.142}, pose, None, None
110.10, [INFO], r1, {'battery-level': '69.55'}, battery_charge, None, None
120.03, [INFO], r1, {'battery-level': '69.05'}, battery_charge, None, None
120.03, [INFO], r1, {'y': 16.322, 'x': -19.925, 'yaw': -3.141}, pose, None, None
130.06, [INFO], r1, {'y': 17.868, 'x': -19.038, 'yaw': -3.142}, pose, None, None
130.06, [INFO], r1, {'battery-level': '68.55'}, battery_charge, None, None
139.38, [INFO], r1, skill-success, None, navto, None
139.38, [INFO], r1, started skill, None, approach-nurse, None
139.38, [INFO], r1, sent message, None, None, None
139.38, [INFO], r1, skill-success, None, approach-nurse, None
139.38, [INFO], r1, started skill, None, authenticate-nurse, None
139.38, [INFO], r1, sent message, None, None, None
139.38, [INFO], r1, skill-success, None, authenticate-nurse, None
139.38, [INFO], r1, started skill, None, open-drawer, None
139.38, [INFO], r1, sent message, None, None, None
139.38, [INFO], r1, skill-success, None, open-drawer, None
139.38, [INFO], r1, started skill, None, deposit, None
139.38, [INFO], r1, sent message, None, None, None
139.38, [INFO], r1, skill-success, None, deposit, None
139.38, [INFO], r1, started skill, None, close-drawer, None
139.38, [INFO], r1, sent message, None, None, None
139.38, [INFO], r1, skill-success, None, close-drawer, None
139.38, [INFO], r1, started skill, None, navto, None
140.09, [INFO], r1, {'y': 17.882, 'x': -18.955, 'yaw': -3.141}, pose, None, None
140.09, [INFO], r1, {'battery-level': '68.05'}, battery_charge, None, None
150.02, [INFO], r1, {'y': 16.298, 'x': -20.181, 'yaw': 3.141}, pose, None, None
150.02, [INFO], r1, {'battery-level': '67.55'}, battery_charge, None, None
160.06, [INFO], r1, {'battery-level': '67.05'}, battery_charge, None, None
160.06, [INFO], r1, {'y': 16.217, 'x': -22.3, 'yaw': -3.139}, pose, None, None
170.09, [INFO], r1, {'battery-level': '66.55'}, battery_charge, None, None
170.09, [INFO], r1, {'y': 16.187, 'x': -24.423, 'yaw': 3.141}, pose, None, None
180.03, [INFO], r1, {'battery-level': '66.05'}, battery_charge, None, None
180.03, [INFO], r1, {'y': 16.052, 'x': -26.517, 'yaw': 3.139}, pose, None, None
190.06, [INFO], r1, {'y': 16.003, 'x': -28.628, 'yaw': 3.142}, pose, None, None
190.06, [INFO], r1, {'battery-level': '65.55'}, battery_charge, None, None
200.09, [INFO], r1, {'y': 16.028, 'x': -30.745, 'yaw': -3.142}, pose, None, None
200.09, [INFO], r1, {'battery-level': '65.05'}, battery_charge, None, None
210.03, [INFO], r1, {'y': 15.799, 'x': -32.838, 'yaw': -3.142}, pose, None, None
210.03, [INFO], r1, {'battery-level': '64.55'}, battery_charge, None, None
220.07, [INFO], r1, {'y': 15.439, 'x': -34.949, 'yaw': 3.141}, pose, None, None
220.07, [INFO], r1, {'battery-level': '64.05'}, battery_charge, None, None
230.00, [INFO], r1, {'y': 17.105, 'x': -36.12, 'yaw': 3.142}, pose, None, None
230.00, [INFO], r1, {'battery-level': '63.55'}, battery_charge, None, None
240.04, [INFO], r1, {'battery-level': '63.05'}, battery_charge, None, None
240.04, [INFO], r1, {'y': 19.222, 'x': -36.163, 'yaw': 3.136}, pose, None, None
250.07, [INFO], r1, {'y': 21.341, 'x': -36.288, 'yaw': 3.141}, pose, None, None
250.07, [INFO], r1, {'battery-level': '62.55'}, battery_charge, None, None
260.01, [INFO], r1, {'battery-level': '62.05'}, battery_charge, None, None
260.01, [INFO], r1, {'y': 23.437, 'x': -36.341, 'yaw': 3.141}, pose, None, None
270.05, [INFO], r1, {'battery-level': '61.55'}, battery_charge, None, None
270.05, [INFO], r1, {'y': 25.568, 'x': -36.273, 'yaw': 3.142}, pose, None, None
280.09, [INFO], r1, {'battery-level': '61.05'}, battery_charge, None, None
280.09, [INFO], r1, {'y': 27.691, 'x': -36.297, 'yaw': -3.142}, pose, None, None
290.02, [INFO], r1, {'y': 29.781, 'x': -36.389, 'yaw': 3.142}, pose, None, None
290.02, [INFO], r1, {'battery-level': '60.55'}, battery_charge, None, None
300.05, [INFO], r1, {'y': 31.908, 'x': -36.552, 'yaw': -3.142}, pose, None, None
300.05, [INFO], r1, {'battery-level': '60.05'}, battery_charge, None, None
310.08, [INFO], r1, {'y': 34.021, 'x': -36.898, 'yaw': 3.142}, pose, None, None
310.08, [INFO], r1, {'battery-level': '59.55'}, battery_charge, None, None
320.02, [INFO], r1, {'y': 36.028, 'x': -36.925, 'yaw': -3.142}, pose, None, None
320.02, [INFO], r1, {'battery-level': '59.05'}, battery_charge, None, None
327.35, [INFO], r1, skill-success, None, navto, None
327.35, [INFO], r1, started skill, None, approach-arm, None
327.35, [INFO], r1, sent message, None, None, None
327.35, [INFO], r1, skill-success, None, approach-arm, None
327.35, [INFO], r1, started skill, None, open-drawer, None
327.35, [INFO], r1, sent message, None, None, None
327.35, [INFO], r1, skill-success, None, open-drawer, None
327.35, [INFO], r1, started skill, None, pick-up-sample, None
327.35, [INFO], r1, sent message, None, None, None
327.35, [INFO], r1, skill-success, None, pick-up-sample, None
327.35, [INFO], r1, started skill, None, close-drawer, None
327.35, [INFO], r1, sent message, None, None, None
327.35, [INFO], r1, skill-success, None, close-drawer, None
327.35, [WARN], r1, SUCCESS, None, None, None
330.05, [INFO], r1, {'y': 36.129, 'x': -36.95, 'yaw': -3.142}, pose, None, None
330.05, [INFO], r1, {'battery-level': '58.55'}, battery_charge, None, None
