9.43, [INFO], r1, started skill, None, navto, None
10.01, [INFO], r1, {'battery-level': '74.55'}, battery_charge, None, None
10.01, [INFO], r1, {'y': 10.0, 'x': -37.955, 'yaw': 3.141}, pose, None, None
20.06, [INFO], r1, {'y': 11.678, 'x': -37.112, 'yaw': -3.142}, pose, None, None
20.06, [INFO], r1, {'battery-level': '74.05'}, battery_charge, None, None
30.02, [INFO], r1, {'battery-level': '73.55'}, battery_charge, None, None
30.02, [INFO], r1, {'y': 13.773, 'x': -37.074, 'yaw': 3.142}, pose, None, None
40.06, [INFO], r1, {'y': 15.743, 'x': -36.865, 'yaw': -3.142}, pose, None, None
40.06, [INFO], r1, {'battery-level': '73.05'}, battery_charge, None, None
50.01, [INFO], r1, {'battery-level': '72.55'}, battery_charge, None, None
50.01, [INFO], r1, {'y': 15.499, 'x': -34.77, 'yaw': -3.141}, pose, None, None
60.09, [INFO], r1, {'y': 15.496, 'x': -32.631, 'yaw': 3.141}, pose, None, None
60.09, [INFO], r1, {'battery-level': '72.05'}, battery_charge, None, None
70.05, [INFO], r1, {'battery-level': '71.55'}, battery_charge, None, None
70.05, [INFO], r1, {'y': 15.546, 'x': -30.524, 'yaw': -3.14}, pose, None, None
80.06, [INFO], r1, {'battery-level': '71.05'}, battery_charge, None, None
80.06, [INFO], r1, {'y': 15.781, 'x': -28.415, 'yaw': 3.142}, pose, None, None
90.10, [INFO], r1, {'y': 15.962, 'x': -26.279, 'yaw': 3.141}, pose, None, None
90.10, [INFO], r1, {'battery-level': '70.55'}, battery_charge, None, None
100.07, [INFO], r1, {'y': 16.113, 'x': -24.19, 'yaw': -3.141}, pose, None, None
100.07, [INFO], r1, {'battery-level': '70.05'}, battery_charge, None, None
110.07, [INFO], r1, {'y': 16.148, 'x': -22.073, 'yaw': -3.142}, pose, None, None
110.07, [INFO], r1, {'battery-level': '69.55'}, battery_charge, None, None
120.05, [INFO], r1, {'y': 16.314, 'x': -19.964, 'yaw': 3.142}, pose, None, None
120.05, [INFO], r1, {'battery-level': '69.05'}, battery_charge, None, None
130.01, [INFO], r1, {'battery-level': '68.55'}, battery_charge, None, None
130.01, [INFO], r1, {'y': 16.264, 'x': -17.869, 'yaw': 3.142}, pose, None, None
140.01, [INFO], r1, {'y': 16.052, 'x': -15.764, 'yaw': 3.141}, pose, None, None
140.01, [INFO], r1, {'battery-level': '68.05'}, battery_charge, None, None
150.08, [INFO], r1, {'y': 16.387, 'x': -13.69, 'yaw': 3.141}, pose, None, None
150.08, [INFO], r1, {'battery-level': '67.55'}, battery_charge, None, None
160.04, [INFO], r1, {'battery-level': '67.05'}, battery_charge, None, None
160.04, [INFO], r1, {'y': 17.874, 'x': -13.622, 'yaw': 3.142}, pose, None, None
170.00, [INFO], r1, {'battery-level': '66.55'}, battery_charge, None, None
170.00, [INFO], r1, {'y': 17.995, 'x': -13.653, 'yaw': -3.141}, pose, None, None
173.75, [INFO], r1, skill-success, None, navto, None
173.75, [INFO], r1, started skill, None, approach-nurse, None
173.84, [INFO], r1, sent message, None, None, None
173.84, [INFO], r1, started skill, None, open-drawer, None
173.84, [INFO], r1, sent message, None, None, None
173.84, [INFO], r1, skill-success, None, open-drawer, None
173.84, [INFO], r1, started skill, None, deposit, None
173.84, [INFO], r1, sent message, None, None, None
173.84, [INFO], r1, skill-success, None, deposit, None
173.84, [INFO], r1, started skill, None, close-drawer, None
173.84, [INFO], r1, sent message, None, None, None
173.84, [INFO], r1, skill-success, None, close-drawer, None
173.84, [INFO], r1, started skill, None, navto, None
180.08, [INFO], r1, {'y': 16.76, 'x': -13.711, 'yaw': 3.142}, pose, None, None
180.08, [INFO], r1, {'battery-level': '66.05'}, battery_charge, None, None
190.09, [INFO], r1, {'y': 16.202, 'x': -15.671, 'yaw': 3.142}, pose, None, None
190.09, [INFO], r1, {'battery-level': '65.55'}, battery_charge, None, None
200.03, [INFO], r1, {'battery-level': '65.05'}, battery_charge, None, None
200.03, [INFO], r1, {'y': 16.159, 'x': -17.778, 'yaw': 3.141}, pose, None, None
210.03, [INFO], r1, {'battery-level': '64.55'}, battery_charge, None, None
210.03, [INFO], r1, {'y': 16.303, 'x': -19.9, 'yaw': 3.141}, pose, None, None
220.06, [INFO], r1, {'y': 16.295, 'x': -22.024, 'yaw': 3.141}, pose, None, None
220.06, [INFO], r1, {'battery-level': '64.05'}, battery_charge, None, None
230.06, [INFO], r1, {'battery-level': '63.55'}, battery_charge, None, None
230.06, [INFO], r1, {'y': 16.142, 'x': -24.133, 'yaw': 3.141}, pose, None, None
240.06, [INFO], r1, {'y': 16.075, 'x': -26.245, 'yaw': 3.141}, pose, None, None
240.06, [INFO], r1, {'battery-level': '63.05'}, battery_charge, None, None
250.05, [INFO], r1, {'battery-level': '62.55'}, battery_charge, None, None
250.05, [INFO], r1, {'y': 16.055, 'x': -28.361, 'yaw': 3.142}, pose, None, None
260.07, [INFO], r1, {'y': 16.063, 'x': -30.485, 'yaw': 3.142}, pose, None, None
260.07, [INFO], r1, {'battery-level': '62.05'}, battery_charge, None, None
270.00, [INFO], r1, {'y': 15.834, 'x': -32.593, 'yaw': -3.142}, pose, None, None
270.00, [INFO], r1, {'battery-level': '61.55'}, battery_charge, None, None
280.02, [INFO], r1, {'y': 15.422, 'x': -34.685, 'yaw': 3.141}, pose, None, None
280.02, [INFO], r1, {'battery-level': '61.05'}, battery_charge, None, None
290.07, [INFO], r1, {'battery-level': '60.55'}, battery_charge, None, None
290.07, [INFO], r1, {'y': 16.914, 'x': -36.109, 'yaw': -3.142}, pose, None, None
300.08, [INFO], r1, {'y': 19.043, 'x': -36.161, 'yaw': -3.142}, pose, None, None
300.08, [INFO], r1, {'battery-level': '60.05'}, battery_charge, None, None
310.00, [INFO], r1, {'battery-level': '59.55'}, battery_charge, None, None
310.00, [INFO], r1, {'y': 21.142, 'x': -36.239, 'yaw': 3.141}, pose, None, None
320.01, [INFO], r1, {'battery-level': '59.05'}, battery_charge, None, None
320.01, [INFO], r1, {'y': 23.257, 'x': -36.358, 'yaw': 3.14}, pose, None, None
330.01, [INFO], r1, {'y': 25.381, 'x': -36.321, 'yaw': 3.141}, pose, None, None
330.01, [INFO], r1, {'battery-level': '58.55'}, battery_charge, None, None
340.06, [INFO], r1, {'battery-level': '58.05'}, battery_charge, None, None
340.06, [INFO], r1, {'y': 27.516, 'x': -36.335, 'yaw': 3.141}, pose, None, None
350.08, [INFO], r1, {'y': 29.634, 'x': -36.424, 'yaw': -3.142}, pose, None, None
350.08, [INFO], r1, {'battery-level': '57.55'}, battery_charge, None, None
360.03, [INFO], r1, {'battery-level': '57.05'}, battery_charge, None, None
360.03, [INFO], r1, {'y': 31.743, 'x': -36.581, 'yaw': 3.142}, pose, None, None
370.06, [INFO], r1, {'y': 33.855, 'x': -36.887, 'yaw': 3.142}, pose, None, None
370.06, [INFO], r1, {'battery-level': '56.55'}, battery_charge, None, None
380.01, [INFO], r1, {'y': 35.869, 'x': -36.934, 'yaw': 3.142}, pose, None, None
380.01, [INFO], r1, {'battery-level': '56.05'}, battery_charge, None, None
387.15, [INFO], r1, skill-success, None, navto, None
387.15, [INFO], r1, started skill, None, approach-arm, None
387.15, [INFO], r1, started skill, None, open-drawer, None
387.15, [INFO], r1, sent message, None, None, None
387.15, [INFO], r1, skill-success, None, open-drawer, None
387.15, [INFO], r1, started skill, None, pick-up-sample, None
387.15, [INFO], r1, sent message, None, None, None
387.15, [INFO], r1, skill-success, None, pick-up-sample, None
387.15, [INFO], r1, started skill, None, close-drawer, None
387.15, [INFO], r1, sent message, None, None, None
387.15, [INFO], r1, skill-success, None, close-drawer, None
387.15, [WARN], r1, SUCCESS, None, None, None
390.08, [INFO], r1, {'y': 36.017, 'x': -36.973, 'yaw': 3.142}, pose, None, None
390.08, [INFO], r1, {'battery-level': '55.55'}, battery_charge, None, None
