0.19, [DEBUG], logger, ROBOTS_CONFIG={'capabilities': ['approach_person', 'approach_robot', 'authenticate_person', 'navigation', 'operate_drawer'], 'battery_charge': 0.75, 'nurse_pose': [-11.5, 18.0, -1.57], 'robot_pose': [-38.0, 10.0, 0.0]}, None, None, None
0.19, [DEBUG], logger, Simulation open, None, None, None
10.04, [INFO], r1, {'y': 10.0, 'x': -38.0, 'yaw': -3.142}, pose, None, None
10.04, [INFO], r1, {'battery-level': '74.55'}, battery_charge, None, None
10.53, [INFO], r1, started skill, None, navto, None
20.02, [INFO], r1, {'y': 11.464, 'x': -37.164, 'yaw': -3.142}, pose, None, None
20.02, [INFO], r1, {'battery-level': '74.05'}, battery_charge, None, None
30.00, [INFO], r1, {'y': 13.575, 'x': -37.065, 'yaw': 3.142}, pose, None, None
30.00, [INFO], r1, {'battery-level': '73.55'}, battery_charge, None, None
40.10, [INFO], r1, {'y': 15.617, 'x': -36.909, 'yaw': 3.141}, pose, None, None
40.10, [INFO], r1, {'battery-level': '73.05'}, battery_charge, None, None
50.01, [INFO], r1, {'y': 15.57, 'x': -34.963, 'yaw': -3.142}, pose, None, None
50.01, [INFO], r1, {'battery-level': '72.55'}, battery_charge, None, None
60.01, [INFO], r1, {'y': 15.488, 'x': -32.859, 'yaw': -3.142}, pose, None, None
60.01, [INFO], r1, {'battery-level': '72.05'}, battery_charge, None, None
70.06, [INFO], r1, {'battery-level': '71.55'}, battery_charge, None, None
70.06, [INFO], r1, {'y': 15.539, 'x': -30.721, 'yaw': 3.142}, pose, None, None
80.04, [INFO], r1, {'y': 15.745, 'x': -28.6, 'yaw': 3.14}, pose, None, None
80.04, [INFO], r1, {'battery-level': '71.05'}, battery_charge, None, None
90.01, [INFO], r1, {'y': 16.085, 'x': -26.495, 'yaw': 3.141}, pose, None, None
90.01, [INFO], r1, {'battery-level': '70.55'}, battery_charge, None, None
100.08, [INFO], r1, {'y': 15.977, 'x': -24.355, 'yaw': -3.142}, pose, None, None
100.08, [INFO], r1, {'battery-level': '70.05'}, battery_charge, None, None
110.08, [INFO], r1, {'y': 16.051, 'x': -22.236, 'yaw': -3.142}, pose, None, None
110.08, [INFO], r1, {'battery-level': '69.55'}, battery_charge, None, None
120.08, [INFO], r1, {'y': 16.147, 'x': -20.108, 'yaw': -3.142}, pose, None, None
120.08, [INFO], r1, {'battery-level': '69.05'}, battery_charge, None, None
130.07, [INFO], r1, {'y': 16.069, 'x': -17.987, 'yaw': 3.142}, pose, None, None
130.07, [INFO], r1, {'battery-level': '68.55'}, battery_charge, None, None
140.09, [INFO], r1, {'y': 15.955, 'x': -15.874, 'yaw': 3.14}, pose, None, None
140.09, [INFO], r1, {'battery-level': '68.05'}, battery_charge, None, None
150.09, [INFO], r1, {'y': 16.003, 'x': -13.746, 'yaw': 3.142}, pose, None, None
150.09, [INFO], r1, {'battery-level': '67.55'}, battery_charge, None, None
160.07, [INFO], r1, {'y': 17.039, 'x': -11.919, 'yaw': 3.138}, pose, None, None
160.07, [INFO], r1, {'battery-level': '67.05'}, battery_charge, None, None
170.06, [INFO], r1, {'y': 17.993, 'x': -11.517, 'yaw': -3.138}, pose, None, None
170.06, [INFO], r1, {'battery-level': '66.55'}, battery_charge, None, None
174.31, [INFO], r1, skill-success, None, navto, None
174.31, [INFO], r1, started skill, None, approach-nurse, None
174.31, [INFO], r1, sent message, None, None, None
174.31, [INFO], r1, skill-success, None, approach-nurse, None
174.31, [INFO], r1, started skill, None, open-drawer, None
174.31, [INFO], r1, sent message, None, None, None
174.31, [INFO], r1, skill-success, None, open-drawer, None
174.31, [INFO], r1, started skill, None, deposit, None
174.31, [INFO], r1, sent message, None, None, None
174.31, [INFO], r1, skill-success, None, deposit, None
174.31, [INFO], r1, started skill, None, close-drawer, None
174.31, [INFO], r1, sent message, None, None, None
174.31, [INFO], r1, skill-success, None, close-drawer, None
174.31, [INFO], r1, started skill, None, navto, None
180.05, [INFO], r1, {'battery-level': '66.05'}, battery_charge, None, None
180.05, [INFO], r1, {'y': 16.939, 'x': -11.957, 'yaw': 3.142}, pose, None, None
190.03, [INFO], r1, {'battery-level': '65.55'}, battery_charge, None, None
190.03, [INFO], r1, {'y': 16.331, 'x': -13.912, 'yaw': 3.141}, pose, None, None
200.04, [INFO], r1, {'battery-level': '65.05'}, battery_charge, None, None
200.04, [INFO], r1, {'y': 16.178, 'x': -16.04, 'yaw': 3.142}, pose, None, None
210.05, [INFO], r1, {'y': 16.18, 'x': -18.18, 'yaw': -3.141}, pose, None, None
210.05, [INFO], r1, {'battery-level': '64.55'}, battery_charge, None, None
220.08, [INFO], r1, {'y': 16.346, 'x': -20.302, 'yaw': 3.141}, pose, None, None
220.08, [INFO], r1, {'battery-level': '64.05'}, battery_charge, None, None
230.07, [INFO], r1, {'y': 16.265, 'x': -22.418, 'yaw': 3.142}, pose, None, None
230.07, [INFO], r1, {'battery-level': '63.55'}, battery_charge, None, None
240.06, [INFO], r1, {'battery-level': '63.05'}, battery_charge, None, None
240.06, [INFO], r1, {'y': 16.143, 'x': -24.531, 'yaw': 3.141}, pose, None, None
250.04, [INFO], r1, {'y': 16.025, 'x': -26.653, 'yaw': 3.14}, pose, None, None
250.04, [INFO], r1, {'battery-level': '62.55'}, battery_charge, None, None
260.03, [INFO], r1, {'y': 16.086, 'x': -28.767, 'yaw': 3.141}, pose, None, None
260.03, [INFO], r1, {'battery-level': '62.05'}, battery_charge, None, None
270.04, [INFO], r1, {'y': 16.023, 'x': -30.883, 'yaw': 3.142}, pose, None, None
270.04, [INFO], r1, {'battery-level': '61.55'}, battery_charge, None, None
280.05, [INFO], r1, {'y': 15.84, 'x': -33.004, 'yaw': 3.142}, pose, None, None
280.05, [INFO], r1, {'battery-level': '61.05'}, battery_charge, None, None
290.04, [INFO], r1, {'y': 15.537, 'x': -35.053, 'yaw': -3.141}, pose, None, None
290.04, [INFO], r1, {'battery-level': '60.55'}, battery_charge, None, None
300.05, [INFO], r1, {'y': 17.306, 'x': -36.105, 'yaw': 3.141}, pose, None, None
300.05, [INFO], r1, {'battery-level': '60.05'}, battery_charge, None, None
310.05, [INFO], r1, {'y': 19.422, 'x': -36.152, 'yaw': 3.142}, pose, None, None
310.05, [INFO], r1, {'battery-level': '59.55'}, battery_charge, None, None
320.05, [INFO], r1, {'y': 21.534, 'x': -36.212, 'yaw': 3.141}, pose, None, None
320.05, [INFO], r1, {'battery-level': '59.05'}, battery_charge, None, None
330.06, [INFO], r1, {'y': 23.666, 'x': -36.261, 'yaw': 3.141}, pose, None, None
330.06, [INFO], r1, {'battery-level': '58.55'}, battery_charge, None, None
340.06, [INFO], r1, {'battery-level': '58.05'}, battery_charge, None, None
340.06, [INFO], r1, {'y': 25.795, 'x': -36.216, 'yaw': 3.141}, pose, None, None
350.06, [INFO], r1, {'y': 27.927, 'x': -36.286, 'yaw': 3.141}, pose, None, None
350.06, [INFO], r1, {'battery-level': '57.55'}, battery_charge, None, None
360.06, [INFO], r1, {'y': 30.055, 'x': -36.364, 'yaw': -3.142}, pose, None, None
360.06, [INFO], r1, {'battery-level': '57.05'}, battery_charge, None, None
370.08, [INFO], r1, {'y': 32.188, 'x': -36.556, 'yaw': 3.141}, pose, None, None
370.08, [INFO], r1, {'battery-level': '56.55'}, battery_charge, None, None
380.01, [INFO], r1, {'y': 34.27, 'x': -36.916, 'yaw': 3.141}, pose, None, None
380.01, [INFO], r1, {'battery-level': '56.05'}, battery_charge, None, None
390.04, [INFO], r1, {'y': 36.041, 'x': -36.891, 'yaw': 3.141}, pose, None, None
390.04, [INFO], r1, {'battery-level': '55.55'}, battery_charge, None, None
400.09, [INFO], r1, {'y': 36.146, 'x': -36.995, 'yaw': -3.142}, pose, None, None
400.09, [INFO], r1, {'battery-level': '55.05'}, battery_charge, None, None
402.37, [INFO], r1, skill-success, None, navto, None
402.37, [INFO], r1, started skill, None, approach-arm, None
402.47, [WARN], r1, SKILL-FAILURE, None, approach-arm, None
410.06, [INFO], r1, {'battery-level': '54.55'}, battery_charge, None, None
410.06, [INFO], r1, {'y': 36.145, 'x': -36.992, 'yaw': -3.142}, pose, None, None
