9.31, [INFO], r1, started skill, None, navto, None
10.09, [INFO], r1, {'y': 10.002, 'x': -37.91, 'yaw': 3.141}, pose, None, None
10.09, [INFO], r1, {'battery-level': '74.55'}, battery_charge, None, None
20.02, [INFO], r1, {'y': 11.678, 'x': -37.154, 'yaw': 3.142}, pose, None, None
20.02, [INFO], r1, {'battery-level': '74.05'}, battery_charge, None, None
30.01, [INFO], r1, {'y': 13.778, 'x': -37.096, 'yaw': -3.142}, pose, None, None
30.01, [INFO], r1, {'battery-level': '73.55'}, battery_charge, None, None
40.02, [INFO], r1, {'y': 15.759, 'x': -36.668, 'yaw': -3.141}, pose, None, None
40.02, [INFO], r1, {'battery-level': '73.05'}, battery_charge, None, None
50.03, [INFO], r1, {'y': 15.474, 'x': -34.555, 'yaw': 3.142}, pose, None, None
50.03, [INFO], r1, {'battery-level': '72.55'}, battery_charge, None, None
60.01, [INFO], r1, {'y': 15.567, 'x': -32.43, 'yaw': -3.142}, pose, None, None
60.01, [INFO], r1, {'battery-level': '72.05'}, battery_charge, None, None
70.05, [INFO], r1, {'y': 15.633, 'x': -30.314, 'yaw': 3.141}, pose, None, None
70.05, [INFO], r1, {'battery-level': '71.55'}, battery_charge, None, None
80.09, [INFO], r1, {'y': 15.768, 'x': -28.199, 'yaw': 3.142}, pose, None, None
80.09, [INFO], r1, {'battery-level': '71.05'}, battery_charge, None, None
90.09, [INFO], r1, {'y': 16.15, 'x': -26.118, 'yaw': 3.141}, pose, None, None
90.09, [INFO], r1, {'battery-level': '70.55'}, battery_charge, None, None
100.06, [INFO], r1, {'battery-level': '70.05'}, battery_charge, None, None
100.06, [INFO], r1, {'y': 16.147, 'x': -24.004, 'yaw': -3.141}, pose, None, None
110.08, [INFO], r1, {'y': 16.156, 'x': -21.901, 'yaw': -3.142}, pose, None, None
110.08, [INFO], r1, {'battery-level': '69.55'}, battery_charge, None, None
120.05, [INFO], r1, {'y': 16.207, 'x': -19.795, 'yaw': 3.138}, pose, None, None
120.05, [INFO], r1, {'battery-level': '69.05'}, battery_charge, None, None
130.09, [INFO], r1, {'battery-level': '68.55'}, battery_charge, None, None
130.09, [INFO], r1, {'y': 16.167, 'x': -17.679, 'yaw': -3.142}, pose, None, None
140.06, [INFO], r1, {'y': 16.104, 'x': -15.587, 'yaw': -3.141}, pose, None, None
140.06, [INFO], r1, {'battery-level': '68.05'}, battery_charge, None, None
150.01, [INFO], r1, {'y': 16.215, 'x': -13.491, 'yaw': 3.141}, pose, None, None
150.01, [INFO], r1, {'battery-level': '67.55'}, battery_charge, None, None
160.06, [INFO], r1, {'battery-level': '67.05'}, battery_charge, None, None
160.06, [INFO], r1, {'y': 17.315, 'x': -11.821, 'yaw': 3.141}, pose, None, None
170.09, [INFO], r1, {'y': 17.951, 'x': -11.549, 'yaw': 3.142}, pose, None, None
170.09, [INFO], r1, {'battery-level': '66.55'}, battery_charge, None, None
172.38, [INFO], r1, skill-success, None, navto, None
172.38, [INFO], r1, started skill, None, approach-nurse, None
172.38, [WARN], r1, SKILL-FAILURE, None, approach-nurse, None
