9.36, [INFO], r1, started skill, None, navto, None
10.04, [INFO], r1, {'y': 10.0, 'x': -37.947, 'yaw': 3.141}, pose, None, None
10.04, [INFO], r1, {'battery-level': '74.55'}, battery_charge, None, None
20.07, [INFO], r1, {'battery-level': '74.05'}, battery_charge, None, None
20.07, [INFO], r1, {'y': 11.67, 'x': -37.103, 'yaw': 3.142}, pose, None, None
30.02, [INFO], r1, {'y': 13.782, 'x': -36.998, 'yaw': 3.142}, pose, None, None
30.02, [INFO], r1, {'battery-level': '73.55'}, battery_charge, None, None
40.06, [INFO], r1, {'y': 15.779, 'x': -36.666, 'yaw': -3.142}, pose, None, None
40.06, [INFO], r1, {'battery-level': '73.05'}, battery_charge, None, None
50.09, [INFO], r1, {'y': 15.433, 'x': -34.555, 'yaw': -3.141}, pose, None, None
50.09, [INFO], r1, {'battery-level': '72.55'}, battery_charge, None, None
60.09, [INFO], r1, {'battery-level': '72.05'}, battery_charge, None, None
60.09, [INFO], r1, {'y': 15.463, 'x': -32.431, 'yaw': 3.142}, pose, None, None
70.09, [INFO], r1, {'y': 15.557, 'x': -30.33, 'yaw': 3.141}, pose, None, None
70.09, [INFO], r1, {'battery-level': '71.55'}, battery_charge, None, None
80.01, [INFO], r1, {'y': 15.761, 'x': -28.249, 'yaw': -3.142}, pose, None, None
80.01, [INFO], r1, {'battery-level': '71.05'}, battery_charge, None, None
90.01, [INFO], r1, {'battery-level': '70.55'}, battery_charge, None, None
90.01, [INFO], r1, {'y': 16.015, 'x': -26.14, 'yaw': 3.137}, pose, None, None
100.03, [INFO], r1, {'battery-level': '70.05'}, battery_charge, None, None
100.03, [INFO], r1, {'y': 15.969, 'x': -24.017, 'yaw': -3.142}, pose, None, None
110.03, [INFO], r1, {'y': 16.011, 'x': -21.914, 'yaw': 3.142}, pose, None, None
110.03, [INFO], r1, {'battery-level': '69.55'}, battery_charge, None, None
120.08, [INFO], r1, {'y': 16.192, 'x': -19.793, 'yaw': 3.141}, pose, None, None
120.08, [INFO], r1, {'battery-level': '69.05'}, battery_charge, None, None
130.07, [INFO], r1, {'battery-level': '68.55'}, battery_charge, None, None
130.07, [INFO], r1, {'y': 16.08, 'x': -17.687, 'yaw': 3.142}, pose, None, None
140.01, [INFO], r1, {'battery-level': '68.05'}, battery_charge, None, None
140.01, [INFO], r1, {'y': 15.915, 'x': -15.591, 'yaw': -3.141}, pose, None, None
150.00, [INFO], r1, {'y': 16.146, 'x': -13.486, 'yaw': -3.139}, pose, None, None
150.00, [INFO], r1, {'battery-level': '67.55'}, battery_charge, None, None
160.02, [INFO], r1, {'battery-level': '67.05'}, battery_charge, None, None
160.02, [INFO], r1, {'y': 17.319, 'x': -11.843, 'yaw': 3.142}, pose, None, None
170.07, [INFO], r1, {'battery-level': '66.55'}, battery_charge, None, None
170.07, [INFO], r1, {'y': 17.983, 'x': -11.545, 'yaw': 3.142}, pose, None, None
171.03, [INFO], r1, skill-success, None, navto, None
171.03, [INFO], r1, started skill, None, approach-nurse, None
171.03, [INFO], r1, sent message, None, None, None
171.03, [INFO], r1, skill-success, None, approach-nurse, None
171.03, [INFO], r1, started skill, None, open-drawer, None
171.03, [INFO], r1, sent message, None, None, None
171.03, [INFO], r1, skill-success, None, open-drawer, None
171.03, [INFO], r1, started skill, None, deposit, None
171.13, [INFO], r1, sent message, None, None, None
171.13, [INFO], r1, skill-success, None, deposit, None
171.13, [INFO], r1, started skill, None, close-drawer, None
171.13, [INFO], r1, sent message, None, None, None
171.13, [INFO], r1, skill-success, None, close-drawer, None
171.13, [INFO], r1, started skill, None, navto, None
180.04, [INFO], r1, {'y': 16.475, 'x': -12.501, 'yaw': 3.142}, pose, None, None
180.04, [INFO], r1, {'battery-level': '66.05'}, battery_charge, None, None
190.07, [INFO], r1, {'y': 16.258, 'x': -14.594, 'yaw': 3.142}, pose, None, None
190.07, [INFO], r1, {'battery-level': '65.55'}, battery_charge, None, None
200.01, [INFO], r1, {'battery-level': '65.05'}, battery_charge, None, None
200.01, [INFO], r1, {'y': 16.18, 'x': -16.691, 'yaw': 3.141}, pose, None, None
210.03, [INFO], r1, {'y': 16.196, 'x': -18.815, 'yaw': -3.142}, pose, None, None
210.03, [INFO], r1, {'battery-level': '64.55'}, battery_charge, None, None
220.03, [INFO], r1, {'y': 16.333, 'x': -20.921, 'yaw': 3.141}, pose, None, None
220.03, [INFO], r1, {'battery-level': '64.05'}, battery_charge, None, None
230.06, [INFO], r1, {'y': 16.159, 'x': -23.04, 'yaw': 3.142}, pose, None, None
230.06, [INFO], r1, {'battery-level': '63.55'}, battery_charge, None, None
240.08, [INFO], r1, {'y': 16.127, 'x': -25.16, 'yaw': 3.141}, pose, None, None
240.08, [INFO], r1, {'battery-level': '63.05'}, battery_charge, None, None
250.09, [INFO], r1, {'y': 15.854, 'x': -27.259, 'yaw': 3.139}, pose, None, None
250.09, [INFO], r1, {'battery-level': '62.55'}, battery_charge, None, None
260.03, [INFO], r1, {'y': 15.996, 'x': -29.356, 'yaw': -3.142}, pose, None, None
260.03, [INFO], r1, {'battery-level': '62.05'}, battery_charge, None, None
270.05, [INFO], r1, {'y': 15.921, 'x': -31.472, 'yaw': 3.141}, pose, None, None
270.05, [INFO], r1, {'battery-level': '61.55'}, battery_charge, None, None
280.07, [INFO], r1, {'y': 15.666, 'x': -33.574, 'yaw': -3.139}, pose, None, None
280.07, [INFO], r1, {'battery-level': '61.05'}, battery_charge, None, None
290.01, [INFO], r1, {'y': 16.005, 'x': -35.509, 'yaw': 3.142}, pose, None, None
290.01, [INFO], r1, {'battery-level': '60.55'}, battery_charge, None, None
300.03, [INFO], r1, {'y': 17.943, 'x': -36.147, 'yaw': 3.141}, pose, None, None
300.03, [INFO], r1, {'battery-level': '60.05'}, battery_charge, None, None
310.06, [INFO], r1, {'battery-level': '59.55'}, battery_charge, None, None
310.06, [INFO], r1, {'y': 20.074, 'x': -36.21, 'yaw': 3.142}, pose, None, None
320.01, [INFO], r1, {'y': 22.171, 'x': -36.295, 'yaw': 3.14}, pose, None, None
320.01, [INFO], r1, {'battery-level': '59.05'}, battery_charge, None, None
330.05, [INFO], r1, {'battery-level': '58.55'}, battery_charge, None, None
330.05, [INFO], r1, {'y': 24.278, 'x': -36.31, 'yaw': -3.141}, pose, None, None
340.04, [INFO], r1, {'y': 26.377, 'x': -36.313, 'yaw': -3.141}, pose, None, None
340.04, [INFO], r1, {'battery-level': '58.05'}, battery_charge, None, None
350.09, [INFO], r1, {'y': 28.51, 'x': -36.391, 'yaw': -3.141}, pose, None, None
350.09, [INFO], r1, {'battery-level': '57.55'}, battery_charge, None, None
360.03, [INFO], r1, {'battery-level': '57.05'}, battery_charge, None, None
360.03, [INFO], r1, {'y': 30.618, 'x': -36.42, 'yaw': 3.141}, pose, None, None
370.09, [INFO], r1, {'y': 32.739, 'x': -36.64, 'yaw': -3.142}, pose, None, None
370.09, [INFO], r1, {'battery-level': '56.55'}, battery_charge, None, None
380.01, [INFO], r1, {'y': 34.826, 'x': -36.92, 'yaw': 3.141}, pose, None, None
380.01, [INFO], r1, {'battery-level': '56.05'}, battery_charge, None, None
390.08, [INFO], r1, {'battery-level': '55.55'}, battery_charge, None, None
390.08, [INFO], r1, {'y': 36.161, 'x': -36.95, 'yaw': -3.141}, pose, None, None
392.10, [INFO], r1, skill-success, None, navto, None
392.10, [INFO], r1, started skill, None, approach-arm, None
392.10, [INFO], r1, sent message, None, None, None
392.10, [INFO], r1, skill-success, None, approach-arm, None
392.10, [INFO], r1, started skill, None, open-drawer, None
392.19, [INFO], r1, sent message, None, None, None
392.19, [INFO], r1, skill-success, None, open-drawer, None
392.19, [INFO], r1, started skill, None, pick-up-sample, None
392.19, [INFO], r1, sent message, None, None, None
392.19, [INFO], r1, skill-success, None, pick-up-sample, None
392.19, [INFO], r1, started skill, None, close-drawer, None
392.19, [INFO], r1, sent message, None, None, None
392.19, [INFO], r1, skill-success, None, close-drawer, None
392.19, [WARN], r1, SUCCESS, None, None, None
