0.19, [DEBUG], logger, ROBOTS_CONFIG={'capabilities': ['approach_person', 'approach_robot', 'authenticate_person', 'navigation', 'operate_drawer'], 'battery_charge': 0.75, 'nurse_pose': [-11.5, 18.0, -1.57], 'robot_pose': [-38.0, 10.0, 0.0]}, None, None, None
0.19, [DEBUG], logger, Simulation open, None, None, None
10.01, [INFO], r1, {'y': 10.0, 'x': -38.0, 'yaw': 3.142}, pose, None, None
10.01, [INFO], r1, {'battery-level': '74.55'}, battery_charge, None, None
10.60, [INFO], r1, started skill, None, navto, None
20.08, [INFO], r1, {'y': 11.456, 'x': -37.145, 'yaw': 3.142}, pose, None, None
20.08, [INFO], r1, {'battery-level': '74.05'}, battery_charge, None, None
30.07, [INFO], r1, {'y': 13.558, 'x': -37.104, 'yaw': 3.142}, pose, None, None
30.07, [INFO], r1, {'battery-level': '73.55'}, battery_charge, None, None
40.04, [INFO], r1, {'y': 15.616, 'x': -36.938, 'yaw': -3.141}, pose, None, None
40.04, [INFO], r1, {'battery-level': '73.05'}, battery_charge, None, None
50.05, [INFO], r1, {'battery-level': '72.55'}, battery_charge, None, None
50.05, [INFO], r1, {'y': 15.472, 'x': -34.898, 'yaw': -3.142}, pose, None, None
60.05, [INFO], r1, {'y': 15.546, 'x': -32.79, 'yaw': 3.141}, pose, None, None
60.05, [INFO], r1, {'battery-level': '72.05'}, battery_charge, None, None
70.05, [INFO], r1, {'y': 15.589, 'x': -30.671, 'yaw': -3.141}, pose, None, None
70.05, [INFO], r1, {'battery-level': '71.55'}, battery_charge, None, None
80.07, [INFO], r1, {'y': 15.7, 'x': -28.56, 'yaw': 3.141}, pose, None, None
80.07, [INFO], r1, {'battery-level': '71.05'}, battery_charge, None, None
90.08, [INFO], r1, {'y': 15.943, 'x': -26.441, 'yaw': 3.14}, pose, None, None
90.08, [INFO], r1, {'battery-level': '70.55'}, battery_charge, None, None
100.08, [INFO], r1, {'y': 16.063, 'x': -24.342, 'yaw': -3.141}, pose, None, None
100.08, [INFO], r1, {'battery-level': '70.05'}, battery_charge, None, None
110.06, [INFO], r1, {'y': 16.088, 'x': -22.227, 'yaw': -3.142}, pose, None, None
110.06, [INFO], r1, {'battery-level': '69.55'}, battery_charge, None, None
120.07, [INFO], r1, {'y': 16.18, 'x': -20.121, 'yaw': -3.142}, pose, None, None
120.07, [INFO], r1, {'battery-level': '69.05'}, battery_charge, None, None
130.05, [INFO], r1, {'y': 16.161, 'x': -18.022, 'yaw': 3.142}, pose, None, None
130.05, [INFO], r1, {'battery-level': '68.55'}, battery_charge, None, None
140.03, [INFO], r1, {'y': 15.999, 'x': -15.914, 'yaw': 3.141}, pose, None, None
140.03, [INFO], r1, {'battery-level': '68.05'}, battery_charge, None, None
150.03, [INFO], r1, {'y': 16.055, 'x': -13.804, 'yaw': -3.142}, pose, None, None
150.03, [INFO], r1, {'battery-level': '67.55'}, battery_charge, None, None
160.00, [INFO], r1, {'y': 17.049, 'x': -11.993, 'yaw': -3.141}, pose, None, None
160.00, [INFO], r1, {'battery-level': '67.05'}, battery_charge, None, None
170.07, [INFO], r1, {'y': 17.997, 'x': -11.527, 'yaw': 3.141}, pose, None, None
170.07, [INFO], r1, {'battery-level': '66.55'}, battery_charge, None, None
175.43, [INFO], r1, skill-success, None, navto, None
175.43, [INFO], r1, started skill, None, approach-nurse, None
175.43, [INFO], r1, sent message, None, None, None
175.43, [INFO], r1, skill-success, None, approach-nurse, None
175.43, [INFO], r1, started skill, None, authenticate-nurse, None
175.43, [INFO], r1, sent message, None, None, None
175.43, [INFO], r1, skill-success, None, authenticate-nurse, None
175.43, [INFO], r1, started skill, None, open-drawer, None
175.43, [INFO], r1, sent message, None, None, None
175.43, [INFO], r1, skill-success, None, open-drawer, None
175.43, [INFO], r1, started skill, None, deposit, None
175.43, [INFO], r1, sent message, None, None, None
175.43, [INFO], r1, skill-success, None, deposit, None
175.43, [INFO], r1, started skill, None, close-drawer, None
175.43, [INFO], r1, sent message, None, None, None
175.43, [INFO], r1, skill-success, None, close-drawer, None
175.43, [INFO], r1, started skill, None, navto, None
180.08, [INFO], r1, {'y': 17.131, 'x': -11.895, 'yaw': 3.141}, pose, None, None
180.08, [INFO], r1, {'battery-level': '66.05'}, battery_charge, None, None
190.08, [INFO], r1, {'y': 16.254, 'x': -13.657, 'yaw': 3.142}, pose, None, None
190.08, [INFO], r1, {'battery-level': '65.55'}, battery_charge, None, None
200.09, [INFO], r1, {'y': 16.148, 'x': -15.771, 'yaw': 3.141}, pose, None, None
200.09, [INFO], r1, {'battery-level': '65.05'}, battery_charge, None, None
210.07, [INFO], r1, {'y': 16.096, 'x': -17.879, 'yaw': 3.141}, pose, None, None
210.07, [INFO], r1, {'battery-level': '64.55'}, battery_charge, None, None
220.08, [INFO], r1, {'y': 16.235, 'x': -19.993, 'yaw': 3.141}, pose, None, None
220.08, [INFO], r1, {'battery-level': '64.05'}, battery_charge, None, None
230.06, [INFO], r1, {'y': 16.268, 'x': -22.108, 'yaw': 3.142}, pose, None, None
230.06, [INFO], r1, {'battery-level': '63.55'}, battery_charge, None, None
240.04, [INFO], r1, {'y': 16.152, 'x': -24.209, 'yaw': 3.141}, pose, None, None
240.04, [INFO], r1, {'battery-level': '63.05'}, battery_charge, None, None
250.03, [INFO], r1, {'y': 16.068, 'x': -26.321, 'yaw': 3.142}, pose, None, None
250.03, [INFO], r1, {'battery-level': '62.55'}, battery_charge, None, None
260.01, [INFO], r1, {'y': 16.061, 'x': -28.428, 'yaw': 3.142}, pose, None, None
260.01, [INFO], r1, {'battery-level': '62.05'}, battery_charge, None, None
270.00, [INFO], r1, {'y': 16.034, 'x': -30.538, 'yaw': 3.142}, pose, None, None
270.00, [INFO], r1, {'battery-level': '61.55'}, battery_charge, None, None
280.01, [INFO], r1, {'battery-level': '61.05'}, battery_charge, None, None
280.01, [INFO], r1, {'y': 15.87, 'x': -32.644, 'yaw': 3.142}, pose, None, None
290.01, [INFO], r1, {'y': 15.46, 'x': -34.737, 'yaw': 3.141}, pose, None, None
290.01, [INFO], r1, {'battery-level': '60.55'}, battery_charge, None, None
300.01, [INFO], r1, {'battery-level': '60.05'}, battery_charge, None, None
300.01, [INFO], r1, {'y': 17.017, 'x': -36.069, 'yaw': 3.142}, pose, None, None
310.03, [INFO], r1, {'battery-level': '59.55'}, battery_charge, None, None
310.03, [INFO], r1, {'y': 19.125, 'x': -36.148, 'yaw': 3.141}, pose, None, None
320.03, [INFO], r1, {'y': 21.222, 'x': -36.208, 'yaw': 3.141}, pose, None, None
320.03, [INFO], r1, {'battery-level': '59.05'}, battery_charge, None, None
330.03, [INFO], r1, {'y': 23.337, 'x': -36.34, 'yaw': -3.142}, pose, None, None
330.03, [INFO], r1, {'battery-level': '58.55'}, battery_charge, None, None
340.01, [INFO], r1, {'y': 25.442, 'x': -36.328, 'yaw': 3.141}, pose, None, None
340.01, [INFO], r1, {'battery-level': '58.05'}, battery_charge, None, None
350.10, [INFO], r1, {'y': 27.585, 'x': -36.393, 'yaw': 3.141}, pose, None, None
350.10, [INFO], r1, {'battery-level': '57.55'}, battery_charge, None, None
360.02, [INFO], r1, {'battery-level': '57.05'}, battery_charge, None, None
360.02, [INFO], r1, {'y': 29.678, 'x': -36.468, 'yaw': -3.142}, pose, None, None
370.07, [INFO], r1, {'y': 31.803, 'x': -36.589, 'yaw': 3.141}, pose, None, None
370.07, [INFO], r1, {'battery-level': '56.55'}, battery_charge, None, None
380.08, [INFO], r1, {'y': 33.911, 'x': -36.9, 'yaw': -3.142}, pose, None, None
380.08, [INFO], r1, {'battery-level': '56.05'}, battery_charge, None, None
390.08, [INFO], r1, {'battery-level': '55.55'}, battery_charge, None, None
390.08, [INFO], r1, {'y': 35.917, 'x': -36.97, 'yaw': 3.141}, pose, None, None
399.00, [INFO], r1, skill-success, None, navto, None
399.00, [INFO], r1, started skill, None, approach-arm, None
399.00, [INFO], r1, sent message, None, None, None
399.00, [INFO], r1, skill-success, None, approach-arm, None
399.00, [INFO], r1, started skill, None, open-drawer, None
399.00, [INFO], r1, sent message, None, None, None
399.00, [INFO], r1, skill-success, None, open-drawer, None
399.00, [INFO], r1, started skill, None, pick-up-sample, None
399.00, [INFO], r1, sent message, None, None, None
399.00, [INFO], r1, skill-success, None, pick-up-sample, None
399.00, [INFO], r1, started skill, None, close-drawer, None
399.00, [INFO], r1, sent message, None, None, None
399.00, [INFO], r1, skill-success, None, close-drawer, None
399.00, [WARN], r1, SUCCESS, None, None, None
400.08, [INFO], r1, {'y': 36.041, 'x': -37.006, 'yaw': 3.142}, pose, None, None
400.08, [INFO], r1, {'battery-level': '55.05'}, battery_charge, None, None
410.05, [INFO], r1, {'y': 36.041, 'x': -37.006, 'yaw': -3.142}, pose, None, None
410.05, [INFO], r1, {'battery-level': '54.55'}, battery_charge, None, None
