9.45, [INFO], r1, started skill, None, navto, None
10.05, [INFO], r1, {'y': 21.499, 'x': -37.924, 'yaw': 3.139}, pose, None, None
10.05, [INFO], r1, {'battery-level': '74.55'}, battery_charge, None, None
20.08, [INFO], r1, {'y': 19.801, 'x': -37.155, 'yaw': -3.142}, pose, None, None
20.08, [INFO], r1, {'battery-level': '74.05'}, battery_charge, None, None
30.01, [INFO], r1, {'y': 17.708, 'x': -37.087, 'yaw': 3.141}, pose, None, None
30.01, [INFO], r1, {'battery-level': '73.55'}, battery_charge, None, None
40.04, [INFO], r1, {'y': 15.921, 'x': -36.432, 'yaw': 3.141}, pose, None, None
40.04, [INFO], r1, {'battery-level': '73.05'}, battery_charge, None, None
50.08, [INFO], r1, {'y': 15.418, 'x': -34.346, 'yaw': -3.141}, pose, None, None
50.08, [INFO], r1, {'battery-level': '72.55'}, battery_charge, None, None
60.01, [INFO], r1, {'y': 15.579, 'x': -32.24, 'yaw': 3.142}, pose, None, None
60.01, [INFO], r1, {'battery-level': '72.05'}, battery_charge, None, None
70.05, [INFO], r1, {'y': 15.642, 'x': -30.122, 'yaw': 3.137}, pose, None, None
70.05, [INFO], r1, {'battery-level': '71.55'}, battery_charge, None, None
80.08, [INFO], r1, {'y': 15.842, 'x': -28.018, 'yaw': 3.142}, pose, None, None
80.08, [INFO], r1, {'battery-level': '71.05'}, battery_charge, None, None
90.02, [INFO], r1, {'y': 14.343, 'x': -27.244, 'yaw': 3.139}, pose, None, None
90.02, [INFO], r1, {'battery-level': '70.55'}, battery_charge, None, None
100.06, [INFO], r1, {'battery-level': '70.05'}, battery_charge, None, None
100.06, [INFO], r1, {'y': 12.97, 'x': -27.339, 'yaw': 3.141}, pose, None, None
103.97, [INFO], r1, skill-success, None, navto, None
103.97, [INFO], r1, started skill, None, approach-nurse, None
103.97, [INFO], r1, sent message, None, None, None
103.97, [INFO], r1, skill-success, None, approach-nurse, None
103.97, [INFO], r1, started skill, None, authenticate-nurse, None
103.97, [INFO], r1, sent message, None, None, None
103.97, [INFO], r1, skill-success, None, authenticate-nurse, None
103.97, [INFO], r1, started skill, None, open-drawer, None
103.97, [INFO], r1, sent message, None, None, None
103.97, [INFO], r1, skill-success, None, open-drawer, None
103.97, [INFO], r1, started skill, None, deposit, None
103.97, [INFO], r1, sent message, None, None, None
103.97, [INFO], r1, skill-success, None, deposit, None
103.97, [INFO], r1, started skill, None, close-drawer, None
103.97, [INFO], r1, sent message, None, None, None
103.97, [INFO], r1, skill-success, None, close-drawer, None
103.97, [INFO], r1, started skill, None, navto, None
110.09, [INFO], r1, {'battery-level': '69.55'}, battery_charge, None, None
110.09, [INFO], r1, {'y': 14.206, 'x': -27.41, 'yaw': 3.142}, pose, None, None
120.03, [INFO], r1, {'y': 15.678, 'x': -27.967, 'yaw': -3.14}, pose, None, None
120.03, [INFO], r1, {'battery-level': '69.05'}, battery_charge, None, None
130.07, [INFO], r1, {'y': 15.692, 'x': -30.087, 'yaw': -3.141}, pose, None, None
130.07, [INFO], r1, {'battery-level': '68.55'}, battery_charge, None, None
140.00, [INFO], r1, {'y': 15.59, 'x': -32.186, 'yaw': -3.142}, pose, None, None
140.00, [INFO], r1, {'battery-level': '68.05'}, battery_charge, None, None
150.04, [INFO], r1, {'y': 15.412, 'x': -34.316, 'yaw': 3.142}, pose, None, None
150.04, [INFO], r1, {'battery-level': '67.55'}, battery_charge, None, None
160.07, [INFO], r1, {'battery-level': '67.05'}, battery_charge, None, None
160.07, [INFO], r1, {'y': 16.52, 'x': -35.988, 'yaw': 3.142}, pose, None, None
170.10, [INFO], r1, {'y': 18.617, 'x': -36.117, 'yaw': -3.142}, pose, None, None
170.10, [INFO], r1, {'battery-level': '66.55'}, battery_charge, None, None
180.04, [INFO], r1, {'y': 20.709, 'x': -36.252, 'yaw': -3.142}, pose, None, None
180.04, [INFO], r1, {'battery-level': '66.05'}, battery_charge, None, None
190.07, [INFO], r1, {'battery-level': '65.55'}, battery_charge, None, None
190.07, [INFO], r1, {'y': 22.829, 'x': -36.342, 'yaw': 3.14}, pose, None, None
200.10, [INFO], r1, {'battery-level': '65.05'}, battery_charge, None, None
200.10, [INFO], r1, {'y': 24.935, 'x': -36.316, 'yaw': 3.141}, pose, None, None
210.03, [INFO], r1, {'y': 27.036, 'x': -36.335, 'yaw': 3.14}, pose, None, None
210.03, [INFO], r1, {'battery-level': '64.55'}, battery_charge, None, None
220.06, [INFO], r1, {'y': 29.16, 'x': -36.367, 'yaw': 3.142}, pose, None, None
220.06, [INFO], r1, {'battery-level': '64.05'}, battery_charge, None, None
230.10, [INFO], r1, {'y': 31.286, 'x': -36.504, 'yaw': 3.142}, pose, None, None
230.10, [INFO], r1, {'battery-level': '63.55'}, battery_charge, None, None
240.03, [INFO], r1, {'y': 33.383, 'x': -36.771, 'yaw': -3.142}, pose, None, None
240.03, [INFO], r1, {'battery-level': '63.05'}, battery_charge, None, None
250.07, [INFO], r1, {'battery-level': '62.55'}, battery_charge, None, None
250.07, [INFO], r1, {'y': 35.517, 'x': -36.87, 'yaw': -3.141}, pose, None, None
260.00, [INFO], r1, {'y': 36.075, 'x': -36.956, 'yaw': 3.14}, pose, None, None
260.00, [INFO], r1, {'battery-level': '62.05'}, battery_charge, None, None
260.10, [INFO], r1, skill-success, None, navto, None
260.10, [INFO], r1, started skill, None, approach-arm, None
260.10, [INFO], r1, sent message, None, None, None
260.10, [INFO], r1, started skill, None, open-drawer, None
260.10, [INFO], r1, sent message, None, None, None
260.10, [INFO], r1, skill-success, None, open-drawer, None
260.10, [INFO], r1, started skill, None, pick-up-sample, None
260.10, [INFO], r1, sent message, None, None, None
260.10, [INFO], r1, skill-success, None, pick-up-sample, None
260.10, [INFO], r1, started skill, None, close-drawer, None
260.10, [INFO], r1, sent message, None, None, None
260.10, [INFO], r1, skill-success, None, close-drawer, None
260.10, [WARN], r1, SUCCESS, None, None, None
