9.52, [INFO], r1, started skill, None, navto, None
10.01, [INFO], r1, {'battery-level': '74.55'}, battery_charge, None, None
10.01, [INFO], r1, {'y': 21.5, 'x': -37.939, 'yaw': 3.139}, pose, None, None
20.04, [INFO], r1, {'battery-level': '74.05'}, battery_charge, None, None
20.04, [INFO], r1, {'y': 19.809, 'x': -37.189, 'yaw': -3.142}, pose, None, None
30.07, [INFO], r1, {'y': 17.685, 'x': -37.139, 'yaw': 3.14}, pose, None, None
30.07, [INFO], r1, {'battery-level': '73.55'}, battery_charge, None, None
40.00, [INFO], r1, {'battery-level': '73.05'}, battery_charge, None, None
40.00, [INFO], r1, {'y': 15.926, 'x': -36.413, 'yaw': 3.141}, pose, None, None
50.04, [INFO], r1, {'y': 15.357, 'x': -34.344, 'yaw': -3.141}, pose, None, None
50.04, [INFO], r1, {'battery-level': '72.55'}, battery_charge, None, None
60.07, [INFO], r1, {'y': 15.516, 'x': -32.208, 'yaw': -3.142}, pose, None, None
60.07, [INFO], r1, {'battery-level': '72.05'}, battery_charge, None, None
70.00, [INFO], r1, {'y': 15.653, 'x': -30.119, 'yaw': 3.137}, pose, None, None
70.00, [INFO], r1, {'battery-level': '71.55'}, battery_charge, None, None
80.03, [INFO], r1, {'y': 15.795, 'x': -28.003, 'yaw': 3.141}, pose, None, None
80.03, [INFO], r1, {'battery-level': '71.05'}, battery_charge, None, None
90.06, [INFO], r1, {'battery-level': '70.55'}, battery_charge, None, None
90.06, [INFO], r1, {'y': 15.871, 'x': -25.886, 'yaw': -3.139}, pose, None, None
100.00, [INFO], r1, {'y': 15.787, 'x': -23.783, 'yaw': -3.142}, pose, None, None
100.00, [INFO], r1, {'battery-level': '70.05'}, battery_charge, None, None
110.04, [INFO], r1, {'y': 15.777, 'x': -21.669, 'yaw': 3.141}, pose, None, None
110.04, [INFO], r1, {'battery-level': '69.55'}, battery_charge, None, None
120.08, [INFO], r1, {'y': 15.405, 'x': -19.57, 'yaw': 3.141}, pose, None, None
120.08, [INFO], r1, {'battery-level': '69.05'}, battery_charge, None, None
130.01, [INFO], r1, {'battery-level': '68.55'}, battery_charge, None, None
130.01, [INFO], r1, {'y': 14.193, 'x': -18.03, 'yaw': 3.14}, pose, None, None
140.05, [INFO], r1, {'battery-level': '68.05'}, battery_charge, None, None
140.05, [INFO], r1, {'y': 12.88, 'x': -18.138, 'yaw': 3.141}, pose, None, None
144.67, [INFO], r1, skill-success, None, navto, None
144.67, [INFO], r1, started skill, None, approach-nurse, None
144.67, [INFO], r1, sent message, None, None, None
144.67, [INFO], r1, skill-success, None, approach-nurse, None
144.67, [INFO], r1, started skill, None, authenticate-nurse, None
144.67, [INFO], r1, sent message, None, None, None
144.67, [INFO], r1, skill-success, None, authenticate-nurse, None
144.67, [INFO], r1, started skill, None, open-drawer, None
144.67, [INFO], r1, sent message, None, None, None
144.67, [INFO], r1, skill-success, None, open-drawer, None
144.67, [INFO], r1, started skill, None, deposit, None
144.67, [INFO], r1, sent message, None, None, None
144.67, [INFO], r1, skill-success, None, deposit, None
144.67, [INFO], r1, started skill, None, close-drawer, None
144.67, [INFO], r1, sent message, None, None, None
144.67, [INFO], r1, skill-success, None, close-drawer, None
144.67, [INFO], r1, started skill, None, navto, None
150.09, [INFO], r1, {'y': 13.982, 'x': -18.169, 'yaw': -3.141}, pose, None, None
150.09, [INFO], r1, {'battery-level': '67.55'}, battery_charge, None, None
160.02, [INFO], r1, {'y': 15.337, 'x': -19.565, 'yaw': 3.142}, pose, None, None
160.02, [INFO], r1, {'battery-level': '67.05'}, battery_charge, None, None
170.05, [INFO], r1, {'battery-level': '66.55'}, battery_charge, None, None
170.05, [INFO], r1, {'y': 15.697, 'x': -21.672, 'yaw': -3.141}, pose, None, None
180.08, [INFO], r1, {'y': 15.75, 'x': -23.793, 'yaw': -3.142}, pose, None, None
180.08, [INFO], r1, {'battery-level': '66.05'}, battery_charge, None, None
190.01, [INFO], r1, {'battery-level': '65.55'}, battery_charge, None, None
190.01, [INFO], r1, {'y': 15.813, 'x': -25.894, 'yaw': 3.138}, pose, None, None
200.04, [INFO], r1, {'y': 15.881, 'x': -28.016, 'yaw': -3.139}, pose, None, None
200.04, [INFO], r1, {'battery-level': '65.05'}, battery_charge, None, None
210.08, [INFO], r1, {'battery-level': '64.55'}, battery_charge, None, None
210.08, [INFO], r1, {'y': 15.939, 'x': -30.128, 'yaw': 3.142}, pose, None, None
220.02, [INFO], r1, {'battery-level': '64.05'}, battery_charge, None, None
220.02, [INFO], r1, {'y': 15.775, 'x': -32.228, 'yaw': 3.142}, pose, None, None
230.04, [INFO], r1, {'y': 15.435, 'x': -34.339, 'yaw': 3.142}, pose, None, None
230.04, [INFO], r1, {'battery-level': '63.55'}, battery_charge, None, None
240.07, [INFO], r1, {'y': 16.572, 'x': -35.998, 'yaw': 3.142}, pose, None, None
240.07, [INFO], r1, {'battery-level': '63.05'}, battery_charge, None, None
250.01, [INFO], r1, {'y': 18.649, 'x': -36.159, 'yaw': 3.141}, pose, None, None
250.01, [INFO], r1, {'battery-level': '62.55'}, battery_charge, None, None
260.04, [INFO], r1, {'y': 20.766, 'x': -36.204, 'yaw': 3.142}, pose, None, None
260.04, [INFO], r1, {'battery-level': '62.05'}, battery_charge, None, None
270.07, [INFO], r1, {'y': 22.894, 'x': -36.278, 'yaw': 3.141}, pose, None, None
270.07, [INFO], r1, {'battery-level': '61.55'}, battery_charge, None, None
280.00, [INFO], r1, {'y': 24.979, 'x': -36.251, 'yaw': 3.14}, pose, None, None
280.00, [INFO], r1, {'battery-level': '61.05'}, battery_charge, None, None
290.04, [INFO], r1, {'y': 27.094, 'x': -36.259, 'yaw': 3.14}, pose, None, None
290.04, [INFO], r1, {'battery-level': '60.55'}, battery_charge, None, None
300.09, [INFO], r1, {'y': 29.208, 'x': -36.332, 'yaw': 3.141}, pose, None, None
300.09, [INFO], r1, {'battery-level': '60.05'}, battery_charge, None, None
310.01, [INFO], r1, {'y': 31.315, 'x': -36.479, 'yaw': -3.142}, pose, None, None
310.01, [INFO], r1, {'battery-level': '59.55'}, battery_charge, None, None
320.05, [INFO], r1, {'y': 33.421, 'x': -36.768, 'yaw': -3.142}, pose, None, None
320.05, [INFO], r1, {'battery-level': '59.05'}, battery_charge, None, None
330.08, [INFO], r1, {'y': 35.532, 'x': -36.926, 'yaw': -3.142}, pose, None, None
330.08, [INFO], r1, {'battery-level': '58.55'}, battery_charge, None, None
339.21, [INFO], r1, skill-success, None, navto, None
339.21, [INFO], r1, started skill, None, approach-arm, None
339.21, [INFO], r1, sent message, None, None, None
339.21, [INFO], r1, started skill, None, open-drawer, None
339.21, [INFO], r1, sent message, None, None, None
339.21, [INFO], r1, skill-success, None, open-drawer, None
339.21, [INFO], r1, started skill, None, pick-up-sample, None
339.21, [INFO], r1, sent message, None, None, None
339.21, [INFO], r1, skill-success, None, pick-up-sample, None
339.21, [INFO], r1, started skill, None, close-drawer, None
339.21, [INFO], r1, sent message, None, None, None
339.21, [INFO], r1, skill-success, None, close-drawer, None
339.21, [WARN], r1, SUCCESS, None, None, None
340.02, [INFO], r1, {'y': 36.014, 'x': -37.015, 'yaw': 3.141}, pose, None, None
340.02, [INFO], r1, {'battery-level': '58.05'}, battery_charge, None, None
350.06, [INFO], r1, {'y': 36.014, 'x': -37.015, 'yaw': -3.142}, pose, None, None
350.06, [INFO], r1, {'battery-level': '57.55'}, battery_charge, None, None
