9.15, [INFO], r1, started skill, None, navto, None
10.02, [INFO], r1, {'y': 21.498, 'x': -37.887, 'yaw': -3.139}, pose, None, None
10.02, [INFO], r1, {'battery-level': '24.55'}, battery_charge, None, None
20.10, [INFO], r1, {'battery-level': '24.05'}, battery_charge, None, None
20.10, [INFO], r1, {'y': 19.743, 'x': -37.152, 'yaw': -3.142}, pose, None, None
30.08, [INFO], r1, {'y': 17.634, 'x': -37.142, 'yaw': 3.14}, pose, None, None
30.08, [INFO], r1, {'battery-level': '23.55'}, battery_charge, None, None
40.05, [INFO], r1, {'y': 15.957, 'x': -36.392, 'yaw': -3.142}, pose, None, None
40.05, [INFO], r1, {'battery-level': '23.05'}, battery_charge, None, None
50.03, [INFO], r1, {'y': 15.335, 'x': -34.347, 'yaw': -3.142}, pose, None, None
50.03, [INFO], r1, {'battery-level': '22.55'}, battery_charge, None, None
60.02, [INFO], r1, {'battery-level': '22.05'}, battery_charge, None, None
60.02, [INFO], r1, {'y': 15.446, 'x': -32.223, 'yaw': 3.142}, pose, None, None
70.01, [INFO], r1, {'y': 15.573, 'x': -30.111, 'yaw': 3.142}, pose, None, None
70.01, [INFO], r1, {'battery-level': '21.55'}, battery_charge, None, None
80.09, [INFO], r1, {'battery-level': '21.05'}, battery_charge, None, None
80.09, [INFO], r1, {'y': 15.781, 'x': -27.983, 'yaw': -3.141}, pose, None, None
90.07, [INFO], r1, {'y': 15.89, 'x': -25.893, 'yaw': -3.138}, pose, None, None
90.07, [INFO], r1, {'battery-level': '20.55'}, battery_charge, None, None
100.03, [INFO], r1, {'battery-level': '20.05'}, battery_charge, None, None
100.03, [INFO], r1, {'y': 15.856, 'x': -23.801, 'yaw': 3.14}, pose, None, None
110.00, [INFO], r1, {'y': 15.794, 'x': -21.702, 'yaw': 3.141}, pose, None, None
110.00, [INFO], r1, {'battery-level': '19.55'}, battery_charge, None, None
120.04, [INFO], r1, {'battery-level': '19.05'}, battery_charge, None, None
120.04, [INFO], r1, {'y': 15.442, 'x': -19.608, 'yaw': 3.141}, pose, None, None
130.09, [INFO], r1, {'y': 14.321, 'x': -17.918, 'yaw': -3.142}, pose, None, None
130.09, [INFO], r1, {'battery-level': '18.55'}, battery_charge, None, None
140.04, [INFO], r1, {'battery-level': '18.05'}, battery_charge, None, None
140.04, [INFO], r1, {'y': 12.916, 'x': -18.117, 'yaw': -3.142}, pose, None, None
146.26, [INFO], r1, skill-success, None, navto, None
146.26, [INFO], r1, started skill, None, approach-nurse, None
146.26, [INFO], r1, sent message, None, None, None
146.26, [INFO], r1, skill-success, None, approach-nurse, None
146.26, [INFO], r1, started skill, None, authenticate-nurse, None
146.26, [INFO], r1, started skill, None, open-drawer, None
146.26, [INFO], r1, sent message, None, None, None
146.26, [INFO], r1, skill-success, None, open-drawer, None
146.26, [INFO], r1, started skill, None, deposit, None
146.26, [INFO], r1, sent message, None, None, None
146.26, [INFO], r1, skill-success, None, deposit, None
146.26, [INFO], r1, started skill, None, close-drawer, None
146.26, [INFO], r1, sent message, None, None, None
146.26, [INFO], r1, skill-success, None, close-drawer, None
146.26, [INFO], r1, started skill, None, navto, None
150.08, [INFO], r1, {'y': 13.642, 'x': -18.18, 'yaw': 3.142}, pose, None, None
150.08, [INFO], r1, {'battery-level': '17.55'}, battery_charge, None, None
160.02, [INFO], r1, {'y': 15.13, 'x': -19.285, 'yaw': -3.138}, pose, None, None
160.02, [INFO], r1, {'battery-level': '17.05'}, battery_charge, None, None
170.07, [INFO], r1, {'battery-level': '16.55'}, battery_charge, None, None
170.07, [INFO], r1, {'y': 15.603, 'x': -21.374, 'yaw': -3.141}, pose, None, None
180.03, [INFO], r1, {'y': 15.664, 'x': -23.464, 'yaw': 3.14}, pose, None, None
180.03, [INFO], r1, {'battery-level': '16.05'}, battery_charge, None, None
190.08, [INFO], r1, {'y': 15.706, 'x': -25.578, 'yaw': 3.141}, pose, None, None
190.08, [INFO], r1, {'battery-level': '15.55'}, battery_charge, None, None
200.08, [INFO], r1, {'y': 15.847, 'x': -27.691, 'yaw': 3.142}, pose, None, None
200.08, [INFO], r1, {'battery-level': '15.05'}, battery_charge, None, None
210.04, [INFO], r1, {'battery-level': '14.55'}, battery_charge, None, None
210.04, [INFO], r1, {'y': 15.851, 'x': -29.791, 'yaw': -3.142}, pose, None, None
220.00, [INFO], r1, {'y': 15.699, 'x': -31.892, 'yaw': 3.14}, pose, None, None
220.00, [INFO], r1, {'battery-level': '14.05'}, battery_charge, None, None
230.07, [INFO], r1, {'battery-level': '13.55'}, battery_charge, None, None
230.07, [INFO], r1, {'y': 15.466, 'x': -34.017, 'yaw': 3.14}, pose, None, None
240.04, [INFO], r1, {'battery-level': '13.05'}, battery_charge, None, None
240.04, [INFO], r1, {'y': 16.307, 'x': -35.807, 'yaw': -3.138}, pose, None, None
250.08, [INFO], r1, {'y': 18.378, 'x': -36.137, 'yaw': 3.141}, pose, None, None
250.08, [INFO], r1, {'battery-level': '12.55'}, battery_charge, None, None
260.00, [INFO], r1, {'y': 20.472, 'x': -36.217, 'yaw': 3.141}, pose, None, None
260.00, [INFO], r1, {'battery-level': '12.05'}, battery_charge, None, None
270.07, [INFO], r1, {'y': 22.585, 'x': -36.306, 'yaw': 3.141}, pose, None, None
270.07, [INFO], r1, {'battery-level': '11.55'}, battery_charge, None, None
280.02, [INFO], r1, {'y': 24.67, 'x': -36.303, 'yaw': 3.14}, pose, None, None
280.02, [INFO], r1, {'battery-level': '11.05'}, battery_charge, None, None
290.08, [INFO], r1, {'y': 26.784, 'x': -36.305, 'yaw': 3.14}, pose, None, None
290.08, [INFO], r1, {'battery-level': '10.55'}, battery_charge, None, None
300.07, [INFO], r1, {'y': 28.909, 'x': -36.316, 'yaw': 3.142}, pose, None, None
300.07, [INFO], r1, {'battery-level': '10.05'}, battery_charge, None, None
310.05, [INFO], r1, {'y': 31.02, 'x': -36.435, 'yaw': 3.142}, pose, None, None
310.05, [INFO], r1, {'battery-level': '9.55'}, battery_charge, None, None
320.03, [INFO], r1, {'y': 33.124, 'x': -36.716, 'yaw': 3.141}, pose, None, None
320.03, [INFO], r1, {'battery-level': '9.05'}, battery_charge, None, None
330.02, [INFO], r1, {'y': 35.22, 'x': -36.951, 'yaw': 3.142}, pose, None, None
330.02, [INFO], r1, {'battery-level': '8.55'}, battery_charge, None, None
340.04, [INFO], r1, {'y': 36.093, 'x': -37.001, 'yaw': -3.141}, pose, None, None
340.04, [INFO], r1, {'battery-level': '8.05'}, battery_charge, None, None
342.74, [INFO], r1, skill-success, None, navto, None
342.74, [INFO], r1, started skill, None, approach-arm, None
342.74, [INFO], r1, sent message, None, None, None
342.74, [INFO], r1, skill-success, None, approach-arm, None
342.74, [INFO], r1, started skill, None, open-drawer, None
342.74, [WARN], r1, SKILL-FAILURE, None, open-drawer, None
