9.49, [INFO], r1, started skill, None, navto, None
10.07, [INFO], r1, {'y': 21.5, 'x': -37.955, 'yaw': 3.141}, pose, None, None
10.07, [INFO], r1, {'battery-level': '24.55'}, battery_charge, None, None
20.08, [INFO], r1, {'battery-level': '24.05'}, battery_charge, None, None
20.08, [INFO], r1, {'y': 19.809, 'x': -37.184, 'yaw': -3.142}, pose, None, None
30.01, [INFO], r1, {'y': 17.715, 'x': -37.094, 'yaw': 3.141}, pose, None, None
30.01, [INFO], r1, {'battery-level': '23.55'}, battery_charge, None, None
40.05, [INFO], r1, {'y': 15.989, 'x': -36.442, 'yaw': 3.141}, pose, None, None
40.05, [INFO], r1, {'battery-level': '23.05'}, battery_charge, None, None
50.05, [INFO], r1, {'y': 15.403, 'x': -34.378, 'yaw': -3.141}, pose, None, None
50.05, [INFO], r1, {'battery-level': '22.55'}, battery_charge, None, None
60.06, [INFO], r1, {'battery-level': '22.05'}, battery_charge, None, None
60.06, [INFO], r1, {'y': 15.555, 'x': -32.262, 'yaw': -3.141}, pose, None, None
70.08, [INFO], r1, {'battery-level': '21.55'}, battery_charge, None, None
70.08, [INFO], r1, {'y': 15.582, 'x': -30.141, 'yaw': 3.141}, pose, None, None
80.07, [INFO], r1, {'battery-level': '21.05'}, battery_charge, None, None
80.07, [INFO], r1, {'y': 15.775, 'x': -28.031, 'yaw': 3.142}, pose, None, None
90.08, [INFO], r1, {'battery-level': '20.55'}, battery_charge, None, None
90.08, [INFO], r1, {'y': 15.751, 'x': -25.912, 'yaw': 3.141}, pose, None, None
100.00, [INFO], r1, {'y': 15.744, 'x': -23.817, 'yaw': 3.14}, pose, None, None
100.00, [INFO], r1, {'battery-level': '20.05'}, battery_charge, None, None
110.02, [INFO], r1, {'y': 15.713, 'x': -21.691, 'yaw': -3.142}, pose, None, None
110.02, [INFO], r1, {'battery-level': '19.55'}, battery_charge, None, None
120.01, [INFO], r1, {'y': 15.431, 'x': -19.598, 'yaw': 3.141}, pose, None, None
120.01, [INFO], r1, {'battery-level': '19.05'}, battery_charge, None, None
130.01, [INFO], r1, {'battery-level': '18.55'}, battery_charge, None, None
130.01, [INFO], r1, {'y': 14.212, 'x': -18.061, 'yaw': 3.14}, pose, None, None
140.00, [INFO], r1, {'y': 12.874, 'x': -18.15, 'yaw': 3.141}, pose, None, None
140.00, [INFO], r1, {'battery-level': '18.05'}, battery_charge, None, None
144.60, [INFO], r1, skill-success, None, navto, None
144.60, [INFO], r1, started skill, None, approach-nurse, None
144.60, [INFO], r1, sent message, None, None, None
144.60, [INFO], r1, skill-success, None, approach-nurse, None
144.60, [INFO], r1, started skill, None, authenticate-nurse, None
144.60, [INFO], r1, sent message, None, None, None
144.60, [INFO], r1, started skill, None, open-drawer, None
144.60, [INFO], r1, sent message, None, None, None
144.60, [INFO], r1, skill-success, None, open-drawer, None
144.60, [INFO], r1, started skill, None, deposit, None
144.60, [INFO], r1, sent message, None, None, None
144.60, [INFO], r1, skill-success, None, deposit, None
144.60, [INFO], r1, started skill, None, close-drawer, None
144.60, [INFO], r1, sent message, None, None, None
144.60, [INFO], r1, skill-success, None, close-drawer, None
144.60, [INFO], r1, started skill, None, navto, None
150.09, [INFO], r1, {'battery-level': '17.55'}, battery_charge, None, None
150.09, [INFO], r1, {'y': 13.973, 'x': -18.176, 'yaw': -3.141}, pose, None, None
160.10, [INFO], r1, {'y': 15.275, 'x': -19.611, 'yaw': 3.141}, pose, None, None
160.10, [INFO], r1, {'battery-level': '17.05'}, battery_charge, None, None
170.05, [INFO], r1, {'y': 15.694, 'x': -21.672, 'yaw': -3.141}, pose, None, None
170.05, [INFO], r1, {'battery-level': '16.55'}, battery_charge, None, None
180.06, [INFO], r1, {'y': 15.704, 'x': -23.784, 'yaw': -3.142}, pose, None, None
180.06, [INFO], r1, {'battery-level': '16.05'}, battery_charge, None, None
190.08, [INFO], r1, {'y': 15.775, 'x': -25.906, 'yaw': 3.138}, pose, None, None
190.08, [INFO], r1, {'battery-level': '15.55'}, battery_charge, None, None
200.08, [INFO], r1, {'y': 15.847, 'x': -28.014, 'yaw': -3.14}, pose, None, None
200.08, [INFO], r1, {'battery-level': '15.05'}, battery_charge, None, None
210.05, [INFO], r1, {'y': 15.827, 'x': -30.124, 'yaw': 3.141}, pose, None, None
210.05, [INFO], r1, {'battery-level': '14.55'}, battery_charge, None, None
220.07, [INFO], r1, {'y': 15.709, 'x': -32.243, 'yaw': 3.141}, pose, None, None
220.07, [INFO], r1, {'battery-level': '14.05'}, battery_charge, None, None
230.05, [INFO], r1, {'y': 15.481, 'x': -34.355, 'yaw': -3.142}, pose, None, None
230.05, [INFO], r1, {'battery-level': '13.55'}, battery_charge, None, None
240.03, [INFO], r1, {'y': 16.662, 'x': -35.965, 'yaw': -3.142}, pose, None, None
240.03, [INFO], r1, {'battery-level': '13.05'}, battery_charge, None, None
250.09, [INFO], r1, {'battery-level': '12.55'}, battery_charge, None, None
250.09, [INFO], r1, {'y': 18.793, 'x': -36.123, 'yaw': -3.141}, pose, None, None
260.06, [INFO], r1, {'y': 20.884, 'x': -36.211, 'yaw': -3.142}, pose, None, None
260.06, [INFO], r1, {'battery-level': '12.05'}, battery_charge, None, None
270.04, [INFO], r1, {'battery-level': '11.55'}, battery_charge, None, None
270.04, [INFO], r1, {'y': 23.013, 'x': -36.277, 'yaw': -3.142}, pose, None, None
280.04, [INFO], r1, {'y': 25.141, 'x': -36.252, 'yaw': 3.14}, pose, None, None
280.04, [INFO], r1, {'battery-level': '11.05'}, battery_charge, None, None
290.04, [INFO], r1, {'y': 27.264, 'x': -36.297, 'yaw': 3.141}, pose, None, None
290.04, [INFO], r1, {'battery-level': '10.55'}, battery_charge, None, None
300.04, [INFO], r1, {'y': 29.393, 'x': -36.333, 'yaw': 3.136}, pose, None, None
300.04, [INFO], r1, {'battery-level': '10.05'}, battery_charge, None, None
310.05, [INFO], r1, {'battery-level': '9.55'}, battery_charge, None, None
310.05, [INFO], r1, {'y': 31.508, 'x': -36.502, 'yaw': 3.141}, pose, None, None
320.07, [INFO], r1, {'battery-level': '9.05'}, battery_charge, None, None
320.07, [INFO], r1, {'y': 33.61, 'x': -36.838, 'yaw': -3.141}, pose, None, None
330.01, [INFO], r1, {'y': 35.708, 'x': -36.902, 'yaw': 3.14}, pose, None, None
330.01, [INFO], r1, {'battery-level': '8.55'}, battery_charge, None, None
338.71, [INFO], r1, skill-success, None, navto, None
338.71, [INFO], r1, started skill, None, approach-arm, None
338.81, [INFO], r1, sent message, None, None, None
338.81, [INFO], r1, skill-success, None, approach-arm, None
338.81, [INFO], r1, started skill, None, open-drawer, None
338.81, [INFO], r1, sent message, None, None, None
338.81, [INFO], r1, skill-success, None, open-drawer, None
338.81, [INFO], r1, started skill, None, pick-up-sample, None
338.81, [INFO], r1, sent message, None, None, None
338.81, [INFO], r1, skill-success, None, pick-up-sample, None
338.81, [INFO], r1, started skill, None, close-drawer, None
338.81, [INFO], r1, sent message, None, None, None
338.81, [INFO], r1, skill-success, None, close-drawer, None
338.81, [WARN], r1, SUCCESS, None, None, None
340.07, [INFO], r1, {'y': 36.08, 'x': -36.943, 'yaw': -3.142}, pose, None, None
340.07, [INFO], r1, {'battery-level': '8.05'}, battery_charge, None, None
350.07, [INFO], r1, {'y': 36.08, 'x': -36.943, 'yaw': -3.142}, pose, None, None
350.07, [INFO], r1, {'battery-level': '7.55'}, battery_charge, None, None
