9.42, [INFO], r1, started skill, None, navto, None
10.02, [INFO], r1, {'y': 21.5, 'x': -37.947, 'yaw': 3.14}, pose, None, None
10.02, [INFO], r1, {'battery-level': '24.55'}, battery_charge, None, None
20.02, [INFO], r1, {'y': 19.822, 'x': -37.198, 'yaw': 3.142}, pose, None, None
20.02, [INFO], r1, {'battery-level': '24.05'}, battery_charge, None, None
30.00, [INFO], r1, {'y': 17.716, 'x': -37.091, 'yaw': 3.141}, pose, None, None
30.00, [INFO], r1, {'battery-level': '23.55'}, battery_charge, None, None
40.01, [INFO], r1, {'y': 15.944, 'x': -36.483, 'yaw': 3.141}, pose, None, None
40.01, [INFO], r1, {'battery-level': '23.05'}, battery_charge, None, None
50.01, [INFO], r1, {'y': 15.372, 'x': -34.419, 'yaw': 3.142}, pose, None, None
50.01, [INFO], r1, {'battery-level': '22.55'}, battery_charge, None, None
60.00, [INFO], r1, {'battery-level': '22.05'}, battery_charge, None, None
60.00, [INFO], r1, {'y': 15.476, 'x': -32.299, 'yaw': 3.142}, pose, None, None
70.08, [INFO], r1, {'y': 15.543, 'x': -30.164, 'yaw': 3.141}, pose, None, None
70.08, [INFO], r1, {'battery-level': '21.55'}, battery_charge, None, None
80.07, [INFO], r1, {'y': 15.794, 'x': -28.064, 'yaw': 3.142}, pose, None, None
80.07, [INFO], r1, {'battery-level': '21.05'}, battery_charge, None, None
90.07, [INFO], r1, {'battery-level': '20.55'}, battery_charge, None, None
90.07, [INFO], r1, {'y': 15.818, 'x': -25.948, 'yaw': 3.141}, pose, None, None
100.06, [INFO], r1, {'y': 15.803, 'x': -23.851, 'yaw': 3.141}, pose, None, None
100.06, [INFO], r1, {'battery-level': '20.05'}, battery_charge, None, None
110.04, [INFO], r1, {'y': 15.783, 'x': -21.744, 'yaw': 3.141}, pose, None, None
110.04, [INFO], r1, {'battery-level': '19.55'}, battery_charge, None, None
120.03, [INFO], r1, {'y': 15.425, 'x': -19.649, 'yaw': 3.141}, pose, None, None
120.03, [INFO], r1, {'battery-level': '19.05'}, battery_charge, None, None
130.02, [INFO], r1, {'battery-level': '18.55'}, battery_charge, None, None
130.02, [INFO], r1, {'y': 14.246, 'x': -18.033, 'yaw': -3.138}, pose, None, None
140.08, [INFO], r1, {'battery-level': '18.05'}, battery_charge, None, None
140.08, [INFO], r1, {'y': 12.911, 'x': -18.153, 'yaw': 3.141}, pose, None, None
144.78, [INFO], r1, skill-success, None, navto, None
144.78, [INFO], r1, started skill, None, approach-nurse, None
144.78, [INFO], r1, sent message, None, None, None
144.78, [INFO], r1, skill-success, None, approach-nurse, None
144.78, [INFO], r1, started skill, None, authenticate-nurse, None
144.78, [INFO], r1, sent message, None, None, None
144.78, [INFO], r1, skill-success, None, authenticate-nurse, None
144.88, [INFO], r1, started skill, None, open-drawer, None
144.88, [INFO], r1, sent message, None, None, None
144.88, [INFO], r1, skill-success, None, open-drawer, None
144.88, [INFO], r1, started skill, None, deposit, None
144.88, [INFO], r1, sent message, None, None, None
144.88, [INFO], r1, skill-success, None, deposit, None
144.88, [INFO], r1, started skill, None, close-drawer, None
144.88, [WARN], r1, SKILL-FAILURE, None, close-drawer, None
150.10, [INFO], r1, {'y': 12.914, 'x': -18.15, 'yaw': 3.142}, pose, None, None
150.10, [INFO], r1, {'battery-level': '17.55'}, battery_charge, None, None
