0.19, [DEBUG], logger, ROBOTS_CONFIG={'capabilities': ['approach_person', 'approach_robot', 'authenticate_person', 'navigation', 'operate_drawer'], 'battery_charge': 0.75, 'nurse_pose': [-27.23, 18.0, -1.57], 'robot_pose': [-38.0, 21.5, 0.0]}, None, None, None
0.19, [DEBUG], logger, Simulation open, None, None, None
10.08, [INFO], r1, {'y': 21.5, 'x': -38.0, 'yaw': -3.142}, pose, None, None
10.08, [INFO], r1, {'battery-level': '74.55'}, battery_charge, None, None
10.97, [INFO], r1, started skill, None, navto, None
20.08, [INFO], r1, {'y': 20.14, 'x': -37.168, 'yaw': 3.141}, pose, None, None
20.08, [INFO], r1, {'battery-level': '74.05'}, battery_charge, None, None
30.08, [INFO], r1, {'battery-level': '73.55'}, battery_charge, None, None
30.08, [INFO], r1, {'y': 18.009, 'x': -37.14, 'yaw': 3.141}, pose, None, None
40.09, [INFO], r1, {'y': 16.05, 'x': -36.68, 'yaw': 3.14}, pose, None, None
40.09, [INFO], r1, {'battery-level': '73.05'}, battery_charge, None, None
50.08, [INFO], r1, {'y': 15.437, 'x': -34.635, 'yaw': 3.141}, pose, None, None
50.08, [INFO], r1, {'battery-level': '72.55'}, battery_charge, None, None
60.07, [INFO], r1, {'y': 15.523, 'x': -32.509, 'yaw': -3.142}, pose, None, None
60.07, [INFO], r1, {'battery-level': '72.05'}, battery_charge, None, None
70.07, [INFO], r1, {'battery-level': '71.55'}, battery_charge, None, None
70.07, [INFO], r1, {'y': 15.639, 'x': -30.393, 'yaw': -3.14}, pose, None, None
80.07, [INFO], r1, {'y': 15.758, 'x': -28.276, 'yaw': 3.142}, pose, None, None
80.07, [INFO], r1, {'battery-level': '71.05'}, battery_charge, None, None
90.08, [INFO], r1, {'y': 17.135, 'x': -27.034, 'yaw': 3.141}, pose, None, None
90.08, [INFO], r1, {'battery-level': '70.55'}, battery_charge, None, None
100.06, [INFO], r1, {'y': 17.969, 'x': -27.202, 'yaw': 3.141}, pose, None, None
100.06, [INFO], r1, {'battery-level': '70.05'}, battery_charge, None, None
108.68, [INFO], r1, skill-success, None, navto, None
108.68, [INFO], r1, started skill, None, approach-nurse, None
108.68, [INFO], r1, sent message, None, None, None
108.68, [INFO], r1, skill-success, None, approach-nurse, None
108.68, [INFO], r1, started skill, None, authenticate-nurse, None
108.68, [INFO], r1, sent message, None, None, None
108.68, [INFO], r1, skill-success, None, authenticate-nurse, None
108.68, [INFO], r1, started skill, None, open-drawer, None
108.68, [WARN], r1, SKILL-FAILURE, None, open-drawer, None
110.04, [INFO], r1, {'battery-level': '69.55'}, battery_charge, None, None
110.04, [INFO], r1, {'y': 17.969, 'x': -27.223, 'yaw': 3.141}, pose, None, None
