0.19, [DEBUG], logger, ROBOTS_CONFIG={'capabilities': ['approach_person', 'approach_robot', 'authenticate_person', 'navigation', 'operate_drawer'], 'battery_charge': 0.75, 'nurse_pose': [-21.0, 18.0, -1.57], 'robot_pose': [-38.0, 21.5, 0.0]}, None, None, None
0.19, [DEBUG], logger, Simulation open, None, None, None
10.07, [INFO], r1, {'y': 21.5, 'x': -38.0, 'yaw': -3.142}, pose, None, None
10.07, [INFO], r1, {'battery-level': '74.55'}, battery_charge, None, None
10.85, [INFO], r1, started skill, None, navto, None
20.07, [INFO], r1, {'battery-level': '74.05'}, battery_charge, None, None
20.07, [INFO], r1, {'y': 20.094, 'x': -37.169, 'yaw': -3.138}, pose, None, None
30.06, [INFO], r1, {'y': 17.975, 'x': -37.109, 'yaw': 3.141}, pose, None, None
30.06, [INFO], r1, {'battery-level': '73.55'}, battery_charge, None, None
40.07, [INFO], r1, {'battery-level': '73.05'}, battery_charge, None, None
40.07, [INFO], r1, {'y': 15.965, 'x': -36.756, 'yaw': 3.142}, pose, None, None
50.06, [INFO], r1, {'y': 15.463, 'x': -34.678, 'yaw': 3.142}, pose, None, None
50.06, [INFO], r1, {'battery-level': '72.55'}, battery_charge, None, None
60.07, [INFO], r1, {'battery-level': '72.05'}, battery_charge, None, None
60.07, [INFO], r1, {'y': 15.463, 'x': -32.549, 'yaw': 3.141}, pose, None, None
70.06, [INFO], r1, {'y': 15.584, 'x': -30.423, 'yaw': 3.142}, pose, None, None
70.06, [INFO], r1, {'battery-level': '71.55'}, battery_charge, None, None
80.03, [INFO], r1, {'y': 15.756, 'x': -28.304, 'yaw': 3.142}, pose, None, None
80.03, [INFO], r1, {'battery-level': '71.05'}, battery_charge, None, None
90.01, [INFO], r1, {'y': 16.035, 'x': -26.202, 'yaw': 3.142}, pose, None, None
90.01, [INFO], r1, {'battery-level': '70.55'}, battery_charge, None, None
100.00, [INFO], r1, {'y': 16.001, 'x': -24.071, 'yaw': -3.141}, pose, None, None
100.00, [INFO], r1, {'battery-level': '70.05'}, battery_charge, None, None
110.09, [INFO], r1, {'y': 16.187, 'x': -21.932, 'yaw': 3.142}, pose, None, None
110.09, [INFO], r1, {'battery-level': '69.55'}, battery_charge, None, None
120.06, [INFO], r1, {'y': 17.598, 'x': -20.894, 'yaw': 3.142}, pose, None, None
120.06, [INFO], r1, {'battery-level': '69.05'}, battery_charge, None, None
130.02, [INFO], r1, {'y': 18.001, 'x': -21.033, 'yaw': 3.141}, pose, None, None
130.02, [INFO], r1, {'battery-level': '68.55'}, battery_charge, None, None
135.47, [INFO], r1, skill-success, None, navto, None
135.47, [INFO], r1, started skill, None, approach-nurse, None
135.47, [INFO], r1, sent message, None, None, None
135.47, [INFO], r1, skill-success, None, approach-nurse, None
135.47, [INFO], r1, started skill, None, authenticate-nurse, None
135.47, [INFO], r1, sent message, None, None, None
135.47, [INFO], r1, started skill, None, open-drawer, None
135.47, [INFO], r1, sent message, None, None, None
135.47, [INFO], r1, skill-success, None, open-drawer, None
135.47, [INFO], r1, started skill, None, deposit, None
135.47, [INFO], r1, sent message, None, None, None
135.47, [INFO], r1, skill-success, None, deposit, None
135.47, [INFO], r1, started skill, None, close-drawer, None
135.47, [INFO], r1, sent message, None, None, None
135.47, [INFO], r1, skill-success, None, close-drawer, None
135.47, [INFO], r1, started skill, None, navto, None
140.03, [INFO], r1, {'y': 17.108, 'x': -21.098, 'yaw': -3.139}, pose, None, None
140.03, [INFO], r1, {'battery-level': '68.05'}, battery_charge, None, None
150.02, [INFO], r1, {'y': 16.256, 'x': -22.743, 'yaw': -3.142}, pose, None, None
150.02, [INFO], r1, {'battery-level': '67.55'}, battery_charge, None, None
160.04, [INFO], r1, {'y': 16.149, 'x': -24.872, 'yaw': 3.141}, pose, None, None
160.04, [INFO], r1, {'battery-level': '67.05'}, battery_charge, None, None
170.02, [INFO], r1, {'battery-level': '66.55'}, battery_charge, None, None
170.02, [INFO], r1, {'y': 15.97, 'x': -26.994, 'yaw': -3.138}, pose, None, None
180.02, [INFO], r1, {'y': 16.141, 'x': -29.099, 'yaw': 3.142}, pose, None, None
180.02, [INFO], r1, {'battery-level': '66.05'}, battery_charge, None, None
190.02, [INFO], r1, {'y': 15.984, 'x': -31.216, 'yaw': -3.142}, pose, None, None
190.02, [INFO], r1, {'battery-level': '65.55'}, battery_charge, None, None
200.03, [INFO], r1, {'battery-level': '65.05'}, battery_charge, None, None
200.03, [INFO], r1, {'y': 15.719, 'x': -33.333, 'yaw': 3.14}, pose, None, None
210.03, [INFO], r1, {'y': 15.681, 'x': -35.346, 'yaw': -3.142}, pose, None, None
210.03, [INFO], r1, {'battery-level': '64.55'}, battery_charge, None, None
220.03, [INFO], r1, {'y': 17.629, 'x': -36.048, 'yaw': -3.14}, pose, None, None
220.03, [INFO], r1, {'battery-level': '64.05'}, battery_charge, None, None
230.02, [INFO], r1, {'y': 19.749, 'x': -36.205, 'yaw': 3.141}, pose, None, None
230.02, [INFO], r1, {'battery-level': '63.55'}, battery_charge, None, None
240.01, [INFO], r1, {'y': 21.866, 'x': -36.301, 'yaw': 3.142}, pose, None, None
240.01, [INFO], r1, {'battery-level': '63.05'}, battery_charge, None, None
250.02, [INFO], r1, {'y': 23.981, 'x': -36.29, 'yaw': -3.141}, pose, None, None
250.02, [INFO], r1, {'battery-level': '62.55'}, battery_charge, None, None
260.03, [INFO], r1, {'y': 26.111, 'x': -36.228, 'yaw': -3.142}, pose, None, None
260.03, [INFO], r1, {'battery-level': '62.05'}, battery_charge, None, None
270.04, [INFO], r1, {'y': 28.227, 'x': -36.322, 'yaw': -3.141}, pose, None, None
270.04, [INFO], r1, {'battery-level': '61.55'}, battery_charge, None, None
280.06, [INFO], r1, {'y': 30.36, 'x': -36.449, 'yaw': 3.141}, pose, None, None
280.06, [INFO], r1, {'battery-level': '61.05'}, battery_charge, None, None
290.07, [INFO], r1, {'y': 32.483, 'x': -36.631, 'yaw': 3.141}, pose, None, None
290.07, [INFO], r1, {'battery-level': '60.55'}, battery_charge, None, None
300.07, [INFO], r1, {'y': 34.6, 'x': -36.899, 'yaw': 3.141}, pose, None, None
300.07, [INFO], r1, {'battery-level': '60.05'}, battery_charge, None, None
310.07, [INFO], r1, {'y': 36.034, 'x': -36.948, 'yaw': 3.142}, pose, None, None
310.07, [INFO], r1, {'battery-level': '59.55'}, battery_charge, None, None
315.74, [INFO], r1, skill-success, None, navto, None
315.74, [INFO], r1, started skill, None, approach-arm, None
315.74, [INFO], r1, sent message, None, None, None
315.74, [INFO], r1, skill-success, None, approach-arm, None
315.74, [INFO], r1, started skill, None, open-drawer, None
315.74, [INFO], r1, sent message, None, None, None
315.74, [INFO], r1, skill-success, None, open-drawer, None
315.74, [INFO], r1, started skill, None, pick-up-sample, None
315.74, [INFO], r1, sent message, None, None, None
315.74, [INFO], r1, skill-success, None, pick-up-sample, None
315.74, [INFO], r1, started skill, None, close-drawer, None
315.74, [INFO], r1, sent message, None, None, None
315.74, [INFO], r1, skill-success, None, close-drawer, None
315.74, [WARN], r1, SUCCESS, None, None, None
320.05, [INFO], r1, {'y': 36.037, 'x': -36.952, 'yaw': -3.142}, pose, None, None
320.05, [INFO], r1, {'battery-level': '59.05'}, battery_charge, None, None
