9.37, [INFO], r1, started skill, None, navto, None
10.04, [INFO], r1, {'y': 21.499, 'x': -37.933, 'yaw': 3.139}, pose, None, None
10.04, [INFO], r1, {'battery-level': '74.55'}, battery_charge, None, None
20.06, [INFO], r1, {'y': 19.798, 'x': -37.184, 'yaw': 3.141}, pose, None, None
20.06, [INFO], r1, {'battery-level': '74.05'}, battery_charge, None, None
30.07, [INFO], r1, {'y': 17.661, 'x': -37.154, 'yaw': 3.14}, pose, None, None
30.07, [INFO], r1, {'battery-level': '73.55'}, battery_charge, None, None
40.07, [INFO], r1, {'y': 15.926, 'x': -36.391, 'yaw': 3.142}, pose, None, None
40.07, [INFO], r1, {'battery-level': '73.05'}, battery_charge, None, None
50.09, [INFO], r1, {'battery-level': '72.55'}, battery_charge, None, None
50.09, [INFO], r1, {'y': 15.337, 'x': -34.326, 'yaw': 3.142}, pose, None, None
60.01, [INFO], r1, {'y': 15.542, 'x': -32.228, 'yaw': -3.141}, pose, None, None
60.01, [INFO], r1, {'battery-level': '72.05'}, battery_charge, None, None
70.02, [INFO], r1, {'y': 15.595, 'x': -30.103, 'yaw': 3.142}, pose, None, None
70.02, [INFO], r1, {'battery-level': '71.55'}, battery_charge, None, None
80.06, [INFO], r1, {'y': 15.814, 'x': -27.978, 'yaw': -3.14}, pose, None, None
80.06, [INFO], r1, {'battery-level': '71.05'}, battery_charge, None, None
90.02, [INFO], r1, {'battery-level': '70.55'}, battery_charge, None, None
90.02, [INFO], r1, {'y': 16.13, 'x': -25.886, 'yaw': -3.141}, pose, None, None
100.02, [INFO], r1, {'battery-level': '70.05'}, battery_charge, None, None
100.02, [INFO], r1, {'y': 16.101, 'x': -23.766, 'yaw': -3.142}, pose, None, None
110.02, [INFO], r1, {'battery-level': '69.55'}, battery_charge, None, None
110.02, [INFO], r1, {'y': 16.064, 'x': -21.648, 'yaw': 3.141}, pose, None, None
120.04, [INFO], r1, {'y': 16.533, 'x': -19.575, 'yaw': 3.142}, pose, None, None
120.04, [INFO], r1, {'battery-level': '69.05'}, battery_charge, None, None
130.00, [INFO], r1, {'y': 17.911, 'x': -18.971, 'yaw': -3.142}, pose, None, None
130.00, [INFO], r1, {'battery-level': '68.55'}, battery_charge, None, None
140.02, [INFO], r1, {'y': 18.033, 'x': -18.977, 'yaw': -3.141}, pose, None, None
140.02, [INFO], r1, {'battery-level': '68.05'}, battery_charge, None, None
143.56, [INFO], r1, skill-success, None, navto, None
143.56, [INFO], r1, started skill, None, approach-nurse, None
143.56, [INFO], r1, started skill, None, open-drawer, None
143.56, [INFO], r1, sent message, None, None, None
143.56, [INFO], r1, skill-success, None, open-drawer, None
143.56, [INFO], r1, started skill, None, deposit, None
143.56, [INFO], r1, sent message, None, None, None
143.56, [INFO], r1, skill-success, None, deposit, None
143.56, [INFO], r1, started skill, None, close-drawer, None
143.56, [INFO], r1, sent message, None, None, None
143.56, [INFO], r1, skill-success, None, close-drawer, None
143.56, [INFO], r1, started skill, None, navto, None
150.00, [INFO], r1, {'y': 16.844, 'x': -19.497, 'yaw': -3.141}, pose, None, None
150.00, [INFO], r1, {'battery-level': '67.55'}, battery_charge, None, None
160.09, [INFO], r1, {'y': 16.3, 'x': -21.399, 'yaw': 3.142}, pose, None, None
160.09, [INFO], r1, {'battery-level': '67.05'}, battery_charge, None, None
170.03, [INFO], r1, {'y': 16.121, 'x': -23.486, 'yaw': 3.142}, pose, None, None
170.03, [INFO], r1, {'battery-level': '66.55'}, battery_charge, None, None
180.04, [INFO], r1, {'y': 16.089, 'x': -25.594, 'yaw': 3.141}, pose, None, None
180.04, [INFO], r1, {'battery-level': '66.05'}, battery_charge, None, None
190.07, [INFO], r1, {'y': 16.092, 'x': -27.707, 'yaw': -3.142}, pose, None, None
190.07, [INFO], r1, {'battery-level': '65.55'}, battery_charge, None, None
200.07, [INFO], r1, {'y': 16.134, 'x': -29.825, 'yaw': 3.141}, pose, None, None
200.07, [INFO], r1, {'battery-level': '65.05'}, battery_charge, None, None
210.08, [INFO], r1, {'y': 15.928, 'x': -31.938, 'yaw': 3.142}, pose, None, None
210.08, [INFO], r1, {'battery-level': '64.55'}, battery_charge, None, None
220.00, [INFO], r1, {'battery-level': '64.05'}, battery_charge, None, None
220.00, [INFO], r1, {'y': 15.526, 'x': -34.026, 'yaw': 3.141}, pose, None, None
230.01, [INFO], r1, {'battery-level': '63.55'}, battery_charge, None, None
230.01, [INFO], r1, {'y': 16.279, 'x': -35.851, 'yaw': -3.141}, pose, None, None
240.04, [INFO], r1, {'y': 18.338, 'x': -36.119, 'yaw': 3.141}, pose, None, None
240.04, [INFO], r1, {'battery-level': '63.05'}, battery_charge, None, None
250.01, [INFO], r1, {'y': 20.426, 'x': -36.214, 'yaw': -3.141}, pose, None, None
250.01, [INFO], r1, {'battery-level': '62.55'}, battery_charge, None, None
260.00, [INFO], r1, {'battery-level': '62.05'}, battery_charge, None, None
260.00, [INFO], r1, {'y': 22.548, 'x': -36.286, 'yaw': 3.141}, pose, None, None
270.02, [INFO], r1, {'battery-level': '61.55'}, battery_charge, None, None
270.02, [INFO], r1, {'y': 24.668, 'x': -36.254, 'yaw': 3.141}, pose, None, None
280.02, [INFO], r1, {'y': 26.79, 'x': -36.298, 'yaw': 3.141}, pose, None, None
280.02, [INFO], r1, {'battery-level': '61.05'}, battery_charge, None, None
290.08, [INFO], r1, {'y': 28.928, 'x': -36.347, 'yaw': 3.14}, pose, None, None
290.08, [INFO], r1, {'battery-level': '60.55'}, battery_charge, None, None
300.02, [INFO], r1, {'y': 31.016, 'x': -36.435, 'yaw': -3.142}, pose, None, None
300.02, [INFO], r1, {'battery-level': '60.05'}, battery_charge, None, None
310.00, [INFO], r1, {'y': 33.134, 'x': -36.717, 'yaw': -3.142}, pose, None, None
310.00, [INFO], r1, {'battery-level': '59.55'}, battery_charge, None, None
320.02, [INFO], r1, {'y': 35.235, 'x': -36.951, 'yaw': 3.142}, pose, None, None
320.02, [INFO], r1, {'battery-level': '59.05'}, battery_charge, None, None
330.07, [INFO], r1, {'battery-level': '58.55'}, battery_charge, None, None
330.07, [INFO], r1, {'y': 36.047, 'x': -36.965, 'yaw': -3.142}, pose, None, None
330.75, [INFO], r1, skill-success, None, navto, None
330.75, [INFO], r1, started skill, None, approach-arm, None
330.75, [INFO], r1, started skill, None, open-drawer, None
330.75, [INFO], r1, sent message, None, None, None
330.75, [INFO], r1, skill-success, None, open-drawer, None
330.75, [INFO], r1, started skill, None, pick-up-sample, None
330.75, [INFO], r1, sent message, None, None, None
330.75, [INFO], r1, skill-success, None, pick-up-sample, None
330.75, [INFO], r1, started skill, None, close-drawer, None
330.75, [INFO], r1, sent message, None, None, None
330.75, [INFO], r1, skill-success, None, close-drawer, None
330.75, [WARN], r1, SUCCESS, None, None, None
