9.66, [INFO], r1, started skill, None, navto, None
10.04, [INFO], r1, {'battery-level': '74.55'}, battery_charge, None, None
10.04, [INFO], r1, {'y': 21.5, 'x': -37.988, 'yaw': 3.141}, pose, None, None
20.03, [INFO], r1, {'battery-level': '74.05'}, battery_charge, None, None
20.03, [INFO], r1, {'y': 19.858, 'x': -37.158, 'yaw': 3.141}, pose, None, None
30.09, [INFO], r1, {'battery-level': '73.55'}, battery_charge, None, None
30.09, [INFO], r1, {'y': 17.735, 'x': -37.1, 'yaw': 3.141}, pose, None, None
40.02, [INFO], r1, {'y': 15.992, 'x': -36.435, 'yaw': 3.141}, pose, None, None
40.02, [INFO], r1, {'battery-level': '73.05'}, battery_charge, None, None
50.03, [INFO], r1, {'battery-level': '72.55'}, battery_charge, None, None
50.03, [INFO], r1, {'y': 15.383, 'x': -34.384, 'yaw': 3.142}, pose, None, None
60.05, [INFO], r1, {'y': 15.519, 'x': -32.249, 'yaw': 3.142}, pose, None, None
60.05, [INFO], r1, {'battery-level': '72.05'}, battery_charge, None, None
70.04, [INFO], r1, {'y': 15.609, 'x': -30.114, 'yaw': 3.141}, pose, None, None
70.04, [INFO], r1, {'battery-level': '71.55'}, battery_charge, None, None
80.06, [INFO], r1, {'battery-level': '71.05'}, battery_charge, None, None
80.06, [INFO], r1, {'y': 15.83, 'x': -27.991, 'yaw': -3.141}, pose, None, None
90.06, [INFO], r1, {'battery-level': '70.55'}, battery_charge, None, None
90.06, [INFO], r1, {'y': 15.96, 'x': -25.889, 'yaw': -3.142}, pose, None, None
100.06, [INFO], r1, {'y': 15.949, 'x': -23.786, 'yaw': 3.142}, pose, None, None
100.06, [INFO], r1, {'battery-level': '70.05'}, battery_charge, None, None
110.05, [INFO], r1, {'y': 16.052, 'x': -21.673, 'yaw': 3.142}, pose, None, None
110.05, [INFO], r1, {'battery-level': '69.55'}, battery_charge, None, None
120.05, [INFO], r1, {'battery-level': '69.05'}, battery_charge, None, None
120.05, [INFO], r1, {'y': 16.161, 'x': -19.557, 'yaw': -3.142}, pose, None, None
130.05, [INFO], r1, {'y': 16.205, 'x': -17.43, 'yaw': -3.142}, pose, None, None
130.05, [INFO], r1, {'battery-level': '68.55'}, battery_charge, None, None
140.07, [INFO], r1, {'y': 16.109, 'x': -15.308, 'yaw': 3.141}, pose, None, None
140.07, [INFO], r1, {'battery-level': '68.05'}, battery_charge, None, None
150.06, [INFO], r1, {'y': 16.868, 'x': -13.508, 'yaw': 3.142}, pose, None, None
150.06, [INFO], r1, {'battery-level': '67.55'}, battery_charge, None, None
160.03, [INFO], r1, {'y': 17.946, 'x': -13.62, 'yaw': -3.142}, pose, None, None
160.03, [INFO], r1, {'battery-level': '67.05'}, battery_charge, None, None
164.64, [INFO], r1, skill-success, None, navto, None
164.64, [INFO], r1, started skill, None, approach-nurse, None
164.64, [INFO], r1, sent message, None, None, None
164.64, [INFO], r1, skill-success, None, approach-nurse, None
164.64, [INFO], r1, started skill, None, open-drawer, None
164.64, [INFO], r1, sent message, None, None, None
164.64, [INFO], r1, skill-success, None, open-drawer, None
164.64, [INFO], r1, started skill, None, deposit, None
164.64, [INFO], r1, sent message, None, None, None
164.64, [INFO], r1, skill-success, None, deposit, None
164.64, [INFO], r1, started skill, None, close-drawer, None
164.64, [INFO], r1, sent message, None, None, None
164.64, [INFO], r1, skill-success, None, close-drawer, None
164.64, [INFO], r1, started skill, None, navto, None
170.00, [INFO], r1, {'battery-level': '66.55'}, battery_charge, None, None
170.00, [INFO], r1, {'y': 16.872, 'x': -13.68, 'yaw': -3.141}, pose, None, None
180.02, [INFO], r1, {'battery-level': '66.05'}, battery_charge, None, None
180.02, [INFO], r1, {'y': 16.185, 'x': -15.545, 'yaw': 3.141}, pose, None, None
190.00, [INFO], r1, {'battery-level': '65.55'}, battery_charge, None, None
190.00, [INFO], r1, {'y': 16.201, 'x': -17.642, 'yaw': 3.14}, pose, None, None
200.01, [INFO], r1, {'battery-level': '65.05'}, battery_charge, None, None
200.01, [INFO], r1, {'y': 16.295, 'x': -19.749, 'yaw': 3.141}, pose, None, None
210.09, [INFO], r1, {'y': 16.3, 'x': -21.871, 'yaw': -3.142}, pose, None, None
210.09, [INFO], r1, {'battery-level': '64.55'}, battery_charge, None, None
220.01, [INFO], r1, {'battery-level': '64.05'}, battery_charge, None, None
220.01, [INFO], r1, {'y': 16.12, 'x': -23.972, 'yaw': 3.14}, pose, None, None
230.01, [INFO], r1, {'y': 16.093, 'x': -26.09, 'yaw': 3.14}, pose, None, None
230.01, [INFO], r1, {'battery-level': '63.55'}, battery_charge, None, None
240.01, [INFO], r1, {'y': 16.044, 'x': -28.213, 'yaw': -3.142}, pose, None, None
240.01, [INFO], r1, {'battery-level': '63.05'}, battery_charge, None, None
250.03, [INFO], r1, {'y': 16.044, 'x': -30.334, 'yaw': -3.142}, pose, None, None
250.03, [INFO], r1, {'battery-level': '62.55'}, battery_charge, None, None
260.02, [INFO], r1, {'y': 15.872, 'x': -32.445, 'yaw': 3.141}, pose, None, None
260.02, [INFO], r1, {'battery-level': '62.05'}, battery_charge, None, None
270.01, [INFO], r1, {'y': 15.371, 'x': -34.531, 'yaw': -3.142}, pose, None, None
270.01, [INFO], r1, {'battery-level': '61.55'}, battery_charge, None, None
280.01, [INFO], r1, {'battery-level': '61.05'}, battery_charge, None, None
280.01, [INFO], r1, {'y': 16.724, 'x': -36.069, 'yaw': 3.142}, pose, None, None
290.01, [INFO], r1, {'y': 18.827, 'x': -36.154, 'yaw': -3.141}, pose, None, None
290.01, [INFO], r1, {'battery-level': '60.55'}, battery_charge, None, None
300.09, [INFO], r1, {'y': 20.965, 'x': -36.22, 'yaw': -3.142}, pose, None, None
300.09, [INFO], r1, {'battery-level': '60.05'}, battery_charge, None, None
310.04, [INFO], r1, {'y': 23.049, 'x': -36.313, 'yaw': 3.14}, pose, None, None
310.04, [INFO], r1, {'battery-level': '59.55'}, battery_charge, None, None
320.01, [INFO], r1, {'y': 25.144, 'x': -36.237, 'yaw': 3.142}, pose, None, None
320.01, [INFO], r1, {'battery-level': '59.05'}, battery_charge, None, None
330.02, [INFO], r1, {'battery-level': '58.55'}, battery_charge, None, None
330.02, [INFO], r1, {'y': 27.258, 'x': -36.303, 'yaw': 3.142}, pose, None, None
340.06, [INFO], r1, {'battery-level': '58.05'}, battery_charge, None, None
340.06, [INFO], r1, {'y': 29.384, 'x': -36.336, 'yaw': 3.136}, pose, None, None
350.09, [INFO], r1, {'y': 31.511, 'x': -36.521, 'yaw': 3.14}, pose, None, None
350.09, [INFO], r1, {'battery-level': '57.55'}, battery_charge, None, None
360.04, [INFO], r1, {'y': 33.607, 'x': -36.827, 'yaw': -3.141}, pose, None, None
360.04, [INFO], r1, {'battery-level': '57.05'}, battery_charge, None, None
370.09, [INFO], r1, {'y': 35.725, 'x': -36.848, 'yaw': 3.141}, pose, None, None
370.09, [INFO], r1, {'battery-level': '56.55'}, battery_charge, None, None
380.05, [INFO], r1, {'y': 36.121, 'x': -36.972, 'yaw': 3.14}, pose, None, None
380.05, [INFO], r1, {'battery-level': '56.05'}, battery_charge, None, None
386.13, [INFO], r1, skill-success, None, navto, None
386.13, [INFO], r1, started skill, None, approach-arm, None
386.13, [INFO], r1, skill-success, None, approach-arm, None
386.13, [INFO], r1, started skill, None, open-drawer, None
386.13, [INFO], r1, sent message, None, None, None
386.13, [INFO], r1, skill-success, None, open-drawer, None
386.13, [INFO], r1, started skill, None, pick-up-sample, None
386.13, [INFO], r1, sent message, None, None, None
386.13, [INFO], r1, skill-success, None, pick-up-sample, None
386.13, [INFO], r1, started skill, None, close-drawer, None
386.13, [INFO], r1, sent message, None, None, None
386.13, [INFO], r1, skill-success, None, close-drawer, None
386.13, [WARN], r1, SUCCESS, None, None, None
390.01, [INFO], r1, {'battery-level': '55.55'}, battery_charge, None, None
390.01, [INFO], r1, {'y': 36.112, 'x': -37.001, 'yaw': -3.142}, pose, None, None
