9.73, [INFO], r1, started skill, None, navto, None
10.03, [INFO], r1, {'y': 21.5, 'x': -37.999, 'yaw': 3.142}, pose, None, None
10.03, [INFO], r1, {'battery-level': '74.60'}, battery_charge, None, None
20.09, [INFO], r1, {'battery-level': '74.10'}, battery_charge, None, None
20.09, [INFO], r1, {'y': 19.872, 'x': -37.151, 'yaw': 3.141}, pose, None, None
30.03, [INFO], r1, {'battery-level': '73.60'}, battery_charge, None, None
30.03, [INFO], r1, {'y': 17.78, 'x': -37.139, 'yaw': -3.142}, pose, None, None
40.01, [INFO], r1, {'battery-level': '73.10'}, battery_charge, None, None
40.01, [INFO], r1, {'y': 15.929, 'x': -36.584, 'yaw': 3.141}, pose, None, None
50.08, [INFO], r1, {'y': 15.374, 'x': -34.499, 'yaw': -3.142}, pose, None, None
50.08, [INFO], r1, {'battery-level': '72.60'}, battery_charge, None, None
60.00, [INFO], r1, {'y': 15.462, 'x': -32.387, 'yaw': 3.142}, pose, None, None
60.00, [INFO], r1, {'battery-level': '72.10'}, battery_charge, None, None
70.09, [INFO], r1, {'y': 15.614, 'x': -30.259, 'yaw': 3.141}, pose, None, None
70.09, [INFO], r1, {'battery-level': '71.60'}, battery_charge, None, None
80.09, [INFO], r1, {'battery-level': '71.10'}, battery_charge, None, None
80.09, [INFO], r1, {'y': 15.776, 'x': -28.155, 'yaw': 3.142}, pose, None, None
90.07, [INFO], r1, {'y': 16.039, 'x': -26.034, 'yaw': -3.142}, pose, None, None
90.07, [INFO], r1, {'battery-level': '70.60'}, battery_charge, None, None
100.05, [INFO], r1, {'y': 15.998, 'x': -23.926, 'yaw': 3.14}, pose, None, None
100.05, [INFO], r1, {'battery-level': '70.10'}, battery_charge, None, None
110.03, [INFO], r1, {'y': 16.045, 'x': -21.816, 'yaw': 3.142}, pose, None, None
110.03, [INFO], r1, {'battery-level': '69.60'}, battery_charge, None, None
120.01, [INFO], r1, {'y': 16.154, 'x': -19.716, 'yaw': 3.139}, pose, None, None
120.01, [INFO], r1, {'battery-level': '69.10'}, battery_charge, None, None
130.01, [INFO], r1, {'battery-level': '68.60'}, battery_charge, None, None
130.01, [INFO], r1, {'y': 16.133, 'x': -17.599, 'yaw': -3.141}, pose, None, None
140.03, [INFO], r1, {'battery-level': '68.10'}, battery_charge, None, None
140.03, [INFO], r1, {'y': 16.086, 'x': -15.485, 'yaw': -3.141}, pose, None, None
150.06, [INFO], r1, {'y': 16.632, 'x': -13.534, 'yaw': 3.142}, pose, None, None
150.06, [INFO], r1, {'battery-level': '67.60'}, battery_charge, None, None
160.07, [INFO], r1, {'y': 17.931, 'x': -13.618, 'yaw': 3.141}, pose, None, None
160.07, [INFO], r1, {'battery-level': '67.10'}, battery_charge, None, None
168.10, [INFO], r1, skill-success, None, navto, None
168.10, [INFO], r1, started skill, None, approach-nurse, None
168.10, [INFO], r1, sent message, None, None, None
168.10, [INFO], r1, started skill, None, open-drawer, None
168.10, [INFO], r1, sent message, None, None, None
168.10, [INFO], r1, skill-success, None, open-drawer, None
168.10, [INFO], r1, started skill, None, deposit, None
168.10, [INFO], r1, sent message, None, None, None
168.10, [INFO], r1, skill-success, None, deposit, None
168.10, [INFO], r1, started skill, None, close-drawer, None
168.10, [INFO], r1, sent message, None, None, None
168.10, [INFO], r1, skill-success, None, close-drawer, None
168.10, [INFO], r1, started skill, None, navto, None
170.06, [INFO], r1, {'y': 17.658, 'x': -13.606, 'yaw': 3.141}, pose, None, None
170.06, [INFO], r1, {'battery-level': '66.60'}, battery_charge, None, None
180.03, [INFO], r1, {'y': 16.268, 'x': -14.736, 'yaw': -3.139}, pose, None, None
180.03, [INFO], r1, {'battery-level': '66.10'}, battery_charge, None, None
190.04, [INFO], r1, {'y': 16.098, 'x': -16.842, 'yaw': 3.141}, pose, None, None
190.04, [INFO], r1, {'battery-level': '65.60'}, battery_charge, None, None
200.04, [INFO], r1, {'y': 16.174, 'x': -18.952, 'yaw': 3.141}, pose, None, None
200.04, [INFO], r1, {'battery-level': '65.10'}, battery_charge, None, None
210.05, [INFO], r1, {'battery-level': '64.60'}, battery_charge, None, None
210.05, [INFO], r1, {'y': 16.285, 'x': -21.059, 'yaw': -3.141}, pose, None, None
220.06, [INFO], r1, {'battery-level': '64.10'}, battery_charge, None, None
220.06, [INFO], r1, {'y': 16.186, 'x': -23.165, 'yaw': 3.141}, pose, None, None
230.06, [INFO], r1, {'battery-level': '63.60'}, battery_charge, None, None
230.06, [INFO], r1, {'y': 16.095, 'x': -25.273, 'yaw': 3.14}, pose, None, None
240.07, [INFO], r1, {'y': 15.935, 'x': -27.391, 'yaw': 3.142}, pose, None, None
240.07, [INFO], r1, {'battery-level': '63.10'}, battery_charge, None, None
250.06, [INFO], r1, {'battery-level': '62.60'}, battery_charge, None, None
250.06, [INFO], r1, {'y': 16.002, 'x': -29.485, 'yaw': 3.142}, pose, None, None
260.05, [INFO], r1, {'y': 15.897, 'x': -31.6, 'yaw': 3.141}, pose, None, None
260.05, [INFO], r1, {'battery-level': '62.10'}, battery_charge, None, None
270.04, [INFO], r1, {'y': 15.601, 'x': -33.711, 'yaw': -3.141}, pose, None, None
270.04, [INFO], r1, {'battery-level': '61.60'}, battery_charge, None, None
280.03, [INFO], r1, {'battery-level': '61.10'}, battery_charge, None, None
280.03, [INFO], r1, {'y': 16.064, 'x': -35.623, 'yaw': 3.142}, pose, None, None
290.02, [INFO], r1, {'battery-level': '60.60'}, battery_charge, None, None
290.02, [INFO], r1, {'y': 18.057, 'x': -36.084, 'yaw': 3.141}, pose, None, None
300.04, [INFO], r1, {'y': 20.165, 'x': -36.216, 'yaw': 3.142}, pose, None, None
300.04, [INFO], r1, {'battery-level': '60.10'}, battery_charge, None, None
310.00, [INFO], r1, {'y': 22.263, 'x': -36.327, 'yaw': 3.141}, pose, None, None
310.00, [INFO], r1, {'battery-level': '59.60'}, battery_charge, None, None
320.09, [INFO], r1, {'battery-level': '59.10'}, battery_charge, None, None
320.09, [INFO], r1, {'y': 24.395, 'x': -36.254, 'yaw': 3.141}, pose, None, None
330.09, [INFO], r1, {'y': 26.499, 'x': -36.249, 'yaw': 3.141}, pose, None, None
330.09, [INFO], r1, {'battery-level': '58.60'}, battery_charge, None, None
340.00, [INFO], r1, {'y': 28.592, 'x': -36.3, 'yaw': 3.14}, pose, None, None
340.00, [INFO], r1, {'battery-level': '58.10'}, battery_charge, None, None
350.02, [INFO], r1, {'y': 30.709, 'x': -36.412, 'yaw': 3.141}, pose, None, None
350.02, [INFO], r1, {'battery-level': '57.60'}, battery_charge, None, None
360.04, [INFO], r1, {'y': 32.827, 'x': -36.673, 'yaw': 3.142}, pose, None, None
360.04, [INFO], r1, {'battery-level': '57.10'}, battery_charge, None, None
370.06, [INFO], r1, {'y': 34.939, 'x': -36.862, 'yaw': 3.141}, pose, None, None
370.06, [INFO], r1, {'battery-level': '56.60'}, battery_charge, None, None
380.00, [INFO], r1, {'y': 36.086, 'x': -36.951, 'yaw': 3.141}, pose, None, None
380.00, [INFO], r1, {'battery-level': '56.10'}, battery_charge, None, None
386.51, [INFO], r1, skill-success, None, navto, None
386.51, [INFO], r1, started skill, None, approach-arm, None
386.51, [INFO], r1, sent message, None, None, None
386.51, [INFO], r1, skill-success, None, approach-arm, None
386.51, [INFO], r1, started skill, None, open-drawer, None
386.51, [INFO], r1, sent message, None, None, None
386.51, [INFO], r1, skill-success, None, open-drawer, None
386.51, [INFO], r1, started skill, None, pick-up-sample, None
386.51, [INFO], r1, sent message, None, None, None
386.51, [INFO], r1, skill-success, None, pick-up-sample, None
386.51, [INFO], r1, started skill, None, close-drawer, None
386.51, [INFO], r1, sent message, None, None, None
386.51, [INFO], r1, skill-success, None, close-drawer, None
386.51, [WARN], r1, SUCCESS, None, None, None
