0.19, [DEBUG], logger, ROBOTS_CONFIG={'capabilities': ['approach_person', 'approach_robot', 'authenticate_person', 'navigation', 'operate_drawer'], 'battery_charge': 0.75, 'nurse_pose': [-11.5, 18.0, -1.57], 'robot_pose': [-38.0, 21.5, 0.0]}, None, None, None
0.19, [DEBUG], logger, Simulation open, None, None, None
7.21, [INFO], r1, started skill, None, navto, None
10.02, [INFO], r1, {'battery-level': '74.55'}, battery_charge, None, None
10.02, [INFO], r1, {'y': 21.369, 'x': -37.467, 'yaw': -3.142}, pose, None, None
20.05, [INFO], r1, {'y': 19.336, 'x': -37.159, 'yaw': 3.141}, pose, None, None
20.05, [INFO], r1, {'battery-level': '74.05'}, battery_charge, None, None
30.09, [INFO], r1, {'y': 17.215, 'x': -37.101, 'yaw': 3.14}, pose, None, None
30.09, [INFO], r1, {'battery-level': '73.55'}, battery_charge, None, None
40.02, [INFO], r1, {'y': 15.91, 'x': -35.941, 'yaw': 3.141}, pose, None, None
40.02, [INFO], r1, {'battery-level': '73.05'}, battery_charge, None, None
50.05, [INFO], r1, {'battery-level': '72.55'}, battery_charge, None, None
50.05, [INFO], r1, {'y': 15.408, 'x': -33.868, 'yaw': -3.141}, pose, None, None
60.09, [INFO], r1, {'y': 15.543, 'x': -31.74, 'yaw': -3.141}, pose, None, None
60.09, [INFO], r1, {'battery-level': '72.05'}, battery_charge, None, None
70.01, [INFO], r1, {'y': 15.658, 'x': -29.643, 'yaw': 3.142}, pose, None, None
70.01, [INFO], r1, {'battery-level': '71.55'}, battery_charge, None, None
80.05, [INFO], r1, {'battery-level': '71.05'}, battery_charge, None, None
80.05, [INFO], r1, {'y': 15.892, 'x': -27.532, 'yaw': -3.142}, pose, None, None
90.08, [INFO], r1, {'battery-level': '70.55'}, battery_charge, None, None
90.08, [INFO], r1, {'y': 16.09, 'x': -25.413, 'yaw': -3.142}, pose, None, None
100.02, [INFO], r1, {'battery-level': '70.05'}, battery_charge, None, None
100.02, [INFO], r1, {'y': 16.114, 'x': -23.306, 'yaw': -3.141}, pose, None, None
110.04, [INFO], r1, {'y': 16.182, 'x': -21.191, 'yaw': 3.141}, pose, None, None
110.04, [INFO], r1, {'battery-level': '69.55'}, battery_charge, None, None
120.07, [INFO], r1, {'battery-level': '69.05'}, battery_charge, None, None
120.07, [INFO], r1, {'y': 16.259, 'x': -19.064, 'yaw': 3.142}, pose, None, None
130.00, [INFO], r1, {'y': 16.153, 'x': -16.971, 'yaw': 3.141}, pose, None, None
130.00, [INFO], r1, {'battery-level': '68.55'}, battery_charge, None, None
140.03, [INFO], r1, {'battery-level': '68.05'}, battery_charge, None, None
140.03, [INFO], r1, {'y': 16.106, 'x': -14.858, 'yaw': 3.14}, pose, None, None
150.08, [INFO], r1, {'y': 16.28, 'x': -12.748, 'yaw': 3.141}, pose, None, None
150.08, [INFO], r1, {'battery-level': '67.55'}, battery_charge, None, None
160.00, [INFO], r1, {'y': 17.858, 'x': -11.628, 'yaw': 3.141}, pose, None, None
160.00, [INFO], r1, {'battery-level': '67.05'}, battery_charge, None, None
167.62, [INFO], r1, skill-success, None, navto, None
167.62, [INFO], r1, started skill, None, approach-nurse, None
167.62, [INFO], r1, skill-success, None, approach-nurse, None
167.62, [INFO], r1, started skill, None, open-drawer, None
167.62, [INFO], r1, sent message, None, None, None
167.62, [INFO], r1, skill-success, None, open-drawer, None
167.62, [INFO], r1, started skill, None, deposit, None
167.62, [INFO], r1, sent message, None, None, None
167.62, [INFO], r1, skill-success, None, deposit, None
167.62, [INFO], r1, started skill, None, close-drawer, None
167.62, [INFO], r1, sent message, None, None, None
167.62, [INFO], r1, skill-success, None, close-drawer, None
167.62, [INFO], r1, started skill, None, navto, None
170.03, [INFO], r1, {'battery-level': '66.55'}, battery_charge, None, None
170.03, [INFO], r1, {'y': 17.531, 'x': -11.635, 'yaw': 3.141}, pose, None, None
180.06, [INFO], r1, {'y': 16.366, 'x': -13.241, 'yaw': -3.138}, pose, None, None
180.06, [INFO], r1, {'battery-level': '66.05'}, battery_charge, None, None
190.09, [INFO], r1, {'y': 16.198, 'x': -15.358, 'yaw': -3.142}, pose, None, None
190.09, [INFO], r1, {'battery-level': '65.55'}, battery_charge, None, None
200.02, [INFO], r1, {'y': 16.122, 'x': -17.451, 'yaw': 3.14}, pose, None, None
200.02, [INFO], r1, {'battery-level': '65.05'}, battery_charge, None, None
210.05, [INFO], r1, {'y': 16.264, 'x': -19.559, 'yaw': 3.142}, pose, None, None
210.05, [INFO], r1, {'battery-level': '64.55'}, battery_charge, None, None
220.08, [INFO], r1, {'battery-level': '64.05'}, battery_charge, None, None
220.08, [INFO], r1, {'y': 16.333, 'x': -21.671, 'yaw': -3.142}, pose, None, None
230.01, [INFO], r1, {'y': 16.141, 'x': -23.765, 'yaw': 3.141}, pose, None, None
230.01, [INFO], r1, {'battery-level': '63.55'}, battery_charge, None, None
240.05, [INFO], r1, {'y': 16.114, 'x': -25.88, 'yaw': 3.141}, pose, None, None
240.05, [INFO], r1, {'battery-level': '63.05'}, battery_charge, None, None
250.08, [INFO], r1, {'y': 16.008, 'x': -27.992, 'yaw': -3.14}, pose, None, None
250.08, [INFO], r1, {'battery-level': '62.55'}, battery_charge, None, None
260.01, [INFO], r1, {'battery-level': '62.05'}, battery_charge, None, None
260.01, [INFO], r1, {'y': 16.075, 'x': -30.082, 'yaw': 3.137}, pose, None, None
270.04, [INFO], r1, {'y': 15.869, 'x': -32.203, 'yaw': -3.142}, pose, None, None
270.04, [INFO], r1, {'battery-level': '61.55'}, battery_charge, None, None
280.08, [INFO], r1, {'y': 15.42, 'x': -34.292, 'yaw': -3.142}, pose, None, None
280.08, [INFO], r1, {'battery-level': '61.05'}, battery_charge, None, None
290.01, [INFO], r1, {'y': 16.539, 'x': -35.934, 'yaw': -3.142}, pose, None, None
290.01, [INFO], r1, {'battery-level': '60.55'}, battery_charge, None, None
300.04, [INFO], r1, {'y': 18.643, 'x': -36.152, 'yaw': 3.141}, pose, None, None
300.04, [INFO], r1, {'battery-level': '60.05'}, battery_charge, None, None
310.08, [INFO], r1, {'battery-level': '59.55'}, battery_charge, None, None
310.08, [INFO], r1, {'y': 20.757, 'x': -36.268, 'yaw': 3.142}, pose, None, None
320.01, [INFO], r1, {'battery-level': '59.05'}, battery_charge, None, None
320.01, [INFO], r1, {'y': 22.85, 'x': -36.346, 'yaw': 3.141}, pose, None, None
330.05, [INFO], r1, {'y': 24.964, 'x': -36.263, 'yaw': 3.141}, pose, None, None
330.05, [INFO], r1, {'battery-level': '58.55'}, battery_charge, None, None
340.08, [INFO], r1, {'y': 27.086, 'x': -36.271, 'yaw': 3.141}, pose, None, None
340.08, [INFO], r1, {'battery-level': '58.05'}, battery_charge, None, None
350.02, [INFO], r1, {'y': 29.18, 'x': -36.311, 'yaw': 3.142}, pose, None, None
350.02, [INFO], r1, {'battery-level': '57.55'}, battery_charge, None, None
360.06, [INFO], r1, {'y': 31.305, 'x': -36.458, 'yaw': -3.142}, pose, None, None
360.06, [INFO], r1, {'battery-level': '57.05'}, battery_charge, None, None
370.10, [INFO], r1, {'y': 33.42, 'x': -36.742, 'yaw': -3.142}, pose, None, None
370.10, [INFO], r1, {'battery-level': '56.55'}, battery_charge, None, None
380.03, [INFO], r1, {'y': 35.507, 'x': -36.912, 'yaw': -3.14}, pose, None, None
380.03, [INFO], r1, {'battery-level': '56.05'}, battery_charge, None, None
390.06, [INFO], r1, {'y': 36.176, 'x': -36.998, 'yaw': -3.141}, pose, None, None
390.06, [INFO], r1, {'battery-level': '55.55'}, battery_charge, None, None
390.76, [INFO], r1, skill-success, None, navto, None
390.76, [INFO], r1, started skill, None, approach-arm, None
390.76, [INFO], r1, sent message, None, None, None
390.76, [INFO], r1, started skill, None, open-drawer, None
390.76, [INFO], r1, sent message, None, None, None
390.76, [INFO], r1, skill-success, None, open-drawer, None
390.76, [INFO], r1, started skill, None, pick-up-sample, None
390.76, [INFO], r1, sent message, None, None, None
390.76, [INFO], r1, skill-success, None, pick-up-sample, None
390.76, [INFO], r1, started skill, None, close-drawer, None
390.76, [INFO], r1, sent message, None, None, None
390.76, [INFO], r1, skill-success, None, close-drawer, None
390.76, [WARN], r1, SUCCESS, None, None, None
