9.86, [INFO], r1, started skill, None, navto, None
10.05, [INFO], r1, {'battery-level': '74.60'}, battery_charge, None, None
10.05, [INFO], r1, {'y': 25.37, 'x': -40.23, 'yaw': -3.142}, pose, None, None
20.08, [INFO], r1, {'battery-level': '74.10'}, battery_charge, None, None
20.08, [INFO], r1, {'y': 23.771, 'x': -38.884, 'yaw': 3.142}, pose, None, None
30.00, [INFO], r1, {'y': 22.41, 'x': -37.391, 'yaw': 3.136}, pose, None, None
30.00, [INFO], r1, {'battery-level': '73.60'}, battery_charge, None, None
40.09, [INFO], r1, {'battery-level': '73.10'}, battery_charge, None, None
40.09, [INFO], r1, {'y': 20.285, 'x': -37.297, 'yaw': -3.138}, pose, None, None
50.02, [INFO], r1, {'y': 18.182, 'x': -37.204, 'yaw': 3.141}, pose, None, None
50.02, [INFO], r1, {'battery-level': '72.60'}, battery_charge, None, None
60.01, [INFO], r1, {'y': 16.157, 'x': -36.821, 'yaw': 3.141}, pose, None, None
60.01, [INFO], r1, {'battery-level': '72.10'}, battery_charge, None, None
70.08, [INFO], r1, {'battery-level': '71.60'}, battery_charge, None, None
70.08, [INFO], r1, {'y': 15.472, 'x': -34.774, 'yaw': 3.142}, pose, None, None
80.06, [INFO], r1, {'y': 15.504, 'x': -32.654, 'yaw': 3.141}, pose, None, None
80.06, [INFO], r1, {'battery-level': '71.10'}, battery_charge, None, None
90.07, [INFO], r1, {'y': 15.576, 'x': -30.545, 'yaw': -3.141}, pose, None, None
90.07, [INFO], r1, {'battery-level': '70.60'}, battery_charge, None, None
100.07, [INFO], r1, {'y': 15.762, 'x': -28.434, 'yaw': 3.141}, pose, None, None
100.07, [INFO], r1, {'battery-level': '70.10'}, battery_charge, None, None
110.09, [INFO], r1, {'y': 14.514, 'x': -27.234, 'yaw': -3.142}, pose, None, None
110.09, [INFO], r1, {'battery-level': '69.60'}, battery_charge, None, None
120.09, [INFO], r1, {'battery-level': '69.10'}, battery_charge, None, None
120.09, [INFO], r1, {'y': 12.979, 'x': -27.346, 'yaw': 3.142}, pose, None, None
126.06, [INFO], r1, skill-success, None, navto, None
126.06, [INFO], r1, started skill, None, approach-nurse, None
126.06, [INFO], r1, sent message, None, None, None
126.06, [INFO], r1, sent message, None, None, None
126.06, [INFO], r1, started skill, None, open-drawer, None
126.06, [INFO], r1, sent message, None, None, None
126.06, [INFO], r1, skill-success, None, open-drawer, None
126.06, [INFO], r1, started skill, None, deposit, None
126.06, [INFO], r1, sent message, None, None, None
126.06, [INFO], r1, skill-success, None, deposit, None
126.06, [INFO], r1, started skill, None, close-drawer, None
126.06, [INFO], r1, sent message, None, None, None
126.06, [INFO], r1, skill-success, None, close-drawer, None
126.06, [INFO], r1, started skill, None, navto, None
130.07, [INFO], r1, {'y': 13.764, 'x': -27.383, 'yaw': -3.142}, pose, None, None
130.07, [INFO], r1, {'battery-level': '68.60'}, battery_charge, None, None
140.05, [INFO], r1, {'battery-level': '68.10'}, battery_charge, None, None
140.05, [INFO], r1, {'y': 15.727, 'x': -27.534, 'yaw': 3.14}, pose, None, None
150.03, [INFO], r1, {'y': 15.699, 'x': -29.656, 'yaw': 3.142}, pose, None, None
150.03, [INFO], r1, {'battery-level': '67.60'}, battery_charge, None, None
160.09, [INFO], r1, {'y': 15.613, 'x': -31.772, 'yaw': 3.14}, pose, None, None
160.09, [INFO], r1, {'battery-level': '67.10'}, battery_charge, None, None
170.08, [INFO], r1, {'y': 15.506, 'x': -33.876, 'yaw': -3.142}, pose, None, None
170.08, [INFO], r1, {'battery-level': '66.60'}, battery_charge, None, None
180.06, [INFO], r1, {'y': 16.236, 'x': -35.75, 'yaw': 3.141}, pose, None, None
180.06, [INFO], r1, {'battery-level': '66.10'}, battery_charge, None, None
190.09, [INFO], r1, {'y': 18.28, 'x': -36.129, 'yaw': 3.14}, pose, None, None
190.09, [INFO], r1, {'battery-level': '65.60'}, battery_charge, None, None
200.07, [INFO], r1, {'battery-level': '65.10'}, battery_charge, None, None
200.07, [INFO], r1, {'y': 20.373, 'x': -36.194, 'yaw': -3.142}, pose, None, None
210.08, [INFO], r1, {'y': 22.485, 'x': -36.277, 'yaw': 3.141}, pose, None, None
210.08, [INFO], r1, {'battery-level': '64.60'}, battery_charge, None, None
220.09, [INFO], r1, {'y': 24.592, 'x': -36.303, 'yaw': 3.14}, pose, None, None
220.09, [INFO], r1, {'battery-level': '64.10'}, battery_charge, None, None
230.03, [INFO], r1, {'battery-level': '63.60'}, battery_charge, None, None
230.03, [INFO], r1, {'y': 26.694, 'x': -36.323, 'yaw': 3.141}, pose, None, None
240.05, [INFO], r1, {'y': 28.807, 'x': -36.346, 'yaw': 3.141}, pose, None, None
240.05, [INFO], r1, {'battery-level': '63.10'}, battery_charge, None, None
250.09, [INFO], r1, {'y': 30.936, 'x': -36.463, 'yaw': 3.142}, pose, None, None
250.09, [INFO], r1, {'battery-level': '62.60'}, battery_charge, None, None
260.02, [INFO], r1, {'y': 33.021, 'x': -36.686, 'yaw': -3.142}, pose, None, None
260.02, [INFO], r1, {'battery-level': '62.10'}, battery_charge, None, None
270.05, [INFO], r1, {'y': 35.126, 'x': -36.929, 'yaw': -3.142}, pose, None, None
270.05, [INFO], r1, {'battery-level': '61.60'}, battery_charge, None, None
280.09, [INFO], r1, {'y': 36.137, 'x': -36.968, 'yaw': 3.141}, pose, None, None
280.09, [INFO], r1, {'battery-level': '61.10'}, battery_charge, None, None
285.50, [INFO], r1, skill-success, None, navto, None
285.50, [INFO], r1, started skill, None, approach-arm, None
285.50, [INFO], r1, sent message, None, None, None
285.50, [INFO], r1, skill-success, None, approach-arm, None
285.50, [INFO], r1, started skill, None, open-drawer, None
285.50, [INFO], r1, sent message, None, None, None
285.50, [INFO], r1, skill-success, None, open-drawer, None
285.50, [INFO], r1, started skill, None, pick-up-sample, None
285.50, [INFO], r1, sent message, None, None, None
285.59, [INFO], r1, skill-success, None, pick-up-sample, None
285.59, [INFO], r1, started skill, None, close-drawer, None
285.59, [INFO], r1, sent message, None, None, None
285.59, [INFO], r1, skill-success, None, close-drawer, None
285.59, [WARN], r1, SUCCESS, None, None, None
