9.16, [INFO], r1, started skill, None, navto, None
10.04, [INFO], r1, {'battery-level': '74.55'}, battery_charge, None, None
10.04, [INFO], r1, {'y': 25.36, 'x': -40.134, 'yaw': 3.141}, pose, None, None
20.09, [INFO], r1, {'battery-level': '74.05'}, battery_charge, None, None
20.09, [INFO], r1, {'y': 23.648, 'x': -38.803, 'yaw': 3.142}, pose, None, None
30.05, [INFO], r1, {'battery-level': '73.55'}, battery_charge, None, None
30.05, [INFO], r1, {'y': 22.252, 'x': -37.365, 'yaw': -3.141}, pose, None, None
40.04, [INFO], r1, {'battery-level': '73.05'}, battery_charge, None, None
40.04, [INFO], r1, {'y': 20.141, 'x': -37.253, 'yaw': -3.137}, pose, None, None
50.07, [INFO], r1, {'y': 18.031, 'x': -37.155, 'yaw': -3.142}, pose, None, None
50.07, [INFO], r1, {'battery-level': '72.55'}, battery_charge, None, None
60.08, [INFO], r1, {'battery-level': '72.05'}, battery_charge, None, None
60.08, [INFO], r1, {'y': 15.948, 'x': -36.84, 'yaw': 3.142}, pose, None, None
70.05, [INFO], r1, {'battery-level': '71.55'}, battery_charge, None, None
70.05, [INFO], r1, {'y': 15.421, 'x': -34.777, 'yaw': -3.142}, pose, None, None
80.00, [INFO], r1, {'battery-level': '71.05'}, battery_charge, None, None
80.00, [INFO], r1, {'y': 15.526, 'x': -32.673, 'yaw': 3.141}, pose, None, None
90.06, [INFO], r1, {'battery-level': '70.55'}, battery_charge, None, None
90.06, [INFO], r1, {'y': 15.542, 'x': -30.554, 'yaw': 3.142}, pose, None, None
100.03, [INFO], r1, {'y': 15.712, 'x': -28.455, 'yaw': -3.14}, pose, None, None
100.03, [INFO], r1, {'battery-level': '70.05'}, battery_charge, None, None
110.00, [INFO], r1, {'y': 14.606, 'x': -27.289, 'yaw': 3.142}, pose, None, None
110.00, [INFO], r1, {'battery-level': '69.55'}, battery_charge, None, None
120.05, [INFO], r1, {'y': 12.984, 'x': -27.387, 'yaw': -3.142}, pose, None, None
120.05, [INFO], r1, {'battery-level': '69.05'}, battery_charge, None, None
127.97, [INFO], r1, skill-success, None, navto, None
127.97, [INFO], r1, started skill, None, approach-nurse, None
127.97, [INFO], r1, sent message, None, None, None
127.97, [INFO], r1, skill-success, None, approach-nurse, None
127.97, [INFO], r1, started skill, None, authenticate-nurse, None
127.97, [INFO], r1, skill-success, None, authenticate-nurse, None
127.97, [INFO], r1, started skill, None, open-drawer, None
127.97, [INFO], r1, sent message, None, None, None
127.97, [INFO], r1, skill-success, None, open-drawer, None
127.97, [INFO], r1, started skill, None, deposit, None
127.97, [INFO], r1, sent message, None, None, None
127.97, [INFO], r1, skill-success, None, deposit, None
127.97, [INFO], r1, started skill, None, close-drawer, None
127.97, [INFO], r1, sent message, None, None, None
127.97, [INFO], r1, skill-success, None, close-drawer, None
127.97, [INFO], r1, started skill, None, navto, None
130.08, [INFO], r1, {'y': 13.324, 'x': -27.342, 'yaw': -3.142}, pose, None, None
130.08, [INFO], r1, {'battery-level': '68.55'}, battery_charge, None, None
140.05, [INFO], r1, {'y': 15.436, 'x': -27.355, 'yaw': -3.141}, pose, None, None
140.05, [INFO], r1, {'battery-level': '68.05'}, battery_charge, None, None
150.05, [INFO], r1, {'y': 15.69, 'x': -29.284, 'yaw': 3.142}, pose, None, None
150.05, [INFO], r1, {'battery-level': '67.55'}, battery_charge, None, None
160.01, [INFO], r1, {'y': 15.601, 'x': -31.386, 'yaw': -3.142}, pose, None, None
160.01, [INFO], r1, {'battery-level': '67.05'}, battery_charge, None, None
170.01, [INFO], r1, {'y': 15.549, 'x': -33.499, 'yaw': 3.141}, pose, None, None
170.01, [INFO], r1, {'battery-level': '66.55'}, battery_charge, None, None
180.01, [INFO], r1, {'y': 15.916, 'x': -35.477, 'yaw': 3.142}, pose, None, None
180.01, [INFO], r1, {'battery-level': '66.05'}, battery_charge, None, None
190.09, [INFO], r1, {'y': 17.88, 'x': -36.089, 'yaw': -3.139}, pose, None, None
190.09, [INFO], r1, {'battery-level': '65.55'}, battery_charge, None, None
200.00, [INFO], r1, {'battery-level': '65.05'}, battery_charge, None, None
200.00, [INFO], r1, {'y': 19.964, 'x': -36.203, 'yaw': 3.142}, pose, None, None
210.08, [INFO], r1, {'battery-level': '64.55'}, battery_charge, None, None
210.08, [INFO], r1, {'y': 22.086, 'x': -36.254, 'yaw': 3.141}, pose, None, None
220.06, [INFO], r1, {'battery-level': '64.05'}, battery_charge, None, None
220.06, [INFO], r1, {'y': 24.192, 'x': -36.29, 'yaw': 3.141}, pose, None, None
230.02, [INFO], r1, {'y': 26.293, 'x': -36.284, 'yaw': 3.141}, pose, None, None
230.02, [INFO], r1, {'battery-level': '63.55'}, battery_charge, None, None
240.01, [INFO], r1, {'y': 28.408, 'x': -36.351, 'yaw': 3.141}, pose, None, None
240.01, [INFO], r1, {'battery-level': '63.05'}, battery_charge, None, None
250.01, [INFO], r1, {'y': 30.532, 'x': -36.436, 'yaw': 3.141}, pose, None, None
250.01, [INFO], r1, {'battery-level': '62.55'}, battery_charge, None, None
260.02, [INFO], r1, {'y': 32.652, 'x': -36.625, 'yaw': 3.142}, pose, None, None
260.02, [INFO], r1, {'battery-level': '62.05'}, battery_charge, None, None
270.03, [INFO], r1, {'y': 34.771, 'x': -36.905, 'yaw': -3.138}, pose, None, None
270.03, [INFO], r1, {'battery-level': '61.55'}, battery_charge, None, None
280.04, [INFO], r1, {'y': 36.079, 'x': -36.948, 'yaw': -3.141}, pose, None, None
280.04, [INFO], r1, {'battery-level': '61.05'}, battery_charge, None, None
290.05, [INFO], r1, {'y': 36.125, 'x': -37.044, 'yaw': 3.141}, pose, None, None
290.05, [INFO], r1, {'battery-level': '60.55'}, battery_charge, None, None
297.66, [INFO], r1, skill-success, None, navto, None
297.66, [INFO], r1, started skill, None, approach-arm, None
297.66, [INFO], r1, sent message, None, None, None
297.66, [INFO], r1, skill-success, None, approach-arm, None
297.66, [INFO], r1, started skill, None, open-drawer, None
297.66, [INFO], r1, sent message, None, None, None
297.66, [INFO], r1, skill-success, None, open-drawer, None
297.66, [INFO], r1, started skill, None, pick-up-sample, None
297.66, [INFO], r1, sent message, None, None, None
297.66, [INFO], r1, skill-success, None, pick-up-sample, None
297.66, [INFO], r1, started skill, None, close-drawer, None
297.66, [WARN], r1, SKILL-FAILURE, None, close-drawer, None
300.08, [INFO], r1, {'y': 36.078, 'x': -37.034, 'yaw': -3.142}, pose, None, None
300.08, [INFO], r1, {'battery-level': '60.05'}, battery_charge, None, None
