10.09, [INFO], r1, {'y': 25.37, 'x': -40.23, 'yaw': -3.142}, pose, None, None
10.09, [INFO], r1, {'battery-level': '74.60'}, battery_charge, None, None
10.28, [INFO], r1, started skill, None, navto, None
20.02, [INFO], r1, {'battery-level': '74.10'}, battery_charge, None, None
20.02, [INFO], r1, {'y': 23.825, 'x': -38.996, 'yaw': 3.142}, pose, None, None
30.01, [INFO], r1, {'y': 22.501, 'x': -37.407, 'yaw': 3.142}, pose, None, None
30.01, [INFO], r1, {'battery-level': '73.60'}, battery_charge, None, None
40.02, [INFO], r1, {'y': 20.383, 'x': -37.25, 'yaw': 3.141}, pose, None, None
40.02, [INFO], r1, {'battery-level': '73.10'}, battery_charge, None, None
50.01, [INFO], r1, {'battery-level': '72.60'}, battery_charge, None, None
50.01, [INFO], r1, {'y': 18.279, 'x': -37.099, 'yaw': -3.142}, pose, None, None
60.03, [INFO], r1, {'y': 16.18, 'x': -36.93, 'yaw': 3.141}, pose, None, None
60.03, [INFO], r1, {'battery-level': '72.10'}, battery_charge, None, None
70.04, [INFO], r1, {'y': 15.477, 'x': -34.914, 'yaw': 3.142}, pose, None, None
70.04, [INFO], r1, {'battery-level': '71.60'}, battery_charge, None, None
80.08, [INFO], r1, {'y': 15.548, 'x': -32.789, 'yaw': 3.141}, pose, None, None
80.08, [INFO], r1, {'battery-level': '71.10'}, battery_charge, None, None
90.00, [INFO], r1, {'battery-level': '70.60'}, battery_charge, None, None
90.00, [INFO], r1, {'y': 15.622, 'x': -30.695, 'yaw': -3.141}, pose, None, None
100.07, [INFO], r1, {'battery-level': '70.10'}, battery_charge, None, None
100.07, [INFO], r1, {'y': 15.766, 'x': -28.571, 'yaw': 3.141}, pose, None, None
110.06, [INFO], r1, {'battery-level': '69.60'}, battery_charge, None, None
110.06, [INFO], r1, {'y': 15.847, 'x': -26.457, 'yaw': 3.14}, pose, None, None
120.03, [INFO], r1, {'y': 15.757, 'x': -24.351, 'yaw': 3.141}, pose, None, None
120.03, [INFO], r1, {'battery-level': '69.10'}, battery_charge, None, None
130.01, [INFO], r1, {'battery-level': '68.60'}, battery_charge, None, None
130.01, [INFO], r1, {'y': 15.709, 'x': -22.254, 'yaw': -3.142}, pose, None, None
140.03, [INFO], r1, {'y': 15.486, 'x': -20.129, 'yaw': 3.136}, pose, None, None
140.03, [INFO], r1, {'battery-level': '68.10'}, battery_charge, None, None
150.01, [INFO], r1, {'battery-level': '67.60'}, battery_charge, None, None
150.01, [INFO], r1, {'y': 14.751, 'x': -18.157, 'yaw': 3.141}, pose, None, None
160.06, [INFO], r1, {'y': 12.965, 'x': -18.16, 'yaw': 3.141}, pose, None, None
160.06, [INFO], r1, {'battery-level': '67.10'}, battery_charge, None, None
169.46, [INFO], r1, skill-success, None, navto, None
169.46, [INFO], r1, started skill, None, approach-nurse, None
169.46, [INFO], r1, sent message, None, None, None
169.46, [INFO], r1, skill-success, None, approach-nurse, None
169.46, [INFO], r1, started skill, None, authenticate-nurse, None
169.46, [INFO], r1, sent message, None, None, None
169.46, [INFO], r1, started skill, None, open-drawer, None
169.46, [INFO], r1, sent message, None, None, None
169.46, [INFO], r1, skill-success, None, open-drawer, None
169.46, [INFO], r1, started skill, None, deposit, None
169.46, [INFO], r1, sent message, None, None, None
169.46, [INFO], r1, skill-success, None, deposit, None
169.46, [INFO], r1, started skill, None, close-drawer, None
169.46, [INFO], r1, sent message, None, None, None
169.46, [INFO], r1, skill-success, None, close-drawer, None
169.46, [INFO], r1, started skill, None, navto, None
170.06, [INFO], r1, {'y': 12.973, 'x': -18.111, 'yaw': 3.141}, pose, None, None
170.06, [INFO], r1, {'battery-level': '66.60'}, battery_charge, None, None
180.02, [INFO], r1, {'y': 14.948, 'x': -18.6, 'yaw': 3.141}, pose, None, None
180.02, [INFO], r1, {'battery-level': '66.10'}, battery_charge, None, None
190.02, [INFO], r1, {'y': 15.638, 'x': -20.622, 'yaw': -3.142}, pose, None, None
190.02, [INFO], r1, {'battery-level': '65.60'}, battery_charge, None, None
200.02, [INFO], r1, {'battery-level': '65.10'}, battery_charge, None, None
200.02, [INFO], r1, {'y': 15.721, 'x': -22.741, 'yaw': -3.141}, pose, None, None
210.09, [INFO], r1, {'battery-level': '64.60'}, battery_charge, None, None
210.09, [INFO], r1, {'y': 15.772, 'x': -24.87, 'yaw': 3.141}, pose, None, None
220.08, [INFO], r1, {'y': 15.816, 'x': -26.967, 'yaw': 3.142}, pose, None, None
220.08, [INFO], r1, {'battery-level': '64.10'}, battery_charge, None, None
230.07, [INFO], r1, {'y': 15.966, 'x': -29.07, 'yaw': -3.142}, pose, None, None
230.07, [INFO], r1, {'battery-level': '63.60'}, battery_charge, None, None
240.06, [INFO], r1, {'y': 15.846, 'x': -31.184, 'yaw': 3.14}, pose, None, None
240.06, [INFO], r1, {'battery-level': '63.10'}, battery_charge, None, None
250.03, [INFO], r1, {'battery-level': '62.60'}, battery_charge, None, None
250.03, [INFO], r1, {'y': 15.643, 'x': -33.288, 'yaw': 3.141}, pose, None, None
260.01, [INFO], r1, {'y': 15.758, 'x': -35.332, 'yaw': 3.142}, pose, None, None
260.01, [INFO], r1, {'battery-level': '62.10'}, battery_charge, None, None
270.08, [INFO], r1, {'battery-level': '61.60'}, battery_charge, None, None
270.08, [INFO], r1, {'y': 17.635, 'x': -36.085, 'yaw': -3.141}, pose, None, None
280.05, [INFO], r1, {'battery-level': '61.10'}, battery_charge, None, None
280.05, [INFO], r1, {'y': 19.737, 'x': -36.202, 'yaw': 3.141}, pose, None, None
290.04, [INFO], r1, {'y': 21.849, 'x': -36.25, 'yaw': 3.141}, pose, None, None
290.04, [INFO], r1, {'battery-level': '60.60'}, battery_charge, None, None
300.03, [INFO], r1, {'y': 23.973, 'x': -36.311, 'yaw': 3.141}, pose, None, None
300.03, [INFO], r1, {'battery-level': '60.10'}, battery_charge, None, None
310.02, [INFO], r1, {'y': 26.086, 'x': -36.29, 'yaw': 3.14}, pose, None, None
310.02, [INFO], r1, {'battery-level': '59.60'}, battery_charge, None, None
320.05, [INFO], r1, {'y': 28.196, 'x': -36.311, 'yaw': 3.14}, pose, None, None
320.05, [INFO], r1, {'battery-level': '59.10'}, battery_charge, None, None
330.07, [INFO], r1, {'y': 30.318, 'x': -36.412, 'yaw': -3.142}, pose, None, None
330.07, [INFO], r1, {'battery-level': '58.60'}, battery_charge, None, None
340.08, [INFO], r1, {'y': 32.429, 'x': -36.64, 'yaw': 3.141}, pose, None, None
340.08, [INFO], r1, {'battery-level': '58.10'}, battery_charge, None, None
350.09, [INFO], r1, {'y': 34.536, 'x': -36.907, 'yaw': 3.137}, pose, None, None
350.09, [INFO], r1, {'battery-level': '57.60'}, battery_charge, None, None
360.02, [INFO], r1, {'y': 36.122, 'x': -36.948, 'yaw': 3.142}, pose, None, None
360.02, [INFO], r1, {'battery-level': '57.10'}, battery_charge, None, None
365.04, [INFO], r1, skill-success, None, navto, None
365.04, [INFO], r1, started skill, None, approach-arm, None
365.04, [INFO], r1, sent message, None, None, None
365.04, [INFO], r1, started skill, None, open-drawer, None
365.04, [INFO], r1, sent message, None, None, None
365.14, [INFO], r1, skill-success, None, open-drawer, None
365.14, [INFO], r1, started skill, None, pick-up-sample, None
365.14, [INFO], r1, sent message, None, None, None
365.14, [INFO], r1, skill-success, None, pick-up-sample, None
365.14, [INFO], r1, started skill, None, close-drawer, None
365.14, [INFO], r1, sent message, None, None, None
365.14, [INFO], r1, skill-success, None, close-drawer, None
365.14, [WARN], r1, SUCCESS, None, None, None
370.06, [INFO], r1, {'y': 36.123, 'x': -36.952, 'yaw': -3.142}, pose, None, None
370.06, [INFO], r1, {'battery-level': '56.60'}, battery_charge, None, None
