9.67, [INFO], r1, started skill, None, navto, None
10.06, [INFO], r1, {'y': 25.37, 'x': -40.218, 'yaw': 3.141}, pose, None, None
10.06, [INFO], r1, {'battery-level': '74.60'}, battery_charge, None, None
20.08, [INFO], r1, {'y': 23.712, 'x': -38.907, 'yaw': 3.142}, pose, None, None
20.08, [INFO], r1, {'battery-level': '74.10'}, battery_charge, None, None
30.05, [INFO], r1, {'y': 22.375, 'x': -37.401, 'yaw': 3.141}, pose, None, None
30.05, [INFO], r1, {'battery-level': '73.60'}, battery_charge, None, None
40.05, [INFO], r1, {'y': 20.26, 'x': -37.279, 'yaw': -3.138}, pose, None, None
40.05, [INFO], r1, {'battery-level': '73.10'}, battery_charge, None, None
50.02, [INFO], r1, {'y': 18.155, 'x': -37.157, 'yaw': 3.14}, pose, None, None
50.02, [INFO], r1, {'battery-level': '72.60'}, battery_charge, None, None
60.03, [INFO], r1, {'y': 16.052, 'x': -36.919, 'yaw': 3.141}, pose, None, None
60.03, [INFO], r1, {'battery-level': '72.10'}, battery_charge, None, None
70.02, [INFO], r1, {'y': 15.501, 'x': -34.888, 'yaw': -3.142}, pose, None, None
70.02, [INFO], r1, {'battery-level': '71.60'}, battery_charge, None, None
80.04, [INFO], r1, {'y': 15.54, 'x': -32.762, 'yaw': 3.141}, pose, None, None
80.04, [INFO], r1, {'battery-level': '71.10'}, battery_charge, None, None
90.03, [INFO], r1, {'battery-level': '70.60'}, battery_charge, None, None
90.03, [INFO], r1, {'y': 15.572, 'x': -30.638, 'yaw': -3.141}, pose, None, None
100.04, [INFO], r1, {'y': 15.706, 'x': -28.633, 'yaw': 3.136}, pose, None, None
100.04, [INFO], r1, {'battery-level': '70.10'}, battery_charge, None, None
110.05, [INFO], r1, {'y': 15.706, 'x': -28.635, 'yaw': 3.141}, pose, None, None
110.05, [INFO], r1, {'battery-level': '69.60'}, battery_charge, None, None
120.09, [INFO], r1, {'y': 15.704, 'x': -28.596, 'yaw': 3.142}, pose, None, None
120.09, [INFO], r1, {'battery-level': '69.10'}, battery_charge, None, None
130.09, [INFO], r1, {'y': 15.702, 'x': -28.596, 'yaw': 3.142}, pose, None, None
130.09, [INFO], r1, {'battery-level': '68.60'}, battery_charge, None, None
140.04, [INFO], r1, {'y': 15.698, 'x': -28.595, 'yaw': 3.141}, pose, None, None
140.04, [INFO], r1, {'battery-level': '68.10'}, battery_charge, None, None
150.06, [INFO], r1, {'y': 15.751, 'x': -28.603, 'yaw': -3.142}, pose, None, None
150.06, [INFO], r1, {'battery-level': '67.60'}, battery_charge, None, None
160.04, [INFO], r1, {'y': 15.752, 'x': -28.603, 'yaw': 3.142}, pose, None, None
160.04, [INFO], r1, {'battery-level': '67.10'}, battery_charge, None, None
170.03, [INFO], r1, {'y': 15.751, 'x': -28.603, 'yaw': -3.142}, pose, None, None
170.03, [INFO], r1, {'battery-level': '66.60'}, battery_charge, None, None
180.07, [INFO], r1, {'y': 15.751, 'x': -28.603, 'yaw': 3.142}, pose, None, None
180.07, [INFO], r1, {'battery-level': '66.10'}, battery_charge, None, None
190.07, [INFO], r1, {'y': 15.689, 'x': -28.591, 'yaw': -3.142}, pose, None, None
190.07, [INFO], r1, {'battery-level': '65.60'}, battery_charge, None, None
200.02, [INFO], r1, {'battery-level': '65.10'}, battery_charge, None, None
200.02, [INFO], r1, {'y': 15.479, 'x': -28.551, 'yaw': 3.141}, pose, None, None
210.01, [INFO], r1, {'y': 15.477, 'x': -28.559, 'yaw': 3.142}, pose, None, None
210.01, [INFO], r1, {'battery-level': '64.60'}, battery_charge, None, None
220.00, [INFO], r1, {'y': 15.504, 'x': -28.553, 'yaw': -3.137}, pose, None, None
220.00, [INFO], r1, {'battery-level': '64.10'}, battery_charge, None, None
230.03, [INFO], r1, {'battery-level': '63.60'}, battery_charge, None, None
230.03, [INFO], r1, {'y': 15.507, 'x': -28.552, 'yaw': -3.138}, pose, None, None
240.00, [INFO], r1, {'y': 15.51, 'x': -28.552, 'yaw': -3.142}, pose, None, None
240.00, [INFO], r1, {'battery-level': '63.10'}, battery_charge, None, None
250.06, [INFO], r1, {'battery-level': '62.60'}, battery_charge, None, None
250.06, [INFO], r1, {'y': 15.538, 'x': -28.552, 'yaw': 3.142}, pose, None, None
259.67, [WARN], r1, SKILL-FAILURE, None, navto, None
260.06, [INFO], r1, {'y': 15.6, 'x': -28.553, 'yaw': 3.142}, pose, None, None
260.06, [INFO], r1, {'battery-level': '62.10'}, battery_charge, None, None
