0.19, [DEBUG], logger, ROBOTS_CONFIG={'capabilities': ['approach_person', 'approach_robot', 'authenticate_person', 'navigation', 'operate_drawer'], 'battery_charge': 0.75, 'nurse_pose': [-28.5, 18.0, -1.57], 'robot_pose': [-40.23, 25.37, 0.0]}, None, None, None
0.19, [DEBUG], logger, Simulation open, None, None, None
10.01, [INFO], r1, {'y': 25.37, 'x': -40.23, 'yaw': -3.142}, pose, None, None
10.01, [INFO], r1, {'battery-level': '74.55'}, battery_charge, None, None
10.40, [INFO], r1, started skill, None, navto, None
20.10, [INFO], r1, {'y': 23.856, 'x': -38.961, 'yaw': -3.142}, pose, None, None
20.10, [INFO], r1, {'battery-level': '74.05'}, battery_charge, None, None
30.01, [INFO], r1, {'y': 22.488, 'x': -37.412, 'yaw': -3.142}, pose, None, None
30.01, [INFO], r1, {'battery-level': '73.55'}, battery_charge, None, None
40.08, [INFO], r1, {'y': 20.35, 'x': -37.281, 'yaw': 3.141}, pose, None, None
40.08, [INFO], r1, {'battery-level': '73.05'}, battery_charge, None, None
50.05, [INFO], r1, {'y': 18.237, 'x': -37.119, 'yaw': 3.141}, pose, None, None
50.05, [INFO], r1, {'battery-level': '72.55'}, battery_charge, None, None
60.04, [INFO], r1, {'y': 16.14, 'x': -36.984, 'yaw': 3.14}, pose, None, None
60.04, [INFO], r1, {'battery-level': '72.05'}, battery_charge, None, None
70.04, [INFO], r1, {'y': 15.542, 'x': -34.953, 'yaw': -3.141}, pose, None, None
70.04, [INFO], r1, {'battery-level': '71.55'}, battery_charge, None, None
80.03, [INFO], r1, {'y': 15.439, 'x': -32.839, 'yaw': 3.141}, pose, None, None
80.03, [INFO], r1, {'battery-level': '71.05'}, battery_charge, None, None
90.03, [INFO], r1, {'battery-level': '70.55'}, battery_charge, None, None
90.03, [INFO], r1, {'y': 15.567, 'x': -30.734, 'yaw': -3.141}, pose, None, None
100.10, [INFO], r1, {'y': 15.748, 'x': -28.608, 'yaw': 3.14}, pose, None, None
100.10, [INFO], r1, {'battery-level': '70.05'}, battery_charge, None, None
110.09, [INFO], r1, {'y': 16.569, 'x': -28.474, 'yaw': -3.142}, pose, None, None
110.09, [INFO], r1, {'battery-level': '69.55'}, battery_charge, None, None
120.01, [INFO], r1, {'y': 16.812, 'x': -28.652, 'yaw': 3.141}, pose, None, None
120.01, [INFO], r1, {'battery-level': '69.05'}, battery_charge, None, None
130.00, [INFO], r1, {'y': 16.721, 'x': -28.558, 'yaw': 3.141}, pose, None, None
130.00, [INFO], r1, {'battery-level': '68.55'}, battery_charge, None, None
140.00, [INFO], r1, {'y': 17.015, 'x': -28.483, 'yaw': 3.139}, pose, None, None
140.00, [INFO], r1, {'battery-level': '68.05'}, battery_charge, None, None
150.00, [INFO], r1, {'battery-level': '67.55'}, battery_charge, None, None
150.00, [INFO], r1, {'y': 17.041, 'x': -28.546, 'yaw': 3.141}, pose, None, None
160.02, [INFO], r1, {'y': 17.063, 'x': -28.295, 'yaw': -3.141}, pose, None, None
160.02, [INFO], r1, {'battery-level': '67.05'}, battery_charge, None, None
170.07, [INFO], r1, {'battery-level': '66.55'}, battery_charge, None, None
170.07, [INFO], r1, {'y': 16.74, 'x': -28.611, 'yaw': -3.141}, pose, None, None
180.07, [INFO], r1, {'y': 16.92, 'x': -28.538, 'yaw': -3.136}, pose, None, None
180.07, [INFO], r1, {'battery-level': '66.05'}, battery_charge, None, None
190.08, [INFO], r1, {'y': 17.054, 'x': -28.286, 'yaw': 3.142}, pose, None, None
190.08, [INFO], r1, {'battery-level': '65.55'}, battery_charge, None, None
200.07, [INFO], r1, {'y': 17.175, 'x': -28.286, 'yaw': -3.142}, pose, None, None
200.07, [INFO], r1, {'battery-level': '65.05'}, battery_charge, None, None
210.01, [INFO], r1, {'y': 16.949, 'x': -28.168, 'yaw': -3.142}, pose, None, None
210.01, [INFO], r1, {'battery-level': '64.55'}, battery_charge, None, None
220.05, [INFO], r1, {'y': 16.743, 'x': -27.935, 'yaw': -3.141}, pose, None, None
220.05, [INFO], r1, {'battery-level': '64.05'}, battery_charge, None, None
220.74, [WARN], r1, SKILL-FAILURE, None, navto, None
230.07, [INFO], r1, {'y': 16.743, 'x': -27.935, 'yaw': -3.141}, pose, None, None
230.07, [INFO], r1, {'battery-level': '63.55'}, battery_charge, None, None
