9.70, [INFO], r1, started skill, None, navto, None
10.09, [INFO], r1, {'y': 25.37, 'x': -40.214, 'yaw': 3.141}, pose, None, None
10.09, [INFO], r1, {'battery-level': '74.55'}, battery_charge, None, None
20.09, [INFO], r1, {'y': 23.732, 'x': -38.883, 'yaw': 3.142}, pose, None, None
20.09, [INFO], r1, {'battery-level': '74.05'}, battery_charge, None, None
30.08, [INFO], r1, {'y': 22.395, 'x': -37.376, 'yaw': 3.14}, pose, None, None
30.08, [INFO], r1, {'battery-level': '73.55'}, battery_charge, None, None
40.05, [INFO], r1, {'y': 20.28, 'x': -37.296, 'yaw': -3.137}, pose, None, None
40.05, [INFO], r1, {'battery-level': '73.05'}, battery_charge, None, None
50.04, [INFO], r1, {'y': 18.17, 'x': -37.144, 'yaw': 3.141}, pose, None, None
50.04, [INFO], r1, {'battery-level': '72.55'}, battery_charge, None, None
60.02, [INFO], r1, {'y': 16.058, 'x': -36.943, 'yaw': 3.142}, pose, None, None
60.02, [INFO], r1, {'battery-level': '72.05'}, battery_charge, None, None
70.01, [INFO], r1, {'y': 15.464, 'x': -34.946, 'yaw': 3.142}, pose, None, None
70.01, [INFO], r1, {'battery-level': '71.55'}, battery_charge, None, None
80.09, [INFO], r1, {'battery-level': '71.05'}, battery_charge, None, None
80.09, [INFO], r1, {'y': 15.505, 'x': -32.82, 'yaw': -3.137}, pose, None, None
90.05, [INFO], r1, {'y': 15.565, 'x': -30.712, 'yaw': 3.142}, pose, None, None
90.05, [INFO], r1, {'battery-level': '70.55'}, battery_charge, None, None
100.08, [INFO], r1, {'y': 15.701, 'x': -28.663, 'yaw': 3.141}, pose, None, None
100.08, [INFO], r1, {'battery-level': '70.05'}, battery_charge, None, None
110.05, [INFO], r1, {'y': 15.74, 'x': -28.598, 'yaw': 3.141}, pose, None, None
110.05, [INFO], r1, {'battery-level': '69.55'}, battery_charge, None, None
120.09, [INFO], r1, {'battery-level': '69.05'}, battery_charge, None, None
120.09, [INFO], r1, {'y': 15.74, 'x': -28.599, 'yaw': 3.142}, pose, None, None
130.09, [INFO], r1, {'y': 15.738, 'x': -28.593, 'yaw': 3.141}, pose, None, None
130.09, [INFO], r1, {'battery-level': '68.55'}, battery_charge, None, None
140.09, [INFO], r1, {'battery-level': '68.05'}, battery_charge, None, None
140.09, [INFO], r1, {'y': 15.738, 'x': -28.593, 'yaw': 3.142}, pose, None, None
150.08, [INFO], r1, {'y': 15.778, 'x': -28.588, 'yaw': -3.142}, pose, None, None
150.08, [INFO], r1, {'battery-level': '67.55'}, battery_charge, None, None
160.06, [INFO], r1, {'battery-level': '67.05'}, battery_charge, None, None
160.06, [INFO], r1, {'y': 16.809, 'x': -28.455, 'yaw': -3.136}, pose, None, None
170.02, [INFO], r1, {'y': 16.996, 'x': -28.452, 'yaw': -3.137}, pose, None, None
170.02, [INFO], r1, {'battery-level': '66.55'}, battery_charge, None, None
180.07, [INFO], r1, {'battery-level': '66.05'}, battery_charge, None, None
180.07, [INFO], r1, {'y': 16.637, 'x': -28.642, 'yaw': 3.141}, pose, None, None
190.09, [INFO], r1, {'battery-level': '65.55'}, battery_charge, None, None
190.09, [INFO], r1, {'y': 16.897, 'x': -28.591, 'yaw': -3.141}, pose, None, None
200.02, [INFO], r1, {'y': 16.959, 'x': -28.284, 'yaw': 3.139}, pose, None, None
200.02, [INFO], r1, {'battery-level': '65.05'}, battery_charge, None, None
210.02, [INFO], r1, {'y': 17.236, 'x': -28.249, 'yaw': 3.141}, pose, None, None
210.02, [INFO], r1, {'battery-level': '64.55'}, battery_charge, None, None
215.17, [WARN], r1, SKILL-FAILURE, None, navto, None
220.09, [INFO], r1, {'y': 17.24, 'x': -28.251, 'yaw': -3.142}, pose, None, None
220.09, [INFO], r1, {'battery-level': '64.05'}, battery_charge, None, None
