9.27, [INFO], r1, started skill, None, navto, None
10.04, [INFO], r1, {'y': 25.364, 'x': -40.149, 'yaw': 3.14}, pose, None, None
10.04, [INFO], r1, {'battery-level': '74.55'}, battery_charge, None, None
19.91, [INFO], r1, {'y': 23.678, 'x': -38.824, 'yaw': 3.142}, pose, None, None
20.00, [INFO], r1, {'battery-level': '74.05'}, battery_charge, None, None
30.07, [INFO], r1, {'battery-level': '73.55'}, battery_charge, None, None
30.07, [INFO], r1, {'y': 22.211, 'x': -37.383, 'yaw': 3.142}, pose, None, None
40.04, [INFO], r1, {'battery-level': '73.05'}, battery_charge, None, None
40.04, [INFO], r1, {'y': 20.101, 'x': -37.258, 'yaw': 3.137}, pose, None, None
50.03, [INFO], r1, {'y': 17.992, 'x': -37.125, 'yaw': 3.141}, pose, None, None
50.03, [INFO], r1, {'battery-level': '72.55'}, battery_charge, None, None
60.08, [INFO], r1, {'y': 15.924, 'x': -36.799, 'yaw': -3.142}, pose, None, None
60.08, [INFO], r1, {'battery-level': '72.05'}, battery_charge, None, None
70.05, [INFO], r1, {'battery-level': '71.55'}, battery_charge, None, None
70.05, [INFO], r1, {'y': 15.413, 'x': -34.727, 'yaw': -3.142}, pose, None, None
80.02, [INFO], r1, {'y': 15.453, 'x': -32.608, 'yaw': 3.141}, pose, None, None
80.02, [INFO], r1, {'battery-level': '71.05'}, battery_charge, None, None
90.10, [INFO], r1, {'battery-level': '70.55'}, battery_charge, None, None
90.10, [INFO], r1, {'y': 15.53, 'x': -30.484, 'yaw': -3.141}, pose, None, None
100.00, [INFO], r1, {'y': 15.741, 'x': -28.398, 'yaw': 3.141}, pose, None, None
100.00, [INFO], r1, {'battery-level': '70.05'}, battery_charge, None, None
110.06, [INFO], r1, {'battery-level': '69.55'}, battery_charge, None, None
110.06, [INFO], r1, {'y': 16.987, 'x': -26.987, 'yaw': -3.141}, pose, None, None
120.07, [INFO], r1, {'y': 17.982, 'x': -27.184, 'yaw': -3.142}, pose, None, None
120.07, [INFO], r1, {'battery-level': '69.05'}, battery_charge, None, None
123.04, [INFO], r1, skill-success, None, navto, None
123.04, [INFO], r1, started skill, None, approach-nurse, None
123.04, [INFO], r1, skill-success, None, approach-nurse, None
123.04, [INFO], r1, started skill, None, authenticate-nurse, None
123.04, [INFO], r1, started skill, None, open-drawer, None
123.04, [INFO], r1, sent message, None, None, None
123.04, [INFO], r1, skill-success, None, open-drawer, None
123.04, [INFO], r1, started skill, None, deposit, None
123.04, [INFO], r1, sent message, None, None, None
123.04, [INFO], r1, skill-success, None, deposit, None
123.04, [INFO], r1, started skill, None, close-drawer, None
123.04, [INFO], r1, sent message, None, None, None
123.04, [INFO], r1, skill-success, None, close-drawer, None
123.04, [INFO], r1, started skill, None, navto, None
130.04, [INFO], r1, {'y': 16.566, 'x': -27.092, 'yaw': 3.141}, pose, None, None
130.04, [INFO], r1, {'battery-level': '68.55'}, battery_charge, None, None
140.04, [INFO], r1, {'y': 16.047, 'x': -28.858, 'yaw': -3.138}, pose, None, None
140.04, [INFO], r1, {'battery-level': '68.05'}, battery_charge, None, None
150.05, [INFO], r1, {'y': 15.987, 'x': -30.979, 'yaw': 3.141}, pose, None, None
150.05, [INFO], r1, {'battery-level': '67.55'}, battery_charge, None, None
160.04, [INFO], r1, {'y': 15.722, 'x': -33.083, 'yaw': -3.141}, pose, None, None
160.04, [INFO], r1, {'battery-level': '67.05'}, battery_charge, None, None
170.01, [INFO], r1, {'battery-level': '66.55'}, battery_charge, None, None
170.01, [INFO], r1, {'y': 15.604, 'x': -35.142, 'yaw': -3.142}, pose, None, None
180.07, [INFO], r1, {'battery-level': '66.05'}, battery_charge, None, None
180.07, [INFO], r1, {'y': 17.457, 'x': -36.045, 'yaw': 3.141}, pose, None, None
190.03, [INFO], r1, {'y': 19.552, 'x': -36.179, 'yaw': -3.138}, pose, None, None
190.03, [INFO], r1, {'battery-level': '65.55'}, battery_charge, None, None
200.07, [INFO], r1, {'y': 21.664, 'x': -36.313, 'yaw': 3.141}, pose, None, None
200.07, [INFO], r1, {'battery-level': '65.05'}, battery_charge, None, None
210.05, [INFO], r1, {'battery-level': '64.55'}, battery_charge, None, None
210.05, [INFO], r1, {'y': 23.768, 'x': -36.27, 'yaw': 3.141}, pose, None, None
220.00, [INFO], r1, {'y': 25.857, 'x': -36.222, 'yaw': 3.142}, pose, None, None
220.00, [INFO], r1, {'battery-level': '64.05'}, battery_charge, None, None
230.09, [INFO], r1, {'battery-level': '63.55'}, battery_charge, None, None
230.09, [INFO], r1, {'y': 27.989, 'x': -36.295, 'yaw': -3.142}, pose, None, None
240.07, [INFO], r1, {'y': 30.109, 'x': -36.367, 'yaw': 3.142}, pose, None, None
240.07, [INFO], r1, {'battery-level': '63.05'}, battery_charge, None, None
250.08, [INFO], r1, {'y': 32.235, 'x': -36.569, 'yaw': -3.142}, pose, None, None
250.08, [INFO], r1, {'battery-level': '62.55'}, battery_charge, None, None
260.08, [INFO], r1, {'y': 34.337, 'x': -36.828, 'yaw': 3.142}, pose, None, None
260.08, [INFO], r1, {'battery-level': '62.05'}, battery_charge, None, None
270.05, [INFO], r1, {'y': 36.049, 'x': -36.943, 'yaw': 3.14}, pose, None, None
270.05, [INFO], r1, {'battery-level': '61.55'}, battery_charge, None, None
280.05, [INFO], r1, {'y': 36.074, 'x': -37.033, 'yaw': -3.141}, pose, None, None
280.05, [INFO], r1, {'battery-level': '61.05'}, battery_charge, None, None
284.19, [INFO], r1, skill-success, None, navto, None
284.19, [INFO], r1, started skill, None, approach-arm, None
284.19, [INFO], r1, sent message, None, None, None
284.19, [INFO], r1, skill-success, None, approach-arm, None
284.19, [INFO], r1, started skill, None, open-drawer, None
284.19, [INFO], r1, sent message, None, None, None
284.19, [INFO], r1, skill-success, None, open-drawer, None
284.19, [INFO], r1, started skill, None, pick-up-sample, None
284.19, [INFO], r1, sent message, None, None, None
284.19, [INFO], r1, skill-success, None, pick-up-sample, None
284.19, [INFO], r1, started skill, None, close-drawer, None
284.19, [INFO], r1, sent message, None, None, None
284.19, [INFO], r1, skill-success, None, close-drawer, None
284.19, [WARN], r1, SUCCESS, None, None, None
290.08, [INFO], r1, {'battery-level': '60.55'}, battery_charge, None, None
290.08, [INFO], r1, {'y': 36.069, 'x': -37.03, 'yaw': -3.142}, pose, None, None
