0.19, [DEBUG], logger, ROBOTS_CONFIG={'capabilities': ['approach_person', 'approach_robot', 'authenticate_person', 'navigation', 'operate_drawer'], 'battery_charge': 0.25, 'nurse_pose': [-28.5, 18.0, -1.57], 'robot_pose': [-38.0, 21.5, 0.0]}, None, None, None
0.19, [DEBUG], logger, Simulation open, None, None, None
10.04, [INFO], r1, {'y': 21.5, 'x': -38.0, 'yaw': 3.142}, pose, None, None
10.04, [INFO], r1, {'battery-level': '24.55'}, battery_charge, None, None
10.63, [INFO], r1, started skill, None, navto, None
20.05, [INFO], r1, {'y': 20.062, 'x': -37.122, 'yaw': 3.142}, pose, None, None
20.05, [INFO], r1, {'battery-level': '24.05'}, battery_charge, None, None
30.04, [INFO], r1, {'battery-level': '23.55'}, battery_charge, None, None
30.04, [INFO], r1, {'y': 17.959, 'x': -37.098, 'yaw': 3.141}, pose, None, None
40.02, [INFO], r1, {'y': 15.986, 'x': -36.745, 'yaw': 3.141}, pose, None, None
40.02, [INFO], r1, {'battery-level': '23.05'}, battery_charge, None, None
50.02, [INFO], r1, {'y': 15.405, 'x': -34.69, 'yaw': -3.142}, pose, None, None
50.02, [INFO], r1, {'battery-level': '22.55'}, battery_charge, None, None
60.00, [INFO], r1, {'y': 15.524, 'x': -32.573, 'yaw': -3.141}, pose, None, None
60.00, [INFO], r1, {'battery-level': '22.05'}, battery_charge, None, None
70.05, [INFO], r1, {'battery-level': '21.55'}, battery_charge, None, None
70.05, [INFO], r1, {'y': 15.539, 'x': -30.451, 'yaw': 3.141}, pose, None, None
80.04, [INFO], r1, {'battery-level': '21.05'}, battery_charge, None, None
80.04, [INFO], r1, {'y': 15.723, 'x': -28.612, 'yaw': 3.142}, pose, None, None
90.02, [INFO], r1, {'y': 15.732, 'x': -28.593, 'yaw': -3.142}, pose, None, None
90.02, [INFO], r1, {'battery-level': '20.55'}, battery_charge, None, None
100.00, [INFO], r1, {'battery-level': '20.05'}, battery_charge, None, None
100.00, [INFO], r1, {'y': 15.765, 'x': -28.6, 'yaw': -3.142}, pose, None, None
110.01, [INFO], r1, {'y': 15.764, 'x': -28.6, 'yaw': -3.142}, pose, None, None
110.01, [INFO], r1, {'battery-level': '19.55'}, battery_charge, None, None
120.03, [INFO], r1, {'y': 15.806, 'x': -28.601, 'yaw': 3.141}, pose, None, None
120.03, [INFO], r1, {'battery-level': '19.05'}, battery_charge, None, None
130.00, [INFO], r1, {'y': 15.813, 'x': -28.603, 'yaw': 3.137}, pose, None, None
130.00, [INFO], r1, {'battery-level': '18.55'}, battery_charge, None, None
140.08, [INFO], r1, {'battery-level': '18.05'}, battery_charge, None, None
140.08, [INFO], r1, {'y': 15.813, 'x': -28.601, 'yaw': 3.142}, pose, None, None
150.03, [INFO], r1, {'battery-level': '17.55'}, battery_charge, None, None
150.03, [INFO], r1, {'y': 15.813, 'x': -28.601, 'yaw': -3.142}, pose, None, None
160.09, [INFO], r1, {'y': 15.813, 'x': -28.601, 'yaw': -3.142}, pose, None, None
160.09, [INFO], r1, {'battery-level': '17.05'}, battery_charge, None, None
170.07, [INFO], r1, {'y': 15.825, 'x': -28.549, 'yaw': 3.141}, pose, None, None
170.07, [INFO], r1, {'battery-level': '16.55'}, battery_charge, None, None
180.05, [INFO], r1, {'battery-level': '16.05'}, battery_charge, None, None
180.05, [INFO], r1, {'y': 16.302, 'x': -28.557, 'yaw': 3.14}, pose, None, None
190.09, [INFO], r1, {'battery-level': '15.55'}, battery_charge, None, None
190.09, [INFO], r1, {'y': 16.819, 'x': -28.68, 'yaw': -3.141}, pose, None, None
200.10, [INFO], r1, {'y': 16.655, 'x': -28.599, 'yaw': 3.141}, pose, None, None
200.10, [INFO], r1, {'battery-level': '15.05'}, battery_charge, None, None
210.09, [INFO], r1, {'y': 16.937, 'x': -28.564, 'yaw': -3.142}, pose, None, None
210.09, [INFO], r1, {'battery-level': '14.55'}, battery_charge, None, None
220.09, [INFO], r1, {'y': 16.799, 'x': -28.46, 'yaw': -3.136}, pose, None, None
220.09, [INFO], r1, {'battery-level': '14.05'}, battery_charge, None, None
230.07, [INFO], r1, {'y': 16.869, 'x': -28.674, 'yaw': 3.141}, pose, None, None
230.07, [INFO], r1, {'battery-level': '13.55'}, battery_charge, None, None
240.05, [INFO], r1, {'battery-level': '13.05'}, battery_charge, None, None
240.05, [INFO], r1, {'y': 16.651, 'x': -28.645, 'yaw': -3.142}, pose, None, None
246.97, [WARN], r1, SKILL-FAILURE, None, navto, None
