9.99, [INFO], r1, started skill, None, navto, None
10.08, [INFO], r1, {'battery-level': '74.60'}, battery_charge, None, None
10.08, [INFO], r1, {'y': 25.37, 'x': -40.23, 'yaw': -3.142}, pose, None, None
20.01, [INFO], r1, {'battery-level': '74.10'}, battery_charge, None, None
20.01, [INFO], r1, {'y': 23.793, 'x': -38.943, 'yaw': 3.142}, pose, None, None
30.04, [INFO], r1, {'battery-level': '73.60'}, battery_charge, None, None
30.04, [INFO], r1, {'y': 22.396, 'x': -37.409, 'yaw': 3.141}, pose, None, None
40.01, [INFO], r1, {'y': 20.293, 'x': -37.258, 'yaw': 3.141}, pose, None, None
40.01, [INFO], r1, {'battery-level': '73.10'}, battery_charge, None, None
50.04, [INFO], r1, {'battery-level': '72.60'}, battery_charge, None, None
50.04, [INFO], r1, {'y': 18.156, 'x': -37.128, 'yaw': 3.141}, pose, None, None
60.07, [INFO], r1, {'y': 16.154, 'x': -36.836, 'yaw': 3.14}, pose, None, None
60.07, [INFO], r1, {'battery-level': '72.10'}, battery_charge, None, None
70.05, [INFO], r1, {'battery-level': '71.60'}, battery_charge, None, None
70.05, [INFO], r1, {'y': 15.412, 'x': -34.833, 'yaw': 3.142}, pose, None, None
80.06, [INFO], r1, {'y': 15.5, 'x': -32.71, 'yaw': 3.141}, pose, None, None
80.06, [INFO], r1, {'battery-level': '71.10'}, battery_charge, None, None
90.07, [INFO], r1, {'y': 15.586, 'x': -30.586, 'yaw': 3.14}, pose, None, None
90.07, [INFO], r1, {'battery-level': '70.60'}, battery_charge, None, None
100.09, [INFO], r1, {'battery-level': '70.10'}, battery_charge, None, None
100.09, [INFO], r1, {'y': 15.759, 'x': -28.478, 'yaw': -3.141}, pose, None, None
110.07, [INFO], r1, {'y': 16.065, 'x': -26.372, 'yaw': 3.141}, pose, None, None
110.07, [INFO], r1, {'battery-level': '69.60'}, battery_charge, None, None
120.08, [INFO], r1, {'battery-level': '69.10'}, battery_charge, None, None
120.08, [INFO], r1, {'y': 16.159, 'x': -24.256, 'yaw': -3.141}, pose, None, None
130.06, [INFO], r1, {'y': 16.186, 'x': -22.133, 'yaw': 3.141}, pose, None, None
130.06, [INFO], r1, {'battery-level': '68.60'}, battery_charge, None, None
140.08, [INFO], r1, {'y': 16.338, 'x': -20.008, 'yaw': 3.141}, pose, None, None
140.08, [INFO], r1, {'battery-level': '68.10'}, battery_charge, None, None
150.05, [INFO], r1, {'y': 17.852, 'x': -19.059, 'yaw': 3.142}, pose, None, None
150.05, [INFO], r1, {'battery-level': '67.60'}, battery_charge, None, None
160.01, [INFO], r1, {'y': 17.974, 'x': -18.963, 'yaw': 3.139}, pose, None, None
160.01, [INFO], r1, {'battery-level': '67.10'}, battery_charge, None, None
166.44, [INFO], r1, skill-success, None, navto, None
166.44, [INFO], r1, started skill, None, approach-nurse, None
166.44, [INFO], r1, sent message, None, None, None
166.44, [INFO], r1, skill-success, None, approach-nurse, None
166.44, [INFO], r1, started skill, None, authenticate-nurse, None
166.44, [INFO], r1, sent message, None, None, None
166.44, [INFO], r1, skill-success, None, authenticate-nurse, None
166.44, [INFO], r1, started skill, None, open-drawer, None
166.44, [INFO], r1, sent message, None, None, None
166.44, [INFO], r1, skill-success, None, open-drawer, None
166.44, [INFO], r1, started skill, None, deposit, None
166.44, [WARN], r1, SKILL-FAILURE, None, deposit, None
170.01, [INFO], r1, {'battery-level': '66.60'}, battery_charge, None, None
170.01, [INFO], r1, {'y': 17.979, 'x': -19.005, 'yaw': -3.142}, pose, None, None
180.03, [INFO], r1, {'y': 17.979, 'x': -19.005, 'yaw': -3.142}, pose, None, None
180.03, [INFO], r1, {'battery-level': '66.10'}, battery_charge, None, None
