0.19, [DEBUG], logger, ROBOTS_CONFIG={'capabilities': ['approach_person', 'approach_robot', 'authenticate_person', 'navigation', 'operate_drawer'], 'battery_charge': 0.75, 'nurse_pose': [-19.0, 18.0, -1.57], 'robot_pose': [-40.23, 25.37, 0.0]}, None, None, None
0.19, [DEBUG], logger, Simulation open, None, None, None
10.05, [INFO], r1, {'y': 25.37, 'x': -40.23, 'yaw': 3.142}, pose, None, None
10.05, [INFO], r1, {'battery-level': '74.55'}, battery_charge, None, None
10.84, [INFO], r1, started skill, None, navto, None
20.06, [INFO], r1, {'y': 23.923, 'x': -39.035, 'yaw': 3.142}, pose, None, None
20.06, [INFO], r1, {'battery-level': '74.05'}, battery_charge, None, None
30.06, [INFO], r1, {'y': 22.531, 'x': -37.464, 'yaw': -3.142}, pose, None, None
30.06, [INFO], r1, {'battery-level': '73.55'}, battery_charge, None, None
40.06, [INFO], r1, {'y': 20.426, 'x': -37.251, 'yaw': -3.137}, pose, None, None
40.06, [INFO], r1, {'battery-level': '73.05'}, battery_charge, None, None
50.07, [INFO], r1, {'y': 18.323, 'x': -37.114, 'yaw': -3.142}, pose, None, None
50.07, [INFO], r1, {'battery-level': '72.55'}, battery_charge, None, None
60.07, [INFO], r1, {'y': 16.212, 'x': -37.002, 'yaw': 3.14}, pose, None, None
60.07, [INFO], r1, {'battery-level': '72.05'}, battery_charge, None, None
70.04, [INFO], r1, {'y': 15.474, 'x': -35.038, 'yaw': -3.142}, pose, None, None
70.04, [INFO], r1, {'battery-level': '71.55'}, battery_charge, None, None
80.04, [INFO], r1, {'y': 15.455, 'x': -32.918, 'yaw': -3.142}, pose, None, None
80.04, [INFO], r1, {'battery-level': '71.05'}, battery_charge, None, None
90.02, [INFO], r1, {'y': 15.581, 'x': -30.819, 'yaw': -3.141}, pose, None, None
90.02, [INFO], r1, {'battery-level': '70.55'}, battery_charge, None, None
100.03, [INFO], r1, {'y': 15.68, 'x': -28.694, 'yaw': 3.141}, pose, None, None
100.03, [INFO], r1, {'battery-level': '70.05'}, battery_charge, None, None
110.03, [INFO], r1, {'y': 16.0, 'x': -26.592, 'yaw': -3.14}, pose, None, None
110.03, [INFO], r1, {'battery-level': '69.55'}, battery_charge, None, None
120.02, [INFO], r1, {'y': 16.007, 'x': -24.485, 'yaw': 3.141}, pose, None, None
120.02, [INFO], r1, {'battery-level': '69.05'}, battery_charge, None, None
130.01, [INFO], r1, {'y': 16.028, 'x': -22.385, 'yaw': 3.141}, pose, None, None
130.01, [INFO], r1, {'battery-level': '68.55'}, battery_charge, None, None
140.02, [INFO], r1, {'battery-level': '68.05'}, battery_charge, None, None
140.02, [INFO], r1, {'y': 16.247, 'x': -20.28, 'yaw': 3.142}, pose, None, None
150.02, [INFO], r1, {'y': 17.76, 'x': -19.106, 'yaw': -3.136}, pose, None, None
150.02, [INFO], r1, {'battery-level': '67.55'}, battery_charge, None, None
159.40, [INFO], r1, skill-success, None, navto, None
159.40, [INFO], r1, started skill, None, approach-nurse, None
159.40, [INFO], r1, sent message, None, None, None
159.40, [INFO], r1, skill-success, None, approach-nurse, None
159.40, [INFO], r1, started skill, None, authenticate-nurse, None
159.40, [INFO], r1, sent message, None, None, None
159.40, [INFO], r1, skill-success, None, authenticate-nurse, None
159.40, [INFO], r1, started skill, None, open-drawer, None
159.40, [INFO], r1, sent message, None, None, None
159.40, [INFO], r1, skill-success, None, open-drawer, None
159.40, [INFO], r1, started skill, None, deposit, None
159.40, [INFO], r1, sent message, None, None, None
159.40, [INFO], r1, skill-success, None, deposit, None
159.40, [INFO], r1, started skill, None, close-drawer, None
159.40, [INFO], r1, sent message, None, None, None
159.40, [INFO], r1, skill-success, None, close-drawer, None
159.40, [INFO], r1, started skill, None, navto, None
160.09, [INFO], r1, {'battery-level': '67.05'}, battery_charge, None, None
160.09, [INFO], r1, {'y': 17.883, 'x': -18.951, 'yaw': 3.141}, pose, None, None
170.05, [INFO], r1, {'battery-level': '66.55'}, battery_charge, None, None
170.05, [INFO], r1, {'y': 16.32, 'x': -20.244, 'yaw': 3.141}, pose, None, None
180.06, [INFO], r1, {'battery-level': '66.05'}, battery_charge, None, None
180.06, [INFO], r1, {'y': 16.243, 'x': -22.353, 'yaw': 3.141}, pose, None, None
190.06, [INFO], r1, {'y': 16.152, 'x': -24.459, 'yaw': 3.14}, pose, None, None
190.06, [INFO], r1, {'battery-level': '65.55'}, battery_charge, None, None
200.03, [INFO], r1, {'y': 16.044, 'x': -26.57, 'yaw': -3.139}, pose, None, None
200.03, [INFO], r1, {'battery-level': '65.05'}, battery_charge, None, None
210.03, [INFO], r1, {'battery-level': '64.55'}, battery_charge, None, None
210.03, [INFO], r1, {'y': 16.028, 'x': -28.68, 'yaw': 3.137}, pose, None, None
220.09, [INFO], r1, {'battery-level': '64.05'}, battery_charge, None, None
220.09, [INFO], r1, {'y': 15.983, 'x': -30.803, 'yaw': 3.142}, pose, None, None
230.07, [INFO], r1, {'battery-level': '63.55'}, battery_charge, None, None
230.07, [INFO], r1, {'y': 15.825, 'x': -32.901, 'yaw': 3.141}, pose, None, None
240.07, [INFO], r1, {'y': 15.495, 'x': -34.983, 'yaw': -3.141}, pose, None, None
240.07, [INFO], r1, {'battery-level': '63.05'}, battery_charge, None, None
250.06, [INFO], r1, {'battery-level': '62.55'}, battery_charge, None, None
250.06, [INFO], r1, {'y': 17.229, 'x': -36.098, 'yaw': -3.142}, pose, None, None
260.02, [INFO], r1, {'battery-level': '62.05'}, battery_charge, None, None
260.02, [INFO], r1, {'y': 19.336, 'x': -36.189, 'yaw': -3.141}, pose, None, None
270.01, [INFO], r1, {'battery-level': '61.55'}, battery_charge, None, None
270.01, [INFO], r1, {'y': 21.443, 'x': -36.285, 'yaw': 3.141}, pose, None, None
280.08, [INFO], r1, {'y': 23.571, 'x': -36.328, 'yaw': 3.141}, pose, None, None
280.08, [INFO], r1, {'battery-level': '61.05'}, battery_charge, None, None
290.07, [INFO], r1, {'y': 25.679, 'x': -36.301, 'yaw': 3.141}, pose, None, None
290.07, [INFO], r1, {'battery-level': '60.55'}, battery_charge, None, None
300.08, [INFO], r1, {'y': 27.8, 'x': -36.326, 'yaw': 3.141}, pose, None, None
300.08, [INFO], r1, {'battery-level': '60.05'}, battery_charge, None, None
310.08, [INFO], r1, {'y': 29.909, 'x': -36.358, 'yaw': 3.142}, pose, None, None
310.08, [INFO], r1, {'battery-level': '59.55'}, battery_charge, None, None
320.10, [INFO], r1, {'battery-level': '59.05'}, battery_charge, None, None
320.10, [INFO], r1, {'y': 32.024, 'x': -36.511, 'yaw': 3.142}, pose, None, None
330.03, [INFO], r1, {'y': 34.096, 'x': -36.949, 'yaw': 3.14}, pose, None, None
330.03, [INFO], r1, {'battery-level': '58.55'}, battery_charge, None, None
340.05, [INFO], r1, {'y': 35.999, 'x': -36.937, 'yaw': 3.142}, pose, None, None
340.05, [INFO], r1, {'battery-level': '58.05'}, battery_charge, None, None
346.00, [INFO], r1, skill-success, None, navto, None
346.00, [INFO], r1, started skill, None, approach-arm, None
346.00, [INFO], r1, sent message, None, None, None
346.00, [INFO], r1, skill-success, None, approach-arm, None
346.00, [INFO], r1, started skill, None, open-drawer, None
346.00, [INFO], r1, sent message, None, None, None
346.00, [INFO], r1, skill-success, None, open-drawer, None
346.00, [INFO], r1, started skill, None, pick-up-sample, None
346.00, [INFO], r1, sent message, None, None, None
346.00, [INFO], r1, skill-success, None, pick-up-sample, None
346.00, [INFO], r1, started skill, None, close-drawer, None
346.00, [INFO], r1, sent message, None, None, None
346.00, [INFO], r1, skill-success, None, close-drawer, None
346.00, [WARN], r1, SUCCESS, None, None, None
350.06, [INFO], r1, {'y': 36.076, 'x': -36.946, 'yaw': 3.142}, pose, None, None
350.06, [INFO], r1, {'battery-level': '57.55'}, battery_charge, None, None
