9.86, [INFO], r1, started skill, None, navto, None
10.06, [INFO], r1, {'y': 25.37, 'x': -40.23, 'yaw': -3.142}, pose, None, None
10.06, [INFO], r1, {'battery-level': '74.55'}, battery_charge, None, None
20.09, [INFO], r1, {'y': 23.773, 'x': -38.887, 'yaw': 3.141}, pose, None, None
20.09, [INFO], r1, {'battery-level': '74.05'}, battery_charge, None, None
30.02, [INFO], r1, {'y': 22.446, 'x': -37.366, 'yaw': 3.142}, pose, None, None
30.02, [INFO], r1, {'battery-level': '73.55'}, battery_charge, None, None
40.05, [INFO], r1, {'y': 20.322, 'x': -37.236, 'yaw': 3.141}, pose, None, None
40.05, [INFO], r1, {'battery-level': '73.05'}, battery_charge, None, None
50.08, [INFO], r1, {'y': 18.2, 'x': -37.085, 'yaw': 3.141}, pose, None, None
50.08, [INFO], r1, {'battery-level': '72.55'}, battery_charge, None, None
60.02, [INFO], r1, {'y': 16.142, 'x': -36.874, 'yaw': 3.141}, pose, None, None
60.02, [INFO], r1, {'battery-level': '72.05'}, battery_charge, None, None
70.05, [INFO], r1, {'y': 15.463, 'x': -34.83, 'yaw': 3.142}, pose, None, None
70.05, [INFO], r1, {'battery-level': '71.55'}, battery_charge, None, None
80.08, [INFO], r1, {'battery-level': '71.05'}, battery_charge, None, None
80.08, [INFO], r1, {'y': 15.47, 'x': -32.71, 'yaw': -3.139}, pose, None, None
90.01, [INFO], r1, {'y': 15.568, 'x': -30.608, 'yaw': -3.141}, pose, None, None
90.01, [INFO], r1, {'battery-level': '70.55'}, battery_charge, None, None
100.04, [INFO], r1, {'y': 15.723, 'x': -28.497, 'yaw': -3.138}, pose, None, None
100.04, [INFO], r1, {'battery-level': '70.05'}, battery_charge, None, None
110.08, [INFO], r1, {'y': 16.008, 'x': -26.38, 'yaw': -3.141}, pose, None, None
110.08, [INFO], r1, {'battery-level': '69.55'}, battery_charge, None, None
120.01, [INFO], r1, {'y': 16.009, 'x': -24.27, 'yaw': -3.141}, pose, None, None
120.01, [INFO], r1, {'battery-level': '69.05'}, battery_charge, None, None
130.04, [INFO], r1, {'y': 16.003, 'x': -22.16, 'yaw': 3.142}, pose, None, None
130.04, [INFO], r1, {'battery-level': '68.55'}, battery_charge, None, None
140.08, [INFO], r1, {'y': 16.204, 'x': -20.044, 'yaw': 3.141}, pose, None, None
140.08, [INFO], r1, {'battery-level': '68.05'}, battery_charge, None, None
150.02, [INFO], r1, {'y': 16.202, 'x': -17.94, 'yaw': 3.142}, pose, None, None
150.02, [INFO], r1, {'battery-level': '67.55'}, battery_charge, None, None
160.05, [INFO], r1, {'y': 16.1, 'x': -15.827, 'yaw': 3.14}, pose, None, None
160.05, [INFO], r1, {'battery-level': '67.05'}, battery_charge, None, None
170.09, [INFO], r1, {'y': 16.399, 'x': -13.75, 'yaw': 3.141}, pose, None, None
170.09, [INFO], r1, {'battery-level': '66.55'}, battery_charge, None, None
180.01, [INFO], r1, {'y': 17.875, 'x': -13.59, 'yaw': 3.142}, pose, None, None
180.01, [INFO], r1, {'battery-level': '66.05'}, battery_charge, None, None
190.05, [INFO], r1, {'battery-level': '65.55'}, battery_charge, None, None
190.05, [INFO], r1, {'y': 17.943, 'x': -13.66, 'yaw': -3.142}, pose, None, None
193.46, [INFO], r1, skill-success, None, navto, None
193.46, [INFO], r1, started skill, None, approach-nurse, None
193.46, [INFO], r1, sent message, None, None, None
193.46, [INFO], r1, skill-success, None, approach-nurse, None
193.46, [INFO], r1, started skill, None, authenticate-nurse, None
193.46, [INFO], r1, sent message, None, None, None
193.46, [INFO], r1, started skill, None, open-drawer, None
193.46, [INFO], r1, sent message, None, None, None
193.46, [INFO], r1, skill-success, None, open-drawer, None
193.46, [INFO], r1, started skill, None, deposit, None
193.46, [INFO], r1, sent message, None, None, None
193.46, [INFO], r1, skill-success, None, deposit, None
193.46, [INFO], r1, started skill, None, close-drawer, None
193.46, [INFO], r1, sent message, None, None, None
193.46, [INFO], r1, skill-success, None, close-drawer, None
193.46, [INFO], r1, started skill, None, navto, None
200.08, [INFO], r1, {'y': 16.603, 'x': -13.822, 'yaw': 3.142}, pose, None, None
200.08, [INFO], r1, {'battery-level': '65.05'}, battery_charge, None, None
210.02, [INFO], r1, {'battery-level': '64.55'}, battery_charge, None, None
210.02, [INFO], r1, {'y': 16.198, 'x': -15.843, 'yaw': 3.141}, pose, None, None
220.05, [INFO], r1, {'y': 16.116, 'x': -17.947, 'yaw': 3.141}, pose, None, None
220.05, [INFO], r1, {'battery-level': '64.05'}, battery_charge, None, None
230.07, [INFO], r1, {'y': 16.29, 'x': -20.056, 'yaw': 3.141}, pose, None, None
230.07, [INFO], r1, {'battery-level': '63.55'}, battery_charge, None, None
240.01, [INFO], r1, {'y': 16.297, 'x': -22.142, 'yaw': -3.14}, pose, None, None
240.01, [INFO], r1, {'battery-level': '63.05'}, battery_charge, None, None
250.03, [INFO], r1, {'y': 16.141, 'x': -24.258, 'yaw': -3.142}, pose, None, None
250.03, [INFO], r1, {'battery-level': '62.55'}, battery_charge, None, None
260.06, [INFO], r1, {'y': 16.093, 'x': -26.377, 'yaw': -3.142}, pose, None, None
260.06, [INFO], r1, {'battery-level': '62.05'}, battery_charge, None, None
270.09, [INFO], r1, {'y': 15.962, 'x': -28.485, 'yaw': 3.142}, pose, None, None
270.09, [INFO], r1, {'battery-level': '61.55'}, battery_charge, None, None
280.03, [INFO], r1, {'y': 15.938, 'x': -30.575, 'yaw': 3.142}, pose, None, None
280.03, [INFO], r1, {'battery-level': '61.05'}, battery_charge, None, None
290.06, [INFO], r1, {'battery-level': '60.55'}, battery_charge, None, None
290.06, [INFO], r1, {'y': 15.799, 'x': -32.687, 'yaw': -3.142}, pose, None, None
300.09, [INFO], r1, {'y': 15.437, 'x': -34.796, 'yaw': -3.141}, pose, None, None
300.09, [INFO], r1, {'battery-level': '60.05'}, battery_charge, None, None
310.02, [INFO], r1, {'y': 17.021, 'x': -36.092, 'yaw': -3.142}, pose, None, None
310.02, [INFO], r1, {'battery-level': '59.55'}, battery_charge, None, None
320.06, [INFO], r1, {'y': 19.137, 'x': -36.164, 'yaw': -3.14}, pose, None, None
320.06, [INFO], r1, {'battery-level': '59.05'}, battery_charge, None, None
330.09, [INFO], r1, {'y': 21.258, 'x': -36.241, 'yaw': -3.142}, pose, None, None
330.09, [INFO], r1, {'battery-level': '58.55'}, battery_charge, None, None
340.02, [INFO], r1, {'y': 23.356, 'x': -36.277, 'yaw': -3.141}, pose, None, None
340.02, [INFO], r1, {'battery-level': '58.05'}, battery_charge, None, None
350.05, [INFO], r1, {'battery-level': '57.55'}, battery_charge, None, None
350.05, [INFO], r1, {'y': 25.47, 'x': -36.237, 'yaw': -3.141}, pose, None, None
360.09, [INFO], r1, {'y': 27.593, 'x': -36.299, 'yaw': -3.142}, pose, None, None
360.09, [INFO], r1, {'battery-level': '57.05'}, battery_charge, None, None
370.02, [INFO], r1, {'y': 29.685, 'x': -36.377, 'yaw': 3.142}, pose, None, None
370.02, [INFO], r1, {'battery-level': '56.55'}, battery_charge, None, None
380.06, [INFO], r1, {'y': 31.8, 'x': -36.507, 'yaw': -3.142}, pose, None, None
380.06, [INFO], r1, {'battery-level': '56.05'}, battery_charge, None, None
390.10, [INFO], r1, {'y': 33.903, 'x': -36.84, 'yaw': -3.142}, pose, None, None
390.10, [INFO], r1, {'battery-level': '55.55'}, battery_charge, None, None
400.04, [INFO], r1, {'battery-level': '55.05'}, battery_charge, None, None
400.04, [INFO], r1, {'y': 35.905, 'x': -36.978, 'yaw': 3.142}, pose, None, None
406.66, [INFO], r1, skill-success, None, navto, None
406.66, [INFO], r1, started skill, None, approach-arm, None
406.66, [INFO], r1, sent message, None, None, None
406.66, [INFO], r1, skill-success, None, approach-arm, None
406.66, [INFO], r1, started skill, None, open-drawer, None
406.66, [INFO], r1, sent message, None, None, None
406.66, [INFO], r1, skill-success, None, open-drawer, None
406.66, [INFO], r1, started skill, None, pick-up-sample, None
406.66, [INFO], r1, sent message, None, None, None
406.66, [INFO], r1, skill-success, None, pick-up-sample, None
406.66, [INFO], r1, started skill, None, close-drawer, None
406.66, [INFO], r1, sent message, None, None, None
406.66, [INFO], r1, skill-success, None, close-drawer, None
406.66, [WARN], r1, SUCCESS, None, None, None
410.07, [INFO], r1, {'y': 36.069, 'x': -37.003, 'yaw': 3.142}, pose, None, None
410.07, [INFO], r1, {'battery-level': '54.55'}, battery_charge, None, None
