9.29, [INFO], r1, started skill, None, navto, None
10.09, [INFO], r1, {'y': 25.364, 'x': -40.148, 'yaw': 3.14}, pose, None, None
10.09, [INFO], r1, {'battery-level': '74.55'}, battery_charge, None, None
20.04, [INFO], r1, {'y': 23.674, 'x': -38.825, 'yaw': 3.142}, pose, None, None
20.04, [INFO], r1, {'battery-level': '74.05'}, battery_charge, None, None
30.01, [INFO], r1, {'y': 22.283, 'x': -37.401, 'yaw': 3.141}, pose, None, None
30.01, [INFO], r1, {'battery-level': '73.55'}, battery_charge, None, None
40.07, [INFO], r1, {'battery-level': '73.05'}, battery_charge, None, None
40.07, [INFO], r1, {'y': 20.147, 'x': -37.271, 'yaw': -3.14}, pose, None, None
50.01, [INFO], r1, {'y': 18.049, 'x': -37.172, 'yaw': 3.142}, pose, None, None
50.01, [INFO], r1, {'battery-level': '72.55'}, battery_charge, None, None
60.01, [INFO], r1, {'battery-level': '72.05'}, battery_charge, None, None
60.01, [INFO], r1, {'y': 16.101, 'x': -36.717, 'yaw': 3.14}, pose, None, None
70.03, [INFO], r1, {'y': 15.457, 'x': -34.653, 'yaw': -3.142}, pose, None, None
70.03, [INFO], r1, {'battery-level': '71.55'}, battery_charge, None, None
80.04, [INFO], r1, {'y': 15.533, 'x': -32.543, 'yaw': 3.142}, pose, None, None
80.04, [INFO], r1, {'battery-level': '71.05'}, battery_charge, None, None
90.08, [INFO], r1, {'y': 15.607, 'x': -30.426, 'yaw': -3.14}, pose, None, None
90.08, [INFO], r1, {'battery-level': '70.55'}, battery_charge, None, None
100.06, [INFO], r1, {'y': 15.777, 'x': -28.33, 'yaw': 3.142}, pose, None, None
100.06, [INFO], r1, {'battery-level': '70.05'}, battery_charge, None, None
110.04, [INFO], r1, {'y': 16.03, 'x': -26.219, 'yaw': -3.142}, pose, None, None
110.04, [INFO], r1, {'battery-level': '69.55'}, battery_charge, None, None
120.08, [INFO], r1, {'y': 16.137, 'x': -24.102, 'yaw': -3.141}, pose, None, None
120.08, [INFO], r1, {'battery-level': '69.05'}, battery_charge, None, None
130.08, [INFO], r1, {'battery-level': '68.55'}, battery_charge, None, None
130.08, [INFO], r1, {'y': 16.192, 'x': -21.979, 'yaw': 3.142}, pose, None, None
140.03, [INFO], r1, {'y': 16.255, 'x': -19.879, 'yaw': -3.139}, pose, None, None
140.03, [INFO], r1, {'battery-level': '68.05'}, battery_charge, None, None
150.04, [INFO], r1, {'y': 16.161, 'x': -17.77, 'yaw': 3.142}, pose, None, None
150.04, [INFO], r1, {'battery-level': '67.55'}, battery_charge, None, None
160.05, [INFO], r1, {'battery-level': '67.05'}, battery_charge, None, None
160.05, [INFO], r1, {'y': 16.104, 'x': -15.651, 'yaw': 3.141}, pose, None, None
170.01, [INFO], r1, {'battery-level': '66.55'}, battery_charge, None, None
170.01, [INFO], r1, {'y': 16.433, 'x': -13.614, 'yaw': 3.142}, pose, None, None
180.03, [INFO], r1, {'battery-level': '66.05'}, battery_charge, None, None
180.03, [INFO], r1, {'y': 17.916, 'x': -13.575, 'yaw': -3.142}, pose, None, None
190.04, [INFO], r1, {'y': 17.929, 'x': -13.623, 'yaw': 3.141}, pose, None, None
190.04, [INFO], r1, {'battery-level': '65.55'}, battery_charge, None, None
197.66, [INFO], r1, skill-success, None, navto, None
197.66, [INFO], r1, started skill, None, approach-nurse, None
197.66, [INFO], r1, sent message, None, None, None
197.66, [INFO], r1, started skill, None, open-drawer, None
197.66, [INFO], r1, sent message, None, None, None
197.66, [INFO], r1, skill-success, None, open-drawer, None
197.66, [INFO], r1, started skill, None, deposit, None
197.66, [INFO], r1, sent message, None, None, None
197.66, [INFO], r1, skill-success, None, deposit, None
197.66, [INFO], r1, started skill, None, close-drawer, None
197.66, [INFO], r1, sent message, None, None, None
197.66, [INFO], r1, skill-success, None, close-drawer, None
197.66, [INFO], r1, started skill, None, navto, None
200.07, [INFO], r1, {'battery-level': '65.05'}, battery_charge, None, None
200.07, [INFO], r1, {'y': 17.495, 'x': -13.698, 'yaw': 3.142}, pose, None, None
210.09, [INFO], r1, {'battery-level': '64.55'}, battery_charge, None, None
210.09, [INFO], r1, {'y': 16.228, 'x': -14.966, 'yaw': 3.141}, pose, None, None
220.06, [INFO], r1, {'y': 16.139, 'x': -17.079, 'yaw': 3.141}, pose, None, None
220.06, [INFO], r1, {'battery-level': '64.05'}, battery_charge, None, None
230.08, [INFO], r1, {'y': 16.241, 'x': -19.184, 'yaw': -3.142}, pose, None, None
230.08, [INFO], r1, {'battery-level': '63.55'}, battery_charge, None, None
240.06, [INFO], r1, {'y': 16.347, 'x': -21.287, 'yaw': -3.142}, pose, None, None
240.06, [INFO], r1, {'battery-level': '63.05'}, battery_charge, None, None
250.09, [INFO], r1, {'y': 16.184, 'x': -23.395, 'yaw': 3.142}, pose, None, None
250.09, [INFO], r1, {'battery-level': '62.55'}, battery_charge, None, None
260.05, [INFO], r1, {'y': 16.103, 'x': -25.499, 'yaw': 3.14}, pose, None, None
260.05, [INFO], r1, {'battery-level': '62.05'}, battery_charge, None, None
270.07, [INFO], r1, {'y': 15.915, 'x': -27.627, 'yaw': -3.142}, pose, None, None
270.07, [INFO], r1, {'battery-level': '61.55'}, battery_charge, None, None
280.07, [INFO], r1, {'y': 16.015, 'x': -29.724, 'yaw': -3.142}, pose, None, None
280.07, [INFO], r1, {'battery-level': '61.05'}, battery_charge, None, None
290.05, [INFO], r1, {'y': 15.863, 'x': -31.818, 'yaw': 3.141}, pose, None, None
290.05, [INFO], r1, {'battery-level': '60.55'}, battery_charge, None, None
300.01, [INFO], r1, {'y': 15.546, 'x': -33.909, 'yaw': 3.141}, pose, None, None
300.01, [INFO], r1, {'battery-level': '60.05'}, battery_charge, None, None
310.07, [INFO], r1, {'battery-level': '59.55'}, battery_charge, None, None
310.07, [INFO], r1, {'y': 16.217, 'x': -35.726, 'yaw': 3.141}, pose, None, None
320.04, [INFO], r1, {'y': 18.253, 'x': -36.114, 'yaw': 3.141}, pose, None, None
320.04, [INFO], r1, {'battery-level': '59.05'}, battery_charge, None, None
330.06, [INFO], r1, {'battery-level': '58.55'}, battery_charge, None, None
330.06, [INFO], r1, {'y': 20.364, 'x': -36.211, 'yaw': 3.139}, pose, None, None
340.00, [INFO], r1, {'y': 22.465, 'x': -36.285, 'yaw': 3.142}, pose, None, None
340.00, [INFO], r1, {'battery-level': '58.05'}, battery_charge, None, None
350.06, [INFO], r1, {'battery-level': '57.55'}, battery_charge, None, None
350.06, [INFO], r1, {'y': 24.584, 'x': -36.277, 'yaw': 3.14}, pose, None, None
360.06, [INFO], r1, {'battery-level': '57.05'}, battery_charge, None, None
360.06, [INFO], r1, {'y': 26.698, 'x': -36.275, 'yaw': 3.142}, pose, None, None
370.03, [INFO], r1, {'y': 28.81, 'x': -36.348, 'yaw': 3.141}, pose, None, None
370.03, [INFO], r1, {'battery-level': '56.55'}, battery_charge, None, None
380.01, [INFO], r1, {'y': 30.917, 'x': -36.486, 'yaw': 3.142}, pose, None, None
380.01, [INFO], r1, {'battery-level': '56.05'}, battery_charge, None, None
390.03, [INFO], r1, {'y': 33.029, 'x': -36.706, 'yaw': -3.142}, pose, None, None
390.03, [INFO], r1, {'battery-level': '55.55'}, battery_charge, None, None
400.01, [INFO], r1, {'battery-level': '55.05'}, battery_charge, None, None
400.01, [INFO], r1, {'y': 35.122, 'x': -36.941, 'yaw': -3.142}, pose, None, None
410.00, [INFO], r1, {'y': 36.176, 'x': -36.973, 'yaw': -3.142}, pose, None, None
410.00, [INFO], r1, {'battery-level': '54.55'}, battery_charge, None, None
411.84, [INFO], r1, skill-success, None, navto, None
411.84, [INFO], r1, started skill, None, approach-arm, None
411.84, [INFO], r1, sent message, None, None, None
411.84, [INFO], r1, started skill, None, open-drawer, None
411.84, [INFO], r1, sent message, None, None, None
411.84, [INFO], r1, skill-success, None, open-drawer, None
411.84, [INFO], r1, started skill, None, pick-up-sample, None
411.84, [INFO], r1, sent message, None, None, None
411.84, [INFO], r1, skill-success, None, pick-up-sample, None
411.84, [INFO], r1, started skill, None, close-drawer, None
411.84, [INFO], r1, sent message, None, None, None
411.84, [INFO], r1, skill-success, None, close-drawer, None
411.84, [WARN], r1, SUCCESS, None, None, None
