0.19, [DEBUG], logger, ROBOTS_CONFIG={'capabilities': ['approach_person', 'approach_robot', 'authenticate_person', 'navigation', 'operate_drawer'], 'battery_charge': 0.75, 'nurse_pose': [-27.25, 13.0, 1.57], 'robot_pose': [-39.44, 33.95, 0.0]}, None, None, None
0.19, [DEBUG], logger, Simulation open, None, None, None
10.10, [INFO], r1, {'battery-level': '74.55'}, battery_charge, None, None
10.10, [INFO], r1, {'y': 33.95, 'x': -39.44, 'yaw': -3.142}, pose, None, None
10.59, [INFO], r1, started skill, None, navto, None
20.03, [INFO], r1, {'y': 34.561, 'x': -37.622, 'yaw': -3.142}, pose, None, None
20.03, [INFO], r1, {'battery-level': '74.05'}, battery_charge, None, None
30.05, [INFO], r1, {'y': 32.689, 'x': -37.071, 'yaw': 3.142}, pose, None, None
30.05, [INFO], r1, {'battery-level': '73.55'}, battery_charge, None, None
40.06, [INFO], r1, {'battery-level': '73.05'}, battery_charge, None, None
40.06, [INFO], r1, {'y': 30.573, 'x': -37.033, 'yaw': 3.141}, pose, None, None
50.05, [INFO], r1, {'y': 28.44, 'x': -36.971, 'yaw': 3.141}, pose, None, None
50.05, [INFO], r1, {'battery-level': '72.55'}, battery_charge, None, None
60.08, [INFO], r1, {'battery-level': '72.05'}, battery_charge, None, None
60.08, [INFO], r1, {'y': 26.323, 'x': -36.982, 'yaw': 3.14}, pose, None, None
70.05, [INFO], r1, {'y': 24.218, 'x': -36.998, 'yaw': 3.141}, pose, None, None
70.05, [INFO], r1, {'battery-level': '71.55'}, battery_charge, None, None
80.08, [INFO], r1, {'y': 22.085, 'x': -37.127, 'yaw': 3.142}, pose, None, None
80.08, [INFO], r1, {'battery-level': '71.05'}, battery_charge, None, None
90.08, [INFO], r1, {'y': 19.979, 'x': -37.105, 'yaw': -3.138}, pose, None, None
90.08, [INFO], r1, {'battery-level': '70.55'}, battery_charge, None, None
100.08, [INFO], r1, {'y': 17.864, 'x': -37.049, 'yaw': 3.141}, pose, None, None
100.08, [INFO], r1, {'battery-level': '70.05'}, battery_charge, None, None
110.08, [INFO], r1, {'y': 15.868, 'x': -36.723, 'yaw': 3.141}, pose, None, None
110.08, [INFO], r1, {'battery-level': '69.55'}, battery_charge, None, None
120.09, [INFO], r1, {'y': 15.381, 'x': -34.635, 'yaw': -3.141}, pose, None, None
120.09, [INFO], r1, {'battery-level': '69.05'}, battery_charge, None, None
130.07, [INFO], r1, {'y': 15.511, 'x': -32.515, 'yaw': -3.142}, pose, None, None
130.07, [INFO], r1, {'battery-level': '68.55'}, battery_charge, None, None
140.03, [INFO], r1, {'y': 15.604, 'x': -30.408, 'yaw': -3.141}, pose, None, None
140.03, [INFO], r1, {'battery-level': '68.05'}, battery_charge, None, None
150.04, [INFO], r1, {'battery-level': '67.55'}, battery_charge, None, None
150.04, [INFO], r1, {'y': 15.757, 'x': -28.291, 'yaw': 3.142}, pose, None, None
160.02, [INFO], r1, {'battery-level': '67.05'}, battery_charge, None, None
160.02, [INFO], r1, {'y': 14.517, 'x': -27.249, 'yaw': 3.141}, pose, None, None
170.07, [INFO], r1, {'y': 12.974, 'x': -27.386, 'yaw': -3.142}, pose, None, None
170.07, [INFO], r1, {'battery-level': '66.55'}, battery_charge, None, None
175.60, [INFO], r1, skill-success, None, navto, None
175.60, [INFO], r1, started skill, None, approach-nurse, None
175.60, [WARN], r1, SKILL-FAILURE, None, approach-nurse, None
