9.06, [INFO], r1, started skill, None, navto, None
10.03, [INFO], r1, {'y': 33.96, 'x': -39.307, 'yaw': 3.141}, pose, None, None
10.03, [INFO], r1, {'battery-level': '74.55'}, battery_charge, None, None
20.03, [INFO], r1, {'y': 34.403, 'x': -37.335, 'yaw': -3.142}, pose, None, None
20.03, [INFO], r1, {'battery-level': '74.05'}, battery_charge, None, None
30.03, [INFO], r1, {'y': 32.356, 'x': -37.01, 'yaw': 3.141}, pose, None, None
30.03, [INFO], r1, {'battery-level': '73.55'}, battery_charge, None, None
40.05, [INFO], r1, {'battery-level': '73.05'}, battery_charge, None, None
40.05, [INFO], r1, {'y': 30.235, 'x': -37.048, 'yaw': 3.141}, pose, None, None
50.07, [INFO], r1, {'y': 28.101, 'x': -36.982, 'yaw': 3.142}, pose, None, None
50.07, [INFO], r1, {'battery-level': '72.55'}, battery_charge, None, None
60.08, [INFO], r1, {'y': 25.988, 'x': -36.997, 'yaw': 3.141}, pose, None, None
60.08, [INFO], r1, {'battery-level': '72.05'}, battery_charge, None, None
70.09, [INFO], r1, {'y': 23.874, 'x': -37.008, 'yaw': 3.14}, pose, None, None
70.09, [INFO], r1, {'battery-level': '71.55'}, battery_charge, None, None
80.05, [INFO], r1, {'y': 21.781, 'x': -37.101, 'yaw': -3.142}, pose, None, None
80.05, [INFO], r1, {'battery-level': '71.05'}, battery_charge, None, None
90.06, [INFO], r1, {'y': 19.665, 'x': -37.047, 'yaw': 3.141}, pose, None, None
90.06, [INFO], r1, {'battery-level': '70.55'}, battery_charge, None, None
100.04, [INFO], r1, {'battery-level': '70.05'}, battery_charge, None, None
100.04, [INFO], r1, {'y': 17.559, 'x': -36.95, 'yaw': 3.14}, pose, None, None
110.01, [INFO], r1, {'battery-level': '69.55'}, battery_charge, None, None
110.01, [INFO], r1, {'y': 15.817, 'x': -36.264, 'yaw': 3.142}, pose, None, None
120.07, [INFO], r1, {'battery-level': '69.05'}, battery_charge, None, None
120.07, [INFO], r1, {'y': 15.422, 'x': -34.158, 'yaw': -3.141}, pose, None, None
130.04, [INFO], r1, {'battery-level': '68.55'}, battery_charge, None, None
130.04, [INFO], r1, {'y': 15.539, 'x': -32.051, 'yaw': -3.142}, pose, None, None
140.03, [INFO], r1, {'y': 15.639, 'x': -29.929, 'yaw': 3.141}, pose, None, None
140.03, [INFO], r1, {'battery-level': '68.05'}, battery_charge, None, None
150.09, [INFO], r1, {'battery-level': '67.55'}, battery_charge, None, None
150.09, [INFO], r1, {'y': 15.771, 'x': -27.802, 'yaw': -3.141}, pose, None, None
160.06, [INFO], r1, {'y': 15.827, 'x': -25.707, 'yaw': 3.142}, pose, None, None
160.06, [INFO], r1, {'battery-level': '67.05'}, battery_charge, None, None
170.03, [INFO], r1, {'battery-level': '66.55'}, battery_charge, None, None
170.03, [INFO], r1, {'y': 15.803, 'x': -23.613, 'yaw': 3.14}, pose, None, None
180.08, [INFO], r1, {'y': 15.713, 'x': -21.494, 'yaw': 3.14}, pose, None, None
180.08, [INFO], r1, {'battery-level': '66.05'}, battery_charge, None, None
190.06, [INFO], r1, {'battery-level': '65.55'}, battery_charge, None, None
190.06, [INFO], r1, {'y': 15.365, 'x': -19.404, 'yaw': 3.141}, pose, None, None
200.01, [INFO], r1, {'battery-level': '65.05'}, battery_charge, None, None
200.01, [INFO], r1, {'y': 14.006, 'x': -18.079, 'yaw': -3.141}, pose, None, None
210.05, [INFO], r1, {'y': 12.938, 'x': -18.146, 'yaw': 3.142}, pose, None, None
210.05, [INFO], r1, {'battery-level': '64.55'}, battery_charge, None, None
213.10, [INFO], r1, skill-success, None, navto, None
213.10, [INFO], r1, started skill, None, approach-nurse, None
213.10, [INFO], r1, sent message, None, None, None
213.10, [INFO], r1, skill-success, None, approach-nurse, None
213.10, [INFO], r1, started skill, None, authenticate-nurse, None
213.10, [INFO], r1, sent message, None, None, None
213.10, [INFO], r1, skill-success, None, authenticate-nurse, None
213.10, [INFO], r1, started skill, None, open-drawer, None
213.10, [INFO], r1, sent message, None, None, None
213.10, [INFO], r1, skill-success, None, open-drawer, None
213.10, [INFO], r1, started skill, None, deposit, None
213.10, [INFO], r1, sent message, None, None, None
213.10, [INFO], r1, skill-success, None, deposit, None
213.10, [INFO], r1, started skill, None, close-drawer, None
213.10, [INFO], r1, sent message, None, None, None
213.10, [INFO], r1, skill-success, None, close-drawer, None
213.10, [INFO], r1, started skill, None, navto, None
220.06, [INFO], r1, {'y': 14.349, 'x': -18.192, 'yaw': 3.141}, pose, None, None
220.06, [INFO], r1, {'battery-level': '64.05'}, battery_charge, None, None
230.01, [INFO], r1, {'y': 15.419, 'x': -19.945, 'yaw': -3.142}, pose, None, None
230.01, [INFO], r1, {'battery-level': '63.55'}, battery_charge, None, None
240.07, [INFO], r1, {'battery-level': '63.05'}, battery_charge, None, None
240.07, [INFO], r1, {'y': 15.753, 'x': -22.041, 'yaw': -3.141}, pose, None, None
250.04, [INFO], r1, {'battery-level': '62.55'}, battery_charge, None, None
250.04, [INFO], r1, {'y': 15.721, 'x': -24.137, 'yaw': -3.142}, pose, None, None
260.07, [INFO], r1, {'y': 15.816, 'x': -26.241, 'yaw': 3.142}, pose, None, None
260.07, [INFO], r1, {'battery-level': '62.05'}, battery_charge, None, None
270.04, [INFO], r1, {'y': 15.915, 'x': -28.358, 'yaw': 3.142}, pose, None, None
270.04, [INFO], r1, {'battery-level': '61.55'}, battery_charge, None, None
280.02, [INFO], r1, {'y': 15.94, 'x': -30.452, 'yaw': 3.142}, pose, None, None
280.02, [INFO], r1, {'battery-level': '61.05'}, battery_charge, None, None
290.05, [INFO], r1, {'battery-level': '60.55'}, battery_charge, None, None
290.05, [INFO], r1, {'y': 15.771, 'x': -32.565, 'yaw': -3.141}, pose, None, None
300.07, [INFO], r1, {'y': 15.386, 'x': -34.672, 'yaw': -3.142}, pose, None, None
300.07, [INFO], r1, {'battery-level': '60.05'}, battery_charge, None, None
310.08, [INFO], r1, {'y': 16.95, 'x': -36.041, 'yaw': 3.142}, pose, None, None
310.08, [INFO], r1, {'battery-level': '59.55'}, battery_charge, None, None
320.04, [INFO], r1, {'battery-level': '59.05'}, battery_charge, None, None
320.04, [INFO], r1, {'y': 19.044, 'x': -36.167, 'yaw': 3.141}, pose, None, None
330.06, [INFO], r1, {'battery-level': '58.55'}, battery_charge, None, None
330.06, [INFO], r1, {'y': 21.158, 'x': -36.229, 'yaw': 3.141}, pose, None, None
340.03, [INFO], r1, {'y': 23.256, 'x': -36.333, 'yaw': 3.141}, pose, None, None
340.03, [INFO], r1, {'battery-level': '58.05'}, battery_charge, None, None
350.08, [INFO], r1, {'y': 25.384, 'x': -36.268, 'yaw': 3.141}, pose, None, None
350.08, [INFO], r1, {'battery-level': '57.55'}, battery_charge, None, None
360.06, [INFO], r1, {'y': 27.49, 'x': -36.351, 'yaw': 3.14}, pose, None, None
360.06, [INFO], r1, {'battery-level': '57.05'}, battery_charge, None, None
370.03, [INFO], r1, {'battery-level': '56.55'}, battery_charge, None, None
370.03, [INFO], r1, {'y': 29.59, 'x': -36.411, 'yaw': 3.142}, pose, None, None
380.01, [INFO], r1, {'y': 31.7, 'x': -36.514, 'yaw': 3.142}, pose, None, None
380.01, [INFO], r1, {'battery-level': '56.05'}, battery_charge, None, None
390.02, [INFO], r1, {'battery-level': '55.55'}, battery_charge, None, None
390.02, [INFO], r1, {'y': 33.804, 'x': -36.861, 'yaw': -3.142}, pose, None, None
400.02, [INFO], r1, {'y': 35.889, 'x': -36.957, 'yaw': -3.142}, pose, None, None
400.02, [INFO], r1, {'battery-level': '55.05'}, battery_charge, None, None
410.06, [INFO], r1, {'battery-level': '54.55'}, battery_charge, None, None
410.06, [INFO], r1, {'y': 36.115, 'x': -36.97, 'yaw': 3.142}, pose, None, None
411.52, [INFO], r1, skill-success, None, navto, None
411.52, [INFO], r1, started skill, None, approach-arm, None
411.52, [INFO], r1, sent message, None, None, None
411.52, [INFO], r1, skill-success, None, approach-arm, None
411.52, [INFO], r1, started skill, None, open-drawer, None
411.52, [INFO], r1, sent message, None, None, None
411.52, [INFO], r1, skill-success, None, open-drawer, None
411.52, [INFO], r1, started skill, None, pick-up-sample, None
411.52, [INFO], r1, sent message, None, None, None
411.52, [INFO], r1, skill-success, None, pick-up-sample, None
411.52, [INFO], r1, started skill, None, close-drawer, None
411.52, [INFO], r1, sent message, None, None, None
411.52, [INFO], r1, skill-success, None, close-drawer, None
411.52, [WARN], r1, SUCCESS, None, None, None
420.04, [INFO], r1, {'y': 36.114, 'x': -36.971, 'yaw': 3.142}, pose, None, None
420.04, [INFO], r1, {'battery-level': '54.05'}, battery_charge, None, None
