9.46, [INFO], r1, started skill, None, navto, None
10.06, [INFO], r1, {'y': 33.951, 'x': -39.381, 'yaw': 3.141}, pose, None, None
10.06, [INFO], r1, {'battery-level': '74.55'}, battery_charge, None, None
20.10, [INFO], r1, {'y': 34.491, 'x': -37.374, 'yaw': -3.142}, pose, None, None
20.10, [INFO], r1, {'battery-level': '74.05'}, battery_charge, None, None
30.04, [INFO], r1, {'y': 32.5, 'x': -37.013, 'yaw': -3.141}, pose, None, None
30.04, [INFO], r1, {'battery-level': '73.55'}, battery_charge, None, None
40.08, [INFO], r1, {'y': 30.386, 'x': -37.046, 'yaw': -3.141}, pose, None, None
40.08, [INFO], r1, {'battery-level': '73.05'}, battery_charge, None, None
50.02, [INFO], r1, {'y': 28.291, 'x': -36.993, 'yaw': -3.141}, pose, None, None
50.02, [INFO], r1, {'battery-level': '72.55'}, battery_charge, None, None
60.04, [INFO], r1, {'y': 26.18, 'x': -37.01, 'yaw': 3.142}, pose, None, None
60.04, [INFO], r1, {'battery-level': '72.05'}, battery_charge, None, None
70.08, [INFO], r1, {'battery-level': '71.55'}, battery_charge, None, None
70.08, [INFO], r1, {'y': 24.058, 'x': -37.021, 'yaw': -3.142}, pose, None, None
80.01, [INFO], r1, {'battery-level': '71.05'}, battery_charge, None, None
80.01, [INFO], r1, {'y': 21.973, 'x': -37.136, 'yaw': 3.142}, pose, None, None
90.05, [INFO], r1, {'y': 19.865, 'x': -37.098, 'yaw': -3.136}, pose, None, None
90.05, [INFO], r1, {'battery-level': '70.55'}, battery_charge, None, None
100.08, [INFO], r1, {'y': 17.751, 'x': -36.999, 'yaw': 3.14}, pose, None, None
100.08, [INFO], r1, {'battery-level': '70.05'}, battery_charge, None, None
110.02, [INFO], r1, {'battery-level': '69.55'}, battery_charge, None, None
110.02, [INFO], r1, {'y': 15.893, 'x': -36.546, 'yaw': 3.14}, pose, None, None
120.05, [INFO], r1, {'y': 15.34, 'x': -34.477, 'yaw': 3.141}, pose, None, None
120.05, [INFO], r1, {'battery-level': '69.05'}, battery_charge, None, None
130.09, [INFO], r1, {'y': 15.527, 'x': -32.355, 'yaw': -3.142}, pose, None, None
130.09, [INFO], r1, {'battery-level': '68.55'}, battery_charge, None, None
140.03, [INFO], r1, {'battery-level': '68.05'}, battery_charge, None, None
140.03, [INFO], r1, {'y': 15.652, 'x': -30.261, 'yaw': 3.141}, pose, None, None
150.06, [INFO], r1, {'y': 15.87, 'x': -28.15, 'yaw': -3.142}, pose, None, None
150.06, [INFO], r1, {'battery-level': '67.55'}, battery_charge, None, None
160.09, [INFO], r1, {'y': 15.864, 'x': -26.028, 'yaw': 3.139}, pose, None, None
160.09, [INFO], r1, {'battery-level': '67.05'}, battery_charge, None, None
170.03, [INFO], r1, {'y': 15.761, 'x': -23.929, 'yaw': 3.14}, pose, None, None
170.03, [INFO], r1, {'battery-level': '66.55'}, battery_charge, None, None
180.06, [INFO], r1, {'y': 15.717, 'x': -21.821, 'yaw': 3.142}, pose, None, None
180.06, [INFO], r1, {'battery-level': '66.05'}, battery_charge, None, None
190.09, [INFO], r1, {'y': 15.521, 'x': -19.705, 'yaw': 3.141}, pose, None, None
190.09, [INFO], r1, {'battery-level': '65.55'}, battery_charge, None, None
200.02, [INFO], r1, {'battery-level': '65.05'}, battery_charge, None, None
200.02, [INFO], r1, {'y': 14.349, 'x': -18.058, 'yaw': 3.142}, pose, None, None
210.06, [INFO], r1, {'y': 12.919, 'x': -18.117, 'yaw': 3.141}, pose, None, None
210.06, [INFO], r1, {'battery-level': '64.55'}, battery_charge, None, None
220.09, [INFO], r1, {'y': 12.889, 'x': -18.121, 'yaw': -3.142}, pose, None, None
220.09, [INFO], r1, {'battery-level': '64.05'}, battery_charge, None, None
223.80, [INFO], r1, skill-success, None, navto, None
223.80, [INFO], r1, started skill, None, approach-nurse, None
223.80, [INFO], r1, sent message, None, None, None
223.80, [INFO], r1, skill-success, None, approach-nurse, None
223.80, [INFO], r1, started skill, None, open-drawer, None
223.80, [INFO], r1, sent message, None, None, None
223.80, [INFO], r1, skill-success, None, open-drawer, None
223.80, [INFO], r1, started skill, None, deposit, None
223.80, [INFO], r1, sent message, None, None, None
223.80, [INFO], r1, skill-success, None, deposit, None
223.80, [INFO], r1, started skill, None, close-drawer, None
223.80, [INFO], r1, sent message, None, None, None
223.80, [INFO], r1, skill-success, None, close-drawer, None
223.80, [INFO], r1, started skill, None, navto, None
230.03, [INFO], r1, {'y': 14.138, 'x': -18.174, 'yaw': -3.139}, pose, None, None
230.03, [INFO], r1, {'battery-level': '63.55'}, battery_charge, None, None
240.06, [INFO], r1, {'y': 15.428, 'x': -19.708, 'yaw': 3.141}, pose, None, None
240.06, [INFO], r1, {'battery-level': '63.05'}, battery_charge, None, None
250.09, [INFO], r1, {'battery-level': '62.55'}, battery_charge, None, None
250.09, [INFO], r1, {'y': 15.711, 'x': -21.828, 'yaw': -3.142}, pose, None, None
260.03, [INFO], r1, {'battery-level': '62.05'}, battery_charge, None, None
260.03, [INFO], r1, {'y': 15.667, 'x': -23.923, 'yaw': 3.141}, pose, None, None
270.06, [INFO], r1, {'y': 15.715, 'x': -26.027, 'yaw': -3.139}, pose, None, None
270.06, [INFO], r1, {'battery-level': '61.55'}, battery_charge, None, None
280.09, [INFO], r1, {'battery-level': '61.05'}, battery_charge, None, None
280.09, [INFO], r1, {'y': 15.881, 'x': -28.143, 'yaw': -3.142}, pose, None, None
290.03, [INFO], r1, {'y': 15.832, 'x': -30.239, 'yaw': 3.142}, pose, None, None
290.03, [INFO], r1, {'battery-level': '60.55'}, battery_charge, None, None
300.07, [INFO], r1, {'y': 15.717, 'x': -32.363, 'yaw': 3.14}, pose, None, None
300.07, [INFO], r1, {'battery-level': '60.05'}, battery_charge, None, None
310.09, [INFO], r1, {'battery-level': '59.55'}, battery_charge, None, None
310.09, [INFO], r1, {'y': 15.412, 'x': -34.481, 'yaw': 3.141}, pose, None, None
320.02, [INFO], r1, {'y': 16.739, 'x': -36.049, 'yaw': 3.142}, pose, None, None
320.02, [INFO], r1, {'battery-level': '59.05'}, battery_charge, None, None
330.05, [INFO], r1, {'battery-level': '58.55'}, battery_charge, None, None
330.05, [INFO], r1, {'y': 18.854, 'x': -36.155, 'yaw': -3.137}, pose, None, None
340.08, [INFO], r1, {'y': 20.976, 'x': -36.263, 'yaw': 3.141}, pose, None, None
340.08, [INFO], r1, {'battery-level': '58.05'}, battery_charge, None, None
350.02, [INFO], r1, {'battery-level': '57.55'}, battery_charge, None, None
350.02, [INFO], r1, {'y': 23.069, 'x': -36.319, 'yaw': 3.142}, pose, None, None
360.06, [INFO], r1, {'y': 25.185, 'x': -36.258, 'yaw': -3.141}, pose, None, None
360.06, [INFO], r1, {'battery-level': '57.05'}, battery_charge, None, None
370.08, [INFO], r1, {'battery-level': '56.55'}, battery_charge, None, None
370.08, [INFO], r1, {'y': 27.302, 'x': -36.281, 'yaw': -3.142}, pose, None, None
380.02, [INFO], r1, {'battery-level': '56.05'}, battery_charge, None, None
380.02, [INFO], r1, {'y': 29.385, 'x': -36.355, 'yaw': 3.14}, pose, None, None
390.04, [INFO], r1, {'y': 31.502, 'x': -36.493, 'yaw': 3.141}, pose, None, None
390.04, [INFO], r1, {'battery-level': '55.55'}, battery_charge, None, None
400.07, [INFO], r1, {'y': 33.611, 'x': -36.8, 'yaw': 3.142}, pose, None, None
400.07, [INFO], r1, {'battery-level': '55.05'}, battery_charge, None, None
410.01, [INFO], r1, {'y': 35.709, 'x': -36.928, 'yaw': 3.14}, pose, None, None
410.01, [INFO], r1, {'battery-level': '54.55'}, battery_charge, None, None
419.45, [INFO], r1, skill-success, None, navto, None
419.45, [INFO], r1, started skill, None, approach-arm, None
419.45, [INFO], r1, started skill, None, open-drawer, None
419.45, [INFO], r1, sent message, None, None, None
419.45, [INFO], r1, skill-success, None, open-drawer, None
419.45, [INFO], r1, started skill, None, pick-up-sample, None
419.45, [INFO], r1, sent message, None, None, None
419.45, [INFO], r1, skill-success, None, pick-up-sample, None
419.45, [INFO], r1, started skill, None, close-drawer, None
419.45, [INFO], r1, sent message, None, None, None
419.45, [INFO], r1, skill-success, None, close-drawer, None
419.45, [WARN], r1, SUCCESS, None, None, None
420.05, [INFO], r1, {'battery-level': '54.05'}, battery_charge, None, None
420.05, [INFO], r1, {'y': 36.122, 'x': -37.0, 'yaw': -3.142}, pose, None, None
