9.89, [INFO], r1, started skill, None, navto, None
10.08, [INFO], r1, {'battery-level': '74.60'}, battery_charge, None, None
10.08, [INFO], r1, {'y': 33.95, 'x': -39.44, 'yaw': -3.142}, pose, None, None
20.01, [INFO], r1, {'y': 34.545, 'x': -37.501, 'yaw': -3.141}, pose, None, None
20.01, [INFO], r1, {'battery-level': '74.10'}, battery_charge, None, None
30.04, [INFO], r1, {'battery-level': '73.60'}, battery_charge, None, None
30.04, [INFO], r1, {'y': 32.588, 'x': -37.012, 'yaw': 3.14}, pose, None, None
40.00, [INFO], r1, {'battery-level': '73.10'}, battery_charge, None, None
40.00, [INFO], r1, {'y': 30.479, 'x': -37.051, 'yaw': 3.141}, pose, None, None
50.06, [INFO], r1, {'battery-level': '72.60'}, battery_charge, None, None
50.06, [INFO], r1, {'y': 28.363, 'x': -37.037, 'yaw': 3.141}, pose, None, None
60.08, [INFO], r1, {'y': 26.236, 'x': -37.028, 'yaw': 3.141}, pose, None, None
60.08, [INFO], r1, {'battery-level': '72.10'}, battery_charge, None, None
70.09, [INFO], r1, {'y': 24.13, 'x': -37.043, 'yaw': 3.141}, pose, None, None
70.09, [INFO], r1, {'battery-level': '71.60'}, battery_charge, None, None
80.01, [INFO], r1, {'y': 22.043, 'x': -37.161, 'yaw': 3.142}, pose, None, None
80.01, [INFO], r1, {'battery-level': '71.10'}, battery_charge, None, None
90.09, [INFO], r1, {'y': 19.916, 'x': -37.141, 'yaw': -3.141}, pose, None, None
90.09, [INFO], r1, {'battery-level': '70.60'}, battery_charge, None, None
100.09, [INFO], r1, {'battery-level': '70.10'}, battery_charge, None, None
100.09, [INFO], r1, {'y': 17.792, 'x': -37.089, 'yaw': 3.14}, pose, None, None
110.00, [INFO], r1, {'y': 15.86, 'x': -36.676, 'yaw': 3.141}, pose, None, None
110.00, [INFO], r1, {'battery-level': '69.60'}, battery_charge, None, None
120.06, [INFO], r1, {'y': 15.406, 'x': -34.578, 'yaw': -3.141}, pose, None, None
120.06, [INFO], r1, {'battery-level': '69.10'}, battery_charge, None, None
130.05, [INFO], r1, {'y': 15.545, 'x': -32.467, 'yaw': -3.142}, pose, None, None
130.05, [INFO], r1, {'battery-level': '68.60'}, battery_charge, None, None
140.08, [INFO], r1, {'y': 15.583, 'x': -30.349, 'yaw': 3.141}, pose, None, None
140.08, [INFO], r1, {'battery-level': '68.10'}, battery_charge, None, None
150.07, [INFO], r1, {'y': 15.764, 'x': -28.649, 'yaw': -3.141}, pose, None, None
150.07, [INFO], r1, {'battery-level': '67.60'}, battery_charge, None, None
160.04, [INFO], r1, {'y': 15.78, 'x': -28.598, 'yaw': -3.142}, pose, None, None
160.04, [INFO], r1, {'battery-level': '67.10'}, battery_charge, None, None
170.08, [INFO], r1, {'y': 15.78, 'x': -28.598, 'yaw': 3.142}, pose, None, None
170.08, [INFO], r1, {'battery-level': '66.60'}, battery_charge, None, None
180.08, [INFO], r1, {'y': 15.78, 'x': -28.598, 'yaw': -3.142}, pose, None, None
180.08, [INFO], r1, {'battery-level': '66.10'}, battery_charge, None, None
190.01, [INFO], r1, {'y': 15.793, 'x': -28.571, 'yaw': 3.141}, pose, None, None
190.01, [INFO], r1, {'battery-level': '65.60'}, battery_charge, None, None
200.03, [INFO], r1, {'battery-level': '65.10'}, battery_charge, None, None
200.03, [INFO], r1, {'y': 15.792, 'x': -28.566, 'yaw': -3.142}, pose, None, None
210.04, [INFO], r1, {'y': 16.303, 'x': -28.498, 'yaw': -3.142}, pose, None, None
210.04, [INFO], r1, {'battery-level': '64.60'}, battery_charge, None, None
220.04, [INFO], r1, {'y': 16.895, 'x': -28.639, 'yaw': 3.141}, pose, None, None
220.04, [INFO], r1, {'battery-level': '64.10'}, battery_charge, None, None
230.05, [INFO], r1, {'y': 16.845, 'x': -28.452, 'yaw': 3.14}, pose, None, None
230.05, [INFO], r1, {'battery-level': '63.60'}, battery_charge, None, None
240.04, [INFO], r1, {'y': 16.542, 'x': -28.674, 'yaw': 3.142}, pose, None, None
240.04, [INFO], r1, {'battery-level': '63.10'}, battery_charge, None, None
250.06, [INFO], r1, {'y': 16.636, 'x': -28.51, 'yaw': 3.14}, pose, None, None
250.06, [INFO], r1, {'battery-level': '62.60'}, battery_charge, None, None
260.07, [INFO], r1, {'y': 16.994, 'x': -28.42, 'yaw': -3.14}, pose, None, None
260.07, [INFO], r1, {'battery-level': '62.10'}, battery_charge, None, None
270.03, [INFO], r1, {'y': 16.992, 'x': -28.456, 'yaw': 3.138}, pose, None, None
270.03, [INFO], r1, {'battery-level': '61.60'}, battery_charge, None, None
280.08, [INFO], r1, {'battery-level': '61.10'}, battery_charge, None, None
280.08, [INFO], r1, {'y': 16.844, 'x': -28.447, 'yaw': -3.141}, pose, None, None
290.06, [INFO], r1, {'y': 17.073, 'x': -28.589, 'yaw': 3.141}, pose, None, None
290.06, [INFO], r1, {'battery-level': '60.60'}, battery_charge, None, None
300.04, [INFO], r1, {'y': 16.633, 'x': -28.627, 'yaw': 3.141}, pose, None, None
300.04, [INFO], r1, {'battery-level': '60.10'}, battery_charge, None, None
310.05, [INFO], r1, {'y': 16.897, 'x': -28.562, 'yaw': -3.142}, pose, None, None
310.05, [INFO], r1, {'battery-level': '59.60'}, battery_charge, None, None
320.04, [INFO], r1, {'y': 16.962, 'x': -28.292, 'yaw': -3.141}, pose, None, None
320.04, [INFO], r1, {'battery-level': '59.10'}, battery_charge, None, None
330.00, [INFO], r1, {'y': 16.859, 'x': -28.581, 'yaw': -3.141}, pose, None, None
330.00, [INFO], r1, {'battery-level': '58.60'}, battery_charge, None, None
339.59, [WARN], r1, SKILL-FAILURE, None, navto, None
340.07, [INFO], r1, {'y': 17.127, 'x': -28.289, 'yaw': 3.141}, pose, None, None
340.07, [INFO], r1, {'battery-level': '58.10'}, battery_charge, None, None
350.05, [INFO], r1, {'y': 17.127, 'x': -28.288, 'yaw': -3.142}, pose, None, None
350.05, [INFO], r1, {'battery-level': '57.60'}, battery_charge, None, None
