0.19, [DEBUG], logger, ROBOTS_CONFIG={'capabilities': ['approach_person', 'approach_robot', 'authenticate_person', 'navigation', 'operate_drawer'], 'battery_charge': 0.75, 'nurse_pose': [-21.0, 18.0, -1.57], 'robot_pose': [-39.44, 33.95, 0.0]}, None, None, None
0.19, [DEBUG], logger, Simulation open, None, None, None
10.08, [INFO], r1, {'y': 33.95, 'x': -39.44, 'yaw': 3.142}, pose, None, None
10.08, [INFO], r1, {'battery-level': '74.55'}, battery_charge, None, None
10.77, [INFO], r1, started skill, None, navto, None
20.00, [INFO], r1, {'y': 34.579, 'x': -37.687, 'yaw': -3.139}, pose, None, None
20.00, [INFO], r1, {'battery-level': '74.05'}, battery_charge, None, None
30.04, [INFO], r1, {'y': 32.726, 'x': -37.053, 'yaw': 3.14}, pose, None, None
30.04, [INFO], r1, {'battery-level': '73.55'}, battery_charge, None, None
40.05, [INFO], r1, {'y': 30.607, 'x': -36.996, 'yaw': 3.141}, pose, None, None
40.05, [INFO], r1, {'battery-level': '73.05'}, battery_charge, None, None
50.05, [INFO], r1, {'y': 28.492, 'x': -37.016, 'yaw': 3.141}, pose, None, None
50.05, [INFO], r1, {'battery-level': '72.55'}, battery_charge, None, None
60.04, [INFO], r1, {'y': 26.394, 'x': -37.031, 'yaw': 3.14}, pose, None, None
60.04, [INFO], r1, {'battery-level': '72.05'}, battery_charge, None, None
70.02, [INFO], r1, {'y': 24.293, 'x': -37.048, 'yaw': 3.141}, pose, None, None
70.02, [INFO], r1, {'battery-level': '71.55'}, battery_charge, None, None
80.03, [INFO], r1, {'y': 22.185, 'x': -37.135, 'yaw': -3.142}, pose, None, None
80.03, [INFO], r1, {'battery-level': '71.05'}, battery_charge, None, None
90.05, [INFO], r1, {'y': 20.086, 'x': -37.198, 'yaw': -3.138}, pose, None, None
90.05, [INFO], r1, {'battery-level': '70.55'}, battery_charge, None, None
100.06, [INFO], r1, {'y': 17.972, 'x': -37.1, 'yaw': -3.142}, pose, None, None
100.06, [INFO], r1, {'battery-level': '70.05'}, battery_charge, None, None
110.08, [INFO], r1, {'y': 15.991, 'x': -36.679, 'yaw': 3.142}, pose, None, None
110.08, [INFO], r1, {'battery-level': '69.55'}, battery_charge, None, None
120.07, [INFO], r1, {'battery-level': '69.05'}, battery_charge, None, None
120.07, [INFO], r1, {'y': 15.431, 'x': -34.62, 'yaw': -3.141}, pose, None, None
130.06, [INFO], r1, {'y': 15.556, 'x': -32.504, 'yaw': -3.141}, pose, None, None
130.06, [INFO], r1, {'battery-level': '68.55'}, battery_charge, None, None
140.04, [INFO], r1, {'battery-level': '68.05'}, battery_charge, None, None
140.04, [INFO], r1, {'y': 15.542, 'x': -30.396, 'yaw': 3.141}, pose, None, None
150.03, [INFO], r1, {'y': 15.766, 'x': -28.297, 'yaw': 3.141}, pose, None, None
150.03, [INFO], r1, {'battery-level': '67.55'}, battery_charge, None, None
160.02, [INFO], r1, {'y': 16.154, 'x': -26.199, 'yaw': 3.142}, pose, None, None
160.02, [INFO], r1, {'battery-level': '67.05'}, battery_charge, None, None
170.09, [INFO], r1, {'battery-level': '66.55'}, battery_charge, None, None
170.09, [INFO], r1, {'y': 16.102, 'x': -24.087, 'yaw': 3.141}, pose, None, None
180.07, [INFO], r1, {'battery-level': '66.05'}, battery_charge, None, None
180.07, [INFO], r1, {'y': 16.192, 'x': -21.977, 'yaw': 3.142}, pose, None, None
190.07, [INFO], r1, {'y': 17.559, 'x': -20.929, 'yaw': 3.142}, pose, None, None
190.07, [INFO], r1, {'battery-level': '65.55'}, battery_charge, None, None
200.04, [INFO], r1, {'battery-level': '65.05'}, battery_charge, None, None
200.04, [INFO], r1, {'y': 17.968, 'x': -21.063, 'yaw': 3.141}, pose, None, None
210.05, [INFO], r1, {'y': 18.016, 'x': -21.142, 'yaw': 3.142}, pose, None, None
210.05, [INFO], r1, {'battery-level': '64.55'}, battery_charge, None, None
211.52, [INFO], r1, skill-success, None, navto, None
211.52, [INFO], r1, started skill, None, approach-nurse, None
211.52, [INFO], r1, sent message, None, None, None
211.52, [INFO], r1, skill-success, None, approach-nurse, None
211.62, [INFO], r1, started skill, None, authenticate-nurse, None
211.62, [INFO], r1, skill-success, None, authenticate-nurse, None
211.62, [INFO], r1, started skill, None, open-drawer, None
211.62, [INFO], r1, sent message, None, None, None
211.62, [INFO], r1, skill-success, None, open-drawer, None
211.62, [INFO], r1, started skill, None, deposit, None
211.62, [INFO], r1, sent message, None, None, None
211.62, [INFO], r1, skill-success, None, deposit, None
211.62, [INFO], r1, started skill, None, close-drawer, None
211.62, [INFO], r1, sent message, None, None, None
211.62, [INFO], r1, skill-success, None, close-drawer, None
211.62, [INFO], r1, started skill, None, navto, None
220.03, [INFO], r1, {'y': 16.411, 'x': -21.396, 'yaw': -3.142}, pose, None, None
220.03, [INFO], r1, {'battery-level': '64.05'}, battery_charge, None, None
230.01, [INFO], r1, {'y': 16.193, 'x': -23.498, 'yaw': 3.141}, pose, None, None
230.01, [INFO], r1, {'battery-level': '63.55'}, battery_charge, None, None
240.08, [INFO], r1, {'y': 16.118, 'x': -25.624, 'yaw': 3.141}, pose, None, None
240.08, [INFO], r1, {'battery-level': '63.05'}, battery_charge, None, None
250.06, [INFO], r1, {'y': 15.855, 'x': -27.728, 'yaw': 3.142}, pose, None, None
250.06, [INFO], r1, {'battery-level': '62.55'}, battery_charge, None, None
260.05, [INFO], r1, {'y': 15.947, 'x': -29.821, 'yaw': 3.142}, pose, None, None
260.05, [INFO], r1, {'battery-level': '62.05'}, battery_charge, None, None
270.03, [INFO], r1, {'battery-level': '61.55'}, battery_charge, None, None
270.03, [INFO], r1, {'y': 15.807, 'x': -31.943, 'yaw': 3.141}, pose, None, None
280.10, [INFO], r1, {'y': 15.493, 'x': -34.064, 'yaw': 3.142}, pose, None, None
280.10, [INFO], r1, {'battery-level': '61.05'}, battery_charge, None, None
290.01, [INFO], r1, {'battery-level': '60.55'}, battery_charge, None, None
290.01, [INFO], r1, {'y': 16.285, 'x': -35.881, 'yaw': 3.141}, pose, None, None
300.03, [INFO], r1, {'y': 18.367, 'x': -36.142, 'yaw': 3.142}, pose, None, None
300.03, [INFO], r1, {'battery-level': '60.05'}, battery_charge, None, None
310.05, [INFO], r1, {'battery-level': '59.55'}, battery_charge, None, None
310.05, [INFO], r1, {'y': 20.485, 'x': -36.236, 'yaw': -3.142}, pose, None, None
320.03, [INFO], r1, {'y': 22.586, 'x': -36.346, 'yaw': 3.141}, pose, None, None
320.03, [INFO], r1, {'battery-level': '59.05'}, battery_charge, None, None
330.04, [INFO], r1, {'y': 24.716, 'x': -36.346, 'yaw': 3.141}, pose, None, None
330.04, [INFO], r1, {'battery-level': '58.55'}, battery_charge, None, None
340.05, [INFO], r1, {'battery-level': '58.05'}, battery_charge, None, None
340.05, [INFO], r1, {'y': 26.827, 'x': -36.368, 'yaw': 3.141}, pose, None, None
350.06, [INFO], r1, {'y': 28.951, 'x': -36.396, 'yaw': 3.141}, pose, None, None
350.06, [INFO], r1, {'battery-level': '57.55'}, battery_charge, None, None
360.05, [INFO], r1, {'y': 31.061, 'x': -36.476, 'yaw': 3.142}, pose, None, None
360.05, [INFO], r1, {'battery-level': '57.05'}, battery_charge, None, None
370.06, [INFO], r1, {'y': 33.172, 'x': -36.724, 'yaw': -3.142}, pose, None, None
370.06, [INFO], r1, {'battery-level': '56.55'}, battery_charge, None, None
380.07, [INFO], r1, {'y': 35.279, 'x': -36.85, 'yaw': 3.142}, pose, None, None
380.07, [INFO], r1, {'battery-level': '56.05'}, battery_charge, None, None
390.07, [INFO], r1, {'y': 36.038, 'x': -36.949, 'yaw': -3.142}, pose, None, None
390.07, [INFO], r1, {'battery-level': '55.55'}, battery_charge, None, None
392.86, [INFO], r1, skill-success, None, navto, None
392.86, [INFO], r1, started skill, None, approach-arm, None
392.86, [INFO], r1, sent message, None, None, None
392.86, [INFO], r1, skill-success, None, approach-arm, None
392.86, [INFO], r1, started skill, None, open-drawer, None
392.86, [INFO], r1, sent message, None, None, None
392.86, [INFO], r1, skill-success, None, open-drawer, None
392.86, [INFO], r1, started skill, None, pick-up-sample, None
392.86, [INFO], r1, sent message, None, None, None
392.86, [INFO], r1, skill-success, None, pick-up-sample, None
392.86, [INFO], r1, started skill, None, close-drawer, None
392.86, [INFO], r1, sent message, None, None, None
392.86, [INFO], r1, skill-success, None, close-drawer, None
392.86, [WARN], r1, SUCCESS, None, None, None
