0.19, [DEBUG], logger, ROBOTS_CONFIG={'capabilities': ['approach_person', 'approach_robot', 'authenticate_person', 'navigation', 'operate_drawer'], 'battery_charge': 0.75, 'nurse_pose': [-21.0, 18.0, -1.57], 'robot_pose': [-39.44, 33.95, 0.0]}, None, None, None
0.19, [DEBUG], logger, Simulation open, None, None, None
10.07, [INFO], r1, {'battery-level': '74.55'}, battery_charge, None, None
10.07, [INFO], r1, {'y': 33.95, 'x': -39.44, 'yaw': 3.142}, pose, None, None
10.76, [INFO], r1, started skill, None, navto, None
20.09, [INFO], r1, {'y': 34.541, 'x': -37.648, 'yaw': -3.14}, pose, None, None
20.09, [INFO], r1, {'battery-level': '74.05'}, battery_charge, None, None
30.03, [INFO], r1, {'y': 32.684, 'x': -37.035, 'yaw': 3.14}, pose, None, None
30.03, [INFO], r1, {'battery-level': '73.55'}, battery_charge, None, None
40.07, [INFO], r1, {'y': 30.572, 'x': -37.049, 'yaw': 3.14}, pose, None, None
40.07, [INFO], r1, {'battery-level': '73.05'}, battery_charge, None, None
50.08, [INFO], r1, {'battery-level': '72.55'}, battery_charge, None, None
50.08, [INFO], r1, {'y': 28.463, 'x': -37.003, 'yaw': 3.141}, pose, None, None
60.00, [INFO], r1, {'battery-level': '72.05'}, battery_charge, None, None
60.00, [INFO], r1, {'y': 26.365, 'x': -36.996, 'yaw': 3.141}, pose, None, None
70.02, [INFO], r1, {'battery-level': '71.55'}, battery_charge, None, None
70.02, [INFO], r1, {'y': 24.257, 'x': -37.022, 'yaw': 3.141}, pose, None, None
80.02, [INFO], r1, {'battery-level': '71.05'}, battery_charge, None, None
80.02, [INFO], r1, {'y': 22.149, 'x': -37.082, 'yaw': 3.141}, pose, None, None
90.01, [INFO], r1, {'y': 20.041, 'x': -37.106, 'yaw': 3.141}, pose, None, None
90.01, [INFO], r1, {'battery-level': '70.55'}, battery_charge, None, None
100.01, [INFO], r1, {'y': 17.927, 'x': -37.039, 'yaw': 3.14}, pose, None, None
100.01, [INFO], r1, {'battery-level': '70.05'}, battery_charge, None, None
110.02, [INFO], r1, {'y': 15.886, 'x': -36.715, 'yaw': 3.141}, pose, None, None
110.02, [INFO], r1, {'battery-level': '69.55'}, battery_charge, None, None
120.02, [INFO], r1, {'battery-level': '69.05'}, battery_charge, None, None
120.02, [INFO], r1, {'y': 15.396, 'x': -34.636, 'yaw': 3.142}, pose, None, None
130.04, [INFO], r1, {'battery-level': '68.55'}, battery_charge, None, None
130.04, [INFO], r1, {'y': 15.529, 'x': -32.521, 'yaw': 3.142}, pose, None, None
140.07, [INFO], r1, {'battery-level': '68.05'}, battery_charge, None, None
140.07, [INFO], r1, {'y': 15.634, 'x': -30.398, 'yaw': -3.14}, pose, None, None
150.07, [INFO], r1, {'battery-level': '67.55'}, battery_charge, None, None
150.07, [INFO], r1, {'y': 15.755, 'x': -28.3, 'yaw': 3.142}, pose, None, None
160.09, [INFO], r1, {'y': 16.16, 'x': -26.212, 'yaw': 3.142}, pose, None, None
160.09, [INFO], r1, {'battery-level': '67.05'}, battery_charge, None, None
170.06, [INFO], r1, {'y': 16.153, 'x': -24.114, 'yaw': 3.14}, pose, None, None
170.06, [INFO], r1, {'battery-level': '66.55'}, battery_charge, None, None
180.05, [INFO], r1, {'y': 16.232, 'x': -22.008, 'yaw': -3.142}, pose, None, None
180.05, [INFO], r1, {'battery-level': '66.05'}, battery_charge, None, None
190.04, [INFO], r1, {'y': 17.485, 'x': -20.867, 'yaw': 3.142}, pose, None, None
190.04, [INFO], r1, {'battery-level': '65.55'}, battery_charge, None, None
200.03, [INFO], r1, {'y': 17.967, 'x': -21.054, 'yaw': 3.141}, pose, None, None
200.03, [INFO], r1, {'battery-level': '65.05'}, battery_charge, None, None
204.18, [INFO], r1, skill-success, None, navto, None
204.18, [INFO], r1, started skill, None, approach-nurse, None
204.18, [INFO], r1, sent message, None, None, None
204.18, [INFO], r1, skill-success, None, approach-nurse, None
204.18, [INFO], r1, started skill, None, authenticate-nurse, None
204.18, [INFO], r1, sent message, None, None, None
204.18, [INFO], r1, started skill, None, open-drawer, None
204.18, [INFO], r1, sent message, None, None, None
204.18, [INFO], r1, skill-success, None, open-drawer, None
204.18, [INFO], r1, started skill, None, deposit, None
204.18, [INFO], r1, sent message, None, None, None
204.18, [INFO], r1, skill-success, None, deposit, None
204.18, [INFO], r1, started skill, None, close-drawer, None
204.18, [INFO], r1, sent message, None, None, None
204.18, [INFO], r1, skill-success, None, close-drawer, None
204.18, [INFO], r1, started skill, None, navto, None
210.02, [INFO], r1, {'y': 16.771, 'x': -21.071, 'yaw': -3.141}, pose, None, None
210.02, [INFO], r1, {'battery-level': '64.55'}, battery_charge, None, None
220.02, [INFO], r1, {'y': 16.176, 'x': -22.972, 'yaw': -3.142}, pose, None, None
220.02, [INFO], r1, {'battery-level': '64.05'}, battery_charge, None, None
230.03, [INFO], r1, {'y': 16.119, 'x': -25.087, 'yaw': 3.141}, pose, None, None
230.03, [INFO], r1, {'battery-level': '63.55'}, battery_charge, None, None
240.02, [INFO], r1, {'y': 15.959, 'x': -27.206, 'yaw': 3.141}, pose, None, None
240.02, [INFO], r1, {'battery-level': '63.05'}, battery_charge, None, None
250.05, [INFO], r1, {'y': 16.047, 'x': -29.329, 'yaw': 3.142}, pose, None, None
250.05, [INFO], r1, {'battery-level': '62.55'}, battery_charge, None, None
260.02, [INFO], r1, {'y': 15.938, 'x': -31.446, 'yaw': 3.142}, pose, None, None
260.02, [INFO], r1, {'battery-level': '62.05'}, battery_charge, None, None
270.03, [INFO], r1, {'y': 15.627, 'x': -33.544, 'yaw': -3.14}, pose, None, None
270.03, [INFO], r1, {'battery-level': '61.55'}, battery_charge, None, None
280.05, [INFO], r1, {'y': 15.915, 'x': -35.487, 'yaw': -3.142}, pose, None, None
280.05, [INFO], r1, {'battery-level': '61.05'}, battery_charge, None, None
290.06, [INFO], r1, {'y': 17.87, 'x': -36.109, 'yaw': 3.141}, pose, None, None
290.06, [INFO], r1, {'battery-level': '60.55'}, battery_charge, None, None
300.06, [INFO], r1, {'y': 19.984, 'x': -36.199, 'yaw': 3.142}, pose, None, None
300.06, [INFO], r1, {'battery-level': '60.05'}, battery_charge, None, None
310.05, [INFO], r1, {'y': 22.104, 'x': -36.341, 'yaw': 3.141}, pose, None, None
310.05, [INFO], r1, {'battery-level': '59.55'}, battery_charge, None, None
320.07, [INFO], r1, {'battery-level': '59.05'}, battery_charge, None, None
320.07, [INFO], r1, {'y': 24.219, 'x': -36.324, 'yaw': 3.141}, pose, None, None
330.09, [INFO], r1, {'battery-level': '58.55'}, battery_charge, None, None
330.09, [INFO], r1, {'y': 26.348, 'x': -36.293, 'yaw': 3.141}, pose, None, None
340.10, [INFO], r1, {'y': 28.471, 'x': -36.349, 'yaw': 3.141}, pose, None, None
340.10, [INFO], r1, {'battery-level': '58.05'}, battery_charge, None, None
350.01, [INFO], r1, {'y': 30.581, 'x': -36.431, 'yaw': 3.142}, pose, None, None
350.01, [INFO], r1, {'battery-level': '57.55'}, battery_charge, None, None
360.05, [INFO], r1, {'y': 32.7, 'x': -36.62, 'yaw': 3.142}, pose, None, None
360.05, [INFO], r1, {'battery-level': '57.05'}, battery_charge, None, None
370.08, [INFO], r1, {'y': 34.808, 'x': -36.852, 'yaw': -3.138}, pose, None, None
370.08, [INFO], r1, {'battery-level': '56.55'}, battery_charge, None, None
380.10, [INFO], r1, {'y': 36.044, 'x': -36.947, 'yaw': -3.142}, pose, None, None
380.10, [INFO], r1, {'battery-level': '56.05'}, battery_charge, None, None
383.46, [INFO], r1, skill-success, None, navto, None
383.46, [INFO], r1, started skill, None, approach-arm, None
383.46, [INFO], r1, sent message, None, None, None
383.46, [INFO], r1, started skill, None, open-drawer, None
383.46, [INFO], r1, sent message, None, None, None
383.46, [INFO], r1, skill-success, None, open-drawer, None
383.46, [INFO], r1, started skill, None, pick-up-sample, None
383.46, [INFO], r1, sent message, None, None, None
383.46, [INFO], r1, skill-success, None, pick-up-sample, None
383.46, [INFO], r1, started skill, None, close-drawer, None
383.46, [INFO], r1, sent message, None, None, None
383.46, [INFO], r1, skill-success, None, close-drawer, None
383.46, [WARN], r1, SUCCESS, None, None, None
