9.51, [INFO], r1, started skill, None, navto, None
10.01, [INFO], r1, {'y': 33.95, 'x': -39.403, 'yaw': 3.141}, pose, None, None
10.01, [INFO], r1, {'battery-level': '74.55'}, battery_charge, None, None
20.06, [INFO], r1, {'y': 34.509, 'x': -37.401, 'yaw': -3.141}, pose, None, None
20.06, [INFO], r1, {'battery-level': '74.05'}, battery_charge, None, None
30.07, [INFO], r1, {'y': 32.501, 'x': -37.029, 'yaw': 3.14}, pose, None, None
30.07, [INFO], r1, {'battery-level': '73.55'}, battery_charge, None, None
40.04, [INFO], r1, {'y': 30.394, 'x': -37.042, 'yaw': 3.14}, pose, None, None
40.04, [INFO], r1, {'battery-level': '73.05'}, battery_charge, None, None
50.06, [INFO], r1, {'y': 28.266, 'x': -37.003, 'yaw': 3.141}, pose, None, None
50.06, [INFO], r1, {'battery-level': '72.55'}, battery_charge, None, None
60.08, [INFO], r1, {'y': 26.165, 'x': -37.04, 'yaw': 3.14}, pose, None, None
60.08, [INFO], r1, {'battery-level': '72.05'}, battery_charge, None, None
70.07, [INFO], r1, {'y': 24.058, 'x': -37.049, 'yaw': 3.141}, pose, None, None
70.07, [INFO], r1, {'battery-level': '71.55'}, battery_charge, None, None
80.09, [INFO], r1, {'y': 21.941, 'x': -37.109, 'yaw': -3.142}, pose, None, None
80.09, [INFO], r1, {'battery-level': '71.05'}, battery_charge, None, None
90.09, [INFO], r1, {'y': 19.828, 'x': -37.069, 'yaw': -3.136}, pose, None, None
90.09, [INFO], r1, {'battery-level': '70.55'}, battery_charge, None, None
100.02, [INFO], r1, {'y': 17.729, 'x': -37.005, 'yaw': 3.141}, pose, None, None
100.02, [INFO], r1, {'battery-level': '70.05'}, battery_charge, None, None
110.06, [INFO], r1, {'battery-level': '69.55'}, battery_charge, None, None
110.06, [INFO], r1, {'y': 15.995, 'x': -36.415, 'yaw': 3.141}, pose, None, None
120.06, [INFO], r1, {'y': 15.361, 'x': -34.361, 'yaw': -3.142}, pose, None, None
120.06, [INFO], r1, {'battery-level': '69.05'}, battery_charge, None, None
130.06, [INFO], r1, {'y': 15.53, 'x': -32.234, 'yaw': -3.142}, pose, None, None
130.06, [INFO], r1, {'battery-level': '68.55'}, battery_charge, None, None
140.05, [INFO], r1, {'y': 15.626, 'x': -30.132, 'yaw': 3.138}, pose, None, None
140.05, [INFO], r1, {'battery-level': '68.05'}, battery_charge, None, None
150.04, [INFO], r1, {'y': 15.795, 'x': -28.036, 'yaw': 3.142}, pose, None, None
150.04, [INFO], r1, {'battery-level': '67.55'}, battery_charge, None, None
160.02, [INFO], r1, {'battery-level': '67.05'}, battery_charge, None, None
160.02, [INFO], r1, {'y': 16.101, 'x': -25.937, 'yaw': 3.141}, pose, None, None
170.09, [INFO], r1, {'y': 16.194, 'x': -23.815, 'yaw': -3.141}, pose, None, None
170.09, [INFO], r1, {'battery-level': '66.55'}, battery_charge, None, None
180.07, [INFO], r1, {'y': 16.216, 'x': -21.718, 'yaw': -3.142}, pose, None, None
180.07, [INFO], r1, {'battery-level': '66.05'}, battery_charge, None, None
190.02, [INFO], r1, {'y': 17.77, 'x': -21.008, 'yaw': 3.141}, pose, None, None
190.02, [INFO], r1, {'battery-level': '65.55'}, battery_charge, None, None
200.10, [INFO], r1, {'battery-level': '65.05'}, battery_charge, None, None
200.10, [INFO], r1, {'y': 17.988, 'x': -21.094, 'yaw': 3.141}, pose, None, None
207.76, [INFO], r1, skill-success, None, navto, None
207.76, [INFO], r1, started skill, None, approach-nurse, None
207.76, [INFO], r1, started skill, None, open-drawer, None
207.76, [INFO], r1, sent message, None, None, None
207.76, [INFO], r1, skill-success, None, open-drawer, None
207.76, [INFO], r1, started skill, None, deposit, None
207.76, [INFO], r1, sent message, None, None, None
207.76, [INFO], r1, skill-success, None, deposit, None
207.76, [INFO], r1, started skill, None, close-drawer, None
207.76, [INFO], r1, sent message, None, None, None
207.76, [INFO], r1, skill-success, None, close-drawer, None
207.76, [INFO], r1, started skill, None, navto, None
210.05, [INFO], r1, {'battery-level': '64.55'}, battery_charge, None, None
210.05, [INFO], r1, {'y': 17.563, 'x': -21.129, 'yaw': 3.142}, pose, None, None
220.01, [INFO], r1, {'battery-level': '64.05'}, battery_charge, None, None
220.01, [INFO], r1, {'y': 16.278, 'x': -22.23, 'yaw': -3.14}, pose, None, None
230.03, [INFO], r1, {'y': 16.13, 'x': -24.342, 'yaw': 3.141}, pose, None, None
230.03, [INFO], r1, {'battery-level': '63.55'}, battery_charge, None, None
240.01, [INFO], r1, {'y': 16.026, 'x': -26.454, 'yaw': 3.142}, pose, None, None
240.01, [INFO], r1, {'battery-level': '63.05'}, battery_charge, None, None
250.06, [INFO], r1, {'y': 16.072, 'x': -28.564, 'yaw': 3.142}, pose, None, None
250.06, [INFO], r1, {'battery-level': '62.55'}, battery_charge, None, None
260.05, [INFO], r1, {'y': 16.049, 'x': -30.67, 'yaw': -3.142}, pose, None, None
260.05, [INFO], r1, {'battery-level': '62.05'}, battery_charge, None, None
270.06, [INFO], r1, {'battery-level': '61.55'}, battery_charge, None, None
270.06, [INFO], r1, {'y': 15.801, 'x': -32.78, 'yaw': 3.142}, pose, None, None
280.07, [INFO], r1, {'y': 15.485, 'x': -34.882, 'yaw': -3.142}, pose, None, None
280.07, [INFO], r1, {'battery-level': '61.05'}, battery_charge, None, None
290.04, [INFO], r1, {'y': 17.173, 'x': -36.048, 'yaw': -3.142}, pose, None, None
290.04, [INFO], r1, {'battery-level': '60.55'}, battery_charge, None, None
300.01, [INFO], r1, {'battery-level': '60.05'}, battery_charge, None, None
300.01, [INFO], r1, {'y': 19.272, 'x': -36.211, 'yaw': 3.136}, pose, None, None
310.05, [INFO], r1, {'battery-level': '59.55'}, battery_charge, None, None
310.05, [INFO], r1, {'y': 21.392, 'x': -36.258, 'yaw': 3.141}, pose, None, None
320.07, [INFO], r1, {'battery-level': '59.05'}, battery_charge, None, None
320.07, [INFO], r1, {'y': 23.507, 'x': -36.304, 'yaw': 3.14}, pose, None, None
330.08, [INFO], r1, {'battery-level': '58.55'}, battery_charge, None, None
330.08, [INFO], r1, {'y': 25.629, 'x': -36.243, 'yaw': 3.142}, pose, None, None
340.05, [INFO], r1, {'y': 27.734, 'x': -36.282, 'yaw': -3.142}, pose, None, None
340.05, [INFO], r1, {'battery-level': '58.05'}, battery_charge, None, None
350.03, [INFO], r1, {'y': 29.829, 'x': -36.328, 'yaw': -3.142}, pose, None, None
350.03, [INFO], r1, {'battery-level': '57.55'}, battery_charge, None, None
360.09, [INFO], r1, {'y': 31.958, 'x': -36.499, 'yaw': -3.142}, pose, None, None
360.09, [INFO], r1, {'battery-level': '57.05'}, battery_charge, None, None
370.06, [INFO], r1, {'y': 34.065, 'x': -36.852, 'yaw': 3.141}, pose, None, None
370.06, [INFO], r1, {'battery-level': '56.55'}, battery_charge, None, None
380.08, [INFO], r1, {'y': 36.037, 'x': -36.97, 'yaw': 3.141}, pose, None, None
380.08, [INFO], r1, {'battery-level': '56.05'}, battery_charge, None, None
388.25, [INFO], r1, skill-success, None, navto, None
388.25, [INFO], r1, started skill, None, approach-arm, None
388.25, [WARN], r1, SKILL-FAILURE, None, approach-arm, None
390.02, [INFO], r1, {'y': 36.145, 'x': -36.978, 'yaw': 3.142}, pose, None, None
390.02, [INFO], r1, {'battery-level': '55.55'}, battery_charge, None, None
