9.58, [INFO], r1, started skill, None, navto, None
10.07, [INFO], r1, {'y': 33.95, 'x': -39.396, 'yaw': 3.141}, pose, None, None
10.07, [INFO], r1, {'battery-level': '74.55'}, battery_charge, None, None
20.00, [INFO], r1, {'y': 34.511, 'x': -37.423, 'yaw': 3.142}, pose, None, None
20.00, [INFO], r1, {'battery-level': '74.05'}, battery_charge, None, None
30.02, [INFO], r1, {'battery-level': '73.55'}, battery_charge, None, None
30.02, [INFO], r1, {'y': 32.512, 'x': -37.001, 'yaw': 3.141}, pose, None, None
40.06, [INFO], r1, {'battery-level': '73.05'}, battery_charge, None, None
40.06, [INFO], r1, {'y': 30.38, 'x': -37.043, 'yaw': 3.141}, pose, None, None
50.08, [INFO], r1, {'y': 28.267, 'x': -36.993, 'yaw': 3.141}, pose, None, None
50.08, [INFO], r1, {'battery-level': '72.55'}, battery_charge, None, None
60.01, [INFO], r1, {'battery-level': '72.05'}, battery_charge, None, None
60.01, [INFO], r1, {'y': 26.16, 'x': -37.028, 'yaw': 3.141}, pose, None, None
70.02, [INFO], r1, {'battery-level': '71.55'}, battery_charge, None, None
70.02, [INFO], r1, {'y': 24.035, 'x': -37.028, 'yaw': -3.142}, pose, None, None
80.03, [INFO], r1, {'battery-level': '71.05'}, battery_charge, None, None
80.03, [INFO], r1, {'y': 21.928, 'x': -37.111, 'yaw': -3.142}, pose, None, None
90.03, [INFO], r1, {'y': 19.809, 'x': -37.044, 'yaw': -3.14}, pose, None, None
90.03, [INFO], r1, {'battery-level': '70.55'}, battery_charge, None, None
100.06, [INFO], r1, {'y': 17.691, 'x': -37.037, 'yaw': 3.141}, pose, None, None
100.06, [INFO], r1, {'battery-level': '70.05'}, battery_charge, None, None
110.09, [INFO], r1, {'y': 15.87, 'x': -36.448, 'yaw': 3.14}, pose, None, None
110.09, [INFO], r1, {'battery-level': '69.55'}, battery_charge, None, None
120.08, [INFO], r1, {'y': 15.383, 'x': -34.373, 'yaw': 3.14}, pose, None, None
120.08, [INFO], r1, {'battery-level': '69.05'}, battery_charge, None, None
130.07, [INFO], r1, {'y': 15.507, 'x': -32.258, 'yaw': 3.142}, pose, None, None
130.07, [INFO], r1, {'battery-level': '68.55'}, battery_charge, None, None
140.08, [INFO], r1, {'battery-level': '68.05'}, battery_charge, None, None
140.08, [INFO], r1, {'y': 15.633, 'x': -30.143, 'yaw': 3.136}, pose, None, None
150.08, [INFO], r1, {'y': 15.826, 'x': -28.023, 'yaw': -3.142}, pose, None, None
150.08, [INFO], r1, {'battery-level': '67.55'}, battery_charge, None, None
160.08, [INFO], r1, {'y': 16.22, 'x': -25.938, 'yaw': 3.141}, pose, None, None
160.08, [INFO], r1, {'battery-level': '67.05'}, battery_charge, None, None
170.08, [INFO], r1, {'y': 16.153, 'x': -23.829, 'yaw': -3.141}, pose, None, None
170.08, [INFO], r1, {'battery-level': '66.55'}, battery_charge, None, None
180.06, [INFO], r1, {'y': 16.206, 'x': -21.728, 'yaw': 3.141}, pose, None, None
180.06, [INFO], r1, {'battery-level': '66.05'}, battery_charge, None, None
190.08, [INFO], r1, {'battery-level': '65.55'}, battery_charge, None, None
190.08, [INFO], r1, {'y': 17.729, 'x': -20.945, 'yaw': 3.141}, pose, None, None
200.07, [INFO], r1, {'y': 17.963, 'x': -21.069, 'yaw': -3.142}, pose, None, None
200.07, [INFO], r1, {'battery-level': '65.05'}, battery_charge, None, None
200.55, [INFO], r1, skill-success, None, navto, None
200.55, [INFO], r1, started skill, None, approach-nurse, None
200.65, [WARN], r1, SKILL-FAILURE, None, approach-nurse, None
