0.19, [DEBUG], logger, ROBOTS_CONFIG={'capabilities': ['approach_person', 'approach_robot', 'authenticate_person', 'navigation', 'operate_drawer'], 'battery_charge': 0.75, 'nurse_pose': [-19.0, 18.0, -1.57], 'robot_pose': [-39.44, 33.95, 0.0]}, None, None, None
0.19, [DEBUG], logger, Simulation open, None, None, None
10.07, [INFO], r1, {'y': 33.95, 'x': -39.44, 'yaw': 3.142}, pose, None, None
10.07, [INFO], r1, {'battery-level': '74.55'}, battery_charge, None, None
10.57, [INFO], r1, started skill, None, navto, None
20.09, [INFO], r1, {'y': 34.551, 'x': -37.596, 'yaw': 3.142}, pose, None, None
20.09, [INFO], r1, {'battery-level': '74.05'}, battery_charge, None, None
30.08, [INFO], r1, {'battery-level': '73.55'}, battery_charge, None, None
30.08, [INFO], r1, {'y': 32.655, 'x': -37.073, 'yaw': 3.14}, pose, None, None
40.07, [INFO], r1, {'y': 30.535, 'x': -37.073, 'yaw': 3.141}, pose, None, None
40.07, [INFO], r1, {'battery-level': '73.05'}, battery_charge, None, None
50.07, [INFO], r1, {'y': 28.417, 'x': -36.977, 'yaw': -3.142}, pose, None, None
50.07, [INFO], r1, {'battery-level': '72.55'}, battery_charge, None, None
60.09, [INFO], r1, {'y': 26.296, 'x': -37.04, 'yaw': 3.141}, pose, None, None
60.09, [INFO], r1, {'battery-level': '72.05'}, battery_charge, None, None
70.09, [INFO], r1, {'battery-level': '71.55'}, battery_charge, None, None
70.09, [INFO], r1, {'y': 24.176, 'x': -36.99, 'yaw': 3.142}, pose, None, None
80.02, [INFO], r1, {'y': 22.079, 'x': -37.099, 'yaw': 3.141}, pose, None, None
80.02, [INFO], r1, {'battery-level': '71.05'}, battery_charge, None, None
90.02, [INFO], r1, {'y': 19.963, 'x': -37.07, 'yaw': 3.142}, pose, None, None
90.02, [INFO], r1, {'battery-level': '70.55'}, battery_charge, None, None
100.02, [INFO], r1, {'y': 17.85, 'x': -37.009, 'yaw': 3.141}, pose, None, None
100.02, [INFO], r1, {'battery-level': '70.05'}, battery_charge, None, None
110.01, [INFO], r1, {'y': 15.841, 'x': -36.69, 'yaw': 3.141}, pose, None, None
110.01, [INFO], r1, {'battery-level': '69.55'}, battery_charge, None, None
120.10, [INFO], r1, {'y': 15.38, 'x': -34.587, 'yaw': -3.141}, pose, None, None
120.10, [INFO], r1, {'battery-level': '69.05'}, battery_charge, None, None
130.09, [INFO], r1, {'battery-level': '68.55'}, battery_charge, None, None
130.09, [INFO], r1, {'y': 15.537, 'x': -32.472, 'yaw': -3.142}, pose, None, None
140.07, [INFO], r1, {'y': 15.643, 'x': -30.342, 'yaw': 3.141}, pose, None, None
140.07, [INFO], r1, {'battery-level': '68.05'}, battery_charge, None, None
150.01, [INFO], r1, {'y': 15.766, 'x': -28.238, 'yaw': 3.142}, pose, None, None
150.01, [INFO], r1, {'battery-level': '67.55'}, battery_charge, None, None
160.10, [INFO], r1, {'y': 16.147, 'x': -26.114, 'yaw': 3.141}, pose, None, None
160.10, [INFO], r1, {'battery-level': '67.05'}, battery_charge, None, None
170.07, [INFO], r1, {'battery-level': '66.55'}, battery_charge, None, None
170.07, [INFO], r1, {'y': 16.151, 'x': -23.99, 'yaw': -3.141}, pose, None, None
180.07, [INFO], r1, {'y': 16.151, 'x': -21.879, 'yaw': 3.142}, pose, None, None
180.07, [INFO], r1, {'battery-level': '66.05'}, battery_charge, None, None
190.07, [INFO], r1, {'y': 16.368, 'x': -19.775, 'yaw': -3.14}, pose, None, None
190.07, [INFO], r1, {'battery-level': '65.55'}, battery_charge, None, None
200.06, [INFO], r1, {'battery-level': '65.05'}, battery_charge, None, None
200.06, [INFO], r1, {'y': 17.901, 'x': -19.025, 'yaw': -3.142}, pose, None, None
206.98, [INFO], r1, skill-success, None, navto, None
206.98, [INFO], r1, started skill, None, approach-nurse, None
206.98, [INFO], r1, sent message, None, None, None
206.98, [INFO], r1, skill-success, None, approach-nurse, None
206.98, [INFO], r1, started skill, None, authenticate-nurse, None
206.98, [INFO], r1, sent message, None, None, None
206.98, [INFO], r1, skill-success, None, authenticate-nurse, None
206.98, [INFO], r1, started skill, None, open-drawer, None
206.98, [INFO], r1, sent message, None, None, None
206.98, [INFO], r1, skill-success, None, open-drawer, None
206.98, [INFO], r1, started skill, None, deposit, None
206.98, [INFO], r1, sent message, None, None, None
206.98, [INFO], r1, skill-success, None, deposit, None
206.98, [INFO], r1, started skill, None, close-drawer, None
206.98, [INFO], r1, sent message, None, None, None
206.98, [INFO], r1, skill-success, None, close-drawer, None
206.98, [INFO], r1, started skill, None, navto, None
210.05, [INFO], r1, {'y': 17.432, 'x': -19.232, 'yaw': 3.142}, pose, None, None
210.05, [INFO], r1, {'battery-level': '64.55'}, battery_charge, None, None
220.06, [INFO], r1, {'y': 16.311, 'x': -20.772, 'yaw': 3.14}, pose, None, None
220.06, [INFO], r1, {'battery-level': '64.05'}, battery_charge, None, None
230.06, [INFO], r1, {'y': 16.244, 'x': -22.882, 'yaw': -3.142}, pose, None, None
230.06, [INFO], r1, {'battery-level': '63.55'}, battery_charge, None, None
240.06, [INFO], r1, {'y': 16.124, 'x': -24.984, 'yaw': 3.14}, pose, None, None
240.06, [INFO], r1, {'battery-level': '63.05'}, battery_charge, None, None
250.04, [INFO], r1, {'y': 15.918, 'x': -27.09, 'yaw': 3.141}, pose, None, None
250.04, [INFO], r1, {'battery-level': '62.55'}, battery_charge, None, None
260.04, [INFO], r1, {'battery-level': '62.05'}, battery_charge, None, None
260.04, [INFO], r1, {'y': 15.962, 'x': -29.2, 'yaw': -3.142}, pose, None, None
270.03, [INFO], r1, {'y': 15.868, 'x': -31.301, 'yaw': 3.141}, pose, None, None
270.03, [INFO], r1, {'battery-level': '61.55'}, battery_charge, None, None
280.04, [INFO], r1, {'y': 15.665, 'x': -33.433, 'yaw': -3.142}, pose, None, None
280.04, [INFO], r1, {'battery-level': '61.05'}, battery_charge, None, None
290.05, [INFO], r1, {'y': 15.856, 'x': -35.433, 'yaw': 3.142}, pose, None, None
290.05, [INFO], r1, {'battery-level': '60.55'}, battery_charge, None, None
300.06, [INFO], r1, {'y': 17.788, 'x': -36.051, 'yaw': 3.141}, pose, None, None
300.06, [INFO], r1, {'battery-level': '60.05'}, battery_charge, None, None
310.07, [INFO], r1, {'y': 19.907, 'x': -36.163, 'yaw': 3.142}, pose, None, None
310.07, [INFO], r1, {'battery-level': '59.55'}, battery_charge, None, None
320.07, [INFO], r1, {'y': 22.017, 'x': -36.308, 'yaw': 3.141}, pose, None, None
320.07, [INFO], r1, {'battery-level': '59.05'}, battery_charge, None, None
330.08, [INFO], r1, {'y': 24.128, 'x': -36.378, 'yaw': 3.141}, pose, None, None
330.08, [INFO], r1, {'battery-level': '58.55'}, battery_charge, None, None
340.09, [INFO], r1, {'y': 26.244, 'x': -36.328, 'yaw': 3.141}, pose, None, None
340.09, [INFO], r1, {'battery-level': '58.05'}, battery_charge, None, None
350.09, [INFO], r1, {'y': 28.349, 'x': -36.373, 'yaw': 3.141}, pose, None, None
350.09, [INFO], r1, {'battery-level': '57.55'}, battery_charge, None, None
360.10, [INFO], r1, {'y': 30.465, 'x': -36.485, 'yaw': -3.142}, pose, None, None
360.10, [INFO], r1, {'battery-level': '57.05'}, battery_charge, None, None
370.03, [INFO], r1, {'y': 32.568, 'x': -36.62, 'yaw': -3.142}, pose, None, None
370.03, [INFO], r1, {'battery-level': '56.55'}, battery_charge, None, None
380.04, [INFO], r1, {'y': 34.678, 'x': -37.012, 'yaw': -3.138}, pose, None, None
380.04, [INFO], r1, {'battery-level': '56.05'}, battery_charge, None, None
390.08, [INFO], r1, {'battery-level': '55.55'}, battery_charge, None, None
390.08, [INFO], r1, {'y': 36.092, 'x': -36.995, 'yaw': -3.142}, pose, None, None
394.94, [INFO], r1, skill-success, None, navto, None
394.94, [INFO], r1, started skill, None, approach-arm, None
394.94, [INFO], r1, sent message, None, None, None
394.94, [INFO], r1, skill-success, None, approach-arm, None
394.94, [INFO], r1, started skill, None, open-drawer, None
394.94, [INFO], r1, sent message, None, None, None
394.94, [INFO], r1, skill-success, None, open-drawer, None
394.94, [INFO], r1, started skill, None, pick-up-sample, None
394.94, [INFO], r1, sent message, None, None, None
394.94, [INFO], r1, skill-success, None, pick-up-sample, None
394.94, [INFO], r1, started skill, None, close-drawer, None
394.94, [INFO], r1, sent message, None, None, None
394.94, [INFO], r1, skill-success, None, close-drawer, None
394.94, [WARN], r1, SUCCESS, None, None, None
