0.19, [DEBUG], logger, ROBOTS_CONFIG={'capabilities': ['approach_person', 'approach_robot', 'authenticate_person', 'navigation', 'operate_drawer'], 'battery_charge': 0.75, 'nurse_pose': [-19.0, 18.0, -1.57], 'robot_pose': [-39.44, 33.95, 0.0]}, None, None, None
0.19, [DEBUG], logger, Simulation open, None, None, None
10.03, [INFO], r1, {'y': 33.95, 'x': -39.44, 'yaw': 3.142}, pose, None, None
10.03, [INFO], r1, {'battery-level': '74.55'}, battery_charge, None, None
10.23, [INFO], r1, started skill, None, navto, None
20.07, [INFO], r1, {'y': 34.532, 'x': -37.54, 'yaw': 3.141}, pose, None, None
20.07, [INFO], r1, {'battery-level': '74.05'}, battery_charge, None, None
30.01, [INFO], r1, {'y': 32.601, 'x': -37.024, 'yaw': 3.14}, pose, None, None
30.01, [INFO], r1, {'battery-level': '73.55'}, battery_charge, None, None
40.03, [INFO], r1, {'y': 30.474, 'x': -37.043, 'yaw': 3.141}, pose, None, None
40.03, [INFO], r1, {'battery-level': '73.05'}, battery_charge, None, None
50.01, [INFO], r1, {'y': 28.345, 'x': -36.991, 'yaw': 3.141}, pose, None, None
50.01, [INFO], r1, {'battery-level': '72.55'}, battery_charge, None, None
60.02, [INFO], r1, {'y': 26.215, 'x': -37.036, 'yaw': 3.141}, pose, None, None
60.02, [INFO], r1, {'battery-level': '72.05'}, battery_charge, None, None
70.01, [INFO], r1, {'y': 24.105, 'x': -37.048, 'yaw': 3.141}, pose, None, None
70.01, [INFO], r1, {'battery-level': '71.55'}, battery_charge, None, None
80.02, [INFO], r1, {'battery-level': '71.05'}, battery_charge, None, None
80.02, [INFO], r1, {'y': 21.98, 'x': -37.126, 'yaw': -3.142}, pose, None, None
90.00, [INFO], r1, {'y': 19.865, 'x': -37.123, 'yaw': 3.142}, pose, None, None
90.00, [INFO], r1, {'battery-level': '70.55'}, battery_charge, None, None
100.09, [INFO], r1, {'y': 17.721, 'x': -37.047, 'yaw': 3.14}, pose, None, None
100.09, [INFO], r1, {'battery-level': '70.05'}, battery_charge, None, None
110.07, [INFO], r1, {'y': 15.806, 'x': -36.525, 'yaw': 3.14}, pose, None, None
110.07, [INFO], r1, {'battery-level': '69.55'}, battery_charge, None, None
120.08, [INFO], r1, {'battery-level': '69.05'}, battery_charge, None, None
120.08, [INFO], r1, {'y': 15.386, 'x': -34.434, 'yaw': -3.142}, pose, None, None
130.07, [INFO], r1, {'y': 15.496, 'x': -32.315, 'yaw': -3.142}, pose, None, None
130.07, [INFO], r1, {'battery-level': '68.55'}, battery_charge, None, None
140.08, [INFO], r1, {'battery-level': '68.05'}, battery_charge, None, None
140.08, [INFO], r1, {'y': 15.577, 'x': -30.198, 'yaw': 3.137}, pose, None, None
150.04, [INFO], r1, {'y': 15.791, 'x': -28.097, 'yaw': 3.142}, pose, None, None
150.04, [INFO], r1, {'battery-level': '67.55'}, battery_charge, None, None
160.02, [INFO], r1, {'y': 16.039, 'x': -25.992, 'yaw': -3.139}, pose, None, None
160.02, [INFO], r1, {'battery-level': '67.05'}, battery_charge, None, None
170.09, [INFO], r1, {'y': 15.973, 'x': -23.854, 'yaw': 3.141}, pose, None, None
170.09, [INFO], r1, {'battery-level': '66.55'}, battery_charge, None, None
180.07, [INFO], r1, {'y': 16.005, 'x': -21.739, 'yaw': 3.141}, pose, None, None
180.07, [INFO], r1, {'battery-level': '66.05'}, battery_charge, None, None
190.07, [INFO], r1, {'y': 16.483, 'x': -19.663, 'yaw': 3.141}, pose, None, None
190.07, [INFO], r1, {'battery-level': '65.55'}, battery_charge, None, None
200.05, [INFO], r1, {'battery-level': '65.05'}, battery_charge, None, None
200.05, [INFO], r1, {'y': 17.951, 'x': -19.007, 'yaw': -3.142}, pose, None, None
209.86, [INFO], r1, skill-success, None, navto, None
209.86, [INFO], r1, started skill, None, approach-nurse, None
209.86, [INFO], r1, sent message, None, None, None
209.86, [INFO], r1, skill-success, None, approach-nurse, None
209.86, [INFO], r1, started skill, None, authenticate-nurse, None
209.86, [INFO], r1, sent message, None, None, None
209.86, [INFO], r1, started skill, None, open-drawer, None
209.86, [INFO], r1, sent message, None, None, None
209.86, [INFO], r1, skill-success, None, open-drawer, None
209.86, [INFO], r1, started skill, None, deposit, None
209.86, [INFO], r1, sent message, None, None, None
209.86, [INFO], r1, skill-success, None, deposit, None
209.86, [INFO], r1, started skill, None, close-drawer, None
209.86, [INFO], r1, sent message, None, None, None
209.86, [INFO], r1, skill-success, None, close-drawer, None
209.86, [INFO], r1, started skill, None, navto, None
210.06, [INFO], r1, {'y': 18.022, 'x': -18.956, 'yaw': -3.136}, pose, None, None
210.06, [INFO], r1, {'battery-level': '64.55'}, battery_charge, None, None
220.05, [INFO], r1, {'y': 16.342, 'x': -20.095, 'yaw': -3.141}, pose, None, None
220.05, [INFO], r1, {'battery-level': '64.05'}, battery_charge, None, None
230.07, [INFO], r1, {'y': 16.282, 'x': -22.21, 'yaw': -3.141}, pose, None, None
230.07, [INFO], r1, {'battery-level': '63.55'}, battery_charge, None, None
240.06, [INFO], r1, {'y': 16.121, 'x': -24.335, 'yaw': 3.141}, pose, None, None
240.06, [INFO], r1, {'battery-level': '63.05'}, battery_charge, None, None
250.07, [INFO], r1, {'y': 16.046, 'x': -26.472, 'yaw': -3.139}, pose, None, None
250.07, [INFO], r1, {'battery-level': '62.55'}, battery_charge, None, None
260.06, [INFO], r1, {'y': 15.982, 'x': -28.564, 'yaw': 3.142}, pose, None, None
260.06, [INFO], r1, {'battery-level': '62.05'}, battery_charge, None, None
270.07, [INFO], r1, {'y': 16.001, 'x': -30.693, 'yaw': 3.141}, pose, None, None
270.07, [INFO], r1, {'battery-level': '61.55'}, battery_charge, None, None
280.06, [INFO], r1, {'y': 15.821, 'x': -32.817, 'yaw': -3.141}, pose, None, None
280.06, [INFO], r1, {'battery-level': '61.05'}, battery_charge, None, None
290.08, [INFO], r1, {'y': 15.605, 'x': -34.917, 'yaw': 3.141}, pose, None, None
290.08, [INFO], r1, {'battery-level': '60.55'}, battery_charge, None, None
300.08, [INFO], r1, {'y': 17.236, 'x': -36.136, 'yaw': -3.142}, pose, None, None
300.08, [INFO], r1, {'battery-level': '60.05'}, battery_charge, None, None
310.09, [INFO], r1, {'y': 19.365, 'x': -36.163, 'yaw': 3.141}, pose, None, None
310.09, [INFO], r1, {'battery-level': '59.55'}, battery_charge, None, None
320.07, [INFO], r1, {'y': 21.463, 'x': -36.257, 'yaw': 3.141}, pose, None, None
320.07, [INFO], r1, {'battery-level': '59.05'}, battery_charge, None, None
330.07, [INFO], r1, {'y': 23.585, 'x': -36.301, 'yaw': 3.141}, pose, None, None
330.07, [INFO], r1, {'battery-level': '58.55'}, battery_charge, None, None
340.06, [INFO], r1, {'y': 25.71, 'x': -36.265, 'yaw': 3.141}, pose, None, None
340.06, [INFO], r1, {'battery-level': '58.05'}, battery_charge, None, None
350.08, [INFO], r1, {'y': 27.829, 'x': -36.335, 'yaw': -3.142}, pose, None, None
350.08, [INFO], r1, {'battery-level': '57.55'}, battery_charge, None, None
360.08, [INFO], r1, {'battery-level': '57.05'}, battery_charge, None, None
360.08, [INFO], r1, {'y': 29.944, 'x': -36.4, 'yaw': -3.142}, pose, None, None
370.09, [INFO], r1, {'y': 32.06, 'x': -36.543, 'yaw': -3.142}, pose, None, None
370.09, [INFO], r1, {'battery-level': '56.55'}, battery_charge, None, None
380.10, [INFO], r1, {'y': 34.162, 'x': -36.936, 'yaw': 3.141}, pose, None, None
380.10, [INFO], r1, {'battery-level': '56.05'}, battery_charge, None, None
390.02, [INFO], r1, {'y': 36.011, 'x': -36.95, 'yaw': 3.142}, pose, None, None
390.02, [INFO], r1, {'battery-level': '55.55'}, battery_charge, None, None
395.59, [INFO], r1, skill-success, None, navto, None
395.59, [INFO], r1, started skill, None, approach-arm, None
395.59, [INFO], r1, sent message, None, None, None
395.59, [INFO], r1, skill-success, None, approach-arm, None
395.59, [INFO], r1, started skill, None, open-drawer, None
395.59, [INFO], r1, sent message, None, None, None
395.59, [INFO], r1, skill-success, None, open-drawer, None
395.59, [INFO], r1, started skill, None, pick-up-sample, None
395.59, [INFO], r1, sent message, None, None, None
395.59, [INFO], r1, skill-success, None, pick-up-sample, None
395.59, [INFO], r1, started skill, None, close-drawer, None
395.59, [INFO], r1, sent message, None, None, None
395.59, [INFO], r1, skill-success, None, close-drawer, None
395.59, [WARN], r1, SUCCESS, None, None, None
