9.62, [INFO], r1, started skill, None, navto, None
10.02, [INFO], r1, {'y': 33.95, 'x': -39.428, 'yaw': 3.141}, pose, None, None
10.02, [INFO], r1, {'battery-level': '74.55'}, battery_charge, None, None
20.01, [INFO], r1, {'y': 34.472, 'x': -37.437, 'yaw': -3.141}, pose, None, None
20.01, [INFO], r1, {'battery-level': '74.05'}, battery_charge, None, None
30.03, [INFO], r1, {'y': 32.466, 'x': -36.995, 'yaw': 3.141}, pose, None, None
30.03, [INFO], r1, {'battery-level': '73.55'}, battery_charge, None, None
40.06, [INFO], r1, {'y': 30.343, 'x': -37.029, 'yaw': 3.141}, pose, None, None
40.06, [INFO], r1, {'battery-level': '73.05'}, battery_charge, None, None
50.00, [INFO], r1, {'y': 28.243, 'x': -37.046, 'yaw': 3.141}, pose, None, None
50.00, [INFO], r1, {'battery-level': '72.55'}, battery_charge, None, None
60.04, [INFO], r1, {'y': 26.099, 'x': -37.007, 'yaw': -3.137}, pose, None, None
60.04, [INFO], r1, {'battery-level': '72.05'}, battery_charge, None, None
70.02, [INFO], r1, {'battery-level': '71.55'}, battery_charge, None, None
70.02, [INFO], r1, {'y': 23.994, 'x': -36.993, 'yaw': 3.141}, pose, None, None
80.07, [INFO], r1, {'battery-level': '71.05'}, battery_charge, None, None
80.07, [INFO], r1, {'y': 21.872, 'x': -37.111, 'yaw': 3.142}, pose, None, None
90.06, [INFO], r1, {'y': 19.77, 'x': -37.112, 'yaw': 3.141}, pose, None, None
90.06, [INFO], r1, {'battery-level': '70.55'}, battery_charge, None, None
100.00, [INFO], r1, {'battery-level': '70.05'}, battery_charge, None, None
100.00, [INFO], r1, {'y': 17.671, 'x': -37.09, 'yaw': 3.142}, pose, None, None
110.04, [INFO], r1, {'y': 15.987, 'x': -36.365, 'yaw': 3.141}, pose, None, None
110.04, [INFO], r1, {'battery-level': '69.55'}, battery_charge, None, None
120.03, [INFO], r1, {'y': 15.354, 'x': -34.313, 'yaw': -3.141}, pose, None, None
120.03, [INFO], r1, {'battery-level': '69.05'}, battery_charge, None, None
130.04, [INFO], r1, {'battery-level': '68.55'}, battery_charge, None, None
130.04, [INFO], r1, {'y': 15.531, 'x': -32.185, 'yaw': 3.141}, pose, None, None
140.04, [INFO], r1, {'y': 15.643, 'x': -30.062, 'yaw': 3.142}, pose, None, None
140.04, [INFO], r1, {'battery-level': '68.05'}, battery_charge, None, None
150.06, [INFO], r1, {'y': 15.829, 'x': -27.947, 'yaw': 3.141}, pose, None, None
150.06, [INFO], r1, {'battery-level': '67.55'}, battery_charge, None, None
160.06, [INFO], r1, {'battery-level': '67.05'}, battery_charge, None, None
160.06, [INFO], r1, {'y': 15.992, 'x': -25.825, 'yaw': 3.141}, pose, None, None
170.07, [INFO], r1, {'y': 15.999, 'x': -23.708, 'yaw': 3.141}, pose, None, None
170.07, [INFO], r1, {'battery-level': '66.55'}, battery_charge, None, None
180.09, [INFO], r1, {'y': 16.021, 'x': -21.594, 'yaw': 3.141}, pose, None, None
180.09, [INFO], r1, {'battery-level': '66.05'}, battery_charge, None, None
190.07, [INFO], r1, {'battery-level': '65.55'}, battery_charge, None, None
190.07, [INFO], r1, {'y': 16.572, 'x': -19.552, 'yaw': 3.142}, pose, None, None
200.07, [INFO], r1, {'battery-level': '65.05'}, battery_charge, None, None
200.07, [INFO], r1, {'y': 17.923, 'x': -18.965, 'yaw': -3.142}, pose, None, None
210.03, [INFO], r1, {'y': 17.967, 'x': -18.993, 'yaw': 3.142}, pose, None, None
210.03, [INFO], r1, {'battery-level': '64.55'}, battery_charge, None, None
210.80, [INFO], r1, skill-success, None, navto, None
210.80, [INFO], r1, started skill, None, approach-nurse, None
210.80, [INFO], r1, sent message, None, None, None
210.80, [INFO], r1, skill-success, None, approach-nurse, None
210.80, [INFO], r1, started skill, None, open-drawer, None
210.80, [INFO], r1, sent message, None, None, None
210.80, [INFO], r1, skill-success, None, open-drawer, None
210.80, [INFO], r1, started skill, None, deposit, None
210.80, [INFO], r1, sent message, None, None, None
210.80, [INFO], r1, skill-success, None, deposit, None
210.80, [INFO], r1, started skill, None, close-drawer, None
210.80, [INFO], r1, sent message, None, None, None
210.80, [INFO], r1, skill-success, None, close-drawer, None
210.80, [INFO], r1, started skill, None, navto, None
220.03, [INFO], r1, {'battery-level': '64.05'}, battery_charge, None, None
220.03, [INFO], r1, {'y': 16.367, 'x': -19.901, 'yaw': -3.141}, pose, None, None
230.06, [INFO], r1, {'y': 16.302, 'x': -22.011, 'yaw': 3.14}, pose, None, None
230.06, [INFO], r1, {'battery-level': '63.55'}, battery_charge, None, None
240.08, [INFO], r1, {'y': 16.151, 'x': -24.12, 'yaw': 3.141}, pose, None, None
240.08, [INFO], r1, {'battery-level': '63.05'}, battery_charge, None, None
250.07, [INFO], r1, {'y': 16.049, 'x': -26.236, 'yaw': 3.141}, pose, None, None
250.07, [INFO], r1, {'battery-level': '62.55'}, battery_charge, None, None
260.08, [INFO], r1, {'y': 16.024, 'x': -28.342, 'yaw': 3.142}, pose, None, None
260.08, [INFO], r1, {'battery-level': '62.05'}, battery_charge, None, None
270.09, [INFO], r1, {'y': 15.979, 'x': -30.466, 'yaw': 3.142}, pose, None, None
270.09, [INFO], r1, {'battery-level': '61.55'}, battery_charge, None, None
280.08, [INFO], r1, {'battery-level': '61.05'}, battery_charge, None, None
280.08, [INFO], r1, {'y': 15.859, 'x': -32.588, 'yaw': -3.142}, pose, None, None
290.01, [INFO], r1, {'y': 15.42, 'x': -34.668, 'yaw': 3.142}, pose, None, None
290.01, [INFO], r1, {'battery-level': '60.55'}, battery_charge, None, None
300.00, [INFO], r1, {'y': 16.894, 'x': -36.081, 'yaw': -3.142}, pose, None, None
300.00, [INFO], r1, {'battery-level': '60.05'}, battery_charge, None, None
310.09, [INFO], r1, {'battery-level': '59.55'}, battery_charge, None, None
310.09, [INFO], r1, {'y': 19.029, 'x': -36.178, 'yaw': 3.141}, pose, None, None
320.07, [INFO], r1, {'y': 21.119, 'x': -36.306, 'yaw': -3.142}, pose, None, None
320.07, [INFO], r1, {'battery-level': '59.05'}, battery_charge, None, None
330.02, [INFO], r1, {'battery-level': '58.55'}, battery_charge, None, None
330.02, [INFO], r1, {'y': 23.228, 'x': -36.313, 'yaw': 3.141}, pose, None, None
340.03, [INFO], r1, {'y': 25.344, 'x': -36.248, 'yaw': 3.141}, pose, None, None
340.03, [INFO], r1, {'battery-level': '58.05'}, battery_charge, None, None
350.02, [INFO], r1, {'battery-level': '57.55'}, battery_charge, None, None
350.02, [INFO], r1, {'y': 27.465, 'x': -36.282, 'yaw': 3.142}, pose, None, None
359.95, [INFO], r1, {'y': 29.585, 'x': -36.335, 'yaw': 3.141}, pose, None, None
360.05, [INFO], r1, {'battery-level': '57.05'}, battery_charge, None, None
370.06, [INFO], r1, {'y': 31.715, 'x': -36.493, 'yaw': -3.142}, pose, None, None
370.06, [INFO], r1, {'battery-level': '56.55'}, battery_charge, None, None
380.02, [INFO], r1, {'y': 33.811, 'x': -36.864, 'yaw': 3.142}, pose, None, None
380.02, [INFO], r1, {'battery-level': '56.05'}, battery_charge, None, None
390.04, [INFO], r1, {'y': 35.891, 'x': -36.926, 'yaw': -3.142}, pose, None, None
390.04, [INFO], r1, {'battery-level': '55.55'}, battery_charge, None, None
400.01, [INFO], r1, {'battery-level': '55.05'}, battery_charge, None, None
400.01, [INFO], r1, {'y': 36.117, 'x': -36.967, 'yaw': -3.142}, pose, None, None
400.11, [INFO], r1, skill-success, None, navto, None
400.11, [INFO], r1, started skill, None, approach-arm, None
400.20, [INFO], r1, started skill, None, open-drawer, None
400.20, [INFO], r1, sent message, None, None, None
400.20, [INFO], r1, skill-success, None, open-drawer, None
400.20, [INFO], r1, started skill, None, pick-up-sample, None
400.20, [INFO], r1, sent message, None, None, None
400.20, [INFO], r1, skill-success, None, pick-up-sample, None
400.20, [INFO], r1, started skill, None, close-drawer, None
400.20, [INFO], r1, sent message, None, None, None
400.20, [INFO], r1, skill-success, None, close-drawer, None
400.20, [WARN], r1, SUCCESS, None, None, None
410.01, [INFO], r1, {'battery-level': '54.55'}, battery_charge, None, None
410.01, [INFO], r1, {'y': 36.117, 'x': -36.967, 'yaw': -3.142}, pose, None, None
