0.19, [DEBUG], logger, ROBOTS_CONFIG={'capabilities': ['approach_person', 'approach_robot', 'authenticate_person', 'navigation', 'operate_drawer'], 'battery_charge': 0.75, 'nurse_pose': [-13.5, 18.0, -1.57], 'robot_pose': [-39.44, 33.95, 0.0]}, None, None, None
0.19, [DEBUG], logger, Simulation open, None, None, None
10.04, [INFO], r1, {'y': 33.95, 'x': -39.44, 'yaw': 3.142}, pose, None, None
10.04, [INFO], r1, {'battery-level': '74.55'}, battery_charge, None, None
10.43, [INFO], r1, started skill, None, navto, None
20.04, [INFO], r1, {'y': 34.549, 'x': -37.597, 'yaw': 3.141}, pose, None, None
20.04, [INFO], r1, {'battery-level': '74.05'}, battery_charge, None, None
30.05, [INFO], r1, {'battery-level': '73.55'}, battery_charge, None, None
30.05, [INFO], r1, {'y': 32.63, 'x': -37.03, 'yaw': 3.141}, pose, None, None
40.04, [INFO], r1, {'y': 30.516, 'x': -37.029, 'yaw': 3.14}, pose, None, None
40.04, [INFO], r1, {'battery-level': '73.05'}, battery_charge, None, None
50.06, [INFO], r1, {'y': 28.384, 'x': -36.992, 'yaw': 3.141}, pose, None, None
50.06, [INFO], r1, {'battery-level': '72.55'}, battery_charge, None, None
60.05, [INFO], r1, {'y': 26.27, 'x': -37.025, 'yaw': -3.142}, pose, None, None
60.05, [INFO], r1, {'battery-level': '72.05'}, battery_charge, None, None
70.06, [INFO], r1, {'battery-level': '71.55'}, battery_charge, None, None
70.06, [INFO], r1, {'y': 24.142, 'x': -37.049, 'yaw': 3.141}, pose, None, None
80.06, [INFO], r1, {'y': 22.029, 'x': -37.141, 'yaw': -3.142}, pose, None, None
80.06, [INFO], r1, {'battery-level': '71.05'}, battery_charge, None, None
90.08, [INFO], r1, {'y': 19.889, 'x': -37.164, 'yaw': 3.141}, pose, None, None
90.08, [INFO], r1, {'battery-level': '70.55'}, battery_charge, None, None
100.08, [INFO], r1, {'y': 17.766, 'x': -37.149, 'yaw': 3.141}, pose, None, None
100.08, [INFO], r1, {'battery-level': '70.05'}, battery_charge, None, None
110.07, [INFO], r1, {'battery-level': '69.55'}, battery_charge, None, None
110.07, [INFO], r1, {'y': 15.802, 'x': -36.688, 'yaw': 3.141}, pose, None, None
120.09, [INFO], r1, {'y': 15.379, 'x': -34.577, 'yaw': -3.142}, pose, None, None
120.09, [INFO], r1, {'battery-level': '69.05'}, battery_charge, None, None
130.07, [INFO], r1, {'y': 15.514, 'x': -32.467, 'yaw': -3.142}, pose, None, None
130.07, [INFO], r1, {'battery-level': '68.55'}, battery_charge, None, None
140.06, [INFO], r1, {'y': 15.55, 'x': -30.34, 'yaw': 3.141}, pose, None, None
140.06, [INFO], r1, {'battery-level': '68.05'}, battery_charge, None, None
150.03, [INFO], r1, {'battery-level': '67.55'}, battery_charge, None, None
150.03, [INFO], r1, {'y': 15.732, 'x': -28.241, 'yaw': 3.142}, pose, None, None
160.03, [INFO], r1, {'battery-level': '67.05'}, battery_charge, None, None
160.03, [INFO], r1, {'y': 16.166, 'x': -26.136, 'yaw': 3.14}, pose, None, None
170.00, [INFO], r1, {'y': 16.184, 'x': -24.015, 'yaw': 3.14}, pose, None, None
170.00, [INFO], r1, {'battery-level': '66.55'}, battery_charge, None, None
180.01, [INFO], r1, {'y': 16.156, 'x': -21.89, 'yaw': 3.142}, pose, None, None
180.01, [INFO], r1, {'battery-level': '66.05'}, battery_charge, None, None
190.09, [INFO], r1, {'y': 16.259, 'x': -19.754, 'yaw': 3.141}, pose, None, None
190.09, [INFO], r1, {'battery-level': '65.55'}, battery_charge, None, None
200.07, [INFO], r1, {'y': 16.194, 'x': -17.649, 'yaw': 3.142}, pose, None, None
200.07, [INFO], r1, {'battery-level': '65.05'}, battery_charge, None, None
210.03, [INFO], r1, {'battery-level': '64.55'}, battery_charge, None, None
210.03, [INFO], r1, {'y': 16.117, 'x': -15.542, 'yaw': 3.142}, pose, None, None
220.03, [INFO], r1, {'y': 16.619, 'x': -13.594, 'yaw': 3.142}, pose, None, None
220.03, [INFO], r1, {'battery-level': '64.05'}, battery_charge, None, None
230.02, [INFO], r1, {'y': 17.882, 'x': -13.641, 'yaw': 3.141}, pose, None, None
230.02, [INFO], r1, {'battery-level': '63.55'}, battery_charge, None, None
240.02, [INFO], r1, {'y': 17.964, 'x': -13.612, 'yaw': -3.141}, pose, None, None
240.02, [INFO], r1, {'battery-level': '63.05'}, battery_charge, None, None
244.77, [INFO], r1, skill-success, None, navto, None
244.77, [INFO], r1, started skill, None, approach-nurse, None
244.77, [INFO], r1, sent message, None, None, None
244.77, [INFO], r1, skill-success, None, approach-nurse, None
244.77, [INFO], r1, started skill, None, authenticate-nurse, None
244.77, [INFO], r1, sent message, None, None, None
244.77, [INFO], r1, skill-success, None, authenticate-nurse, None
244.77, [INFO], r1, started skill, None, open-drawer, None
244.77, [INFO], r1, sent message, None, None, None
244.77, [INFO], r1, skill-success, None, open-drawer, None
244.77, [INFO], r1, started skill, None, deposit, None
244.77, [INFO], r1, sent message, None, None, None
244.77, [INFO], r1, skill-success, None, deposit, None
244.77, [INFO], r1, started skill, None, close-drawer, None
244.77, [INFO], r1, sent message, None, None, None
244.77, [INFO], r1, skill-success, None, close-drawer, None
244.77, [INFO], r1, started skill, None, navto, None
250.00, [INFO], r1, {'y': 16.937, 'x': -13.716, 'yaw': -3.141}, pose, None, None
250.00, [INFO], r1, {'battery-level': '62.55'}, battery_charge, None, None
260.00, [INFO], r1, {'battery-level': '62.05'}, battery_charge, None, None
260.00, [INFO], r1, {'y': 16.227, 'x': -15.526, 'yaw': 3.142}, pose, None, None
270.00, [INFO], r1, {'y': 16.153, 'x': -17.625, 'yaw': 3.141}, pose, None, None
270.00, [INFO], r1, {'battery-level': '61.55'}, battery_charge, None, None
280.02, [INFO], r1, {'y': 16.268, 'x': -19.735, 'yaw': 3.141}, pose, None, None
280.02, [INFO], r1, {'battery-level': '61.05'}, battery_charge, None, None
290.02, [INFO], r1, {'battery-level': '60.55'}, battery_charge, None, None
290.02, [INFO], r1, {'y': 16.333, 'x': -21.842, 'yaw': 3.142}, pose, None, None
300.02, [INFO], r1, {'battery-level': '60.05'}, battery_charge, None, None
300.02, [INFO], r1, {'y': 16.147, 'x': -23.962, 'yaw': -3.141}, pose, None, None
310.02, [INFO], r1, {'y': 16.085, 'x': -26.076, 'yaw': 3.138}, pose, None, None
310.02, [INFO], r1, {'battery-level': '59.55'}, battery_charge, None, None
320.03, [INFO], r1, {'y': 15.968, 'x': -28.184, 'yaw': 3.142}, pose, None, None
320.03, [INFO], r1, {'battery-level': '59.05'}, battery_charge, None, None
330.03, [INFO], r1, {'y': 15.975, 'x': -30.294, 'yaw': 3.141}, pose, None, None
330.03, [INFO], r1, {'battery-level': '58.55'}, battery_charge, None, None
340.02, [INFO], r1, {'y': 15.814, 'x': -32.393, 'yaw': 3.141}, pose, None, None
340.02, [INFO], r1, {'battery-level': '58.05'}, battery_charge, None, None
350.10, [INFO], r1, {'y': 15.384, 'x': -34.506, 'yaw': -3.142}, pose, None, None
350.10, [INFO], r1, {'battery-level': '57.55'}, battery_charge, None, None
360.09, [INFO], r1, {'battery-level': '57.05'}, battery_charge, None, None
360.09, [INFO], r1, {'y': 16.732, 'x': -36.014, 'yaw': -3.142}, pose, None, None
370.10, [INFO], r1, {'y': 18.837, 'x': -36.142, 'yaw': -3.137}, pose, None, None
370.10, [INFO], r1, {'battery-level': '56.55'}, battery_charge, None, None
380.06, [INFO], r1, {'y': 20.944, 'x': -36.24, 'yaw': 3.142}, pose, None, None
380.06, [INFO], r1, {'battery-level': '56.05'}, battery_charge, None, None
390.09, [INFO], r1, {'battery-level': '55.55'}, battery_charge, None, None
390.09, [INFO], r1, {'y': 23.057, 'x': -36.302, 'yaw': 3.141}, pose, None, None
400.00, [INFO], r1, {'y': 25.152, 'x': -36.267, 'yaw': 3.14}, pose, None, None
400.00, [INFO], r1, {'battery-level': '55.05'}, battery_charge, None, None
410.01, [INFO], r1, {'battery-level': '54.55'}, battery_charge, None, None
410.01, [INFO], r1, {'y': 27.265, 'x': -36.301, 'yaw': -3.142}, pose, None, None
420.05, [INFO], r1, {'y': 29.393, 'x': -36.391, 'yaw': -3.142}, pose, None, None
420.05, [INFO], r1, {'battery-level': '54.05'}, battery_charge, None, None
430.04, [INFO], r1, {'y': 31.515, 'x': -36.503, 'yaw': 3.142}, pose, None, None
430.04, [INFO], r1, {'battery-level': '53.55'}, battery_charge, None, None
440.02, [INFO], r1, {'y': 33.615, 'x': -36.873, 'yaw': -3.142}, pose, None, None
440.02, [INFO], r1, {'battery-level': '53.05'}, battery_charge, None, None
450.04, [INFO], r1, {'y': 35.721, 'x': -36.896, 'yaw': 3.141}, pose, None, None
450.04, [INFO], r1, {'battery-level': '52.55'}, battery_charge, None, None
460.03, [INFO], r1, {'y': 36.063, 'x': -36.959, 'yaw': 3.142}, pose, None, None
460.03, [INFO], r1, {'battery-level': '52.05'}, battery_charge, None, None
466.30, [INFO], r1, skill-success, None, navto, None
466.30, [INFO], r1, started skill, None, approach-arm, None
466.30, [INFO], r1, sent message, None, None, None
466.30, [INFO], r1, skill-success, None, approach-arm, None
466.30, [INFO], r1, started skill, None, open-drawer, None
466.30, [INFO], r1, sent message, None, None, None
466.30, [INFO], r1, skill-success, None, open-drawer, None
466.30, [INFO], r1, started skill, None, pick-up-sample, None
466.30, [INFO], r1, sent message, None, None, None
466.30, [INFO], r1, skill-success, None, pick-up-sample, None
466.30, [INFO], r1, started skill, None, close-drawer, None
466.30, [INFO], r1, sent message, None, None, None
466.30, [INFO], r1, skill-success, None, close-drawer, None
466.30, [WARN], r1, SUCCESS, None, None, None
470.04, [INFO], r1, {'y': 36.074, 'x': -36.975, 'yaw': -3.142}, pose, None, None
470.04, [INFO], r1, {'battery-level': '51.55'}, battery_charge, None, None
