9.27, [INFO], r1, started skill, None, navto, None
10.05, [INFO], r1, {'battery-level': '74.55'}, battery_charge, None, None
10.05, [INFO], r1, {'y': 33.952, 'x': -39.366, 'yaw': 3.141}, pose, None, None
20.06, [INFO], r1, {'y': 34.475, 'x': -37.372, 'yaw': 3.142}, pose, None, None
20.06, [INFO], r1, {'battery-level': '74.05'}, battery_charge, None, None
30.03, [INFO], r1, {'y': 32.464, 'x': -36.993, 'yaw': 3.141}, pose, None, None
30.03, [INFO], r1, {'battery-level': '73.55'}, battery_charge, None, None
40.05, [INFO], r1, {'battery-level': '73.05'}, battery_charge, None, None
40.05, [INFO], r1, {'y': 30.344, 'x': -37.047, 'yaw': 3.142}, pose, None, None
50.00, [INFO], r1, {'y': 28.242, 'x': -36.971, 'yaw': 3.141}, pose, None, None
50.00, [INFO], r1, {'battery-level': '72.55'}, battery_charge, None, None
60.02, [INFO], r1, {'y': 26.116, 'x': -37.014, 'yaw': -3.136}, pose, None, None
60.02, [INFO], r1, {'battery-level': '72.05'}, battery_charge, None, None
70.01, [INFO], r1, {'y': 23.986, 'x': -37.043, 'yaw': 3.14}, pose, None, None
70.01, [INFO], r1, {'battery-level': '71.55'}, battery_charge, None, None
80.01, [INFO], r1, {'y': 21.866, 'x': -37.117, 'yaw': 3.142}, pose, None, None
80.01, [INFO], r1, {'battery-level': '71.05'}, battery_charge, None, None
90.07, [INFO], r1, {'y': 19.736, 'x': -37.095, 'yaw': 3.141}, pose, None, None
90.07, [INFO], r1, {'battery-level': '70.55'}, battery_charge, None, None
100.06, [INFO], r1, {'y': 17.639, 'x': -37.037, 'yaw': 3.141}, pose, None, None
100.06, [INFO], r1, {'battery-level': '70.05'}, battery_charge, None, None
110.06, [INFO], r1, {'y': 15.821, 'x': -36.501, 'yaw': 3.14}, pose, None, None
110.06, [INFO], r1, {'battery-level': '69.55'}, battery_charge, None, None
120.05, [INFO], r1, {'y': 15.355, 'x': -34.423, 'yaw': -3.141}, pose, None, None
120.05, [INFO], r1, {'battery-level': '69.05'}, battery_charge, None, None
130.04, [INFO], r1, {'y': 15.518, 'x': -32.301, 'yaw': -3.142}, pose, None, None
130.04, [INFO], r1, {'battery-level': '68.55'}, battery_charge, None, None
140.00, [INFO], r1, {'battery-level': '68.05'}, battery_charge, None, None
140.00, [INFO], r1, {'y': 15.578, 'x': -30.199, 'yaw': 3.137}, pose, None, None
150.07, [INFO], r1, {'battery-level': '67.55'}, battery_charge, None, None
150.07, [INFO], r1, {'y': 15.802, 'x': -28.07, 'yaw': -3.142}, pose, None, None
160.05, [INFO], r1, {'y': 16.195, 'x': -25.991, 'yaw': 3.141}, pose, None, None
160.05, [INFO], r1, {'battery-level': '67.05'}, battery_charge, None, None
170.00, [INFO], r1, {'y': 16.153, 'x': -23.902, 'yaw': 3.14}, pose, None, None
170.00, [INFO], r1, {'battery-level': '66.55'}, battery_charge, None, None
180.06, [INFO], r1, {'y': 16.194, 'x': -21.772, 'yaw': -3.142}, pose, None, None
180.06, [INFO], r1, {'battery-level': '66.05'}, battery_charge, None, None
190.06, [INFO], r1, {'battery-level': '65.55'}, battery_charge, None, None
190.06, [INFO], r1, {'y': 16.309, 'x': -19.665, 'yaw': -3.14}, pose, None, None
200.03, [INFO], r1, {'y': 16.197, 'x': -17.57, 'yaw': 3.14}, pose, None, None
200.03, [INFO], r1, {'battery-level': '65.05'}, battery_charge, None, None
210.00, [INFO], r1, {'battery-level': '64.55'}, battery_charge, None, None
210.00, [INFO], r1, {'y': 16.154, 'x': -15.465, 'yaw': 3.14}, pose, None, None
220.02, [INFO], r1, {'y': 16.729, 'x': -13.564, 'yaw': 3.141}, pose, None, None
220.02, [INFO], r1, {'battery-level': '64.05'}, battery_charge, None, None
230.06, [INFO], r1, {'battery-level': '63.55'}, battery_charge, None, None
230.06, [INFO], r1, {'y': 17.875, 'x': -13.639, 'yaw': -3.142}, pose, None, None
240.00, [INFO], r1, {'battery-level': '63.05'}, battery_charge, None, None
240.00, [INFO], r1, {'y': 17.975, 'x': -13.687, 'yaw': 3.142}, pose, None, None
241.05, [INFO], r1, skill-success, None, navto, None
241.05, [INFO], r1, started skill, None, approach-nurse, None
241.05, [INFO], r1, sent message, None, None, None
241.05, [INFO], r1, skill-success, None, approach-nurse, None
241.05, [INFO], r1, started skill, None, authenticate-nurse, None
241.05, [INFO], r1, started skill, None, open-drawer, None
241.05, [INFO], r1, sent message, None, None, None
241.05, [INFO], r1, skill-success, None, open-drawer, None
241.05, [INFO], r1, started skill, None, deposit, None
241.05, [INFO], r1, sent message, None, None, None
241.05, [INFO], r1, skill-success, None, deposit, None
241.05, [INFO], r1, started skill, None, close-drawer, None
241.05, [INFO], r1, sent message, None, None, None
241.15, [INFO], r1, skill-success, None, close-drawer, None
241.15, [INFO], r1, started skill, None, navto, None
250.09, [INFO], r1, {'battery-level': '62.55'}, battery_charge, None, None
250.09, [INFO], r1, {'y': 16.349, 'x': -14.194, 'yaw': 3.138}, pose, None, None
260.06, [INFO], r1, {'battery-level': '62.05'}, battery_charge, None, None
260.06, [INFO], r1, {'y': 16.164, 'x': -16.281, 'yaw': 3.141}, pose, None, None
270.04, [INFO], r1, {'battery-level': '61.55'}, battery_charge, None, None
270.04, [INFO], r1, {'y': 16.199, 'x': -18.391, 'yaw': 3.141}, pose, None, None
280.10, [INFO], r1, {'y': 16.349, 'x': -20.515, 'yaw': -3.142}, pose, None, None
280.10, [INFO], r1, {'battery-level': '61.05'}, battery_charge, None, None
290.01, [INFO], r1, {'battery-level': '60.55'}, battery_charge, None, None
290.01, [INFO], r1, {'y': 16.253, 'x': -22.612, 'yaw': 3.142}, pose, None, None
300.08, [INFO], r1, {'y': 16.131, 'x': -24.758, 'yaw': 3.141}, pose, None, None
300.08, [INFO], r1, {'battery-level': '60.05'}, battery_charge, None, None
310.06, [INFO], r1, {'y': 16.001, 'x': -26.862, 'yaw': 3.142}, pose, None, None
310.06, [INFO], r1, {'battery-level': '59.55'}, battery_charge, None, None
320.06, [INFO], r1, {'y': 16.044, 'x': -28.972, 'yaw': 3.141}, pose, None, None
320.06, [INFO], r1, {'battery-level': '59.05'}, battery_charge, None, None
330.05, [INFO], r1, {'y': 15.955, 'x': -31.094, 'yaw': 3.14}, pose, None, None
330.05, [INFO], r1, {'battery-level': '58.55'}, battery_charge, None, None
340.01, [INFO], r1, {'battery-level': '58.05'}, battery_charge, None, None
340.01, [INFO], r1, {'y': 15.766, 'x': -33.199, 'yaw': 3.141}, pose, None, None
350.09, [INFO], r1, {'battery-level': '57.55'}, battery_charge, None, None
350.09, [INFO], r1, {'y': 15.731, 'x': -35.247, 'yaw': -3.141}, pose, None, None
360.08, [INFO], r1, {'y': 17.587, 'x': -36.083, 'yaw': -3.142}, pose, None, None
360.08, [INFO], r1, {'battery-level': '57.05'}, battery_charge, None, None
370.08, [INFO], r1, {'y': 19.707, 'x': -36.177, 'yaw': 3.141}, pose, None, None
370.08, [INFO], r1, {'battery-level': '56.55'}, battery_charge, None, None
380.05, [INFO], r1, {'y': 21.815, 'x': -36.258, 'yaw': 3.14}, pose, None, None
380.05, [INFO], r1, {'battery-level': '56.05'}, battery_charge, None, None
390.02, [INFO], r1, {'battery-level': '55.55'}, battery_charge, None, None
390.02, [INFO], r1, {'y': 23.93, 'x': -36.302, 'yaw': 3.14}, pose, None, None
400.01, [INFO], r1, {'y': 26.048, 'x': -36.235, 'yaw': 3.14}, pose, None, None
400.01, [INFO], r1, {'battery-level': '55.05'}, battery_charge, None, None
410.00, [INFO], r1, {'battery-level': '54.55'}, battery_charge, None, None
410.00, [INFO], r1, {'y': 28.156, 'x': -36.333, 'yaw': 3.141}, pose, None, None
420.09, [INFO], r1, {'y': 30.298, 'x': -36.437, 'yaw': -3.137}, pose, None, None
420.09, [INFO], r1, {'battery-level': '54.05'}, battery_charge, None, None
430.10, [INFO], r1, {'y': 32.414, 'x': -36.603, 'yaw': -3.142}, pose, None, None
430.10, [INFO], r1, {'battery-level': '53.55'}, battery_charge, None, None
440.09, [INFO], r1, {'y': 34.512, 'x': -36.898, 'yaw': 3.139}, pose, None, None
440.09, [INFO], r1, {'battery-level': '53.05'}, battery_charge, None, None
450.04, [INFO], r1, {'y': 36.072, 'x': -36.951, 'yaw': -3.142}, pose, None, None
450.04, [INFO], r1, {'battery-level': '52.55'}, battery_charge, None, None
454.97, [INFO], r1, skill-success, None, navto, None
454.97, [INFO], r1, started skill, None, approach-arm, None
454.97, [INFO], r1, sent message, None, None, None
454.97, [INFO], r1, skill-success, None, approach-arm, None
454.97, [INFO], r1, started skill, None, open-drawer, None
454.97, [INFO], r1, sent message, None, None, None
454.97, [INFO], r1, skill-success, None, open-drawer, None
454.97, [INFO], r1, started skill, None, pick-up-sample, None
454.97, [INFO], r1, sent message, None, None, None
454.97, [INFO], r1, skill-success, None, pick-up-sample, None
454.97, [INFO], r1, started skill, None, close-drawer, None
454.97, [INFO], r1, sent message, None, None, None
454.97, [INFO], r1, skill-success, None, close-drawer, None
454.97, [WARN], r1, SUCCESS, None, None, None
460.01, [INFO], r1, {'y': 36.084, 'x': -36.956, 'yaw': 3.142}, pose, None, None
460.01, [INFO], r1, {'battery-level': '52.05'}, battery_charge, None, None
