9.32, [INFO], r1, started skill, None, navto, None
10.02, [INFO], r1, {'y': 33.951, 'x': -39.374, 'yaw': 3.141}, pose, None, None
10.02, [INFO], r1, {'battery-level': '74.55'}, battery_charge, None, None
20.04, [INFO], r1, {'y': 34.512, 'x': -37.383, 'yaw': -3.141}, pose, None, None
20.04, [INFO], r1, {'battery-level': '74.05'}, battery_charge, None, None
30.09, [INFO], r1, {'y': 32.52, 'x': -37.051, 'yaw': 3.141}, pose, None, None
30.09, [INFO], r1, {'battery-level': '73.55'}, battery_charge, None, None
40.07, [INFO], r1, {'battery-level': '73.05'}, battery_charge, None, None
40.07, [INFO], r1, {'y': 30.42, 'x': -37.029, 'yaw': 3.141}, pose, None, None
50.02, [INFO], r1, {'y': 28.321, 'x': -37.009, 'yaw': 3.14}, pose, None, None
50.02, [INFO], r1, {'battery-level': '72.55'}, battery_charge, None, None
60.04, [INFO], r1, {'y': 26.213, 'x': -36.99, 'yaw': -3.137}, pose, None, None
60.04, [INFO], r1, {'battery-level': '72.05'}, battery_charge, None, None
70.03, [INFO], r1, {'battery-level': '71.55'}, battery_charge, None, None
70.03, [INFO], r1, {'y': 24.103, 'x': -37.011, 'yaw': 3.141}, pose, None, None
80.09, [INFO], r1, {'y': 21.984, 'x': -37.132, 'yaw': 3.141}, pose, None, None
80.09, [INFO], r1, {'battery-level': '71.05'}, battery_charge, None, None
90.01, [INFO], r1, {'y': 19.895, 'x': -37.119, 'yaw': -3.138}, pose, None, None
90.01, [INFO], r1, {'battery-level': '70.55'}, battery_charge, None, None
100.08, [INFO], r1, {'battery-level': '70.05'}, battery_charge, None, None
100.08, [INFO], r1, {'y': 17.766, 'x': -37.128, 'yaw': 3.141}, pose, None, None
110.09, [INFO], r1, {'y': 16.002, 'x': -36.478, 'yaw': 3.141}, pose, None, None
110.09, [INFO], r1, {'battery-level': '69.55'}, battery_charge, None, None
120.05, [INFO], r1, {'y': 15.416, 'x': -34.428, 'yaw': -3.141}, pose, None, None
120.05, [INFO], r1, {'battery-level': '69.05'}, battery_charge, None, None
130.06, [INFO], r1, {'battery-level': '68.55'}, battery_charge, None, None
130.06, [INFO], r1, {'y': 15.576, 'x': -32.306, 'yaw': -3.142}, pose, None, None
140.04, [INFO], r1, {'y': 15.582, 'x': -30.201, 'yaw': 3.137}, pose, None, None
140.04, [INFO], r1, {'battery-level': '68.05'}, battery_charge, None, None
150.05, [INFO], r1, {'battery-level': '67.55'}, battery_charge, None, None
150.05, [INFO], r1, {'y': 15.797, 'x': -28.091, 'yaw': -3.142}, pose, None, None
160.04, [INFO], r1, {'battery-level': '67.05'}, battery_charge, None, None
160.04, [INFO], r1, {'y': 16.018, 'x': -25.986, 'yaw': -3.14}, pose, None, None
170.03, [INFO], r1, {'y': 16.005, 'x': -23.883, 'yaw': 3.141}, pose, None, None
170.03, [INFO], r1, {'battery-level': '66.55'}, battery_charge, None, None
180.00, [INFO], r1, {'y': 16.037, 'x': -21.774, 'yaw': -3.142}, pose, None, None
180.00, [INFO], r1, {'battery-level': '66.05'}, battery_charge, None, None
190.00, [INFO], r1, {'battery-level': '65.55'}, battery_charge, None, None
190.00, [INFO], r1, {'y': 16.163, 'x': -19.662, 'yaw': -3.142}, pose, None, None
200.09, [INFO], r1, {'battery-level': '65.05'}, battery_charge, None, None
200.09, [INFO], r1, {'y': 16.05, 'x': -17.538, 'yaw': 3.142}, pose, None, None
210.00, [INFO], r1, {'y': 15.968, 'x': -15.45, 'yaw': 3.141}, pose, None, None
210.00, [INFO], r1, {'battery-level': '64.55'}, battery_charge, None, None
220.09, [INFO], r1, {'y': 16.13, 'x': -13.314, 'yaw': -3.14}, pose, None, None
220.09, [INFO], r1, {'battery-level': '64.05'}, battery_charge, None, None
230.08, [INFO], r1, {'battery-level': '63.55'}, battery_charge, None, None
230.08, [INFO], r1, {'y': 17.429, 'x': -11.795, 'yaw': 3.142}, pose, None, None
240.05, [INFO], r1, {'y': 17.949, 'x': -11.543, 'yaw': -3.142}, pose, None, None
240.05, [INFO], r1, {'battery-level': '63.05'}, battery_charge, None, None
242.11, [INFO], r1, skill-success, None, navto, None
242.11, [INFO], r1, started skill, None, approach-nurse, None
242.11, [INFO], r1, sent message, None, None, None
242.11, [INFO], r1, skill-success, None, approach-nurse, None
242.11, [INFO], r1, started skill, None, authenticate-nurse, None
242.11, [INFO], r1, sent message, None, None, None
242.11, [INFO], r1, skill-success, None, authenticate-nurse, None
242.11, [INFO], r1, started skill, None, open-drawer, None
242.11, [INFO], r1, sent message, None, None, None
242.11, [INFO], r1, skill-success, None, open-drawer, None
242.11, [INFO], r1, started skill, None, deposit, None
242.11, [INFO], r1, sent message, None, None, None
242.11, [INFO], r1, skill-success, None, deposit, None
242.11, [INFO], r1, started skill, None, close-drawer, None
242.11, [INFO], r1, sent message, None, None, None
242.11, [INFO], r1, skill-success, None, close-drawer, None
242.11, [INFO], r1, started skill, None, navto, None
250.00, [INFO], r1, {'y': 16.528, 'x': -12.339, 'yaw': -3.142}, pose, None, None
250.00, [INFO], r1, {'battery-level': '62.55'}, battery_charge, None, None
260.02, [INFO], r1, {'y': 16.248, 'x': -14.428, 'yaw': 3.142}, pose, None, None
260.02, [INFO], r1, {'battery-level': '62.05'}, battery_charge, None, None
270.06, [INFO], r1, {'y': 16.144, 'x': -16.543, 'yaw': 3.14}, pose, None, None
270.06, [INFO], r1, {'battery-level': '61.55'}, battery_charge, None, None
280.10, [INFO], r1, {'y': 16.182, 'x': -18.672, 'yaw': 3.141}, pose, None, None
280.10, [INFO], r1, {'battery-level': '61.05'}, battery_charge, None, None
290.04, [INFO], r1, {'y': 16.349, 'x': -20.778, 'yaw': 3.137}, pose, None, None
290.04, [INFO], r1, {'battery-level': '60.55'}, battery_charge, None, None
300.07, [INFO], r1, {'battery-level': '60.05'}, battery_charge, None, None
300.07, [INFO], r1, {'y': 16.216, 'x': -22.905, 'yaw': 3.142}, pose, None, None
310.07, [INFO], r1, {'battery-level': '59.55'}, battery_charge, None, None
310.07, [INFO], r1, {'y': 16.127, 'x': -25.033, 'yaw': 3.14}, pose, None, None
320.04, [INFO], r1, {'y': 15.987, 'x': -27.151, 'yaw': 3.138}, pose, None, None
320.04, [INFO], r1, {'battery-level': '59.05'}, battery_charge, None, None
330.01, [INFO], r1, {'y': 16.095, 'x': -29.257, 'yaw': 3.142}, pose, None, None
330.01, [INFO], r1, {'battery-level': '58.55'}, battery_charge, None, None
340.03, [INFO], r1, {'y': 16.008, 'x': -31.38, 'yaw': -3.142}, pose, None, None
340.03, [INFO], r1, {'battery-level': '58.05'}, battery_charge, None, None
350.01, [INFO], r1, {'battery-level': '57.55'}, battery_charge, None, None
350.01, [INFO], r1, {'y': 15.673, 'x': -33.491, 'yaw': 3.142}, pose, None, None
360.07, [INFO], r1, {'y': 15.911, 'x': -35.455, 'yaw': -3.142}, pose, None, None
360.07, [INFO], r1, {'battery-level': '57.05'}, battery_charge, None, None
370.06, [INFO], r1, {'battery-level': '56.55'}, battery_charge, None, None
370.06, [INFO], r1, {'y': 17.82, 'x': -36.098, 'yaw': 3.141}, pose, None, None
380.06, [INFO], r1, {'y': 19.949, 'x': -36.242, 'yaw': 3.142}, pose, None, None
380.06, [INFO], r1, {'battery-level': '56.05'}, battery_charge, None, None
390.05, [INFO], r1, {'battery-level': '55.55'}, battery_charge, None, None
390.05, [INFO], r1, {'y': 22.066, 'x': -36.326, 'yaw': 3.14}, pose, None, None
400.07, [INFO], r1, {'y': 24.191, 'x': -36.355, 'yaw': 3.141}, pose, None, None
400.07, [INFO], r1, {'battery-level': '55.05'}, battery_charge, None, None
410.08, [INFO], r1, {'y': 26.314, 'x': -36.31, 'yaw': 3.14}, pose, None, None
410.08, [INFO], r1, {'battery-level': '54.55'}, battery_charge, None, None
420.06, [INFO], r1, {'battery-level': '54.05'}, battery_charge, None, None
420.06, [INFO], r1, {'y': 28.424, 'x': -36.359, 'yaw': 3.141}, pose, None, None
430.08, [INFO], r1, {'y': 30.549, 'x': -36.457, 'yaw': 3.142}, pose, None, None
430.08, [INFO], r1, {'battery-level': '53.55'}, battery_charge, None, None
440.02, [INFO], r1, {'y': 32.646, 'x': -36.626, 'yaw': -3.142}, pose, None, None
440.02, [INFO], r1, {'battery-level': '53.05'}, battery_charge, None, None
450.07, [INFO], r1, {'y': 34.767, 'x': -36.87, 'yaw': -3.138}, pose, None, None
450.07, [INFO], r1, {'battery-level': '52.55'}, battery_charge, None, None
460.02, [INFO], r1, {'battery-level': '52.05'}, battery_charge, None, None
460.02, [INFO], r1, {'y': 36.125, 'x': -37.012, 'yaw': 3.141}, pose, None, None
463.27, [INFO], r1, skill-success, None, navto, None
463.27, [INFO], r1, started skill, None, approach-arm, None
463.27, [INFO], r1, sent message, None, None, None
463.27, [INFO], r1, skill-success, None, approach-arm, None
463.27, [INFO], r1, started skill, None, open-drawer, None
463.27, [INFO], r1, sent message, None, None, None
463.27, [INFO], r1, skill-success, None, open-drawer, None
463.27, [INFO], r1, started skill, None, pick-up-sample, None
463.27, [INFO], r1, sent message, None, None, None
463.27, [INFO], r1, skill-success, None, pick-up-sample, None
463.27, [INFO], r1, started skill, None, close-drawer, None
463.27, [INFO], r1, sent message, None, None, None
463.27, [INFO], r1, skill-success, None, close-drawer, None
463.27, [WARN], r1, SUCCESS, None, None, None
470.08, [INFO], r1, {'battery-level': '51.55'}, battery_charge, None, None
470.08, [INFO], r1, {'y': 36.124, 'x': -37.012, 'yaw': 3.142}, pose, None, None
