0.19, [DEBUG], logger, ROBOTS_CONFIG={'capabilities': ['approach_person', 'approach_robot', 'authenticate_person', 'navigation', 'operate_drawer'], 'battery_charge': 0.75, 'nurse_pose': [-27.25, 13.0, 1.57], 'robot_pose': [-32.88, 33.98, 3.14]}, None, None, None
0.19, [DEBUG], logger, Simulation open, None, None, None
10.05, [INFO], r1, {'battery-level': '74.55'}, battery_charge, None, None
10.05, [INFO], r1, {'y': 33.98, 'x': -32.88, 'yaw': -3.142}, pose, None, None
10.84, [INFO], r1, started skill, None, navto, None
20.06, [INFO], r1, {'y': 34.647, 'x': -34.656, 'yaw': 3.141}, pose, None, None
20.06, [INFO], r1, {'battery-level': '74.05'}, battery_charge, None, None
30.09, [INFO], r1, {'y': 33.751, 'x': -36.216, 'yaw': 3.142}, pose, None, None
30.09, [INFO], r1, {'battery-level': '73.55'}, battery_charge, None, None
40.09, [INFO], r1, {'y': 31.644, 'x': -36.234, 'yaw': 3.141}, pose, None, None
40.09, [INFO], r1, {'battery-level': '73.05'}, battery_charge, None, None
50.01, [INFO], r1, {'y': 29.563, 'x': -36.33, 'yaw': 3.141}, pose, None, None
50.01, [INFO], r1, {'battery-level': '72.55'}, battery_charge, None, None
60.01, [INFO], r1, {'y': 27.463, 'x': -36.377, 'yaw': 3.14}, pose, None, None
60.01, [INFO], r1, {'battery-level': '72.05'}, battery_charge, None, None
70.02, [INFO], r1, {'y': 25.35, 'x': -36.443, 'yaw': 3.141}, pose, None, None
70.02, [INFO], r1, {'battery-level': '71.55'}, battery_charge, None, None
80.02, [INFO], r1, {'battery-level': '71.05'}, battery_charge, None, None
80.02, [INFO], r1, {'y': 23.249, 'x': -36.5, 'yaw': 3.141}, pose, None, None
90.04, [INFO], r1, {'battery-level': '70.55'}, battery_charge, None, None
90.04, [INFO], r1, {'y': 21.136, 'x': -36.623, 'yaw': 3.141}, pose, None, None
100.04, [INFO], r1, {'y': 19.037, 'x': -36.694, 'yaw': 3.141}, pose, None, None
100.04, [INFO], r1, {'battery-level': '70.05'}, battery_charge, None, None
110.06, [INFO], r1, {'y': 16.921, 'x': -36.771, 'yaw': 3.141}, pose, None, None
110.06, [INFO], r1, {'battery-level': '69.55'}, battery_charge, None, None
120.03, [INFO], r1, {'y': 15.717, 'x': -35.625, 'yaw': 3.142}, pose, None, None
120.03, [INFO], r1, {'battery-level': '69.05'}, battery_charge, None, None
130.03, [INFO], r1, {'y': 15.401, 'x': -33.52, 'yaw': -3.141}, pose, None, None
130.03, [INFO], r1, {'battery-level': '68.55'}, battery_charge, None, None
140.09, [INFO], r1, {'y': 15.571, 'x': -31.394, 'yaw': 3.14}, pose, None, None
140.09, [INFO], r1, {'battery-level': '68.05'}, battery_charge, None, None
150.08, [INFO], r1, {'battery-level': '67.55'}, battery_charge, None, None
150.08, [INFO], r1, {'y': 15.715, 'x': -29.281, 'yaw': 3.141}, pose, None, None
160.05, [INFO], r1, {'y': 15.537, 'x': -27.272, 'yaw': -3.141}, pose, None, None
160.05, [INFO], r1, {'battery-level': '67.05'}, battery_charge, None, None
170.02, [INFO], r1, {'y': 13.451, 'x': -27.416, 'yaw': 3.141}, pose, None, None
170.02, [INFO], r1, {'battery-level': '66.55'}, battery_charge, None, None
180.10, [INFO], r1, {'y': 12.963, 'x': -27.393, 'yaw': -3.142}, pose, None, None
180.10, [INFO], r1, {'battery-level': '66.05'}, battery_charge, None, None
181.19, [INFO], r1, skill-success, None, navto, None
181.19, [INFO], r1, started skill, None, approach-nurse, None
181.19, [WARN], r1, SKILL-FAILURE, None, approach-nurse, None
190.02, [INFO], r1, {'y': 12.963, 'x': -27.393, 'yaw': -3.142}, pose, None, None
190.02, [INFO], r1, {'battery-level': '65.55'}, battery_charge, None, None
