9.86, [INFO], r1, started skill, None, navto, None
10.05, [INFO], r1, {'battery-level': '74.60'}, battery_charge, None, None
10.05, [INFO], r1, {'y': 33.98, 'x': -32.88, 'yaw': -3.142}, pose, None, None
20.08, [INFO], r1, {'y': 34.691, 'x': -34.85, 'yaw': 3.142}, pose, None, None
20.08, [INFO], r1, {'battery-level': '74.10'}, battery_charge, None, None
30.01, [INFO], r1, {'y': 33.594, 'x': -36.174, 'yaw': 3.141}, pose, None, None
30.01, [INFO], r1, {'battery-level': '73.60'}, battery_charge, None, None
40.04, [INFO], r1, {'y': 31.479, 'x': -36.195, 'yaw': 3.14}, pose, None, None
40.04, [INFO], r1, {'battery-level': '73.10'}, battery_charge, None, None
50.07, [INFO], r1, {'y': 29.355, 'x': -36.243, 'yaw': 3.142}, pose, None, None
50.07, [INFO], r1, {'battery-level': '72.60'}, battery_charge, None, None
60.00, [INFO], r1, {'battery-level': '72.10'}, battery_charge, None, None
60.00, [INFO], r1, {'y': 27.257, 'x': -36.312, 'yaw': 3.14}, pose, None, None
70.04, [INFO], r1, {'battery-level': '71.60'}, battery_charge, None, None
70.04, [INFO], r1, {'y': 25.143, 'x': -36.378, 'yaw': 3.141}, pose, None, None
80.05, [INFO], r1, {'y': 23.035, 'x': -36.489, 'yaw': 3.141}, pose, None, None
80.05, [INFO], r1, {'battery-level': '71.10'}, battery_charge, None, None
90.07, [INFO], r1, {'y': 20.912, 'x': -36.57, 'yaw': -3.142}, pose, None, None
90.07, [INFO], r1, {'battery-level': '70.60'}, battery_charge, None, None
100.07, [INFO], r1, {'y': 18.788, 'x': -36.684, 'yaw': 3.139}, pose, None, None
100.07, [INFO], r1, {'battery-level': '70.10'}, battery_charge, None, None
110.08, [INFO], r1, {'y': 16.663, 'x': -36.797, 'yaw': 3.141}, pose, None, None
110.08, [INFO], r1, {'battery-level': '69.60'}, battery_charge, None, None
120.01, [INFO], r1, {'y': 15.576, 'x': -35.254, 'yaw': 3.142}, pose, None, None
120.01, [INFO], r1, {'battery-level': '69.10'}, battery_charge, None, None
130.09, [INFO], r1, {'battery-level': '68.60'}, battery_charge, None, None
130.09, [INFO], r1, {'y': 15.492, 'x': -33.127, 'yaw': -3.141}, pose, None, None
140.09, [INFO], r1, {'battery-level': '68.10'}, battery_charge, None, None
140.09, [INFO], r1, {'y': 15.571, 'x': -31.004, 'yaw': 3.141}, pose, None, None
150.09, [INFO], r1, {'y': 15.751, 'x': -28.884, 'yaw': -3.141}, pose, None, None
150.09, [INFO], r1, {'battery-level': '67.60'}, battery_charge, None, None
160.01, [INFO], r1, {'y': 15.856, 'x': -26.789, 'yaw': 3.142}, pose, None, None
160.01, [INFO], r1, {'battery-level': '67.10'}, battery_charge, None, None
170.03, [INFO], r1, {'y': 15.763, 'x': -24.659, 'yaw': -3.142}, pose, None, None
170.03, [INFO], r1, {'battery-level': '66.60'}, battery_charge, None, None
180.01, [INFO], r1, {'y': 15.7, 'x': -22.565, 'yaw': 3.142}, pose, None, None
180.01, [INFO], r1, {'battery-level': '66.10'}, battery_charge, None, None
190.03, [INFO], r1, {'y': 15.572, 'x': -20.449, 'yaw': -3.142}, pose, None, None
190.03, [INFO], r1, {'battery-level': '65.60'}, battery_charge, None, None
200.03, [INFO], r1, {'battery-level': '65.10'}, battery_charge, None, None
200.03, [INFO], r1, {'y': 14.93, 'x': -18.407, 'yaw': 3.142}, pose, None, None
210.02, [INFO], r1, {'y': 13.053, 'x': -18.133, 'yaw': -3.142}, pose, None, None
210.02, [INFO], r1, {'battery-level': '64.60'}, battery_charge, None, None
218.78, [INFO], r1, skill-success, None, navto, None
218.78, [INFO], r1, started skill, None, approach-nurse, None
218.87, [INFO], r1, sent message, None, None, None
218.87, [INFO], r1, skill-success, None, approach-nurse, None
218.87, [INFO], r1, started skill, None, open-drawer, None
218.87, [INFO], r1, sent message, None, None, None
218.87, [INFO], r1, skill-success, None, open-drawer, None
218.87, [INFO], r1, started skill, None, deposit, None
218.87, [INFO], r1, sent message, None, None, None
218.87, [INFO], r1, skill-success, None, deposit, None
218.87, [INFO], r1, started skill, None, close-drawer, None
218.87, [INFO], r1, sent message, None, None, None
218.87, [INFO], r1, skill-success, None, close-drawer, None
218.87, [INFO], r1, started skill, None, navto, None
220.03, [INFO], r1, {'y': 13.101, 'x': -18.114, 'yaw': 3.142}, pose, None, None
220.03, [INFO], r1, {'battery-level': '64.10'}, battery_charge, None, None
230.05, [INFO], r1, {'battery-level': '63.60'}, battery_charge, None, None
230.05, [INFO], r1, {'y': 15.004, 'x': -18.757, 'yaw': 3.141}, pose, None, None
240.07, [INFO], r1, {'battery-level': '63.10'}, battery_charge, None, None
240.07, [INFO], r1, {'y': 15.697, 'x': -20.78, 'yaw': 3.14}, pose, None, None
250.06, [INFO], r1, {'battery-level': '62.60'}, battery_charge, None, None
250.06, [INFO], r1, {'y': 15.711, 'x': -22.893, 'yaw': -3.141}, pose, None, None
260.08, [INFO], r1, {'battery-level': '62.10'}, battery_charge, None, None
260.08, [INFO], r1, {'y': 15.725, 'x': -25.006, 'yaw': 3.141}, pose, None, None
270.01, [INFO], r1, {'y': 15.809, 'x': -27.12, 'yaw': -3.14}, pose, None, None
270.01, [INFO], r1, {'battery-level': '61.60'}, battery_charge, None, None
280.06, [INFO], r1, {'battery-level': '61.10'}, battery_charge, None, None
280.06, [INFO], r1, {'y': 15.947, 'x': -29.237, 'yaw': -3.142}, pose, None, None
290.05, [INFO], r1, {'y': 15.838, 'x': -31.352, 'yaw': 3.141}, pose, None, None
290.05, [INFO], r1, {'battery-level': '60.60'}, battery_charge, None, None
300.05, [INFO], r1, {'battery-level': '60.10'}, battery_charge, None, None
300.05, [INFO], r1, {'y': 15.642, 'x': -33.463, 'yaw': 3.142}, pose, None, None
310.09, [INFO], r1, {'battery-level': '59.60'}, battery_charge, None, None
310.09, [INFO], r1, {'y': 15.878, 'x': -35.421, 'yaw': -3.142}, pose, None, None
320.04, [INFO], r1, {'y': 17.773, 'x': -36.174, 'yaw': -3.141}, pose, None, None
320.04, [INFO], r1, {'battery-level': '59.10'}, battery_charge, None, None
330.06, [INFO], r1, {'y': 19.88, 'x': -36.196, 'yaw': 3.141}, pose, None, None
330.06, [INFO], r1, {'battery-level': '58.60'}, battery_charge, None, None
340.04, [INFO], r1, {'battery-level': '58.10'}, battery_charge, None, None
340.04, [INFO], r1, {'y': 21.991, 'x': -36.298, 'yaw': 3.14}, pose, None, None
350.05, [INFO], r1, {'battery-level': '57.60'}, battery_charge, None, None
350.05, [INFO], r1, {'y': 24.114, 'x': -36.274, 'yaw': 3.141}, pose, None, None
360.05, [INFO], r1, {'y': 26.227, 'x': -36.247, 'yaw': -3.142}, pose, None, None
360.05, [INFO], r1, {'battery-level': '57.10'}, battery_charge, None, None
370.08, [INFO], r1, {'battery-level': '56.60'}, battery_charge, None, None
370.08, [INFO], r1, {'y': 28.347, 'x': -36.33, 'yaw': 3.141}, pose, None, None
380.00, [INFO], r1, {'battery-level': '56.10'}, battery_charge, None, None
380.00, [INFO], r1, {'y': 30.434, 'x': -36.407, 'yaw': -3.136}, pose, None, None
390.01, [INFO], r1, {'y': 32.56, 'x': -36.643, 'yaw': 3.141}, pose, None, None
390.01, [INFO], r1, {'battery-level': '55.60'}, battery_charge, None, None
400.04, [INFO], r1, {'battery-level': '55.10'}, battery_charge, None, None
400.04, [INFO], r1, {'y': 34.68, 'x': -36.843, 'yaw': 3.142}, pose, None, None
410.09, [INFO], r1, {'y': 36.083, 'x': -36.949, 'yaw': -3.142}, pose, None, None
410.09, [INFO], r1, {'battery-level': '54.60'}, battery_charge, None, None
417.92, [INFO], r1, skill-success, None, navto, None
417.92, [INFO], r1, started skill, None, approach-arm, None
417.92, [INFO], r1, sent message, None, None, None
417.92, [INFO], r1, skill-success, None, approach-arm, None
417.92, [INFO], r1, started skill, None, open-drawer, None
417.92, [INFO], r1, sent message, None, None, None
417.92, [INFO], r1, skill-success, None, open-drawer, None
417.92, [INFO], r1, started skill, None, pick-up-sample, None
417.92, [INFO], r1, sent message, None, None, None
418.00, [INFO], r1, skill-success, None, pick-up-sample, None
418.00, [INFO], r1, started skill, None, close-drawer, None
418.00, [INFO], r1, sent message, None, None, None
418.00, [INFO], r1, skill-success, None, close-drawer, None
418.00, [WARN], r1, SUCCESS, None, None, None
420.05, [INFO], r1, {'y': 36.093, 'x': -36.955, 'yaw': -3.141}, pose, None, None
420.05, [INFO], r1, {'battery-level': '54.10'}, battery_charge, None, None
