10.08, [INFO], r1, {'y': 33.98, 'x': -32.88, 'yaw': -3.142}, pose, None, None
10.08, [INFO], r1, {'battery-level': '74.55'}, battery_charge, None, None
10.77, [INFO], r1, started skill, None, navto, None
20.10, [INFO], r1, {'y': 34.6, 'x': -34.686, 'yaw': -3.142}, pose, None, None
20.10, [INFO], r1, {'battery-level': '74.05'}, battery_charge, None, None
30.01, [INFO], r1, {'battery-level': '73.55'}, battery_charge, None, None
30.01, [INFO], r1, {'y': 33.719, 'x': -36.165, 'yaw': 3.142}, pose, None, None
40.04, [INFO], r1, {'y': 31.572, 'x': -36.206, 'yaw': 3.141}, pose, None, None
40.04, [INFO], r1, {'battery-level': '73.05'}, battery_charge, None, None
50.05, [INFO], r1, {'battery-level': '72.55'}, battery_charge, None, None
50.05, [INFO], r1, {'y': 29.448, 'x': -36.248, 'yaw': 3.142}, pose, None, None
60.07, [INFO], r1, {'y': 27.319, 'x': -36.321, 'yaw': 3.141}, pose, None, None
60.07, [INFO], r1, {'battery-level': '72.05'}, battery_charge, None, None
70.09, [INFO], r1, {'battery-level': '71.55'}, battery_charge, None, None
70.09, [INFO], r1, {'y': 25.193, 'x': -36.399, 'yaw': 3.141}, pose, None, None
80.00, [INFO], r1, {'y': 23.091, 'x': -36.554, 'yaw': 3.142}, pose, None, None
80.00, [INFO], r1, {'battery-level': '71.05'}, battery_charge, None, None
90.02, [INFO], r1, {'y': 20.98, 'x': -36.679, 'yaw': 3.142}, pose, None, None
90.02, [INFO], r1, {'battery-level': '70.55'}, battery_charge, None, None
100.02, [INFO], r1, {'y': 18.856, 'x': -36.743, 'yaw': 3.141}, pose, None, None
100.02, [INFO], r1, {'battery-level': '70.05'}, battery_charge, None, None
110.03, [INFO], r1, {'y': 16.724, 'x': -36.795, 'yaw': 3.141}, pose, None, None
110.03, [INFO], r1, {'battery-level': '69.55'}, battery_charge, None, None
120.05, [INFO], r1, {'y': 15.605, 'x': -35.233, 'yaw': 3.14}, pose, None, None
120.05, [INFO], r1, {'battery-level': '69.05'}, battery_charge, None, None
130.05, [INFO], r1, {'y': 15.491, 'x': -33.139, 'yaw': -3.141}, pose, None, None
130.05, [INFO], r1, {'battery-level': '68.55'}, battery_charge, None, None
140.03, [INFO], r1, {'y': 15.446, 'x': -31.019, 'yaw': -3.142}, pose, None, None
140.03, [INFO], r1, {'battery-level': '68.05'}, battery_charge, None, None
150.02, [INFO], r1, {'battery-level': '67.55'}, battery_charge, None, None
150.02, [INFO], r1, {'y': 15.731, 'x': -28.911, 'yaw': -3.141}, pose, None, None
160.08, [INFO], r1, {'battery-level': '67.05'}, battery_charge, None, None
160.08, [INFO], r1, {'y': 15.934, 'x': -26.777, 'yaw': 3.142}, pose, None, None
170.05, [INFO], r1, {'y': 15.822, 'x': -24.669, 'yaw': 3.141}, pose, None, None
170.05, [INFO], r1, {'battery-level': '66.55'}, battery_charge, None, None
180.06, [INFO], r1, {'y': 15.8, 'x': -22.534, 'yaw': 3.142}, pose, None, None
180.06, [INFO], r1, {'battery-level': '66.05'}, battery_charge, None, None
190.04, [INFO], r1, {'y': 15.59, 'x': -20.408, 'yaw': -3.141}, pose, None, None
190.04, [INFO], r1, {'battery-level': '65.55'}, battery_charge, None, None
200.03, [INFO], r1, {'y': 14.898, 'x': -18.375, 'yaw': -3.141}, pose, None, None
200.03, [INFO], r1, {'battery-level': '65.05'}, battery_charge, None, None
210.02, [INFO], r1, {'y': 13.026, 'x': -18.162, 'yaw': 3.142}, pose, None, None
210.02, [INFO], r1, {'battery-level': '64.55'}, battery_charge, None, None
220.03, [INFO], r1, {'y': 12.872, 'x': -18.09, 'yaw': -3.142}, pose, None, None
220.03, [INFO], r1, {'battery-level': '64.05'}, battery_charge, None, None
226.87, [INFO], r1, skill-success, None, navto, None
226.87, [INFO], r1, started skill, None, approach-nurse, None
226.87, [INFO], r1, sent message, None, None, None
226.87, [INFO], r1, skill-success, None, approach-nurse, None
226.87, [INFO], r1, started skill, None, authenticate-nurse, None
226.87, [INFO], r1, sent message, None, None, None
226.87, [INFO], r1, started skill, None, open-drawer, None
226.87, [INFO], r1, sent message, None, None, None
226.87, [INFO], r1, skill-success, None, open-drawer, None
226.87, [INFO], r1, started skill, None, deposit, None
226.87, [INFO], r1, sent message, None, None, None
226.87, [INFO], r1, skill-success, None, deposit, None
226.87, [INFO], r1, started skill, None, close-drawer, None
226.87, [INFO], r1, sent message, None, None, None
226.87, [INFO], r1, skill-success, None, close-drawer, None
226.87, [INFO], r1, started skill, None, navto, None
230.05, [INFO], r1, {'y': 13.481, 'x': -18.2, 'yaw': 3.141}, pose, None, None
230.05, [INFO], r1, {'battery-level': '63.55'}, battery_charge, None, None
240.01, [INFO], r1, {'y': 15.088, 'x': -19.116, 'yaw': 3.14}, pose, None, None
240.01, [INFO], r1, {'battery-level': '63.05'}, battery_charge, None, None
250.10, [INFO], r1, {'y': 15.625, 'x': -21.192, 'yaw': -3.141}, pose, None, None
250.10, [INFO], r1, {'battery-level': '62.55'}, battery_charge, None, None
260.00, [INFO], r1, {'y': 15.736, 'x': -23.292, 'yaw': 3.141}, pose, None, None
260.00, [INFO], r1, {'battery-level': '62.05'}, battery_charge, None, None
270.08, [INFO], r1, {'y': 15.792, 'x': -25.422, 'yaw': 3.14}, pose, None, None
270.08, [INFO], r1, {'battery-level': '61.55'}, battery_charge, None, None
280.10, [INFO], r1, {'y': 15.892, 'x': -27.522, 'yaw': -3.142}, pose, None, None
280.10, [INFO], r1, {'battery-level': '61.05'}, battery_charge, None, None
290.01, [INFO], r1, {'y': 15.9, 'x': -29.61, 'yaw': 3.142}, pose, None, None
290.01, [INFO], r1, {'battery-level': '60.55'}, battery_charge, None, None
300.01, [INFO], r1, {'y': 15.742, 'x': -31.718, 'yaw': 3.141}, pose, None, None
300.01, [INFO], r1, {'battery-level': '60.05'}, battery_charge, None, None
310.10, [INFO], r1, {'y': 15.536, 'x': -33.84, 'yaw': -3.142}, pose, None, None
310.10, [INFO], r1, {'battery-level': '59.55'}, battery_charge, None, None
320.00, [INFO], r1, {'battery-level': '59.05'}, battery_charge, None, None
320.00, [INFO], r1, {'y': 16.154, 'x': -35.691, 'yaw': 3.142}, pose, None, None
330.10, [INFO], r1, {'y': 18.165, 'x': -36.115, 'yaw': 3.141}, pose, None, None
330.10, [INFO], r1, {'battery-level': '58.55'}, battery_charge, None, None
340.09, [INFO], r1, {'y': 20.272, 'x': -36.213, 'yaw': 3.142}, pose, None, None
340.09, [INFO], r1, {'battery-level': '58.05'}, battery_charge, None, None
350.09, [INFO], r1, {'battery-level': '57.55'}, battery_charge, None, None
350.09, [INFO], r1, {'y': 22.384, 'x': -36.298, 'yaw': 3.141}, pose, None, None
360.10, [INFO], r1, {'y': 24.502, 'x': -36.292, 'yaw': 3.142}, pose, None, None
360.10, [INFO], r1, {'battery-level': '57.05'}, battery_charge, None, None
370.09, [INFO], r1, {'y': 26.602, 'x': -36.266, 'yaw': 3.142}, pose, None, None
370.09, [INFO], r1, {'battery-level': '56.55'}, battery_charge, None, None
380.01, [INFO], r1, {'battery-level': '56.05'}, battery_charge, None, None
380.01, [INFO], r1, {'y': 28.7, 'x': -36.329, 'yaw': -3.142}, pose, None, None
390.02, [INFO], r1, {'y': 30.801, 'x': -36.442, 'yaw': 3.142}, pose, None, None
390.02, [INFO], r1, {'battery-level': '55.55'}, battery_charge, None, None
400.05, [INFO], r1, {'y': 32.919, 'x': -36.635, 'yaw': 3.141}, pose, None, None
400.05, [INFO], r1, {'battery-level': '55.05'}, battery_charge, None, None
410.08, [INFO], r1, {'battery-level': '54.55'}, battery_charge, None, None
410.08, [INFO], r1, {'y': 35.02, 'x': -36.991, 'yaw': -3.142}, pose, None, None
420.09, [INFO], r1, {'y': 36.115, 'x': -37.009, 'yaw': -3.142}, pose, None, None
420.09, [INFO], r1, {'battery-level': '54.05'}, battery_charge, None, None
421.18, [INFO], r1, skill-success, None, navto, None
421.18, [INFO], r1, started skill, None, approach-arm, None
421.18, [INFO], r1, sent message, None, None, None
421.18, [INFO], r1, started skill, None, open-drawer, None
421.18, [INFO], r1, sent message, None, None, None
421.18, [INFO], r1, skill-success, None, open-drawer, None
421.18, [INFO], r1, started skill, None, pick-up-sample, None
421.18, [INFO], r1, sent message, None, None, None
421.18, [INFO], r1, skill-success, None, pick-up-sample, None
421.18, [INFO], r1, started skill, None, close-drawer, None
421.18, [INFO], r1, sent message, None, None, None
421.18, [INFO], r1, skill-success, None, close-drawer, None
421.18, [WARN], r1, SUCCESS, None, None, None
