9.29, [INFO], r1, started skill, None, navto, None
10.08, [INFO], r1, {'battery-level': '74.55'}, battery_charge, None, None
10.08, [INFO], r1, {'y': 33.986, 'x': -32.981, 'yaw': 3.141}, pose, None, None
20.01, [INFO], r1, {'y': 34.671, 'x': -34.994, 'yaw': 3.141}, pose, None, None
20.01, [INFO], r1, {'battery-level': '74.05'}, battery_charge, None, None
30.02, [INFO], r1, {'y': 33.443, 'x': -36.226, 'yaw': 3.142}, pose, None, None
30.02, [INFO], r1, {'battery-level': '73.55'}, battery_charge, None, None
40.05, [INFO], r1, {'battery-level': '73.05'}, battery_charge, None, None
40.05, [INFO], r1, {'y': 31.328, 'x': -36.254, 'yaw': -3.142}, pose, None, None
50.07, [INFO], r1, {'y': 29.214, 'x': -36.291, 'yaw': 3.142}, pose, None, None
50.07, [INFO], r1, {'battery-level': '72.55'}, battery_charge, None, None
60.08, [INFO], r1, {'y': 27.083, 'x': -36.39, 'yaw': 3.141}, pose, None, None
60.08, [INFO], r1, {'battery-level': '72.05'}, battery_charge, None, None
70.09, [INFO], r1, {'y': 24.965, 'x': -36.454, 'yaw': -3.142}, pose, None, None
70.09, [INFO], r1, {'battery-level': '71.55'}, battery_charge, None, None
80.09, [INFO], r1, {'battery-level': '71.05'}, battery_charge, None, None
80.09, [INFO], r1, {'y': 22.853, 'x': -36.521, 'yaw': 3.141}, pose, None, None
90.04, [INFO], r1, {'y': 20.751, 'x': -36.646, 'yaw': -3.142}, pose, None, None
90.04, [INFO], r1, {'battery-level': '70.55'}, battery_charge, None, None
100.01, [INFO], r1, {'y': 18.659, 'x': -36.683, 'yaw': 3.136}, pose, None, None
100.01, [INFO], r1, {'battery-level': '70.05'}, battery_charge, None, None
110.07, [INFO], r1, {'y': 16.534, 'x': -36.762, 'yaw': 3.141}, pose, None, None
110.07, [INFO], r1, {'battery-level': '69.55'}, battery_charge, None, None
120.03, [INFO], r1, {'y': 15.522, 'x': -35.092, 'yaw': -3.141}, pose, None, None
120.03, [INFO], r1, {'battery-level': '69.05'}, battery_charge, None, None
130.09, [INFO], r1, {'y': 15.503, 'x': -32.974, 'yaw': -3.142}, pose, None, None
130.09, [INFO], r1, {'battery-level': '68.55'}, battery_charge, None, None
140.07, [INFO], r1, {'y': 15.52, 'x': -30.865, 'yaw': 3.141}, pose, None, None
140.07, [INFO], r1, {'battery-level': '68.05'}, battery_charge, None, None
150.03, [INFO], r1, {'battery-level': '67.55'}, battery_charge, None, None
150.03, [INFO], r1, {'y': 15.751, 'x': -28.758, 'yaw': 3.141}, pose, None, None
160.01, [INFO], r1, {'y': 15.874, 'x': -26.651, 'yaw': 3.142}, pose, None, None
160.01, [INFO], r1, {'battery-level': '67.05'}, battery_charge, None, None
170.08, [INFO], r1, {'y': 15.76, 'x': -24.529, 'yaw': -3.142}, pose, None, None
170.08, [INFO], r1, {'battery-level': '66.55'}, battery_charge, None, None
180.05, [INFO], r1, {'y': 15.756, 'x': -22.421, 'yaw': 3.142}, pose, None, None
180.05, [INFO], r1, {'battery-level': '66.05'}, battery_charge, None, None
190.02, [INFO], r1, {'battery-level': '65.55'}, battery_charge, None, None
190.02, [INFO], r1, {'y': 15.605, 'x': -20.31, 'yaw': -3.142}, pose, None, None
200.08, [INFO], r1, {'y': 14.933, 'x': -18.277, 'yaw': 3.141}, pose, None, None
200.08, [INFO], r1, {'battery-level': '65.05'}, battery_charge, None, None
210.03, [INFO], r1, {'y': 13.051, 'x': -18.151, 'yaw': -3.142}, pose, None, None
210.03, [INFO], r1, {'battery-level': '64.55'}, battery_charge, None, None
220.07, [INFO], r1, {'y': 12.9, 'x': -18.142, 'yaw': 3.141}, pose, None, None
220.07, [INFO], r1, {'battery-level': '64.05'}, battery_charge, None, None
220.75, [INFO], r1, skill-success, None, navto, None
220.75, [INFO], r1, started skill, None, approach-nurse, None
220.75, [INFO], r1, sent message, None, None, None
220.75, [INFO], r1, skill-success, None, approach-nurse, None
220.75, [INFO], r1, started skill, None, authenticate-nurse, None
220.75, [INFO], r1, sent message, None, None, None
220.75, [INFO], r1, skill-success, None, authenticate-nurse, None
220.75, [INFO], r1, started skill, None, open-drawer, None
220.75, [INFO], r1, sent message, None, None, None
220.75, [INFO], r1, skill-success, None, open-drawer, None
220.75, [INFO], r1, started skill, None, deposit, None
220.75, [INFO], r1, sent message, None, None, None
220.75, [INFO], r1, skill-success, None, deposit, None
220.75, [INFO], r1, started skill, None, close-drawer, None
220.75, [INFO], r1, sent message, None, None, None
220.75, [INFO], r1, skill-success, None, close-drawer, None
220.75, [INFO], r1, started skill, None, navto, None
230.01, [INFO], r1, {'y': 14.76, 'x': -18.374, 'yaw': 3.142}, pose, None, None
230.01, [INFO], r1, {'battery-level': '63.55'}, battery_charge, None, None
240.08, [INFO], r1, {'y': 15.524, 'x': -20.385, 'yaw': -3.142}, pose, None, None
240.08, [INFO], r1, {'battery-level': '63.05'}, battery_charge, None, None
250.09, [INFO], r1, {'y': 15.712, 'x': -22.497, 'yaw': -3.141}, pose, None, None
250.09, [INFO], r1, {'battery-level': '62.55'}, battery_charge, None, None
260.09, [INFO], r1, {'y': 15.703, 'x': -24.601, 'yaw': 3.141}, pose, None, None
260.09, [INFO], r1, {'battery-level': '62.05'}, battery_charge, None, None
270.00, [INFO], r1, {'battery-level': '61.55'}, battery_charge, None, None
270.00, [INFO], r1, {'y': 15.745, 'x': -26.709, 'yaw': -3.142}, pose, None, None
280.01, [INFO], r1, {'y': 15.843, 'x': -28.82, 'yaw': 3.141}, pose, None, None
280.01, [INFO], r1, {'battery-level': '61.05'}, battery_charge, None, None
290.03, [INFO], r1, {'y': 15.772, 'x': -30.937, 'yaw': 3.142}, pose, None, None
290.03, [INFO], r1, {'battery-level': '60.55'}, battery_charge, None, None
300.02, [INFO], r1, {'y': 15.667, 'x': -33.064, 'yaw': 3.142}, pose, None, None
300.02, [INFO], r1, {'battery-level': '60.05'}, battery_charge, None, None
310.01, [INFO], r1, {'y': 15.628, 'x': -35.128, 'yaw': 3.142}, pose, None, None
310.01, [INFO], r1, {'battery-level': '59.55'}, battery_charge, None, None
320.06, [INFO], r1, {'y': 17.436, 'x': -36.134, 'yaw': -3.142}, pose, None, None
320.06, [INFO], r1, {'battery-level': '59.05'}, battery_charge, None, None
330.09, [INFO], r1, {'y': 19.546, 'x': -36.189, 'yaw': -3.141}, pose, None, None
330.09, [INFO], r1, {'battery-level': '58.55'}, battery_charge, None, None
340.01, [INFO], r1, {'y': 21.644, 'x': -36.263, 'yaw': 3.14}, pose, None, None
340.01, [INFO], r1, {'battery-level': '58.05'}, battery_charge, None, None
350.04, [INFO], r1, {'battery-level': '57.55'}, battery_charge, None, None
350.04, [INFO], r1, {'y': 23.767, 'x': -36.329, 'yaw': 3.141}, pose, None, None
360.02, [INFO], r1, {'y': 25.885, 'x': -36.262, 'yaw': 3.141}, pose, None, None
360.02, [INFO], r1, {'battery-level': '57.05'}, battery_charge, None, None
370.02, [INFO], r1, {'y': 27.999, 'x': -36.349, 'yaw': 3.141}, pose, None, None
370.02, [INFO], r1, {'battery-level': '56.55'}, battery_charge, None, None
380.03, [INFO], r1, {'y': 30.126, 'x': -36.382, 'yaw': -3.142}, pose, None, None
380.03, [INFO], r1, {'battery-level': '56.05'}, battery_charge, None, None
390.05, [INFO], r1, {'y': 32.245, 'x': -36.56, 'yaw': 3.142}, pose, None, None
390.05, [INFO], r1, {'battery-level': '55.55'}, battery_charge, None, None
400.07, [INFO], r1, {'y': 34.342, 'x': -36.845, 'yaw': 3.142}, pose, None, None
400.07, [INFO], r1, {'battery-level': '55.05'}, battery_charge, None, None
410.08, [INFO], r1, {'y': 36.095, 'x': -36.989, 'yaw': 3.141}, pose, None, None
410.08, [INFO], r1, {'battery-level': '54.55'}, battery_charge, None, None
418.46, [INFO], r1, skill-success, None, navto, None
418.46, [INFO], r1, started skill, None, approach-arm, None
418.46, [INFO], r1, sent message, None, None, None
418.46, [INFO], r1, skill-success, None, approach-arm, None
418.46, [INFO], r1, started skill, None, open-drawer, None
418.46, [INFO], r1, sent message, None, None, None
418.46, [INFO], r1, skill-success, None, open-drawer, None
418.46, [INFO], r1, started skill, None, pick-up-sample, None
418.46, [INFO], r1, sent message, None, None, None
418.46, [INFO], r1, skill-success, None, pick-up-sample, None
418.46, [INFO], r1, started skill, None, close-drawer, None
418.46, [INFO], r1, sent message, None, None, None
418.46, [INFO], r1, skill-success, None, close-drawer, None
418.46, [WARN], r1, SUCCESS, None, None, None
420.01, [INFO], r1, {'battery-level': '54.05'}, battery_charge, None, None
420.01, [INFO], r1, {'y': 36.133, 'x': -37.0, 'yaw': 3.141}, pose, None, None
