0.19, [DEBUG], logger, ROBOTS_CONFIG={'capabilities': ['approach_person', 'approach_robot', 'authenticate_person', 'navigation', 'operate_drawer'], 'battery_charge': 0.75, 'nurse_pose': [-28.5, 18.0, -1.57], 'robot_pose': [-32.88, 33.98, 3.14]}, None, None, None
0.19, [DEBUG], logger, Simulation open, None, None, None
10.07, [INFO], r1, {'y': 33.98, 'x': -32.88, 'yaw': -3.142}, pose, None, None
10.07, [INFO], r1, {'battery-level': '74.55'}, battery_charge, None, None
10.76, [INFO], r1, started skill, None, navto, None
20.09, [INFO], r1, {'y': 34.639, 'x': -34.679, 'yaw': 3.142}, pose, None, None
20.09, [INFO], r1, {'battery-level': '74.05'}, battery_charge, None, None
30.03, [INFO], r1, {'battery-level': '73.55'}, battery_charge, None, None
30.03, [INFO], r1, {'y': 33.768, 'x': -36.198, 'yaw': -3.142}, pose, None, None
40.05, [INFO], r1, {'y': 31.65, 'x': -36.169, 'yaw': 3.14}, pose, None, None
40.05, [INFO], r1, {'battery-level': '73.05'}, battery_charge, None, None
50.07, [INFO], r1, {'y': 29.542, 'x': -36.239, 'yaw': -3.142}, pose, None, None
50.07, [INFO], r1, {'battery-level': '72.55'}, battery_charge, None, None
60.08, [INFO], r1, {'y': 27.433, 'x': -36.304, 'yaw': 3.141}, pose, None, None
60.08, [INFO], r1, {'battery-level': '72.05'}, battery_charge, None, None
70.07, [INFO], r1, {'y': 25.323, 'x': -36.366, 'yaw': 3.141}, pose, None, None
70.07, [INFO], r1, {'battery-level': '71.55'}, battery_charge, None, None
80.06, [INFO], r1, {'y': 23.22, 'x': -36.489, 'yaw': 3.141}, pose, None, None
80.06, [INFO], r1, {'battery-level': '71.05'}, battery_charge, None, None
90.06, [INFO], r1, {'y': 21.108, 'x': -36.623, 'yaw': 3.141}, pose, None, None
90.06, [INFO], r1, {'battery-level': '70.55'}, battery_charge, None, None
100.07, [INFO], r1, {'y': 18.998, 'x': -36.7, 'yaw': 3.141}, pose, None, None
100.07, [INFO], r1, {'battery-level': '70.05'}, battery_charge, None, None
110.08, [INFO], r1, {'y': 16.89, 'x': -36.767, 'yaw': 3.14}, pose, None, None
110.08, [INFO], r1, {'battery-level': '69.55'}, battery_charge, None, None
120.09, [INFO], r1, {'y': 15.648, 'x': -35.576, 'yaw': 3.142}, pose, None, None
120.09, [INFO], r1, {'battery-level': '69.05'}, battery_charge, None, None
130.08, [INFO], r1, {'battery-level': '68.55'}, battery_charge, None, None
130.08, [INFO], r1, {'y': 15.373, 'x': -33.477, 'yaw': -3.141}, pose, None, None
140.08, [INFO], r1, {'y': 15.574, 'x': -31.373, 'yaw': -3.142}, pose, None, None
140.08, [INFO], r1, {'battery-level': '68.05'}, battery_charge, None, None
150.07, [INFO], r1, {'y': 15.686, 'x': -29.264, 'yaw': -3.142}, pose, None, None
150.07, [INFO], r1, {'battery-level': '67.55'}, battery_charge, None, None
160.06, [INFO], r1, {'battery-level': '67.05'}, battery_charge, None, None
160.06, [INFO], r1, {'y': 15.724, 'x': -28.609, 'yaw': 3.14}, pose, None, None
170.07, [INFO], r1, {'y': 15.779, 'x': -28.55, 'yaw': 3.142}, pose, None, None
170.07, [INFO], r1, {'battery-level': '66.55'}, battery_charge, None, None
180.06, [INFO], r1, {'y': 15.794, 'x': -28.516, 'yaw': 3.142}, pose, None, None
180.06, [INFO], r1, {'battery-level': '66.05'}, battery_charge, None, None
190.06, [INFO], r1, {'battery-level': '65.55'}, battery_charge, None, None
190.06, [INFO], r1, {'y': 15.794, 'x': -28.516, 'yaw': 3.141}, pose, None, None
200.00, [INFO], r1, {'y': 15.852, 'x': -28.55, 'yaw': -3.142}, pose, None, None
200.00, [INFO], r1, {'battery-level': '65.05'}, battery_charge, None, None
210.09, [INFO], r1, {'battery-level': '64.55'}, battery_charge, None, None
210.09, [INFO], r1, {'y': 15.856, 'x': -28.55, 'yaw': -3.142}, pose, None, None
220.04, [INFO], r1, {'y': 15.856, 'x': -28.55, 'yaw': 3.142}, pose, None, None
220.04, [INFO], r1, {'battery-level': '64.05'}, battery_charge, None, None
230.03, [INFO], r1, {'y': 15.856, 'x': -28.55, 'yaw': 3.142}, pose, None, None
230.03, [INFO], r1, {'battery-level': '63.55'}, battery_charge, None, None
240.09, [INFO], r1, {'y': 15.858, 'x': -28.551, 'yaw': 3.141}, pose, None, None
240.09, [INFO], r1, {'battery-level': '63.05'}, battery_charge, None, None
250.02, [INFO], r1, {'y': 15.578, 'x': -28.428, 'yaw': -3.142}, pose, None, None
250.02, [INFO], r1, {'battery-level': '62.55'}, battery_charge, None, None
260.01, [INFO], r1, {'y': 15.577, 'x': -28.429, 'yaw': 3.142}, pose, None, None
260.01, [INFO], r1, {'battery-level': '62.05'}, battery_charge, None, None
270.08, [INFO], r1, {'y': 15.576, 'x': -28.429, 'yaw': 3.142}, pose, None, None
270.08, [INFO], r1, {'battery-level': '61.55'}, battery_charge, None, None
280.07, [INFO], r1, {'battery-level': '61.05'}, battery_charge, None, None
280.07, [INFO], r1, {'y': 15.576, 'x': -28.429, 'yaw': -3.142}, pose, None, None
290.04, [INFO], r1, {'y': 15.578, 'x': -28.428, 'yaw': 3.141}, pose, None, None
290.04, [INFO], r1, {'battery-level': '60.55'}, battery_charge, None, None
300.06, [INFO], r1, {'y': 15.601, 'x': -28.452, 'yaw': 3.136}, pose, None, None
300.06, [INFO], r1, {'battery-level': '60.05'}, battery_charge, None, None
310.07, [INFO], r1, {'battery-level': '59.55'}, battery_charge, None, None
310.07, [INFO], r1, {'y': 15.645, 'x': -28.446, 'yaw': 3.141}, pose, None, None
312.25, [WARN], r1, SKILL-FAILURE, None, navto, None
320.10, [INFO], r1, {'battery-level': '59.05'}, battery_charge, None, None
320.10, [INFO], r1, {'y': 15.654, 'x': -28.452, 'yaw': 3.142}, pose, None, None
