0.19, [DEBUG], logger, ROBOTS_CONFIG={'capabilities': ['approach_person', 'approach_robot', 'authenticate_person', 'navigation', 'operate_drawer'], 'battery_charge': 0.75, 'nurse_pose': [-28.5, 18.0, -1.57], 'robot_pose': [-32.88, 33.98, 3.14]}, None, None, None
0.19, [DEBUG], logger, Simulation open, None, None, None
10.06, [INFO], r1, {'battery-level': '74.55'}, battery_charge, None, None
10.06, [INFO], r1, {'y': 33.98, 'x': -32.88, 'yaw': -3.142}, pose, None, None
10.85, [INFO], r1, started skill, None, navto, None
20.07, [INFO], r1, {'y': 34.646, 'x': -34.659, 'yaw': -3.141}, pose, None, None
20.07, [INFO], r1, {'battery-level': '74.05'}, battery_charge, None, None
30.09, [INFO], r1, {'y': 33.763, 'x': -36.194, 'yaw': 3.142}, pose, None, None
30.09, [INFO], r1, {'battery-level': '73.55'}, battery_charge, None, None
40.00, [INFO], r1, {'y': 31.686, 'x': -36.199, 'yaw': -3.141}, pose, None, None
40.00, [INFO], r1, {'battery-level': '73.05'}, battery_charge, None, None
50.02, [INFO], r1, {'y': 29.578, 'x': -36.279, 'yaw': -3.139}, pose, None, None
50.02, [INFO], r1, {'battery-level': '72.55'}, battery_charge, None, None
60.02, [INFO], r1, {'y': 27.465, 'x': -36.332, 'yaw': 3.141}, pose, None, None
60.02, [INFO], r1, {'battery-level': '72.05'}, battery_charge, None, None
70.05, [INFO], r1, {'battery-level': '71.55'}, battery_charge, None, None
70.05, [INFO], r1, {'y': 25.349, 'x': -36.486, 'yaw': 3.141}, pose, None, None
80.06, [INFO], r1, {'battery-level': '71.05'}, battery_charge, None, None
80.06, [INFO], r1, {'y': 23.242, 'x': -36.578, 'yaw': 3.141}, pose, None, None
90.08, [INFO], r1, {'y': 21.129, 'x': -36.694, 'yaw': -3.142}, pose, None, None
90.08, [INFO], r1, {'battery-level': '70.55'}, battery_charge, None, None
100.09, [INFO], r1, {'y': 19.028, 'x': -36.701, 'yaw': 3.141}, pose, None, None
100.09, [INFO], r1, {'battery-level': '70.05'}, battery_charge, None, None
110.09, [INFO], r1, {'y': 16.92, 'x': -36.768, 'yaw': -3.142}, pose, None, None
110.09, [INFO], r1, {'battery-level': '69.55'}, battery_charge, None, None
120.00, [INFO], r1, {'battery-level': '69.05'}, battery_charge, None, None
120.00, [INFO], r1, {'y': 15.641, 'x': -35.598, 'yaw': 3.142}, pose, None, None
130.09, [INFO], r1, {'y': 15.432, 'x': -33.463, 'yaw': -3.141}, pose, None, None
130.09, [INFO], r1, {'battery-level': '68.55'}, battery_charge, None, None
140.07, [INFO], r1, {'battery-level': '68.05'}, battery_charge, None, None
140.07, [INFO], r1, {'y': 15.502, 'x': -31.359, 'yaw': -3.141}, pose, None, None
150.07, [INFO], r1, {'y': 15.654, 'x': -29.237, 'yaw': 3.14}, pose, None, None
150.07, [INFO], r1, {'battery-level': '67.55'}, battery_charge, None, None
160.06, [INFO], r1, {'y': 15.749, 'x': -28.599, 'yaw': -3.142}, pose, None, None
160.06, [INFO], r1, {'battery-level': '67.05'}, battery_charge, None, None
170.07, [INFO], r1, {'y': 15.751, 'x': -28.598, 'yaw': 3.142}, pose, None, None
170.07, [INFO], r1, {'battery-level': '66.55'}, battery_charge, None, None
180.07, [INFO], r1, {'y': 15.75, 'x': -28.598, 'yaw': 3.142}, pose, None, None
180.07, [INFO], r1, {'battery-level': '66.05'}, battery_charge, None, None
190.09, [INFO], r1, {'y': 15.75, 'x': -28.598, 'yaw': 3.142}, pose, None, None
190.09, [INFO], r1, {'battery-level': '65.55'}, battery_charge, None, None
200.07, [INFO], r1, {'battery-level': '65.05'}, battery_charge, None, None
200.07, [INFO], r1, {'y': 15.788, 'x': -28.6, 'yaw': 3.142}, pose, None, None
210.06, [INFO], r1, {'y': 15.786, 'x': -28.6, 'yaw': 3.142}, pose, None, None
210.06, [INFO], r1, {'battery-level': '64.55'}, battery_charge, None, None
220.02, [INFO], r1, {'y': 15.786, 'x': -28.6, 'yaw': 3.142}, pose, None, None
220.02, [INFO], r1, {'battery-level': '64.05'}, battery_charge, None, None
230.09, [INFO], r1, {'y': 15.847, 'x': -28.602, 'yaw': -3.142}, pose, None, None
230.09, [INFO], r1, {'battery-level': '63.55'}, battery_charge, None, None
240.08, [INFO], r1, {'y': 16.872, 'x': -28.427, 'yaw': 3.141}, pose, None, None
240.08, [INFO], r1, {'battery-level': '63.05'}, battery_charge, None, None
250.06, [INFO], r1, {'battery-level': '62.55'}, battery_charge, None, None
250.06, [INFO], r1, {'y': 17.295, 'x': -28.361, 'yaw': -3.142}, pose, None, None
260.05, [INFO], r1, {'y': 16.893, 'x': -28.457, 'yaw': 3.141}, pose, None, None
260.05, [INFO], r1, {'battery-level': '62.05'}, battery_charge, None, None
270.05, [INFO], r1, {'y': 17.159, 'x': -28.521, 'yaw': 3.141}, pose, None, None
270.05, [INFO], r1, {'battery-level': '61.55'}, battery_charge, None, None
280.05, [INFO], r1, {'y': 16.843, 'x': -28.705, 'yaw': -3.14}, pose, None, None
280.05, [INFO], r1, {'battery-level': '61.05'}, battery_charge, None, None
290.06, [INFO], r1, {'y': 17.217, 'x': -28.243, 'yaw': 3.141}, pose, None, None
290.06, [INFO], r1, {'battery-level': '60.55'}, battery_charge, None, None
297.35, [WARN], r1, SKILL-FAILURE, None, navto, None
300.08, [INFO], r1, {'y': 17.219, 'x': -28.264, 'yaw': 3.142}, pose, None, None
300.08, [INFO], r1, {'battery-level': '60.05'}, battery_charge, None, None
