9.43, [INFO], r1, started skill, None, navto, None
10.01, [INFO], r1, {'battery-level': '74.55'}, battery_charge, None, None
10.01, [INFO], r1, {'y': 33.98, 'x': -32.915, 'yaw': 3.141}, pose, None, None
20.05, [INFO], r1, {'y': 34.648, 'x': -34.928, 'yaw': 3.141}, pose, None, None
20.05, [INFO], r1, {'battery-level': '74.05'}, battery_charge, None, None
30.03, [INFO], r1, {'battery-level': '73.55'}, battery_charge, None, None
30.03, [INFO], r1, {'y': 33.507, 'x': -36.235, 'yaw': -3.142}, pose, None, None
40.08, [INFO], r1, {'battery-level': '73.05'}, battery_charge, None, None
40.08, [INFO], r1, {'y': 31.386, 'x': -36.28, 'yaw': 3.14}, pose, None, None
50.10, [INFO], r1, {'battery-level': '72.55'}, battery_charge, None, None
50.10, [INFO], r1, {'y': 29.27, 'x': -36.289, 'yaw': -3.142}, pose, None, None
60.03, [INFO], r1, {'y': 27.163, 'x': -36.392, 'yaw': 3.14}, pose, None, None
60.03, [INFO], r1, {'battery-level': '72.05'}, battery_charge, None, None
70.05, [INFO], r1, {'y': 25.043, 'x': -36.404, 'yaw': 3.141}, pose, None, None
70.05, [INFO], r1, {'battery-level': '71.55'}, battery_charge, None, None
80.05, [INFO], r1, {'y': 22.942, 'x': -36.564, 'yaw': 3.141}, pose, None, None
80.05, [INFO], r1, {'battery-level': '71.05'}, battery_charge, None, None
90.02, [INFO], r1, {'y': 20.849, 'x': -36.646, 'yaw': 3.142}, pose, None, None
90.02, [INFO], r1, {'battery-level': '70.55'}, battery_charge, None, None
100.05, [INFO], r1, {'y': 18.73, 'x': -36.661, 'yaw': 3.141}, pose, None, None
100.05, [INFO], r1, {'battery-level': '70.05'}, battery_charge, None, None
110.08, [INFO], r1, {'battery-level': '69.55'}, battery_charge, None, None
110.08, [INFO], r1, {'y': 16.608, 'x': -36.75, 'yaw': 3.142}, pose, None, None
120.08, [INFO], r1, {'y': 15.584, 'x': -35.156, 'yaw': -3.141}, pose, None, None
120.08, [INFO], r1, {'battery-level': '69.05'}, battery_charge, None, None
130.09, [INFO], r1, {'y': 15.514, 'x': -33.041, 'yaw': 3.142}, pose, None, None
130.09, [INFO], r1, {'battery-level': '68.55'}, battery_charge, None, None
140.09, [INFO], r1, {'y': 15.567, 'x': -30.93, 'yaw': 3.14}, pose, None, None
140.09, [INFO], r1, {'battery-level': '68.05'}, battery_charge, None, None
150.03, [INFO], r1, {'y': 15.743, 'x': -28.826, 'yaw': 3.141}, pose, None, None
150.03, [INFO], r1, {'battery-level': '67.55'}, battery_charge, None, None
160.02, [INFO], r1, {'y': 16.625, 'x': -27.146, 'yaw': 3.141}, pose, None, None
160.02, [INFO], r1, {'battery-level': '67.05'}, battery_charge, None, None
170.03, [INFO], r1, {'y': 17.954, 'x': -27.231, 'yaw': 3.141}, pose, None, None
170.03, [INFO], r1, {'battery-level': '66.55'}, battery_charge, None, None
174.34, [INFO], r1, skill-success, None, navto, None
174.34, [INFO], r1, started skill, None, approach-nurse, None
174.34, [INFO], r1, sent message, None, None, None
174.34, [INFO], r1, skill-success, None, approach-nurse, None
174.34, [INFO], r1, started skill, None, authenticate-nurse, None
174.34, [INFO], r1, sent message, None, None, None
174.34, [INFO], r1, skill-success, None, authenticate-nurse, None
174.34, [INFO], r1, started skill, None, open-drawer, None
174.34, [INFO], r1, sent message, None, None, None
174.34, [INFO], r1, skill-success, None, open-drawer, None
174.34, [INFO], r1, started skill, None, deposit, None
174.34, [INFO], r1, sent message, None, None, None
174.34, [INFO], r1, skill-success, None, deposit, None
174.34, [INFO], r1, started skill, None, close-drawer, None
174.34, [INFO], r1, sent message, None, None, None
174.34, [INFO], r1, skill-success, None, close-drawer, None
174.34, [INFO], r1, started skill, None, navto, None
180.02, [INFO], r1, {'y': 16.812, 'x': -27.065, 'yaw': -3.141}, pose, None, None
180.02, [INFO], r1, {'battery-level': '66.05'}, battery_charge, None, None
190.02, [INFO], r1, {'y': 16.098, 'x': -28.646, 'yaw': 3.142}, pose, None, None
190.02, [INFO], r1, {'battery-level': '65.55'}, battery_charge, None, None
200.06, [INFO], r1, {'y': 16.035, 'x': -30.786, 'yaw': 3.141}, pose, None, None
200.06, [INFO], r1, {'battery-level': '65.05'}, battery_charge, None, None
210.06, [INFO], r1, {'battery-level': '64.55'}, battery_charge, None, None
210.06, [INFO], r1, {'y': 15.82, 'x': -32.908, 'yaw': -3.142}, pose, None, None
220.06, [INFO], r1, {'battery-level': '64.05'}, battery_charge, None, None
220.06, [INFO], r1, {'y': 15.498, 'x': -34.996, 'yaw': -3.141}, pose, None, None
230.02, [INFO], r1, {'y': 17.201, 'x': -36.114, 'yaw': 3.142}, pose, None, None
230.02, [INFO], r1, {'battery-level': '63.55'}, battery_charge, None, None
240.02, [INFO], r1, {'battery-level': '63.05'}, battery_charge, None, None
240.02, [INFO], r1, {'y': 19.318, 'x': -36.167, 'yaw': 3.141}, pose, None, None
250.01, [INFO], r1, {'y': 21.444, 'x': -36.262, 'yaw': 3.14}, pose, None, None
250.01, [INFO], r1, {'battery-level': '62.55'}, battery_charge, None, None
260.05, [INFO], r1, {'y': 23.573, 'x': -36.31, 'yaw': 3.141}, pose, None, None
260.05, [INFO], r1, {'battery-level': '62.05'}, battery_charge, None, None
270.06, [INFO], r1, {'battery-level': '61.55'}, battery_charge, None, None
270.06, [INFO], r1, {'y': 25.701, 'x': -36.255, 'yaw': 3.14}, pose, None, None
280.03, [INFO], r1, {'y': 27.797, 'x': -36.307, 'yaw': 3.142}, pose, None, None
280.03, [INFO], r1, {'battery-level': '61.05'}, battery_charge, None, None
290.03, [INFO], r1, {'y': 29.921, 'x': -36.383, 'yaw': 3.142}, pose, None, None
290.03, [INFO], r1, {'battery-level': '60.55'}, battery_charge, None, None
300.03, [INFO], r1, {'y': 32.043, 'x': -36.559, 'yaw': -3.142}, pose, None, None
300.03, [INFO], r1, {'battery-level': '60.05'}, battery_charge, None, None
310.05, [INFO], r1, {'y': 34.16, 'x': -36.881, 'yaw': -3.141}, pose, None, None
310.05, [INFO], r1, {'battery-level': '59.55'}, battery_charge, None, None
320.05, [INFO], r1, {'battery-level': '59.05'}, battery_charge, None, None
320.05, [INFO], r1, {'y': 36.014, 'x': -36.932, 'yaw': 3.141}, pose, None, None
330.00, [INFO], r1, {'y': 36.107, 'x': -36.957, 'yaw': 3.141}, pose, None, None
330.00, [INFO], r1, {'battery-level': '58.55'}, battery_charge, None, None
331.93, [INFO], r1, skill-success, None, navto, None
331.93, [INFO], r1, started skill, None, approach-arm, None
331.93, [INFO], r1, sent message, None, None, None
331.93, [INFO], r1, started skill, None, open-drawer, None
331.93, [INFO], r1, sent message, None, None, None
331.93, [INFO], r1, skill-success, None, open-drawer, None
331.93, [INFO], r1, started skill, None, pick-up-sample, None
331.93, [INFO], r1, sent message, None, None, None
331.93, [INFO], r1, skill-success, None, pick-up-sample, None
331.93, [INFO], r1, started skill, None, close-drawer, None
331.93, [INFO], r1, sent message, None, None, None
331.93, [INFO], r1, skill-success, None, close-drawer, None
331.93, [WARN], r1, SUCCESS, None, None, None
