9.17, [INFO], r1, started skill, None, navto, None
10.03, [INFO], r1, {'y': 33.987, 'x': -32.988, 'yaw': 3.141}, pose, None, None
10.03, [INFO], r1, {'battery-level': '74.55'}, battery_charge, None, None
20.08, [INFO], r1, {'battery-level': '74.05'}, battery_charge, None, None
20.08, [INFO], r1, {'y': 34.673, 'x': -35.015, 'yaw': -3.142}, pose, None, None
30.02, [INFO], r1, {'y': 33.359, 'x': -36.164, 'yaw': 3.142}, pose, None, None
30.02, [INFO], r1, {'battery-level': '73.55'}, battery_charge, None, None
40.04, [INFO], r1, {'battery-level': '73.05'}, battery_charge, None, None
40.04, [INFO], r1, {'y': 31.227, 'x': -36.243, 'yaw': 3.137}, pose, None, None
50.07, [INFO], r1, {'y': 29.096, 'x': -36.254, 'yaw': 3.142}, pose, None, None
50.07, [INFO], r1, {'battery-level': '72.55'}, battery_charge, None, None
60.09, [INFO], r1, {'battery-level': '72.05'}, battery_charge, None, None
60.09, [INFO], r1, {'y': 26.985, 'x': -36.31, 'yaw': 3.142}, pose, None, None
70.08, [INFO], r1, {'y': 24.864, 'x': -36.397, 'yaw': 3.141}, pose, None, None
70.08, [INFO], r1, {'battery-level': '71.55'}, battery_charge, None, None
80.06, [INFO], r1, {'y': 22.759, 'x': -36.573, 'yaw': 3.141}, pose, None, None
80.06, [INFO], r1, {'battery-level': '71.05'}, battery_charge, None, None
90.05, [INFO], r1, {'y': 20.635, 'x': -36.674, 'yaw': -3.141}, pose, None, None
90.05, [INFO], r1, {'battery-level': '70.55'}, battery_charge, None, None
100.03, [INFO], r1, {'y': 18.531, 'x': -36.712, 'yaw': 3.141}, pose, None, None
100.03, [INFO], r1, {'battery-level': '70.05'}, battery_charge, None, None
110.02, [INFO], r1, {'y': 16.418, 'x': -36.795, 'yaw': 3.141}, pose, None, None
110.02, [INFO], r1, {'battery-level': '69.55'}, battery_charge, None, None
120.00, [INFO], r1, {'y': 15.481, 'x': -35.051, 'yaw': 3.142}, pose, None, None
120.00, [INFO], r1, {'battery-level': '69.05'}, battery_charge, None, None
130.06, [INFO], r1, {'y': 15.513, 'x': -32.933, 'yaw': 3.142}, pose, None, None
130.06, [INFO], r1, {'battery-level': '68.55'}, battery_charge, None, None
140.05, [INFO], r1, {'battery-level': '68.05'}, battery_charge, None, None
140.05, [INFO], r1, {'y': 15.583, 'x': -30.823, 'yaw': -3.141}, pose, None, None
150.04, [INFO], r1, {'y': 15.777, 'x': -28.716, 'yaw': 3.141}, pose, None, None
150.04, [INFO], r1, {'battery-level': '67.55'}, battery_charge, None, None
160.02, [INFO], r1, {'battery-level': '67.05'}, battery_charge, None, None
160.02, [INFO], r1, {'y': 15.982, 'x': -26.599, 'yaw': -3.14}, pose, None, None
170.00, [INFO], r1, {'y': 15.983, 'x': -24.485, 'yaw': 3.142}, pose, None, None
170.00, [INFO], r1, {'battery-level': '66.55'}, battery_charge, None, None
180.03, [INFO], r1, {'y': 16.112, 'x': -22.354, 'yaw': 3.139}, pose, None, None
180.03, [INFO], r1, {'battery-level': '66.05'}, battery_charge, None, None
190.07, [INFO], r1, {'y': 17.078, 'x': -20.745, 'yaw': 3.138}, pose, None, None
190.07, [INFO], r1, {'battery-level': '65.55'}, battery_charge, None, None
200.02, [INFO], r1, {'battery-level': '65.05'}, battery_charge, None, None
200.02, [INFO], r1, {'y': 17.989, 'x': -21.05, 'yaw': 3.142}, pose, None, None
210.05, [INFO], r1, {'y': 17.988, 'x': -21.11, 'yaw': -3.142}, pose, None, None
210.05, [INFO], r1, {'battery-level': '64.55'}, battery_charge, None, None
213.86, [INFO], r1, skill-success, None, navto, None
213.86, [INFO], r1, started skill, None, approach-nurse, None
213.86, [INFO], r1, sent message, None, None, None
213.86, [INFO], r1, started skill, None, open-drawer, None
213.86, [INFO], r1, sent message, None, None, None
213.86, [INFO], r1, skill-success, None, open-drawer, None
213.86, [INFO], r1, started skill, None, deposit, None
213.86, [INFO], r1, sent message, None, None, None
213.86, [INFO], r1, skill-success, None, deposit, None
213.86, [INFO], r1, started skill, None, close-drawer, None
213.86, [INFO], r1, sent message, None, None, None
213.96, [INFO], r1, skill-success, None, close-drawer, None
213.96, [INFO], r1, started skill, None, navto, None
220.01, [INFO], r1, {'battery-level': '64.05'}, battery_charge, None, None
220.01, [INFO], r1, {'y': 16.758, 'x': -21.094, 'yaw': 3.141}, pose, None, None
230.09, [INFO], r1, {'y': 16.171, 'x': -23.038, 'yaw': -3.142}, pose, None, None
230.09, [INFO], r1, {'battery-level': '63.55'}, battery_charge, None, None
240.04, [INFO], r1, {'y': 16.141, 'x': -25.133, 'yaw': 3.141}, pose, None, None
240.04, [INFO], r1, {'battery-level': '63.05'}, battery_charge, None, None
250.03, [INFO], r1, {'battery-level': '62.55'}, battery_charge, None, None
250.03, [INFO], r1, {'y': 15.89, 'x': -27.224, 'yaw': 3.137}, pose, None, None
260.04, [INFO], r1, {'y': 15.944, 'x': -29.347, 'yaw': 3.142}, pose, None, None
260.04, [INFO], r1, {'battery-level': '62.05'}, battery_charge, None, None
270.03, [INFO], r1, {'battery-level': '61.55'}, battery_charge, None, None
270.03, [INFO], r1, {'y': 15.867, 'x': -31.464, 'yaw': 3.142}, pose, None, None
280.06, [INFO], r1, {'y': 15.676, 'x': -33.585, 'yaw': -3.14}, pose, None, None
280.06, [INFO], r1, {'battery-level': '61.05'}, battery_charge, None, None
290.02, [INFO], r1, {'battery-level': '60.55'}, battery_charge, None, None
290.02, [INFO], r1, {'y': 15.926, 'x': -35.509, 'yaw': -3.142}, pose, None, None
300.01, [INFO], r1, {'y': 17.827, 'x': -36.124, 'yaw': 3.141}, pose, None, None
300.01, [INFO], r1, {'battery-level': '60.05'}, battery_charge, None, None
310.09, [INFO], r1, {'y': 19.951, 'x': -36.212, 'yaw': -3.142}, pose, None, None
310.09, [INFO], r1, {'battery-level': '59.55'}, battery_charge, None, None
320.09, [INFO], r1, {'y': 22.058, 'x': -36.288, 'yaw': 3.14}, pose, None, None
320.09, [INFO], r1, {'battery-level': '59.05'}, battery_charge, None, None
330.08, [INFO], r1, {'y': 24.179, 'x': -36.298, 'yaw': 3.141}, pose, None, None
330.08, [INFO], r1, {'battery-level': '58.55'}, battery_charge, None, None
340.02, [INFO], r1, {'y': 26.285, 'x': -36.248, 'yaw': 3.141}, pose, None, None
340.02, [INFO], r1, {'battery-level': '58.05'}, battery_charge, None, None
350.05, [INFO], r1, {'battery-level': '57.55'}, battery_charge, None, None
350.05, [INFO], r1, {'y': 28.416, 'x': -36.334, 'yaw': 3.14}, pose, None, None
360.06, [INFO], r1, {'y': 30.528, 'x': -36.444, 'yaw': -3.142}, pose, None, None
360.06, [INFO], r1, {'battery-level': '57.05'}, battery_charge, None, None
370.08, [INFO], r1, {'battery-level': '56.55'}, battery_charge, None, None
370.08, [INFO], r1, {'y': 32.652, 'x': -36.635, 'yaw': 3.14}, pose, None, None
380.00, [INFO], r1, {'battery-level': '56.05'}, battery_charge, None, None
380.00, [INFO], r1, {'y': 34.748, 'x': -36.854, 'yaw': 3.142}, pose, None, None
390.09, [INFO], r1, {'y': 36.074, 'x': -36.95, 'yaw': -3.142}, pose, None, None
390.09, [INFO], r1, {'battery-level': '55.55'}, battery_charge, None, None
393.80, [INFO], r1, skill-success, None, navto, None
393.80, [INFO], r1, started skill, None, approach-arm, None
393.80, [INFO], r1, sent message, None, None, None
393.80, [INFO], r1, skill-success, None, approach-arm, None
393.80, [INFO], r1, started skill, None, open-drawer, None
393.80, [INFO], r1, sent message, None, None, None
393.80, [INFO], r1, skill-success, None, open-drawer, None
393.80, [INFO], r1, started skill, None, pick-up-sample, None
393.80, [INFO], r1, sent message, None, None, None
393.80, [INFO], r1, skill-success, None, pick-up-sample, None
393.80, [INFO], r1, started skill, None, close-drawer, None
393.80, [INFO], r1, sent message, None, None, None
393.80, [INFO], r1, skill-success, None, close-drawer, None
393.80, [WARN], r1, SUCCESS, None, None, None
