9.35, [INFO], r1, started skill, None, navto, None
10.01, [INFO], r1, {'y': 33.981, 'x': -32.937, 'yaw': 3.141}, pose, None, None
10.01, [INFO], r1, {'battery-level': '74.55'}, battery_charge, None, None
20.05, [INFO], r1, {'battery-level': '74.05'}, battery_charge, None, None
20.05, [INFO], r1, {'y': 34.667, 'x': -34.965, 'yaw': 3.142}, pose, None, None
30.00, [INFO], r1, {'y': 33.458, 'x': -36.219, 'yaw': 3.142}, pose, None, None
30.00, [INFO], r1, {'battery-level': '73.55'}, battery_charge, None, None
40.08, [INFO], r1, {'y': 31.334, 'x': -36.274, 'yaw': 3.141}, pose, None, None
40.08, [INFO], r1, {'battery-level': '73.05'}, battery_charge, None, None
50.02, [INFO], r1, {'y': 29.23, 'x': -36.306, 'yaw': -3.142}, pose, None, None
50.02, [INFO], r1, {'battery-level': '72.55'}, battery_charge, None, None
60.02, [INFO], r1, {'battery-level': '72.05'}, battery_charge, None, None
60.02, [INFO], r1, {'y': 27.105, 'x': -36.377, 'yaw': 3.141}, pose, None, None
70.06, [INFO], r1, {'battery-level': '71.55'}, battery_charge, None, None
70.06, [INFO], r1, {'y': 24.971, 'x': -36.397, 'yaw': 3.141}, pose, None, None
80.08, [INFO], r1, {'battery-level': '71.05'}, battery_charge, None, None
80.08, [INFO], r1, {'y': 22.861, 'x': -36.531, 'yaw': 3.141}, pose, None, None
90.08, [INFO], r1, {'y': 20.751, 'x': -36.654, 'yaw': 3.142}, pose, None, None
90.08, [INFO], r1, {'battery-level': '70.55'}, battery_charge, None, None
100.02, [INFO], r1, {'y': 18.657, 'x': -36.678, 'yaw': 3.136}, pose, None, None
100.02, [INFO], r1, {'battery-level': '70.05'}, battery_charge, None, None
110.01, [INFO], r1, {'y': 16.54, 'x': -36.783, 'yaw': 3.141}, pose, None, None
110.01, [INFO], r1, {'battery-level': '69.55'}, battery_charge, None, None
120.03, [INFO], r1, {'y': 15.461, 'x': -35.184, 'yaw': -3.141}, pose, None, None
120.03, [INFO], r1, {'battery-level': '69.05'}, battery_charge, None, None
130.01, [INFO], r1, {'y': 15.5, 'x': -33.088, 'yaw': 3.141}, pose, None, None
130.01, [INFO], r1, {'battery-level': '68.55'}, battery_charge, None, None
140.02, [INFO], r1, {'battery-level': '68.05'}, battery_charge, None, None
140.02, [INFO], r1, {'y': 15.608, 'x': -30.98, 'yaw': 3.141}, pose, None, None
150.08, [INFO], r1, {'y': 15.741, 'x': -28.856, 'yaw': 3.141}, pose, None, None
150.08, [INFO], r1, {'battery-level': '67.55'}, battery_charge, None, None
160.05, [INFO], r1, {'y': 15.926, 'x': -26.742, 'yaw': -3.142}, pose, None, None
160.05, [INFO], r1, {'battery-level': '67.05'}, battery_charge, None, None
170.05, [INFO], r1, {'y': 16.149, 'x': -24.636, 'yaw': -3.141}, pose, None, None
170.05, [INFO], r1, {'battery-level': '66.55'}, battery_charge, None, None
180.05, [INFO], r1, {'battery-level': '66.05'}, battery_charge, None, None
180.05, [INFO], r1, {'y': 16.161, 'x': -22.529, 'yaw': 3.142}, pose, None, None
190.01, [INFO], r1, {'y': 16.237, 'x': -20.428, 'yaw': 3.141}, pose, None, None
190.01, [INFO], r1, {'battery-level': '65.55'}, battery_charge, None, None
200.01, [INFO], r1, {'y': 17.538, 'x': -19.17, 'yaw': 3.142}, pose, None, None
200.01, [INFO], r1, {'battery-level': '65.05'}, battery_charge, None, None
210.07, [INFO], r1, {'y': 18.063, 'x': -18.995, 'yaw': 3.14}, pose, None, None
210.07, [INFO], r1, {'battery-level': '64.55'}, battery_charge, None, None
213.27, [INFO], r1, skill-success, None, navto, None
213.27, [INFO], r1, started skill, None, approach-nurse, None
213.27, [INFO], r1, sent message, None, None, None
213.27, [INFO], r1, skill-success, None, approach-nurse, None
213.27, [INFO], r1, started skill, None, open-drawer, None
213.27, [INFO], r1, sent message, None, None, None
213.27, [INFO], r1, skill-success, None, open-drawer, None
213.27, [INFO], r1, started skill, None, deposit, None
213.27, [INFO], r1, sent message, None, None, None
213.27, [INFO], r1, skill-success, None, deposit, None
213.27, [INFO], r1, started skill, None, close-drawer, None
213.27, [INFO], r1, sent message, None, None, None
213.27, [INFO], r1, skill-success, None, close-drawer, None
213.27, [INFO], r1, started skill, None, navto, None
220.09, [INFO], r1, {'battery-level': '64.05'}, battery_charge, None, None
220.09, [INFO], r1, {'y': 16.802, 'x': -19.558, 'yaw': 3.141}, pose, None, None
230.09, [INFO], r1, {'y': 16.32, 'x': -21.485, 'yaw': 3.142}, pose, None, None
230.09, [INFO], r1, {'battery-level': '63.55'}, battery_charge, None, None
240.03, [INFO], r1, {'y': 16.18, 'x': -23.585, 'yaw': 3.14}, pose, None, None
240.03, [INFO], r1, {'battery-level': '63.05'}, battery_charge, None, None
250.05, [INFO], r1, {'y': 16.128, 'x': -25.698, 'yaw': 3.141}, pose, None, None
250.05, [INFO], r1, {'battery-level': '62.55'}, battery_charge, None, None
260.07, [INFO], r1, {'y': 16.077, 'x': -27.829, 'yaw': 3.141}, pose, None, None
260.07, [INFO], r1, {'battery-level': '62.05'}, battery_charge, None, None
270.00, [INFO], r1, {'y': 16.07, 'x': -29.943, 'yaw': 3.141}, pose, None, None
270.00, [INFO], r1, {'battery-level': '61.55'}, battery_charge, None, None
280.02, [INFO], r1, {'y': 15.949, 'x': -32.072, 'yaw': 3.141}, pose, None, None
280.02, [INFO], r1, {'battery-level': '61.05'}, battery_charge, None, None
290.02, [INFO], r1, {'y': 15.505, 'x': -34.153, 'yaw': 3.142}, pose, None, None
290.02, [INFO], r1, {'battery-level': '60.55'}, battery_charge, None, None
300.06, [INFO], r1, {'y': 16.433, 'x': -35.933, 'yaw': 3.142}, pose, None, None
300.06, [INFO], r1, {'battery-level': '60.05'}, battery_charge, None, None
310.07, [INFO], r1, {'battery-level': '59.55'}, battery_charge, None, None
310.07, [INFO], r1, {'y': 18.513, 'x': -36.185, 'yaw': 3.139}, pose, None, None
320.05, [INFO], r1, {'y': 20.627, 'x': -36.244, 'yaw': 3.142}, pose, None, None
320.05, [INFO], r1, {'battery-level': '59.05'}, battery_charge, None, None
330.08, [INFO], r1, {'battery-level': '58.55'}, battery_charge, None, None
330.08, [INFO], r1, {'y': 22.743, 'x': -36.249, 'yaw': 3.141}, pose, None, None
340.04, [INFO], r1, {'y': 24.841, 'x': -36.21, 'yaw': 3.141}, pose, None, None
340.04, [INFO], r1, {'battery-level': '58.05'}, battery_charge, None, None
350.08, [INFO], r1, {'y': 26.97, 'x': -36.3, 'yaw': 3.141}, pose, None, None
350.08, [INFO], r1, {'battery-level': '57.55'}, battery_charge, None, None
360.07, [INFO], r1, {'battery-level': '57.05'}, battery_charge, None, None
360.07, [INFO], r1, {'y': 29.086, 'x': -36.349, 'yaw': 3.141}, pose, None, None
370.03, [INFO], r1, {'battery-level': '56.55'}, battery_charge, None, None
370.03, [INFO], r1, {'y': 31.201, 'x': -36.442, 'yaw': 3.142}, pose, None, None
380.08, [INFO], r1, {'y': 33.319, 'x': -36.74, 'yaw': 3.141}, pose, None, None
380.08, [INFO], r1, {'battery-level': '56.05'}, battery_charge, None, None
390.07, [INFO], r1, {'y': 35.413, 'x': -36.956, 'yaw': 3.141}, pose, None, None
390.07, [INFO], r1, {'battery-level': '55.55'}, battery_charge, None, None
399.46, [INFO], r1, skill-success, None, navto, None
399.46, [INFO], r1, started skill, None, approach-arm, None
399.46, [INFO], r1, sent message, None, None, None
399.46, [INFO], r1, skill-success, None, approach-arm, None
399.46, [INFO], r1, started skill, None, open-drawer, None
399.46, [INFO], r1, sent message, None, None, None
399.46, [INFO], r1, skill-success, None, open-drawer, None
399.46, [INFO], r1, started skill, None, pick-up-sample, None
399.46, [INFO], r1, sent message, None, None, None
399.46, [INFO], r1, skill-success, None, pick-up-sample, None
399.46, [INFO], r1, started skill, None, close-drawer, None
399.46, [INFO], r1, sent message, None, None, None
399.46, [INFO], r1, skill-success, None, close-drawer, None
399.46, [WARN], r1, SUCCESS, None, None, None
400.04, [INFO], r1, {'y': 36.069, 'x': -36.973, 'yaw': 3.141}, pose, None, None
400.04, [INFO], r1, {'battery-level': '55.05'}, battery_charge, None, None
410.07, [INFO], r1, {'y': 36.069, 'x': -36.973, 'yaw': 3.142}, pose, None, None
410.07, [INFO], r1, {'battery-level': '54.55'}, battery_charge, None, None
