0.19, [DEBUG], logger, ROBOTS_CONFIG={'capabilities': ['approach_person', 'approach_robot', 'authenticate_person', 'navigation', 'operate_drawer'], 'battery_charge': 0.75, 'nurse_pose': [-19.0, 18.0, -1.57], 'robot_pose': [-32.88, 33.98, 3.14]}, None, None, None
0.19, [DEBUG], logger, Simulation open, None, None, None
10.01, [INFO], r1, {'y': 33.98, 'x': -32.88, 'yaw': -3.142}, pose, None, None
10.01, [INFO], r1, {'battery-level': '74.55'}, battery_charge, None, None
10.80, [INFO], r1, started skill, None, navto, None
20.01, [INFO], r1, {'y': 34.657, 'x': -34.642, 'yaw': 3.142}, pose, None, None
20.01, [INFO], r1, {'battery-level': '74.05'}, battery_charge, None, None
30.04, [INFO], r1, {'y': 33.754, 'x': -36.201, 'yaw': -3.142}, pose, None, None
30.04, [INFO], r1, {'battery-level': '73.55'}, battery_charge, None, None
40.05, [INFO], r1, {'y': 31.642, 'x': -36.235, 'yaw': 3.141}, pose, None, None
40.05, [INFO], r1, {'battery-level': '73.05'}, battery_charge, None, None
50.06, [INFO], r1, {'y': 29.519, 'x': -36.267, 'yaw': -3.142}, pose, None, None
50.06, [INFO], r1, {'battery-level': '72.55'}, battery_charge, None, None
60.06, [INFO], r1, {'y': 27.406, 'x': -36.329, 'yaw': 3.142}, pose, None, None
60.06, [INFO], r1, {'battery-level': '72.05'}, battery_charge, None, None
70.07, [INFO], r1, {'y': 25.293, 'x': -36.438, 'yaw': 3.141}, pose, None, None
70.07, [INFO], r1, {'battery-level': '71.55'}, battery_charge, None, None
80.08, [INFO], r1, {'y': 23.178, 'x': -36.558, 'yaw': 3.14}, pose, None, None
80.08, [INFO], r1, {'battery-level': '71.05'}, battery_charge, None, None
90.00, [INFO], r1, {'y': 21.079, 'x': -36.667, 'yaw': 3.142}, pose, None, None
90.00, [INFO], r1, {'battery-level': '70.55'}, battery_charge, None, None
100.01, [INFO], r1, {'battery-level': '70.05'}, battery_charge, None, None
100.01, [INFO], r1, {'y': 18.957, 'x': -36.718, 'yaw': 3.142}, pose, None, None
110.04, [INFO], r1, {'y': 16.822, 'x': -36.766, 'yaw': 3.141}, pose, None, None
110.04, [INFO], r1, {'battery-level': '69.55'}, battery_charge, None, None
120.05, [INFO], r1, {'y': 15.635, 'x': -35.31, 'yaw': -3.142}, pose, None, None
120.05, [INFO], r1, {'battery-level': '69.05'}, battery_charge, None, None
130.03, [INFO], r1, {'y': 15.432, 'x': -33.215, 'yaw': -3.141}, pose, None, None
130.03, [INFO], r1, {'battery-level': '68.55'}, battery_charge, None, None
140.03, [INFO], r1, {'y': 15.511, 'x': -31.094, 'yaw': -3.141}, pose, None, None
140.03, [INFO], r1, {'battery-level': '68.05'}, battery_charge, None, None
150.01, [INFO], r1, {'y': 15.691, 'x': -28.985, 'yaw': 3.14}, pose, None, None
150.01, [INFO], r1, {'battery-level': '67.55'}, battery_charge, None, None
160.00, [INFO], r1, {'y': 16.042, 'x': -26.88, 'yaw': 3.138}, pose, None, None
160.00, [INFO], r1, {'battery-level': '67.05'}, battery_charge, None, None
170.00, [INFO], r1, {'y': 16.151, 'x': -24.778, 'yaw': 3.142}, pose, None, None
170.00, [INFO], r1, {'battery-level': '66.55'}, battery_charge, None, None
180.10, [INFO], r1, {'y': 16.143, 'x': -22.638, 'yaw': 3.141}, pose, None, None
180.10, [INFO], r1, {'battery-level': '66.05'}, battery_charge, None, None
190.08, [INFO], r1, {'battery-level': '65.55'}, battery_charge, None, None
190.08, [INFO], r1, {'y': 16.277, 'x': -20.517, 'yaw': 3.141}, pose, None, None
200.08, [INFO], r1, {'battery-level': '65.05'}, battery_charge, None, None
200.08, [INFO], r1, {'y': 17.692, 'x': -19.224, 'yaw': -3.141}, pose, None, None
210.06, [INFO], r1, {'y': 17.943, 'x': -18.983, 'yaw': -3.142}, pose, None, None
210.06, [INFO], r1, {'battery-level': '64.55'}, battery_charge, None, None
214.91, [INFO], r1, skill-success, None, navto, None
214.91, [INFO], r1, started skill, None, approach-nurse, None
214.91, [INFO], r1, sent message, None, None, None
214.91, [INFO], r1, skill-success, None, approach-nurse, None
214.91, [INFO], r1, started skill, None, open-drawer, None
214.91, [INFO], r1, sent message, None, None, None
214.91, [INFO], r1, skill-success, None, open-drawer, None
214.91, [INFO], r1, started skill, None, deposit, None
214.91, [INFO], r1, sent message, None, None, None
214.91, [INFO], r1, skill-success, None, deposit, None
214.91, [INFO], r1, started skill, None, close-drawer, None
214.91, [INFO], r1, sent message, None, None, None
214.91, [INFO], r1, skill-success, None, close-drawer, None
214.91, [INFO], r1, started skill, None, navto, None
220.06, [INFO], r1, {'y': 17.032, 'x': -19.411, 'yaw': -3.138}, pose, None, None
220.06, [INFO], r1, {'battery-level': '64.05'}, battery_charge, None, None
230.04, [INFO], r1, {'y': 16.341, 'x': -21.182, 'yaw': 3.141}, pose, None, None
230.04, [INFO], r1, {'battery-level': '63.55'}, battery_charge, None, None
240.05, [INFO], r1, {'y': 16.162, 'x': -23.3, 'yaw': 3.141}, pose, None, None
240.05, [INFO], r1, {'battery-level': '63.05'}, battery_charge, None, None
250.03, [INFO], r1, {'y': 16.047, 'x': -25.407, 'yaw': 3.14}, pose, None, None
250.03, [INFO], r1, {'battery-level': '62.55'}, battery_charge, None, None
260.03, [INFO], r1, {'y': 15.899, 'x': -27.525, 'yaw': 3.141}, pose, None, None
260.03, [INFO], r1, {'battery-level': '62.05'}, battery_charge, None, None
270.10, [INFO], r1, {'battery-level': '61.55'}, battery_charge, None, None
270.10, [INFO], r1, {'y': 15.995, 'x': -29.652, 'yaw': 3.142}, pose, None, None
280.02, [INFO], r1, {'y': 15.839, 'x': -31.753, 'yaw': 3.14}, pose, None, None
280.02, [INFO], r1, {'battery-level': '61.05'}, battery_charge, None, None
290.00, [INFO], r1, {'y': 15.553, 'x': -33.856, 'yaw': 3.142}, pose, None, None
290.00, [INFO], r1, {'battery-level': '60.55'}, battery_charge, None, None
300.02, [INFO], r1, {'y': 16.185, 'x': -35.7, 'yaw': 3.138}, pose, None, None
300.02, [INFO], r1, {'battery-level': '60.05'}, battery_charge, None, None
310.02, [INFO], r1, {'y': 18.209, 'x': -36.068, 'yaw': -3.141}, pose, None, None
310.02, [INFO], r1, {'battery-level': '59.55'}, battery_charge, None, None
320.03, [INFO], r1, {'y': 20.321, 'x': -36.221, 'yaw': 3.141}, pose, None, None
320.03, [INFO], r1, {'battery-level': '59.05'}, battery_charge, None, None
330.03, [INFO], r1, {'y': 22.434, 'x': -36.302, 'yaw': 3.141}, pose, None, None
330.03, [INFO], r1, {'battery-level': '58.55'}, battery_charge, None, None
340.03, [INFO], r1, {'battery-level': '58.05'}, battery_charge, None, None
340.03, [INFO], r1, {'y': 24.554, 'x': -36.276, 'yaw': 3.141}, pose, None, None
350.03, [INFO], r1, {'y': 26.666, 'x': -36.351, 'yaw': -3.142}, pose, None, None
350.03, [INFO], r1, {'battery-level': '57.55'}, battery_charge, None, None
360.06, [INFO], r1, {'battery-level': '57.05'}, battery_charge, None, None
360.06, [INFO], r1, {'y': 28.784, 'x': -36.356, 'yaw': 3.14}, pose, None, None
370.09, [INFO], r1, {'y': 30.908, 'x': -36.459, 'yaw': 3.141}, pose, None, None
370.09, [INFO], r1, {'battery-level': '56.55'}, battery_charge, None, None
380.00, [INFO], r1, {'y': 33.008, 'x': -36.701, 'yaw': 3.141}, pose, None, None
380.00, [INFO], r1, {'battery-level': '56.05'}, battery_charge, None, None
390.01, [INFO], r1, {'y': 35.119, 'x': -36.812, 'yaw': 3.142}, pose, None, None
390.01, [INFO], r1, {'battery-level': '55.55'}, battery_charge, None, None
400.05, [INFO], r1, {'y': 35.978, 'x': -36.943, 'yaw': 3.142}, pose, None, None
400.05, [INFO], r1, {'battery-level': '55.05'}, battery_charge, None, None
401.74, [INFO], r1, skill-success, None, navto, None
401.74, [INFO], r1, started skill, None, approach-arm, None
401.74, [INFO], r1, sent message, None, None, None
401.74, [INFO], r1, skill-success, None, approach-arm, None
401.74, [INFO], r1, started skill, None, open-drawer, None
401.74, [INFO], r1, sent message, None, None, None
401.74, [INFO], r1, skill-success, None, open-drawer, None
401.74, [INFO], r1, started skill, None, pick-up-sample, None
401.74, [INFO], r1, sent message, None, None, None
401.74, [INFO], r1, skill-success, None, pick-up-sample, None
401.74, [INFO], r1, started skill, None, close-drawer, None
401.74, [INFO], r1, sent message, None, None, None
401.74, [INFO], r1, skill-success, None, close-drawer, None
401.74, [WARN], r1, SUCCESS, None, None, None
410.01, [INFO], r1, {'battery-level': '54.55'}, battery_charge, None, None
410.01, [INFO], r1, {'y': 35.978, 'x': -36.945, 'yaw': 3.142}, pose, None, None
