9.50, [INFO], r1, started skill, None, navto, None
10.08, [INFO], r1, {'battery-level': '74.55'}, battery_charge, None, None
10.08, [INFO], r1, {'y': 33.981, 'x': -32.929, 'yaw': 3.141}, pose, None, None
20.07, [INFO], r1, {'battery-level': '74.05'}, battery_charge, None, None
20.07, [INFO], r1, {'y': 34.671, 'x': -34.935, 'yaw': -3.142}, pose, None, None
30.09, [INFO], r1, {'battery-level': '73.55'}, battery_charge, None, None
30.09, [INFO], r1, {'y': 33.474, 'x': -36.198, 'yaw': -3.142}, pose, None, None
40.02, [INFO], r1, {'battery-level': '73.05'}, battery_charge, None, None
40.02, [INFO], r1, {'y': 31.36, 'x': -36.223, 'yaw': -3.141}, pose, None, None
50.04, [INFO], r1, {'y': 29.25, 'x': -36.323, 'yaw': 3.142}, pose, None, None
50.04, [INFO], r1, {'battery-level': '72.55'}, battery_charge, None, None
60.05, [INFO], r1, {'battery-level': '72.05'}, battery_charge, None, None
60.05, [INFO], r1, {'y': 27.115, 'x': -36.358, 'yaw': 3.14}, pose, None, None
70.07, [INFO], r1, {'battery-level': '71.55'}, battery_charge, None, None
70.07, [INFO], r1, {'y': 24.976, 'x': -36.47, 'yaw': 3.141}, pose, None, None
80.04, [INFO], r1, {'y': 22.866, 'x': -36.525, 'yaw': 3.141}, pose, None, None
80.04, [INFO], r1, {'battery-level': '71.05'}, battery_charge, None, None
90.07, [INFO], r1, {'y': 20.747, 'x': -36.642, 'yaw': 3.142}, pose, None, None
90.07, [INFO], r1, {'battery-level': '70.55'}, battery_charge, None, None
100.10, [INFO], r1, {'battery-level': '70.05'}, battery_charge, None, None
100.10, [INFO], r1, {'y': 18.636, 'x': -36.683, 'yaw': 3.137}, pose, None, None
110.00, [INFO], r1, {'battery-level': '69.55'}, battery_charge, None, None
110.00, [INFO], r1, {'y': 16.55, 'x': -36.765, 'yaw': 3.14}, pose, None, None
120.10, [INFO], r1, {'battery-level': '69.05'}, battery_charge, None, None
120.10, [INFO], r1, {'y': 15.514, 'x': -35.131, 'yaw': 3.142}, pose, None, None
130.07, [INFO], r1, {'y': 15.504, 'x': -33.019, 'yaw': 3.141}, pose, None, None
130.07, [INFO], r1, {'battery-level': '68.55'}, battery_charge, None, None
140.04, [INFO], r1, {'y': 15.551, 'x': -30.915, 'yaw': -3.141}, pose, None, None
140.04, [INFO], r1, {'battery-level': '68.05'}, battery_charge, None, None
150.04, [INFO], r1, {'y': 15.719, 'x': -28.793, 'yaw': 3.141}, pose, None, None
150.04, [INFO], r1, {'battery-level': '67.55'}, battery_charge, None, None
160.02, [INFO], r1, {'y': 15.938, 'x': -26.708, 'yaw': -3.142}, pose, None, None
160.02, [INFO], r1, {'battery-level': '67.05'}, battery_charge, None, None
170.09, [INFO], r1, {'battery-level': '66.55'}, battery_charge, None, None
170.09, [INFO], r1, {'y': 16.002, 'x': -24.58, 'yaw': -3.142}, pose, None, None
180.06, [INFO], r1, {'y': 16.013, 'x': -22.485, 'yaw': 3.141}, pose, None, None
180.06, [INFO], r1, {'battery-level': '66.05'}, battery_charge, None, None
190.03, [INFO], r1, {'y': 16.157, 'x': -20.377, 'yaw': 3.141}, pose, None, None
190.03, [INFO], r1, {'battery-level': '65.55'}, battery_charge, None, None
200.00, [INFO], r1, {'y': 16.197, 'x': -18.278, 'yaw': -3.138}, pose, None, None
200.00, [INFO], r1, {'battery-level': '65.05'}, battery_charge, None, None
210.06, [INFO], r1, {'y': 16.074, 'x': -16.163, 'yaw': 3.14}, pose, None, None
210.06, [INFO], r1, {'battery-level': '64.55'}, battery_charge, None, None
220.02, [INFO], r1, {'y': 16.122, 'x': -14.065, 'yaw': 3.139}, pose, None, None
220.02, [INFO], r1, {'battery-level': '64.05'}, battery_charge, None, None
230.07, [INFO], r1, {'y': 17.794, 'x': -13.569, 'yaw': -3.142}, pose, None, None
230.07, [INFO], r1, {'battery-level': '63.55'}, battery_charge, None, None
240.08, [INFO], r1, {'battery-level': '63.05'}, battery_charge, None, None
240.08, [INFO], r1, {'y': 17.965, 'x': -13.659, 'yaw': -3.142}, pose, None, None
246.48, [INFO], r1, skill-success, None, navto, None
246.48, [INFO], r1, started skill, None, approach-nurse, None
246.48, [INFO], r1, sent message, None, None, None
246.48, [INFO], r1, skill-success, None, approach-nurse, None
246.48, [INFO], r1, skill-success, None, authenticate-nurse, None
246.48, [INFO], r1, started skill, None, open-drawer, None
246.48, [INFO], r1, sent message, None, None, None
246.48, [INFO], r1, skill-success, None, open-drawer, None
246.48, [INFO], r1, started skill, None, deposit, None
246.48, [INFO], r1, sent message, None, None, None
246.48, [INFO], r1, skill-success, None, deposit, None
246.48, [INFO], r1, started skill, None, close-drawer, None
246.48, [INFO], r1, sent message, None, None, None
246.48, [INFO], r1, skill-success, None, close-drawer, None
246.48, [INFO], r1, started skill, None, navto, None
250.01, [INFO], r1, {'battery-level': '62.55'}, battery_charge, None, None
250.01, [INFO], r1, {'y': 17.312, 'x': -13.63, 'yaw': -3.142}, pose, None, None
260.04, [INFO], r1, {'battery-level': '62.05'}, battery_charge, None, None
260.04, [INFO], r1, {'y': 16.256, 'x': -15.13, 'yaw': 3.138}, pose, None, None
270.02, [INFO], r1, {'y': 16.144, 'x': -17.234, 'yaw': 3.141}, pose, None, None
270.02, [INFO], r1, {'battery-level': '61.55'}, battery_charge, None, None
280.06, [INFO], r1, {'y': 16.216, 'x': -19.354, 'yaw': 3.142}, pose, None, None
280.06, [INFO], r1, {'battery-level': '61.05'}, battery_charge, None, None
290.00, [INFO], r1, {'battery-level': '60.55'}, battery_charge, None, None
290.00, [INFO], r1, {'y': 16.336, 'x': -21.442, 'yaw': 3.142}, pose, None, None
300.07, [INFO], r1, {'y': 16.173, 'x': -23.574, 'yaw': 3.141}, pose, None, None
300.07, [INFO], r1, {'battery-level': '60.05'}, battery_charge, None, None
310.02, [INFO], r1, {'y': 16.127, 'x': -25.685, 'yaw': 3.141}, pose, None, None
310.02, [INFO], r1, {'battery-level': '59.55'}, battery_charge, None, None
320.07, [INFO], r1, {'y': 16.022, 'x': -27.807, 'yaw': -3.141}, pose, None, None
320.07, [INFO], r1, {'battery-level': '59.05'}, battery_charge, None, None
330.05, [INFO], r1, {'y': 16.094, 'x': -29.907, 'yaw': 3.141}, pose, None, None
330.05, [INFO], r1, {'battery-level': '58.55'}, battery_charge, None, None
340.01, [INFO], r1, {'battery-level': '58.05'}, battery_charge, None, None
340.01, [INFO], r1, {'y': 15.887, 'x': -32.009, 'yaw': -3.142}, pose, None, None
350.07, [INFO], r1, {'y': 15.471, 'x': -34.113, 'yaw': 3.14}, pose, None, None
350.07, [INFO], r1, {'battery-level': '57.55'}, battery_charge, None, None
360.02, [INFO], r1, {'battery-level': '57.05'}, battery_charge, None, None
360.02, [INFO], r1, {'y': 16.392, 'x': -35.891, 'yaw': 3.141}, pose, None, None
370.01, [INFO], r1, {'battery-level': '56.55'}, battery_charge, None, None
370.01, [INFO], r1, {'y': 18.462, 'x': -36.143, 'yaw': 3.136}, pose, None, None
380.02, [INFO], r1, {'y': 20.591, 'x': -36.235, 'yaw': 3.141}, pose, None, None
380.02, [INFO], r1, {'battery-level': '56.05'}, battery_charge, None, None
390.10, [INFO], r1, {'battery-level': '55.55'}, battery_charge, None, None
390.10, [INFO], r1, {'y': 22.727, 'x': -36.309, 'yaw': 3.141}, pose, None, None
400.07, [INFO], r1, {'battery-level': '55.05'}, battery_charge, None, None
400.07, [INFO], r1, {'y': 24.844, 'x': -36.287, 'yaw': 3.141}, pose, None, None
410.03, [INFO], r1, {'battery-level': '54.55'}, battery_charge, None, None
410.03, [INFO], r1, {'y': 26.956, 'x': -36.299, 'yaw': -3.142}, pose, None, None
420.01, [INFO], r1, {'battery-level': '54.05'}, battery_charge, None, None
420.01, [INFO], r1, {'y': 29.064, 'x': -36.391, 'yaw': 3.141}, pose, None, None
430.02, [INFO], r1, {'battery-level': '53.55'}, battery_charge, None, None
430.02, [INFO], r1, {'y': 31.189, 'x': -36.478, 'yaw': 3.142}, pose, None, None
440.02, [INFO], r1, {'battery-level': '53.05'}, battery_charge, None, None
440.02, [INFO], r1, {'y': 33.301, 'x': -36.745, 'yaw': -3.142}, pose, None, None
450.06, [INFO], r1, {'y': 35.436, 'x': -36.871, 'yaw': 3.141}, pose, None, None
450.06, [INFO], r1, {'battery-level': '52.55'}, battery_charge, None, None
460.08, [INFO], r1, {'battery-level': '52.05'}, battery_charge, None, None
460.08, [INFO], r1, {'y': 36.045, 'x': -36.955, 'yaw': 3.142}, pose, None, None
460.85, [INFO], r1, skill-success, None, navto, None
460.85, [INFO], r1, started skill, None, approach-arm, None
460.85, [INFO], r1, sent message, None, None, None
460.85, [INFO], r1, skill-success, None, approach-arm, None
460.85, [INFO], r1, started skill, None, open-drawer, None
460.85, [INFO], r1, sent message, None, None, None
460.85, [INFO], r1, skill-success, None, open-drawer, None
460.85, [INFO], r1, started skill, None, pick-up-sample, None
460.85, [INFO], r1, sent message, None, None, None
460.85, [INFO], r1, skill-success, None, pick-up-sample, None
460.94, [INFO], r1, started skill, None, close-drawer, None
460.94, [INFO], r1, sent message, None, None, None
460.94, [INFO], r1, skill-success, None, close-drawer, None
460.94, [WARN], r1, SUCCESS, None, None, None
