9.00, [INFO], r1, started skill, None, navto, None
10.06, [INFO], r1, {'battery-level': '24.55'}, battery_charge, None, None
10.06, [INFO], r1, {'y': 21.493, 'x': -37.85, 'yaw': -3.141}, pose, None, None
20.03, [INFO], r1, {'y': 19.714, 'x': -37.183, 'yaw': 3.142}, pose, None, None
20.03, [INFO], r1, {'battery-level': '24.05'}, battery_charge, None, None
30.08, [INFO], r1, {'y': 17.605, 'x': -37.108, 'yaw': 3.141}, pose, None, None
30.08, [INFO], r1, {'battery-level': '23.55'}, battery_charge, None, None
40.06, [INFO], r1, {'y': 16.01, 'x': -36.294, 'yaw': 3.14}, pose, None, None
40.06, [INFO], r1, {'battery-level': '23.05'}, battery_charge, None, None
50.02, [INFO], r1, {'y': 15.344, 'x': -34.271, 'yaw': -3.141}, pose, None, None
50.02, [INFO], r1, {'battery-level': '22.55'}, battery_charge, None, None
60.01, [INFO], r1, {'y': 15.522, 'x': -32.145, 'yaw': 3.142}, pose, None, None
60.01, [INFO], r1, {'battery-level': '22.05'}, battery_charge, None, None
70.08, [INFO], r1, {'y': 15.635, 'x': -30.013, 'yaw': 3.141}, pose, None, None
70.08, [INFO], r1, {'battery-level': '21.55'}, battery_charge, None, None
80.02, [INFO], r1, {'y': 15.807, 'x': -27.918, 'yaw': 3.138}, pose, None, None
80.02, [INFO], r1, {'battery-level': '21.05'}, battery_charge, None, None
90.00, [INFO], r1, {'y': 16.135, 'x': -25.815, 'yaw': -3.142}, pose, None, None
90.00, [INFO], r1, {'battery-level': '20.55'}, battery_charge, None, None
100.06, [INFO], r1, {'battery-level': '20.05'}, battery_charge, None, None
100.06, [INFO], r1, {'y': 16.182, 'x': -23.699, 'yaw': 3.14}, pose, None, None
110.03, [INFO], r1, {'battery-level': '19.55'}, battery_charge, None, None
110.03, [INFO], r1, {'y': 16.233, 'x': -21.6, 'yaw': 3.141}, pose, None, None
120.09, [INFO], r1, {'y': 17.808, 'x': -20.964, 'yaw': 3.142}, pose, None, None
120.09, [INFO], r1, {'battery-level': '19.05'}, battery_charge, None, None
130.04, [INFO], r1, {'y': 18.019, 'x': -21.055, 'yaw': 3.141}, pose, None, None
130.04, [INFO], r1, {'battery-level': '18.55'}, battery_charge, None, None
130.81, [INFO], r1, skill-success, None, navto, None
130.81, [INFO], r1, started skill, None, approach-nurse, None
130.81, [INFO], r1, sent message, None, None, None
130.81, [INFO], r1, skill-success, None, approach-nurse, None
130.91, [INFO], r1, started skill, None, authenticate-nurse, None
130.91, [INFO], r1, sent message, None, None, None
130.91, [INFO], r1, skill-success, None, authenticate-nurse, None
130.91, [INFO], r1, started skill, None, open-drawer, None
130.91, [INFO], r1, sent message, None, None, None
130.91, [INFO], r1, skill-success, None, open-drawer, None
130.91, [INFO], r1, started skill, None, deposit, None
130.91, [WARN], r1, SKILL-FAILURE, None, deposit, None
