9.78, [INFO], r1, started skill, None, navto, None
10.08, [INFO], r1, {'y': 21.5, 'x': -37.983, 'yaw': 3.141}, pose, None, None
10.08, [INFO], r1, {'battery-level': '24.55'}, battery_charge, None, None
20.09, [INFO], r1, {'y': 19.858, 'x': -37.155, 'yaw': 3.141}, pose, None, None
20.09, [INFO], r1, {'battery-level': '24.05'}, battery_charge, None, None
30.03, [INFO], r1, {'y': 17.772, 'x': -37.146, 'yaw': 3.141}, pose, None, None
30.03, [INFO], r1, {'battery-level': '23.55'}, battery_charge, None, None
40.04, [INFO], r1, {'battery-level': '23.05'}, battery_charge, None, None
40.04, [INFO], r1, {'y': 15.932, 'x': -36.595, 'yaw': 3.142}, pose, None, None
50.04, [INFO], r1, {'y': 15.334, 'x': -34.535, 'yaw': -3.142}, pose, None, None
50.04, [INFO], r1, {'battery-level': '22.55'}, battery_charge, None, None
60.03, [INFO], r1, {'y': 15.515, 'x': -32.414, 'yaw': 3.142}, pose, None, None
60.03, [INFO], r1, {'battery-level': '22.05'}, battery_charge, None, None
70.02, [INFO], r1, {'y': 15.654, 'x': -30.295, 'yaw': 3.141}, pose, None, None
70.02, [INFO], r1, {'battery-level': '21.55'}, battery_charge, None, None
80.01, [INFO], r1, {'battery-level': '21.05'}, battery_charge, None, None
80.01, [INFO], r1, {'y': 15.841, 'x': -28.201, 'yaw': 3.142}, pose, None, None
90.09, [INFO], r1, {'battery-level': '20.55'}, battery_charge, None, None
90.09, [INFO], r1, {'y': 16.055, 'x': -26.068, 'yaw': 3.142}, pose, None, None
100.09, [INFO], r1, {'y': 16.001, 'x': -23.956, 'yaw': -3.141}, pose, None, None
100.09, [INFO], r1, {'battery-level': '20.05'}, battery_charge, None, None
110.08, [INFO], r1, {'y': 16.2, 'x': -21.858, 'yaw': 3.141}, pose, None, None
110.08, [INFO], r1, {'battery-level': '19.55'}, battery_charge, None, None
120.06, [INFO], r1, {'y': 17.651, 'x': -20.914, 'yaw': 3.141}, pose, None, None
120.06, [INFO], r1, {'battery-level': '19.05'}, battery_charge, None, None
130.04, [INFO], r1, {'battery-level': '18.55'}, battery_charge, None, None
130.04, [INFO], r1, {'y': 17.946, 'x': -21.105, 'yaw': 3.141}, pose, None, None
138.76, [INFO], r1, skill-success, None, navto, None
138.76, [INFO], r1, started skill, None, approach-nurse, None
138.76, [INFO], r1, sent message, None, None, None
138.76, [INFO], r1, skill-success, None, approach-nurse, None
138.76, [INFO], r1, started skill, None, authenticate-nurse, None
138.76, [INFO], r1, sent message, None, None, None
138.76, [INFO], r1, started skill, None, open-drawer, None
138.76, [INFO], r1, sent message, None, None, None
138.76, [INFO], r1, skill-success, None, open-drawer, None
138.76, [INFO], r1, started skill, None, deposit, None
138.76, [INFO], r1, sent message, None, None, None
138.76, [INFO], r1, skill-success, None, deposit, None
138.76, [INFO], r1, started skill, None, close-drawer, None
138.76, [INFO], r1, sent message, None, None, None
138.76, [INFO], r1, skill-success, None, close-drawer, None
138.76, [INFO], r1, started skill, None, navto, None
140.02, [INFO], r1, {'battery-level': '18.05'}, battery_charge, None, None
140.02, [INFO], r1, {'y': 17.751, 'x': -21.139, 'yaw': 3.142}, pose, None, None
150.02, [INFO], r1, {'y': 16.238, 'x': -22.03, 'yaw': 3.142}, pose, None, None
150.02, [INFO], r1, {'battery-level': '17.55'}, battery_charge, None, None
160.04, [INFO], r1, {'battery-level': '17.05'}, battery_charge, None, None
160.04, [INFO], r1, {'y': 16.136, 'x': -24.143, 'yaw': 3.14}, pose, None, None
170.04, [INFO], r1, {'y': 16.07, 'x': -26.25, 'yaw': 3.141}, pose, None, None
170.04, [INFO], r1, {'battery-level': '16.55'}, battery_charge, None, None
180.01, [INFO], r1, {'y': 16.102, 'x': -28.35, 'yaw': 3.142}, pose, None, None
180.01, [INFO], r1, {'battery-level': '16.05'}, battery_charge, None, None
190.08, [INFO], r1, {'battery-level': '15.55'}, battery_charge, None, None
190.08, [INFO], r1, {'y': 16.114, 'x': -30.488, 'yaw': -3.142}, pose, None, None
200.06, [INFO], r1, {'battery-level': '15.05'}, battery_charge, None, None
200.06, [INFO], r1, {'y': 15.877, 'x': -32.592, 'yaw': 3.142}, pose, None, None
210.06, [INFO], r1, {'battery-level': '14.55'}, battery_charge, None, None
210.06, [INFO], r1, {'y': 15.402, 'x': -34.662, 'yaw': 3.141}, pose, None, None
220.06, [INFO], r1, {'battery-level': '14.05'}, battery_charge, None, None
220.06, [INFO], r1, {'y': 16.929, 'x': -36.063, 'yaw': 3.142}, pose, None, None
230.07, [INFO], r1, {'y': 19.045, 'x': -36.175, 'yaw': -3.142}, pose, None, None
230.07, [INFO], r1, {'battery-level': '13.55'}, battery_charge, None, None
240.00, [INFO], r1, {'y': 21.137, 'x': -36.25, 'yaw': -3.142}, pose, None, None
240.00, [INFO], r1, {'battery-level': '13.05'}, battery_charge, None, None
250.04, [INFO], r1, {'y': 23.256, 'x': -36.296, 'yaw': 3.141}, pose, None, None
250.04, [INFO], r1, {'battery-level': '12.55'}, battery_charge, None, None
260.03, [INFO], r1, {'y': 25.367, 'x': -36.254, 'yaw': 3.141}, pose, None, None
260.03, [INFO], r1, {'battery-level': '12.05'}, battery_charge, None, None
270.01, [INFO], r1, {'y': 27.465, 'x': -36.322, 'yaw': -3.141}, pose, None, None
270.01, [INFO], r1, {'battery-level': '11.55'}, battery_charge, None, None
280.04, [INFO], r1, {'battery-level': '11.05'}, battery_charge, None, None
280.04, [INFO], r1, {'y': 29.572, 'x': -36.398, 'yaw': 3.142}, pose, None, None
290.06, [INFO], r1, {'y': 31.684, 'x': -36.539, 'yaw': -3.142}, pose, None, None
290.06, [INFO], r1, {'battery-level': '10.55'}, battery_charge, None, None
300.06, [INFO], r1, {'battery-level': '10.05'}, battery_charge, None, None
300.06, [INFO], r1, {'y': 33.792, 'x': -36.865, 'yaw': 3.142}, pose, None, None
310.09, [INFO], r1, {'y': 35.854, 'x': -36.947, 'yaw': -3.142}, pose, None, None
310.09, [INFO], r1, {'battery-level': '9.55'}, battery_charge, None, None
317.33, [INFO], r1, skill-success, None, navto, None
317.33, [INFO], r1, started skill, None, approach-arm, None
317.33, [INFO], r1, sent message, None, None, None
317.33, [INFO], r1, skill-success, None, approach-arm, None
317.33, [INFO], r1, started skill, None, open-drawer, None
317.33, [INFO], r1, sent message, None, None, None
317.33, [INFO], r1, skill-success, None, open-drawer, None
317.33, [INFO], r1, started skill, None, pick-up-sample, None
317.33, [INFO], r1, sent message, None, None, None
317.33, [INFO], r1, skill-success, None, pick-up-sample, None
317.33, [INFO], r1, started skill, None, close-drawer, None
317.33, [INFO], r1, sent message, None, None, None
317.33, [INFO], r1, skill-success, None, close-drawer, None
317.33, [WARN], r1, SUCCESS, None, None, None
320.01, [INFO], r1, {'y': 36.027, 'x': -36.994, 'yaw': -3.142}, pose, None, None
320.01, [INFO], r1, {'battery-level': '9.05'}, battery_charge, None, None
