9.14, [INFO], r1, started skill, None, navto, None
10.01, [INFO], r1, {'battery-level': '74.55'}, battery_charge, None, None
10.01, [INFO], r1, {'y': 33.989, 'x': -32.996, 'yaw': 3.141}, pose, None, None
20.01, [INFO], r1, {'y': 34.679, 'x': -35.002, 'yaw': 3.142}, pose, None, None
20.01, [INFO], r1, {'battery-level': '74.05'}, battery_charge, None, None
30.02, [INFO], r1, {'y': 33.427, 'x': -36.212, 'yaw': -3.142}, pose, None, None
30.02, [INFO], r1, {'battery-level': '73.55'}, battery_charge, None, None
40.05, [INFO], r1, {'battery-level': '73.05'}, battery_charge, None, None
40.05, [INFO], r1, {'y': 31.306, 'x': -36.187, 'yaw': 3.141}, pose, None, None
50.06, [INFO], r1, {'y': 29.191, 'x': -36.201, 'yaw': 3.142}, pose, None, None
50.06, [INFO], r1, {'battery-level': '72.55'}, battery_charge, None, None
60.08, [INFO], r1, {'y': 27.08, 'x': -36.281, 'yaw': 3.141}, pose, None, None
60.08, [INFO], r1, {'battery-level': '72.05'}, battery_charge, None, None
70.08, [INFO], r1, {'y': 24.952, 'x': -36.36, 'yaw': 3.141}, pose, None, None
70.08, [INFO], r1, {'battery-level': '71.55'}, battery_charge, None, None
80.06, [INFO], r1, {'battery-level': '71.05'}, battery_charge, None, None
80.06, [INFO], r1, {'y': 22.837, 'x': -36.457, 'yaw': -3.142}, pose, None, None
90.01, [INFO], r1, {'y': 20.736, 'x': -36.597, 'yaw': 3.141}, pose, None, None
90.01, [INFO], r1, {'battery-level': '70.55'}, battery_charge, None, None
100.02, [INFO], r1, {'y': 18.627, 'x': -36.662, 'yaw': 3.136}, pose, None, None
100.02, [INFO], r1, {'battery-level': '70.05'}, battery_charge, None, None
110.00, [INFO], r1, {'y': 16.503, 'x': -36.8, 'yaw': 3.14}, pose, None, None
110.00, [INFO], r1, {'battery-level': '69.55'}, battery_charge, None, None
120.04, [INFO], r1, {'y': 15.569, 'x': -35.082, 'yaw': 3.142}, pose, None, None
120.04, [INFO], r1, {'battery-level': '69.05'}, battery_charge, None, None
130.01, [INFO], r1, {'y': 15.53, 'x': -32.983, 'yaw': 3.142}, pose, None, None
130.01, [INFO], r1, {'battery-level': '68.55'}, battery_charge, None, None
140.09, [INFO], r1, {'y': 15.617, 'x': -30.852, 'yaw': 3.142}, pose, None, None
140.09, [INFO], r1, {'battery-level': '68.05'}, battery_charge, None, None
150.07, [INFO], r1, {'y': 15.716, 'x': -28.749, 'yaw': 3.14}, pose, None, None
150.07, [INFO], r1, {'battery-level': '67.55'}, battery_charge, None, None
160.04, [INFO], r1, {'y': 15.985, 'x': -26.648, 'yaw': 3.142}, pose, None, None
160.04, [INFO], r1, {'battery-level': '67.05'}, battery_charge, None, None
170.02, [INFO], r1, {'y': 15.997, 'x': -24.534, 'yaw': -3.141}, pose, None, None
170.02, [INFO], r1, {'battery-level': '66.55'}, battery_charge, None, None
180.07, [INFO], r1, {'y': 16.014, 'x': -22.416, 'yaw': 3.141}, pose, None, None
180.07, [INFO], r1, {'battery-level': '66.05'}, battery_charge, None, None
190.03, [INFO], r1, {'y': 16.22, 'x': -20.312, 'yaw': 3.142}, pose, None, None
190.03, [INFO], r1, {'battery-level': '65.55'}, battery_charge, None, None
200.08, [INFO], r1, {'y': 16.182, 'x': -18.2, 'yaw': 3.141}, pose, None, None
200.08, [INFO], r1, {'battery-level': '65.05'}, battery_charge, None, None
210.05, [INFO], r1, {'y': 16.05, 'x': -16.101, 'yaw': -3.141}, pose, None, None
210.05, [INFO], r1, {'battery-level': '64.55'}, battery_charge, None, None
220.06, [INFO], r1, {'y': 16.13, 'x': -13.979, 'yaw': -3.141}, pose, None, None
220.06, [INFO], r1, {'battery-level': '64.05'}, battery_charge, None, None
230.02, [INFO], r1, {'y': 16.9, 'x': -12.071, 'yaw': 3.138}, pose, None, None
230.02, [INFO], r1, {'battery-level': '63.55'}, battery_charge, None, None
240.06, [INFO], r1, {'y': 17.946, 'x': -11.546, 'yaw': 3.142}, pose, None, None
240.06, [INFO], r1, {'battery-level': '63.05'}, battery_charge, None, None
246.05, [INFO], r1, skill-success, None, navto, None
246.05, [INFO], r1, started skill, None, approach-nurse, None
246.05, [INFO], r1, sent message, None, None, None
246.15, [INFO], r1, skill-success, None, approach-nurse, None
246.15, [INFO], r1, started skill, None, authenticate-nurse, None
246.15, [INFO], r1, sent message, None, None, None
246.15, [INFO], r1, skill-success, None, authenticate-nurse, None
246.15, [INFO], r1, started skill, None, open-drawer, None
246.15, [INFO], r1, sent message, None, None, None
246.15, [INFO], r1, skill-success, None, open-drawer, None
246.15, [INFO], r1, started skill, None, deposit, None
246.15, [INFO], r1, sent message, None, None, None
246.15, [INFO], r1, skill-success, None, deposit, None
246.15, [INFO], r1, started skill, None, close-drawer, None
246.15, [WARN], r1, SKILL-FAILURE, None, close-drawer, None
250.08, [INFO], r1, {'battery-level': '62.55'}, battery_charge, None, None
250.08, [INFO], r1, {'y': 17.95, 'x': -11.546, 'yaw': 3.142}, pose, None, None
