9.70, [INFO], r1, started skill, None, navto, None
10.09, [INFO], r1, {'y': 18.93, 'x': -33.907, 'yaw': 3.142}, pose, None, None
10.09, [INFO], r1, {'battery-level': '74.60'}, battery_charge, None, None
20.07, [INFO], r1, {'y': 17.712, 'x': -35.444, 'yaw': 3.14}, pose, None, None
20.07, [INFO], r1, {'battery-level': '74.10'}, battery_charge, None, None
30.05, [INFO], r1, {'battery-level': '73.60'}, battery_charge, None, None
30.05, [INFO], r1, {'y': 16.068, 'x': -36.501, 'yaw': 3.141}, pose, None, None
40.07, [INFO], r1, {'battery-level': '73.10'}, battery_charge, None, None
40.07, [INFO], r1, {'y': 15.391, 'x': -34.505, 'yaw': -3.141}, pose, None, None
50.01, [INFO], r1, {'y': 15.52, 'x': -32.392, 'yaw': -3.142}, pose, None, None
50.01, [INFO], r1, {'battery-level': '72.60'}, battery_charge, None, None
60.03, [INFO], r1, {'y': 15.571, 'x': -30.276, 'yaw': 3.142}, pose, None, None
60.03, [INFO], r1, {'battery-level': '72.10'}, battery_charge, None, None
70.02, [INFO], r1, {'battery-level': '71.60'}, battery_charge, None, None
70.02, [INFO], r1, {'y': 15.76, 'x': -28.174, 'yaw': -3.142}, pose, None, None
80.04, [INFO], r1, {'y': 15.84, 'x': -26.065, 'yaw': 3.14}, pose, None, None
80.04, [INFO], r1, {'battery-level': '71.10'}, battery_charge, None, None
90.06, [INFO], r1, {'battery-level': '70.60'}, battery_charge, None, None
90.06, [INFO], r1, {'y': 15.785, 'x': -23.951, 'yaw': 3.142}, pose, None, None
100.06, [INFO], r1, {'y': 15.736, 'x': -21.847, 'yaw': 3.14}, pose, None, None
100.06, [INFO], r1, {'battery-level': '70.10'}, battery_charge, None, None
110.02, [INFO], r1, {'y': 15.417, 'x': -19.732, 'yaw': 3.141}, pose, None, None
110.02, [INFO], r1, {'battery-level': '69.60'}, battery_charge, None, None
120.05, [INFO], r1, {'y': 14.347, 'x': -18.026, 'yaw': -3.142}, pose, None, None
120.05, [INFO], r1, {'battery-level': '69.10'}, battery_charge, None, None
130.04, [INFO], r1, {'y': 12.916, 'x': -18.15, 'yaw': -3.142}, pose, None, None
130.04, [INFO], r1, {'battery-level': '68.60'}, battery_charge, None, None
138.85, [INFO], r1, skill-success, None, navto, None
138.85, [INFO], r1, sent message, None, None, None
138.85, [INFO], r1, skill-success, None, authenticate-nurse, None
138.85, [INFO], r1, started skill, None, open-drawer, None
138.85, [INFO], r1, sent message, None, None, None
138.85, [INFO], r1, skill-success, None, open-drawer, None
138.85, [INFO], r1, started skill, None, deposit, None
138.85, [INFO], r1, sent message, None, None, None
138.85, [INFO], r1, skill-success, None, deposit, None
138.85, [INFO], r1, started skill, None, close-drawer, None
138.85, [WARN], r1, SKILL-FAILURE, None, close-drawer, None
