0.19, [DEBUG], logger, ROBOTS_CONFIG={'capabilities': ['approach_person', 'approach_robot', 'authenticate_person', 'navigation', 'operate_drawer'], 'battery_charge': 0.75, 'nurse_pose': [-28.5, 18.0, -1.57], 'robot_pose': [-33.9, 18.93, 3.14]}, None, None, None
0.19, [DEBUG], logger, Simulation open, None, None, None
10.06, [INFO], r1, {'y': 18.93, 'x': -33.9, 'yaw': 3.142}, pose, None, None
10.06, [INFO], r1, {'battery-level': '74.55'}, battery_charge, None, None
10.74, [INFO], r1, started skill, None, navto, None
20.05, [INFO], r1, {'y': 17.733, 'x': -35.206, 'yaw': 3.142}, pose, None, None
20.05, [INFO], r1, {'battery-level': '74.05'}, battery_charge, None, None
30.03, [INFO], r1, {'y': 16.264, 'x': -36.507, 'yaw': 3.141}, pose, None, None
30.03, [INFO], r1, {'battery-level': '73.55'}, battery_charge, None, None
40.10, [INFO], r1, {'battery-level': '73.05'}, battery_charge, None, None
40.10, [INFO], r1, {'y': 15.429, 'x': -34.638, 'yaw': -3.141}, pose, None, None
50.09, [INFO], r1, {'y': 15.502, 'x': -32.514, 'yaw': 3.142}, pose, None, None
50.09, [INFO], r1, {'battery-level': '72.55'}, battery_charge, None, None
60.09, [INFO], r1, {'y': 15.494, 'x': -30.4, 'yaw': 3.141}, pose, None, None
60.09, [INFO], r1, {'battery-level': '72.05'}, battery_charge, None, None
70.09, [INFO], r1, {'battery-level': '71.55'}, battery_charge, None, None
70.09, [INFO], r1, {'y': 15.785, 'x': -28.667, 'yaw': 3.142}, pose, None, None
80.09, [INFO], r1, {'battery-level': '71.05'}, battery_charge, None, None
80.09, [INFO], r1, {'y': 15.799, 'x': -28.641, 'yaw': 3.142}, pose, None, None
90.09, [INFO], r1, {'y': 15.801, 'x': -28.641, 'yaw': 3.142}, pose, None, None
90.09, [INFO], r1, {'battery-level': '70.55'}, battery_charge, None, None
100.10, [INFO], r1, {'y': 15.801, 'x': -28.641, 'yaw': 3.142}, pose, None, None
100.10, [INFO], r1, {'battery-level': '70.05'}, battery_charge, None, None
110.09, [INFO], r1, {'y': 15.809, 'x': -28.638, 'yaw': -3.141}, pose, None, None
110.09, [INFO], r1, {'battery-level': '69.55'}, battery_charge, None, None
120.00, [INFO], r1, {'y': 16.555, 'x': -28.615, 'yaw': 3.142}, pose, None, None
120.00, [INFO], r1, {'battery-level': '69.05'}, battery_charge, None, None
130.09, [INFO], r1, {'battery-level': '68.55'}, battery_charge, None, None
130.09, [INFO], r1, {'y': 16.739, 'x': -28.577, 'yaw': 3.142}, pose, None, None
140.08, [INFO], r1, {'y': 16.659, 'x': -28.649, 'yaw': 3.141}, pose, None, None
140.08, [INFO], r1, {'battery-level': '68.05'}, battery_charge, None, None
150.02, [INFO], r1, {'y': 17.086, 'x': -28.531, 'yaw': 3.137}, pose, None, None
150.02, [INFO], r1, {'battery-level': '67.55'}, battery_charge, None, None
160.01, [INFO], r1, {'y': 16.993, 'x': -28.345, 'yaw': 3.138}, pose, None, None
160.01, [INFO], r1, {'battery-level': '67.05'}, battery_charge, None, None
170.08, [INFO], r1, {'y': 16.598, 'x': -28.446, 'yaw': 3.141}, pose, None, None
170.08, [INFO], r1, {'battery-level': '66.55'}, battery_charge, None, None
180.06, [INFO], r1, {'y': 16.891, 'x': -28.351, 'yaw': 3.141}, pose, None, None
180.06, [INFO], r1, {'battery-level': '66.05'}, battery_charge, None, None
190.05, [INFO], r1, {'y': 16.618, 'x': -28.692, 'yaw': 3.14}, pose, None, None
190.05, [INFO], r1, {'battery-level': '65.55'}, battery_charge, None, None
200.07, [INFO], r1, {'y': 16.841, 'x': -28.499, 'yaw': -3.141}, pose, None, None
200.07, [INFO], r1, {'battery-level': '65.05'}, battery_charge, None, None
210.07, [INFO], r1, {'y': 17.006, 'x': -28.471, 'yaw': 3.141}, pose, None, None
210.07, [INFO], r1, {'battery-level': '64.55'}, battery_charge, None, None
220.07, [INFO], r1, {'battery-level': '64.05'}, battery_charge, None, None
220.07, [INFO], r1, {'y': 16.727, 'x': -28.631, 'yaw': 3.142}, pose, None, None
230.07, [INFO], r1, {'y': 16.935, 'x': -28.655, 'yaw': 3.141}, pose, None, None
230.07, [INFO], r1, {'battery-level': '63.55'}, battery_charge, None, None
240.07, [INFO], r1, {'y': 16.98, 'x': -28.336, 'yaw': -3.142}, pose, None, None
240.07, [INFO], r1, {'battery-level': '63.05'}, battery_charge, None, None
243.91, [WARN], r1, SKILL-FAILURE, None, navto, None
