0.19, [DEBUG], logger, ROBOTS_CONFIG={'capabilities': ['approach_person', 'approach_robot', 'authenticate_person', 'navigation', 'operate_drawer'], 'battery_charge': 0.25, 'nurse_pose': [-27.25, 13.0, 1.57], 'robot_pose': [-38.0, 10.0, 0.0]}, None, None, None
0.19, [DEBUG], logger, Simulation open, None, None, None
10.06, [INFO], r1, {'y': 10.0, 'x': -38.0, 'yaw': -3.142}, pose, None, None
10.06, [INFO], r1, {'battery-level': '24.55'}, battery_charge, None, None
10.65, [INFO], r1, started skill, None, navto, None
20.04, [INFO], r1, {'battery-level': '24.05'}, battery_charge, None, None
20.04, [INFO], r1, {'y': 11.441, 'x': -37.206, 'yaw': 3.142}, pose, None, None
30.00, [INFO], r1, {'y': 13.542, 'x': -37.063, 'yaw': 3.142}, pose, None, None
30.00, [INFO], r1, {'battery-level': '23.55'}, battery_charge, None, None
40.10, [INFO], r1, {'y': 15.651, 'x': -36.889, 'yaw': -3.141}, pose, None, None
40.10, [INFO], r1, {'battery-level': '23.05'}, battery_charge, None, None
50.09, [INFO], r1, {'y': 15.494, 'x': -34.865, 'yaw': -3.142}, pose, None, None
50.09, [INFO], r1, {'battery-level': '22.55'}, battery_charge, None, None
60.10, [INFO], r1, {'y': 15.473, 'x': -32.75, 'yaw': -3.137}, pose, None, None
60.10, [INFO], r1, {'battery-level': '22.05'}, battery_charge, None, None
70.07, [INFO], r1, {'y': 15.535, 'x': -30.639, 'yaw': 3.142}, pose, None, None
70.07, [INFO], r1, {'battery-level': '21.55'}, battery_charge, None, None
80.08, [INFO], r1, {'y': 15.697, 'x': -28.518, 'yaw': 3.141}, pose, None, None
80.08, [INFO], r1, {'battery-level': '21.05'}, battery_charge, None, None
90.07, [INFO], r1, {'y': 14.642, 'x': -27.273, 'yaw': -3.142}, pose, None, None
90.07, [INFO], r1, {'battery-level': '20.55'}, battery_charge, None, None
100.02, [INFO], r1, {'battery-level': '20.05'}, battery_charge, None, None
100.02, [INFO], r1, {'y': 12.986, 'x': -27.386, 'yaw': -3.142}, pose, None, None
110.09, [INFO], r1, {'battery-level': '19.55'}, battery_charge, None, None
110.09, [INFO], r1, {'y': 12.865, 'x': -27.435, 'yaw': -3.142}, pose, None, None
114.72, [INFO], r1, skill-success, None, navto, None
114.72, [INFO], r1, started skill, None, approach-nurse, None
114.72, [INFO], r1, sent message, None, None, None
114.72, [INFO], r1, skill-success, None, approach-nurse, None
114.72, [INFO], r1, started skill, None, authenticate-nurse, None
114.72, [INFO], r1, sent message, None, None, None
114.72, [INFO], r1, started skill, None, open-drawer, None
114.72, [INFO], r1, sent message, None, None, None
114.72, [INFO], r1, skill-success, None, open-drawer, None
114.72, [INFO], r1, started skill, None, deposit, None
114.72, [INFO], r1, sent message, None, None, None
114.72, [INFO], r1, skill-success, None, deposit, None
114.72, [INFO], r1, started skill, None, close-drawer, None
114.72, [INFO], r1, sent message, None, None, None
114.72, [INFO], r1, skill-success, None, close-drawer, None
114.72, [INFO], r1, started skill, None, navto, None
120.05, [INFO], r1, {'y': 13.944, 'x': -27.376, 'yaw': 3.141}, pose, None, None
120.05, [INFO], r1, {'battery-level': '19.05'}, battery_charge, None, None
130.05, [INFO], r1, {'y': 15.619, 'x': -27.763, 'yaw': 3.141}, pose, None, None
130.05, [INFO], r1, {'battery-level': '18.55'}, battery_charge, None, None
140.05, [INFO], r1, {'battery-level': '18.05'}, battery_charge, None, None
140.05, [INFO], r1, {'y': 15.584, 'x': -29.88, 'yaw': -3.142}, pose, None, None
150.05, [INFO], r1, {'y': 15.531, 'x': -31.993, 'yaw': 3.14}, pose, None, None
150.05, [INFO], r1, {'battery-level': '17.55'}, battery_charge, None, None
160.04, [INFO], r1, {'y': 15.487, 'x': -34.11, 'yaw': -3.142}, pose, None, None
160.04, [INFO], r1, {'battery-level': '17.05'}, battery_charge, None, None
170.04, [INFO], r1, {'y': 16.399, 'x': -35.879, 'yaw': 3.141}, pose, None, None
170.04, [INFO], r1, {'battery-level': '16.55'}, battery_charge, None, None
180.07, [INFO], r1, {'y': 18.478, 'x': -36.135, 'yaw': 3.138}, pose, None, None
180.07, [INFO], r1, {'battery-level': '16.05'}, battery_charge, None, None
190.06, [INFO], r1, {'y': 20.585, 'x': -36.203, 'yaw': 3.142}, pose, None, None
190.06, [INFO], r1, {'battery-level': '15.55'}, battery_charge, None, None
200.01, [INFO], r1, {'y': 22.69, 'x': -36.274, 'yaw': 3.141}, pose, None, None
200.01, [INFO], r1, {'battery-level': '15.05'}, battery_charge, None, None
210.01, [INFO], r1, {'y': 24.792, 'x': -36.249, 'yaw': 3.14}, pose, None, None
210.01, [INFO], r1, {'battery-level': '14.55'}, battery_charge, None, None
220.02, [INFO], r1, {'battery-level': '14.05'}, battery_charge, None, None
220.02, [INFO], r1, {'y': 26.908, 'x': -36.245, 'yaw': 3.141}, pose, None, None
230.09, [INFO], r1, {'y': 29.033, 'x': -36.305, 'yaw': 3.141}, pose, None, None
230.09, [INFO], r1, {'battery-level': '13.55'}, battery_charge, None, None
240.09, [INFO], r1, {'y': 31.143, 'x': -36.417, 'yaw': 3.142}, pose, None, None
240.09, [INFO], r1, {'battery-level': '13.05'}, battery_charge, None, None
250.09, [INFO], r1, {'battery-level': '12.55'}, battery_charge, None, None
250.09, [INFO], r1, {'y': 33.259, 'x': -36.716, 'yaw': 3.141}, pose, None, None
260.01, [INFO], r1, {'y': 35.34, 'x': -36.961, 'yaw': -3.14}, pose, None, None
260.01, [INFO], r1, {'battery-level': '12.05'}, battery_charge, None, None
269.83, [INFO], r1, skill-success, None, navto, None
269.83, [INFO], r1, started skill, None, approach-arm, None
269.83, [INFO], r1, sent message, None, None, None
269.83, [INFO], r1, skill-success, None, approach-arm, None
269.83, [INFO], r1, started skill, None, open-drawer, None
269.83, [INFO], r1, sent message, None, None, None
269.83, [INFO], r1, skill-success, None, open-drawer, None
269.83, [INFO], r1, started skill, None, pick-up-sample, None
269.83, [INFO], r1, sent message, None, None, None
269.83, [INFO], r1, skill-success, None, pick-up-sample, None
269.83, [INFO], r1, started skill, None, close-drawer, None
269.83, [INFO], r1, sent message, None, None, None
269.83, [INFO], r1, skill-success, None, close-drawer, None
269.83, [WARN], r1, SUCCESS, None, None, None
270.03, [INFO], r1, {'y': 36.179, 'x': -37.008, 'yaw': 3.14}, pose, None, None
270.03, [INFO], r1, {'battery-level': '11.55'}, battery_charge, None, None
