0.19, [DEBUG], logger, ROBOTS_CONFIG={'capabilities': ['approach_person', 'approach_robot', 'authenticate_person', 'navigation', 'operate_drawer'], 'battery_charge': 0.25, 'nurse_pose': [-19.0, 18.0, -1.57], 'robot_pose': [-38.0, 21.5, 0.0]}, None, None, None
0.19, [DEBUG], logger, Simulation open, None, None, None
10.04, [INFO], r1, {'y': 21.5, 'x': -38.0, 'yaw': 3.142}, pose, None, None
10.04, [INFO], r1, {'battery-level': '24.55'}, battery_charge, None, None
10.63, [INFO], r1, started skill, None, navto, None
20.04, [INFO], r1, {'y': 20.064, 'x': -37.161, 'yaw': -3.138}, pose, None, None
20.04, [INFO], r1, {'battery-level': '24.05'}, battery_charge, None, None
30.05, [INFO], r1, {'y': 17.949, 'x': -37.096, 'yaw': 3.142}, pose, None, None
30.05, [INFO], r1, {'battery-level': '23.55'}, battery_charge, None, None
40.06, [INFO], r1, {'y': 15.977, 'x': -36.681, 'yaw': 3.141}, pose, None, None
40.06, [INFO], r1, {'battery-level': '23.05'}, battery_charge, None, None
50.07, [INFO], r1, {'y': 15.419, 'x': -34.613, 'yaw': -3.142}, pose, None, None
50.07, [INFO], r1, {'battery-level': '22.55'}, battery_charge, None, None
60.05, [INFO], r1, {'y': 15.49, 'x': -32.493, 'yaw': 3.142}, pose, None, None
60.05, [INFO], r1, {'battery-level': '22.05'}, battery_charge, None, None
70.06, [INFO], r1, {'y': 15.556, 'x': -30.386, 'yaw': 3.141}, pose, None, None
70.06, [INFO], r1, {'battery-level': '21.55'}, battery_charge, None, None
80.08, [INFO], r1, {'y': 15.774, 'x': -28.269, 'yaw': 3.142}, pose, None, None
80.08, [INFO], r1, {'battery-level': '21.05'}, battery_charge, None, None
90.08, [INFO], r1, {'y': 16.179, 'x': -26.172, 'yaw': 3.139}, pose, None, None
90.08, [INFO], r1, {'battery-level': '20.55'}, battery_charge, None, None
100.07, [INFO], r1, {'y': 16.148, 'x': -24.072, 'yaw': 3.141}, pose, None, None
100.07, [INFO], r1, {'battery-level': '20.05'}, battery_charge, None, None
110.06, [INFO], r1, {'y': 16.146, 'x': -21.97, 'yaw': -3.142}, pose, None, None
110.06, [INFO], r1, {'battery-level': '19.55'}, battery_charge, None, None
120.05, [INFO], r1, {'battery-level': '19.05'}, battery_charge, None, None
120.05, [INFO], r1, {'y': 16.37, 'x': -19.861, 'yaw': 3.141}, pose, None, None
130.04, [INFO], r1, {'y': 17.898, 'x': -18.992, 'yaw': 3.139}, pose, None, None
130.04, [INFO], r1, {'battery-level': '18.55'}, battery_charge, None, None
135.39, [INFO], r1, skill-success, None, navto, None
135.39, [INFO], r1, started skill, None, approach-nurse, None
135.39, [INFO], r1, sent message, None, None, None
135.39, [INFO], r1, skill-success, None, approach-nurse, None
135.39, [INFO], r1, started skill, None, authenticate-nurse, None
135.39, [INFO], r1, sent message, None, None, None
135.39, [INFO], r1, skill-success, None, authenticate-nurse, None
135.39, [INFO], r1, started skill, None, open-drawer, None
135.39, [INFO], r1, sent message, None, None, None
135.39, [INFO], r1, skill-success, None, open-drawer, None
135.39, [INFO], r1, started skill, None, deposit, None
135.39, [INFO], r1, sent message, None, None, None
135.39, [INFO], r1, skill-success, None, deposit, None
135.39, [INFO], r1, started skill, None, close-drawer, None
135.39, [WARN], r1, SKILL-FAILURE, None, close-drawer, None
140.09, [INFO], r1, {'y': 17.942, 'x': -18.959, 'yaw': -3.142}, pose, None, None
140.09, [INFO], r1, {'battery-level': '18.05'}, battery_charge, None, None
