10.05, [INFO], r1, {'y': 18.93, 'x': -33.9, 'yaw': -3.142}, pose, None, None
10.05, [INFO], r1, {'battery-level': '74.60'}, battery_charge, None, None
10.05, [INFO], r1, started skill, None, navto, None
20.03, [INFO], r1, {'y': 17.754, 'x': -35.387, 'yaw': 3.138}, pose, None, None
20.03, [INFO], r1, {'battery-level': '74.10'}, battery_charge, None, None
30.03, [INFO], r1, {'battery-level': '73.60'}, battery_charge, None, None
30.03, [INFO], r1, {'y': 16.17, 'x': -36.534, 'yaw': 3.14}, pose, None, None
40.04, [INFO], r1, {'battery-level': '73.10'}, battery_charge, None, None
40.04, [INFO], r1, {'y': 15.412, 'x': -34.592, 'yaw': -3.142}, pose, None, None
50.02, [INFO], r1, {'battery-level': '72.60'}, battery_charge, None, None
50.02, [INFO], r1, {'y': 15.489, 'x': -32.479, 'yaw': 3.142}, pose, None, None
60.05, [INFO], r1, {'y': 15.601, 'x': -30.369, 'yaw': 3.141}, pose, None, None
60.05, [INFO], r1, {'battery-level': '72.10'}, battery_charge, None, None
70.02, [INFO], r1, {'y': 15.746, 'x': -28.268, 'yaw': 3.142}, pose, None, None
70.02, [INFO], r1, {'battery-level': '71.60'}, battery_charge, None, None
80.09, [INFO], r1, {'y': 17.257, 'x': -27.021, 'yaw': 3.141}, pose, None, None
80.09, [INFO], r1, {'battery-level': '71.10'}, battery_charge, None, None
90.06, [INFO], r1, {'y': 17.91, 'x': -27.207, 'yaw': -3.141}, pose, None, None
90.06, [INFO], r1, {'battery-level': '70.60'}, battery_charge, None, None
96.40, [INFO], r1, skill-success, None, navto, None
96.40, [INFO], r1, started skill, None, approach-nurse, None
96.40, [INFO], r1, sent message, None, None, None
96.40, [INFO], r1, skill-success, None, authenticate-nurse, None
96.40, [INFO], r1, started skill, None, open-drawer, None
96.40, [INFO], r1, sent message, None, None, None
96.40, [INFO], r1, skill-success, None, open-drawer, None
96.40, [INFO], r1, started skill, None, deposit, None
96.40, [INFO], r1, sent message, None, None, None
96.40, [INFO], r1, skill-success, None, deposit, None
96.40, [INFO], r1, started skill, None, close-drawer, None
96.40, [INFO], r1, sent message, None, None, None
96.40, [INFO], r1, skill-success, None, close-drawer, None
96.40, [INFO], r1, started skill, None, navto, None
100.08, [INFO], r1, {'y': 17.215, 'x': -27.047, 'yaw': 3.141}, pose, None, None
100.08, [INFO], r1, {'battery-level': '70.10'}, battery_charge, None, None
110.04, [INFO], r1, {'y': 16.06, 'x': -28.135, 'yaw': 3.141}, pose, None, None
110.04, [INFO], r1, {'battery-level': '69.60'}, battery_charge, None, None
120.06, [INFO], r1, {'battery-level': '69.10'}, battery_charge, None, None
120.06, [INFO], r1, {'y': 16.01, 'x': -30.251, 'yaw': 3.141}, pose, None, None
130.08, [INFO], r1, {'battery-level': '68.60'}, battery_charge, None, None
130.08, [INFO], r1, {'y': 15.875, 'x': -32.372, 'yaw': 3.142}, pose, None, None
140.01, [INFO], r1, {'y': 15.429, 'x': -34.456, 'yaw': -3.142}, pose, None, None
140.01, [INFO], r1, {'battery-level': '68.10'}, battery_charge, None, None
150.01, [INFO], r1, {'y': 16.717, 'x': -36.048, 'yaw': 3.142}, pose, None, None
150.01, [INFO], r1, {'battery-level': '67.60'}, battery_charge, None, None
160.01, [INFO], r1, {'y': 18.835, 'x': -36.153, 'yaw': -3.139}, pose, None, None
160.01, [INFO], r1, {'battery-level': '67.10'}, battery_charge, None, None
170.07, [INFO], r1, {'battery-level': '66.60'}, battery_charge, None, None
170.07, [INFO], r1, {'y': 20.972, 'x': -36.232, 'yaw': 3.142}, pose, None, None
180.09, [INFO], r1, {'y': 23.098, 'x': -36.312, 'yaw': 3.141}, pose, None, None
180.09, [INFO], r1, {'battery-level': '66.10'}, battery_charge, None, None
190.01, [INFO], r1, {'y': 25.178, 'x': -36.26, 'yaw': 3.142}, pose, None, None
190.01, [INFO], r1, {'battery-level': '65.60'}, battery_charge, None, None
200.01, [INFO], r1, {'y': 27.313, 'x': -36.3, 'yaw': 3.141}, pose, None, None
200.01, [INFO], r1, {'battery-level': '65.10'}, battery_charge, None, None
210.09, [INFO], r1, {'y': 29.439, 'x': -36.363, 'yaw': 3.142}, pose, None, None
210.09, [INFO], r1, {'battery-level': '64.60'}, battery_charge, None, None
220.02, [INFO], r1, {'y': 31.538, 'x': -36.516, 'yaw': -3.142}, pose, None, None
220.02, [INFO], r1, {'battery-level': '64.10'}, battery_charge, None, None
230.07, [INFO], r1, {'y': 33.651, 'x': -36.856, 'yaw': -3.142}, pose, None, None
230.07, [INFO], r1, {'battery-level': '63.60'}, battery_charge, None, None
240.03, [INFO], r1, {'y': 35.747, 'x': -36.912, 'yaw': 3.141}, pose, None, None
240.03, [INFO], r1, {'battery-level': '63.10'}, battery_charge, None, None
249.42, [INFO], r1, skill-success, None, navto, None
249.42, [INFO], r1, started skill, None, approach-arm, None
249.42, [INFO], r1, sent message, None, None, None
249.42, [INFO], r1, skill-success, None, approach-arm, None
249.42, [INFO], r1, started skill, None, open-drawer, None
249.42, [INFO], r1, sent message, None, None, None
249.42, [INFO], r1, skill-success, None, open-drawer, None
249.42, [INFO], r1, started skill, None, pick-up-sample, None
249.42, [INFO], r1, sent message, None, None, None
249.42, [INFO], r1, skill-success, None, pick-up-sample, None
249.42, [INFO], r1, started skill, None, close-drawer, None
249.42, [WARN], r1, SKILL-FAILURE, None, close-drawer, None
250.00, [INFO], r1, {'y': 36.024, 'x': -36.951, 'yaw': 3.141}, pose, None, None
250.00, [INFO], r1, {'battery-level': '62.60'}, battery_charge, None, None
