9.57, [INFO], r1, started skill, None, navto, None
10.05, [INFO], r1, {'battery-level': '74.55'}, battery_charge, None, None
10.05, [INFO], r1, {'y': 18.93, 'x': -33.921, 'yaw': 3.141}, pose, None, None
20.05, [INFO], r1, {'y': 17.703, 'x': -35.469, 'yaw': -3.139}, pose, None, None
20.05, [INFO], r1, {'battery-level': '74.05'}, battery_charge, None, None
30.02, [INFO], r1, {'y': 16.017, 'x': -36.441, 'yaw': 3.142}, pose, None, None
30.02, [INFO], r1, {'battery-level': '73.55'}, battery_charge, None, None
40.02, [INFO], r1, {'y': 15.394, 'x': -34.442, 'yaw': -3.141}, pose, None, None
40.02, [INFO], r1, {'battery-level': '73.05'}, battery_charge, None, None
50.01, [INFO], r1, {'y': 15.578, 'x': -32.325, 'yaw': -3.142}, pose, None, None
50.01, [INFO], r1, {'battery-level': '72.55'}, battery_charge, None, None
60.01, [INFO], r1, {'y': 15.659, 'x': -30.205, 'yaw': 3.142}, pose, None, None
60.01, [INFO], r1, {'battery-level': '72.05'}, battery_charge, None, None
70.07, [INFO], r1, {'y': 15.809, 'x': -28.091, 'yaw': 3.142}, pose, None, None
70.07, [INFO], r1, {'battery-level': '71.55'}, battery_charge, None, None
80.06, [INFO], r1, {'battery-level': '71.05'}, battery_charge, None, None
80.06, [INFO], r1, {'y': 17.422, 'x': -27.03, 'yaw': -3.142}, pose, None, None
90.01, [INFO], r1, {'y': 17.993, 'x': -27.218, 'yaw': 3.142}, pose, None, None
90.01, [INFO], r1, {'battery-level': '70.55'}, battery_charge, None, None
90.59, [INFO], r1, skill-success, None, navto, None
90.59, [INFO], r1, started skill, None, approach-nurse, None
90.59, [INFO], r1, sent message, None, None, None
90.59, [INFO], r1, skill-success, None, approach-nurse, None
90.59, [INFO], r1, started skill, None, authenticate-nurse, None
90.59, [INFO], r1, started skill, None, open-drawer, None
90.59, [INFO], r1, sent message, None, None, None
90.59, [INFO], r1, skill-success, None, open-drawer, None
90.59, [INFO], r1, started skill, None, deposit, None
90.59, [INFO], r1, sent message, None, None, None
90.59, [INFO], r1, skill-success, None, deposit, None
90.59, [INFO], r1, started skill, None, close-drawer, None
90.59, [INFO], r1, sent message, None, None, None
90.59, [INFO], r1, skill-success, None, close-drawer, None
90.59, [INFO], r1, started skill, None, navto, None
100.01, [INFO], r1, {'battery-level': '70.05'}, battery_charge, None, None
100.01, [INFO], r1, {'y': 16.122, 'x': -27.304, 'yaw': -3.142}, pose, None, None
110.03, [INFO], r1, {'y': 16.172, 'x': -29.421, 'yaw': 3.142}, pose, None, None
110.03, [INFO], r1, {'battery-level': '69.55'}, battery_charge, None, None
120.03, [INFO], r1, {'y': 16.032, 'x': -31.543, 'yaw': 3.141}, pose, None, None
120.03, [INFO], r1, {'battery-level': '69.05'}, battery_charge, None, None
130.01, [INFO], r1, {'battery-level': '68.55'}, battery_charge, None, None
130.01, [INFO], r1, {'y': 15.62, 'x': -33.637, 'yaw': 3.141}, pose, None, None
140.00, [INFO], r1, {'y': 16.016, 'x': -35.583, 'yaw': 3.142}, pose, None, None
140.00, [INFO], r1, {'battery-level': '68.05'}, battery_charge, None, None
150.07, [INFO], r1, {'y': 18.001, 'x': -36.092, 'yaw': 3.141}, pose, None, None
150.07, [INFO], r1, {'battery-level': '67.55'}, battery_charge, None, None
160.05, [INFO], r1, {'battery-level': '67.05'}, battery_charge, None, None
160.05, [INFO], r1, {'y': 20.11, 'x': -36.189, 'yaw': 3.142}, pose, None, None
170.07, [INFO], r1, {'battery-level': '66.55'}, battery_charge, None, None
170.07, [INFO], r1, {'y': 22.224, 'x': -36.328, 'yaw': 3.14}, pose, None, None
180.03, [INFO], r1, {'y': 24.344, 'x': -36.34, 'yaw': 3.141}, pose, None, None
180.03, [INFO], r1, {'battery-level': '66.05'}, battery_charge, None, None
190.02, [INFO], r1, {'y': 26.463, 'x': -36.295, 'yaw': 3.14}, pose, None, None
190.02, [INFO], r1, {'battery-level': '65.55'}, battery_charge, None, None
200.04, [INFO], r1, {'y': 28.572, 'x': -36.324, 'yaw': 3.14}, pose, None, None
200.04, [INFO], r1, {'battery-level': '65.05'}, battery_charge, None, None
210.00, [INFO], r1, {'battery-level': '64.55'}, battery_charge, None, None
210.00, [INFO], r1, {'y': 30.693, 'x': -36.416, 'yaw': 3.141}, pose, None, None
220.03, [INFO], r1, {'y': 32.801, 'x': -36.648, 'yaw': 3.142}, pose, None, None
220.03, [INFO], r1, {'battery-level': '64.05'}, battery_charge, None, None
230.07, [INFO], r1, {'y': 34.927, 'x': -36.846, 'yaw': -3.142}, pose, None, None
230.07, [INFO], r1, {'battery-level': '63.55'}, battery_charge, None, None
240.01, [INFO], r1, {'battery-level': '63.05'}, battery_charge, None, None
240.01, [INFO], r1, {'y': 36.01, 'x': -36.97, 'yaw': -3.141}, pose, None, None
242.63, [INFO], r1, skill-success, None, navto, None
242.63, [INFO], r1, started skill, None, approach-arm, None
242.63, [INFO], r1, sent message, None, None, None
242.63, [INFO], r1, started skill, None, open-drawer, None
242.63, [INFO], r1, sent message, None, None, None
242.63, [INFO], r1, skill-success, None, open-drawer, None
242.63, [INFO], r1, started skill, None, pick-up-sample, None
242.63, [INFO], r1, sent message, None, None, None
242.63, [INFO], r1, skill-success, None, pick-up-sample, None
242.63, [INFO], r1, started skill, None, close-drawer, None
242.63, [INFO], r1, sent message, None, None, None
242.63, [INFO], r1, skill-success, None, close-drawer, None
242.63, [WARN], r1, SUCCESS, None, None, None
250.09, [INFO], r1, {'y': 36.008, 'x': -36.973, 'yaw': -3.142}, pose, None, None
250.09, [INFO], r1, {'battery-level': '62.55'}, battery_charge, None, None
