0.19, [DEBUG], logger, ROBOTS_CONFIG={'capabilities': ['approach_person', 'approach_robot', 'authenticate_person', 'navigation', 'operate_drawer'], 'battery_charge': 0.75, 'nurse_pose': [-27.23, 18.0, -1.57], 'robot_pose': [-33.9, 18.93, 3.14]}, None, None, None
0.19, [DEBUG], logger, Simulation open, None, None, None
10.03, [INFO], r1, {'battery-level': '74.55'}, battery_charge, None, None
10.03, [INFO], r1, {'y': 18.93, 'x': -33.9, 'yaw': 3.142}, pose, None, None
10.53, [INFO], r1, started skill, None, navto, None
20.04, [INFO], r1, {'y': 17.731, 'x': -35.282, 'yaw': -3.138}, pose, None, None
20.04, [INFO], r1, {'battery-level': '74.05'}, battery_charge, None, None
30.04, [INFO], r1, {'y': 16.25, 'x': -36.563, 'yaw': 3.141}, pose, None, None
30.04, [INFO], r1, {'battery-level': '73.55'}, battery_charge, None, None
40.04, [INFO], r1, {'y': 15.51, 'x': -34.654, 'yaw': -3.142}, pose, None, None
40.04, [INFO], r1, {'battery-level': '73.05'}, battery_charge, None, None
50.05, [INFO], r1, {'y': 15.579, 'x': -32.521, 'yaw': 3.142}, pose, None, None
50.05, [INFO], r1, {'battery-level': '72.55'}, battery_charge, None, None
60.06, [INFO], r1, {'battery-level': '72.05'}, battery_charge, None, None
60.06, [INFO], r1, {'y': 15.702, 'x': -30.396, 'yaw': -3.141}, pose, None, None
70.05, [INFO], r1, {'y': 15.833, 'x': -28.279, 'yaw': -3.142}, pose, None, None
70.05, [INFO], r1, {'battery-level': '71.55'}, battery_charge, None, None
80.04, [INFO], r1, {'y': 17.217, 'x': -27.032, 'yaw': 3.142}, pose, None, None
80.04, [INFO], r1, {'battery-level': '71.05'}, battery_charge, None, None
90.01, [INFO], r1, {'battery-level': '70.55'}, battery_charge, None, None
90.01, [INFO], r1, {'y': 17.99, 'x': -27.199, 'yaw': -3.142}, pose, None, None
93.07, [INFO], r1, skill-success, None, navto, None
93.07, [INFO], r1, started skill, None, approach-nurse, None
93.07, [INFO], r1, sent message, None, None, None
93.07, [INFO], r1, skill-success, None, approach-nurse, None
93.07, [INFO], r1, started skill, None, authenticate-nurse, None
93.07, [INFO], r1, sent message, None, None, None
93.07, [INFO], r1, skill-success, None, authenticate-nurse, None
93.07, [INFO], r1, started skill, None, open-drawer, None
93.07, [INFO], r1, sent message, None, None, None
93.07, [INFO], r1, skill-success, None, open-drawer, None
93.07, [INFO], r1, started skill, None, deposit, None
93.07, [INFO], r1, sent message, None, None, None
93.07, [INFO], r1, skill-success, None, deposit, None
93.07, [INFO], r1, started skill, None, close-drawer, None
93.07, [INFO], r1, sent message, None, None, None
93.07, [INFO], r1, skill-success, None, close-drawer, None
93.07, [INFO], r1, started skill, None, navto, None
100.08, [INFO], r1, {'y': 16.555, 'x': -27.057, 'yaw': 3.142}, pose, None, None
100.08, [INFO], r1, {'battery-level': '70.05'}, battery_charge, None, None
110.08, [INFO], r1, {'y': 16.062, 'x': -28.864, 'yaw': -3.138}, pose, None, None
110.08, [INFO], r1, {'battery-level': '69.55'}, battery_charge, None, None
120.07, [INFO], r1, {'battery-level': '69.05'}, battery_charge, None, None
120.07, [INFO], r1, {'y': 15.997, 'x': -30.98, 'yaw': 3.14}, pose, None, None
130.07, [INFO], r1, {'y': 15.791, 'x': -33.093, 'yaw': 3.142}, pose, None, None
130.07, [INFO], r1, {'battery-level': '68.55'}, battery_charge, None, None
140.06, [INFO], r1, {'y': 15.605, 'x': -35.167, 'yaw': 3.141}, pose, None, None
140.06, [INFO], r1, {'battery-level': '68.05'}, battery_charge, None, None
150.04, [INFO], r1, {'battery-level': '67.55'}, battery_charge, None, None
150.04, [INFO], r1, {'y': 17.436, 'x': -36.068, 'yaw': -3.142}, pose, None, None
160.02, [INFO], r1, {'y': 19.551, 'x': -36.188, 'yaw': -3.14}, pose, None, None
160.02, [INFO], r1, {'battery-level': '67.05'}, battery_charge, None, None
170.02, [INFO], r1, {'y': 21.659, 'x': -36.275, 'yaw': 3.141}, pose, None, None
170.02, [INFO], r1, {'battery-level': '66.55'}, battery_charge, None, None
180.02, [INFO], r1, {'y': 23.766, 'x': -36.325, 'yaw': 3.141}, pose, None, None
180.02, [INFO], r1, {'battery-level': '66.05'}, battery_charge, None, None
190.09, [INFO], r1, {'battery-level': '65.55'}, battery_charge, None, None
190.09, [INFO], r1, {'y': 25.884, 'x': -36.289, 'yaw': 3.141}, pose, None, None
200.08, [INFO], r1, {'y': 28.002, 'x': -36.359, 'yaw': 3.141}, pose, None, None
200.08, [INFO], r1, {'battery-level': '65.05'}, battery_charge, None, None
210.06, [INFO], r1, {'battery-level': '64.55'}, battery_charge, None, None
210.06, [INFO], r1, {'y': 30.117, 'x': -36.439, 'yaw': 3.141}, pose, None, None
220.09, [INFO], r1, {'y': 32.234, 'x': -36.619, 'yaw': 3.142}, pose, None, None
220.09, [INFO], r1, {'battery-level': '64.05'}, battery_charge, None, None
230.10, [INFO], r1, {'y': 34.339, 'x': -36.895, 'yaw': 3.142}, pose, None, None
230.10, [INFO], r1, {'battery-level': '63.55'}, battery_charge, None, None
240.03, [INFO], r1, {'battery-level': '63.05'}, battery_charge, None, None
240.03, [INFO], r1, {'y': 35.957, 'x': -36.967, 'yaw': 3.142}, pose, None, None
250.08, [INFO], r1, {'y': 36.05, 'x': -36.962, 'yaw': -3.142}, pose, None, None
250.08, [INFO], r1, {'battery-level': '62.55'}, battery_charge, None, None
253.65, [INFO], r1, skill-success, None, navto, None
253.65, [INFO], r1, started skill, None, approach-arm, None
253.65, [INFO], r1, sent message, None, None, None
253.65, [INFO], r1, skill-success, None, approach-arm, None
253.65, [INFO], r1, started skill, None, open-drawer, None
253.65, [INFO], r1, sent message, None, None, None
253.65, [INFO], r1, skill-success, None, open-drawer, None
253.65, [INFO], r1, started skill, None, pick-up-sample, None
253.65, [INFO], r1, sent message, None, None, None
253.65, [INFO], r1, skill-success, None, pick-up-sample, None
253.65, [INFO], r1, started skill, None, close-drawer, None
253.65, [INFO], r1, sent message, None, None, None
253.65, [INFO], r1, skill-success, None, close-drawer, None
253.65, [WARN], r1, SUCCESS, None, None, None
260.06, [INFO], r1, {'y': 36.048, 'x': -36.966, 'yaw': -3.142}, pose, None, None
260.06, [INFO], r1, {'battery-level': '62.05'}, battery_charge, None, None
