9.56, [INFO], r1, started skill, None, navto, None
10.07, [INFO], r1, {'y': 18.929, 'x': -33.936, 'yaw': 3.141}, pose, None, None
10.07, [INFO], r1, {'battery-level': '74.55'}, battery_charge, None, None
20.10, [INFO], r1, {'battery-level': '74.05'}, battery_charge, None, None
20.10, [INFO], r1, {'y': 17.745, 'x': -35.514, 'yaw': 3.14}, pose, None, None
30.03, [INFO], r1, {'y': 16.083, 'x': -36.493, 'yaw': 3.141}, pose, None, None
30.03, [INFO], r1, {'battery-level': '73.55'}, battery_charge, None, None
40.07, [INFO], r1, {'y': 15.406, 'x': -34.479, 'yaw': 3.142}, pose, None, None
40.07, [INFO], r1, {'battery-level': '73.05'}, battery_charge, None, None
50.00, [INFO], r1, {'y': 15.5, 'x': -32.377, 'yaw': 3.142}, pose, None, None
50.00, [INFO], r1, {'battery-level': '72.55'}, battery_charge, None, None
60.04, [INFO], r1, {'y': 15.554, 'x': -30.261, 'yaw': 3.142}, pose, None, None
60.04, [INFO], r1, {'battery-level': '72.05'}, battery_charge, None, None
70.07, [INFO], r1, {'y': 15.766, 'x': -28.138, 'yaw': 3.14}, pose, None, None
70.07, [INFO], r1, {'battery-level': '71.55'}, battery_charge, None, None
80.10, [INFO], r1, {'y': 16.027, 'x': -26.044, 'yaw': 3.141}, pose, None, None
80.10, [INFO], r1, {'battery-level': '71.05'}, battery_charge, None, None
90.03, [INFO], r1, {'y': 16.001, 'x': -23.951, 'yaw': 3.141}, pose, None, None
90.03, [INFO], r1, {'battery-level': '70.55'}, battery_charge, None, None
100.06, [INFO], r1, {'y': 16.178, 'x': -21.84, 'yaw': 3.141}, pose, None, None
100.06, [INFO], r1, {'battery-level': '70.05'}, battery_charge, None, None
110.10, [INFO], r1, {'y': 17.659, 'x': -20.923, 'yaw': 3.14}, pose, None, None
110.10, [INFO], r1, {'battery-level': '69.55'}, battery_charge, None, None
120.03, [INFO], r1, {'y': 17.981, 'x': -21.07, 'yaw': 3.142}, pose, None, None
120.03, [INFO], r1, {'battery-level': '69.05'}, battery_charge, None, None
123.94, [INFO], r1, skill-success, None, navto, None
123.94, [INFO], r1, started skill, None, approach-nurse, None
123.94, [INFO], r1, sent message, None, None, None
123.94, [INFO], r1, skill-success, None, approach-nurse, None
123.94, [INFO], r1, started skill, None, authenticate-nurse, None
123.94, [INFO], r1, sent message, None, None, None
123.94, [INFO], r1, skill-success, None, authenticate-nurse, None
123.94, [INFO], r1, started skill, None, open-drawer, None
123.94, [WARN], r1, SKILL-FAILURE, None, open-drawer, None
