0.19, [DEBUG], logger, ROBOTS_CONFIG={'capabilities': ['approach_person', 'approach_robot', 'authenticate_person', 'navigation', 'operate_drawer'], 'battery_charge': 0.75, 'nurse_pose': [-19.0, 18.0, -1.57], 'robot_pose': [-33.9, 18.93, 3.14]}, None, None, None
0.19, [DEBUG], logger, Simulation open, None, None, None
10.09, [INFO], r1, {'y': 18.93, 'x': -33.9, 'yaw': 3.142}, pose, None, None
10.09, [INFO], r1, {'battery-level': '74.55'}, battery_charge, None, None
10.58, [INFO], r1, started skill, None, navto, None
20.07, [INFO], r1, {'y': 17.734, 'x': -35.263, 'yaw': -3.141}, pose, None, None
20.07, [INFO], r1, {'battery-level': '74.05'}, battery_charge, None, None
30.06, [INFO], r1, {'battery-level': '73.55'}, battery_charge, None, None
30.06, [INFO], r1, {'y': 16.244, 'x': -36.538, 'yaw': 3.141}, pose, None, None
40.07, [INFO], r1, {'y': 15.437, 'x': -34.678, 'yaw': 3.142}, pose, None, None
40.07, [INFO], r1, {'battery-level': '73.05'}, battery_charge, None, None
50.06, [INFO], r1, {'battery-level': '72.55'}, battery_charge, None, None
50.06, [INFO], r1, {'y': 15.527, 'x': -32.556, 'yaw': -3.142}, pose, None, None
60.01, [INFO], r1, {'battery-level': '72.05'}, battery_charge, None, None
60.01, [INFO], r1, {'y': 15.575, 'x': -30.465, 'yaw': -3.137}, pose, None, None
70.09, [INFO], r1, {'y': 15.738, 'x': -28.334, 'yaw': 3.141}, pose, None, None
70.09, [INFO], r1, {'battery-level': '71.55'}, battery_charge, None, None
80.09, [INFO], r1, {'y': 16.134, 'x': -26.243, 'yaw': 3.142}, pose, None, None
80.09, [INFO], r1, {'battery-level': '71.05'}, battery_charge, None, None
90.08, [INFO], r1, {'y': 16.153, 'x': -24.144, 'yaw': -3.141}, pose, None, None
90.08, [INFO], r1, {'battery-level': '70.55'}, battery_charge, None, None
100.08, [INFO], r1, {'y': 16.201, 'x': -22.031, 'yaw': 3.142}, pose, None, None
100.08, [INFO], r1, {'battery-level': '70.05'}, battery_charge, None, None
110.07, [INFO], r1, {'y': 16.386, 'x': -19.913, 'yaw': 3.141}, pose, None, None
110.07, [INFO], r1, {'battery-level': '69.55'}, battery_charge, None, None
120.07, [INFO], r1, {'y': 17.896, 'x': -19.035, 'yaw': 3.142}, pose, None, None
120.07, [INFO], r1, {'battery-level': '69.05'}, battery_charge, None, None
129.86, [INFO], r1, skill-success, None, navto, None
129.86, [INFO], r1, started skill, None, approach-nurse, None
129.86, [INFO], r1, sent message, None, None, None
129.86, [INFO], r1, skill-success, None, approach-nurse, None
129.86, [INFO], r1, started skill, None, authenticate-nurse, None
129.86, [INFO], r1, sent message, None, None, None
129.86, [INFO], r1, skill-success, None, authenticate-nurse, None
129.86, [INFO], r1, started skill, None, open-drawer, None
129.86, [INFO], r1, sent message, None, None, None
129.86, [INFO], r1, skill-success, None, open-drawer, None
129.86, [INFO], r1, started skill, None, deposit, None
129.86, [INFO], r1, sent message, None, None, None
129.86, [INFO], r1, skill-success, None, deposit, None
129.86, [INFO], r1, started skill, None, close-drawer, None
129.86, [INFO], r1, sent message, None, None, None
129.86, [INFO], r1, skill-success, None, close-drawer, None
129.86, [INFO], r1, started skill, None, navto, None
130.06, [INFO], r1, {'battery-level': '68.55'}, battery_charge, None, None
130.06, [INFO], r1, {'y': 17.931, 'x': -18.983, 'yaw': -3.142}, pose, None, None
140.06, [INFO], r1, {'y': 16.333, 'x': -20.12, 'yaw': -3.139}, pose, None, None
140.06, [INFO], r1, {'battery-level': '68.05'}, battery_charge, None, None
150.06, [INFO], r1, {'y': 16.339, 'x': -22.237, 'yaw': 3.141}, pose, None, None
150.06, [INFO], r1, {'battery-level': '67.55'}, battery_charge, None, None
160.05, [INFO], r1, {'battery-level': '67.05'}, battery_charge, None, None
160.05, [INFO], r1, {'y': 16.108, 'x': -24.356, 'yaw': 3.14}, pose, None, None
170.04, [INFO], r1, {'y': 16.07, 'x': -26.462, 'yaw': -3.139}, pose, None, None
170.04, [INFO], r1, {'battery-level': '66.55'}, battery_charge, None, None
180.06, [INFO], r1, {'battery-level': '66.05'}, battery_charge, None, None
180.06, [INFO], r1, {'y': 15.965, 'x': -28.57, 'yaw': -3.142}, pose, None, None
190.06, [INFO], r1, {'y': 15.969, 'x': -30.678, 'yaw': 3.142}, pose, None, None
190.06, [INFO], r1, {'battery-level': '65.55'}, battery_charge, None, None
200.07, [INFO], r1, {'y': 15.787, 'x': -32.796, 'yaw': 3.141}, pose, None, None
200.07, [INFO], r1, {'battery-level': '65.05'}, battery_charge, None, None
210.08, [INFO], r1, {'y': 15.455, 'x': -34.898, 'yaw': -3.142}, pose, None, None
210.08, [INFO], r1, {'battery-level': '64.55'}, battery_charge, None, None
220.00, [INFO], r1, {'y': 17.098, 'x': -36.1, 'yaw': -3.142}, pose, None, None
220.00, [INFO], r1, {'battery-level': '64.05'}, battery_charge, None, None
230.10, [INFO], r1, {'y': 19.233, 'x': -36.168, 'yaw': 3.137}, pose, None, None
230.10, [INFO], r1, {'battery-level': '63.55'}, battery_charge, None, None
240.07, [INFO], r1, {'y': 21.334, 'x': -36.286, 'yaw': 3.142}, pose, None, None
240.07, [INFO], r1, {'battery-level': '63.05'}, battery_charge, None, None
250.06, [INFO], r1, {'battery-level': '62.55'}, battery_charge, None, None
250.06, [INFO], r1, {'y': 23.437, 'x': -36.338, 'yaw': 3.14}, pose, None, None
260.05, [INFO], r1, {'y': 25.543, 'x': -36.273, 'yaw': 3.141}, pose, None, None
260.05, [INFO], r1, {'battery-level': '62.05'}, battery_charge, None, None
270.06, [INFO], r1, {'y': 27.656, 'x': -36.343, 'yaw': 3.141}, pose, None, None
270.06, [INFO], r1, {'battery-level': '61.55'}, battery_charge, None, None
280.06, [INFO], r1, {'y': 29.77, 'x': -36.395, 'yaw': 3.142}, pose, None, None
280.06, [INFO], r1, {'battery-level': '61.05'}, battery_charge, None, None
290.08, [INFO], r1, {'y': 31.888, 'x': -36.566, 'yaw': -3.142}, pose, None, None
290.08, [INFO], r1, {'battery-level': '60.55'}, battery_charge, None, None
300.00, [INFO], r1, {'battery-level': '60.05'}, battery_charge, None, None
300.00, [INFO], r1, {'y': 33.961, 'x': -36.967, 'yaw': -3.142}, pose, None, None
310.03, [INFO], r1, {'battery-level': '59.55'}, battery_charge, None, None
310.03, [INFO], r1, {'y': 35.921, 'x': -36.949, 'yaw': 3.141}, pose, None, None
320.04, [INFO], r1, {'battery-level': '59.05'}, battery_charge, None, None
320.04, [INFO], r1, {'y': 36.081, 'x': -36.95, 'yaw': 3.142}, pose, None, None
325.30, [INFO], r1, skill-success, None, navto, None
325.30, [INFO], r1, started skill, None, approach-arm, None
325.30, [INFO], r1, sent message, None, None, None
325.30, [INFO], r1, skill-success, None, approach-arm, None
325.40, [INFO], r1, started skill, None, open-drawer, None
325.40, [INFO], r1, sent message, None, None, None
325.40, [INFO], r1, skill-success, None, open-drawer, None
325.40, [INFO], r1, started skill, None, pick-up-sample, None
325.40, [INFO], r1, sent message, None, None, None
325.40, [INFO], r1, skill-success, None, pick-up-sample, None
325.40, [INFO], r1, started skill, None, close-drawer, None
325.40, [INFO], r1, sent message, None, None, None
325.40, [INFO], r1, skill-success, None, close-drawer, None
325.40, [WARN], r1, SUCCESS, None, None, None
330.03, [INFO], r1, {'y': 36.077, 'x': -36.952, 'yaw': -3.142}, pose, None, None
330.03, [INFO], r1, {'battery-level': '58.55'}, battery_charge, None, None
