0.19, [DEBUG], logger, ROBOTS_CONFIG={'capabilities': ['approach_person', 'approach_robot', 'authenticate_person', 'navigation', 'operate_drawer'], 'battery_charge': 1, 'nurse_pose': [-27.25, 13.0, 1.57], 'robot_pose': [-38.0, 10.0, 0.0]}, None, None, None
0.19, [DEBUG], logger, Simulation open, None, None, None
10.06, [INFO], r1, {'battery-level': '99.55'}, battery_charge, None, None
10.06, [INFO], r1, {'y': 10.0, 'x': -38.0, 'yaw': -3.142}, pose, None, None
10.55, [INFO], r1, started skill, None, navto, None
20.05, [INFO], r1, {'battery-level': '99.05'}, battery_charge, None, None
20.05, [INFO], r1, {'y': 11.449, 'x': -37.15, 'yaw': 3.142}, pose, None, None
30.04, [INFO], r1, {'y': 13.557, 'x': -37.112, 'yaw': -3.142}, pose, None, None
30.04, [INFO], r1, {'battery-level': '98.55'}, battery_charge, None, None
40.04, [INFO], r1, {'y': 15.565, 'x': -36.904, 'yaw': -3.141}, pose, None, None
40.04, [INFO], r1, {'battery-level': '98.05'}, battery_charge, None, None
50.02, [INFO], r1, {'y': 15.499, 'x': -34.934, 'yaw': -3.142}, pose, None, None
50.02, [INFO], r1, {'battery-level': '97.55'}, battery_charge, None, None
60.02, [INFO], r1, {'y': 15.55, 'x': -32.82, 'yaw': 3.141}, pose, None, None
60.02, [INFO], r1, {'battery-level': '97.05'}, battery_charge, None, None
70.00, [INFO], r1, {'battery-level': '96.55'}, battery_charge, None, None
70.00, [INFO], r1, {'y': 15.604, 'x': -30.701, 'yaw': -3.141}, pose, None, None
80.07, [INFO], r1, {'y': 15.793, 'x': -28.578, 'yaw': -3.142}, pose, None, None
80.07, [INFO], r1, {'battery-level': '96.05'}, battery_charge, None, None
90.02, [INFO], r1, {'battery-level': '95.55'}, battery_charge, None, None
90.02, [INFO], r1, {'y': 14.642, 'x': -27.26, 'yaw': 3.142}, pose, None, None
100.06, [INFO], r1, {'y': 12.989, 'x': -27.39, 'yaw': -3.142}, pose, None, None
100.06, [INFO], r1, {'battery-level': '95.05'}, battery_charge, None, None
106.95, [INFO], r1, skill-success, None, navto, None
106.95, [INFO], r1, started skill, None, approach-nurse, None
106.95, [INFO], r1, sent message, None, None, None
106.95, [INFO], r1, skill-success, None, approach-nurse, None
106.95, [INFO], r1, started skill, None, authenticate-nurse, None
106.95, [INFO], r1, started skill, None, open-drawer, None
106.95, [INFO], r1, sent message, None, None, None
106.95, [INFO], r1, skill-success, None, open-drawer, None
106.95, [INFO], r1, started skill, None, deposit, None
106.95, [INFO], r1, sent message, None, None, None
106.95, [INFO], r1, skill-success, None, deposit, None
106.95, [INFO], r1, started skill, None, close-drawer, None
106.95, [INFO], r1, sent message, None, None, None
106.95, [INFO], r1, skill-success, None, close-drawer, None
106.95, [INFO], r1, started skill, None, navto, None
110.02, [INFO], r1, {'battery-level': '94.55'}, battery_charge, None, None
110.02, [INFO], r1, {'y': 13.545, 'x': -27.376, 'yaw': 3.141}, pose, None, None
120.00, [INFO], r1, {'y': 15.595, 'x': -27.315, 'yaw': 3.14}, pose, None, None
120.00, [INFO], r1, {'battery-level': '94.05'}, battery_charge, None, None
130.08, [INFO], r1, {'y': 15.649, 'x': -29.415, 'yaw': 3.142}, pose, None, None
130.08, [INFO], r1, {'battery-level': '93.55'}, battery_charge, None, None
140.10, [INFO], r1, {'y': 15.546, 'x': -31.531, 'yaw': 3.141}, pose, None, None
140.10, [INFO], r1, {'battery-level': '93.05'}, battery_charge, None, None
150.10, [INFO], r1, {'y': 15.529, 'x': -33.644, 'yaw': 3.141}, pose, None, None
150.10, [INFO], r1, {'battery-level': '92.55'}, battery_charge, None, None
160.00, [INFO], r1, {'y': 16.065, 'x': -35.581, 'yaw': -3.142}, pose, None, None
160.00, [INFO], r1, {'battery-level': '92.05'}, battery_charge, None, None
170.01, [INFO], r1, {'y': 18.052, 'x': -36.074, 'yaw': 3.141}, pose, None, None
170.01, [INFO], r1, {'battery-level': '91.55'}, battery_charge, None, None
180.09, [INFO], r1, {'battery-level': '91.05'}, battery_charge, None, None
180.09, [INFO], r1, {'y': 20.171, 'x': -36.216, 'yaw': -3.142}, pose, None, None
190.06, [INFO], r1, {'y': 22.291, 'x': -36.329, 'yaw': -3.142}, pose, None, None
190.06, [INFO], r1, {'battery-level': '90.55'}, battery_charge, None, None
200.06, [INFO], r1, {'y': 24.399, 'x': -36.28, 'yaw': 3.141}, pose, None, None
200.06, [INFO], r1, {'battery-level': '90.05'}, battery_charge, None, None
210.07, [INFO], r1, {'y': 26.516, 'x': -36.321, 'yaw': 3.141}, pose, None, None
210.07, [INFO], r1, {'battery-level': '89.55'}, battery_charge, None, None
220.06, [INFO], r1, {'y': 28.635, 'x': -36.312, 'yaw': 3.141}, pose, None, None
220.06, [INFO], r1, {'battery-level': '89.05'}, battery_charge, None, None
230.06, [INFO], r1, {'y': 30.759, 'x': -36.428, 'yaw': 3.142}, pose, None, None
230.06, [INFO], r1, {'battery-level': '88.55'}, battery_charge, None, None
240.08, [INFO], r1, {'y': 32.876, 'x': -36.633, 'yaw': 3.141}, pose, None, None
240.08, [INFO], r1, {'battery-level': '88.05'}, battery_charge, None, None
250.03, [INFO], r1, {'battery-level': '87.55'}, battery_charge, None, None
250.03, [INFO], r1, {'y': 34.957, 'x': -36.829, 'yaw': 3.141}, pose, None, None
260.06, [INFO], r1, {'y': 36.006, 'x': -37.012, 'yaw': -3.142}, pose, None, None
260.06, [INFO], r1, {'battery-level': '87.05'}, battery_charge, None, None
266.62, [INFO], r1, skill-success, None, navto, None
266.62, [INFO], r1, started skill, None, approach-arm, None
266.62, [INFO], r1, sent message, None, None, None
266.62, [INFO], r1, started skill, None, open-drawer, None
266.62, [INFO], r1, sent message, None, None, None
266.62, [INFO], r1, skill-success, None, open-drawer, None
266.62, [INFO], r1, started skill, None, pick-up-sample, None
266.62, [INFO], r1, sent message, None, None, None
266.62, [INFO], r1, skill-success, None, pick-up-sample, None
266.62, [INFO], r1, started skill, None, close-drawer, None
266.62, [INFO], r1, sent message, None, None, None
266.62, [INFO], r1, skill-success, None, close-drawer, None
266.62, [WARN], r1, SUCCESS, None, None, None
270.07, [INFO], r1, {'y': 36.022, 'x': -37.003, 'yaw': 3.142}, pose, None, None
270.07, [INFO], r1, {'battery-level': '86.55'}, battery_charge, None, None
