9.70, [INFO], r1, started skill, None, navto, None
10.09, [INFO], r1, {'y': 10.0, 'x': -37.996, 'yaw': 3.142}, pose, None, None
10.09, [INFO], r1, {'battery-level': '99.55'}, battery_charge, None, None
20.07, [INFO], r1, {'y': 11.599, 'x': -37.156, 'yaw': 3.142}, pose, None, None
20.07, [INFO], r1, {'battery-level': '99.05'}, battery_charge, None, None
30.06, [INFO], r1, {'y': 13.716, 'x': -37.071, 'yaw': -3.142}, pose, None, None
30.06, [INFO], r1, {'battery-level': '98.55'}, battery_charge, None, None
40.04, [INFO], r1, {'y': 15.715, 'x': -36.719, 'yaw': -3.141}, pose, None, None
40.04, [INFO], r1, {'battery-level': '98.05'}, battery_charge, None, None
50.04, [INFO], r1, {'y': 15.398, 'x': -34.614, 'yaw': -3.141}, pose, None, None
50.04, [INFO], r1, {'battery-level': '97.55'}, battery_charge, None, None
60.03, [INFO], r1, {'y': 15.483, 'x': -32.5, 'yaw': -3.142}, pose, None, None
60.03, [INFO], r1, {'battery-level': '97.05'}, battery_charge, None, None
70.02, [INFO], r1, {'battery-level': '96.55'}, battery_charge, None, None
70.02, [INFO], r1, {'y': 15.553, 'x': -30.391, 'yaw': 3.141}, pose, None, None
80.06, [INFO], r1, {'y': 15.765, 'x': -28.269, 'yaw': 3.142}, pose, None, None
80.06, [INFO], r1, {'battery-level': '96.05'}, battery_charge, None, None
90.01, [INFO], r1, {'y': 15.876, 'x': -26.174, 'yaw': 3.142}, pose, None, None
90.01, [INFO], r1, {'battery-level': '95.55'}, battery_charge, None, None
100.03, [INFO], r1, {'y': 15.803, 'x': -24.065, 'yaw': 3.14}, pose, None, None
100.03, [INFO], r1, {'battery-level': '95.05'}, battery_charge, None, None
110.09, [INFO], r1, {'y': 15.757, 'x': -21.944, 'yaw': 3.14}, pose, None, None
110.09, [INFO], r1, {'battery-level': '94.55'}, battery_charge, None, None
120.00, [INFO], r1, {'battery-level': '94.05'}, battery_charge, None, None
120.00, [INFO], r1, {'y': 15.519, 'x': -19.848, 'yaw': -3.141}, pose, None, None
130.01, [INFO], r1, {'y': 14.533, 'x': -18.009, 'yaw': 3.142}, pose, None, None
130.01, [INFO], r1, {'battery-level': '93.55'}, battery_charge, None, None
140.08, [INFO], r1, {'battery-level': '93.05'}, battery_charge, None, None
140.08, [INFO], r1, {'y': 12.908, 'x': -18.147, 'yaw': -3.142}, pose, None, None
146.01, [INFO], r1, skill-success, None, navto, None
146.01, [INFO], r1, started skill, None, approach-nurse, None
146.01, [INFO], r1, sent message, None, None, None
146.01, [INFO], r1, skill-success, None, approach-nurse, None
146.01, [INFO], r1, started skill, None, authenticate-nurse, None
146.01, [INFO], r1, sent message, None, None, None
146.01, [INFO], r1, skill-success, None, authenticate-nurse, None
146.01, [INFO], r1, started skill, None, open-drawer, None
146.01, [INFO], r1, sent message, None, None, None
146.01, [INFO], r1, skill-success, None, open-drawer, None
146.01, [INFO], r1, started skill, None, deposit, None
146.01, [INFO], r1, sent message, None, None, None
146.01, [INFO], r1, skill-success, None, deposit, None
146.01, [INFO], r1, started skill, None, close-drawer, None
146.01, [INFO], r1, sent message, None, None, None
146.01, [INFO], r1, skill-success, None, close-drawer, None
146.01, [INFO], r1, started skill, None, navto, None
150.06, [INFO], r1, {'battery-level': '92.55'}, battery_charge, None, None
150.06, [INFO], r1, {'y': 13.686, 'x': -18.167, 'yaw': 3.142}, pose, None, None
160.07, [INFO], r1, {'y': 15.157, 'x': -19.315, 'yaw': -3.14}, pose, None, None
160.07, [INFO], r1, {'battery-level': '92.05'}, battery_charge, None, None
170.04, [INFO], r1, {'battery-level': '91.55'}, battery_charge, None, None
170.04, [INFO], r1, {'y': 15.707, 'x': -21.376, 'yaw': -3.141}, pose, None, None
180.05, [INFO], r1, {'y': 15.737, 'x': -23.501, 'yaw': 3.142}, pose, None, None
180.05, [INFO], r1, {'battery-level': '91.05'}, battery_charge, None, None
190.09, [INFO], r1, {'y': 15.799, 'x': -25.636, 'yaw': 3.141}, pose, None, None
190.09, [INFO], r1, {'battery-level': '90.55'}, battery_charge, None, None
200.03, [INFO], r1, {'y': 15.848, 'x': -27.75, 'yaw': -3.142}, pose, None, None
200.03, [INFO], r1, {'battery-level': '90.05'}, battery_charge, None, None
210.03, [INFO], r1, {'y': 15.886, 'x': -29.87, 'yaw': -3.142}, pose, None, None
210.03, [INFO], r1, {'battery-level': '89.55'}, battery_charge, None, None
220.04, [INFO], r1, {'battery-level': '89.05'}, battery_charge, None, None
220.04, [INFO], r1, {'y': 15.717, 'x': -31.987, 'yaw': 3.141}, pose, None, None
230.05, [INFO], r1, {'battery-level': '88.55'}, battery_charge, None, None
230.05, [INFO], r1, {'y': 15.453, 'x': -34.115, 'yaw': -3.142}, pose, None, None
240.05, [INFO], r1, {'y': 16.371, 'x': -35.891, 'yaw': 3.142}, pose, None, None
240.05, [INFO], r1, {'battery-level': '88.05'}, battery_charge, None, None
250.01, [INFO], r1, {'y': 18.42, 'x': -36.16, 'yaw': 3.141}, pose, None, None
250.01, [INFO], r1, {'battery-level': '87.55'}, battery_charge, None, None
260.01, [INFO], r1, {'y': 20.535, 'x': -36.212, 'yaw': 3.142}, pose, None, None
260.01, [INFO], r1, {'battery-level': '87.05'}, battery_charge, None, None
270.09, [INFO], r1, {'battery-level': '86.55'}, battery_charge, None, None
270.09, [INFO], r1, {'y': 22.678, 'x': -36.342, 'yaw': 3.14}, pose, None, None
280.09, [INFO], r1, {'battery-level': '86.05'}, battery_charge, None, None
280.09, [INFO], r1, {'y': 24.807, 'x': -36.274, 'yaw': 3.14}, pose, None, None
290.07, [INFO], r1, {'y': 26.928, 'x': -36.276, 'yaw': 3.142}, pose, None, None
290.07, [INFO], r1, {'battery-level': '85.55'}, battery_charge, None, None
300.07, [INFO], r1, {'battery-level': '85.05'}, battery_charge, None, None
300.07, [INFO], r1, {'y': 29.053, 'x': -36.293, 'yaw': 3.141}, pose, None, None
310.06, [INFO], r1, {'y': 31.178, 'x': -36.419, 'yaw': -3.142}, pose, None, None
310.06, [INFO], r1, {'battery-level': '84.55'}, battery_charge, None, None
320.08, [INFO], r1, {'y': 33.285, 'x': -36.715, 'yaw': -3.142}, pose, None, None
320.08, [INFO], r1, {'battery-level': '84.05'}, battery_charge, None, None
330.09, [INFO], r1, {'y': 35.398, 'x': -36.977, 'yaw': 3.14}, pose, None, None
330.09, [INFO], r1, {'battery-level': '83.55'}, battery_charge, None, None
340.02, [INFO], r1, {'y': 36.171, 'x': -36.995, 'yaw': 3.141}, pose, None, None
340.02, [INFO], r1, {'battery-level': '83.05'}, battery_charge, None, None
340.22, [INFO], r1, skill-success, None, navto, None
340.22, [INFO], r1, started skill, None, approach-arm, None
340.22, [INFO], r1, started skill, None, open-drawer, None
340.22, [INFO], r1, sent message, None, None, None
340.22, [INFO], r1, skill-success, None, open-drawer, None
340.22, [INFO], r1, started skill, None, pick-up-sample, None
340.22, [INFO], r1, sent message, None, None, None
340.22, [INFO], r1, skill-success, None, pick-up-sample, None
340.22, [INFO], r1, started skill, None, close-drawer, None
340.22, [INFO], r1, sent message, None, None, None
340.22, [INFO], r1, skill-success, None, close-drawer, None
340.22, [WARN], r1, SUCCESS, None, None, None
350.02, [INFO], r1, {'y': 36.171, 'x': -36.995, 'yaw': -3.142}, pose, None, None
350.02, [INFO], r1, {'battery-level': '82.55'}, battery_charge, None, None
