0.19, [DEBUG], logger, ROBOTS_CONFIG={'capabilities': ['approach_person', 'approach_robot', 'authenticate_person', 'navigation', 'operate_drawer'], 'battery_charge': 1, 'nurse_pose': [-28.5, 18.0, -1.57], 'robot_pose': [-38.0, 10.0, 0.0]}, None, None, None
0.19, [DEBUG], logger, Simulation open, None, None, None
10.02, [INFO], r1, {'battery-level': '99.55'}, battery_charge, None, None
10.02, [INFO], r1, {'y': 10.0, 'x': -38.0, 'yaw': 3.142}, pose, None, None
10.71, [INFO], r1, started skill, None, navto, None
20.03, [INFO], r1, {'y': 11.406, 'x': -37.151, 'yaw': 3.142}, pose, None, None
20.03, [INFO], r1, {'battery-level': '99.05'}, battery_charge, None, None
30.02, [INFO], r1, {'y': 13.501, 'x': -37.069, 'yaw': 3.142}, pose, None, None
30.02, [INFO], r1, {'battery-level': '98.55'}, battery_charge, None, None
40.00, [INFO], r1, {'y': 15.579, 'x': -36.884, 'yaw': -3.142}, pose, None, None
40.00, [INFO], r1, {'battery-level': '98.05'}, battery_charge, None, None
50.02, [INFO], r1, {'battery-level': '97.55'}, battery_charge, None, None
50.02, [INFO], r1, {'y': 15.525, 'x': -34.85, 'yaw': -3.141}, pose, None, None
60.03, [INFO], r1, {'y': 15.496, 'x': -32.728, 'yaw': 3.141}, pose, None, None
60.03, [INFO], r1, {'battery-level': '97.05'}, battery_charge, None, None
70.04, [INFO], r1, {'y': 15.592, 'x': -30.615, 'yaw': 3.141}, pose, None, None
70.04, [INFO], r1, {'battery-level': '96.55'}, battery_charge, None, None
80.03, [INFO], r1, {'battery-level': '96.05'}, battery_charge, None, None
80.03, [INFO], r1, {'y': 15.693, 'x': -28.714, 'yaw': -3.142}, pose, None, None
90.06, [INFO], r1, {'y': 15.703, 'x': -28.644, 'yaw': 3.141}, pose, None, None
90.06, [INFO], r1, {'battery-level': '95.55'}, battery_charge, None, None
100.08, [INFO], r1, {'battery-level': '95.05'}, battery_charge, None, None
100.08, [INFO], r1, {'y': 15.703, 'x': -28.644, 'yaw': -3.142}, pose, None, None
110.08, [INFO], r1, {'y': 15.701, 'x': -28.644, 'yaw': -3.138}, pose, None, None
110.08, [INFO], r1, {'battery-level': '94.55'}, battery_charge, None, None
120.07, [INFO], r1, {'y': 15.702, 'x': -28.645, 'yaw': 3.142}, pose, None, None
120.07, [INFO], r1, {'battery-level': '94.05'}, battery_charge, None, None
130.06, [INFO], r1, {'y': 15.716, 'x': -28.65, 'yaw': 3.141}, pose, None, None
130.06, [INFO], r1, {'battery-level': '93.55'}, battery_charge, None, None
140.07, [INFO], r1, {'y': 15.789, 'x': -28.653, 'yaw': 3.142}, pose, None, None
140.07, [INFO], r1, {'battery-level': '93.05'}, battery_charge, None, None
150.02, [INFO], r1, {'battery-level': '92.55'}, battery_charge, None, None
150.02, [INFO], r1, {'y': 15.802, 'x': -28.653, 'yaw': -3.142}, pose, None, None
160.02, [INFO], r1, {'y': 15.801, 'x': -28.653, 'yaw': 3.142}, pose, None, None
160.02, [INFO], r1, {'battery-level': '92.05'}, battery_charge, None, None
170.08, [INFO], r1, {'y': 15.705, 'x': -28.636, 'yaw': 3.142}, pose, None, None
170.08, [INFO], r1, {'battery-level': '91.55'}, battery_charge, None, None
180.04, [INFO], r1, {'y': 15.497, 'x': -28.597, 'yaw': -3.137}, pose, None, None
180.04, [INFO], r1, {'battery-level': '91.05'}, battery_charge, None, None
190.02, [INFO], r1, {'y': 15.501, 'x': -28.596, 'yaw': -3.142}, pose, None, None
190.02, [INFO], r1, {'battery-level': '90.55'}, battery_charge, None, None
200.03, [INFO], r1, {'y': 15.501, 'x': -28.596, 'yaw': -3.142}, pose, None, None
200.03, [INFO], r1, {'battery-level': '90.05'}, battery_charge, None, None
210.04, [INFO], r1, {'y': 15.501, 'x': -28.596, 'yaw': 3.142}, pose, None, None
210.04, [INFO], r1, {'battery-level': '89.55'}, battery_charge, None, None
220.02, [INFO], r1, {'y': 15.509, 'x': -28.6, 'yaw': 3.142}, pose, None, None
220.02, [INFO], r1, {'battery-level': '89.05'}, battery_charge, None, None
230.01, [INFO], r1, {'battery-level': '88.55'}, battery_charge, None, None
230.01, [INFO], r1, {'y': 15.507, 'x': -28.6, 'yaw': 3.142}, pose, None, None
238.63, [WARN], r1, SKILL-FAILURE, None, navto, None
240.00, [INFO], r1, {'battery-level': '88.05'}, battery_charge, None, None
240.00, [INFO], r1, {'y': 15.507, 'x': -28.6, 'yaw': -3.142}, pose, None, None
250.00, [INFO], r1, {'battery-level': '87.55'}, battery_charge, None, None
250.00, [INFO], r1, {'y': 15.507, 'x': -28.6, 'yaw': 3.142}, pose, None, None
