9.66, [INFO], r1, started skill, None, navto, None
10.06, [INFO], r1, {'y': 10.0, 'x': -37.976, 'yaw': 3.141}, pose, None, None
10.06, [INFO], r1, {'battery-level': '99.55'}, battery_charge, None, None
20.09, [INFO], r1, {'y': 11.645, 'x': -37.123, 'yaw': 3.142}, pose, None, None
20.09, [INFO], r1, {'battery-level': '99.05'}, battery_charge, None, None
30.02, [INFO], r1, {'y': 13.744, 'x': -37.045, 'yaw': 3.142}, pose, None, None
30.02, [INFO], r1, {'battery-level': '98.55'}, battery_charge, None, None
40.05, [INFO], r1, {'y': 15.741, 'x': -36.769, 'yaw': -3.142}, pose, None, None
40.05, [INFO], r1, {'battery-level': '98.05'}, battery_charge, None, None
50.08, [INFO], r1, {'battery-level': '97.55'}, battery_charge, None, None
50.08, [INFO], r1, {'y': 15.422, 'x': -34.699, 'yaw': 3.142}, pose, None, None
60.02, [INFO], r1, {'y': 15.466, 'x': -32.592, 'yaw': 3.141}, pose, None, None
60.02, [INFO], r1, {'battery-level': '97.05'}, battery_charge, None, None
70.06, [INFO], r1, {'y': 15.534, 'x': -30.472, 'yaw': -3.141}, pose, None, None
70.06, [INFO], r1, {'battery-level': '96.55'}, battery_charge, None, None
80.09, [INFO], r1, {'y': 15.722, 'x': -28.641, 'yaw': -3.141}, pose, None, None
80.09, [INFO], r1, {'battery-level': '96.05'}, battery_charge, None, None
90.02, [INFO], r1, {'battery-level': '95.55'}, battery_charge, None, None
90.02, [INFO], r1, {'y': 15.772, 'x': -28.548, 'yaw': -3.137}, pose, None, None
100.06, [INFO], r1, {'y': 16.924, 'x': -28.402, 'yaw': 3.141}, pose, None, None
100.06, [INFO], r1, {'battery-level': '95.05'}, battery_charge, None, None
110.09, [INFO], r1, {'battery-level': '94.55'}, battery_charge, None, None
110.09, [INFO], r1, {'y': 16.565, 'x': -28.492, 'yaw': 3.141}, pose, None, None
120.03, [INFO], r1, {'y': 16.98, 'x': -28.585, 'yaw': -3.141}, pose, None, None
120.03, [INFO], r1, {'battery-level': '94.05'}, battery_charge, None, None
130.06, [INFO], r1, {'battery-level': '93.55'}, battery_charge, None, None
130.06, [INFO], r1, {'y': 17.147, 'x': -28.298, 'yaw': 3.141}, pose, None, None
140.00, [INFO], r1, {'y': 16.807, 'x': -28.642, 'yaw': -3.136}, pose, None, None
140.00, [INFO], r1, {'battery-level': '93.05'}, battery_charge, None, None
150.03, [INFO], r1, {'battery-level': '92.55'}, battery_charge, None, None
150.03, [INFO], r1, {'y': 16.832, 'x': -28.695, 'yaw': -3.14}, pose, None, None
160.07, [INFO], r1, {'y': 16.596, 'x': -28.586, 'yaw': 3.142}, pose, None, None
160.07, [INFO], r1, {'battery-level': '92.05'}, battery_charge, None, None
170.00, [INFO], r1, {'y': 17.028, 'x': -28.507, 'yaw': 3.141}, pose, None, None
170.00, [INFO], r1, {'battery-level': '91.55'}, battery_charge, None, None
180.03, [INFO], r1, {'y': 16.606, 'x': -28.613, 'yaw': 3.141}, pose, None, None
180.03, [INFO], r1, {'battery-level': '91.05'}, battery_charge, None, None
190.07, [INFO], r1, {'battery-level': '90.55'}, battery_charge, None, None
190.07, [INFO], r1, {'y': 16.678, 'x': -28.687, 'yaw': -3.142}, pose, None, None
200.00, [INFO], r1, {'y': 17.021, 'x': -28.41, 'yaw': -3.141}, pose, None, None
200.00, [INFO], r1, {'battery-level': '90.05'}, battery_charge, None, None
210.04, [INFO], r1, {'y': 17.046, 'x': -28.527, 'yaw': 3.141}, pose, None, None
210.04, [INFO], r1, {'battery-level': '89.55'}, battery_charge, None, None
220.06, [INFO], r1, {'y': 16.718, 'x': -28.659, 'yaw': 3.141}, pose, None, None
220.06, [INFO], r1, {'battery-level': '89.05'}, battery_charge, None, None
230.10, [INFO], r1, {'y': 16.627, 'x': -28.554, 'yaw': 3.141}, pose, None, None
230.10, [INFO], r1, {'battery-level': '88.55'}, battery_charge, None, None
240.04, [INFO], r1, {'y': 16.947, 'x': -28.474, 'yaw': 3.141}, pose, None, None
240.04, [INFO], r1, {'battery-level': '88.05'}, battery_charge, None, None
250.07, [INFO], r1, {'y': 16.896, 'x': -28.312, 'yaw': 3.141}, pose, None, None
250.07, [INFO], r1, {'battery-level': '87.55'}, battery_charge, None, None
260.00, [INFO], r1, {'y': 17.105, 'x': -28.526, 'yaw': 3.141}, pose, None, None
260.00, [INFO], r1, {'battery-level': '87.05'}, battery_charge, None, None
262.51, [WARN], r1, SKILL-FAILURE, None, navto, None
270.04, [INFO], r1, {'battery-level': '86.55'}, battery_charge, None, None
270.04, [INFO], r1, {'y': 16.733, 'x': -28.645, 'yaw': -3.142}, pose, None, None
