0.20, [DEBUG], logger, ROBOTS_CONFIG={'capabilities': ['approach_person', 'approach_robot', 'authenticate_person', 'navigation', 'operate_drawer'], 'battery_charge': 1, 'nurse_pose': [-28.5, 18.0, -1.57], 'robot_pose': [-38.0, 10.0, 0.0]}, None, None, None
0.20, [DEBUG], logger, Simulation open, None, None, None
10.05, [INFO], r1, {'battery-level': '99.55'}, battery_charge, None, None
10.05, [INFO], r1, {'y': 10.0, 'x': -38.0, 'yaw': -3.142}, pose, None, None
10.84, [INFO], r1, started skill, None, navto, None
20.03, [INFO], r1, {'y': 11.414, 'x': -37.152, 'yaw': -3.142}, pose, None, None
20.03, [INFO], r1, {'battery-level': '99.05'}, battery_charge, None, None
30.04, [INFO], r1, {'y': 13.521, 'x': -37.069, 'yaw': 3.142}, pose, None, None
30.04, [INFO], r1, {'battery-level': '98.55'}, battery_charge, None, None
40.09, [INFO], r1, {'y': 15.552, 'x': -36.915, 'yaw': 3.141}, pose, None, None
40.09, [INFO], r1, {'battery-level': '98.05'}, battery_charge, None, None
50.08, [INFO], r1, {'y': 15.492, 'x': -34.891, 'yaw': -3.141}, pose, None, None
50.08, [INFO], r1, {'battery-level': '97.55'}, battery_charge, None, None
60.07, [INFO], r1, {'battery-level': '97.05'}, battery_charge, None, None
60.07, [INFO], r1, {'y': 15.485, 'x': -32.775, 'yaw': -3.137}, pose, None, None
70.06, [INFO], r1, {'y': 15.594, 'x': -30.662, 'yaw': 3.141}, pose, None, None
70.06, [INFO], r1, {'battery-level': '96.55'}, battery_charge, None, None
80.05, [INFO], r1, {'battery-level': '96.05'}, battery_charge, None, None
80.05, [INFO], r1, {'y': 15.713, 'x': -28.61, 'yaw': 3.138}, pose, None, None
90.06, [INFO], r1, {'y': 15.73, 'x': -28.581, 'yaw': 3.142}, pose, None, None
90.06, [INFO], r1, {'battery-level': '95.55'}, battery_charge, None, None
100.07, [INFO], r1, {'y': 15.729, 'x': -28.581, 'yaw': 3.142}, pose, None, None
100.07, [INFO], r1, {'battery-level': '95.05'}, battery_charge, None, None
110.07, [INFO], r1, {'y': 15.729, 'x': -28.581, 'yaw': 3.142}, pose, None, None
110.07, [INFO], r1, {'battery-level': '94.55'}, battery_charge, None, None
120.07, [INFO], r1, {'y': 15.728, 'x': -28.581, 'yaw': -3.141}, pose, None, None
120.07, [INFO], r1, {'battery-level': '94.05'}, battery_charge, None, None
130.06, [INFO], r1, {'y': 16.699, 'x': -28.521, 'yaw': -3.142}, pose, None, None
130.06, [INFO], r1, {'battery-level': '93.55'}, battery_charge, None, None
140.03, [INFO], r1, {'y': 17.23, 'x': -28.215, 'yaw': -3.136}, pose, None, None
140.03, [INFO], r1, {'battery-level': '93.05'}, battery_charge, None, None
150.07, [INFO], r1, {'y': 16.99, 'x': -28.249, 'yaw': -3.141}, pose, None, None
150.07, [INFO], r1, {'battery-level': '92.55'}, battery_charge, None, None
160.09, [INFO], r1, {'y': 16.988, 'x': -28.253, 'yaw': 3.142}, pose, None, None
160.09, [INFO], r1, {'battery-level': '92.05'}, battery_charge, None, None
161.38, [WARN], r1, SKILL-FAILURE, None, navto, None
170.01, [INFO], r1, {'y': 16.988, 'x': -28.253, 'yaw': 3.142}, pose, None, None
170.01, [INFO], r1, {'battery-level': '91.55'}, battery_charge, None, None
