0.19, [DEBUG], logger, ROBOTS_CONFIG={'capabilities': ['approach_person', 'approach_robot', 'authenticate_person', 'navigation', 'operate_drawer'], 'battery_charge': 1, 'nurse_pose': [-27.23, 18.0, -1.57], 'robot_pose': [-38.0, 10.0, 0.0]}, None, None, None
0.19, [DEBUG], logger, Simulation open, None, None, None
10.03, [INFO], r1, {'y': 10.0, 'x': -38.0, 'yaw': -3.142}, pose, None, None
10.03, [INFO], r1, {'battery-level': '99.55'}, battery_charge, None, None
10.81, [INFO], r1, started skill, None, navto, None
20.01, [INFO], r1, {'battery-level': '99.05'}, battery_charge, None, None
20.01, [INFO], r1, {'y': 11.421, 'x': -37.198, 'yaw': 3.142}, pose, None, None
30.09, [INFO], r1, {'y': 13.565, 'x': -37.069, 'yaw': 3.142}, pose, None, None
30.09, [INFO], r1, {'battery-level': '98.55'}, battery_charge, None, None
40.07, [INFO], r1, {'y': 15.629, 'x': -36.832, 'yaw': -3.142}, pose, None, None
40.07, [INFO], r1, {'battery-level': '98.05'}, battery_charge, None, None
50.05, [INFO], r1, {'y': 15.473, 'x': -34.79, 'yaw': -3.141}, pose, None, None
50.05, [INFO], r1, {'battery-level': '97.55'}, battery_charge, None, None
60.03, [INFO], r1, {'y': 15.457, 'x': -32.665, 'yaw': -3.141}, pose, None, None
60.03, [INFO], r1, {'battery-level': '97.05'}, battery_charge, None, None
70.02, [INFO], r1, {'y': 15.565, 'x': -30.531, 'yaw': 3.142}, pose, None, None
70.02, [INFO], r1, {'battery-level': '96.55'}, battery_charge, None, None
80.03, [INFO], r1, {'y': 15.758, 'x': -28.393, 'yaw': 3.141}, pose, None, None
80.03, [INFO], r1, {'battery-level': '96.05'}, battery_charge, None, None
90.00, [INFO], r1, {'battery-level': '95.55'}, battery_charge, None, None
90.00, [INFO], r1, {'y': 17.08, 'x': -27.079, 'yaw': 3.139}, pose, None, None
100.09, [INFO], r1, {'battery-level': '95.05'}, battery_charge, None, None
100.09, [INFO], r1, {'y': 17.94, 'x': -27.212, 'yaw': 3.14}, pose, None, None
103.93, [INFO], r1, skill-success, None, navto, None
103.93, [INFO], r1, started skill, None, approach-nurse, None
103.93, [INFO], r1, sent message, None, None, None
103.93, [INFO], r1, skill-success, None, approach-nurse, None
103.93, [INFO], r1, started skill, None, authenticate-nurse, None
103.93, [INFO], r1, sent message, None, None, None
103.93, [INFO], r1, started skill, None, open-drawer, None
103.93, [INFO], r1, sent message, None, None, None
103.93, [INFO], r1, skill-success, None, open-drawer, None
103.93, [INFO], r1, started skill, None, deposit, None
103.93, [INFO], r1, sent message, None, None, None
103.93, [INFO], r1, skill-success, None, deposit, None
103.93, [INFO], r1, started skill, None, close-drawer, None
103.93, [INFO], r1, sent message, None, None, None
103.93, [INFO], r1, skill-success, None, close-drawer, None
103.93, [INFO], r1, started skill, None, navto, None
110.07, [INFO], r1, {'y': 16.721, 'x': -27.011, 'yaw': -3.142}, pose, None, None
110.07, [INFO], r1, {'battery-level': '94.55'}, battery_charge, None, None
120.07, [INFO], r1, {'y': 16.062, 'x': -28.593, 'yaw': 3.142}, pose, None, None
120.07, [INFO], r1, {'battery-level': '94.05'}, battery_charge, None, None
130.04, [INFO], r1, {'battery-level': '93.55'}, battery_charge, None, None
130.04, [INFO], r1, {'y': 15.955, 'x': -30.708, 'yaw': 3.141}, pose, None, None
140.02, [INFO], r1, {'y': 15.746, 'x': -32.819, 'yaw': 3.141}, pose, None, None
140.02, [INFO], r1, {'battery-level': '93.05'}, battery_charge, None, None
150.02, [INFO], r1, {'y': 15.47, 'x': -34.926, 'yaw': -3.141}, pose, None, None
150.02, [INFO], r1, {'battery-level': '92.55'}, battery_charge, None, None
160.09, [INFO], r1, {'y': 17.15, 'x': -36.096, 'yaw': -3.142}, pose, None, None
160.09, [INFO], r1, {'battery-level': '92.05'}, battery_charge, None, None
170.08, [INFO], r1, {'y': 19.257, 'x': -36.198, 'yaw': 3.136}, pose, None, None
170.08, [INFO], r1, {'battery-level': '91.55'}, battery_charge, None, None
180.06, [INFO], r1, {'battery-level': '91.05'}, battery_charge, None, None
180.06, [INFO], r1, {'y': 21.365, 'x': -36.245, 'yaw': 3.141}, pose, None, None
190.09, [INFO], r1, {'y': 23.479, 'x': -36.299, 'yaw': 3.141}, pose, None, None
190.09, [INFO], r1, {'battery-level': '90.55'}, battery_charge, None, None
200.10, [INFO], r1, {'y': 25.593, 'x': -36.24, 'yaw': 3.141}, pose, None, None
200.10, [INFO], r1, {'battery-level': '90.05'}, battery_charge, None, None
210.00, [INFO], r1, {'y': 27.693, 'x': -36.284, 'yaw': 3.142}, pose, None, None
210.00, [INFO], r1, {'battery-level': '89.55'}, battery_charge, None, None
220.01, [INFO], r1, {'battery-level': '89.05'}, battery_charge, None, None
220.01, [INFO], r1, {'y': 29.817, 'x': -36.373, 'yaw': -3.142}, pose, None, None
230.03, [INFO], r1, {'y': 31.931, 'x': -36.547, 'yaw': 3.141}, pose, None, None
230.03, [INFO], r1, {'battery-level': '88.55'}, battery_charge, None, None
240.05, [INFO], r1, {'y': 34.042, 'x': -36.854, 'yaw': -3.141}, pose, None, None
240.05, [INFO], r1, {'battery-level': '88.05'}, battery_charge, None, None
250.08, [INFO], r1, {'y': 35.986, 'x': -36.95, 'yaw': 3.142}, pose, None, None
250.08, [INFO], r1, {'battery-level': '87.55'}, battery_charge, None, None
255.95, [INFO], r1, skill-success, None, navto, None
255.95, [INFO], r1, started skill, None, approach-arm, None
255.95, [INFO], r1, sent message, None, None, None
255.95, [INFO], r1, skill-success, None, approach-arm, None
255.95, [INFO], r1, started skill, None, open-drawer, None
255.95, [INFO], r1, sent message, None, None, None
255.95, [INFO], r1, skill-success, None, open-drawer, None
255.95, [INFO], r1, started skill, None, pick-up-sample, None
255.95, [INFO], r1, sent message, None, None, None
255.95, [INFO], r1, skill-success, None, pick-up-sample, None
255.95, [INFO], r1, started skill, None, close-drawer, None
255.95, [INFO], r1, sent message, None, None, None
255.95, [INFO], r1, skill-success, None, close-drawer, None
255.95, [WARN], r1, SUCCESS, None, None, None
260.08, [INFO], r1, {'y': 36.073, 'x': -36.986, 'yaw': 3.142}, pose, None, None
260.08, [INFO], r1, {'battery-level': '87.05'}, battery_charge, None, None
