0.20, [DEBUG], logger, ROBOTS_CONFIG={'capabilities': ['approach_person', 'approach_robot', 'authenticate_person', 'navigation', 'operate_drawer'], 'battery_charge': 1, 'nurse_pose': [-21.0, 18.0, -1.57], 'robot_pose': [-38.0, 10.0, 0.0]}, None, None, None
0.20, [DEBUG], logger, Simulation open, None, None, None
10.03, [INFO], r1, {'y': 10.0, 'x': -38.0, 'yaw': -3.142}, pose, None, None
10.03, [INFO], r1, {'battery-level': '99.55'}, battery_charge, None, None
10.82, [INFO], r1, started skill, None, navto, None
20.01, [INFO], r1, {'y': 11.395, 'x': -37.151, 'yaw': 3.142}, pose, None, None
20.01, [INFO], r1, {'battery-level': '99.05'}, battery_charge, None, None
30.10, [INFO], r1, {'y': 13.531, 'x': -37.067, 'yaw': 3.142}, pose, None, None
30.10, [INFO], r1, {'battery-level': '98.55'}, battery_charge, None, None
40.09, [INFO], r1, {'y': 15.534, 'x': -36.89, 'yaw': 3.141}, pose, None, None
40.09, [INFO], r1, {'battery-level': '98.05'}, battery_charge, None, None
50.07, [INFO], r1, {'y': 15.52, 'x': -34.932, 'yaw': -3.141}, pose, None, None
50.07, [INFO], r1, {'battery-level': '97.55'}, battery_charge, None, None
60.05, [INFO], r1, {'y': 15.536, 'x': -32.816, 'yaw': -3.141}, pose, None, None
60.05, [INFO], r1, {'battery-level': '97.05'}, battery_charge, None, None
70.04, [INFO], r1, {'y': 15.555, 'x': -30.708, 'yaw': 3.14}, pose, None, None
70.04, [INFO], r1, {'battery-level': '96.55'}, battery_charge, None, None
80.05, [INFO], r1, {'y': 15.763, 'x': -28.604, 'yaw': 3.141}, pose, None, None
80.05, [INFO], r1, {'battery-level': '96.05'}, battery_charge, None, None
90.03, [INFO], r1, {'y': 15.934, 'x': -26.486, 'yaw': -3.141}, pose, None, None
90.03, [INFO], r1, {'battery-level': '95.55'}, battery_charge, None, None
100.02, [INFO], r1, {'y': 15.959, 'x': -24.369, 'yaw': -3.141}, pose, None, None
100.02, [INFO], r1, {'battery-level': '95.05'}, battery_charge, None, None
110.09, [INFO], r1, {'y': 16.127, 'x': -22.217, 'yaw': 3.141}, pose, None, None
110.09, [INFO], r1, {'battery-level': '94.55'}, battery_charge, None, None
120.10, [INFO], r1, {'y': 17.295, 'x': -20.815, 'yaw': 3.142}, pose, None, None
120.10, [INFO], r1, {'battery-level': '94.05'}, battery_charge, None, None
130.06, [INFO], r1, {'battery-level': '93.55'}, battery_charge, None, None
130.06, [INFO], r1, {'y': 17.992, 'x': -21.053, 'yaw': 3.141}, pose, None, None
134.30, [INFO], r1, skill-success, None, navto, None
134.30, [INFO], r1, started skill, None, approach-nurse, None
134.30, [INFO], r1, sent message, None, None, None
134.30, [INFO], r1, skill-success, None, approach-nurse, None
134.30, [INFO], r1, started skill, None, authenticate-nurse, None
134.30, [INFO], r1, started skill, None, open-drawer, None
134.30, [INFO], r1, sent message, None, None, None
134.30, [INFO], r1, skill-success, None, open-drawer, None
134.30, [INFO], r1, started skill, None, deposit, None
134.30, [INFO], r1, sent message, None, None, None
134.30, [INFO], r1, skill-success, None, deposit, None
134.30, [INFO], r1, started skill, None, close-drawer, None
134.30, [INFO], r1, sent message, None, None, None
134.30, [INFO], r1, skill-success, None, close-drawer, None
134.30, [INFO], r1, started skill, None, navto, None
140.02, [INFO], r1, {'y': 16.85, 'x': -21.079, 'yaw': -3.139}, pose, None, None
140.02, [INFO], r1, {'battery-level': '93.05'}, battery_charge, None, None
150.01, [INFO], r1, {'battery-level': '92.55'}, battery_charge, None, None
150.01, [INFO], r1, {'y': 16.223, 'x': -22.943, 'yaw': 3.142}, pose, None, None
160.10, [INFO], r1, {'y': 16.115, 'x': -25.065, 'yaw': 3.141}, pose, None, None
160.10, [INFO], r1, {'battery-level': '92.05'}, battery_charge, None, None
170.09, [INFO], r1, {'y': 15.951, 'x': -27.173, 'yaw': 3.138}, pose, None, None
170.09, [INFO], r1, {'battery-level': '91.55'}, battery_charge, None, None
180.05, [INFO], r1, {'y': 16.065, 'x': -29.277, 'yaw': -3.142}, pose, None, None
180.05, [INFO], r1, {'battery-level': '91.05'}, battery_charge, None, None
190.03, [INFO], r1, {'y': 15.983, 'x': -31.385, 'yaw': 3.142}, pose, None, None
190.03, [INFO], r1, {'battery-level': '90.55'}, battery_charge, None, None
200.05, [INFO], r1, {'battery-level': '90.05'}, battery_charge, None, None
200.05, [INFO], r1, {'y': 15.67, 'x': -33.488, 'yaw': -3.142}, pose, None, None
210.06, [INFO], r1, {'y': 15.902, 'x': -35.44, 'yaw': 3.142}, pose, None, None
210.06, [INFO], r1, {'battery-level': '89.55'}, battery_charge, None, None
220.06, [INFO], r1, {'y': 17.816, 'x': -36.101, 'yaw': 3.141}, pose, None, None
220.06, [INFO], r1, {'battery-level': '89.05'}, battery_charge, None, None
230.09, [INFO], r1, {'y': 19.929, 'x': -36.198, 'yaw': 3.142}, pose, None, None
230.09, [INFO], r1, {'battery-level': '88.55'}, battery_charge, None, None
240.09, [INFO], r1, {'y': 22.035, 'x': -36.321, 'yaw': 3.141}, pose, None, None
240.09, [INFO], r1, {'battery-level': '88.05'}, battery_charge, None, None
250.10, [INFO], r1, {'battery-level': '87.55'}, battery_charge, None, None
250.10, [INFO], r1, {'y': 24.138, 'x': -36.28, 'yaw': 3.141}, pose, None, None
260.01, [INFO], r1, {'y': 26.241, 'x': -36.258, 'yaw': 3.141}, pose, None, None
260.01, [INFO], r1, {'battery-level': '87.05'}, battery_charge, None, None
270.01, [INFO], r1, {'y': 28.357, 'x': -36.323, 'yaw': 3.142}, pose, None, None
270.01, [INFO], r1, {'battery-level': '86.55'}, battery_charge, None, None
280.03, [INFO], r1, {'y': 30.477, 'x': -36.407, 'yaw': -3.139}, pose, None, None
280.03, [INFO], r1, {'battery-level': '86.05'}, battery_charge, None, None
290.05, [INFO], r1, {'battery-level': '85.55'}, battery_charge, None, None
290.05, [INFO], r1, {'y': 32.597, 'x': -36.634, 'yaw': -3.142}, pose, None, None
300.07, [INFO], r1, {'y': 34.696, 'x': -36.855, 'yaw': 3.141}, pose, None, None
300.07, [INFO], r1, {'battery-level': '85.05'}, battery_charge, None, None
310.09, [INFO], r1, {'y': 36.093, 'x': -36.903, 'yaw': 3.141}, pose, None, None
310.09, [INFO], r1, {'battery-level': '84.55'}, battery_charge, None, None
314.55, [INFO], r1, skill-success, None, navto, None
314.55, [INFO], r1, started skill, None, approach-arm, None
314.55, [INFO], r1, sent message, None, None, None
314.55, [INFO], r1, skill-success, None, approach-arm, None
314.55, [INFO], r1, started skill, None, open-drawer, None
314.55, [INFO], r1, sent message, None, None, None
314.55, [INFO], r1, skill-success, None, open-drawer, None
314.55, [INFO], r1, started skill, None, pick-up-sample, None
314.55, [INFO], r1, sent message, None, None, None
314.55, [INFO], r1, skill-success, None, pick-up-sample, None
314.55, [INFO], r1, started skill, None, close-drawer, None
314.55, [INFO], r1, sent message, None, None, None
314.55, [INFO], r1, skill-success, None, close-drawer, None
314.55, [WARN], r1, SUCCESS, None, None, None
320.06, [INFO], r1, {'battery-level': '84.05'}, battery_charge, None, None
320.06, [INFO], r1, {'y': 36.109, 'x': -36.915, 'yaw': -3.142}, pose, None, None
