9.40, [INFO], r1, started skill, None, navto, None
10.07, [INFO], r1, {'y': 10.002, 'x': -37.917, 'yaw': 3.141}, pose, None, None
10.07, [INFO], r1, {'battery-level': '99.55'}, battery_charge, None, None
20.04, [INFO], r1, {'y': 11.692, 'x': -37.121, 'yaw': -3.142}, pose, None, None
20.04, [INFO], r1, {'battery-level': '99.05'}, battery_charge, None, None
30.01, [INFO], r1, {'battery-level': '98.55'}, battery_charge, None, None
30.01, [INFO], r1, {'y': 13.803, 'x': -37.03, 'yaw': -3.142}, pose, None, None
40.07, [INFO], r1, {'y': 15.753, 'x': -36.653, 'yaw': 3.141}, pose, None, None
40.07, [INFO], r1, {'battery-level': '98.05'}, battery_charge, None, None
50.08, [INFO], r1, {'y': 15.428, 'x': -34.553, 'yaw': -3.142}, pose, None, None
50.08, [INFO], r1, {'battery-level': '97.55'}, battery_charge, None, None
60.05, [INFO], r1, {'battery-level': '97.05'}, battery_charge, None, None
60.05, [INFO], r1, {'y': 15.527, 'x': -32.435, 'yaw': 3.142}, pose, None, None
70.05, [INFO], r1, {'y': 15.589, 'x': -30.319, 'yaw': 3.141}, pose, None, None
70.05, [INFO], r1, {'battery-level': '96.55'}, battery_charge, None, None
80.03, [INFO], r1, {'y': 15.778, 'x': -28.212, 'yaw': -3.142}, pose, None, None
80.03, [INFO], r1, {'battery-level': '96.05'}, battery_charge, None, None
90.04, [INFO], r1, {'y': 16.181, 'x': -26.113, 'yaw': -3.142}, pose, None, None
90.04, [INFO], r1, {'battery-level': '95.55'}, battery_charge, None, None
100.04, [INFO], r1, {'battery-level': '95.05'}, battery_charge, None, None
100.04, [INFO], r1, {'y': 16.142, 'x': -24.006, 'yaw': -3.141}, pose, None, None
110.02, [INFO], r1, {'y': 16.194, 'x': -21.902, 'yaw': -3.142}, pose, None, None
110.02, [INFO], r1, {'battery-level': '94.55'}, battery_charge, None, None
120.00, [INFO], r1, {'y': 17.484, 'x': -20.752, 'yaw': 3.142}, pose, None, None
120.00, [INFO], r1, {'battery-level': '94.05'}, battery_charge, None, None
130.09, [INFO], r1, {'y': 17.982, 'x': -20.98, 'yaw': -3.142}, pose, None, None
130.09, [INFO], r1, {'battery-level': '93.55'}, battery_charge, None, None
139.88, [INFO], r1, skill-success, None, navto, None
139.88, [INFO], r1, started skill, None, approach-nurse, None
139.88, [INFO], r1, sent message, None, None, None
139.88, [INFO], r1, started skill, None, open-drawer, None
139.88, [INFO], r1, sent message, None, None, None
139.88, [INFO], r1, skill-success, None, open-drawer, None
139.88, [INFO], r1, started skill, None, deposit, None
139.88, [INFO], r1, sent message, None, None, None
139.88, [INFO], r1, skill-success, None, deposit, None
139.88, [INFO], r1, started skill, None, close-drawer, None
139.88, [INFO], r1, sent message, None, None, None
139.88, [INFO], r1, skill-success, None, close-drawer, None
139.88, [INFO], r1, started skill, None, navto, None
140.08, [INFO], r1, {'y': 17.983, 'x': -21.127, 'yaw': 3.141}, pose, None, None
140.08, [INFO], r1, {'battery-level': '93.05'}, battery_charge, None, None
150.09, [INFO], r1, {'y': 16.297, 'x': -21.823, 'yaw': 3.142}, pose, None, None
150.09, [INFO], r1, {'battery-level': '92.55'}, battery_charge, None, None
160.08, [INFO], r1, {'battery-level': '92.05'}, battery_charge, None, None
160.08, [INFO], r1, {'y': 16.138, 'x': -23.936, 'yaw': 3.141}, pose, None, None
170.00, [INFO], r1, {'battery-level': '91.55'}, battery_charge, None, None
170.00, [INFO], r1, {'y': 16.095, 'x': -26.027, 'yaw': 3.141}, pose, None, None
180.07, [INFO], r1, {'y': 16.08, 'x': -28.164, 'yaw': -3.142}, pose, None, None
180.07, [INFO], r1, {'battery-level': '91.05'}, battery_charge, None, None
190.08, [INFO], r1, {'battery-level': '90.55'}, battery_charge, None, None
190.08, [INFO], r1, {'y': 16.074, 'x': -30.285, 'yaw': 3.142}, pose, None, None
200.02, [INFO], r1, {'y': 15.871, 'x': -32.39, 'yaw': 3.142}, pose, None, None
200.02, [INFO], r1, {'battery-level': '90.05'}, battery_charge, None, None
210.02, [INFO], r1, {'battery-level': '89.55'}, battery_charge, None, None
210.02, [INFO], r1, {'y': 15.422, 'x': -34.481, 'yaw': 3.141}, pose, None, None
220.02, [INFO], r1, {'battery-level': '89.05'}, battery_charge, None, None
220.02, [INFO], r1, {'y': 16.768, 'x': -36.013, 'yaw': 3.142}, pose, None, None
230.09, [INFO], r1, {'y': 18.885, 'x': -36.156, 'yaw': -3.139}, pose, None, None
230.09, [INFO], r1, {'battery-level': '88.55'}, battery_charge, None, None
240.06, [INFO], r1, {'y': 20.994, 'x': -36.199, 'yaw': 3.142}, pose, None, None
240.06, [INFO], r1, {'battery-level': '88.05'}, battery_charge, None, None
250.06, [INFO], r1, {'y': 23.113, 'x': -36.277, 'yaw': 3.14}, pose, None, None
250.06, [INFO], r1, {'battery-level': '87.55'}, battery_charge, None, None
260.05, [INFO], r1, {'battery-level': '87.05'}, battery_charge, None, None
260.05, [INFO], r1, {'y': 25.227, 'x': -36.297, 'yaw': 3.141}, pose, None, None
270.06, [INFO], r1, {'battery-level': '86.55'}, battery_charge, None, None
270.06, [INFO], r1, {'y': 27.342, 'x': -36.34, 'yaw': 3.14}, pose, None, None
280.10, [INFO], r1, {'battery-level': '86.05'}, battery_charge, None, None
280.10, [INFO], r1, {'y': 29.471, 'x': -36.404, 'yaw': 3.142}, pose, None, None
290.07, [INFO], r1, {'y': 31.58, 'x': -36.549, 'yaw': -3.142}, pose, None, None
290.07, [INFO], r1, {'battery-level': '85.55'}, battery_charge, None, None
300.01, [INFO], r1, {'y': 33.676, 'x': -36.824, 'yaw': 3.142}, pose, None, None
300.01, [INFO], r1, {'battery-level': '85.05'}, battery_charge, None, None
310.07, [INFO], r1, {'y': 35.808, 'x': -36.931, 'yaw': 3.141}, pose, None, None
310.07, [INFO], r1, {'battery-level': '84.55'}, battery_charge, None, None
319.57, [INFO], r1, skill-success, None, navto, None
319.57, [INFO], r1, started skill, None, approach-arm, None
319.57, [INFO], r1, sent message, None, None, None
319.57, [INFO], r1, skill-success, None, approach-arm, None
319.57, [INFO], r1, started skill, None, open-drawer, None
319.57, [INFO], r1, sent message, None, None, None
319.57, [INFO], r1, skill-success, None, open-drawer, None
319.57, [INFO], r1, started skill, None, pick-up-sample, None
319.57, [INFO], r1, sent message, None, None, None
319.57, [INFO], r1, skill-success, None, pick-up-sample, None
319.57, [INFO], r1, started skill, None, close-drawer, None
319.57, [INFO], r1, sent message, None, None, None
319.57, [INFO], r1, skill-success, None, close-drawer, None
319.57, [WARN], r1, SUCCESS, None, None, None
320.06, [INFO], r1, {'y': 36.142, 'x': -37.002, 'yaw': 3.141}, pose, None, None
320.06, [INFO], r1, {'battery-level': '84.05'}, battery_charge, None, None
