0.19, [DEBUG], logger, ROBOTS_CONFIG={'capabilities': ['approach_person', 'approach_robot', 'authenticate_person', 'navigation', 'operate_drawer'], 'battery_charge': 1, 'nurse_pose': [-19.0, 18.0, -1.57], 'robot_pose': [-38.0, 10.0, 0.0]}, None, None, None
0.19, [DEBUG], logger, Simulation open, None, None, None
10.07, [INFO], r1, {'y': 10.0, 'x': -38.0, 'yaw': -3.142}, pose, None, None
10.07, [INFO], r1, {'battery-level': '99.55'}, battery_charge, None, None
10.56, [INFO], r1, started skill, None, navto, None
20.07, [INFO], r1, {'y': 11.481, 'x': -37.146, 'yaw': -3.142}, pose, None, None
20.07, [INFO], r1, {'battery-level': '99.05'}, battery_charge, None, None
30.05, [INFO], r1, {'battery-level': '98.55'}, battery_charge, None, None
30.05, [INFO], r1, {'y': 13.594, 'x': -37.043, 'yaw': -3.142}, pose, None, None
40.05, [INFO], r1, {'y': 15.659, 'x': -36.885, 'yaw': -3.141}, pose, None, None
40.05, [INFO], r1, {'battery-level': '98.05'}, battery_charge, None, None
50.03, [INFO], r1, {'y': 15.569, 'x': -34.873, 'yaw': 3.14}, pose, None, None
50.03, [INFO], r1, {'battery-level': '97.55'}, battery_charge, None, None
60.03, [INFO], r1, {'y': 15.531, 'x': -32.748, 'yaw': 3.141}, pose, None, None
60.03, [INFO], r1, {'battery-level': '97.05'}, battery_charge, None, None
70.02, [INFO], r1, {'y': 15.602, 'x': -30.631, 'yaw': -3.141}, pose, None, None
70.02, [INFO], r1, {'battery-level': '96.55'}, battery_charge, None, None
80.00, [INFO], r1, {'battery-level': '96.05'}, battery_charge, None, None
80.00, [INFO], r1, {'y': 15.797, 'x': -28.526, 'yaw': -3.138}, pose, None, None
90.10, [INFO], r1, {'y': 15.977, 'x': -26.379, 'yaw': 3.141}, pose, None, None
90.10, [INFO], r1, {'battery-level': '95.55'}, battery_charge, None, None
100.08, [INFO], r1, {'y': 16.156, 'x': -24.265, 'yaw': -3.141}, pose, None, None
100.08, [INFO], r1, {'battery-level': '95.05'}, battery_charge, None, None
110.07, [INFO], r1, {'y': 16.123, 'x': -22.134, 'yaw': 3.142}, pose, None, None
110.07, [INFO], r1, {'battery-level': '94.55'}, battery_charge, None, None
120.07, [INFO], r1, {'y': 16.346, 'x': -20.013, 'yaw': 3.141}, pose, None, None
120.07, [INFO], r1, {'battery-level': '94.05'}, battery_charge, None, None
130.04, [INFO], r1, {'y': 17.893, 'x': -19.057, 'yaw': 3.142}, pose, None, None
130.04, [INFO], r1, {'battery-level': '93.55'}, battery_charge, None, None
137.46, [INFO], r1, skill-success, None, navto, None
137.46, [INFO], r1, started skill, None, approach-nurse, None
137.46, [INFO], r1, sent message, None, None, None
137.46, [INFO], r1, skill-success, None, approach-nurse, None
137.46, [INFO], r1, started skill, None, authenticate-nurse, None
137.46, [INFO], r1, sent message, None, None, None
137.46, [INFO], r1, started skill, None, open-drawer, None
137.46, [INFO], r1, sent message, None, None, None
137.46, [INFO], r1, skill-success, None, open-drawer, None
137.46, [INFO], r1, started skill, None, deposit, None
137.46, [INFO], r1, sent message, None, None, None
137.46, [INFO], r1, skill-success, None, deposit, None
137.46, [INFO], r1, started skill, None, close-drawer, None
137.46, [INFO], r1, sent message, None, None, None
137.46, [INFO], r1, skill-success, None, close-drawer, None
137.46, [INFO], r1, started skill, None, navto, None
140.03, [INFO], r1, {'y': 17.542, 'x': -19.171, 'yaw': 3.142}, pose, None, None
140.03, [INFO], r1, {'battery-level': '93.05'}, battery_charge, None, None
150.03, [INFO], r1, {'y': 16.33, 'x': -20.62, 'yaw': -3.142}, pose, None, None
150.03, [INFO], r1, {'battery-level': '92.55'}, battery_charge, None, None
160.02, [INFO], r1, {'battery-level': '92.05'}, battery_charge, None, None
160.02, [INFO], r1, {'y': 16.226, 'x': -22.731, 'yaw': 3.14}, pose, None, None
170.04, [INFO], r1, {'y': 16.115, 'x': -24.856, 'yaw': 3.14}, pose, None, None
170.04, [INFO], r1, {'battery-level': '91.55'}, battery_charge, None, None
180.03, [INFO], r1, {'battery-level': '91.05'}, battery_charge, None, None
180.03, [INFO], r1, {'y': 15.945, 'x': -26.955, 'yaw': -3.139}, pose, None, None
190.01, [INFO], r1, {'y': 16.0, 'x': -29.056, 'yaw': 3.142}, pose, None, None
190.01, [INFO], r1, {'battery-level': '90.55'}, battery_charge, None, None
200.01, [INFO], r1, {'y': 15.949, 'x': -31.163, 'yaw': -3.141}, pose, None, None
200.01, [INFO], r1, {'battery-level': '90.05'}, battery_charge, None, None
210.02, [INFO], r1, {'battery-level': '89.55'}, battery_charge, None, None
210.02, [INFO], r1, {'y': 15.69, 'x': -33.274, 'yaw': 3.139}, pose, None, None
220.01, [INFO], r1, {'y': 15.693, 'x': -35.286, 'yaw': 3.142}, pose, None, None
220.01, [INFO], r1, {'battery-level': '89.05'}, battery_charge, None, None
230.01, [INFO], r1, {'y': 17.566, 'x': -36.086, 'yaw': -3.142}, pose, None, None
230.01, [INFO], r1, {'battery-level': '88.55'}, battery_charge, None, None
240.01, [INFO], r1, {'y': 19.671, 'x': -36.197, 'yaw': 3.141}, pose, None, None
240.01, [INFO], r1, {'battery-level': '88.05'}, battery_charge, None, None
250.09, [INFO], r1, {'battery-level': '87.55'}, battery_charge, None, None
250.09, [INFO], r1, {'y': 21.794, 'x': -36.279, 'yaw': -3.142}, pose, None, None
260.06, [INFO], r1, {'y': 23.893, 'x': -36.327, 'yaw': -3.142}, pose, None, None
260.06, [INFO], r1, {'battery-level': '87.05'}, battery_charge, None, None
270.07, [INFO], r1, {'y': 26.014, 'x': -36.325, 'yaw': -3.142}, pose, None, None
270.07, [INFO], r1, {'battery-level': '86.55'}, battery_charge, None, None
280.09, [INFO], r1, {'y': 28.113, 'x': -36.35, 'yaw': -3.142}, pose, None, None
280.09, [INFO], r1, {'battery-level': '86.05'}, battery_charge, None, None
290.00, [INFO], r1, {'y': 30.212, 'x': -36.403, 'yaw': 3.142}, pose, None, None
290.00, [INFO], r1, {'battery-level': '85.55'}, battery_charge, None, None
300.02, [INFO], r1, {'battery-level': '85.05'}, battery_charge, None, None
300.02, [INFO], r1, {'y': 32.343, 'x': -36.579, 'yaw': 3.142}, pose, None, None
310.04, [INFO], r1, {'y': 34.437, 'x': -36.961, 'yaw': 3.142}, pose, None, None
310.04, [INFO], r1, {'battery-level': '84.55'}, battery_charge, None, None
320.05, [INFO], r1, {'y': 36.075, 'x': -36.93, 'yaw': 3.14}, pose, None, None
320.05, [INFO], r1, {'battery-level': '84.05'}, battery_charge, None, None
325.21, [INFO], r1, skill-success, None, navto, None
325.21, [INFO], r1, started skill, None, approach-arm, None
325.21, [INFO], r1, sent message, None, None, None
325.31, [INFO], r1, skill-success, None, approach-arm, None
325.31, [INFO], r1, started skill, None, open-drawer, None
325.31, [INFO], r1, sent message, None, None, None
325.31, [INFO], r1, skill-success, None, open-drawer, None
325.31, [INFO], r1, started skill, None, pick-up-sample, None
325.31, [INFO], r1, sent message, None, None, None
325.31, [INFO], r1, skill-success, None, pick-up-sample, None
325.31, [INFO], r1, started skill, None, close-drawer, None
325.31, [INFO], r1, sent message, None, None, None
325.31, [INFO], r1, skill-success, None, close-drawer, None
325.31, [WARN], r1, SUCCESS, None, None, None
330.04, [INFO], r1, {'y': 36.081, 'x': -36.937, 'yaw': -3.142}, pose, None, None
330.04, [INFO], r1, {'battery-level': '83.55'}, battery_charge, None, None
