9.92, [INFO], r1, started skill, None, navto, None
10.02, [INFO], r1, {'y': 10.0, 'x': -38.0, 'yaw': 3.142}, pose, None, None
10.02, [INFO], r1, {'battery-level': '99.60'}, battery_charge, None, None
20.02, [INFO], r1, {'y': 11.564, 'x': -37.138, 'yaw': 3.142}, pose, None, None
20.02, [INFO], r1, {'battery-level': '99.10'}, battery_charge, None, None
30.09, [INFO], r1, {'y': 13.693, 'x': -37.006, 'yaw': 3.142}, pose, None, None
30.09, [INFO], r1, {'battery-level': '98.60'}, battery_charge, None, None
40.03, [INFO], r1, {'y': 15.738, 'x': -36.739, 'yaw': -3.142}, pose, None, None
40.03, [INFO], r1, {'battery-level': '98.10'}, battery_charge, None, None
50.01, [INFO], r1, {'y': 15.5, 'x': -34.646, 'yaw': -3.141}, pose, None, None
50.01, [INFO], r1, {'battery-level': '97.60'}, battery_charge, None, None
60.04, [INFO], r1, {'battery-level': '97.10'}, battery_charge, None, None
60.04, [INFO], r1, {'y': 15.461, 'x': -32.529, 'yaw': 3.141}, pose, None, None
70.03, [INFO], r1, {'y': 15.571, 'x': -30.414, 'yaw': 3.141}, pose, None, None
70.03, [INFO], r1, {'battery-level': '96.60'}, battery_charge, None, None
80.02, [INFO], r1, {'battery-level': '96.10'}, battery_charge, None, None
80.02, [INFO], r1, {'y': 15.756, 'x': -28.322, 'yaw': 3.142}, pose, None, None
90.01, [INFO], r1, {'y': 15.988, 'x': -26.221, 'yaw': 3.142}, pose, None, None
90.01, [INFO], r1, {'battery-level': '95.60'}, battery_charge, None, None
100.00, [INFO], r1, {'y': 15.937, 'x': -24.109, 'yaw': 3.14}, pose, None, None
100.00, [INFO], r1, {'battery-level': '95.10'}, battery_charge, None, None
110.09, [INFO], r1, {'y': 16.022, 'x': -21.975, 'yaw': 3.142}, pose, None, None
110.09, [INFO], r1, {'battery-level': '94.60'}, battery_charge, None, None
120.07, [INFO], r1, {'y': 16.382, 'x': -19.873, 'yaw': 3.141}, pose, None, None
120.07, [INFO], r1, {'battery-level': '94.10'}, battery_charge, None, None
130.03, [INFO], r1, {'y': 17.852, 'x': -18.99, 'yaw': 3.142}, pose, None, None
130.03, [INFO], r1, {'battery-level': '93.60'}, battery_charge, None, None
140.09, [INFO], r1, {'y': 18.039, 'x': -18.984, 'yaw': -3.142}, pose, None, None
140.09, [INFO], r1, {'battery-level': '93.10'}, battery_charge, None, None
142.87, [INFO], r1, skill-success, None, navto, None
142.87, [INFO], r1, started skill, None, approach-nurse, None
142.87, [INFO], r1, sent message, None, None, None
142.87, [INFO], r1, skill-success, None, approach-nurse, None
142.87, [INFO], r1, started skill, None, open-drawer, None
142.87, [INFO], r1, sent message, None, None, None
142.87, [INFO], r1, skill-success, None, open-drawer, None
142.87, [INFO], r1, started skill, None, deposit, None
142.87, [INFO], r1, sent message, None, None, None
142.87, [INFO], r1, skill-success, None, deposit, None
142.87, [INFO], r1, started skill, None, close-drawer, None
142.87, [INFO], r1, sent message, None, None, None
142.87, [INFO], r1, skill-success, None, close-drawer, None
142.87, [INFO], r1, started skill, None, navto, None
150.05, [INFO], r1, {'battery-level': '92.60'}, battery_charge, None, None
150.05, [INFO], r1, {'y': 16.712, 'x': -19.604, 'yaw': -3.141}, pose, None, None
160.05, [INFO], r1, {'y': 16.296, 'x': -21.601, 'yaw': 3.142}, pose, None, None
160.05, [INFO], r1, {'battery-level': '92.10'}, battery_charge, None, None
170.03, [INFO], r1, {'y': 16.16, 'x': -23.719, 'yaw': 3.141}, pose, None, None
170.03, [INFO], r1, {'battery-level': '91.60'}, battery_charge, None, None
180.01, [INFO], r1, {'y': 16.091, 'x': -25.828, 'yaw': 3.141}, pose, None, None
180.01, [INFO], r1, {'battery-level': '91.10'}, battery_charge, None, None
190.09, [INFO], r1, {'battery-level': '90.60'}, battery_charge, None, None
190.09, [INFO], r1, {'y': 16.02, 'x': -27.972, 'yaw': 3.138}, pose, None, None
200.02, [INFO], r1, {'y': 16.027, 'x': -30.065, 'yaw': -3.142}, pose, None, None
200.02, [INFO], r1, {'battery-level': '90.10'}, battery_charge, None, None
210.03, [INFO], r1, {'y': 15.83, 'x': -32.165, 'yaw': 3.141}, pose, None, None
210.03, [INFO], r1, {'battery-level': '89.60'}, battery_charge, None, None
220.08, [INFO], r1, {'y': 15.464, 'x': -34.28, 'yaw': 3.141}, pose, None, None
220.08, [INFO], r1, {'battery-level': '89.10'}, battery_charge, None, None
230.05, [INFO], r1, {'y': 16.522, 'x': -35.992, 'yaw': 3.142}, pose, None, None
230.05, [INFO], r1, {'battery-level': '88.60'}, battery_charge, None, None
240.08, [INFO], r1, {'y': 18.626, 'x': -36.102, 'yaw': -3.142}, pose, None, None
240.08, [INFO], r1, {'battery-level': '88.10'}, battery_charge, None, None
250.06, [INFO], r1, {'battery-level': '87.60'}, battery_charge, None, None
250.06, [INFO], r1, {'y': 20.728, 'x': -36.233, 'yaw': 3.142}, pose, None, None
260.05, [INFO], r1, {'y': 22.841, 'x': -36.263, 'yaw': -3.142}, pose, None, None
260.05, [INFO], r1, {'battery-level': '87.10'}, battery_charge, None, None
270.05, [INFO], r1, {'y': 24.963, 'x': -36.213, 'yaw': -3.142}, pose, None, None
270.05, [INFO], r1, {'battery-level': '86.60'}, battery_charge, None, None
280.04, [INFO], r1, {'y': 27.073, 'x': -36.246, 'yaw': -3.142}, pose, None, None
280.04, [INFO], r1, {'battery-level': '86.10'}, battery_charge, None, None
290.06, [INFO], r1, {'y': 29.187, 'x': -36.304, 'yaw': -3.141}, pose, None, None
290.06, [INFO], r1, {'battery-level': '85.60'}, battery_charge, None, None
300.05, [INFO], r1, {'battery-level': '85.10'}, battery_charge, None, None
300.05, [INFO], r1, {'y': 31.296, 'x': -36.454, 'yaw': 3.142}, pose, None, None
310.05, [INFO], r1, {'battery-level': '84.60'}, battery_charge, None, None
310.05, [INFO], r1, {'y': 33.4, 'x': -36.79, 'yaw': 3.141}, pose, None, None
320.09, [INFO], r1, {'y': 35.507, 'x': -36.908, 'yaw': -3.14}, pose, None, None
320.09, [INFO], r1, {'battery-level': '84.10'}, battery_charge, None, None
330.03, [INFO], r1, {'y': 36.053, 'x': -36.958, 'yaw': 3.142}, pose, None, None
330.03, [INFO], r1, {'battery-level': '83.60'}, battery_charge, None, None
330.23, [INFO], r1, skill-success, None, navto, None
330.23, [INFO], r1, started skill, None, approach-arm, None
330.23, [INFO], r1, sent message, None, None, None
330.23, [INFO], r1, started skill, None, open-drawer, None
330.23, [INFO], r1, sent message, None, None, None
330.23, [INFO], r1, skill-success, None, open-drawer, None
330.23, [INFO], r1, started skill, None, pick-up-sample, None
330.23, [INFO], r1, sent message, None, None, None
330.23, [INFO], r1, skill-success, None, pick-up-sample, None
330.23, [INFO], r1, started skill, None, close-drawer, None
330.23, [INFO], r1, sent message, None, None, None
330.23, [INFO], r1, skill-success, None, close-drawer, None
330.23, [WARN], r1, SUCCESS, None, None, None
