9.37, [INFO], r1, started skill, None, navto, None
10.05, [INFO], r1, {'battery-level': '99.55'}, battery_charge, None, None
10.05, [INFO], r1, {'y': 10.001, 'x': -37.925, 'yaw': 3.141}, pose, None, None
20.08, [INFO], r1, {'y': 11.678, 'x': -37.104, 'yaw': -3.142}, pose, None, None
20.08, [INFO], r1, {'battery-level': '99.05'}, battery_charge, None, None
30.01, [INFO], r1, {'y': 13.766, 'x': -37.032, 'yaw': -3.142}, pose, None, None
30.01, [INFO], r1, {'battery-level': '98.55'}, battery_charge, None, None
40.07, [INFO], r1, {'y': 15.749, 'x': -36.65, 'yaw': -3.142}, pose, None, None
40.07, [INFO], r1, {'battery-level': '98.05'}, battery_charge, None, None
50.09, [INFO], r1, {'y': 15.418, 'x': -34.533, 'yaw': -3.141}, pose, None, None
50.09, [INFO], r1, {'battery-level': '97.55'}, battery_charge, None, None
60.01, [INFO], r1, {'y': 15.509, 'x': -32.434, 'yaw': -3.142}, pose, None, None
60.01, [INFO], r1, {'battery-level': '97.05'}, battery_charge, None, None
70.10, [INFO], r1, {'y': 15.513, 'x': -30.29, 'yaw': 3.142}, pose, None, None
70.10, [INFO], r1, {'battery-level': '96.55'}, battery_charge, None, None
80.03, [INFO], r1, {'y': 15.764, 'x': -28.196, 'yaw': 3.142}, pose, None, None
80.03, [INFO], r1, {'battery-level': '96.05'}, battery_charge, None, None
90.01, [INFO], r1, {'y': 15.999, 'x': -26.101, 'yaw': 3.139}, pose, None, None
90.01, [INFO], r1, {'battery-level': '95.55'}, battery_charge, None, None
100.02, [INFO], r1, {'battery-level': '95.05'}, battery_charge, None, None
100.02, [INFO], r1, {'y': 15.964, 'x': -23.979, 'yaw': -3.141}, pose, None, None
110.00, [INFO], r1, {'y': 16.034, 'x': -21.865, 'yaw': 3.142}, pose, None, None
110.00, [INFO], r1, {'battery-level': '94.55'}, battery_charge, None, None
120.01, [INFO], r1, {'y': 16.44, 'x': -19.76, 'yaw': -3.141}, pose, None, None
120.01, [INFO], r1, {'battery-level': '94.05'}, battery_charge, None, None
130.09, [INFO], r1, {'battery-level': '93.55'}, battery_charge, None, None
130.09, [INFO], r1, {'y': 17.913, 'x': -19.013, 'yaw': -3.142}, pose, None, None
140.06, [INFO], r1, {'battery-level': '93.05'}, battery_charge, None, None
140.06, [INFO], r1, {'y': 17.99, 'x': -18.956, 'yaw': 3.142}, pose, None, None
148.78, [INFO], r1, skill-success, None, navto, None
148.78, [INFO], r1, started skill, None, approach-nurse, None
148.78, [INFO], r1, sent message, None, None, None
148.78, [INFO], r1, skill-success, None, approach-nurse, None
148.78, [INFO], r1, started skill, None, authenticate-nurse, None
148.78, [INFO], r1, sent message, None, None, None
148.78, [INFO], r1, started skill, None, open-drawer, None
148.78, [INFO], r1, sent message, None, None, None
148.78, [INFO], r1, skill-success, None, open-drawer, None
148.78, [INFO], r1, started skill, None, deposit, None
148.78, [INFO], r1, sent message, None, None, None
148.78, [INFO], r1, skill-success, None, deposit, None
148.78, [INFO], r1, started skill, None, close-drawer, None
148.78, [INFO], r1, sent message, None, None, None
148.78, [INFO], r1, skill-success, None, close-drawer, None
148.78, [INFO], r1, started skill, None, navto, None
150.01, [INFO], r1, {'y': 17.751, 'x': -19.109, 'yaw': 3.142}, pose, None, None
150.01, [INFO], r1, {'battery-level': '92.55'}, battery_charge, None, None
160.07, [INFO], r1, {'battery-level': '92.05'}, battery_charge, None, None
160.07, [INFO], r1, {'y': 16.333, 'x': -20.437, 'yaw': -3.142}, pose, None, None
170.05, [INFO], r1, {'battery-level': '91.55'}, battery_charge, None, None
170.05, [INFO], r1, {'y': 16.272, 'x': -22.543, 'yaw': 3.142}, pose, None, None
180.06, [INFO], r1, {'battery-level': '91.05'}, battery_charge, None, None
180.06, [INFO], r1, {'y': 16.135, 'x': -24.656, 'yaw': 3.14}, pose, None, None
190.03, [INFO], r1, {'y': 15.999, 'x': -26.756, 'yaw': 3.141}, pose, None, None
190.03, [INFO], r1, {'battery-level': '90.55'}, battery_charge, None, None
200.01, [INFO], r1, {'battery-level': '90.05'}, battery_charge, None, None
200.01, [INFO], r1, {'y': 16.027, 'x': -28.85, 'yaw': -3.138}, pose, None, None
210.09, [INFO], r1, {'y': 15.945, 'x': -30.977, 'yaw': 3.141}, pose, None, None
210.09, [INFO], r1, {'battery-level': '89.55'}, battery_charge, None, None
220.03, [INFO], r1, {'y': 15.743, 'x': -33.088, 'yaw': 3.142}, pose, None, None
220.03, [INFO], r1, {'battery-level': '89.05'}, battery_charge, None, None
230.09, [INFO], r1, {'y': 15.58, 'x': -35.169, 'yaw': -3.142}, pose, None, None
230.09, [INFO], r1, {'battery-level': '88.55'}, battery_charge, None, None
240.00, [INFO], r1, {'y': 17.349, 'x': -36.142, 'yaw': 3.142}, pose, None, None
240.00, [INFO], r1, {'battery-level': '88.05'}, battery_charge, None, None
250.01, [INFO], r1, {'y': 19.465, 'x': -36.195, 'yaw': 3.142}, pose, None, None
250.01, [INFO], r1, {'battery-level': '87.55'}, battery_charge, None, None
260.03, [INFO], r1, {'y': 21.577, 'x': -36.22, 'yaw': 3.141}, pose, None, None
260.03, [INFO], r1, {'battery-level': '87.05'}, battery_charge, None, None
270.02, [INFO], r1, {'y': 23.694, 'x': -36.329, 'yaw': 3.14}, pose, None, None
270.02, [INFO], r1, {'battery-level': '86.55'}, battery_charge, None, None
280.07, [INFO], r1, {'battery-level': '86.05'}, battery_charge, None, None
280.07, [INFO], r1, {'y': 25.822, 'x': -36.262, 'yaw': 3.14}, pose, None, None
290.03, [INFO], r1, {'y': 27.927, 'x': -36.348, 'yaw': 3.141}, pose, None, None
290.03, [INFO], r1, {'battery-level': '85.55'}, battery_charge, None, None
300.06, [INFO], r1, {'y': 30.058, 'x': -36.426, 'yaw': 3.142}, pose, None, None
300.06, [INFO], r1, {'battery-level': '85.05'}, battery_charge, None, None
310.03, [INFO], r1, {'battery-level': '84.55'}, battery_charge, None, None
310.03, [INFO], r1, {'y': 32.16, 'x': -36.591, 'yaw': 3.142}, pose, None, None
320.01, [INFO], r1, {'y': 34.268, 'x': -36.91, 'yaw': 3.141}, pose, None, None
320.01, [INFO], r1, {'battery-level': '84.05'}, battery_charge, None, None
330.08, [INFO], r1, {'y': 35.999, 'x': -36.902, 'yaw': 3.142}, pose, None, None
330.08, [INFO], r1, {'battery-level': '83.55'}, battery_charge, None, None
340.01, [INFO], r1, {'y': 36.149, 'x': -37.0, 'yaw': 3.141}, pose, None, None
340.01, [INFO], r1, {'battery-level': '83.05'}, battery_charge, None, None
350.09, [INFO], r1, {'y': 36.083, 'x': -36.982, 'yaw': -3.141}, pose, None, None
350.09, [INFO], r1, {'battery-level': '82.55'}, battery_charge, None, None
354.57, [INFO], r1, skill-success, None, navto, None
354.57, [INFO], r1, started skill, None, approach-arm, None
354.57, [WARN], r1, SKILL-FAILURE, None, approach-arm, None
360.04, [INFO], r1, {'y': 36.082, 'x': -36.984, 'yaw': -3.142}, pose, None, None
360.04, [INFO], r1, {'battery-level': '82.05'}, battery_charge, None, None
