9.75, [INFO], r1, started skill, None, navto, None
10.05, [INFO], r1, {'y': 10.0, 'x': -37.996, 'yaw': 3.142}, pose, None, None
10.05, [INFO], r1, {'battery-level': '99.60'}, battery_charge, None, None
20.09, [INFO], r1, {'y': 11.608, 'x': -37.099, 'yaw': 3.142}, pose, None, None
20.09, [INFO], r1, {'battery-level': '99.10'}, battery_charge, None, None
30.08, [INFO], r1, {'y': 13.713, 'x': -36.97, 'yaw': 3.142}, pose, None, None
30.08, [INFO], r1, {'battery-level': '98.60'}, battery_charge, None, None
40.07, [INFO], r1, {'y': 15.752, 'x': -36.744, 'yaw': -3.142}, pose, None, None
40.07, [INFO], r1, {'battery-level': '98.10'}, battery_charge, None, None
50.01, [INFO], r1, {'y': 15.477, 'x': -34.692, 'yaw': 3.142}, pose, None, None
50.01, [INFO], r1, {'battery-level': '97.60'}, battery_charge, None, None
60.00, [INFO], r1, {'y': 15.526, 'x': -32.582, 'yaw': 3.142}, pose, None, None
60.00, [INFO], r1, {'battery-level': '97.10'}, battery_charge, None, None
70.02, [INFO], r1, {'battery-level': '96.60'}, battery_charge, None, None
70.02, [INFO], r1, {'y': 15.55, 'x': -30.463, 'yaw': -3.141}, pose, None, None
80.05, [INFO], r1, {'y': 15.798, 'x': -28.343, 'yaw': 3.142}, pose, None, None
80.05, [INFO], r1, {'battery-level': '96.10'}, battery_charge, None, None
90.08, [INFO], r1, {'y': 16.046, 'x': -26.236, 'yaw': -3.142}, pose, None, None
90.08, [INFO], r1, {'battery-level': '95.60'}, battery_charge, None, None
100.07, [INFO], r1, {'battery-level': '95.10'}, battery_charge, None, None
100.07, [INFO], r1, {'y': 16.162, 'x': -24.128, 'yaw': 3.141}, pose, None, None
110.07, [INFO], r1, {'y': 16.157, 'x': -22.016, 'yaw': 3.142}, pose, None, None
110.07, [INFO], r1, {'battery-level': '94.60'}, battery_charge, None, None
120.09, [INFO], r1, {'y': 16.262, 'x': -19.902, 'yaw': 3.141}, pose, None, None
120.09, [INFO], r1, {'battery-level': '94.10'}, battery_charge, None, None
130.06, [INFO], r1, {'y': 16.193, 'x': -17.801, 'yaw': 3.142}, pose, None, None
130.06, [INFO], r1, {'battery-level': '93.60'}, battery_charge, None, None
140.10, [INFO], r1, {'y': 16.083, 'x': -15.679, 'yaw': 3.142}, pose, None, None
140.10, [INFO], r1, {'battery-level': '93.10'}, battery_charge, None, None
150.04, [INFO], r1, {'y': 16.542, 'x': -13.662, 'yaw': 3.141}, pose, None, None
150.04, [INFO], r1, {'battery-level': '92.60'}, battery_charge, None, None
160.10, [INFO], r1, {'battery-level': '92.10'}, battery_charge, None, None
160.10, [INFO], r1, {'y': 17.892, 'x': -13.655, 'yaw': 3.142}, pose, None, None
170.08, [INFO], r1, {'y': 17.937, 'x': -13.69, 'yaw': 3.142}, pose, None, None
170.08, [INFO], r1, {'battery-level': '91.60'}, battery_charge, None, None
171.35, [INFO], r1, skill-success, None, navto, None
171.35, [INFO], r1, started skill, None, approach-nurse, None
171.35, [INFO], r1, sent message, None, None, None
171.35, [INFO], r1, skill-success, None, approach-nurse, None
171.35, [INFO], r1, started skill, None, authenticate-nurse, None
171.35, [INFO], r1, sent message, None, None, None
171.35, [INFO], r1, skill-success, None, authenticate-nurse, None
171.35, [INFO], r1, started skill, None, open-drawer, None
171.35, [INFO], r1, sent message, None, None, None
171.35, [INFO], r1, skill-success, None, open-drawer, None
171.35, [INFO], r1, started skill, None, deposit, None
171.35, [INFO], r1, sent message, None, None, None
171.35, [INFO], r1, skill-success, None, deposit, None
171.35, [INFO], r1, started skill, None, close-drawer, None
171.35, [INFO], r1, sent message, None, None, None
171.35, [INFO], r1, skill-success, None, close-drawer, None
171.35, [INFO], r1, started skill, None, navto, None
180.03, [INFO], r1, {'battery-level': '91.10'}, battery_charge, None, None
180.03, [INFO], r1, {'y': 16.35, 'x': -14.198, 'yaw': 3.138}, pose, None, None
190.08, [INFO], r1, {'y': 16.183, 'x': -16.314, 'yaw': 3.142}, pose, None, None
190.08, [INFO], r1, {'battery-level': '90.60'}, battery_charge, None, None
200.01, [INFO], r1, {'y': 16.182, 'x': -18.414, 'yaw': 3.138}, pose, None, None
200.01, [INFO], r1, {'battery-level': '90.10'}, battery_charge, None, None
210.01, [INFO], r1, {'battery-level': '89.60'}, battery_charge, None, None
210.01, [INFO], r1, {'y': 16.32, 'x': -20.53, 'yaw': 3.142}, pose, None, None
220.03, [INFO], r1, {'battery-level': '89.10'}, battery_charge, None, None
220.03, [INFO], r1, {'y': 16.183, 'x': -22.661, 'yaw': 3.141}, pose, None, None
230.06, [INFO], r1, {'battery-level': '88.60'}, battery_charge, None, None
230.06, [INFO], r1, {'y': 16.176, 'x': -24.773, 'yaw': 3.141}, pose, None, None
240.09, [INFO], r1, {'y': 15.99, 'x': -26.88, 'yaw': 3.142}, pose, None, None
240.09, [INFO], r1, {'battery-level': '88.10'}, battery_charge, None, None
250.06, [INFO], r1, {'y': 15.948, 'x': -28.978, 'yaw': 3.142}, pose, None, None
250.06, [INFO], r1, {'battery-level': '87.60'}, battery_charge, None, None
260.08, [INFO], r1, {'battery-level': '87.10'}, battery_charge, None, None
260.08, [INFO], r1, {'y': 15.869, 'x': -31.106, 'yaw': 3.14}, pose, None, None
270.04, [INFO], r1, {'y': 15.719, 'x': -33.202, 'yaw': 3.14}, pose, None, None
270.04, [INFO], r1, {'battery-level': '86.60'}, battery_charge, None, None
280.05, [INFO], r1, {'battery-level': '86.10'}, battery_charge, None, None
280.05, [INFO], r1, {'y': 15.743, 'x': -35.271, 'yaw': 3.141}, pose, None, None
290.02, [INFO], r1, {'y': 17.613, 'x': -36.092, 'yaw': -3.142}, pose, None, None
290.02, [INFO], r1, {'battery-level': '85.60'}, battery_charge, None, None
300.05, [INFO], r1, {'y': 19.738, 'x': -36.218, 'yaw': 3.141}, pose, None, None
300.05, [INFO], r1, {'battery-level': '85.10'}, battery_charge, None, None
310.05, [INFO], r1, {'y': 21.852, 'x': -36.256, 'yaw': 3.14}, pose, None, None
310.05, [INFO], r1, {'battery-level': '84.60'}, battery_charge, None, None
320.07, [INFO], r1, {'y': 23.971, 'x': -36.324, 'yaw': 3.141}, pose, None, None
320.07, [INFO], r1, {'battery-level': '84.10'}, battery_charge, None, None
330.07, [INFO], r1, {'y': 26.079, 'x': -36.265, 'yaw': 3.141}, pose, None, None
330.07, [INFO], r1, {'battery-level': '83.60'}, battery_charge, None, None
340.06, [INFO], r1, {'y': 28.192, 'x': -36.338, 'yaw': 3.14}, pose, None, None
340.06, [INFO], r1, {'battery-level': '83.10'}, battery_charge, None, None
350.08, [INFO], r1, {'y': 30.303, 'x': -36.423, 'yaw': -3.139}, pose, None, None
350.08, [INFO], r1, {'battery-level': '82.60'}, battery_charge, None, None
360.01, [INFO], r1, {'battery-level': '82.10'}, battery_charge, None, None
360.01, [INFO], r1, {'y': 32.4, 'x': -36.592, 'yaw': 3.141}, pose, None, None
370.10, [INFO], r1, {'y': 34.532, 'x': -36.802, 'yaw': 3.142}, pose, None, None
370.10, [INFO], r1, {'battery-level': '81.60'}, battery_charge, None, None
380.02, [INFO], r1, {'y': 35.985, 'x': -36.943, 'yaw': 3.141}, pose, None, None
380.02, [INFO], r1, {'battery-level': '81.10'}, battery_charge, None, None
385.71, [INFO], r1, skill-success, None, navto, None
385.71, [INFO], r1, started skill, None, approach-arm, None
385.71, [INFO], r1, sent message, None, None, None
385.71, [INFO], r1, skill-success, None, approach-arm, None
385.71, [INFO], r1, started skill, None, open-drawer, None
385.71, [INFO], r1, sent message, None, None, None
385.71, [INFO], r1, skill-success, None, open-drawer, None
385.71, [INFO], r1, started skill, None, pick-up-sample, None
385.71, [INFO], r1, sent message, None, None, None
385.71, [INFO], r1, skill-success, None, pick-up-sample, None
385.71, [INFO], r1, started skill, None, close-drawer, None
385.71, [INFO], r1, sent message, None, None, None
385.71, [INFO], r1, skill-success, None, close-drawer, None
385.71, [WARN], r1, SUCCESS, None, None, None
390.08, [INFO], r1, {'y': 35.994, 'x': -36.949, 'yaw': 3.142}, pose, None, None
390.08, [INFO], r1, {'battery-level': '80.60'}, battery_charge, None, None
