10.05, [INFO], r1, {'y': 10.0, 'x': -38.0, 'yaw': -3.142}, pose, None, None
10.05, [INFO], r1, {'battery-level': '99.60'}, battery_charge, None, None
10.25, [INFO], r1, started skill, None, navto, None
20.02, [INFO], r1, {'battery-level': '99.10'}, battery_charge, None, None
20.02, [INFO], r1, {'y': 11.484, 'x': -37.152, 'yaw': 3.142}, pose, None, None
30.05, [INFO], r1, {'y': 13.595, 'x': -37.081, 'yaw': -3.142}, pose, None, None
30.05, [INFO], r1, {'battery-level': '98.60'}, battery_charge, None, None
40.01, [INFO], r1, {'battery-level': '98.10'}, battery_charge, None, None
40.01, [INFO], r1, {'y': 15.654, 'x': -36.865, 'yaw': 3.142}, pose, None, None
50.05, [INFO], r1, {'y': 15.522, 'x': -34.778, 'yaw': 3.141}, pose, None, None
50.05, [INFO], r1, {'battery-level': '97.60'}, battery_charge, None, None
60.09, [INFO], r1, {'y': 15.537, 'x': -32.655, 'yaw': 3.141}, pose, None, None
60.09, [INFO], r1, {'battery-level': '97.10'}, battery_charge, None, None
70.02, [INFO], r1, {'y': 15.583, 'x': -30.555, 'yaw': -3.141}, pose, None, None
70.02, [INFO], r1, {'battery-level': '96.60'}, battery_charge, None, None
80.05, [INFO], r1, {'y': 15.756, 'x': -28.435, 'yaw': 3.141}, pose, None, None
80.05, [INFO], r1, {'battery-level': '96.10'}, battery_charge, None, None
90.03, [INFO], r1, {'battery-level': '95.60'}, battery_charge, None, None
90.03, [INFO], r1, {'y': 15.991, 'x': -26.331, 'yaw': 3.141}, pose, None, None
100.09, [INFO], r1, {'battery-level': '95.10'}, battery_charge, None, None
100.09, [INFO], r1, {'y': 16.147, 'x': -24.205, 'yaw': -3.142}, pose, None, None
110.04, [INFO], r1, {'y': 16.14, 'x': -22.114, 'yaw': 3.142}, pose, None, None
110.04, [INFO], r1, {'battery-level': '94.60'}, battery_charge, None, None
120.04, [INFO], r1, {'y': 16.238, 'x': -20.004, 'yaw': 3.139}, pose, None, None
120.04, [INFO], r1, {'battery-level': '94.10'}, battery_charge, None, None
130.07, [INFO], r1, {'y': 16.144, 'x': -17.885, 'yaw': -3.142}, pose, None, None
130.07, [INFO], r1, {'battery-level': '93.60'}, battery_charge, None, None
140.10, [INFO], r1, {'y': 15.999, 'x': -15.771, 'yaw': -3.141}, pose, None, None
140.10, [INFO], r1, {'battery-level': '93.10'}, battery_charge, None, None
150.03, [INFO], r1, {'y': 16.216, 'x': -13.677, 'yaw': -3.142}, pose, None, None
150.03, [INFO], r1, {'battery-level': '92.60'}, battery_charge, None, None
160.06, [INFO], r1, {'y': 17.159, 'x': -11.891, 'yaw': 3.141}, pose, None, None
160.06, [INFO], r1, {'battery-level': '92.10'}, battery_charge, None, None
170.09, [INFO], r1, {'y': 17.982, 'x': -11.543, 'yaw': 3.142}, pose, None, None
170.09, [INFO], r1, {'battery-level': '91.60'}, battery_charge, None, None
172.17, [INFO], r1, skill-success, None, navto, None
172.17, [INFO], r1, started skill, None, approach-nurse, None
172.17, [INFO], r1, sent message, None, None, None
172.17, [INFO], r1, skill-success, None, approach-nurse, None
172.17, [INFO], r1, started skill, None, authenticate-nurse, None
172.17, [INFO], r1, sent message, None, None, None
172.17, [INFO], r1, skill-success, None, authenticate-nurse, None
172.17, [INFO], r1, started skill, None, open-drawer, None
172.17, [INFO], r1, sent message, None, None, None
172.17, [INFO], r1, skill-success, None, open-drawer, None
172.17, [INFO], r1, started skill, None, deposit, None
172.17, [INFO], r1, sent message, None, None, None
172.17, [INFO], r1, skill-success, None, deposit, None
172.17, [INFO], r1, started skill, None, close-drawer, None
172.17, [INFO], r1, sent message, None, None, None
172.17, [INFO], r1, skill-success, None, close-drawer, None
172.17, [INFO], r1, started skill, None, navto, None
180.07, [INFO], r1, {'battery-level': '91.10'}, battery_charge, None, None
180.07, [INFO], r1, {'y': 16.58, 'x': -12.266, 'yaw': 3.142}, pose, None, None
190.04, [INFO], r1, {'y': 16.289, 'x': -14.327, 'yaw': 3.142}, pose, None, None
190.04, [INFO], r1, {'battery-level': '90.60'}, battery_charge, None, None
200.03, [INFO], r1, {'y': 16.2, 'x': -16.434, 'yaw': 3.141}, pose, None, None
200.03, [INFO], r1, {'battery-level': '90.10'}, battery_charge, None, None
210.01, [INFO], r1, {'y': 16.198, 'x': -18.528, 'yaw': -3.139}, pose, None, None
210.01, [INFO], r1, {'battery-level': '89.60'}, battery_charge, None, None
220.00, [INFO], r1, {'y': 16.337, 'x': -20.635, 'yaw': -3.142}, pose, None, None
220.00, [INFO], r1, {'battery-level': '89.10'}, battery_charge, None, None
230.10, [INFO], r1, {'y': 16.175, 'x': -22.765, 'yaw': 3.136}, pose, None, None
230.10, [INFO], r1, {'battery-level': '88.60'}, battery_charge, None, None
240.06, [INFO], r1, {'y': 16.137, 'x': -24.857, 'yaw': 3.14}, pose, None, None
240.06, [INFO], r1, {'battery-level': '88.10'}, battery_charge, None, None
250.03, [INFO], r1, {'y': 15.958, 'x': -26.956, 'yaw': -3.137}, pose, None, None
250.03, [INFO], r1, {'battery-level': '87.60'}, battery_charge, None, None
260.03, [INFO], r1, {'battery-level': '87.10'}, battery_charge, None, None
260.03, [INFO], r1, {'y': 15.9, 'x': -29.058, 'yaw': -3.142}, pose, None, None
270.04, [INFO], r1, {'y': 15.843, 'x': -31.166, 'yaw': 3.141}, pose, None, None
270.04, [INFO], r1, {'battery-level': '86.60'}, battery_charge, None, None
280.01, [INFO], r1, {'y': 15.646, 'x': -33.273, 'yaw': 3.141}, pose, None, None
280.01, [INFO], r1, {'battery-level': '86.10'}, battery_charge, None, None
290.01, [INFO], r1, {'y': 15.787, 'x': -35.307, 'yaw': -3.142}, pose, None, None
290.01, [INFO], r1, {'battery-level': '85.60'}, battery_charge, None, None
300.01, [INFO], r1, {'y': 17.684, 'x': -36.071, 'yaw': -3.141}, pose, None, None
300.01, [INFO], r1, {'battery-level': '85.10'}, battery_charge, None, None
310.00, [INFO], r1, {'y': 19.78, 'x': -36.204, 'yaw': 3.141}, pose, None, None
310.00, [INFO], r1, {'battery-level': '84.60'}, battery_charge, None, None
320.00, [INFO], r1, {'battery-level': '84.10'}, battery_charge, None, None
320.00, [INFO], r1, {'y': 21.891, 'x': -36.355, 'yaw': 3.14}, pose, None, None
330.05, [INFO], r1, {'y': 24.013, 'x': -36.352, 'yaw': 3.141}, pose, None, None
330.05, [INFO], r1, {'battery-level': '83.60'}, battery_charge, None, None
340.08, [INFO], r1, {'battery-level': '83.10'}, battery_charge, None, None
340.08, [INFO], r1, {'y': 26.136, 'x': -36.302, 'yaw': 3.14}, pose, None, None
350.01, [INFO], r1, {'y': 28.221, 'x': -36.349, 'yaw': 3.141}, pose, None, None
350.01, [INFO], r1, {'battery-level': '82.60'}, battery_charge, None, None
360.05, [INFO], r1, {'battery-level': '82.10'}, battery_charge, None, None
360.05, [INFO], r1, {'y': 30.337, 'x': -36.427, 'yaw': -3.136}, pose, None, None
370.00, [INFO], r1, {'y': 32.448, 'x': -36.587, 'yaw': -3.142}, pose, None, None
370.00, [INFO], r1, {'battery-level': '81.60'}, battery_charge, None, None
380.02, [INFO], r1, {'battery-level': '81.10'}, battery_charge, None, None
380.02, [INFO], r1, {'y': 34.55, 'x': -36.837, 'yaw': 3.141}, pose, None, None
390.03, [INFO], r1, {'y': 36.078, 'x': -36.962, 'yaw': 3.141}, pose, None, None
390.03, [INFO], r1, {'battery-level': '80.60'}, battery_charge, None, None
395.70, [INFO], r1, skill-success, None, navto, None
395.70, [INFO], r1, started skill, None, approach-arm, None
395.70, [INFO], r1, sent message, None, None, None
395.70, [INFO], r1, started skill, None, open-drawer, None
395.70, [INFO], r1, sent message, None, None, None
395.70, [INFO], r1, skill-success, None, open-drawer, None
395.70, [INFO], r1, started skill, None, pick-up-sample, None
395.70, [INFO], r1, sent message, None, None, None
395.70, [INFO], r1, skill-success, None, pick-up-sample, None
395.70, [INFO], r1, started skill, None, close-drawer, None
395.70, [INFO], r1, sent message, None, None, None
395.70, [INFO], r1, skill-success, None, close-drawer, None
395.70, [WARN], r1, SUCCESS, None, None, None
400.06, [INFO], r1, {'y': 36.087, 'x': -36.968, 'yaw': -3.142}, pose, None, None
400.06, [INFO], r1, {'battery-level': '80.10'}, battery_charge, None, None
