0.19, [DEBUG], logger, ROBOTS_CONFIG={'capabilities': ['approach_person', 'approach_robot', 'authenticate_person', 'navigation', 'operate_drawer'], 'battery_charge': 1, 'nurse_pose': [-27.25, 13.0, 1.57], 'robot_pose': [-38.0, 21.5, 0.0]}, None, None, None
0.19, [DEBUG], logger, Simulation open, None, None, None
10.05, [INFO], r1, {'y': 21.5, 'x': -38.0, 'yaw': 3.142}, pose, None, None
10.05, [INFO], r1, {'battery-level': '99.55'}, battery_charge, None, None
10.65, [INFO], r1, started skill, None, navto, None
20.07, [INFO], r1, {'y': 20.049, 'x': -37.155, 'yaw': -3.136}, pose, None, None
20.07, [INFO], r1, {'battery-level': '99.05'}, battery_charge, None, None
30.05, [INFO], r1, {'y': 17.947, 'x': -37.131, 'yaw': 3.142}, pose, None, None
30.05, [INFO], r1, {'battery-level': '98.55'}, battery_charge, None, None
40.05, [INFO], r1, {'y': 16.01, 'x': -36.654, 'yaw': 3.14}, pose, None, None
40.05, [INFO], r1, {'battery-level': '98.05'}, battery_charge, None, None
50.05, [INFO], r1, {'y': 15.4, 'x': -34.603, 'yaw': -3.142}, pose, None, None
50.05, [INFO], r1, {'battery-level': '97.55'}, battery_charge, None, None
60.04, [INFO], r1, {'y': 15.501, 'x': -32.484, 'yaw': -3.142}, pose, None, None
60.04, [INFO], r1, {'battery-level': '97.05'}, battery_charge, None, None
70.02, [INFO], r1, {'y': 15.559, 'x': -30.369, 'yaw': 3.141}, pose, None, None
70.02, [INFO], r1, {'battery-level': '96.55'}, battery_charge, None, None
80.03, [INFO], r1, {'y': 15.773, 'x': -28.277, 'yaw': 3.142}, pose, None, None
80.03, [INFO], r1, {'battery-level': '96.05'}, battery_charge, None, None
90.03, [INFO], r1, {'y': 14.523, 'x': -27.29, 'yaw': -3.142}, pose, None, None
90.03, [INFO], r1, {'battery-level': '95.55'}, battery_charge, None, None
100.02, [INFO], r1, {'y': 12.939, 'x': -27.369, 'yaw': 3.142}, pose, None, None
100.02, [INFO], r1, {'battery-level': '95.05'}, battery_charge, None, None
109.32, [INFO], r1, skill-success, None, navto, None
109.32, [INFO], r1, started skill, None, approach-nurse, None
109.32, [INFO], r1, sent message, None, None, None
109.32, [INFO], r1, skill-success, None, approach-nurse, None
109.32, [INFO], r1, started skill, None, authenticate-nurse, None
109.32, [INFO], r1, sent message, None, None, None
109.32, [INFO], r1, started skill, None, open-drawer, None
109.32, [INFO], r1, sent message, None, None, None
109.32, [INFO], r1, skill-success, None, open-drawer, None
109.32, [INFO], r1, started skill, None, deposit, None
109.32, [INFO], r1, sent message, None, None, None
109.32, [INFO], r1, skill-success, None, deposit, None
109.32, [INFO], r1, started skill, None, close-drawer, None
109.32, [INFO], r1, sent message, None, None, None
109.32, [INFO], r1, skill-success, None, close-drawer, None
109.32, [INFO], r1, started skill, None, navto, None
110.01, [INFO], r1, {'y': 12.996, 'x': -27.371, 'yaw': 3.141}, pose, None, None
110.01, [INFO], r1, {'battery-level': '94.55'}, battery_charge, None, None
120.10, [INFO], r1, {'y': 15.123, 'x': -27.352, 'yaw': -3.142}, pose, None, None
120.10, [INFO], r1, {'battery-level': '94.05'}, battery_charge, None, None
130.01, [INFO], r1, {'battery-level': '93.55'}, battery_charge, None, None
130.01, [INFO], r1, {'y': 15.702, 'x': -28.913, 'yaw': 3.142}, pose, None, None
140.01, [INFO], r1, {'battery-level': '93.05'}, battery_charge, None, None
140.01, [INFO], r1, {'y': 15.664, 'x': -31.016, 'yaw': -3.142}, pose, None, None
150.00, [INFO], r1, {'y': 15.574, 'x': -33.124, 'yaw': 3.141}, pose, None, None
150.00, [INFO], r1, {'battery-level': '92.55'}, battery_charge, None, None
160.07, [INFO], r1, {'y': 15.705, 'x': -35.193, 'yaw': -3.142}, pose, None, None
160.07, [INFO], r1, {'battery-level': '92.05'}, battery_charge, None, None
170.06, [INFO], r1, {'y': 17.548, 'x': -36.079, 'yaw': -3.141}, pose, None, None
170.06, [INFO], r1, {'battery-level': '91.55'}, battery_charge, None, None
180.03, [INFO], r1, {'y': 19.641, 'x': -36.202, 'yaw': -3.141}, pose, None, None
180.03, [INFO], r1, {'battery-level': '91.05'}, battery_charge, None, None
190.01, [INFO], r1, {'y': 21.756, 'x': -36.266, 'yaw': 3.14}, pose, None, None
190.01, [INFO], r1, {'battery-level': '90.55'}, battery_charge, None, None
200.01, [INFO], r1, {'y': 23.873, 'x': -36.283, 'yaw': 3.14}, pose, None, None
200.01, [INFO], r1, {'battery-level': '90.05'}, battery_charge, None, None
210.03, [INFO], r1, {'y': 25.992, 'x': -36.245, 'yaw': 3.141}, pose, None, None
210.03, [INFO], r1, {'battery-level': '89.55'}, battery_charge, None, None
220.06, [INFO], r1, {'y': 28.115, 'x': -36.294, 'yaw': 3.141}, pose, None, None
220.06, [INFO], r1, {'battery-level': '89.05'}, battery_charge, None, None
230.06, [INFO], r1, {'battery-level': '88.55'}, battery_charge, None, None
230.06, [INFO], r1, {'y': 30.212, 'x': -36.417, 'yaw': 3.14}, pose, None, None
240.07, [INFO], r1, {'y': 32.328, 'x': -36.633, 'yaw': -3.142}, pose, None, None
240.07, [INFO], r1, {'battery-level': '88.05'}, battery_charge, None, None
250.02, [INFO], r1, {'y': 34.415, 'x': -36.848, 'yaw': 3.142}, pose, None, None
250.02, [INFO], r1, {'battery-level': '87.55'}, battery_charge, None, None
260.03, [INFO], r1, {'y': 36.018, 'x': -36.948, 'yaw': 3.141}, pose, None, None
260.03, [INFO], r1, {'battery-level': '87.05'}, battery_charge, None, None
270.04, [INFO], r1, {'y': 36.038, 'x': -36.947, 'yaw': 3.141}, pose, None, None
270.04, [INFO], r1, {'battery-level': '86.55'}, battery_charge, None, None
270.04, [INFO], r1, skill-success, None, navto, None
270.04, [INFO], r1, started skill, None, approach-arm, None
270.04, [INFO], r1, sent message, None, None, None
270.04, [INFO], r1, skill-success, None, approach-arm, None
270.04, [INFO], r1, started skill, None, open-drawer, None
270.04, [INFO], r1, sent message, None, None, None
270.04, [INFO], r1, skill-success, None, open-drawer, None
270.04, [INFO], r1, started skill, None, pick-up-sample, None
270.04, [INFO], r1, sent message, None, None, None
270.04, [INFO], r1, skill-success, None, pick-up-sample, None
270.04, [INFO], r1, started skill, None, close-drawer, None
270.04, [INFO], r1, sent message, None, None, None
270.04, [INFO], r1, skill-success, None, close-drawer, None
270.04, [WARN], r1, SUCCESS, None, None, None
