9.88, [INFO], r1, started skill, None, navto, None
10.07, [INFO], r1, {'y': 21.5, 'x': -38.0, 'yaw': 3.142}, pose, None, None
10.07, [INFO], r1, {'battery-level': '99.60'}, battery_charge, None, None
20.08, [INFO], r1, {'battery-level': '99.10'}, battery_charge, None, None
20.08, [INFO], r1, {'y': 19.892, 'x': -37.168, 'yaw': 3.141}, pose, None, None
30.06, [INFO], r1, {'y': 17.773, 'x': -37.125, 'yaw': -3.142}, pose, None, None
30.06, [INFO], r1, {'battery-level': '98.60'}, battery_charge, None, None
40.09, [INFO], r1, {'y': 15.993, 'x': -36.481, 'yaw': 3.141}, pose, None, None
40.09, [INFO], r1, {'battery-level': '98.10'}, battery_charge, None, None
50.01, [INFO], r1, {'y': 15.395, 'x': -34.436, 'yaw': -3.142}, pose, None, None
50.01, [INFO], r1, {'battery-level': '97.60'}, battery_charge, None, None
60.02, [INFO], r1, {'y': 15.469, 'x': -32.301, 'yaw': 3.142}, pose, None, None
60.02, [INFO], r1, {'battery-level': '97.10'}, battery_charge, None, None
70.02, [INFO], r1, {'y': 15.612, 'x': -30.171, 'yaw': 3.137}, pose, None, None
70.02, [INFO], r1, {'battery-level': '96.60'}, battery_charge, None, None
80.06, [INFO], r1, {'y': 15.794, 'x': -28.051, 'yaw': 3.142}, pose, None, None
80.06, [INFO], r1, {'battery-level': '96.10'}, battery_charge, None, None
90.06, [INFO], r1, {'battery-level': '95.60'}, battery_charge, None, None
90.06, [INFO], r1, {'y': 14.169, 'x': -27.323, 'yaw': 3.141}, pose, None, None
100.05, [INFO], r1, {'battery-level': '95.10'}, battery_charge, None, None
100.05, [INFO], r1, {'y': 12.961, 'x': -27.4, 'yaw': -3.141}, pose, None, None
103.97, [INFO], r1, skill-success, None, navto, None
103.97, [INFO], r1, started skill, None, approach-nurse, None
103.97, [INFO], r1, sent message, None, None, None
103.97, [INFO], r1, skill-success, None, approach-nurse, None
103.97, [INFO], r1, started skill, None, open-drawer, None
103.97, [INFO], r1, sent message, None, None, None
103.97, [INFO], r1, skill-success, None, open-drawer, None
103.97, [INFO], r1, started skill, None, deposit, None
103.97, [INFO], r1, sent message, None, None, None
103.97, [INFO], r1, skill-success, None, deposit, None
103.97, [INFO], r1, started skill, None, close-drawer, None
103.97, [INFO], r1, sent message, None, None, None
103.97, [INFO], r1, skill-success, None, close-drawer, None
103.97, [INFO], r1, started skill, None, navto, None
110.03, [INFO], r1, {'y': 14.177, 'x': -27.376, 'yaw': 3.14}, pose, None, None
110.03, [INFO], r1, {'battery-level': '94.60'}, battery_charge, None, None
120.04, [INFO], r1, {'y': 15.636, 'x': -27.99, 'yaw': 3.14}, pose, None, None
120.04, [INFO], r1, {'battery-level': '94.10'}, battery_charge, None, None
130.04, [INFO], r1, {'battery-level': '93.60'}, battery_charge, None, None
130.04, [INFO], r1, {'y': 15.666, 'x': -30.102, 'yaw': 3.14}, pose, None, None
140.04, [INFO], r1, {'y': 15.544, 'x': -32.215, 'yaw': 3.141}, pose, None, None
140.04, [INFO], r1, {'battery-level': '93.10'}, battery_charge, None, None
150.05, [INFO], r1, {'battery-level': '92.60'}, battery_charge, None, None
150.05, [INFO], r1, {'y': 15.457, 'x': -34.334, 'yaw': 3.142}, pose, None, None
160.07, [INFO], r1, {'y': 16.568, 'x': -36.015, 'yaw': 3.142}, pose, None, None
160.07, [INFO], r1, {'battery-level': '92.10'}, battery_charge, None, None
170.03, [INFO], r1, {'y': 18.643, 'x': -36.13, 'yaw': -3.142}, pose, None, None
170.03, [INFO], r1, {'battery-level': '91.60'}, battery_charge, None, None
180.01, [INFO], r1, {'battery-level': '91.10'}, battery_charge, None, None
180.01, [INFO], r1, {'y': 20.752, 'x': -36.256, 'yaw': 3.142}, pose, None, None
190.00, [INFO], r1, {'y': 22.867, 'x': -36.317, 'yaw': 3.141}, pose, None, None
190.00, [INFO], r1, {'battery-level': '90.60'}, battery_charge, None, None
200.09, [INFO], r1, {'battery-level': '90.10'}, battery_charge, None, None
200.09, [INFO], r1, {'y': 25.014, 'x': -36.248, 'yaw': 3.141}, pose, None, None
210.03, [INFO], r1, {'battery-level': '89.60'}, battery_charge, None, None
210.03, [INFO], r1, {'y': 27.115, 'x': -36.282, 'yaw': -3.142}, pose, None, None
220.05, [INFO], r1, {'battery-level': '89.10'}, battery_charge, None, None
220.05, [INFO], r1, {'y': 29.235, 'x': -36.359, 'yaw': 3.141}, pose, None, None
230.08, [INFO], r1, {'y': 31.346, 'x': -36.478, 'yaw': 3.142}, pose, None, None
230.08, [INFO], r1, {'battery-level': '88.60'}, battery_charge, None, None
240.08, [INFO], r1, {'y': 33.467, 'x': -36.768, 'yaw': 3.141}, pose, None, None
240.08, [INFO], r1, {'battery-level': '88.10'}, battery_charge, None, None
250.01, [INFO], r1, {'battery-level': '87.60'}, battery_charge, None, None
250.01, [INFO], r1, {'y': 35.541, 'x': -36.911, 'yaw': 3.138}, pose, None, None
259.08, [INFO], r1, skill-success, None, navto, None
259.08, [INFO], r1, started skill, None, approach-arm, None
259.08, [INFO], r1, sent message, None, None, None
259.08, [INFO], r1, skill-success, None, approach-arm, None
259.08, [INFO], r1, started skill, None, open-drawer, None
259.08, [INFO], r1, sent message, None, None, None
259.08, [INFO], r1, skill-success, None, open-drawer, None
259.08, [INFO], r1, started skill, None, pick-up-sample, None
259.08, [INFO], r1, sent message, None, None, None
259.08, [INFO], r1, skill-success, None, pick-up-sample, None
259.08, [INFO], r1, started skill, None, close-drawer, None
259.08, [INFO], r1, sent message, None, None, None
259.08, [INFO], r1, skill-success, None, close-drawer, None
259.08, [WARN], r1, SUCCESS, None, None, None
260.05, [INFO], r1, {'y': 36.068, 'x': -36.95, 'yaw': 3.142}, pose, None, None
260.05, [INFO], r1, {'battery-level': '87.10'}, battery_charge, None, None
