10.00, [INFO], r1, {'battery-level': '24.65'}, battery_charge, None, None
10.00, [INFO], r1, {'y': 21.5, 'x': -38.0, 'yaw': -3.142}, pose, None, None
10.20, [INFO], r1, started skill, None, navto, None
20.02, [INFO], r1, {'y': 19.978, 'x': -37.146, 'yaw': 3.141}, pose, None, None
20.02, [INFO], r1, {'battery-level': '24.15'}, battery_charge, None, None
30.03, [INFO], r1, {'y': 17.847, 'x': -37.11, 'yaw': 3.141}, pose, None, None
30.03, [INFO], r1, {'battery-level': '23.65'}, battery_charge, None, None
40.04, [INFO], r1, {'y': 15.995, 'x': -36.57, 'yaw': 3.141}, pose, None, None
40.04, [INFO], r1, {'battery-level': '23.15'}, battery_charge, None, None
50.06, [INFO], r1, {'battery-level': '22.65'}, battery_charge, None, None
50.06, [INFO], r1, {'y': 15.373, 'x': -34.512, 'yaw': -3.141}, pose, None, None
60.02, [INFO], r1, {'y': 15.545, 'x': -32.4, 'yaw': -3.142}, pose, None, None
60.02, [INFO], r1, {'battery-level': '22.15'}, battery_charge, None, None
70.03, [INFO], r1, {'battery-level': '21.65'}, battery_charge, None, None
70.03, [INFO], r1, {'y': 15.655, 'x': -30.276, 'yaw': 3.141}, pose, None, None
80.05, [INFO], r1, {'battery-level': '21.15'}, battery_charge, None, None
80.05, [INFO], r1, {'y': 15.833, 'x': -28.168, 'yaw': -3.142}, pose, None, None
90.05, [INFO], r1, {'battery-level': '20.65'}, battery_charge, None, None
90.05, [INFO], r1, {'y': 16.128, 'x': -26.053, 'yaw': -3.139}, pose, None, None
100.06, [INFO], r1, {'y': 16.146, 'x': -23.94, 'yaw': -3.141}, pose, None, None
100.06, [INFO], r1, {'battery-level': '20.15'}, battery_charge, None, None
110.05, [INFO], r1, {'battery-level': '19.65'}, battery_charge, None, None
110.05, [INFO], r1, {'y': 16.144, 'x': -21.841, 'yaw': 3.141}, pose, None, None
120.04, [INFO], r1, {'battery-level': '19.15'}, battery_charge, None, None
120.04, [INFO], r1, {'y': 16.227, 'x': -19.717, 'yaw': 3.141}, pose, None, None
130.03, [INFO], r1, {'y': 16.161, 'x': -17.608, 'yaw': 3.142}, pose, None, None
130.03, [INFO], r1, {'battery-level': '18.65'}, battery_charge, None, None
140.03, [INFO], r1, {'y': 16.087, 'x': -15.489, 'yaw': 3.14}, pose, None, None
140.03, [INFO], r1, {'battery-level': '18.15'}, battery_charge, None, None
150.04, [INFO], r1, {'battery-level': '17.65'}, battery_charge, None, None
150.04, [INFO], r1, {'y': 16.666, 'x': -13.52, 'yaw': 3.141}, pose, None, None
160.01, [INFO], r1, {'y': 17.891, 'x': -13.613, 'yaw': 3.141}, pose, None, None
160.01, [INFO], r1, {'battery-level': '17.15'}, battery_charge, None, None
170.08, [INFO], r1, {'battery-level': '16.65'}, battery_charge, None, None
170.08, [INFO], r1, {'y': 18.016, 'x': -13.721, 'yaw': 3.141}, pose, None, None
179.86, [INFO], r1, skill-success, None, navto, None
179.86, [INFO], r1, started skill, None, approach-nurse, None
179.86, [INFO], r1, sent message, None, None, None
179.95, [INFO], r1, skill-success, None, approach-nurse, None
179.95, [INFO], r1, started skill, None, open-drawer, None
179.95, [INFO], r1, sent message, None, None, None
179.95, [INFO], r1, skill-success, None, open-drawer, None
179.95, [INFO], r1, started skill, None, deposit, None
179.95, [INFO], r1, sent message, None, None, None
179.95, [INFO], r1, skill-success, None, deposit, None
179.95, [INFO], r1, started skill, None, close-drawer, None
179.95, [INFO], r1, sent message, None, None, None
179.95, [INFO], r1, skill-success, None, close-drawer, None
179.95, [INFO], r1, started skill, None, navto, None
180.04, [INFO], r1, {'battery-level': '16.15'}, battery_charge, None, None
180.04, [INFO], r1, {'y': 17.994, 'x': -13.693, 'yaw': 3.141}, pose, None, None
190.05, [INFO], r1, {'y': 16.275, 'x': -14.373, 'yaw': 3.141}, pose, None, None
190.05, [INFO], r1, {'battery-level': '15.65'}, battery_charge, None, None
200.06, [INFO], r1, {'y': 16.174, 'x': -16.493, 'yaw': 3.141}, pose, None, None
200.06, [INFO], r1, {'battery-level': '15.15'}, battery_charge, None, None
210.07, [INFO], r1, {'y': 16.157, 'x': -18.618, 'yaw': -3.141}, pose, None, None
210.07, [INFO], r1, {'battery-level': '14.65'}, battery_charge, None, None
220.09, [INFO], r1, {'battery-level': '14.15'}, battery_charge, None, None
220.09, [INFO], r1, {'y': 16.28, 'x': -20.726, 'yaw': 3.139}, pose, None, None
230.00, [INFO], r1, {'y': 16.212, 'x': -22.833, 'yaw': 3.141}, pose, None, None
230.00, [INFO], r1, {'battery-level': '13.65'}, battery_charge, None, None
240.01, [INFO], r1, {'battery-level': '13.15'}, battery_charge, None, None
240.01, [INFO], r1, {'y': 16.135, 'x': -24.939, 'yaw': 3.141}, pose, None, None
250.03, [INFO], r1, {'battery-level': '12.65'}, battery_charge, None, None
250.03, [INFO], r1, {'y': 15.941, 'x': -27.062, 'yaw': 3.141}, pose, None, None
260.03, [INFO], r1, {'battery-level': '12.15'}, battery_charge, None, None
260.03, [INFO], r1, {'y': 16.086, 'x': -29.172, 'yaw': 3.142}, pose, None, None
270.08, [INFO], r1, {'y': 15.978, 'x': -31.293, 'yaw': 3.141}, pose, None, None
270.08, [INFO], r1, {'battery-level': '11.65'}, battery_charge, None, None
280.03, [INFO], r1, {'y': 15.667, 'x': -33.395, 'yaw': 3.141}, pose, None, None
280.03, [INFO], r1, {'battery-level': '11.15'}, battery_charge, None, None
290.04, [INFO], r1, {'battery-level': '10.65'}, battery_charge, None, None
290.04, [INFO], r1, {'y': 15.845, 'x': -35.394, 'yaw': 3.142}, pose, None, None
300.04, [INFO], r1, {'y': 17.767, 'x': -36.107, 'yaw': 3.141}, pose, None, None
300.04, [INFO], r1, {'battery-level': '10.15'}, battery_charge, None, None
310.05, [INFO], r1, {'battery-level': '9.65'}, battery_charge, None, None
310.05, [INFO], r1, {'y': 19.876, 'x': -36.224, 'yaw': 3.141}, pose, None, None
320.02, [INFO], r1, {'y': 21.975, 'x': -36.303, 'yaw': 3.14}, pose, None, None
320.02, [INFO], r1, {'battery-level': '9.15'}, battery_charge, None, None
330.04, [INFO], r1, {'battery-level': '8.65'}, battery_charge, None, None
330.04, [INFO], r1, {'y': 24.099, 'x': -36.305, 'yaw': 3.141}, pose, None, None
340.08, [INFO], r1, {'y': 26.216, 'x': -36.248, 'yaw': 3.141}, pose, None, None
340.08, [INFO], r1, {'battery-level': '8.15'}, battery_charge, None, None
350.04, [INFO], r1, {'battery-level': '7.65'}, battery_charge, None, None
350.04, [INFO], r1, {'y': 28.318, 'x': -36.326, 'yaw': 3.14}, pose, None, None
360.08, [INFO], r1, {'battery-level': '7.15'}, battery_charge, None, None
360.08, [INFO], r1, {'y': 30.445, 'x': -36.371, 'yaw': 3.141}, pose, None, None
370.01, [INFO], r1, {'y': 32.57, 'x': -36.591, 'yaw': 3.141}, pose, None, None
370.01, [INFO], r1, {'battery-level': '6.65'}, battery_charge, None, None
380.03, [INFO], r1, {'battery-level': '6.15'}, battery_charge, None, None
380.03, [INFO], r1, {'y': 34.656, 'x': -36.954, 'yaw': 3.141}, pose, None, None
390.08, [INFO], r1, {'y': 36.059, 'x': -36.989, 'yaw': -3.141}, pose, None, None
390.08, [INFO], r1, {'battery-level': '5.65'}, battery_charge, None, None
393.56, [INFO], r1, skill-success, None, navto, None
393.56, [INFO], r1, started skill, None, approach-arm, None
393.56, [INFO], r1, sent message, None, None, None
393.56, [INFO], r1, started skill, None, open-drawer, None
393.56, [INFO], r1, sent message, None, None, None
393.56, [INFO], r1, skill-success, None, open-drawer, None
393.56, [INFO], r1, started skill, None, pick-up-sample, None
393.56, [INFO], r1, sent message, None, None, None
393.56, [INFO], r1, skill-success, None, pick-up-sample, None
393.56, [INFO], r1, started skill, None, close-drawer, None
393.56, [INFO], r1, sent message, None, None, None
393.56, [INFO], r1, skill-success, None, close-drawer, None
393.56, [WARN], r1, SUCCESS, None, None, None
