9.21, [INFO], r1, started skill, None, navto, None
10.09, [INFO], r1, {'y': 21.495, 'x': -37.867, 'yaw': -3.14}, pose, None, None
10.09, [INFO], r1, {'battery-level': '24.55'}, battery_charge, None, None
20.09, [INFO], r1, {'battery-level': '24.05'}, battery_charge, None, None
20.09, [INFO], r1, {'y': 19.727, 'x': -37.18, 'yaw': 3.141}, pose, None, None
30.00, [INFO], r1, {'y': 17.625, 'x': -37.108, 'yaw': 3.14}, pose, None, None
30.00, [INFO], r1, {'battery-level': '23.55'}, battery_charge, None, None
40.09, [INFO], r1, {'y': 15.956, 'x': -36.321, 'yaw': 3.142}, pose, None, None
40.09, [INFO], r1, {'battery-level': '23.05'}, battery_charge, None, None
50.08, [INFO], r1, {'battery-level': '22.55'}, battery_charge, None, None
50.08, [INFO], r1, {'y': 15.415, 'x': -34.267, 'yaw': -3.141}, pose, None, None
60.08, [INFO], r1, {'y': 15.546, 'x': -32.149, 'yaw': 3.142}, pose, None, None
60.08, [INFO], r1, {'battery-level': '22.05'}, battery_charge, None, None
70.08, [INFO], r1, {'y': 15.647, 'x': -30.036, 'yaw': 3.142}, pose, None, None
70.08, [INFO], r1, {'battery-level': '21.55'}, battery_charge, None, None
80.08, [INFO], r1, {'y': 15.802, 'x': -27.932, 'yaw': 3.139}, pose, None, None
80.08, [INFO], r1, {'battery-level': '21.05'}, battery_charge, None, None
90.08, [INFO], r1, {'battery-level': '20.55'}, battery_charge, None, None
90.08, [INFO], r1, {'y': 16.001, 'x': -25.817, 'yaw': -3.142}, pose, None, None
100.06, [INFO], r1, {'y': 16.01, 'x': -23.714, 'yaw': -3.141}, pose, None, None
100.06, [INFO], r1, {'battery-level': '20.05'}, battery_charge, None, None
110.05, [INFO], r1, {'y': 16.045, 'x': -21.601, 'yaw': 3.142}, pose, None, None
110.05, [INFO], r1, {'battery-level': '19.55'}, battery_charge, None, None
120.03, [INFO], r1, {'y': 16.15, 'x': -19.49, 'yaw': 3.141}, pose, None, None
120.03, [INFO], r1, {'battery-level': '19.05'}, battery_charge, None, None
130.02, [INFO], r1, {'battery-level': '18.55'}, battery_charge, None, None
130.02, [INFO], r1, {'y': 16.114, 'x': -17.378, 'yaw': -3.142}, pose, None, None
140.00, [INFO], r1, {'y': 16.084, 'x': -15.265, 'yaw': -3.138}, pose, None, None
140.00, [INFO], r1, {'battery-level': '18.05'}, battery_charge, None, None
150.00, [INFO], r1, {'y': 16.842, 'x': -13.504, 'yaw': 3.142}, pose, None, None
150.00, [INFO], r1, {'battery-level': '17.55'}, battery_charge, None, None
160.07, [INFO], r1, {'y': 17.913, 'x': -13.664, 'yaw': 3.141}, pose, None, None
160.07, [INFO], r1, {'battery-level': '17.05'}, battery_charge, None, None
165.93, [INFO], r1, skill-success, None, navto, None
165.93, [INFO], r1, started skill, None, approach-nurse, None
165.93, [INFO], r1, sent message, None, None, None
165.93, [INFO], r1, skill-success, None, approach-nurse, None
165.93, [INFO], r1, started skill, None, authenticate-nurse, None
165.93, [INFO], r1, sent message, None, None, None
165.93, [INFO], r1, skill-success, None, authenticate-nurse, None
165.93, [INFO], r1, started skill, None, open-drawer, None
165.93, [INFO], r1, sent message, None, None, None
165.93, [INFO], r1, skill-success, None, open-drawer, None
165.93, [INFO], r1, started skill, None, deposit, None
165.93, [WARN], r1, SKILL-FAILURE, None, deposit, None
