9.46, [INFO], r1, started skill, None, navto, None
10.04, [INFO], r1, {'y': 21.5, 'x': -37.947, 'yaw': 3.14}, pose, None, None
10.04, [INFO], r1, {'battery-level': '99.55'}, battery_charge, None, None
20.01, [INFO], r1, {'y': 19.82, 'x': -37.181, 'yaw': 3.141}, pose, None, None
20.01, [INFO], r1, {'battery-level': '99.05'}, battery_charge, None, None
30.06, [INFO], r1, {'y': 17.708, 'x': -37.147, 'yaw': 3.141}, pose, None, None
30.06, [INFO], r1, {'battery-level': '98.55'}, battery_charge, None, None
40.05, [INFO], r1, {'battery-level': '98.05'}, battery_charge, None, None
40.05, [INFO], r1, {'y': 16.01, 'x': -36.444, 'yaw': 3.14}, pose, None, None
50.03, [INFO], r1, {'y': 15.426, 'x': -34.376, 'yaw': -3.141}, pose, None, None
50.03, [INFO], r1, {'battery-level': '97.55'}, battery_charge, None, None
60.02, [INFO], r1, {'y': 15.539, 'x': -32.258, 'yaw': 3.142}, pose, None, None
60.02, [INFO], r1, {'battery-level': '97.05'}, battery_charge, None, None
70.02, [INFO], r1, {'battery-level': '96.55'}, battery_charge, None, None
70.02, [INFO], r1, {'y': 15.622, 'x': -30.144, 'yaw': 3.137}, pose, None, None
80.03, [INFO], r1, {'y': 15.796, 'x': -28.042, 'yaw': 3.141}, pose, None, None
80.03, [INFO], r1, {'battery-level': '96.05'}, battery_charge, None, None
90.03, [INFO], r1, {'y': 15.94, 'x': -25.937, 'yaw': -3.139}, pose, None, None
90.03, [INFO], r1, {'battery-level': '95.55'}, battery_charge, None, None
100.02, [INFO], r1, {'y': 15.848, 'x': -23.834, 'yaw': 3.141}, pose, None, None
100.02, [INFO], r1, {'battery-level': '95.05'}, battery_charge, None, None
110.10, [INFO], r1, {'y': 15.79, 'x': -21.698, 'yaw': 3.141}, pose, None, None
110.10, [INFO], r1, {'battery-level': '94.55'}, battery_charge, None, None
120.09, [INFO], r1, {'battery-level': '94.05'}, battery_charge, None, None
120.09, [INFO], r1, {'y': 15.471, 'x': -19.601, 'yaw': 3.141}, pose, None, None
130.07, [INFO], r1, {'y': 14.256, 'x': -18.03, 'yaw': -3.141}, pose, None, None
130.07, [INFO], r1, {'battery-level': '93.55'}, battery_charge, None, None
140.05, [INFO], r1, {'battery-level': '93.05'}, battery_charge, None, None
140.05, [INFO], r1, {'y': 12.925, 'x': -18.146, 'yaw': -3.142}, pose, None, None
148.38, [INFO], r1, skill-success, None, navto, None
148.38, [INFO], r1, started skill, None, approach-nurse, None
148.38, [INFO], r1, sent message, None, None, None
148.38, [INFO], r1, skill-success, None, approach-nurse, None
148.47, [INFO], r1, started skill, None, authenticate-nurse, None
148.47, [INFO], r1, sent message, None, None, None
148.47, [INFO], r1, started skill, None, open-drawer, None
148.47, [INFO], r1, sent message, None, None, None
148.47, [INFO], r1, skill-success, None, open-drawer, None
148.47, [INFO], r1, started skill, None, deposit, None
148.47, [INFO], r1, sent message, None, None, None
148.47, [INFO], r1, skill-success, None, deposit, None
148.47, [INFO], r1, started skill, None, close-drawer, None
148.47, [INFO], r1, sent message, None, None, None
148.47, [INFO], r1, skill-success, None, close-drawer, None
148.47, [INFO], r1, started skill, None, navto, None
150.01, [INFO], r1, {'y': 13.196, 'x': -18.103, 'yaw': -3.142}, pose, None, None
150.01, [INFO], r1, {'battery-level': '92.55'}, battery_charge, None, None
160.08, [INFO], r1, {'y': 15.043, 'x': -18.86, 'yaw': -3.141}, pose, None, None
160.08, [INFO], r1, {'battery-level': '92.05'}, battery_charge, None, None
170.07, [INFO], r1, {'battery-level': '91.55'}, battery_charge, None, None
170.07, [INFO], r1, {'y': 15.583, 'x': -20.909, 'yaw': 3.142}, pose, None, None
180.01, [INFO], r1, {'y': 15.698, 'x': -23.021, 'yaw': -3.136}, pose, None, None
180.01, [INFO], r1, {'battery-level': '91.05'}, battery_charge, None, None
190.01, [INFO], r1, {'y': 15.677, 'x': -25.142, 'yaw': 3.14}, pose, None, None
190.01, [INFO], r1, {'battery-level': '90.55'}, battery_charge, None, None
200.00, [INFO], r1, {'y': 15.798, 'x': -27.257, 'yaw': 3.138}, pose, None, None
200.00, [INFO], r1, {'battery-level': '90.05'}, battery_charge, None, None
210.09, [INFO], r1, {'y': 15.933, 'x': -29.403, 'yaw': 3.142}, pose, None, None
210.09, [INFO], r1, {'battery-level': '89.55'}, battery_charge, None, None
220.09, [INFO], r1, {'battery-level': '89.05'}, battery_charge, None, None
220.09, [INFO], r1, {'y': 15.745, 'x': -31.52, 'yaw': 3.14}, pose, None, None
230.06, [INFO], r1, {'y': 15.574, 'x': -33.621, 'yaw': 3.141}, pose, None, None
230.06, [INFO], r1, {'battery-level': '88.55'}, battery_charge, None, None
240.04, [INFO], r1, {'battery-level': '88.05'}, battery_charge, None, None
240.04, [INFO], r1, {'y': 15.971, 'x': -35.579, 'yaw': -3.142}, pose, None, None
250.03, [INFO], r1, {'y': 17.947, 'x': -36.082, 'yaw': 3.142}, pose, None, None
250.03, [INFO], r1, {'battery-level': '87.55'}, battery_charge, None, None
260.02, [INFO], r1, {'y': 20.058, 'x': -36.223, 'yaw': 3.142}, pose, None, None
260.02, [INFO], r1, {'battery-level': '87.05'}, battery_charge, None, None
270.02, [INFO], r1, {'battery-level': '86.55'}, battery_charge, None, None
270.02, [INFO], r1, {'y': 22.166, 'x': -36.279, 'yaw': 3.14}, pose, None, None
280.02, [INFO], r1, {'y': 24.28, 'x': -36.296, 'yaw': 3.14}, pose, None, None
280.02, [INFO], r1, {'battery-level': '86.05'}, battery_charge, None, None
290.03, [INFO], r1, {'y': 26.417, 'x': -36.285, 'yaw': 3.14}, pose, None, None
290.03, [INFO], r1, {'battery-level': '85.55'}, battery_charge, None, None
300.05, [INFO], r1, {'y': 28.536, 'x': -36.339, 'yaw': -3.142}, pose, None, None
300.05, [INFO], r1, {'battery-level': '85.05'}, battery_charge, None, None
310.07, [INFO], r1, {'y': 30.666, 'x': -36.446, 'yaw': 3.142}, pose, None, None
310.07, [INFO], r1, {'battery-level': '84.55'}, battery_charge, None, None
320.01, [INFO], r1, {'y': 32.756, 'x': -36.693, 'yaw': -3.142}, pose, None, None
320.01, [INFO], r1, {'battery-level': '84.05'}, battery_charge, None, None
330.09, [INFO], r1, {'battery-level': '83.55'}, battery_charge, None, None
330.09, [INFO], r1, {'y': 34.877, 'x': -36.902, 'yaw': 3.141}, pose, None, None
340.06, [INFO], r1, {'battery-level': '83.05'}, battery_charge, None, None
340.06, [INFO], r1, {'y': 36.045, 'x': -36.99, 'yaw': 3.142}, pose, None, None
350.01, [INFO], r1, {'y': 36.107, 'x': -36.998, 'yaw': -3.142}, pose, None, None
350.01, [INFO], r1, {'battery-level': '82.55'}, battery_charge, None, None
352.52, [INFO], r1, skill-success, None, navto, None
352.52, [INFO], r1, started skill, None, approach-arm, None
352.52, [INFO], r1, sent message, None, None, None
352.52, [INFO], r1, skill-success, None, approach-arm, None
352.52, [INFO], r1, started skill, None, open-drawer, None
352.52, [INFO], r1, sent message, None, None, None
352.52, [INFO], r1, skill-success, None, open-drawer, None
352.52, [INFO], r1, started skill, None, pick-up-sample, None
352.52, [INFO], r1, sent message, None, None, None
352.52, [INFO], r1, skill-success, None, pick-up-sample, None
352.52, [INFO], r1, started skill, None, close-drawer, None
352.61, [INFO], r1, sent message, None, None, None
352.61, [INFO], r1, skill-success, None, close-drawer, None
352.61, [WARN], r1, SUCCESS, None, None, None
360.09, [INFO], r1, {'y': 36.106, 'x': -36.997, 'yaw': -3.142}, pose, None, None
360.09, [INFO], r1, {'battery-level': '82.05'}, battery_charge, None, None
