10.05, [INFO], r1, {'y': 21.5, 'x': -38.0, 'yaw': -3.142}, pose, None, None
10.05, [INFO], r1, {'battery-level': '99.60'}, battery_charge, None, None
10.05, [INFO], r1, started skill, None, navto, None
20.07, [INFO], r1, {'battery-level': '99.10'}, battery_charge, None, None
20.07, [INFO], r1, {'y': 19.916, 'x': -37.186, 'yaw': 3.141}, pose, None, None
30.05, [INFO], r1, {'battery-level': '98.60'}, battery_charge, None, None
30.05, [INFO], r1, {'y': 17.807, 'x': -37.094, 'yaw': 3.141}, pose, None, None
40.01, [INFO], r1, {'y': 15.955, 'x': -36.514, 'yaw': 3.141}, pose, None, None
40.01, [INFO], r1, {'battery-level': '98.10'}, battery_charge, None, None
50.01, [INFO], r1, {'y': 15.348, 'x': -34.462, 'yaw': -3.142}, pose, None, None
50.01, [INFO], r1, {'battery-level': '97.60'}, battery_charge, None, None
60.00, [INFO], r1, {'y': 15.47, 'x': -32.344, 'yaw': 3.142}, pose, None, None
60.00, [INFO], r1, {'battery-level': '97.10'}, battery_charge, None, None
70.09, [INFO], r1, {'y': 15.588, 'x': -30.205, 'yaw': 3.139}, pose, None, None
70.09, [INFO], r1, {'battery-level': '96.60'}, battery_charge, None, None
80.04, [INFO], r1, {'y': 15.81, 'x': -28.103, 'yaw': -3.142}, pose, None, None
80.04, [INFO], r1, {'battery-level': '96.10'}, battery_charge, None, None
90.08, [INFO], r1, {'y': 15.832, 'x': -25.97, 'yaw': 3.141}, pose, None, None
90.08, [INFO], r1, {'battery-level': '95.60'}, battery_charge, None, None
100.00, [INFO], r1, {'battery-level': '95.10'}, battery_charge, None, None
100.00, [INFO], r1, {'y': 15.761, 'x': -23.876, 'yaw': 3.141}, pose, None, None
110.03, [INFO], r1, {'y': 15.735, 'x': -21.764, 'yaw': 3.142}, pose, None, None
110.03, [INFO], r1, {'battery-level': '94.60'}, battery_charge, None, None
120.03, [INFO], r1, {'y': 15.379, 'x': -19.671, 'yaw': -3.138}, pose, None, None
120.03, [INFO], r1, {'battery-level': '94.10'}, battery_charge, None, None
130.04, [INFO], r1, {'battery-level': '93.60'}, battery_charge, None, None
130.04, [INFO], r1, {'y': 14.227, 'x': -18.055, 'yaw': 3.141}, pose, None, None
140.03, [INFO], r1, {'y': 12.894, 'x': -18.142, 'yaw': 3.141}, pose, None, None
140.03, [INFO], r1, {'battery-level': '93.10'}, battery_charge, None, None
144.92, [INFO], r1, skill-success, None, navto, None
144.92, [INFO], r1, started skill, None, approach-nurse, None
144.92, [INFO], r1, sent message, None, None, None
144.92, [INFO], r1, started skill, None, open-drawer, None
144.92, [INFO], r1, sent message, None, None, None
144.92, [INFO], r1, skill-success, None, open-drawer, None
144.92, [INFO], r1, started skill, None, deposit, None
144.92, [INFO], r1, sent message, None, None, None
144.92, [INFO], r1, skill-success, None, deposit, None
144.92, [INFO], r1, started skill, None, close-drawer, None
144.92, [INFO], r1, sent message, None, None, None
144.92, [INFO], r1, skill-success, None, close-drawer, None
144.92, [INFO], r1, started skill, None, navto, None
150.02, [INFO], r1, {'y': 13.92, 'x': -18.152, 'yaw': -3.142}, pose, None, None
150.02, [INFO], r1, {'battery-level': '92.60'}, battery_charge, None, None
160.07, [INFO], r1, {'y': 15.327, 'x': -19.495, 'yaw': -3.141}, pose, None, None
160.07, [INFO], r1, {'battery-level': '92.10'}, battery_charge, None, None
170.09, [INFO], r1, {'battery-level': '91.60'}, battery_charge, None, None
170.09, [INFO], r1, {'y': 15.692, 'x': -21.6, 'yaw': -3.141}, pose, None, None
180.07, [INFO], r1, {'y': 15.713, 'x': -23.702, 'yaw': -3.142}, pose, None, None
180.07, [INFO], r1, {'battery-level': '91.10'}, battery_charge, None, None
190.01, [INFO], r1, {'y': 15.74, 'x': -25.81, 'yaw': 3.141}, pose, None, None
190.01, [INFO], r1, {'battery-level': '90.60'}, battery_charge, None, None
200.01, [INFO], r1, {'battery-level': '90.10'}, battery_charge, None, None
200.01, [INFO], r1, {'y': 15.854, 'x': -27.921, 'yaw': 3.141}, pose, None, None
210.09, [INFO], r1, {'y': 15.896, 'x': -30.039, 'yaw': 3.141}, pose, None, None
210.09, [INFO], r1, {'battery-level': '89.60'}, battery_charge, None, None
220.02, [INFO], r1, {'y': 15.71, 'x': -32.121, 'yaw': 3.14}, pose, None, None
220.02, [INFO], r1, {'battery-level': '89.10'}, battery_charge, None, None
230.08, [INFO], r1, {'y': 15.457, 'x': -34.245, 'yaw': 3.142}, pose, None, None
230.08, [INFO], r1, {'battery-level': '88.60'}, battery_charge, None, None
240.08, [INFO], r1, {'y': 16.515, 'x': -35.938, 'yaw': -3.142}, pose, None, None
240.08, [INFO], r1, {'battery-level': '88.10'}, battery_charge, None, None
250.04, [INFO], r1, {'y': 18.596, 'x': -36.134, 'yaw': 3.141}, pose, None, None
250.04, [INFO], r1, {'battery-level': '87.60'}, battery_charge, None, None
260.06, [INFO], r1, {'y': 20.714, 'x': -36.234, 'yaw': 3.142}, pose, None, None
260.06, [INFO], r1, {'battery-level': '87.10'}, battery_charge, None, None
270.10, [INFO], r1, {'battery-level': '86.60'}, battery_charge, None, None
270.10, [INFO], r1, {'y': 22.835, 'x': -36.308, 'yaw': 3.141}, pose, None, None
280.07, [INFO], r1, {'y': 24.948, 'x': -36.287, 'yaw': 3.141}, pose, None, None
280.07, [INFO], r1, {'battery-level': '86.10'}, battery_charge, None, None
290.01, [INFO], r1, {'y': 27.036, 'x': -36.311, 'yaw': 3.141}, pose, None, None
290.01, [INFO], r1, {'battery-level': '85.60'}, battery_charge, None, None
300.06, [INFO], r1, {'y': 29.152, 'x': -36.361, 'yaw': 3.141}, pose, None, None
300.06, [INFO], r1, {'battery-level': '85.10'}, battery_charge, None, None
310.06, [INFO], r1, {'battery-level': '84.60'}, battery_charge, None, None
310.06, [INFO], r1, {'y': 31.271, 'x': -36.509, 'yaw': 3.141}, pose, None, None
320.09, [INFO], r1, {'y': 33.384, 'x': -36.777, 'yaw': 3.14}, pose, None, None
320.09, [INFO], r1, {'battery-level': '84.10'}, battery_charge, None, None
330.01, [INFO], r1, {'y': 35.464, 'x': -36.962, 'yaw': 3.141}, pose, None, None
330.01, [INFO], r1, {'battery-level': '83.60'}, battery_charge, None, None
339.56, [INFO], r1, skill-success, None, navto, None
339.56, [INFO], r1, started skill, None, approach-arm, None
339.56, [INFO], r1, sent message, None, None, None
339.56, [INFO], r1, skill-success, None, approach-arm, None
339.56, [INFO], r1, started skill, None, open-drawer, None
339.56, [INFO], r1, sent message, None, None, None
339.56, [INFO], r1, skill-success, None, open-drawer, None
339.56, [INFO], r1, started skill, None, pick-up-sample, None
339.56, [INFO], r1, sent message, None, None, None
339.56, [INFO], r1, skill-success, None, pick-up-sample, None
339.56, [INFO], r1, started skill, None, close-drawer, None
339.56, [INFO], r1, sent message, None, None, None
339.56, [INFO], r1, skill-success, None, close-drawer, None
339.56, [WARN], r1, SUCCESS, None, None, None
340.05, [INFO], r1, {'y': 36.118, 'x': -37.0, 'yaw': -3.141}, pose, None, None
340.05, [INFO], r1, {'battery-level': '83.10'}, battery_charge, None, None
