9.10, [INFO], r1, started skill, None, navto, None
10.05, [INFO], r1, {'battery-level': '99.55'}, battery_charge, None, None
10.05, [INFO], r1, {'y': 21.496, 'x': -37.882, 'yaw': -3.139}, pose, None, None
20.02, [INFO], r1, {'battery-level': '99.05'}, battery_charge, None, None
20.02, [INFO], r1, {'y': 19.753, 'x': -37.153, 'yaw': 3.142}, pose, None, None
30.00, [INFO], r1, {'y': 17.643, 'x': -37.099, 'yaw': 3.14}, pose, None, None
30.00, [INFO], r1, {'battery-level': '98.55'}, battery_charge, None, None
40.09, [INFO], r1, {'y': 15.985, 'x': -36.326, 'yaw': -3.141}, pose, None, None
40.09, [INFO], r1, {'battery-level': '98.05'}, battery_charge, None, None
50.05, [INFO], r1, {'battery-level': '97.55'}, battery_charge, None, None
50.05, [INFO], r1, {'y': 15.361, 'x': -34.293, 'yaw': 3.142}, pose, None, None
60.06, [INFO], r1, {'y': 15.573, 'x': -32.166, 'yaw': 3.142}, pose, None, None
60.06, [INFO], r1, {'battery-level': '97.05'}, battery_charge, None, None
70.04, [INFO], r1, {'y': 15.652, 'x': -30.049, 'yaw': 3.142}, pose, None, None
70.04, [INFO], r1, {'battery-level': '96.55'}, battery_charge, None, None
80.06, [INFO], r1, {'battery-level': '96.05'}, battery_charge, None, None
80.06, [INFO], r1, {'y': 15.818, 'x': -27.936, 'yaw': 3.139}, pose, None, None
90.04, [INFO], r1, {'y': 15.788, 'x': -25.824, 'yaw': -3.14}, pose, None, None
90.04, [INFO], r1, {'battery-level': '95.55'}, battery_charge, None, None
100.00, [INFO], r1, {'y': 15.718, 'x': -23.714, 'yaw': 3.141}, pose, None, None
100.00, [INFO], r1, {'battery-level': '95.05'}, battery_charge, None, None
110.07, [INFO], r1, {'y': 15.634, 'x': -21.601, 'yaw': 3.14}, pose, None, None
110.07, [INFO], r1, {'battery-level': '94.55'}, battery_charge, None, None
120.04, [INFO], r1, {'battery-level': '94.05'}, battery_charge, None, None
120.04, [INFO], r1, {'y': 15.366, 'x': -19.499, 'yaw': 3.137}, pose, None, None
130.00, [INFO], r1, {'y': 14.114, 'x': -18.006, 'yaw': 3.14}, pose, None, None
130.00, [INFO], r1, {'battery-level': '93.55'}, battery_charge, None, None
140.07, [INFO], r1, {'y': 12.873, 'x': -18.123, 'yaw': 3.142}, pose, None, None
140.07, [INFO], r1, {'battery-level': '93.05'}, battery_charge, None, None
144.09, [INFO], r1, skill-success, None, navto, None
144.09, [INFO], r1, started skill, None, approach-nurse, None
144.09, [INFO], r1, sent message, None, None, None
144.09, [INFO], r1, skill-success, None, approach-nurse, None
144.09, [INFO], r1, started skill, None, open-drawer, None
144.09, [INFO], r1, sent message, None, None, None
144.09, [INFO], r1, skill-success, None, open-drawer, None
144.09, [INFO], r1, started skill, None, deposit, None
144.09, [INFO], r1, sent message, None, None, None
144.09, [INFO], r1, skill-success, None, deposit, None
144.09, [INFO], r1, started skill, None, close-drawer, None
144.09, [INFO], r1, sent message, None, None, None
144.09, [INFO], r1, skill-success, None, close-drawer, None
144.09, [INFO], r1, started skill, None, navto, None
150.03, [INFO], r1, {'y': 14.072, 'x': -18.204, 'yaw': 3.138}, pose, None, None
150.03, [INFO], r1, {'battery-level': '92.55'}, battery_charge, None, None
160.09, [INFO], r1, {'y': 15.395, 'x': -19.682, 'yaw': 3.138}, pose, None, None
160.09, [INFO], r1, {'battery-level': '92.05'}, battery_charge, None, None
170.09, [INFO], r1, {'y': 15.816, 'x': -21.767, 'yaw': -3.141}, pose, None, None
170.09, [INFO], r1, {'battery-level': '91.55'}, battery_charge, None, None
180.06, [INFO], r1, {'y': 15.766, 'x': -23.865, 'yaw': 3.142}, pose, None, None
180.06, [INFO], r1, {'battery-level': '91.05'}, battery_charge, None, None
190.04, [INFO], r1, {'y': 15.776, 'x': -25.98, 'yaw': 3.141}, pose, None, None
190.04, [INFO], r1, {'battery-level': '90.55'}, battery_charge, None, None
200.06, [INFO], r1, {'y': 15.859, 'x': -28.1, 'yaw': 3.142}, pose, None, None
200.06, [INFO], r1, {'battery-level': '90.05'}, battery_charge, None, None
210.07, [INFO], r1, {'y': 15.963, 'x': -30.199, 'yaw': 3.139}, pose, None, None
210.07, [INFO], r1, {'battery-level': '89.55'}, battery_charge, None, None
220.01, [INFO], r1, {'y': 15.776, 'x': -32.288, 'yaw': 3.141}, pose, None, None
220.01, [INFO], r1, {'battery-level': '89.05'}, battery_charge, None, None
230.06, [INFO], r1, {'y': 15.393, 'x': -34.4, 'yaw': 3.142}, pose, None, None
230.06, [INFO], r1, {'battery-level': '88.55'}, battery_charge, None, None
240.05, [INFO], r1, {'battery-level': '88.05'}, battery_charge, None, None
240.05, [INFO], r1, {'y': 16.594, 'x': -36.052, 'yaw': -3.142}, pose, None, None
250.09, [INFO], r1, {'battery-level': '87.55'}, battery_charge, None, None
250.09, [INFO], r1, {'y': 18.699, 'x': -36.144, 'yaw': 3.141}, pose, None, None
260.06, [INFO], r1, {'y': 20.793, 'x': -36.246, 'yaw': 3.142}, pose, None, None
260.06, [INFO], r1, {'battery-level': '87.05'}, battery_charge, None, None
270.07, [INFO], r1, {'y': 22.922, 'x': -36.318, 'yaw': -3.142}, pose, None, None
270.07, [INFO], r1, {'battery-level': '86.55'}, battery_charge, None, None
280.05, [INFO], r1, {'battery-level': '86.05'}, battery_charge, None, None
280.05, [INFO], r1, {'y': 25.023, 'x': -36.302, 'yaw': -3.142}, pose, None, None
290.08, [INFO], r1, {'y': 27.13, 'x': -36.301, 'yaw': -3.142}, pose, None, None
290.08, [INFO], r1, {'battery-level': '85.55'}, battery_charge, None, None
300.06, [INFO], r1, {'y': 29.242, 'x': -36.354, 'yaw': -3.141}, pose, None, None
300.06, [INFO], r1, {'battery-level': '85.05'}, battery_charge, None, None
310.01, [INFO], r1, {'y': 31.352, 'x': -36.471, 'yaw': 3.142}, pose, None, None
310.01, [INFO], r1, {'battery-level': '84.55'}, battery_charge, None, None
320.03, [INFO], r1, {'battery-level': '84.05'}, battery_charge, None, None
320.03, [INFO], r1, {'y': 33.461, 'x': -36.782, 'yaw': -3.142}, pose, None, None
330.05, [INFO], r1, {'y': 35.564, 'x': -36.95, 'yaw': 3.138}, pose, None, None
330.05, [INFO], r1, {'battery-level': '83.55'}, battery_charge, None, None
338.20, [INFO], r1, skill-success, None, navto, None
338.20, [INFO], r1, started skill, None, approach-arm, None
338.20, [INFO], r1, sent message, None, None, None
338.20, [INFO], r1, skill-success, None, approach-arm, None
338.20, [INFO], r1, started skill, None, open-drawer, None
338.20, [INFO], r1, sent message, None, None, None
338.20, [INFO], r1, skill-success, None, open-drawer, None
338.20, [INFO], r1, started skill, None, pick-up-sample, None
338.20, [INFO], r1, sent message, None, None, None
338.20, [INFO], r1, skill-success, None, pick-up-sample, None
338.20, [INFO], r1, started skill, None, close-drawer, None
338.20, [INFO], r1, sent message, None, None, None
338.20, [INFO], r1, skill-success, None, close-drawer, None
338.20, [WARN], r1, SUCCESS, None, None, None
340.03, [INFO], r1, {'y': 36.158, 'x': -36.981, 'yaw': -3.142}, pose, None, None
340.03, [INFO], r1, {'battery-level': '83.05'}, battery_charge, None, None
350.01, [INFO], r1, {'y': 36.158, 'x': -36.981, 'yaw': -3.142}, pose, None, None
350.01, [INFO], r1, {'battery-level': '82.55'}, battery_charge, None, None
