10.02, [INFO], r1, {'y': 21.5, 'x': -38.0, 'yaw': -3.142}, pose, None, None
10.02, [INFO], r1, {'battery-level': '99.60'}, battery_charge, None, None
10.11, [INFO], r1, started skill, None, navto, None
20.01, [INFO], r1, {'battery-level': '99.10'}, battery_charge, None, None
20.01, [INFO], r1, {'y': 19.958, 'x': -37.156, 'yaw': 3.141}, pose, None, None
30.04, [INFO], r1, {'battery-level': '98.60'}, battery_charge, None, None
30.04, [INFO], r1, {'y': 17.841, 'x': -37.111, 'yaw': 3.141}, pose, None, None
40.04, [INFO], r1, {'y': 16.024, 'x': -36.556, 'yaw': -3.142}, pose, None, None
40.04, [INFO], r1, {'battery-level': '98.10'}, battery_charge, None, None
50.08, [INFO], r1, {'y': 15.437, 'x': -34.483, 'yaw': -3.142}, pose, None, None
50.08, [INFO], r1, {'battery-level': '97.60'}, battery_charge, None, None
60.08, [INFO], r1, {'battery-level': '97.10'}, battery_charge, None, None
60.08, [INFO], r1, {'y': 15.532, 'x': -32.357, 'yaw': 3.142}, pose, None, None
70.08, [INFO], r1, {'y': 15.592, 'x': -30.243, 'yaw': 3.142}, pose, None, None
70.08, [INFO], r1, {'battery-level': '96.60'}, battery_charge, None, None
80.08, [INFO], r1, {'y': 15.84, 'x': -28.149, 'yaw': -3.142}, pose, None, None
80.08, [INFO], r1, {'battery-level': '96.10'}, battery_charge, None, None
90.03, [INFO], r1, {'y': 15.804, 'x': -26.038, 'yaw': 3.137}, pose, None, None
90.03, [INFO], r1, {'battery-level': '95.60'}, battery_charge, None, None
100.02, [INFO], r1, {'y': 15.74, 'x': -23.935, 'yaw': 3.141}, pose, None, None
100.02, [INFO], r1, {'battery-level': '95.10'}, battery_charge, None, None
110.07, [INFO], r1, {'battery-level': '94.60'}, battery_charge, None, None
110.07, [INFO], r1, {'y': 15.672, 'x': -21.823, 'yaw': 3.14}, pose, None, None
120.06, [INFO], r1, {'battery-level': '94.10'}, battery_charge, None, None
120.06, [INFO], r1, {'y': 15.45, 'x': -19.709, 'yaw': -3.139}, pose, None, None
130.07, [INFO], r1, {'battery-level': '93.60'}, battery_charge, None, None
130.07, [INFO], r1, {'y': 14.367, 'x': -17.986, 'yaw': 3.141}, pose, None, None
140.07, [INFO], r1, {'battery-level': '93.10'}, battery_charge, None, None
140.07, [INFO], r1, {'y': 12.911, 'x': -18.134, 'yaw': -3.142}, pose, None, None
145.18, [INFO], r1, skill-success, None, navto, None
145.18, [INFO], r1, started skill, None, approach-nurse, None
145.18, [INFO], r1, sent message, None, None, None
145.18, [INFO], r1, skill-success, None, approach-nurse, None
145.18, [INFO], r1, started skill, None, open-drawer, None
145.18, [INFO], r1, sent message, None, None, None
145.18, [INFO], r1, skill-success, None, open-drawer, None
145.18, [INFO], r1, started skill, None, deposit, None
145.18, [INFO], r1, sent message, None, None, None
145.18, [INFO], r1, skill-success, None, deposit, None
145.18, [INFO], r1, started skill, None, close-drawer, None
145.18, [INFO], r1, sent message, None, None, None
145.18, [INFO], r1, skill-success, None, close-drawer, None
145.18, [INFO], r1, started skill, None, navto, None
150.00, [INFO], r1, {'battery-level': '92.60'}, battery_charge, None, None
150.00, [INFO], r1, {'y': 13.874, 'x': -18.172, 'yaw': 3.14}, pose, None, None
160.05, [INFO], r1, {'battery-level': '92.10'}, battery_charge, None, None
160.05, [INFO], r1, {'y': 15.342, 'x': -19.418, 'yaw': -3.141}, pose, None, None
170.09, [INFO], r1, {'battery-level': '91.60'}, battery_charge, None, None
170.09, [INFO], r1, {'y': 15.706, 'x': -21.534, 'yaw': -3.141}, pose, None, None
180.00, [INFO], r1, {'y': 15.728, 'x': -23.643, 'yaw': 3.141}, pose, None, None
180.00, [INFO], r1, {'battery-level': '91.10'}, battery_charge, None, None
190.01, [INFO], r1, {'battery-level': '90.60'}, battery_charge, None, None
190.01, [INFO], r1, {'y': 15.79, 'x': -25.779, 'yaw': 3.14}, pose, None, None
200.02, [INFO], r1, {'battery-level': '90.10'}, battery_charge, None, None
200.02, [INFO], r1, {'y': 15.894, 'x': -27.893, 'yaw': 3.141}, pose, None, None
210.08, [INFO], r1, {'y': 15.917, 'x': -30.029, 'yaw': 3.141}, pose, None, None
210.08, [INFO], r1, {'battery-level': '89.60'}, battery_charge, None, None
220.09, [INFO], r1, {'y': 15.786, 'x': -32.146, 'yaw': 3.14}, pose, None, None
220.09, [INFO], r1, {'battery-level': '89.10'}, battery_charge, None, None
230.00, [INFO], r1, {'battery-level': '88.60'}, battery_charge, None, None
230.00, [INFO], r1, {'y': 15.436, 'x': -34.239, 'yaw': -3.142}, pose, None, None
240.01, [INFO], r1, {'y': 16.513, 'x': -35.947, 'yaw': -3.142}, pose, None, None
240.01, [INFO], r1, {'battery-level': '88.10'}, battery_charge, None, None
250.02, [INFO], r1, {'y': 18.61, 'x': -36.108, 'yaw': 3.142}, pose, None, None
250.02, [INFO], r1, {'battery-level': '87.60'}, battery_charge, None, None
260.09, [INFO], r1, {'y': 20.742, 'x': -36.21, 'yaw': -3.142}, pose, None, None
260.09, [INFO], r1, {'battery-level': '87.10'}, battery_charge, None, None
270.00, [INFO], r1, {'y': 22.84, 'x': -36.303, 'yaw': 3.141}, pose, None, None
270.00, [INFO], r1, {'battery-level': '86.60'}, battery_charge, None, None
280.06, [INFO], r1, {'y': 24.986, 'x': -36.239, 'yaw': 3.141}, pose, None, None
280.06, [INFO], r1, {'battery-level': '86.10'}, battery_charge, None, None
290.05, [INFO], r1, {'battery-level': '85.60'}, battery_charge, None, None
290.05, [INFO], r1, {'y': 27.106, 'x': -36.28, 'yaw': 3.141}, pose, None, None
300.02, [INFO], r1, {'y': 29.214, 'x': -36.351, 'yaw': -3.142}, pose, None, None
300.02, [INFO], r1, {'battery-level': '85.10'}, battery_charge, None, None
310.03, [INFO], r1, {'y': 31.329, 'x': -36.496, 'yaw': -3.142}, pose, None, None
310.03, [INFO], r1, {'battery-level': '84.60'}, battery_charge, None, None
320.01, [INFO], r1, {'y': 33.428, 'x': -36.794, 'yaw': 3.141}, pose, None, None
320.01, [INFO], r1, {'battery-level': '84.10'}, battery_charge, None, None
330.06, [INFO], r1, {'y': 35.543, 'x': -36.884, 'yaw': 3.138}, pose, None, None
330.06, [INFO], r1, {'battery-level': '83.60'}, battery_charge, None, None
339.83, [INFO], r1, skill-success, None, navto, None
339.83, [INFO], r1, started skill, None, approach-arm, None
339.83, [INFO], r1, sent message, None, None, None
339.83, [INFO], r1, skill-success, None, approach-arm, None
339.83, [INFO], r1, started skill, None, open-drawer, None
339.83, [INFO], r1, sent message, None, None, None
339.83, [INFO], r1, skill-success, None, open-drawer, None
339.83, [INFO], r1, started skill, None, pick-up-sample, None
339.83, [INFO], r1, sent message, None, None, None
339.83, [INFO], r1, skill-success, None, pick-up-sample, None
339.83, [INFO], r1, started skill, None, close-drawer, None
339.83, [INFO], r1, sent message, None, None, None
339.83, [INFO], r1, skill-success, None, close-drawer, None
339.83, [WARN], r1, SUCCESS, None, None, None
340.02, [INFO], r1, {'y': 36.076, 'x': -36.954, 'yaw': 3.14}, pose, None, None
340.02, [INFO], r1, {'battery-level': '83.10'}, battery_charge, None, None
350.01, [INFO], r1, {'battery-level': '82.60'}, battery_charge, None, None
350.01, [INFO], r1, {'y': 36.076, 'x': -36.954, 'yaw': -3.142}, pose, None, None
