9.53, [INFO], r1, started skill, None, navto, None
10.02, [INFO], r1, {'y': 21.5, 'x': -37.962, 'yaw': 3.141}, pose, None, None
10.02, [INFO], r1, {'battery-level': '99.55'}, battery_charge, None, None
20.08, [INFO], r1, {'battery-level': '99.05'}, battery_charge, None, None
20.08, [INFO], r1, {'y': 19.816, 'x': -37.189, 'yaw': -3.142}, pose, None, None
30.06, [INFO], r1, {'y': 17.724, 'x': -37.138, 'yaw': 3.14}, pose, None, None
30.06, [INFO], r1, {'battery-level': '98.55'}, battery_charge, None, None
40.06, [INFO], r1, {'y': 15.996, 'x': -36.448, 'yaw': 3.141}, pose, None, None
40.06, [INFO], r1, {'battery-level': '98.05'}, battery_charge, None, None
50.01, [INFO], r1, {'battery-level': '97.55'}, battery_charge, None, None
50.01, [INFO], r1, {'y': 15.355, 'x': -34.407, 'yaw': -3.142}, pose, None, None
60.06, [INFO], r1, {'y': 15.538, 'x': -32.286, 'yaw': -3.142}, pose, None, None
60.06, [INFO], r1, {'battery-level': '97.05'}, battery_charge, None, None
70.08, [INFO], r1, {'y': 15.571, 'x': -30.164, 'yaw': 3.14}, pose, None, None
70.08, [INFO], r1, {'battery-level': '96.55'}, battery_charge, None, None
80.05, [INFO], r1, {'y': 15.777, 'x': -28.058, 'yaw': -3.142}, pose, None, None
80.05, [INFO], r1, {'battery-level': '96.05'}, battery_charge, None, None
90.07, [INFO], r1, {'y': 15.944, 'x': -25.95, 'yaw': -3.14}, pose, None, None
90.07, [INFO], r1, {'battery-level': '95.55'}, battery_charge, None, None
100.05, [INFO], r1, {'y': 15.842, 'x': -23.84, 'yaw': 3.141}, pose, None, None
100.05, [INFO], r1, {'battery-level': '95.05'}, battery_charge, None, None
110.05, [INFO], r1, {'battery-level': '94.55'}, battery_charge, None, None
110.05, [INFO], r1, {'y': 15.796, 'x': -21.724, 'yaw': -3.142}, pose, None, None
120.05, [INFO], r1, {'y': 15.427, 'x': -19.618, 'yaw': 3.141}, pose, None, None
120.05, [INFO], r1, {'battery-level': '94.05'}, battery_charge, None, None
130.05, [INFO], r1, {'y': 14.265, 'x': -17.984, 'yaw': 3.142}, pose, None, None
130.05, [INFO], r1, {'battery-level': '93.55'}, battery_charge, None, None
140.01, [INFO], r1, {'battery-level': '93.05'}, battery_charge, None, None
140.01, [INFO], r1, {'y': 12.948, 'x': -18.104, 'yaw': 3.141}, pose, None, None
150.05, [INFO], r1, {'battery-level': '92.55'}, battery_charge, None, None
150.05, [INFO], r1, {'y': 12.947, 'x': -18.137, 'yaw': -3.142}, pose, None, None
151.58, [INFO], r1, skill-success, None, navto, None
151.58, [INFO], r1, started skill, None, approach-nurse, None
151.58, [INFO], r1, sent message, None, None, None
151.68, [INFO], r1, skill-success, None, approach-nurse, None
151.68, [INFO], r1, started skill, None, open-drawer, None
151.68, [INFO], r1, sent message, None, None, None
151.68, [INFO], r1, skill-success, None, open-drawer, None
151.68, [INFO], r1, started skill, None, deposit, None
151.68, [INFO], r1, sent message, None, None, None
151.68, [INFO], r1, skill-success, None, deposit, None
151.68, [INFO], r1, started skill, None, close-drawer, None
151.68, [INFO], r1, sent message, None, None, None
151.68, [INFO], r1, skill-success, None, close-drawer, None
151.68, [INFO], r1, started skill, None, navto, None
160.01, [INFO], r1, {'battery-level': '92.05'}, battery_charge, None, None
160.01, [INFO], r1, {'y': 14.643, 'x': -18.283, 'yaw': -3.142}, pose, None, None
170.00, [INFO], r1, {'y': 15.513, 'x': -20.21, 'yaw': -3.136}, pose, None, None
170.00, [INFO], r1, {'battery-level': '91.55'}, battery_charge, None, None
180.05, [INFO], r1, {'y': 15.739, 'x': -22.337, 'yaw': -3.141}, pose, None, None
180.05, [INFO], r1, {'battery-level': '91.05'}, battery_charge, None, None
190.01, [INFO], r1, {'battery-level': '90.55'}, battery_charge, None, None
190.01, [INFO], r1, {'y': 15.699, 'x': -24.442, 'yaw': 3.141}, pose, None, None
200.01, [INFO], r1, {'battery-level': '90.05'}, battery_charge, None, None
200.01, [INFO], r1, {'y': 15.785, 'x': -26.558, 'yaw': -3.141}, pose, None, None
210.07, [INFO], r1, {'battery-level': '89.55'}, battery_charge, None, None
210.07, [INFO], r1, {'y': 15.941, 'x': -28.686, 'yaw': 3.141}, pose, None, None
220.07, [INFO], r1, {'y': 15.897, 'x': -30.81, 'yaw': 3.142}, pose, None, None
220.07, [INFO], r1, {'battery-level': '89.05'}, battery_charge, None, None
230.08, [INFO], r1, {'battery-level': '88.55'}, battery_charge, None, None
230.08, [INFO], r1, {'y': 15.728, 'x': -32.928, 'yaw': -3.142}, pose, None, None
240.07, [INFO], r1, {'battery-level': '88.05'}, battery_charge, None, None
240.07, [INFO], r1, {'y': 15.507, 'x': -35.047, 'yaw': -3.142}, pose, None, None
250.09, [INFO], r1, {'y': 17.269, 'x': -36.081, 'yaw': -3.142}, pose, None, None
250.09, [INFO], r1, {'battery-level': '87.55'}, battery_charge, None, None
260.07, [INFO], r1, {'battery-level': '87.05'}, battery_charge, None, None
260.07, [INFO], r1, {'y': 19.379, 'x': -36.197, 'yaw': 3.141}, pose, None, None
270.04, [INFO], r1, {'y': 21.485, 'x': -36.286, 'yaw': 3.141}, pose, None, None
270.04, [INFO], r1, {'battery-level': '86.55'}, battery_charge, None, None
280.05, [INFO], r1, {'battery-level': '86.05'}, battery_charge, None, None
280.05, [INFO], r1, {'y': 23.614, 'x': -36.356, 'yaw': 3.14}, pose, None, None
290.04, [INFO], r1, {'y': 25.749, 'x': -36.311, 'yaw': 3.141}, pose, None, None
290.04, [INFO], r1, {'battery-level': '85.55'}, battery_charge, None, None
300.06, [INFO], r1, {'y': 27.863, 'x': -36.323, 'yaw': 3.141}, pose, None, None
300.06, [INFO], r1, {'battery-level': '85.05'}, battery_charge, None, None
310.06, [INFO], r1, {'y': 29.998, 'x': -36.386, 'yaw': 3.142}, pose, None, None
310.06, [INFO], r1, {'battery-level': '84.55'}, battery_charge, None, None
320.01, [INFO], r1, {'battery-level': '84.05'}, battery_charge, None, None
320.01, [INFO], r1, {'y': 32.103, 'x': -36.526, 'yaw': -3.142}, pose, None, None
330.04, [INFO], r1, {'y': 34.205, 'x': -36.921, 'yaw': 3.142}, pose, None, None
330.04, [INFO], r1, {'battery-level': '83.55'}, battery_charge, None, None
340.01, [INFO], r1, {'battery-level': '83.05'}, battery_charge, None, None
340.01, [INFO], r1, {'y': 36.061, 'x': -36.939, 'yaw': 3.14}, pose, None, None
346.86, [INFO], r1, skill-success, None, navto, None
346.86, [INFO], r1, started skill, None, approach-arm, None
346.86, [WARN], r1, SKILL-FAILURE, None, approach-arm, None
350.07, [INFO], r1, {'y': 36.142, 'x': -36.955, 'yaw': -3.142}, pose, None, None
350.07, [INFO], r1, {'battery-level': '82.55'}, battery_charge, None, None
