9.37, [INFO], r1, started skill, None, navto, None
10.04, [INFO], r1, {'y': 21.499, 'x': -37.926, 'yaw': 3.139}, pose, None, None
10.04, [INFO], r1, {'battery-level': '99.55'}, battery_charge, None, None
20.01, [INFO], r1, {'y': 19.795, 'x': -37.189, 'yaw': 3.142}, pose, None, None
20.01, [INFO], r1, {'battery-level': '99.05'}, battery_charge, None, None
30.04, [INFO], r1, {'battery-level': '98.55'}, battery_charge, None, None
30.04, [INFO], r1, {'y': 17.669, 'x': -37.106, 'yaw': 3.141}, pose, None, None
40.09, [INFO], r1, {'y': 15.987, 'x': -36.341, 'yaw': 3.141}, pose, None, None
40.09, [INFO], r1, {'battery-level': '98.05'}, battery_charge, None, None
50.03, [INFO], r1, {'y': 15.41, 'x': -34.293, 'yaw': 3.141}, pose, None, None
50.03, [INFO], r1, {'battery-level': '97.55'}, battery_charge, None, None
60.09, [INFO], r1, {'y': 15.572, 'x': -32.155, 'yaw': -3.141}, pose, None, None
60.09, [INFO], r1, {'battery-level': '97.05'}, battery_charge, None, None
70.05, [INFO], r1, {'battery-level': '96.55'}, battery_charge, None, None
70.05, [INFO], r1, {'y': 15.677, 'x': -30.048, 'yaw': 3.141}, pose, None, None
80.02, [INFO], r1, {'y': 15.771, 'x': -28.611, 'yaw': -3.142}, pose, None, None
80.02, [INFO], r1, {'battery-level': '96.05'}, battery_charge, None, None
90.00, [INFO], r1, {'y': 17.057, 'x': -28.252, 'yaw': -3.138}, pose, None, None
90.00, [INFO], r1, {'battery-level': '95.55'}, battery_charge, None, None
100.09, [INFO], r1, {'y': 16.886, 'x': -28.435, 'yaw': 3.136}, pose, None, None
100.09, [INFO], r1, {'battery-level': '95.05'}, battery_charge, None, None
110.08, [INFO], r1, {'y': 17.054, 'x': -28.45, 'yaw': -3.142}, pose, None, None
110.08, [INFO], r1, {'battery-level': '94.55'}, battery_charge, None, None
120.06, [INFO], r1, {'battery-level': '94.05'}, battery_charge, None, None
120.06, [INFO], r1, {'y': 16.961, 'x': -28.324, 'yaw': 3.139}, pose, None, None
130.06, [INFO], r1, {'y': 16.769, 'x': -28.642, 'yaw': 3.141}, pose, None, None
130.06, [INFO], r1, {'battery-level': '93.55'}, battery_charge, None, None
140.07, [INFO], r1, {'battery-level': '93.05'}, battery_charge, None, None
140.07, [INFO], r1, {'y': 17.033, 'x': -28.461, 'yaw': -3.141}, pose, None, None
150.05, [INFO], r1, {'y': 16.662, 'x': -28.487, 'yaw': 3.14}, pose, None, None
150.05, [INFO], r1, {'battery-level': '92.55'}, battery_charge, None, None
160.05, [INFO], r1, {'y': 16.569, 'x': -28.599, 'yaw': -3.142}, pose, None, None
160.05, [INFO], r1, {'battery-level': '92.05'}, battery_charge, None, None
170.04, [INFO], r1, {'y': 16.648, 'x': -28.643, 'yaw': 3.142}, pose, None, None
170.04, [INFO], r1, {'battery-level': '91.55'}, battery_charge, None, None
180.03, [INFO], r1, {'battery-level': '91.05'}, battery_charge, None, None
180.03, [INFO], r1, {'y': 16.76, 'x': -28.461, 'yaw': 3.141}, pose, None, None
190.04, [INFO], r1, {'battery-level': '90.55'}, battery_charge, None, None
190.04, [INFO], r1, {'y': 17.026, 'x': -28.216, 'yaw': -3.141}, pose, None, None
200.09, [INFO], r1, {'y': 17.018, 'x': -28.255, 'yaw': -3.142}, pose, None, None
200.09, [INFO], r1, {'battery-level': '90.05'}, battery_charge, None, None
202.77, [WARN], r1, SKILL-FAILURE, None, navto, None
