9.65, [INFO], r1, started skill, None, navto, None
10.04, [INFO], r1, {'battery-level': '99.55'}, battery_charge, None, None
10.04, [INFO], r1, {'y': 21.5, 'x': -37.969, 'yaw': 3.141}, pose, None, None
20.09, [INFO], r1, {'y': 19.83, 'x': -37.147, 'yaw': 3.141}, pose, None, None
20.09, [INFO], r1, {'battery-level': '99.05'}, battery_charge, None, None
30.02, [INFO], r1, {'battery-level': '98.55'}, battery_charge, None, None
30.02, [INFO], r1, {'y': 17.728, 'x': -37.07, 'yaw': 3.142}, pose, None, None
40.06, [INFO], r1, {'y': 15.935, 'x': -36.452, 'yaw': 3.141}, pose, None, None
40.06, [INFO], r1, {'battery-level': '98.05'}, battery_charge, None, None
50.00, [INFO], r1, {'battery-level': '97.55'}, battery_charge, None, None
50.00, [INFO], r1, {'y': 15.394, 'x': -34.397, 'yaw': -3.142}, pose, None, None
60.10, [INFO], r1, {'y': 15.503, 'x': -32.256, 'yaw': 3.142}, pose, None, None
60.10, [INFO], r1, {'battery-level': '97.05'}, battery_charge, None, None
70.09, [INFO], r1, {'battery-level': '96.55'}, battery_charge, None, None
70.09, [INFO], r1, {'y': 15.562, 'x': -30.133, 'yaw': 3.142}, pose, None, None
80.06, [INFO], r1, {'y': 15.817, 'x': -28.024, 'yaw': 3.142}, pose, None, None
80.06, [INFO], r1, {'battery-level': '96.05'}, battery_charge, None, None
90.06, [INFO], r1, {'y': 17.408, 'x': -26.98, 'yaw': -3.141}, pose, None, None
90.06, [INFO], r1, {'battery-level': '95.55'}, battery_charge, None, None
100.04, [INFO], r1, {'battery-level': '95.05'}, battery_charge, None, None
100.04, [INFO], r1, {'y': 17.956, 'x': -27.194, 'yaw': -3.142}, pose, None, None
101.92, [INFO], r1, skill-success, None, navto, None
101.92, [INFO], r1, started skill, None, approach-nurse, None
101.92, [INFO], r1, sent message, None, None, None
102.02, [INFO], r1, skill-success, None, approach-nurse, None
102.02, [INFO], r1, started skill, None, open-drawer, None
102.02, [INFO], r1, sent message, None, None, None
102.02, [INFO], r1, skill-success, None, open-drawer, None
102.02, [INFO], r1, started skill, None, deposit, None
102.02, [INFO], r1, sent message, None, None, None
102.02, [INFO], r1, skill-success, None, deposit, None
102.02, [INFO], r1, started skill, None, close-drawer, None
102.02, [INFO], r1, sent message, None, None, None
102.02, [INFO], r1, skill-success, None, close-drawer, None
102.02, [INFO], r1, started skill, None, navto, None
110.00, [INFO], r1, {'battery-level': '94.55'}, battery_charge, None, None
110.00, [INFO], r1, {'y': 16.33, 'x': -27.099, 'yaw': 3.141}, pose, None, None
120.06, [INFO], r1, {'y': 16.104, 'x': -29.086, 'yaw': -3.142}, pose, None, None
120.06, [INFO], r1, {'battery-level': '94.05'}, battery_charge, None, None
130.09, [INFO], r1, {'battery-level': '93.55'}, battery_charge, None, None
130.09, [INFO], r1, {'y': 16.014, 'x': -31.202, 'yaw': 3.141}, pose, None, None
140.06, [INFO], r1, {'y': 15.729, 'x': -33.291, 'yaw': 3.137}, pose, None, None
140.06, [INFO], r1, {'battery-level': '93.05'}, battery_charge, None, None
150.03, [INFO], r1, {'battery-level': '92.55'}, battery_charge, None, None
150.03, [INFO], r1, {'y': 15.763, 'x': -35.296, 'yaw': -3.141}, pose, None, None
160.07, [INFO], r1, {'battery-level': '92.05'}, battery_charge, None, None
160.07, [INFO], r1, {'y': 17.65, 'x': -36.079, 'yaw': -3.136}, pose, None, None
170.03, [INFO], r1, {'y': 19.746, 'x': -36.206, 'yaw': 3.141}, pose, None, None
170.03, [INFO], r1, {'battery-level': '91.55'}, battery_charge, None, None
180.00, [INFO], r1, {'y': 21.85, 'x': -36.294, 'yaw': 3.141}, pose, None, None
180.00, [INFO], r1, {'battery-level': '91.05'}, battery_charge, None, None
190.06, [INFO], r1, {'y': 23.965, 'x': -36.351, 'yaw': 3.141}, pose, None, None
190.06, [INFO], r1, {'battery-level': '90.55'}, battery_charge, None, None
200.02, [INFO], r1, {'y': 26.071, 'x': -36.295, 'yaw': 3.141}, pose, None, None
200.02, [INFO], r1, {'battery-level': '90.05'}, battery_charge, None, None
210.04, [INFO], r1, {'y': 28.194, 'x': -36.302, 'yaw': 3.141}, pose, None, None
210.04, [INFO], r1, {'battery-level': '89.55'}, battery_charge, None, None
220.06, [INFO], r1, {'y': 30.322, 'x': -36.414, 'yaw': 3.141}, pose, None, None
220.06, [INFO], r1, {'battery-level': '89.05'}, battery_charge, None, None
230.05, [INFO], r1, {'y': 32.427, 'x': -36.592, 'yaw': 3.142}, pose, None, None
230.05, [INFO], r1, {'battery-level': '88.55'}, battery_charge, None, None
240.09, [INFO], r1, {'y': 34.53, 'x': -36.923, 'yaw': 3.137}, pose, None, None
240.09, [INFO], r1, {'battery-level': '88.05'}, battery_charge, None, None
250.01, [INFO], r1, {'battery-level': '87.55'}, battery_charge, None, None
250.01, [INFO], r1, {'y': 36.117, 'x': -36.948, 'yaw': -3.142}, pose, None, None
260.01, [INFO], r1, {'y': 36.117, 'x': -37.027, 'yaw': 3.142}, pose, None, None
260.01, [INFO], r1, {'battery-level': '87.05'}, battery_charge, None, None
260.21, [INFO], r1, skill-success, None, navto, None
260.21, [INFO], r1, started skill, None, approach-arm, None
260.21, [INFO], r1, sent message, None, None, None
260.21, [INFO], r1, started skill, None, open-drawer, None
260.21, [INFO], r1, sent message, None, None, None
260.21, [INFO], r1, skill-success, None, open-drawer, None
260.21, [INFO], r1, started skill, None, pick-up-sample, None
260.21, [INFO], r1, sent message, None, None, None
260.21, [INFO], r1, skill-success, None, pick-up-sample, None
260.21, [INFO], r1, started skill, None, close-drawer, None
260.21, [INFO], r1, sent message, None, None, None
260.21, [INFO], r1, skill-success, None, close-drawer, None
260.21, [WARN], r1, SUCCESS, None, None, None
270.01, [INFO], r1, {'battery-level': '86.55'}, battery_charge, None, None
270.01, [INFO], r1, {'y': 36.117, 'x': -37.027, 'yaw': -3.142}, pose, None, None
