9.76, [INFO], r1, started skill, None, navto, None
10.06, [INFO], r1, {'y': 21.5, 'x': -38.0, 'yaw': -3.142}, pose, None, None
10.06, [INFO], r1, {'battery-level': '99.60'}, battery_charge, None, None
20.00, [INFO], r1, {'y': 19.911, 'x': -37.141, 'yaw': -3.141}, pose, None, None
20.00, [INFO], r1, {'battery-level': '99.10'}, battery_charge, None, None
30.00, [INFO], r1, {'y': 17.799, 'x': -37.111, 'yaw': 3.14}, pose, None, None
30.00, [INFO], r1, {'battery-level': '98.60'}, battery_charge, None, None
40.04, [INFO], r1, {'y': 16.001, 'x': -36.494, 'yaw': 3.14}, pose, None, None
40.04, [INFO], r1, {'battery-level': '98.10'}, battery_charge, None, None
50.05, [INFO], r1, {'y': 15.378, 'x': -34.428, 'yaw': 3.142}, pose, None, None
50.05, [INFO], r1, {'battery-level': '97.60'}, battery_charge, None, None
60.06, [INFO], r1, {'y': 15.493, 'x': -32.316, 'yaw': 3.142}, pose, None, None
60.06, [INFO], r1, {'battery-level': '97.10'}, battery_charge, None, None
70.06, [INFO], r1, {'y': 15.605, 'x': -30.198, 'yaw': 3.14}, pose, None, None
70.06, [INFO], r1, {'battery-level': '96.60'}, battery_charge, None, None
80.09, [INFO], r1, {'y': 15.814, 'x': -28.083, 'yaw': 3.142}, pose, None, None
80.09, [INFO], r1, {'battery-level': '96.10'}, battery_charge, None, None
90.04, [INFO], r1, {'y': 16.018, 'x': -25.979, 'yaw': -3.139}, pose, None, None
90.04, [INFO], r1, {'battery-level': '95.60'}, battery_charge, None, None
100.02, [INFO], r1, {'y': 16.001, 'x': -23.873, 'yaw': -3.141}, pose, None, None
100.02, [INFO], r1, {'battery-level': '95.10'}, battery_charge, None, None
110.02, [INFO], r1, {'y': 16.212, 'x': -21.761, 'yaw': 3.141}, pose, None, None
110.02, [INFO], r1, {'battery-level': '94.60'}, battery_charge, None, None
120.01, [INFO], r1, {'y': 17.723, 'x': -20.98, 'yaw': 3.142}, pose, None, None
120.01, [INFO], r1, {'battery-level': '94.10'}, battery_charge, None, None
130.00, [INFO], r1, {'battery-level': '93.60'}, battery_charge, None, None
130.00, [INFO], r1, {'y': 18.055, 'x': -21.091, 'yaw': -3.141}, pose, None, None
135.60, [INFO], r1, skill-success, None, navto, None
135.60, [INFO], r1, started skill, None, approach-nurse, None
135.60, [INFO], r1, sent message, None, None, None
135.60, [INFO], r1, skill-success, None, approach-nurse, None
135.60, [INFO], r1, started skill, None, authenticate-nurse, None
135.60, [INFO], r1, sent message, None, None, None
135.60, [INFO], r1, skill-success, None, authenticate-nurse, None
135.60, [INFO], r1, started skill, None, open-drawer, None
135.60, [INFO], r1, sent message, None, None, None
135.60, [INFO], r1, skill-success, None, open-drawer, None
135.60, [INFO], r1, started skill, None, deposit, None
135.60, [INFO], r1, sent message, None, None, None
135.60, [INFO], r1, skill-success, None, deposit, None
135.60, [INFO], r1, started skill, None, close-drawer, None
135.60, [INFO], r1, sent message, None, None, None
135.60, [INFO], r1, skill-success, None, close-drawer, None
135.60, [INFO], r1, started skill, None, navto, None
140.02, [INFO], r1, {'y': 17.12, 'x': -21.063, 'yaw': -3.138}, pose, None, None
140.02, [INFO], r1, {'battery-level': '93.10'}, battery_charge, None, None
150.03, [INFO], r1, {'y': 16.225, 'x': -22.634, 'yaw': 3.142}, pose, None, None
150.03, [INFO], r1, {'battery-level': '92.60'}, battery_charge, None, None
160.08, [INFO], r1, {'y': 16.137, 'x': -24.769, 'yaw': 3.141}, pose, None, None
160.08, [INFO], r1, {'battery-level': '92.10'}, battery_charge, None, None
170.09, [INFO], r1, {'y': 15.985, 'x': -26.892, 'yaw': 3.142}, pose, None, None
170.09, [INFO], r1, {'battery-level': '91.60'}, battery_charge, None, None
180.02, [INFO], r1, {'y': 15.919, 'x': -28.996, 'yaw': 3.141}, pose, None, None
180.02, [INFO], r1, {'battery-level': '91.10'}, battery_charge, None, None
190.09, [INFO], r1, {'y': 15.829, 'x': -31.13, 'yaw': 3.14}, pose, None, None
190.09, [INFO], r1, {'battery-level': '90.60'}, battery_charge, None, None
200.03, [INFO], r1, {'y': 15.658, 'x': -33.243, 'yaw': -3.141}, pose, None, None
200.03, [INFO], r1, {'battery-level': '90.10'}, battery_charge, None, None
210.04, [INFO], r1, {'y': 15.695, 'x': -35.278, 'yaw': -3.142}, pose, None, None
210.04, [INFO], r1, {'battery-level': '89.60'}, battery_charge, None, None
220.05, [INFO], r1, {'y': 17.577, 'x': -36.061, 'yaw': -3.142}, pose, None, None
220.05, [INFO], r1, {'battery-level': '89.10'}, battery_charge, None, None
230.08, [INFO], r1, {'y': 19.695, 'x': -36.214, 'yaw': -3.141}, pose, None, None
230.08, [INFO], r1, {'battery-level': '88.60'}, battery_charge, None, None
240.06, [INFO], r1, {'battery-level': '88.10'}, battery_charge, None, None
240.06, [INFO], r1, {'y': 21.802, 'x': -36.321, 'yaw': 3.141}, pose, None, None
250.09, [INFO], r1, {'y': 23.931, 'x': -36.304, 'yaw': 3.141}, pose, None, None
250.09, [INFO], r1, {'battery-level': '87.60'}, battery_charge, None, None
260.04, [INFO], r1, {'y': 26.04, 'x': -36.296, 'yaw': 3.14}, pose, None, None
260.04, [INFO], r1, {'battery-level': '87.10'}, battery_charge, None, None
270.01, [INFO], r1, {'y': 28.16, 'x': -36.335, 'yaw': 3.14}, pose, None, None
270.01, [INFO], r1, {'battery-level': '86.60'}, battery_charge, None, None
280.05, [INFO], r1, {'y': 30.271, 'x': -36.439, 'yaw': -3.136}, pose, None, None
280.05, [INFO], r1, {'battery-level': '86.10'}, battery_charge, None, None
290.09, [INFO], r1, {'battery-level': '85.60'}, battery_charge, None, None
290.09, [INFO], r1, {'y': 32.38, 'x': -36.655, 'yaw': -3.142}, pose, None, None
300.03, [INFO], r1, {'y': 34.475, 'x': -36.888, 'yaw': -3.142}, pose, None, None
300.03, [INFO], r1, {'battery-level': '85.10'}, battery_charge, None, None
310.00, [INFO], r1, {'y': 36.027, 'x': -36.95, 'yaw': -3.142}, pose, None, None
310.00, [INFO], r1, {'battery-level': '84.60'}, battery_charge, None, None
315.62, [INFO], r1, skill-success, None, navto, None
315.62, [INFO], r1, started skill, None, approach-arm, None
315.62, [INFO], r1, sent message, None, None, None
315.62, [INFO], r1, started skill, None, open-drawer, None
315.62, [INFO], r1, sent message, None, None, None
315.62, [INFO], r1, skill-success, None, open-drawer, None
315.62, [INFO], r1, started skill, None, pick-up-sample, None
315.62, [INFO], r1, sent message, None, None, None
315.62, [INFO], r1, skill-success, None, pick-up-sample, None
315.62, [INFO], r1, started skill, None, close-drawer, None
315.62, [INFO], r1, sent message, None, None, None
315.62, [INFO], r1, skill-success, None, close-drawer, None
315.62, [WARN], r1, SUCCESS, None, None, None
320.07, [INFO], r1, {'y': 36.045, 'x': -36.96, 'yaw': 3.142}, pose, None, None
320.07, [INFO], r1, {'battery-level': '84.10'}, battery_charge, None, None
