9.95, [INFO], r1, started skill, None, navto, None
10.05, [INFO], r1, {'y': 21.5, 'x': -38.0, 'yaw': 3.142}, pose, None, None
10.05, [INFO], r1, {'battery-level': '99.60'}, battery_charge, None, None
20.08, [INFO], r1, {'battery-level': '99.10'}, battery_charge, None, None
20.08, [INFO], r1, {'y': 19.913, 'x': -37.144, 'yaw': 3.141}, pose, None, None
30.00, [INFO], r1, {'y': 17.814, 'x': -37.137, 'yaw': 3.141}, pose, None, None
30.00, [INFO], r1, {'battery-level': '98.60'}, battery_charge, None, None
40.04, [INFO], r1, {'y': 15.9, 'x': -36.619, 'yaw': 3.142}, pose, None, None
40.04, [INFO], r1, {'battery-level': '98.10'}, battery_charge, None, None
50.07, [INFO], r1, {'y': 15.345, 'x': -34.542, 'yaw': -3.142}, pose, None, None
50.07, [INFO], r1, {'battery-level': '97.60'}, battery_charge, None, None
60.01, [INFO], r1, {'battery-level': '97.10'}, battery_charge, None, None
60.01, [INFO], r1, {'y': 15.44, 'x': -32.428, 'yaw': -3.142}, pose, None, None
70.05, [INFO], r1, {'y': 15.553, 'x': -30.317, 'yaw': 3.141}, pose, None, None
70.05, [INFO], r1, {'battery-level': '96.60'}, battery_charge, None, None
80.08, [INFO], r1, {'y': 15.806, 'x': -28.193, 'yaw': -3.142}, pose, None, None
80.08, [INFO], r1, {'battery-level': '96.10'}, battery_charge, None, None
90.02, [INFO], r1, {'y': 16.154, 'x': -26.113, 'yaw': 3.141}, pose, None, None
90.02, [INFO], r1, {'battery-level': '95.60'}, battery_charge, None, None
100.05, [INFO], r1, {'battery-level': '95.10'}, battery_charge, None, None
100.05, [INFO], r1, {'y': 16.116, 'x': -23.999, 'yaw': -3.141}, pose, None, None
110.09, [INFO], r1, {'y': 16.167, 'x': -21.877, 'yaw': -3.142}, pose, None, None
110.09, [INFO], r1, {'battery-level': '94.60'}, battery_charge, None, None
120.02, [INFO], r1, {'y': 16.395, 'x': -19.776, 'yaw': -3.14}, pose, None, None
120.02, [INFO], r1, {'battery-level': '94.10'}, battery_charge, None, None
130.06, [INFO], r1, {'y': 17.906, 'x': -19.024, 'yaw': 3.142}, pose, None, None
130.06, [INFO], r1, {'battery-level': '93.60'}, battery_charge, None, None
140.09, [INFO], r1, {'y': 17.971, 'x': -18.985, 'yaw': 3.141}, pose, None, None
140.09, [INFO], r1, {'battery-level': '93.10'}, battery_charge, None, None
144.01, [INFO], r1, skill-success, None, navto, None
144.01, [INFO], r1, started skill, None, approach-nurse, None
144.01, [INFO], r1, sent message, None, None, None
144.01, [INFO], r1, skill-success, None, approach-nurse, None
144.01, [INFO], r1, started skill, None, authenticate-nurse, None
144.01, [INFO], r1, sent message, None, None, None
144.01, [INFO], r1, skill-success, None, authenticate-nurse, None
144.01, [INFO], r1, started skill, None, open-drawer, None
144.01, [INFO], r1, sent message, None, None, None
144.01, [INFO], r1, skill-success, None, open-drawer, None
144.01, [INFO], r1, started skill, None, deposit, None
144.01, [INFO], r1, sent message, None, None, None
144.01, [INFO], r1, skill-success, None, deposit, None
144.01, [INFO], r1, started skill, None, close-drawer, None
144.01, [WARN], r1, SKILL-FAILURE, None, close-drawer, None
150.03, [INFO], r1, {'y': 17.968, 'x': -18.988, 'yaw': 3.142}, pose, None, None
150.03, [INFO], r1, {'battery-level': '92.60'}, battery_charge, None, None
