9.47, [INFO], r1, started skill, None, navto, None
10.05, [INFO], r1, {'y': 21.5, 'x': -37.961, 'yaw': 3.141}, pose, None, None
10.05, [INFO], r1, {'battery-level': '99.55'}, battery_charge, None, None
20.05, [INFO], r1, {'y': 19.851, 'x': -37.155, 'yaw': 3.141}, pose, None, None
20.05, [INFO], r1, {'battery-level': '99.05'}, battery_charge, None, None
30.01, [INFO], r1, {'y': 17.758, 'x': -37.141, 'yaw': 3.141}, pose, None, None
30.01, [INFO], r1, {'battery-level': '98.55'}, battery_charge, None, None
40.09, [INFO], r1, {'y': 16.013, 'x': -36.399, 'yaw': 3.141}, pose, None, None
40.09, [INFO], r1, {'battery-level': '98.05'}, battery_charge, None, None
50.07, [INFO], r1, {'y': 15.422, 'x': -34.35, 'yaw': -3.141}, pose, None, None
50.07, [INFO], r1, {'battery-level': '97.55'}, battery_charge, None, None
60.05, [INFO], r1, {'y': 15.503, 'x': -32.243, 'yaw': 3.141}, pose, None, None
60.05, [INFO], r1, {'battery-level': '97.05'}, battery_charge, None, None
70.03, [INFO], r1, {'y': 15.581, 'x': -30.136, 'yaw': 3.141}, pose, None, None
70.03, [INFO], r1, {'battery-level': '96.55'}, battery_charge, None, None
80.08, [INFO], r1, {'y': 15.844, 'x': -28.025, 'yaw': 3.142}, pose, None, None
80.08, [INFO], r1, {'battery-level': '96.05'}, battery_charge, None, None
90.05, [INFO], r1, {'y': 16.089, 'x': -25.924, 'yaw': 3.141}, pose, None, None
90.05, [INFO], r1, {'battery-level': '95.55'}, battery_charge, None, None
100.03, [INFO], r1, {'y': 16.024, 'x': -23.821, 'yaw': -3.141}, pose, None, None
100.03, [INFO], r1, {'battery-level': '95.05'}, battery_charge, None, None
110.02, [INFO], r1, {'battery-level': '94.55'}, battery_charge, None, None
110.02, [INFO], r1, {'y': 16.053, 'x': -21.716, 'yaw': 3.141}, pose, None, None
120.00, [INFO], r1, {'y': 16.512, 'x': -19.65, 'yaw': 3.142}, pose, None, None
120.00, [INFO], r1, {'battery-level': '94.05'}, battery_charge, None, None
130.07, [INFO], r1, {'y': 17.927, 'x': -19.009, 'yaw': -3.142}, pose, None, None
130.07, [INFO], r1, {'battery-level': '93.55'}, battery_charge, None, None
136.31, [INFO], r1, skill-success, None, navto, None
136.31, [INFO], r1, started skill, None, approach-nurse, None
136.31, [INFO], r1, sent message, None, None, None
136.31, [INFO], r1, skill-success, None, approach-nurse, None
136.31, [INFO], r1, started skill, None, authenticate-nurse, None
136.31, [INFO], r1, sent message, None, None, None
136.31, [INFO], r1, skill-success, None, authenticate-nurse, None
136.31, [INFO], r1, started skill, None, open-drawer, None
136.31, [INFO], r1, sent message, None, None, None
136.31, [INFO], r1, skill-success, None, open-drawer, None
136.31, [INFO], r1, started skill, None, deposit, None
136.31, [INFO], r1, sent message, None, None, None
136.31, [INFO], r1, skill-success, None, deposit, None
136.31, [INFO], r1, started skill, None, close-drawer, None
136.31, [INFO], r1, sent message, None, None, None
136.31, [INFO], r1, skill-success, None, close-drawer, None
136.31, [INFO], r1, started skill, None, navto, None
140.04, [INFO], r1, {'battery-level': '93.05'}, battery_charge, None, None
140.04, [INFO], r1, {'y': 17.323, 'x': -19.305, 'yaw': 3.142}, pose, None, None
150.02, [INFO], r1, {'y': 16.302, 'x': -20.865, 'yaw': 3.141}, pose, None, None
150.02, [INFO], r1, {'battery-level': '92.55'}, battery_charge, None, None
160.01, [INFO], r1, {'y': 16.204, 'x': -22.969, 'yaw': 3.142}, pose, None, None
160.01, [INFO], r1, {'battery-level': '92.05'}, battery_charge, None, None
170.09, [INFO], r1, {'y': 16.153, 'x': -25.106, 'yaw': 3.142}, pose, None, None
170.09, [INFO], r1, {'battery-level': '91.55'}, battery_charge, None, None
180.06, [INFO], r1, {'y': 15.924, 'x': -27.207, 'yaw': 3.141}, pose, None, None
180.06, [INFO], r1, {'battery-level': '91.05'}, battery_charge, None, None
190.04, [INFO], r1, {'y': 16.073, 'x': -29.327, 'yaw': -3.142}, pose, None, None
190.04, [INFO], r1, {'battery-level': '90.55'}, battery_charge, None, None
200.04, [INFO], r1, {'y': 15.967, 'x': -31.442, 'yaw': 3.141}, pose, None, None
200.04, [INFO], r1, {'battery-level': '90.05'}, battery_charge, None, None
210.07, [INFO], r1, {'battery-level': '89.55'}, battery_charge, None, None
210.07, [INFO], r1, {'y': 15.691, 'x': -33.559, 'yaw': 3.142}, pose, None, None
220.04, [INFO], r1, {'y': 15.889, 'x': -35.518, 'yaw': -3.142}, pose, None, None
220.04, [INFO], r1, {'battery-level': '89.05'}, battery_charge, None, None
230.05, [INFO], r1, {'y': 17.842, 'x': -36.08, 'yaw': 3.141}, pose, None, None
230.05, [INFO], r1, {'battery-level': '88.55'}, battery_charge, None, None
240.00, [INFO], r1, {'battery-level': '88.05'}, battery_charge, None, None
240.00, [INFO], r1, {'y': 19.944, 'x': -36.186, 'yaw': -3.142}, pose, None, None
250.06, [INFO], r1, {'battery-level': '87.55'}, battery_charge, None, None
250.06, [INFO], r1, {'y': 22.058, 'x': -36.278, 'yaw': 3.141}, pose, None, None
260.01, [INFO], r1, {'y': 24.163, 'x': -36.3, 'yaw': 3.141}, pose, None, None
260.01, [INFO], r1, {'battery-level': '87.05'}, battery_charge, None, None
270.07, [INFO], r1, {'battery-level': '86.55'}, battery_charge, None, None
270.07, [INFO], r1, {'y': 26.287, 'x': -36.304, 'yaw': 3.141}, pose, None, None
280.06, [INFO], r1, {'battery-level': '86.05'}, battery_charge, None, None
280.06, [INFO], r1, {'y': 28.404, 'x': -36.359, 'yaw': 3.141}, pose, None, None
290.07, [INFO], r1, {'y': 30.538, 'x': -36.452, 'yaw': 3.142}, pose, None, None
290.07, [INFO], r1, {'battery-level': '85.55'}, battery_charge, None, None
300.07, [INFO], r1, {'y': 32.662, 'x': -36.634, 'yaw': 3.14}, pose, None, None
300.07, [INFO], r1, {'battery-level': '85.05'}, battery_charge, None, None
310.06, [INFO], r1, {'battery-level': '84.55'}, battery_charge, None, None
310.06, [INFO], r1, {'y': 34.763, 'x': -36.86, 'yaw': 3.142}, pose, None, None
320.05, [INFO], r1, {'y': 36.164, 'x': -36.972, 'yaw': -3.142}, pose, None, None
320.05, [INFO], r1, {'battery-level': '84.05'}, battery_charge, None, None
324.45, [INFO], r1, skill-success, None, navto, None
324.45, [INFO], r1, started skill, None, approach-arm, None
324.45, [INFO], r1, sent message, None, None, None
324.45, [INFO], r1, skill-success, None, approach-arm, None
324.45, [INFO], r1, started skill, None, open-drawer, None
324.45, [INFO], r1, sent message, None, None, None
324.45, [INFO], r1, skill-success, None, open-drawer, None
324.45, [INFO], r1, started skill, None, pick-up-sample, None
324.45, [INFO], r1, sent message, None, None, None
324.45, [INFO], r1, skill-success, None, pick-up-sample, None
324.45, [INFO], r1, started skill, None, close-drawer, None
324.45, [INFO], r1, sent message, None, None, None
324.45, [INFO], r1, skill-success, None, close-drawer, None
324.45, [WARN], r1, SUCCESS, None, None, None
330.06, [INFO], r1, {'battery-level': '83.55'}, battery_charge, None, None
330.06, [INFO], r1, {'y': 36.16, 'x': -36.969, 'yaw': -3.142}, pose, None, None
