0.19, [DEBUG], logger, ROBOTS_CONFIG={'capabilities': ['approach_person', 'approach_robot', 'authenticate_person', 'navigation', 'operate_drawer'], 'battery_charge': 0.25, 'nurse_pose': [-11.5, 18.0, -1.57], 'robot_pose': [-38.0, 21.5, 0.0]}, None, None, None
0.19, [DEBUG], logger, Simulation open, None, None, None
10.04, [INFO], r1, {'battery-level': '24.55'}, battery_charge, None, None
10.04, [INFO], r1, {'y': 21.5, 'x': -38.0, 'yaw': 3.142}, pose, None, None
10.82, [INFO], r1, started skill, None, navto, None
20.03, [INFO], r1, {'y': 20.116, 'x': -37.158, 'yaw': -3.142}, pose, None, None
20.03, [INFO], r1, {'battery-level': '24.05'}, battery_charge, None, None
30.01, [INFO], r1, {'y': 17.992, 'x': -37.123, 'yaw': 3.141}, pose, None, None
30.01, [INFO], r1, {'battery-level': '23.55'}, battery_charge, None, None
40.01, [INFO], r1, {'y': 15.975, 'x': -36.762, 'yaw': 3.141}, pose, None, None
40.01, [INFO], r1, {'battery-level': '23.05'}, battery_charge, None, None
50.10, [INFO], r1, {'battery-level': '22.55'}, battery_charge, None, None
50.10, [INFO], r1, {'y': 15.473, 'x': -34.675, 'yaw': -3.142}, pose, None, None
60.10, [INFO], r1, {'y': 15.492, 'x': -32.555, 'yaw': -3.142}, pose, None, None
60.10, [INFO], r1, {'battery-level': '22.05'}, battery_charge, None, None
70.08, [INFO], r1, {'y': 15.544, 'x': -30.45, 'yaw': 3.141}, pose, None, None
70.08, [INFO], r1, {'battery-level': '21.55'}, battery_charge, None, None
80.06, [INFO], r1, {'y': 15.773, 'x': -28.334, 'yaw': 3.141}, pose, None, None
80.06, [INFO], r1, {'battery-level': '21.05'}, battery_charge, None, None
90.06, [INFO], r1, {'y': 16.047, 'x': -26.221, 'yaw': -3.142}, pose, None, None
90.06, [INFO], r1, {'battery-level': '20.55'}, battery_charge, None, None
100.04, [INFO], r1, {'y': 15.962, 'x': -24.115, 'yaw': -3.141}, pose, None, None
100.04, [INFO], r1, {'battery-level': '20.05'}, battery_charge, None, None
110.04, [INFO], r1, {'y': 16.049, 'x': -21.99, 'yaw': 3.142}, pose, None, None
110.04, [INFO], r1, {'battery-level': '19.55'}, battery_charge, None, None
120.06, [INFO], r1, {'y': 16.167, 'x': -19.867, 'yaw': 3.142}, pose, None, None
120.06, [INFO], r1, {'battery-level': '19.05'}, battery_charge, None, None
130.06, [INFO], r1, {'y': 16.109, 'x': -17.736, 'yaw': 3.142}, pose, None, None
130.06, [INFO], r1, {'battery-level': '18.55'}, battery_charge, None, None
140.07, [INFO], r1, {'y': 15.964, 'x': -15.624, 'yaw': 3.141}, pose, None, None
140.07, [INFO], r1, {'battery-level': '18.05'}, battery_charge, None, None
150.05, [INFO], r1, {'battery-level': '17.55'}, battery_charge, None, None
150.05, [INFO], r1, {'y': 16.13, 'x': -13.519, 'yaw': 3.141}, pose, None, None
160.05, [INFO], r1, {'y': 17.267, 'x': -11.849, 'yaw': 3.141}, pose, None, None
160.05, [INFO], r1, {'battery-level': '17.05'}, battery_charge, None, None
170.02, [INFO], r1, {'y': 17.98, 'x': -11.555, 'yaw': 3.142}, pose, None, None
170.02, [INFO], r1, {'battery-level': '16.55'}, battery_charge, None, None
171.31, [INFO], r1, skill-success, None, navto, None
171.31, [INFO], r1, started skill, None, approach-nurse, None
171.31, [INFO], r1, sent message, None, None, None
171.31, [INFO], r1, skill-success, None, approach-nurse, None
171.31, [INFO], r1, started skill, None, authenticate-nurse, None
171.31, [INFO], r1, sent message, None, None, None
171.31, [INFO], r1, skill-success, None, authenticate-nurse, None
171.31, [INFO], r1, started skill, None, open-drawer, None
171.31, [INFO], r1, sent message, None, None, None
171.31, [INFO], r1, skill-success, None, open-drawer, None
171.31, [INFO], r1, started skill, None, deposit, None
171.31, [INFO], r1, sent message, None, None, None
171.31, [INFO], r1, skill-success, None, deposit, None
171.31, [INFO], r1, started skill, None, close-drawer, None
171.31, [INFO], r1, sent message, None, None, None
171.31, [INFO], r1, skill-success, None, close-drawer, None
171.31, [INFO], r1, started skill, None, navto, None
180.00, [INFO], r1, {'y': 16.463, 'x': -12.407, 'yaw': -3.142}, pose, None, None
180.00, [INFO], r1, {'battery-level': '16.05'}, battery_charge, None, None
190.01, [INFO], r1, {'y': 16.294, 'x': -14.492, 'yaw': -3.142}, pose, None, None
190.01, [INFO], r1, {'battery-level': '15.55'}, battery_charge, None, None
200.02, [INFO], r1, {'y': 16.159, 'x': -16.601, 'yaw': 3.141}, pose, None, None
200.02, [INFO], r1, {'battery-level': '15.05'}, battery_charge, None, None
210.01, [INFO], r1, {'y': 16.211, 'x': -18.708, 'yaw': 3.141}, pose, None, None
210.01, [INFO], r1, {'battery-level': '14.55'}, battery_charge, None, None
220.09, [INFO], r1, {'y': 16.343, 'x': -20.834, 'yaw': 3.142}, pose, None, None
220.09, [INFO], r1, {'battery-level': '14.05'}, battery_charge, None, None
230.10, [INFO], r1, {'y': 16.184, 'x': -22.953, 'yaw': 3.142}, pose, None, None
230.10, [INFO], r1, {'battery-level': '13.55'}, battery_charge, None, None
240.01, [INFO], r1, {'battery-level': '13.05'}, battery_charge, None, None
240.01, [INFO], r1, {'y': 16.136, 'x': -25.029, 'yaw': 3.14}, pose, None, None
250.03, [INFO], r1, {'y': 15.883, 'x': -27.147, 'yaw': 3.142}, pose, None, None
250.03, [INFO], r1, {'battery-level': '12.55'}, battery_charge, None, None
260.01, [INFO], r1, {'y': 15.923, 'x': -29.261, 'yaw': 3.142}, pose, None, None
260.01, [INFO], r1, {'battery-level': '12.05'}, battery_charge, None, None
270.00, [INFO], r1, {'y': 15.846, 'x': -31.372, 'yaw': 3.14}, pose, None, None
270.00, [INFO], r1, {'battery-level': '11.55'}, battery_charge, None, None
280.10, [INFO], r1, {'y': 15.661, 'x': -33.505, 'yaw': 3.142}, pose, None, None
280.10, [INFO], r1, {'battery-level': '11.05'}, battery_charge, None, None
290.02, [INFO], r1, {'y': 15.887, 'x': -35.436, 'yaw': 3.142}, pose, None, None
290.02, [INFO], r1, {'battery-level': '10.55'}, battery_charge, None, None
300.02, [INFO], r1, {'battery-level': '10.05'}, battery_charge, None, None
300.02, [INFO], r1, {'y': 17.845, 'x': -36.04, 'yaw': -3.137}, pose, None, None
310.05, [INFO], r1, {'battery-level': '9.55'}, battery_charge, None, None
310.05, [INFO], r1, {'y': 19.977, 'x': -36.199, 'yaw': 3.142}, pose, None, None
320.04, [INFO], r1, {'y': 22.083, 'x': -36.264, 'yaw': 3.141}, pose, None, None
320.04, [INFO], r1, {'battery-level': '9.05'}, battery_charge, None, None
330.06, [INFO], r1, {'y': 24.201, 'x': -36.257, 'yaw': 3.141}, pose, None, None
330.06, [INFO], r1, {'battery-level': '8.55'}, battery_charge, None, None
340.07, [INFO], r1, {'y': 26.306, 'x': -36.254, 'yaw': 3.141}, pose, None, None
340.07, [INFO], r1, {'battery-level': '8.05'}, battery_charge, None, None
350.09, [INFO], r1, {'y': 28.421, 'x': -36.312, 'yaw': 3.141}, pose, None, None
350.09, [INFO], r1, {'battery-level': '7.55'}, battery_charge, None, None
360.10, [INFO], r1, {'y': 30.538, 'x': -36.436, 'yaw': 3.141}, pose, None, None
360.10, [INFO], r1, {'battery-level': '7.05'}, battery_charge, None, None
370.00, [INFO], r1, {'battery-level': '6.55'}, battery_charge, None, None
370.00, [INFO], r1, {'y': 32.631, 'x': -36.63, 'yaw': -3.142}, pose, None, None
380.02, [INFO], r1, {'y': 34.73, 'x': -36.898, 'yaw': 3.141}, pose, None, None
380.02, [INFO], r1, {'battery-level': '6.05'}, battery_charge, None, None
390.05, [INFO], r1, {'y': 36.091, 'x': -36.963, 'yaw': -3.142}, pose, None, None
390.05, [INFO], r1, {'battery-level': '5.55'}, battery_charge, None, None
394.99, [INFO], r1, skill-success, None, navto, None
394.99, [INFO], r1, started skill, None, approach-arm, None
394.99, [INFO], r1, sent message, None, None, None
394.99, [INFO], r1, skill-success, None, approach-arm, None
394.99, [INFO], r1, started skill, None, open-drawer, None
394.99, [INFO], r1, sent message, None, None, None
394.99, [INFO], r1, skill-success, None, open-drawer, None
394.99, [INFO], r1, started skill, None, pick-up-sample, None
394.99, [INFO], r1, sent message, None, None, None
394.99, [INFO], r1, skill-success, None, pick-up-sample, None
394.99, [INFO], r1, started skill, None, close-drawer, None
394.99, [INFO], r1, sent message, None, None, None
394.99, [INFO], r1, skill-success, None, close-drawer, None
394.99, [WARN], r1, SUCCESS, None, None, None
