0.19, [DEBUG], logger, ROBOTS_CONFIG={'capabilities': ['approach_person', 'approach_robot', 'authenticate_person', 'navigation', 'operate_drawer'], 'battery_charge': 1, 'nurse_pose': [-13.5, 18.0, -1.57], 'robot_pose': [-38.0, 21.5, 0.0]}, None, None, None
0.19, [DEBUG], logger, Simulation open, None, None, None
10.05, [INFO], r1, {'y': 21.5, 'x': -38.0, 'yaw': 3.142}, pose, None, None
10.05, [INFO], r1, {'battery-level': '99.55'}, battery_charge, None, None
10.54, [INFO], r1, started skill, None, navto, None
20.04, [INFO], r1, {'y': 20.064, 'x': -37.179, 'yaw': -3.14}, pose, None, None
20.04, [INFO], r1, {'battery-level': '99.05'}, battery_charge, None, None
30.02, [INFO], r1, {'y': 17.968, 'x': -37.129, 'yaw': 3.141}, pose, None, None
30.02, [INFO], r1, {'battery-level': '98.55'}, battery_charge, None, None
40.01, [INFO], r1, {'battery-level': '98.05'}, battery_charge, None, None
40.01, [INFO], r1, {'y': 15.998, 'x': -36.73, 'yaw': 3.14}, pose, None, None
50.02, [INFO], r1, {'battery-level': '97.55'}, battery_charge, None, None
50.02, [INFO], r1, {'y': 15.452, 'x': -34.657, 'yaw': -3.142}, pose, None, None
60.04, [INFO], r1, {'y': 15.46, 'x': -32.539, 'yaw': 3.142}, pose, None, None
60.04, [INFO], r1, {'battery-level': '97.05'}, battery_charge, None, None
70.03, [INFO], r1, {'y': 15.492, 'x': -30.426, 'yaw': 3.141}, pose, None, None
70.03, [INFO], r1, {'battery-level': '96.55'}, battery_charge, None, None
80.02, [INFO], r1, {'y': 15.747, 'x': -28.324, 'yaw': 3.141}, pose, None, None
80.02, [INFO], r1, {'battery-level': '96.05'}, battery_charge, None, None
90.03, [INFO], r1, {'y': 16.141, 'x': -26.235, 'yaw': 3.141}, pose, None, None
90.03, [INFO], r1, {'battery-level': '95.55'}, battery_charge, None, None
100.03, [INFO], r1, {'battery-level': '95.05'}, battery_charge, None, None
100.03, [INFO], r1, {'y': 16.14, 'x': -24.113, 'yaw': 3.14}, pose, None, None
110.01, [INFO], r1, {'y': 16.14, 'x': -22.019, 'yaw': 3.142}, pose, None, None
110.01, [INFO], r1, {'battery-level': '94.55'}, battery_charge, None, None
120.08, [INFO], r1, {'y': 16.249, 'x': -19.894, 'yaw': 3.142}, pose, None, None
120.08, [INFO], r1, {'battery-level': '94.05'}, battery_charge, None, None
130.07, [INFO], r1, {'battery-level': '93.55'}, battery_charge, None, None
130.07, [INFO], r1, {'y': 16.178, 'x': -17.786, 'yaw': 3.142}, pose, None, None
140.04, [INFO], r1, {'y': 16.059, 'x': -15.695, 'yaw': 3.14}, pose, None, None
140.04, [INFO], r1, {'battery-level': '93.05'}, battery_charge, None, None
150.01, [INFO], r1, {'y': 16.439, 'x': -13.661, 'yaw': -3.142}, pose, None, None
150.01, [INFO], r1, {'battery-level': '92.55'}, battery_charge, None, None
160.08, [INFO], r1, {'y': 17.925, 'x': -13.596, 'yaw': 3.141}, pose, None, None
160.08, [INFO], r1, {'battery-level': '92.05'}, battery_charge, None, None
168.89, [INFO], r1, skill-success, None, navto, None
168.89, [INFO], r1, started skill, None, approach-nurse, None
168.89, [INFO], r1, sent message, None, None, None
168.89, [INFO], r1, skill-success, None, approach-nurse, None
168.89, [INFO], r1, started skill, None, authenticate-nurse, None
168.89, [INFO], r1, started skill, None, open-drawer, None
168.89, [INFO], r1, sent message, None, None, None
168.89, [INFO], r1, skill-success, None, open-drawer, None
168.89, [INFO], r1, started skill, None, deposit, None
168.89, [INFO], r1, sent message, None, None, None
168.89, [INFO], r1, skill-success, None, deposit, None
168.89, [INFO], r1, started skill, None, close-drawer, None
168.89, [INFO], r1, sent message, None, None, None
168.89, [INFO], r1, skill-success, None, close-drawer, None
168.89, [INFO], r1, started skill, None, navto, None
170.07, [INFO], r1, {'y': 17.778, 'x': -13.673, 'yaw': 3.141}, pose, None, None
170.07, [INFO], r1, {'battery-level': '91.55'}, battery_charge, None, None
180.06, [INFO], r1, {'y': 16.277, 'x': -14.699, 'yaw': 3.142}, pose, None, None
180.06, [INFO], r1, {'battery-level': '91.05'}, battery_charge, None, None
190.06, [INFO], r1, {'y': 16.186, 'x': -16.823, 'yaw': 3.141}, pose, None, None
190.06, [INFO], r1, {'battery-level': '90.55'}, battery_charge, None, None
200.05, [INFO], r1, {'y': 16.21, 'x': -18.944, 'yaw': -3.142}, pose, None, None
200.05, [INFO], r1, {'battery-level': '90.05'}, battery_charge, None, None
210.06, [INFO], r1, {'y': 16.383, 'x': -21.07, 'yaw': 3.142}, pose, None, None
210.06, [INFO], r1, {'battery-level': '89.55'}, battery_charge, None, None
220.04, [INFO], r1, {'battery-level': '89.05'}, battery_charge, None, None
220.04, [INFO], r1, {'y': 16.219, 'x': -23.186, 'yaw': -3.142}, pose, None, None
230.05, [INFO], r1, {'y': 16.144, 'x': -25.31, 'yaw': 3.14}, pose, None, None
230.05, [INFO], r1, {'battery-level': '88.55'}, battery_charge, None, None
240.01, [INFO], r1, {'y': 15.864, 'x': -27.413, 'yaw': -3.142}, pose, None, None
240.01, [INFO], r1, {'battery-level': '88.05'}, battery_charge, None, None
250.01, [INFO], r1, {'y': 15.95, 'x': -29.54, 'yaw': -3.142}, pose, None, None
250.01, [INFO], r1, {'battery-level': '87.55'}, battery_charge, None, None
260.02, [INFO], r1, {'battery-level': '87.05'}, battery_charge, None, None
260.02, [INFO], r1, {'y': 15.793, 'x': -31.66, 'yaw': 3.141}, pose, None, None
270.02, [INFO], r1, {'y': 15.585, 'x': -33.791, 'yaw': -3.142}, pose, None, None
270.02, [INFO], r1, {'battery-level': '86.55'}, battery_charge, None, None
280.10, [INFO], r1, {'y': 16.206, 'x': -35.691, 'yaw': 3.139}, pose, None, None
280.10, [INFO], r1, {'battery-level': '86.05'}, battery_charge, None, None
290.01, [INFO], r1, {'battery-level': '85.55'}, battery_charge, None, None
290.01, [INFO], r1, {'y': 18.199, 'x': -36.112, 'yaw': 3.137}, pose, None, None
300.01, [INFO], r1, {'y': 20.318, 'x': -36.168, 'yaw': -3.142}, pose, None, None
300.01, [INFO], r1, {'battery-level': '85.05'}, battery_charge, None, None
310.01, [INFO], r1, {'battery-level': '84.55'}, battery_charge, None, None
310.01, [INFO], r1, {'y': 22.443, 'x': -36.284, 'yaw': 3.141}, pose, None, None
320.02, [INFO], r1, {'y': 24.561, 'x': -36.276, 'yaw': 3.14}, pose, None, None
320.02, [INFO], r1, {'battery-level': '84.05'}, battery_charge, None, None
330.05, [INFO], r1, {'y': 26.694, 'x': -36.262, 'yaw': 3.141}, pose, None, None
330.05, [INFO], r1, {'battery-level': '83.55'}, battery_charge, None, None
340.04, [INFO], r1, {'y': 28.816, 'x': -36.336, 'yaw': 3.142}, pose, None, None
340.04, [INFO], r1, {'battery-level': '83.05'}, battery_charge, None, None
350.06, [INFO], r1, {'y': 30.932, 'x': -36.475, 'yaw': 3.142}, pose, None, None
350.06, [INFO], r1, {'battery-level': '82.55'}, battery_charge, None, None
360.05, [INFO], r1, {'y': 33.038, 'x': -36.714, 'yaw': -3.142}, pose, None, None
360.05, [INFO], r1, {'battery-level': '82.05'}, battery_charge, None, None
370.07, [INFO], r1, {'y': 35.16, 'x': -36.903, 'yaw': 3.142}, pose, None, None
370.07, [INFO], r1, {'battery-level': '81.55'}, battery_charge, None, None
380.08, [INFO], r1, {'y': 36.039, 'x': -37.004, 'yaw': -3.142}, pose, None, None
380.08, [INFO], r1, {'battery-level': '81.05'}, battery_charge, None, None
381.77, [INFO], r1, skill-success, None, navto, None
381.77, [INFO], r1, started skill, None, approach-arm, None
381.77, [INFO], r1, sent message, None, None, None
381.77, [INFO], r1, skill-success, None, approach-arm, None
381.77, [INFO], r1, started skill, None, open-drawer, None
381.77, [INFO], r1, sent message, None, None, None
381.77, [INFO], r1, skill-success, None, open-drawer, None
381.77, [INFO], r1, started skill, None, pick-up-sample, None
381.77, [INFO], r1, sent message, None, None, None
381.77, [INFO], r1, skill-success, None, pick-up-sample, None
381.77, [INFO], r1, started skill, None, close-drawer, None
381.77, [INFO], r1, sent message, None, None, None
381.77, [INFO], r1, skill-success, None, close-drawer, None
381.77, [WARN], r1, SUCCESS, None, None, None
