10.03, [INFO], r1, {'y': 21.5, 'x': -38.0, 'yaw': -3.142}, pose, None, None
10.03, [INFO], r1, {'battery-level': '99.60'}, battery_charge, None, None
10.13, [INFO], r1, started skill, None, navto, None
20.08, [INFO], r1, {'battery-level': '99.10'}, battery_charge, None, None
20.08, [INFO], r1, {'y': 19.964, 'x': -37.159, 'yaw': -3.141}, pose, None, None
30.04, [INFO], r1, {'y': 17.869, 'x': -37.148, 'yaw': 3.141}, pose, None, None
30.04, [INFO], r1, {'battery-level': '98.60'}, battery_charge, None, None
40.01, [INFO], r1, {'battery-level': '98.10'}, battery_charge, None, None
40.01, [INFO], r1, {'y': 15.994, 'x': -36.668, 'yaw': 3.141}, pose, None, None
50.02, [INFO], r1, {'y': 15.375, 'x': -34.613, 'yaw': -3.142}, pose, None, None
50.02, [INFO], r1, {'battery-level': '97.60'}, battery_charge, None, None
60.03, [INFO], r1, {'y': 15.488, 'x': -32.486, 'yaw': 3.141}, pose, None, None
60.03, [INFO], r1, {'battery-level': '97.10'}, battery_charge, None, None
70.04, [INFO], r1, {'y': 15.649, 'x': -30.368, 'yaw': 3.142}, pose, None, None
70.04, [INFO], r1, {'battery-level': '96.60'}, battery_charge, None, None
80.04, [INFO], r1, {'y': 15.82, 'x': -28.245, 'yaw': -3.142}, pose, None, None
80.04, [INFO], r1, {'battery-level': '96.10'}, battery_charge, None, None
90.04, [INFO], r1, {'y': 16.077, 'x': -26.12, 'yaw': 3.139}, pose, None, None
90.04, [INFO], r1, {'battery-level': '95.60'}, battery_charge, None, None
100.04, [INFO], r1, {'y': 16.108, 'x': -24.004, 'yaw': -3.142}, pose, None, None
100.04, [INFO], r1, {'battery-level': '95.10'}, battery_charge, None, None
110.05, [INFO], r1, {'battery-level': '94.60'}, battery_charge, None, None
110.05, [INFO], r1, {'y': 16.148, 'x': -21.879, 'yaw': 3.141}, pose, None, None
120.05, [INFO], r1, {'y': 16.256, 'x': -19.764, 'yaw': 3.14}, pose, None, None
120.05, [INFO], r1, {'battery-level': '94.10'}, battery_charge, None, None
130.05, [INFO], r1, {'y': 16.171, 'x': -17.649, 'yaw': 3.142}, pose, None, None
130.05, [INFO], r1, {'battery-level': '93.60'}, battery_charge, None, None
140.04, [INFO], r1, {'y': 16.113, 'x': -15.531, 'yaw': 3.141}, pose, None, None
140.04, [INFO], r1, {'battery-level': '93.10'}, battery_charge, None, None
150.06, [INFO], r1, {'y': 16.78, 'x': -13.625, 'yaw': 3.142}, pose, None, None
150.06, [INFO], r1, {'battery-level': '92.60'}, battery_charge, None, None
160.09, [INFO], r1, {'y': 17.931, 'x': -13.598, 'yaw': 3.142}, pose, None, None
160.09, [INFO], r1, {'battery-level': '92.10'}, battery_charge, None, None
170.06, [INFO], r1, {'battery-level': '91.60'}, battery_charge, None, None
170.06, [INFO], r1, {'y': 17.977, 'x': -13.674, 'yaw': -3.142}, pose, None, None
172.07, [INFO], r1, skill-success, None, navto, None
172.07, [INFO], r1, started skill, None, approach-nurse, None
172.07, [INFO], r1, sent message, None, None, None
172.07, [INFO], r1, skill-success, None, approach-nurse, None
172.07, [INFO], r1, started skill, None, authenticate-nurse, None
172.07, [INFO], r1, sent message, None, None, None
172.07, [INFO], r1, skill-success, None, authenticate-nurse, None
172.07, [INFO], r1, started skill, None, open-drawer, None
172.07, [INFO], r1, sent message, None, None, None
172.07, [INFO], r1, skill-success, None, open-drawer, None
172.07, [INFO], r1, started skill, None, deposit, None
172.07, [INFO], r1, sent message, None, None, None
172.07, [INFO], r1, skill-success, None, deposit, None
172.07, [INFO], r1, started skill, None, close-drawer, None
172.07, [INFO], r1, sent message, None, None, None
172.07, [INFO], r1, skill-success, None, close-drawer, None
172.07, [INFO], r1, started skill, None, navto, None
180.02, [INFO], r1, {'y': 16.434, 'x': -14.006, 'yaw': -3.142}, pose, None, None
180.02, [INFO], r1, {'battery-level': '91.10'}, battery_charge, None, None
190.02, [INFO], r1, {'battery-level': '90.60'}, battery_charge, None, None
190.02, [INFO], r1, {'y': 16.212, 'x': -16.093, 'yaw': 3.14}, pose, None, None
200.03, [INFO], r1, {'y': 16.157, 'x': -18.215, 'yaw': 3.141}, pose, None, None
200.03, [INFO], r1, {'battery-level': '90.10'}, battery_charge, None, None
210.00, [INFO], r1, {'y': 16.294, 'x': -20.326, 'yaw': 3.142}, pose, None, None
210.00, [INFO], r1, {'battery-level': '89.60'}, battery_charge, None, None
220.00, [INFO], r1, {'y': 16.216, 'x': -22.452, 'yaw': 3.141}, pose, None, None
220.00, [INFO], r1, {'battery-level': '89.10'}, battery_charge, None, None
230.08, [INFO], r1, {'battery-level': '88.60'}, battery_charge, None, None
230.08, [INFO], r1, {'y': 16.143, 'x': -24.572, 'yaw': 3.141}, pose, None, None
240.06, [INFO], r1, {'y': 16.078, 'x': -26.688, 'yaw': -3.141}, pose, None, None
240.06, [INFO], r1, {'battery-level': '88.10'}, battery_charge, None, None
250.03, [INFO], r1, {'y': 16.121, 'x': -28.801, 'yaw': 3.141}, pose, None, None
250.03, [INFO], r1, {'battery-level': '87.60'}, battery_charge, None, None
260.06, [INFO], r1, {'y': 16.022, 'x': -30.924, 'yaw': 3.142}, pose, None, None
260.06, [INFO], r1, {'battery-level': '87.10'}, battery_charge, None, None
270.09, [INFO], r1, {'y': 15.783, 'x': -33.046, 'yaw': 3.141}, pose, None, None
270.09, [INFO], r1, {'battery-level': '86.60'}, battery_charge, None, None
280.02, [INFO], r1, {'y': 15.609, 'x': -35.11, 'yaw': -3.141}, pose, None, None
280.02, [INFO], r1, {'battery-level': '86.10'}, battery_charge, None, None
290.07, [INFO], r1, {'y': 17.398, 'x': -36.093, 'yaw': 3.142}, pose, None, None
290.07, [INFO], r1, {'battery-level': '85.60'}, battery_charge, None, None
300.04, [INFO], r1, {'y': 19.502, 'x': -36.174, 'yaw': 3.142}, pose, None, None
300.04, [INFO], r1, {'battery-level': '85.10'}, battery_charge, None, None
310.02, [INFO], r1, {'battery-level': '84.60'}, battery_charge, None, None
310.02, [INFO], r1, {'y': 21.608, 'x': -36.242, 'yaw': 3.14}, pose, None, None
320.00, [INFO], r1, {'y': 23.731, 'x': -36.254, 'yaw': 3.141}, pose, None, None
320.00, [INFO], r1, {'battery-level': '84.10'}, battery_charge, None, None
330.02, [INFO], r1, {'battery-level': '83.60'}, battery_charge, None, None
330.02, [INFO], r1, {'y': 25.856, 'x': -36.238, 'yaw': 3.14}, pose, None, None
340.05, [INFO], r1, {'battery-level': '83.10'}, battery_charge, None, None
340.05, [INFO], r1, {'y': 27.986, 'x': -36.322, 'yaw': 3.141}, pose, None, None
350.08, [INFO], r1, {'y': 30.118, 'x': -36.411, 'yaw': 3.142}, pose, None, None
350.08, [INFO], r1, {'battery-level': '82.60'}, battery_charge, None, None
360.00, [INFO], r1, {'y': 32.235, 'x': -36.559, 'yaw': -3.141}, pose, None, None
360.00, [INFO], r1, {'battery-level': '82.10'}, battery_charge, None, None
370.01, [INFO], r1, {'y': 34.324, 'x': -36.964, 'yaw': 3.142}, pose, None, None
370.01, [INFO], r1, {'battery-level': '81.60'}, battery_charge, None, None
380.05, [INFO], r1, {'battery-level': '81.10'}, battery_charge, None, None
380.05, [INFO], r1, {'y': 36.082, 'x': -36.952, 'yaw': -3.142}, pose, None, None
386.13, [INFO], r1, skill-success, None, navto, None
386.13, [INFO], r1, started skill, None, approach-arm, None
386.13, [INFO], r1, sent message, None, None, None
386.13, [INFO], r1, skill-success, None, approach-arm, None
386.13, [INFO], r1, started skill, None, open-drawer, None
386.13, [INFO], r1, sent message, None, None, None
386.23, [INFO], r1, skill-success, None, open-drawer, None
386.23, [INFO], r1, started skill, None, pick-up-sample, None
386.23, [INFO], r1, sent message, None, None, None
386.23, [INFO], r1, skill-success, None, pick-up-sample, None
386.23, [INFO], r1, started skill, None, close-drawer, None
386.23, [INFO], r1, sent message, None, None, None
386.23, [INFO], r1, skill-success, None, close-drawer, None
386.23, [WARN], r1, SUCCESS, None, None, None
390.01, [INFO], r1, {'y': 36.08, 'x': -36.959, 'yaw': 3.142}, pose, None, None
390.01, [INFO], r1, {'battery-level': '80.60'}, battery_charge, None, None
