10.05, [INFO], r1, {'y': 21.5, 'x': -38.0, 'yaw': -3.142}, pose, None, None
10.05, [INFO], r1, {'battery-level': '99.55'}, battery_charge, None, None
10.05, [INFO], r1, started skill, None, navto, None
20.03, [INFO], r1, {'y': 19.955, 'x': -37.171, 'yaw': 3.141}, pose, None, None
20.03, [INFO], r1, {'battery-level': '99.05'}, battery_charge, None, None
30.02, [INFO], r1, {'y': 17.844, 'x': -37.101, 'yaw': 3.141}, pose, None, None
30.02, [INFO], r1, {'battery-level': '98.55'}, battery_charge, None, None
40.09, [INFO], r1, {'y': 16.027, 'x': -36.521, 'yaw': 3.14}, pose, None, None
40.09, [INFO], r1, {'battery-level': '98.05'}, battery_charge, None, None
50.05, [INFO], r1, {'battery-level': '97.55'}, battery_charge, None, None
50.05, [INFO], r1, {'y': 15.4, 'x': -34.471, 'yaw': -3.142}, pose, None, None
60.05, [INFO], r1, {'y': 15.515, 'x': -32.346, 'yaw': 3.141}, pose, None, None
60.05, [INFO], r1, {'battery-level': '97.05'}, battery_charge, None, None
70.09, [INFO], r1, {'y': 15.655, 'x': -30.226, 'yaw': 3.142}, pose, None, None
70.09, [INFO], r1, {'battery-level': '96.55'}, battery_charge, None, None
80.05, [INFO], r1, {'battery-level': '96.05'}, battery_charge, None, None
80.05, [INFO], r1, {'y': 15.803, 'x': -28.128, 'yaw': 3.142}, pose, None, None
90.01, [INFO], r1, {'y': 16.092, 'x': -26.032, 'yaw': -3.141}, pose, None, None
90.01, [INFO], r1, {'battery-level': '95.55'}, battery_charge, None, None
100.08, [INFO], r1, {'y': 16.052, 'x': -23.913, 'yaw': 3.141}, pose, None, None
100.08, [INFO], r1, {'battery-level': '95.05'}, battery_charge, None, None
110.05, [INFO], r1, {'y': 16.108, 'x': -21.817, 'yaw': -3.142}, pose, None, None
110.05, [INFO], r1, {'battery-level': '94.55'}, battery_charge, None, None
120.09, [INFO], r1, {'battery-level': '94.05'}, battery_charge, None, None
120.09, [INFO], r1, {'y': 16.158, 'x': -19.694, 'yaw': 3.142}, pose, None, None
130.04, [INFO], r1, {'y': 16.132, 'x': -17.591, 'yaw': -3.141}, pose, None, None
130.04, [INFO], r1, {'battery-level': '93.55'}, battery_charge, None, None
140.09, [INFO], r1, {'y': 16.094, 'x': -15.476, 'yaw': -3.141}, pose, None, None
140.09, [INFO], r1, {'battery-level': '93.05'}, battery_charge, None, None
150.05, [INFO], r1, {'y': 16.626, 'x': -13.554, 'yaw': 3.141}, pose, None, None
150.05, [INFO], r1, {'battery-level': '92.55'}, battery_charge, None, None
160.08, [INFO], r1, {'y': 17.938, 'x': -13.621, 'yaw': 3.141}, pose, None, None
160.08, [INFO], r1, {'battery-level': '92.05'}, battery_charge, None, None
165.82, [INFO], r1, skill-success, None, navto, None
165.82, [INFO], r1, started skill, None, approach-nurse, None
165.82, [INFO], r1, sent message, None, None, None
165.82, [INFO], r1, skill-success, None, approach-nurse, None
165.82, [INFO], r1, started skill, None, authenticate-nurse, None
165.82, [INFO], r1, sent message, None, None, None
165.82, [INFO], r1, skill-success, None, authenticate-nurse, None
165.82, [INFO], r1, started skill, None, open-drawer, None
165.82, [INFO], r1, sent message, None, None, None
165.82, [INFO], r1, skill-success, None, open-drawer, None
165.82, [INFO], r1, started skill, None, deposit, None
165.82, [INFO], r1, sent message, None, None, None
165.82, [INFO], r1, skill-success, None, deposit, None
165.82, [INFO], r1, started skill, None, close-drawer, None
165.82, [INFO], r1, sent message, None, None, None
165.82, [INFO], r1, skill-success, None, close-drawer, None
165.82, [INFO], r1, started skill, None, navto, None
170.03, [INFO], r1, {'battery-level': '91.55'}, battery_charge, None, None
170.03, [INFO], r1, {'y': 17.126, 'x': -13.699, 'yaw': 3.139}, pose, None, None
180.07, [INFO], r1, {'battery-level': '91.05'}, battery_charge, None, None
180.07, [INFO], r1, {'y': 16.17, 'x': -15.37, 'yaw': 3.142}, pose, None, None
190.01, [INFO], r1, {'y': 16.091, 'x': -17.475, 'yaw': -3.141}, pose, None, None
190.01, [INFO], r1, {'battery-level': '90.55'}, battery_charge, None, None
200.05, [INFO], r1, {'y': 16.249, 'x': -19.584, 'yaw': 3.141}, pose, None, None
200.05, [INFO], r1, {'battery-level': '90.05'}, battery_charge, None, None
210.04, [INFO], r1, {'y': 16.336, 'x': -21.695, 'yaw': 3.142}, pose, None, None
210.04, [INFO], r1, {'battery-level': '89.55'}, battery_charge, None, None
220.09, [INFO], r1, {'y': 16.115, 'x': -23.807, 'yaw': 3.141}, pose, None, None
220.09, [INFO], r1, {'battery-level': '89.05'}, battery_charge, None, None
230.07, [INFO], r1, {'y': 16.062, 'x': -25.914, 'yaw': 3.141}, pose, None, None
230.07, [INFO], r1, {'battery-level': '88.55'}, battery_charge, None, None
240.04, [INFO], r1, {'y': 16.023, 'x': -28.014, 'yaw': -3.139}, pose, None, None
240.04, [INFO], r1, {'battery-level': '88.05'}, battery_charge, None, None
250.09, [INFO], r1, {'y': 16.05, 'x': -30.136, 'yaw': 3.141}, pose, None, None
250.09, [INFO], r1, {'battery-level': '87.55'}, battery_charge, None, None
260.05, [INFO], r1, {'battery-level': '87.05'}, battery_charge, None, None
260.05, [INFO], r1, {'y': 15.9, 'x': -32.245, 'yaw': 3.141}, pose, None, None
270.00, [INFO], r1, {'battery-level': '86.55'}, battery_charge, None, None
270.00, [INFO], r1, {'y': 15.428, 'x': -34.318, 'yaw': -3.142}, pose, None, None
280.04, [INFO], r1, {'battery-level': '86.05'}, battery_charge, None, None
280.04, [INFO], r1, {'y': 16.639, 'x': -35.958, 'yaw': 3.142}, pose, None, None
290.08, [INFO], r1, {'battery-level': '85.55'}, battery_charge, None, None
290.08, [INFO], r1, {'y': 18.75, 'x': -36.142, 'yaw': 3.142}, pose, None, None
300.04, [INFO], r1, {'battery-level': '85.05'}, battery_charge, None, None
300.04, [INFO], r1, {'y': 20.857, 'x': -36.274, 'yaw': 3.14}, pose, None, None
310.05, [INFO], r1, {'y': 22.973, 'x': -36.34, 'yaw': 3.141}, pose, None, None
310.05, [INFO], r1, {'battery-level': '84.55'}, battery_charge, None, None
320.04, [INFO], r1, {'battery-level': '84.05'}, battery_charge, None, None
320.04, [INFO], r1, {'y': 25.073, 'x': -36.262, 'yaw': 3.141}, pose, None, None
330.02, [INFO], r1, {'y': 27.176, 'x': -36.274, 'yaw': -3.141}, pose, None, None
330.02, [INFO], r1, {'battery-level': '83.55'}, battery_charge, None, None
340.03, [INFO], r1, {'battery-level': '83.05'}, battery_charge, None, None
340.03, [INFO], r1, {'y': 29.294, 'x': -36.342, 'yaw': -3.142}, pose, None, None
350.03, [INFO], r1, {'y': 31.412, 'x': -36.497, 'yaw': 3.142}, pose, None, None
350.03, [INFO], r1, {'battery-level': '82.55'}, battery_charge, None, None
360.02, [INFO], r1, {'y': 33.516, 'x': -36.816, 'yaw': 3.141}, pose, None, None
360.02, [INFO], r1, {'battery-level': '82.05'}, battery_charge, None, None
370.01, [INFO], r1, {'y': 35.624, 'x': -36.888, 'yaw': 3.142}, pose, None, None
370.01, [INFO], r1, {'battery-level': '81.55'}, battery_charge, None, None
380.05, [INFO], r1, {'y': 36.052, 'x': -36.962, 'yaw': 3.141}, pose, None, None
380.05, [INFO], r1, {'battery-level': '81.05'}, battery_charge, None, None
380.24, [INFO], r1, skill-success, None, navto, None
380.24, [INFO], r1, started skill, None, approach-arm, None
380.24, [INFO], r1, sent message, None, None, None
380.24, [INFO], r1, skill-success, None, approach-arm, None
380.24, [INFO], r1, started skill, None, open-drawer, None
380.24, [INFO], r1, sent message, None, None, None
380.24, [INFO], r1, skill-success, None, open-drawer, None
380.24, [INFO], r1, started skill, None, pick-up-sample, None
380.24, [INFO], r1, sent message, None, None, None
380.24, [INFO], r1, skill-success, None, pick-up-sample, None
380.24, [INFO], r1, started skill, None, close-drawer, None
380.24, [INFO], r1, sent message, None, None, None
380.24, [INFO], r1, skill-success, None, close-drawer, None
380.24, [WARN], r1, SUCCESS, None, None, None
390.01, [INFO], r1, {'y': 36.052, 'x': -36.962, 'yaw': -3.142}, pose, None, None
390.01, [INFO], r1, {'battery-level': '80.55'}, battery_charge, None, None
