9.85, [INFO], r1, started skill, None, navto, None
10.04, [INFO], r1, {'battery-level': '99.60'}, battery_charge, None, None
10.04, [INFO], r1, {'y': 21.5, 'x': -38.0, 'yaw': 3.142}, pose, None, None
20.01, [INFO], r1, {'y': 19.929, 'x': -37.175, 'yaw': 3.141}, pose, None, None
20.01, [INFO], r1, {'battery-level': '99.10'}, battery_charge, None, None
30.03, [INFO], r1, {'battery-level': '98.60'}, battery_charge, None, None
30.03, [INFO], r1, {'y': 17.812, 'x': -37.114, 'yaw': 3.141}, pose, None, None
40.02, [INFO], r1, {'y': 15.972, 'x': -36.604, 'yaw': -3.142}, pose, None, None
40.02, [INFO], r1, {'battery-level': '98.10'}, battery_charge, None, None
50.03, [INFO], r1, {'battery-level': '97.60'}, battery_charge, None, None
50.03, [INFO], r1, {'y': 15.385, 'x': -34.542, 'yaw': -3.142}, pose, None, None
60.05, [INFO], r1, {'battery-level': '97.10'}, battery_charge, None, None
60.05, [INFO], r1, {'y': 15.474, 'x': -32.404, 'yaw': -3.142}, pose, None, None
70.04, [INFO], r1, {'y': 15.595, 'x': -30.284, 'yaw': -3.142}, pose, None, None
70.04, [INFO], r1, {'battery-level': '96.60'}, battery_charge, None, None
80.09, [INFO], r1, {'y': 15.795, 'x': -28.167, 'yaw': 3.142}, pose, None, None
80.09, [INFO], r1, {'battery-level': '96.10'}, battery_charge, None, None
90.06, [INFO], r1, {'y': 16.136, 'x': -26.067, 'yaw': -3.139}, pose, None, None
90.06, [INFO], r1, {'battery-level': '95.60'}, battery_charge, None, None
100.03, [INFO], r1, {'battery-level': '95.10'}, battery_charge, None, None
100.03, [INFO], r1, {'y': 16.103, 'x': -23.958, 'yaw': -3.141}, pose, None, None
110.02, [INFO], r1, {'battery-level': '94.60'}, battery_charge, None, None
110.02, [INFO], r1, {'y': 16.176, 'x': -21.839, 'yaw': 3.142}, pose, None, None
120.02, [INFO], r1, {'y': 16.274, 'x': -19.722, 'yaw': -3.142}, pose, None, None
120.02, [INFO], r1, {'battery-level': '94.10'}, battery_charge, None, None
130.01, [INFO], r1, {'battery-level': '93.60'}, battery_charge, None, None
130.01, [INFO], r1, {'y': 16.2, 'x': -17.609, 'yaw': -3.142}, pose, None, None
140.01, [INFO], r1, {'battery-level': '93.10'}, battery_charge, None, None
140.01, [INFO], r1, {'y': 16.096, 'x': -15.501, 'yaw': 3.141}, pose, None, None
150.08, [INFO], r1, {'y': 16.725, 'x': -13.609, 'yaw': -3.142}, pose, None, None
150.08, [INFO], r1, {'battery-level': '92.60'}, battery_charge, None, None
160.03, [INFO], r1, {'y': 17.917, 'x': -13.606, 'yaw': 3.141}, pose, None, None
160.03, [INFO], r1, {'battery-level': '92.10'}, battery_charge, None, None
169.05, [INFO], r1, skill-success, None, navto, None
169.05, [INFO], r1, started skill, None, approach-nurse, None
169.05, [INFO], r1, sent message, None, None, None
169.05, [INFO], r1, started skill, None, open-drawer, None
169.05, [INFO], r1, sent message, None, None, None
169.05, [INFO], r1, skill-success, None, open-drawer, None
169.05, [INFO], r1, started skill, None, deposit, None
169.05, [INFO], r1, sent message, None, None, None
169.05, [INFO], r1, skill-success, None, deposit, None
169.05, [INFO], r1, started skill, None, close-drawer, None
169.05, [INFO], r1, sent message, None, None, None
169.05, [INFO], r1, skill-success, None, close-drawer, None
169.05, [INFO], r1, started skill, None, navto, None
170.01, [INFO], r1, {'battery-level': '91.60'}, battery_charge, None, None
170.01, [INFO], r1, {'y': 17.847, 'x': -13.625, 'yaw': -3.142}, pose, None, None
180.07, [INFO], r1, {'y': 16.251, 'x': -14.569, 'yaw': 3.142}, pose, None, None
180.07, [INFO], r1, {'battery-level': '91.10'}, battery_charge, None, None
190.00, [INFO], r1, {'y': 16.166, 'x': -16.678, 'yaw': 3.142}, pose, None, None
190.00, [INFO], r1, {'battery-level': '90.60'}, battery_charge, None, None
200.00, [INFO], r1, {'battery-level': '90.10'}, battery_charge, None, None
200.00, [INFO], r1, {'y': 16.224, 'x': -18.779, 'yaw': 3.142}, pose, None, None
210.09, [INFO], r1, {'battery-level': '89.60'}, battery_charge, None, None
210.09, [INFO], r1, {'y': 16.332, 'x': -20.905, 'yaw': 3.141}, pose, None, None
220.01, [INFO], r1, {'battery-level': '89.10'}, battery_charge, None, None
220.01, [INFO], r1, {'y': 16.227, 'x': -23.0, 'yaw': 3.14}, pose, None, None
230.06, [INFO], r1, {'y': 16.09, 'x': -25.106, 'yaw': 3.141}, pose, None, None
230.06, [INFO], r1, {'battery-level': '88.60'}, battery_charge, None, None
240.01, [INFO], r1, {'y': 15.957, 'x': -27.212, 'yaw': 3.141}, pose, None, None
240.01, [INFO], r1, {'battery-level': '88.10'}, battery_charge, None, None
250.03, [INFO], r1, {'y': 16.094, 'x': -29.328, 'yaw': 3.142}, pose, None, None
250.03, [INFO], r1, {'battery-level': '87.60'}, battery_charge, None, None
260.05, [INFO], r1, {'y': 15.999, 'x': -31.437, 'yaw': 3.141}, pose, None, None
260.05, [INFO], r1, {'battery-level': '87.10'}, battery_charge, None, None
270.07, [INFO], r1, {'y': 15.646, 'x': -33.546, 'yaw': -3.138}, pose, None, None
270.07, [INFO], r1, {'battery-level': '86.60'}, battery_charge, None, None
280.06, [INFO], r1, {'battery-level': '86.10'}, battery_charge, None, None
280.06, [INFO], r1, {'y': 15.948, 'x': -35.487, 'yaw': -3.142}, pose, None, None
290.03, [INFO], r1, {'battery-level': '85.60'}, battery_charge, None, None
290.03, [INFO], r1, {'y': 17.879, 'x': -36.097, 'yaw': -3.141}, pose, None, None
300.01, [INFO], r1, {'y': 19.984, 'x': -36.206, 'yaw': 3.142}, pose, None, None
300.01, [INFO], r1, {'battery-level': '85.10'}, battery_charge, None, None
310.01, [INFO], r1, {'y': 22.092, 'x': -36.279, 'yaw': 3.141}, pose, None, None
310.01, [INFO], r1, {'battery-level': '84.60'}, battery_charge, None, None
320.02, [INFO], r1, {'y': 24.205, 'x': -36.277, 'yaw': 3.141}, pose, None, None
320.02, [INFO], r1, {'battery-level': '84.10'}, battery_charge, None, None
330.02, [INFO], r1, {'battery-level': '83.60'}, battery_charge, None, None
330.02, [INFO], r1, {'y': 26.333, 'x': -36.266, 'yaw': 3.141}, pose, None, None
340.05, [INFO], r1, {'y': 28.45, 'x': -36.335, 'yaw': 3.141}, pose, None, None
340.05, [INFO], r1, {'battery-level': '83.10'}, battery_charge, None, None
350.07, [INFO], r1, {'y': 30.573, 'x': -36.439, 'yaw': -3.141}, pose, None, None
350.07, [INFO], r1, {'battery-level': '82.60'}, battery_charge, None, None
360.07, [INFO], r1, {'y': 32.682, 'x': -36.654, 'yaw': 3.141}, pose, None, None
360.07, [INFO], r1, {'battery-level': '82.10'}, battery_charge, None, None
370.02, [INFO], r1, {'y': 34.785, 'x': -36.827, 'yaw': 3.142}, pose, None, None
370.02, [INFO], r1, {'battery-level': '81.60'}, battery_charge, None, None
380.05, [INFO], r1, {'y': 36.098, 'x': -36.996, 'yaw': 3.14}, pose, None, None
380.05, [INFO], r1, {'battery-level': '81.10'}, battery_charge, None, None
384.20, [INFO], r1, skill-success, None, navto, None
384.20, [INFO], r1, started skill, None, approach-arm, None
384.20, [INFO], r1, sent message, None, None, None
384.20, [INFO], r1, skill-success, None, approach-arm, None
384.20, [INFO], r1, started skill, None, open-drawer, None
384.20, [INFO], r1, sent message, None, None, None
384.20, [INFO], r1, skill-success, None, open-drawer, None
384.20, [INFO], r1, started skill, None, pick-up-sample, None
384.20, [INFO], r1, sent message, None, None, None
384.20, [INFO], r1, skill-success, None, pick-up-sample, None
384.20, [INFO], r1, started skill, None, close-drawer, None
384.20, [INFO], r1, sent message, None, None, None
384.29, [INFO], r1, skill-success, None, close-drawer, None
384.29, [WARN], r1, SUCCESS, None, None, None
390.03, [INFO], r1, {'y': 36.093, 'x': -36.999, 'yaw': 3.142}, pose, None, None
390.03, [INFO], r1, {'battery-level': '80.60'}, battery_charge, None, None
