0.19, [DEBUG], logger, ROBOTS_CONFIG={'capabilities': ['approach_person', 'approach_robot', 'authenticate_person', 'navigation', 'operate_drawer'], 'battery_charge': 1, 'nurse_pose': [-11.5, 18.0, -1.57], 'robot_pose': [-38.0, 21.5, 0.0]}, None, None, None
0.19, [DEBUG], logger, Simulation open, None, None, None
10.07, [INFO], r1, {'y': 21.5, 'x': -38.0, 'yaw': -3.142}, pose, None, None
10.07, [INFO], r1, {'battery-level': '99.55'}, battery_charge, None, None
10.86, [INFO], r1, started skill, None, navto, None
20.07, [INFO], r1, {'y': 20.099, 'x': -37.15, 'yaw': -3.141}, pose, None, None
20.07, [INFO], r1, {'battery-level': '99.05'}, battery_charge, None, None
30.04, [INFO], r1, {'battery-level': '98.55'}, battery_charge, None, None
30.04, [INFO], r1, {'y': 17.988, 'x': -37.097, 'yaw': 3.141}, pose, None, None
40.02, [INFO], r1, {'battery-level': '98.05'}, battery_charge, None, None
40.02, [INFO], r1, {'y': 16.011, 'x': -36.738, 'yaw': 3.141}, pose, None, None
50.02, [INFO], r1, {'battery-level': '97.55'}, battery_charge, None, None
50.02, [INFO], r1, {'y': 15.448, 'x': -34.682, 'yaw': -3.142}, pose, None, None
60.00, [INFO], r1, {'battery-level': '97.05'}, battery_charge, None, None
60.00, [INFO], r1, {'y': 15.493, 'x': -32.57, 'yaw': 3.142}, pose, None, None
70.08, [INFO], r1, {'y': 15.584, 'x': -30.428, 'yaw': -3.141}, pose, None, None
70.08, [INFO], r1, {'battery-level': '96.55'}, battery_charge, None, None
80.04, [INFO], r1, {'y': 15.763, 'x': -28.318, 'yaw': -3.142}, pose, None, None
80.04, [INFO], r1, {'battery-level': '96.05'}, battery_charge, None, None
90.01, [INFO], r1, {'y': 16.194, 'x': -26.241, 'yaw': 3.141}, pose, None, None
90.01, [INFO], r1, {'battery-level': '95.55'}, battery_charge, None, None
100.09, [INFO], r1, {'y': 16.144, 'x': -24.121, 'yaw': 3.14}, pose, None, None
100.09, [INFO], r1, {'battery-level': '95.05'}, battery_charge, None, None
110.10, [INFO], r1, {'y': 16.184, 'x': -21.99, 'yaw': 3.142}, pose, None, None
110.10, [INFO], r1, {'battery-level': '94.55'}, battery_charge, None, None
120.07, [INFO], r1, {'y': 16.261, 'x': -19.869, 'yaw': -3.138}, pose, None, None
120.07, [INFO], r1, {'battery-level': '94.05'}, battery_charge, None, None
130.04, [INFO], r1, {'y': 16.209, 'x': -17.757, 'yaw': 3.142}, pose, None, None
130.04, [INFO], r1, {'battery-level': '93.55'}, battery_charge, None, None
140.01, [INFO], r1, {'y': 16.096, 'x': -15.658, 'yaw': 3.141}, pose, None, None
140.01, [INFO], r1, {'battery-level': '93.05'}, battery_charge, None, None
150.03, [INFO], r1, {'battery-level': '92.55'}, battery_charge, None, None
150.03, [INFO], r1, {'y': 16.25, 'x': -13.534, 'yaw': 3.141}, pose, None, None
160.09, [INFO], r1, {'y': 17.322, 'x': -11.823, 'yaw': 3.142}, pose, None, None
160.09, [INFO], r1, {'battery-level': '92.05'}, battery_charge, None, None
170.09, [INFO], r1, {'y': 17.98, 'x': -11.556, 'yaw': 3.142}, pose, None, None
170.09, [INFO], r1, {'battery-level': '91.55'}, battery_charge, None, None
172.16, [INFO], r1, skill-success, None, navto, None
172.16, [INFO], r1, started skill, None, approach-nurse, None
172.16, [INFO], r1, sent message, None, None, None
172.16, [INFO], r1, skill-success, None, approach-nurse, None
172.16, [INFO], r1, started skill, None, authenticate-nurse, None
172.16, [INFO], r1, sent message, None, None, None
172.16, [INFO], r1, started skill, None, open-drawer, None
172.16, [INFO], r1, sent message, None, None, None
172.16, [INFO], r1, skill-success, None, open-drawer, None
172.16, [INFO], r1, started skill, None, deposit, None
172.16, [INFO], r1, sent message, None, None, None
172.16, [INFO], r1, skill-success, None, deposit, None
172.16, [INFO], r1, started skill, None, close-drawer, None
172.16, [INFO], r1, sent message, None, None, None
172.16, [INFO], r1, skill-success, None, close-drawer, None
172.16, [INFO], r1, started skill, None, navto, None
180.07, [INFO], r1, {'battery-level': '91.05'}, battery_charge, None, None
180.07, [INFO], r1, {'y': 16.562, 'x': -12.303, 'yaw': 3.142}, pose, None, None
190.04, [INFO], r1, {'y': 16.278, 'x': -14.373, 'yaw': -3.142}, pose, None, None
190.04, [INFO], r1, {'battery-level': '90.55'}, battery_charge, None, None
200.04, [INFO], r1, {'y': 16.187, 'x': -16.471, 'yaw': 3.14}, pose, None, None
200.04, [INFO], r1, {'battery-level': '90.05'}, battery_charge, None, None
210.02, [INFO], r1, {'y': 16.196, 'x': -18.591, 'yaw': -3.139}, pose, None, None
210.02, [INFO], r1, {'battery-level': '89.55'}, battery_charge, None, None
220.01, [INFO], r1, {'y': 16.346, 'x': -20.689, 'yaw': 3.142}, pose, None, None
220.01, [INFO], r1, {'battery-level': '89.05'}, battery_charge, None, None
230.08, [INFO], r1, {'y': 16.248, 'x': -22.829, 'yaw': 3.141}, pose, None, None
230.08, [INFO], r1, {'battery-level': '88.55'}, battery_charge, None, None
240.06, [INFO], r1, {'y': 16.177, 'x': -24.942, 'yaw': -3.141}, pose, None, None
240.06, [INFO], r1, {'battery-level': '88.05'}, battery_charge, None, None
250.04, [INFO], r1, {'y': 15.968, 'x': -27.061, 'yaw': 3.141}, pose, None, None
250.04, [INFO], r1, {'battery-level': '87.55'}, battery_charge, None, None
260.03, [INFO], r1, {'battery-level': '87.05'}, battery_charge, None, None
260.03, [INFO], r1, {'y': 15.991, 'x': -29.15, 'yaw': 3.142}, pose, None, None
270.00, [INFO], r1, {'y': 15.817, 'x': -31.258, 'yaw': 3.14}, pose, None, None
270.00, [INFO], r1, {'battery-level': '86.55'}, battery_charge, None, None
280.09, [INFO], r1, {'y': 15.641, 'x': -33.375, 'yaw': -3.141}, pose, None, None
280.09, [INFO], r1, {'battery-level': '86.05'}, battery_charge, None, None
290.08, [INFO], r1, {'battery-level': '85.55'}, battery_charge, None, None
290.08, [INFO], r1, {'y': 15.863, 'x': -35.376, 'yaw': 3.142}, pose, None, None
300.06, [INFO], r1, {'battery-level': '85.05'}, battery_charge, None, None
300.06, [INFO], r1, {'y': 17.76, 'x': -36.065, 'yaw': 3.141}, pose, None, None
310.06, [INFO], r1, {'y': 19.873, 'x': -36.209, 'yaw': 3.142}, pose, None, None
310.06, [INFO], r1, {'battery-level': '84.55'}, battery_charge, None, None
320.04, [INFO], r1, {'battery-level': '84.05'}, battery_charge, None, None
320.04, [INFO], r1, {'y': 21.978, 'x': -36.264, 'yaw': 3.141}, pose, None, None
330.01, [INFO], r1, {'y': 24.086, 'x': -36.257, 'yaw': 3.141}, pose, None, None
330.01, [INFO], r1, {'battery-level': '83.55'}, battery_charge, None, None
340.01, [INFO], r1, {'y': 26.22, 'x': -36.258, 'yaw': 3.141}, pose, None, None
340.01, [INFO], r1, {'battery-level': '83.05'}, battery_charge, None, None
350.09, [INFO], r1, {'y': 28.357, 'x': -36.341, 'yaw': 3.141}, pose, None, None
350.09, [INFO], r1, {'battery-level': '82.55'}, battery_charge, None, None
360.08, [INFO], r1, {'battery-level': '82.05'}, battery_charge, None, None
360.08, [INFO], r1, {'y': 30.473, 'x': -36.431, 'yaw': 3.141}, pose, None, None
370.01, [INFO], r1, {'y': 32.565, 'x': -36.611, 'yaw': 3.142}, pose, None, None
370.01, [INFO], r1, {'battery-level': '81.55'}, battery_charge, None, None
380.10, [INFO], r1, {'y': 34.686, 'x': -36.904, 'yaw': 3.141}, pose, None, None
380.10, [INFO], r1, {'battery-level': '81.05'}, battery_charge, None, None
390.01, [INFO], r1, {'y': 36.051, 'x': -36.956, 'yaw': 3.141}, pose, None, None
390.01, [INFO], r1, {'battery-level': '80.55'}, battery_charge, None, None
395.47, [INFO], r1, skill-success, None, navto, None
395.47, [INFO], r1, started skill, None, approach-arm, None
395.47, [INFO], r1, sent message, None, None, None
395.47, [INFO], r1, skill-success, None, approach-arm, None
395.47, [INFO], r1, started skill, None, open-drawer, None
395.47, [INFO], r1, sent message, None, None, None
395.47, [INFO], r1, skill-success, None, open-drawer, None
395.47, [INFO], r1, started skill, None, pick-up-sample, None
395.47, [INFO], r1, sent message, None, None, None
395.47, [INFO], r1, skill-success, None, pick-up-sample, None
395.47, [INFO], r1, started skill, None, close-drawer, None
395.47, [INFO], r1, sent message, None, None, None
395.47, [INFO], r1, skill-success, None, close-drawer, None
395.47, [WARN], r1, SUCCESS, None, None, None
