9.94, [INFO], r1, started skill, None, navto, None
10.03, [INFO], r1, {'battery-level': '99.60'}, battery_charge, None, None
10.03, [INFO], r1, {'y': 21.5, 'x': -38.0, 'yaw': -3.142}, pose, None, None
20.07, [INFO], r1, {'y': 19.92, 'x': -37.152, 'yaw': -3.141}, pose, None, None
20.07, [INFO], r1, {'battery-level': '99.10'}, battery_charge, None, None
30.04, [INFO], r1, {'y': 17.816, 'x': -37.138, 'yaw': 3.141}, pose, None, None
30.04, [INFO], r1, {'battery-level': '98.60'}, battery_charge, None, None
40.06, [INFO], r1, {'y': 15.987, 'x': -36.514, 'yaw': 3.141}, pose, None, None
40.06, [INFO], r1, {'battery-level': '98.10'}, battery_charge, None, None
50.01, [INFO], r1, {'y': 15.357, 'x': -34.471, 'yaw': -3.141}, pose, None, None
50.01, [INFO], r1, {'battery-level': '97.60'}, battery_charge, None, None
60.03, [INFO], r1, {'y': 15.523, 'x': -32.335, 'yaw': 3.142}, pose, None, None
60.03, [INFO], r1, {'battery-level': '97.10'}, battery_charge, None, None
70.02, [INFO], r1, {'y': 15.64, 'x': -30.223, 'yaw': 3.142}, pose, None, None
70.02, [INFO], r1, {'battery-level': '96.60'}, battery_charge, None, None
80.04, [INFO], r1, {'y': 15.768, 'x': -28.103, 'yaw': -3.142}, pose, None, None
80.04, [INFO], r1, {'battery-level': '96.10'}, battery_charge, None, None
90.02, [INFO], r1, {'y': 15.981, 'x': -25.981, 'yaw': -3.139}, pose, None, None
90.02, [INFO], r1, {'battery-level': '95.60'}, battery_charge, None, None
100.04, [INFO], r1, {'y': 16.014, 'x': -23.863, 'yaw': -3.141}, pose, None, None
100.04, [INFO], r1, {'battery-level': '95.10'}, battery_charge, None, None
110.07, [INFO], r1, {'battery-level': '94.60'}, battery_charge, None, None
110.07, [INFO], r1, {'y': 16.054, 'x': -21.75, 'yaw': 3.141}, pose, None, None
120.01, [INFO], r1, {'battery-level': '94.10'}, battery_charge, None, None
120.01, [INFO], r1, {'y': 16.189, 'x': -19.634, 'yaw': -3.139}, pose, None, None
130.07, [INFO], r1, {'battery-level': '93.60'}, battery_charge, None, None
130.07, [INFO], r1, {'y': 16.107, 'x': -17.503, 'yaw': -3.142}, pose, None, None
140.08, [INFO], r1, {'y': 16.051, 'x': -15.386, 'yaw': -3.141}, pose, None, None
140.08, [INFO], r1, {'battery-level': '93.10'}, battery_charge, None, None
150.05, [INFO], r1, {'y': 16.204, 'x': -13.288, 'yaw': 3.141}, pose, None, None
150.05, [INFO], r1, {'battery-level': '92.60'}, battery_charge, None, None
160.05, [INFO], r1, {'y': 17.46, 'x': -11.725, 'yaw': -3.142}, pose, None, None
160.05, [INFO], r1, {'battery-level': '92.10'}, battery_charge, None, None
170.09, [INFO], r1, {'y': 17.985, 'x': -11.523, 'yaw': 3.142}, pose, None, None
170.09, [INFO], r1, {'battery-level': '91.60'}, battery_charge, None, None
170.49, [INFO], r1, skill-success, None, navto, None
170.49, [INFO], r1, started skill, None, approach-nurse, None
170.49, [INFO], r1, sent message, None, None, None
170.49, [INFO], r1, skill-success, None, approach-nurse, None
170.49, [INFO], r1, started skill, None, open-drawer, None
170.49, [INFO], r1, sent message, None, None, None
170.49, [INFO], r1, skill-success, None, open-drawer, None
170.49, [INFO], r1, started skill, None, deposit, None
170.49, [INFO], r1, sent message, None, None, None
170.49, [INFO], r1, skill-success, None, deposit, None
170.49, [INFO], r1, started skill, None, close-drawer, None
170.49, [INFO], r1, sent message, None, None, None
170.49, [INFO], r1, skill-success, None, close-drawer, None
170.49, [INFO], r1, started skill, None, navto, None
180.02, [INFO], r1, {'y': 16.392, 'x': -12.577, 'yaw': 3.142}, pose, None, None
180.02, [INFO], r1, {'battery-level': '91.10'}, battery_charge, None, None
190.03, [INFO], r1, {'y': 16.26, 'x': -14.681, 'yaw': 3.141}, pose, None, None
190.03, [INFO], r1, {'battery-level': '90.60'}, battery_charge, None, None
200.06, [INFO], r1, {'y': 16.142, 'x': -16.801, 'yaw': 3.141}, pose, None, None
200.06, [INFO], r1, {'battery-level': '90.10'}, battery_charge, None, None
210.07, [INFO], r1, {'y': 16.189, 'x': -18.937, 'yaw': -3.142}, pose, None, None
210.07, [INFO], r1, {'battery-level': '89.60'}, battery_charge, None, None
220.01, [INFO], r1, {'y': 16.293, 'x': -21.023, 'yaw': -3.137}, pose, None, None
220.01, [INFO], r1, {'battery-level': '89.10'}, battery_charge, None, None
230.05, [INFO], r1, {'y': 16.182, 'x': -23.148, 'yaw': 3.141}, pose, None, None
230.05, [INFO], r1, {'battery-level': '88.60'}, battery_charge, None, None
240.00, [INFO], r1, {'y': 16.089, 'x': -25.258, 'yaw': 3.141}, pose, None, None
240.00, [INFO], r1, {'battery-level': '88.10'}, battery_charge, None, None
250.05, [INFO], r1, {'battery-level': '87.60'}, battery_charge, None, None
250.05, [INFO], r1, {'y': 15.857, 'x': -27.38, 'yaw': 3.142}, pose, None, None
260.09, [INFO], r1, {'y': 15.954, 'x': -29.514, 'yaw': -3.142}, pose, None, None
260.09, [INFO], r1, {'battery-level': '87.10'}, battery_charge, None, None
270.10, [INFO], r1, {'battery-level': '86.60'}, battery_charge, None, None
270.10, [INFO], r1, {'y': 15.896, 'x': -31.62, 'yaw': 3.141}, pose, None, None
280.07, [INFO], r1, {'battery-level': '86.10'}, battery_charge, None, None
280.07, [INFO], r1, {'y': 15.581, 'x': -33.706, 'yaw': 3.142}, pose, None, None
290.05, [INFO], r1, {'y': 16.08, 'x': -35.62, 'yaw': 3.141}, pose, None, None
290.05, [INFO], r1, {'battery-level': '85.60'}, battery_charge, None, None
300.05, [INFO], r1, {'y': 18.049, 'x': -36.052, 'yaw': 3.142}, pose, None, None
300.05, [INFO], r1, {'battery-level': '85.10'}, battery_charge, None, None
310.00, [INFO], r1, {'y': 20.144, 'x': -36.234, 'yaw': -3.142}, pose, None, None
310.00, [INFO], r1, {'battery-level': '84.60'}, battery_charge, None, None
320.03, [INFO], r1, {'battery-level': '84.10'}, battery_charge, None, None
320.03, [INFO], r1, {'y': 22.258, 'x': -36.311, 'yaw': 3.141}, pose, None, None
330.08, [INFO], r1, {'y': 24.386, 'x': -36.264, 'yaw': 3.142}, pose, None, None
330.08, [INFO], r1, {'battery-level': '83.60'}, battery_charge, None, None
340.00, [INFO], r1, {'y': 26.5, 'x': -36.284, 'yaw': 3.141}, pose, None, None
340.00, [INFO], r1, {'battery-level': '83.10'}, battery_charge, None, None
350.04, [INFO], r1, {'y': 28.623, 'x': -36.344, 'yaw': 3.14}, pose, None, None
350.04, [INFO], r1, {'battery-level': '82.60'}, battery_charge, None, None
360.05, [INFO], r1, {'y': 30.76, 'x': -36.424, 'yaw': 3.142}, pose, None, None
360.05, [INFO], r1, {'battery-level': '82.10'}, battery_charge, None, None
370.02, [INFO], r1, {'battery-level': '81.60'}, battery_charge, None, None
370.02, [INFO], r1, {'y': 32.85, 'x': -36.624, 'yaw': -3.142}, pose, None, None
380.05, [INFO], r1, {'y': 34.943, 'x': -36.984, 'yaw': 3.141}, pose, None, None
380.05, [INFO], r1, {'battery-level': '81.10'}, battery_charge, None, None
390.02, [INFO], r1, {'y': 36.138, 'x': -37.001, 'yaw': -3.142}, pose, None, None
390.02, [INFO], r1, {'battery-level': '80.60'}, battery_charge, None, None
393.22, [INFO], r1, skill-success, None, navto, None
393.22, [INFO], r1, started skill, None, approach-arm, None
393.22, [INFO], r1, skill-success, None, approach-arm, None
393.22, [INFO], r1, started skill, None, open-drawer, None
393.22, [INFO], r1, sent message, None, None, None
393.22, [INFO], r1, skill-success, None, open-drawer, None
393.22, [INFO], r1, started skill, None, pick-up-sample, None
393.22, [INFO], r1, sent message, None, None, None
393.22, [INFO], r1, skill-success, None, pick-up-sample, None
393.22, [INFO], r1, started skill, None, close-drawer, None
393.22, [INFO], r1, sent message, None, None, None
393.22, [INFO], r1, skill-success, None, close-drawer, None
393.22, [WARN], r1, SUCCESS, None, None, None
