9.80, [INFO], r1, started skill, None, navto, None
10.10, [INFO], r1, {'battery-level': '99.60'}, battery_charge, None, None
10.10, [INFO], r1, {'y': 25.37, 'x': -40.23, 'yaw': -3.142}, pose, None, None
20.05, [INFO], r1, {'y': 23.754, 'x': -38.908, 'yaw': 3.142}, pose, None, None
20.05, [INFO], r1, {'battery-level': '99.10'}, battery_charge, None, None
30.08, [INFO], r1, {'y': 22.368, 'x': -37.42, 'yaw': 3.141}, pose, None, None
30.08, [INFO], r1, {'battery-level': '98.60'}, battery_charge, None, None
40.04, [INFO], r1, {'y': 20.265, 'x': -37.255, 'yaw': 3.141}, pose, None, None
40.04, [INFO], r1, {'battery-level': '98.10'}, battery_charge, None, None
50.07, [INFO], r1, {'y': 18.149, 'x': -37.115, 'yaw': 3.14}, pose, None, None
50.07, [INFO], r1, {'battery-level': '97.60'}, battery_charge, None, None
60.09, [INFO], r1, {'y': 16.038, 'x': -36.947, 'yaw': 3.141}, pose, None, None
60.09, [INFO], r1, {'battery-level': '97.10'}, battery_charge, None, None
70.02, [INFO], r1, {'battery-level': '96.60'}, battery_charge, None, None
70.02, [INFO], r1, {'y': 15.463, 'x': -34.934, 'yaw': 3.141}, pose, None, None
80.09, [INFO], r1, {'battery-level': '96.10'}, battery_charge, None, None
80.09, [INFO], r1, {'y': 15.468, 'x': -32.8, 'yaw': -3.142}, pose, None, None
90.02, [INFO], r1, {'y': 15.475, 'x': -30.7, 'yaw': 3.14}, pose, None, None
90.02, [INFO], r1, {'battery-level': '95.60'}, battery_charge, None, None
100.06, [INFO], r1, {'battery-level': '95.10'}, battery_charge, None, None
100.06, [INFO], r1, {'y': 15.729, 'x': -28.585, 'yaw': 3.141}, pose, None, None
110.06, [INFO], r1, {'battery-level': '94.60'}, battery_charge, None, None
110.06, [INFO], r1, {'y': 15.937, 'x': -26.486, 'yaw': 3.139}, pose, None, None
120.06, [INFO], r1, {'battery-level': '94.10'}, battery_charge, None, None
120.06, [INFO], r1, {'y': 15.821, 'x': -24.367, 'yaw': 3.141}, pose, None, None
130.05, [INFO], r1, {'y': 15.767, 'x': -22.245, 'yaw': 3.142}, pose, None, None
130.05, [INFO], r1, {'battery-level': '93.60'}, battery_charge, None, None
140.10, [INFO], r1, {'battery-level': '93.10'}, battery_charge, None, None
140.10, [INFO], r1, {'y': 15.569, 'x': -20.114, 'yaw': 3.141}, pose, None, None
150.00, [INFO], r1, {'battery-level': '92.60'}, battery_charge, None, None
150.00, [INFO], r1, {'y': 14.75, 'x': -18.173, 'yaw': 3.141}, pose, None, None
160.05, [INFO], r1, {'y': 12.932, 'x': -18.107, 'yaw': -3.142}, pose, None, None
160.05, [INFO], r1, {'battery-level': '92.10'}, battery_charge, None, None
167.54, [INFO], r1, skill-success, None, navto, None
167.54, [INFO], r1, started skill, None, approach-nurse, None
167.54, [INFO], r1, sent message, None, None, None
167.54, [INFO], r1, skill-success, None, approach-nurse, None
167.54, [INFO], r1, started skill, None, authenticate-nurse, None
167.54, [INFO], r1, started skill, None, open-drawer, None
167.54, [INFO], r1, sent message, None, None, None
167.54, [INFO], r1, skill-success, None, open-drawer, None
167.54, [INFO], r1, started skill, None, deposit, None
167.54, [INFO], r1, sent message, None, None, None
167.54, [INFO], r1, skill-success, None, deposit, None
167.54, [INFO], r1, started skill, None, close-drawer, None
167.54, [INFO], r1, sent message, None, None, None
167.54, [INFO], r1, skill-success, None, close-drawer, None
167.54, [INFO], r1, started skill, None, navto, None
170.05, [INFO], r1, {'y': 13.352, 'x': -18.13, 'yaw': 3.141}, pose, None, None
170.05, [INFO], r1, {'battery-level': '91.60'}, battery_charge, None, None
180.04, [INFO], r1, {'battery-level': '91.10'}, battery_charge, None, None
180.04, [INFO], r1, {'y': 15.106, 'x': -19.006, 'yaw': 3.138}, pose, None, None
190.03, [INFO], r1, {'y': 15.694, 'x': -21.049, 'yaw': 3.141}, pose, None, None
190.03, [INFO], r1, {'battery-level': '90.60'}, battery_charge, None, None
200.05, [INFO], r1, {'y': 15.711, 'x': -23.158, 'yaw': 3.141}, pose, None, None
200.05, [INFO], r1, {'battery-level': '90.10'}, battery_charge, None, None
210.06, [INFO], r1, {'battery-level': '89.60'}, battery_charge, None, None
210.06, [INFO], r1, {'y': 15.796, 'x': -25.263, 'yaw': 3.141}, pose, None, None
220.09, [INFO], r1, {'battery-level': '89.10'}, battery_charge, None, None
220.09, [INFO], r1, {'y': 15.838, 'x': -27.371, 'yaw': 3.141}, pose, None, None
230.10, [INFO], r1, {'battery-level': '88.60'}, battery_charge, None, None
230.10, [INFO], r1, {'y': 15.913, 'x': -29.496, 'yaw': 3.142}, pose, None, None
240.04, [INFO], r1, {'y': 15.844, 'x': -31.6, 'yaw': 3.141}, pose, None, None
240.04, [INFO], r1, {'battery-level': '88.10'}, battery_charge, None, None
250.04, [INFO], r1, {'y': 15.641, 'x': -33.715, 'yaw': 3.141}, pose, None, None
250.04, [INFO], r1, {'battery-level': '87.60'}, battery_charge, None, None
260.06, [INFO], r1, {'battery-level': '87.10'}, battery_charge, None, None
260.06, [INFO], r1, {'y': 16.082, 'x': -35.607, 'yaw': -3.142}, pose, None, None
270.02, [INFO], r1, {'y': 18.081, 'x': -36.078, 'yaw': 3.142}, pose, None, None
270.02, [INFO], r1, {'battery-level': '86.60'}, battery_charge, None, None
280.03, [INFO], r1, {'y': 20.187, 'x': -36.207, 'yaw': -3.142}, pose, None, None
280.03, [INFO], r1, {'battery-level': '86.10'}, battery_charge, None, None
290.05, [INFO], r1, {'y': 22.316, 'x': -36.277, 'yaw': 3.14}, pose, None, None
290.05, [INFO], r1, {'battery-level': '85.60'}, battery_charge, None, None
300.05, [INFO], r1, {'y': 24.437, 'x': -36.298, 'yaw': 3.141}, pose, None, None
300.05, [INFO], r1, {'battery-level': '85.10'}, battery_charge, None, None
310.02, [INFO], r1, {'y': 26.556, 'x': -36.289, 'yaw': 3.14}, pose, None, None
310.02, [INFO], r1, {'battery-level': '84.60'}, battery_charge, None, None
320.03, [INFO], r1, {'y': 28.672, 'x': -36.35, 'yaw': 3.14}, pose, None, None
320.03, [INFO], r1, {'battery-level': '84.10'}, battery_charge, None, None
330.03, [INFO], r1, {'battery-level': '83.60'}, battery_charge, None, None
330.03, [INFO], r1, {'y': 30.779, 'x': -36.461, 'yaw': -3.142}, pose, None, None
340.03, [INFO], r1, {'y': 32.881, 'x': -36.667, 'yaw': -3.142}, pose, None, None
340.03, [INFO], r1, {'battery-level': '83.10'}, battery_charge, None, None
350.08, [INFO], r1, {'y': 34.985, 'x': -36.989, 'yaw': -3.142}, pose, None, None
350.08, [INFO], r1, {'battery-level': '82.60'}, battery_charge, None, None
360.04, [INFO], r1, {'y': 36.157, 'x': -36.985, 'yaw': -3.142}, pose, None, None
360.04, [INFO], r1, {'battery-level': '82.10'}, battery_charge, None, None
361.49, [INFO], r1, skill-success, None, navto, None
361.49, [INFO], r1, started skill, None, approach-arm, None
361.49, [WARN], r1, SKILL-FAILURE, None, approach-arm, None
