9.78, [INFO], r1, started skill, None, navto, None
10.07, [INFO], r1, {'y': 25.37, 'x': -40.229, 'yaw': 3.142}, pose, None, None
10.07, [INFO], r1, {'battery-level': '99.60'}, battery_charge, None, None
20.00, [INFO], r1, {'battery-level': '99.10'}, battery_charge, None, None
20.00, [INFO], r1, {'y': 23.798, 'x': -38.866, 'yaw': 3.142}, pose, None, None
30.04, [INFO], r1, {'battery-level': '98.60'}, battery_charge, None, None
30.04, [INFO], r1, {'y': 22.385, 'x': -37.367, 'yaw': 3.142}, pose, None, None
40.09, [INFO], r1, {'y': 20.263, 'x': -37.259, 'yaw': -3.142}, pose, None, None
40.09, [INFO], r1, {'battery-level': '98.10'}, battery_charge, None, None
50.10, [INFO], r1, {'battery-level': '97.60'}, battery_charge, None, None
50.10, [INFO], r1, {'y': 18.154, 'x': -37.106, 'yaw': 3.14}, pose, None, None
60.03, [INFO], r1, {'y': 16.12, 'x': -36.842, 'yaw': 3.141}, pose, None, None
60.03, [INFO], r1, {'battery-level': '97.10'}, battery_charge, None, None
70.03, [INFO], r1, {'y': 15.463, 'x': -34.794, 'yaw': -3.142}, pose, None, None
70.03, [INFO], r1, {'battery-level': '96.60'}, battery_charge, None, None
80.05, [INFO], r1, {'battery-level': '96.10'}, battery_charge, None, None
80.05, [INFO], r1, {'y': 15.536, 'x': -32.688, 'yaw': -3.142}, pose, None, None
90.09, [INFO], r1, {'y': 15.553, 'x': -30.544, 'yaw': -3.141}, pose, None, None
90.09, [INFO], r1, {'battery-level': '95.60'}, battery_charge, None, None
100.09, [INFO], r1, {'y': 15.736, 'x': -28.443, 'yaw': 3.141}, pose, None, None
100.09, [INFO], r1, {'battery-level': '95.10'}, battery_charge, None, None
110.05, [INFO], r1, {'y': 15.822, 'x': -26.335, 'yaw': 3.141}, pose, None, None
110.05, [INFO], r1, {'battery-level': '94.60'}, battery_charge, None, None
120.07, [INFO], r1, {'battery-level': '94.10'}, battery_charge, None, None
120.07, [INFO], r1, {'y': 15.74, 'x': -24.227, 'yaw': 3.142}, pose, None, None
130.09, [INFO], r1, {'battery-level': '93.60'}, battery_charge, None, None
130.09, [INFO], r1, {'y': 15.684, 'x': -22.121, 'yaw': 3.141}, pose, None, None
140.04, [INFO], r1, {'battery-level': '93.10'}, battery_charge, None, None
140.04, [INFO], r1, {'y': 15.561, 'x': -20.02, 'yaw': -3.142}, pose, None, None
150.01, [INFO], r1, {'battery-level': '92.60'}, battery_charge, None, None
150.01, [INFO], r1, {'y': 14.742, 'x': -18.069, 'yaw': -3.142}, pose, None, None
160.09, [INFO], r1, {'y': 12.979, 'x': -18.107, 'yaw': 3.142}, pose, None, None
160.09, [INFO], r1, {'battery-level': '92.10'}, battery_charge, None, None
167.18, [INFO], r1, skill-success, None, navto, None
167.18, [INFO], r1, started skill, None, approach-nurse, None
167.18, [INFO], r1, sent message, None, None, None
167.18, [INFO], r1, skill-success, None, approach-nurse, None
167.18, [INFO], r1, started skill, None, authenticate-nurse, None
167.18, [INFO], r1, started skill, None, open-drawer, None
167.18, [INFO], r1, sent message, None, None, None
167.27, [INFO], r1, skill-success, None, open-drawer, None
167.27, [INFO], r1, started skill, None, deposit, None
167.27, [INFO], r1, sent message, None, None, None
167.27, [INFO], r1, skill-success, None, deposit, None
167.27, [INFO], r1, started skill, None, close-drawer, None
167.27, [INFO], r1, sent message, None, None, None
167.27, [INFO], r1, skill-success, None, close-drawer, None
167.27, [INFO], r1, started skill, None, navto, None
170.01, [INFO], r1, {'y': 13.463, 'x': -18.119, 'yaw': -3.141}, pose, None, None
170.01, [INFO], r1, {'battery-level': '91.60'}, battery_charge, None, None
180.07, [INFO], r1, {'y': 15.182, 'x': -19.073, 'yaw': 3.137}, pose, None, None
180.07, [INFO], r1, {'battery-level': '91.10'}, battery_charge, None, None
190.09, [INFO], r1, {'y': 15.606, 'x': -21.167, 'yaw': -3.141}, pose, None, None
190.09, [INFO], r1, {'battery-level': '90.60'}, battery_charge, None, None
200.06, [INFO], r1, {'y': 15.741, 'x': -23.272, 'yaw': -3.142}, pose, None, None
200.06, [INFO], r1, {'battery-level': '90.10'}, battery_charge, None, None
210.06, [INFO], r1, {'y': 15.747, 'x': -25.393, 'yaw': -3.141}, pose, None, None
210.06, [INFO], r1, {'battery-level': '89.60'}, battery_charge, None, None
220.01, [INFO], r1, {'battery-level': '89.10'}, battery_charge, None, None
220.01, [INFO], r1, {'y': 15.853, 'x': -27.51, 'yaw': -3.142}, pose, None, None
230.07, [INFO], r1, {'y': 15.896, 'x': -29.63, 'yaw': 3.142}, pose, None, None
230.07, [INFO], r1, {'battery-level': '88.60'}, battery_charge, None, None
240.05, [INFO], r1, {'y': 15.755, 'x': -31.742, 'yaw': 3.141}, pose, None, None
240.05, [INFO], r1, {'battery-level': '88.10'}, battery_charge, None, None
250.08, [INFO], r1, {'battery-level': '87.60'}, battery_charge, None, None
250.08, [INFO], r1, {'y': 15.517, 'x': -33.87, 'yaw': 3.141}, pose, None, None
260.05, [INFO], r1, {'y': 16.23, 'x': -35.718, 'yaw': 3.14}, pose, None, None
260.05, [INFO], r1, {'battery-level': '87.10'}, battery_charge, None, None
270.08, [INFO], r1, {'battery-level': '86.60'}, battery_charge, None, None
270.08, [INFO], r1, {'y': 18.259, 'x': -36.097, 'yaw': -3.142}, pose, None, None
280.07, [INFO], r1, {'battery-level': '86.10'}, battery_charge, None, None
280.07, [INFO], r1, {'y': 20.377, 'x': -36.24, 'yaw': 3.139}, pose, None, None
290.01, [INFO], r1, {'y': 22.491, 'x': -36.352, 'yaw': 3.141}, pose, None, None
290.01, [INFO], r1, {'battery-level': '85.60'}, battery_charge, None, None
300.01, [INFO], r1, {'y': 24.612, 'x': -36.311, 'yaw': 3.141}, pose, None, None
300.01, [INFO], r1, {'battery-level': '85.10'}, battery_charge, None, None
310.05, [INFO], r1, {'battery-level': '84.60'}, battery_charge, None, None
310.05, [INFO], r1, {'y': 26.742, 'x': -36.295, 'yaw': 3.14}, pose, None, None
320.05, [INFO], r1, {'y': 28.86, 'x': -36.348, 'yaw': 3.141}, pose, None, None
320.05, [INFO], r1, {'battery-level': '84.10'}, battery_charge, None, None
330.05, [INFO], r1, {'y': 30.972, 'x': -36.478, 'yaw': 3.142}, pose, None, None
330.05, [INFO], r1, {'battery-level': '83.60'}, battery_charge, None, None
340.07, [INFO], r1, {'battery-level': '83.10'}, battery_charge, None, None
340.07, [INFO], r1, {'y': 33.098, 'x': -36.691, 'yaw': 3.141}, pose, None, None
350.01, [INFO], r1, {'battery-level': '82.60'}, battery_charge, None, None
350.01, [INFO], r1, {'y': 35.196, 'x': -36.853, 'yaw': 3.142}, pose, None, None
360.06, [INFO], r1, {'battery-level': '82.10'}, battery_charge, None, None
360.06, [INFO], r1, {'y': 36.154, 'x': -36.951, 'yaw': -3.142}, pose, None, None
362.02, [INFO], r1, skill-success, None, navto, None
362.02, [INFO], r1, started skill, None, approach-arm, None
362.02, [INFO], r1, started skill, None, open-drawer, None
362.02, [INFO], r1, sent message, None, None, None
362.02, [INFO], r1, skill-success, None, open-drawer, None
362.02, [INFO], r1, started skill, None, pick-up-sample, None
362.02, [INFO], r1, sent message, None, None, None
362.02, [INFO], r1, skill-success, None, pick-up-sample, None
362.02, [INFO], r1, started skill, None, close-drawer, None
362.02, [INFO], r1, sent message, None, None, None
362.02, [INFO], r1, skill-success, None, close-drawer, None
362.02, [WARN], r1, SUCCESS, None, None, None
370.06, [INFO], r1, {'y': 36.154, 'x': -36.947, 'yaw': 3.142}, pose, None, None
370.06, [INFO], r1, {'battery-level': '81.60'}, battery_charge, None, None
