9.53, [INFO], r1, started skill, None, navto, None
10.01, [INFO], r1, {'y': 21.5, 'x': -37.969, 'yaw': 3.141}, pose, None, None
10.01, [INFO], r1, {'battery-level': '24.55'}, battery_charge, None, None
20.07, [INFO], r1, {'y': 19.826, 'x': -37.18, 'yaw': 3.141}, pose, None, None
20.07, [INFO], r1, {'battery-level': '24.05'}, battery_charge, None, None
30.04, [INFO], r1, {'y': 17.716, 'x': -37.143, 'yaw': 3.14}, pose, None, None
30.04, [INFO], r1, {'battery-level': '23.55'}, battery_charge, None, None
40.08, [INFO], r1, {'y': 15.989, 'x': -36.375, 'yaw': 3.142}, pose, None, None
40.08, [INFO], r1, {'battery-level': '23.05'}, battery_charge, None, None
50.09, [INFO], r1, {'battery-level': '22.55'}, battery_charge, None, None
50.09, [INFO], r1, {'y': 15.422, 'x': -34.308, 'yaw': 3.142}, pose, None, None
60.03, [INFO], r1, {'battery-level': '22.05'}, battery_charge, None, None
60.03, [INFO], r1, {'y': 15.546, 'x': -32.202, 'yaw': -3.141}, pose, None, None
70.05, [INFO], r1, {'y': 15.672, 'x': -30.08, 'yaw': 3.138}, pose, None, None
70.05, [INFO], r1, {'battery-level': '21.55'}, battery_charge, None, None
80.09, [INFO], r1, {'y': 15.857, 'x': -27.964, 'yaw': -3.14}, pose, None, None
80.09, [INFO], r1, {'battery-level': '21.05'}, battery_charge, None, None
90.00, [INFO], r1, {'y': 16.017, 'x': -25.865, 'yaw': 3.141}, pose, None, None
90.00, [INFO], r1, {'battery-level': '20.55'}, battery_charge, None, None
100.04, [INFO], r1, {'y': 16.041, 'x': -23.75, 'yaw': -3.141}, pose, None, None
100.04, [INFO], r1, {'battery-level': '20.05'}, battery_charge, None, None
110.03, [INFO], r1, {'battery-level': '19.55'}, battery_charge, None, None
110.03, [INFO], r1, {'y': 16.145, 'x': -21.639, 'yaw': 3.141}, pose, None, None
120.05, [INFO], r1, {'battery-level': '19.05'}, battery_charge, None, None
120.05, [INFO], r1, {'y': 16.259, 'x': -19.528, 'yaw': 3.142}, pose, None, None
130.01, [INFO], r1, {'y': 16.159, 'x': -17.422, 'yaw': -3.142}, pose, None, None
130.01, [INFO], r1, {'battery-level': '18.55'}, battery_charge, None, None
140.04, [INFO], r1, {'y': 16.073, 'x': -15.302, 'yaw': 3.141}, pose, None, None
140.04, [INFO], r1, {'battery-level': '18.05'}, battery_charge, None, None
150.04, [INFO], r1, {'y': 16.274, 'x': -13.2, 'yaw': -3.138}, pose, None, None
150.04, [INFO], r1, {'battery-level': '17.55'}, battery_charge, None, None
160.02, [INFO], r1, {'y': 17.605, 'x': -11.747, 'yaw': 3.141}, pose, None, None
160.02, [INFO], r1, {'battery-level': '17.05'}, battery_charge, None, None
170.01, [INFO], r1, {'y': 17.962, 'x': -11.552, 'yaw': 3.141}, pose, None, None
170.01, [INFO], r1, {'battery-level': '16.55'}, battery_charge, None, None
172.22, [INFO], r1, skill-success, None, navto, None
172.22, [INFO], r1, started skill, None, approach-nurse, None
172.22, [INFO], r1, sent message, None, None, None
172.22, [INFO], r1, skill-success, None, approach-nurse, None
172.22, [INFO], r1, started skill, None, authenticate-nurse, None
172.22, [INFO], r1, started skill, None, open-drawer, None
172.22, [INFO], r1, sent message, None, None, None
172.22, [INFO], r1, skill-success, None, open-drawer, None
172.22, [INFO], r1, started skill, None, deposit, None
172.22, [INFO], r1, sent message, None, None, None
172.22, [INFO], r1, skill-success, None, deposit, None
172.22, [INFO], r1, started skill, None, close-drawer, None
172.22, [INFO], r1, sent message, None, None, None
172.22, [INFO], r1, skill-success, None, close-drawer, None
172.22, [INFO], r1, started skill, None, navto, None
180.01, [INFO], r1, {'y': 16.543, 'x': -12.239, 'yaw': -3.142}, pose, None, None
180.01, [INFO], r1, {'battery-level': '16.05'}, battery_charge, None, None
190.06, [INFO], r1, {'y': 16.276, 'x': -14.316, 'yaw': 3.141}, pose, None, None
190.06, [INFO], r1, {'battery-level': '15.55'}, battery_charge, None, None
200.00, [INFO], r1, {'battery-level': '15.05'}, battery_charge, None, None
200.00, [INFO], r1, {'y': 16.186, 'x': -16.414, 'yaw': 3.141}, pose, None, None
210.03, [INFO], r1, {'y': 16.171, 'x': -18.534, 'yaw': -3.14}, pose, None, None
210.03, [INFO], r1, {'battery-level': '14.55'}, battery_charge, None, None
220.04, [INFO], r1, {'y': 16.331, 'x': -20.636, 'yaw': 3.142}, pose, None, None
220.04, [INFO], r1, {'battery-level': '14.05'}, battery_charge, None, None
230.01, [INFO], r1, {'y': 16.196, 'x': -22.74, 'yaw': 3.136}, pose, None, None
230.01, [INFO], r1, {'battery-level': '13.55'}, battery_charge, None, None
240.09, [INFO], r1, {'battery-level': '13.05'}, battery_charge, None, None
240.09, [INFO], r1, {'y': 16.135, 'x': -24.873, 'yaw': 3.14}, pose, None, None
250.06, [INFO], r1, {'y': 15.958, 'x': -26.985, 'yaw': -3.141}, pose, None, None
250.06, [INFO], r1, {'battery-level': '12.55'}, battery_charge, None, None
260.09, [INFO], r1, {'y': 16.002, 'x': -29.108, 'yaw': 3.142}, pose, None, None
260.09, [INFO], r1, {'battery-level': '12.05'}, battery_charge, None, None
270.01, [INFO], r1, {'battery-level': '11.55'}, battery_charge, None, None
270.01, [INFO], r1, {'y': 15.912, 'x': -31.206, 'yaw': 3.141}, pose, None, None
280.08, [INFO], r1, {'battery-level': '11.05'}, battery_charge, None, None
280.08, [INFO], r1, {'y': 15.689, 'x': -33.336, 'yaw': 3.142}, pose, None, None
290.08, [INFO], r1, {'y': 15.734, 'x': -35.364, 'yaw': 3.142}, pose, None, None
290.08, [INFO], r1, {'battery-level': '10.55'}, battery_charge, None, None
300.08, [INFO], r1, {'battery-level': '10.05'}, battery_charge, None, None
300.08, [INFO], r1, {'y': 17.635, 'x': -36.095, 'yaw': -3.141}, pose, None, None
310.01, [INFO], r1, {'y': 19.727, 'x': -36.208, 'yaw': 3.141}, pose, None, None
310.01, [INFO], r1, {'battery-level': '9.55'}, battery_charge, None, None
320.00, [INFO], r1, {'y': 21.838, 'x': -36.285, 'yaw': 3.14}, pose, None, None
320.00, [INFO], r1, {'battery-level': '9.05'}, battery_charge, None, None
330.03, [INFO], r1, {'y': 23.965, 'x': -36.312, 'yaw': 3.141}, pose, None, None
330.03, [INFO], r1, {'battery-level': '8.55'}, battery_charge, None, None
340.01, [INFO], r1, {'y': 26.077, 'x': -36.256, 'yaw': 3.141}, pose, None, None
340.01, [INFO], r1, {'battery-level': '8.05'}, battery_charge, None, None
350.06, [INFO], r1, {'y': 28.201, 'x': -36.335, 'yaw': 3.141}, pose, None, None
350.06, [INFO], r1, {'battery-level': '7.55'}, battery_charge, None, None
360.07, [INFO], r1, {'y': 30.316, 'x': -36.429, 'yaw': -3.136}, pose, None, None
360.07, [INFO], r1, {'battery-level': '7.05'}, battery_charge, None, None
370.03, [INFO], r1, {'battery-level': '6.55'}, battery_charge, None, None
370.03, [INFO], r1, {'y': 32.411, 'x': -36.648, 'yaw': -3.142}, pose, None, None
380.03, [INFO], r1, {'battery-level': '6.05'}, battery_charge, None, None
380.03, [INFO], r1, {'y': 34.512, 'x': -36.975, 'yaw': 3.14}, pose, None, None
390.07, [INFO], r1, {'y': 36.108, 'x': -37.001, 'yaw': 3.141}, pose, None, None
390.07, [INFO], r1, {'battery-level': '5.55'}, battery_charge, None, None
394.23, [INFO], r1, skill-success, None, navto, None
394.23, [INFO], r1, started skill, None, approach-arm, None
394.23, [INFO], r1, started skill, None, open-drawer, None
394.23, [INFO], r1, sent message, None, None, None
394.23, [INFO], r1, skill-success, None, open-drawer, None
394.23, [INFO], r1, started skill, None, pick-up-sample, None
394.23, [INFO], r1, sent message, None, None, None
394.23, [INFO], r1, skill-success, None, pick-up-sample, None
394.23, [INFO], r1, started skill, None, close-drawer, None
394.23, [INFO], r1, sent message, None, None, None
394.23, [INFO], r1, skill-success, None, close-drawer, None
394.23, [WARN], r1, SUCCESS, None, None, None
