0.19, [DEBUG], logger, ROBOTS_CONFIG={'capabilities': ['approach_person', 'approach_robot', 'authenticate_person', 'navigation', 'operate_drawer'], 'battery_charge': 1, 'nurse_pose': [-28.5, 18.0, -1.57], 'robot_pose': [-40.23, 25.37, 0.0]}, None, None, None
0.19, [DEBUG], logger, Simulation open, None, None, None
10.09, [INFO], r1, {'y': 25.37, 'x': -40.23, 'yaw': -3.142}, pose, None, None
10.09, [INFO], r1, {'battery-level': '99.55'}, battery_charge, None, None
10.87, [INFO], r1, started skill, None, navto, None
20.07, [INFO], r1, {'y': 23.918, 'x': -39.04, 'yaw': 3.142}, pose, None, None
20.07, [INFO], r1, {'battery-level': '99.05'}, battery_charge, None, None
30.06, [INFO], r1, {'y': 22.571, 'x': -37.478, 'yaw': 3.142}, pose, None, None
30.06, [INFO], r1, {'battery-level': '98.55'}, battery_charge, None, None
40.06, [INFO], r1, {'y': 20.468, 'x': -37.308, 'yaw': -3.139}, pose, None, None
40.06, [INFO], r1, {'battery-level': '98.05'}, battery_charge, None, None
50.05, [INFO], r1, {'battery-level': '97.55'}, battery_charge, None, None
50.05, [INFO], r1, {'y': 18.35, 'x': -37.153, 'yaw': 3.14}, pose, None, None
60.03, [INFO], r1, {'battery-level': '97.05'}, battery_charge, None, None
60.03, [INFO], r1, {'y': 16.239, 'x': -37.033, 'yaw': 3.14}, pose, None, None
70.03, [INFO], r1, {'y': 15.569, 'x': -35.029, 'yaw': -3.141}, pose, None, None
70.03, [INFO], r1, {'battery-level': '96.55'}, battery_charge, None, None
80.03, [INFO], r1, {'y': 15.503, 'x': -32.927, 'yaw': -3.142}, pose, None, None
80.03, [INFO], r1, {'battery-level': '96.05'}, battery_charge, None, None
90.02, [INFO], r1, {'y': 15.51, 'x': -30.815, 'yaw': -3.141}, pose, None, None
90.02, [INFO], r1, {'battery-level': '95.55'}, battery_charge, None, None
100.01, [INFO], r1, {'battery-level': '95.05'}, battery_charge, None, None
100.01, [INFO], r1, {'y': 15.658, 'x': -28.706, 'yaw': 3.141}, pose, None, None
110.10, [INFO], r1, {'y': 15.687, 'x': -28.548, 'yaw': -3.142}, pose, None, None
110.10, [INFO], r1, {'battery-level': '94.55'}, battery_charge, None, None
120.05, [INFO], r1, {'y': 15.687, 'x': -28.547, 'yaw': -3.142}, pose, None, None
120.05, [INFO], r1, {'battery-level': '94.05'}, battery_charge, None, None
130.03, [INFO], r1, {'y': 15.686, 'x': -28.546, 'yaw': 3.142}, pose, None, None
130.03, [INFO], r1, {'battery-level': '93.55'}, battery_charge, None, None
140.02, [INFO], r1, {'y': 15.685, 'x': -28.545, 'yaw': -3.142}, pose, None, None
140.02, [INFO], r1, {'battery-level': '93.05'}, battery_charge, None, None
150.07, [INFO], r1, {'battery-level': '92.55'}, battery_charge, None, None
150.07, [INFO], r1, {'y': 15.763, 'x': -28.504, 'yaw': 3.14}, pose, None, None
160.07, [INFO], r1, {'battery-level': '92.05'}, battery_charge, None, None
160.07, [INFO], r1, {'y': 16.986, 'x': -28.383, 'yaw': -3.141}, pose, None, None
170.05, [INFO], r1, {'y': 17.196, 'x': -28.288, 'yaw': -3.142}, pose, None, None
170.05, [INFO], r1, {'battery-level': '91.55'}, battery_charge, None, None
180.07, [INFO], r1, {'y': 17.353, 'x': -28.236, 'yaw': -3.142}, pose, None, None
180.07, [INFO], r1, {'battery-level': '91.05'}, battery_charge, None, None
190.00, [INFO], r1, {'y': 17.372, 'x': -28.253, 'yaw': -3.142}, pose, None, None
190.00, [INFO], r1, {'battery-level': '90.55'}, battery_charge, None, None
192.76, [WARN], r1, SKILL-FAILURE, None, navto, None
200.01, [INFO], r1, {'y': 17.372, 'x': -28.253, 'yaw': 3.142}, pose, None, None
200.01, [INFO], r1, {'battery-level': '90.05'}, battery_charge, None, None
