0.19, [DEBUG], logger, ROBOTS_CONFIG={'capabilities': ['approach_person', 'approach_robot', 'authenticate_person', 'navigation', 'operate_drawer'], 'battery_charge': 1, 'nurse_pose': [-27.23, 18.0, -1.57], 'robot_pose': [-40.23, 25.37, 0.0]}, None, None, None
0.19, [DEBUG], logger, Simulation open, None, None, None
10.05, [INFO], r1, {'y': 25.37, 'x': -40.23, 'yaw': 3.142}, pose, None, None
10.05, [INFO], r1, {'battery-level': '99.55'}, battery_charge, None, None
10.73, [INFO], r1, started skill, None, navto, None
20.06, [INFO], r1, {'y': 23.926, 'x': -39.034, 'yaw': -3.142}, pose, None, None
20.06, [INFO], r1, {'battery-level': '99.05'}, battery_charge, None, None
30.07, [INFO], r1, {'y': 22.575, 'x': -37.441, 'yaw': -3.142}, pose, None, None
30.07, [INFO], r1, {'battery-level': '98.55'}, battery_charge, None, None
40.07, [INFO], r1, {'y': 20.464, 'x': -37.268, 'yaw': -3.138}, pose, None, None
40.07, [INFO], r1, {'battery-level': '98.05'}, battery_charge, None, None
50.03, [INFO], r1, {'y': 18.367, 'x': -37.135, 'yaw': 3.141}, pose, None, None
50.03, [INFO], r1, {'battery-level': '97.55'}, battery_charge, None, None
60.04, [INFO], r1, {'y': 16.245, 'x': -36.977, 'yaw': 3.14}, pose, None, None
60.04, [INFO], r1, {'battery-level': '97.05'}, battery_charge, None, None
70.04, [INFO], r1, {'y': 15.522, 'x': -34.973, 'yaw': -3.141}, pose, None, None
70.04, [INFO], r1, {'battery-level': '96.55'}, battery_charge, None, None
80.04, [INFO], r1, {'y': 15.479, 'x': -32.854, 'yaw': 3.141}, pose, None, None
80.04, [INFO], r1, {'battery-level': '96.05'}, battery_charge, None, None
90.04, [INFO], r1, {'battery-level': '95.55'}, battery_charge, None, None
90.04, [INFO], r1, {'y': 15.561, 'x': -30.742, 'yaw': -3.141}, pose, None, None
100.05, [INFO], r1, {'y': 15.711, 'x': -28.639, 'yaw': 3.138}, pose, None, None
100.05, [INFO], r1, {'battery-level': '95.05'}, battery_charge, None, None
110.04, [INFO], r1, {'y': 16.78, 'x': -27.065, 'yaw': 3.142}, pose, None, None
110.04, [INFO], r1, {'battery-level': '94.55'}, battery_charge, None, None
120.05, [INFO], r1, {'y': 17.955, 'x': -27.195, 'yaw': 3.141}, pose, None, None
120.05, [INFO], r1, {'battery-level': '94.05'}, battery_charge, None, None
124.70, [INFO], r1, skill-success, None, navto, None
124.70, [INFO], r1, started skill, None, approach-nurse, None
124.70, [INFO], r1, sent message, None, None, None
124.70, [INFO], r1, skill-success, None, approach-nurse, None
124.70, [INFO], r1, started skill, None, authenticate-nurse, None
124.70, [INFO], r1, sent message, None, None, None
124.70, [INFO], r1, skill-success, None, authenticate-nurse, None
124.70, [INFO], r1, started skill, None, open-drawer, None
124.70, [INFO], r1, sent message, None, None, None
124.70, [INFO], r1, skill-success, None, open-drawer, None
124.70, [INFO], r1, started skill, None, deposit, None
124.70, [INFO], r1, sent message, None, None, None
124.70, [INFO], r1, skill-success, None, deposit, None
124.70, [INFO], r1, started skill, None, close-drawer, None
124.70, [INFO], r1, sent message, None, None, None
124.70, [INFO], r1, skill-success, None, close-drawer, None
124.80, [INFO], r1, started skill, None, navto, None
130.04, [INFO], r1, {'battery-level': '93.55'}, battery_charge, None, None
130.04, [INFO], r1, {'y': 16.898, 'x': -27.054, 'yaw': 3.139}, pose, None, None
140.02, [INFO], r1, {'y': 16.05, 'x': -28.511, 'yaw': 3.142}, pose, None, None
140.02, [INFO], r1, {'battery-level': '93.05'}, battery_charge, None, None
150.01, [INFO], r1, {'y': 15.982, 'x': -30.62, 'yaw': 3.141}, pose, None, None
150.01, [INFO], r1, {'battery-level': '92.55'}, battery_charge, None, None
160.09, [INFO], r1, {'y': 15.801, 'x': -32.749, 'yaw': -3.142}, pose, None, None
160.09, [INFO], r1, {'battery-level': '92.05'}, battery_charge, None, None
170.00, [INFO], r1, {'battery-level': '91.55'}, battery_charge, None, None
170.00, [INFO], r1, {'y': 15.399, 'x': -34.839, 'yaw': -3.142}, pose, None, None
180.02, [INFO], r1, {'battery-level': '91.05'}, battery_charge, None, None
180.02, [INFO], r1, {'y': 17.014, 'x': -36.101, 'yaw': 3.142}, pose, None, None
190.04, [INFO], r1, {'y': 19.127, 'x': -36.14, 'yaw': 3.141}, pose, None, None
190.04, [INFO], r1, {'battery-level': '90.55'}, battery_charge, None, None
200.03, [INFO], r1, {'y': 21.236, 'x': -36.261, 'yaw': 3.142}, pose, None, None
200.03, [INFO], r1, {'battery-level': '90.05'}, battery_charge, None, None
210.04, [INFO], r1, {'y': 23.35, 'x': -36.328, 'yaw': 3.141}, pose, None, None
210.04, [INFO], r1, {'battery-level': '89.55'}, battery_charge, None, None
220.03, [INFO], r1, {'y': 25.455, 'x': -36.253, 'yaw': 3.141}, pose, None, None
220.03, [INFO], r1, {'battery-level': '89.05'}, battery_charge, None, None
230.02, [INFO], r1, {'y': 27.578, 'x': -36.272, 'yaw': 3.141}, pose, None, None
230.02, [INFO], r1, {'battery-level': '88.55'}, battery_charge, None, None
240.03, [INFO], r1, {'y': 29.694, 'x': -36.372, 'yaw': 3.142}, pose, None, None
240.03, [INFO], r1, {'battery-level': '88.05'}, battery_charge, None, None
250.03, [INFO], r1, {'y': 31.809, 'x': -36.544, 'yaw': 3.141}, pose, None, None
250.03, [INFO], r1, {'battery-level': '87.55'}, battery_charge, None, None
260.04, [INFO], r1, {'y': 33.926, 'x': -36.884, 'yaw': 3.142}, pose, None, None
260.04, [INFO], r1, {'battery-level': '87.05'}, battery_charge, None, None
270.04, [INFO], r1, {'y': 35.908, 'x': -36.93, 'yaw': 3.141}, pose, None, None
270.04, [INFO], r1, {'battery-level': '86.55'}, battery_charge, None, None
280.08, [INFO], r1, {'y': 36.043, 'x': -36.958, 'yaw': 3.141}, pose, None, None
280.08, [INFO], r1, {'battery-level': '86.05'}, battery_charge, None, None
280.08, [INFO], r1, skill-success, None, navto, None
280.08, [INFO], r1, started skill, None, approach-arm, None
280.08, [INFO], r1, sent message, None, None, None
280.08, [INFO], r1, skill-success, None, approach-arm, None
280.08, [INFO], r1, started skill, None, open-drawer, None
280.08, [INFO], r1, sent message, None, None, None
280.08, [INFO], r1, skill-success, None, open-drawer, None
280.08, [INFO], r1, started skill, None, pick-up-sample, None
280.08, [INFO], r1, sent message, None, None, None
280.08, [INFO], r1, skill-success, None, pick-up-sample, None
280.08, [INFO], r1, started skill, None, close-drawer, None
280.08, [INFO], r1, sent message, None, None, None
280.08, [INFO], r1, skill-success, None, close-drawer, None
280.08, [WARN], r1, SUCCESS, None, None, None
290.02, [INFO], r1, {'y': 36.043, 'x': -36.959, 'yaw': -3.142}, pose, None, None
290.02, [INFO], r1, {'battery-level': '85.55'}, battery_charge, None, None
