0.19, [DEBUG], logger, ROBOTS_CONFIG={'capabilities': ['approach_person', 'approach_robot', 'authenticate_person', 'navigation', 'operate_drawer'], 'battery_charge': 1, 'nurse_pose': [-21.0, 18.0, -1.57], 'robot_pose': [-40.23, 25.37, 0.0]}, None, None, None
0.19, [DEBUG], logger, Simulation open, None, None, None
10.04, [INFO], r1, {'y': 25.37, 'x': -40.23, 'yaw': 3.142}, pose, None, None
10.04, [INFO], r1, {'battery-level': '99.55'}, battery_charge, None, None
10.82, [INFO], r1, started skill, None, navto, None
20.02, [INFO], r1, {'y': 23.93, 'x': -39.043, 'yaw': -3.142}, pose, None, None
20.02, [INFO], r1, {'battery-level': '99.05'}, battery_charge, None, None
30.03, [INFO], r1, {'battery-level': '98.55'}, battery_charge, None, None
30.03, [INFO], r1, {'y': 22.581, 'x': -37.452, 'yaw': 3.141}, pose, None, None
40.02, [INFO], r1, {'y': 20.479, 'x': -37.261, 'yaw': -3.141}, pose, None, None
40.02, [INFO], r1, {'battery-level': '98.05'}, battery_charge, None, None
50.01, [INFO], r1, {'y': 18.38, 'x': -37.148, 'yaw': 3.141}, pose, None, None
50.01, [INFO], r1, {'battery-level': '97.55'}, battery_charge, None, None
60.01, [INFO], r1, {'y': 16.26, 'x': -37.041, 'yaw': 3.14}, pose, None, None
60.01, [INFO], r1, {'battery-level': '97.05'}, battery_charge, None, None
70.09, [INFO], r1, {'y': 15.518, 'x': -35.037, 'yaw': -3.142}, pose, None, None
70.09, [INFO], r1, {'battery-level': '96.55'}, battery_charge, None, None
80.10, [INFO], r1, {'battery-level': '96.05'}, battery_charge, None, None
80.10, [INFO], r1, {'y': 15.485, 'x': -32.925, 'yaw': -3.142}, pose, None, None
90.08, [INFO], r1, {'y': 15.573, 'x': -30.813, 'yaw': -3.142}, pose, None, None
90.08, [INFO], r1, {'battery-level': '95.55'}, battery_charge, None, None
100.04, [INFO], r1, {'y': 15.725, 'x': -28.722, 'yaw': 3.14}, pose, None, None
100.04, [INFO], r1, {'battery-level': '95.05'}, battery_charge, None, None
110.03, [INFO], r1, {'y': 15.979, 'x': -26.615, 'yaw': 3.142}, pose, None, None
110.03, [INFO], r1, {'battery-level': '94.55'}, battery_charge, None, None
120.01, [INFO], r1, {'y': 15.972, 'x': -24.511, 'yaw': -3.141}, pose, None, None
120.01, [INFO], r1, {'battery-level': '94.05'}, battery_charge, None, None
130.02, [INFO], r1, {'y': 16.072, 'x': -22.394, 'yaw': 3.142}, pose, None, None
130.02, [INFO], r1, {'battery-level': '93.55'}, battery_charge, None, None
140.01, [INFO], r1, {'y': 17.127, 'x': -20.793, 'yaw': 3.141}, pose, None, None
140.01, [INFO], r1, {'battery-level': '93.05'}, battery_charge, None, None
150.09, [INFO], r1, {'y': 17.974, 'x': -21.058, 'yaw': -3.142}, pose, None, None
150.09, [INFO], r1, {'battery-level': '92.55'}, battery_charge, None, None
155.03, [INFO], r1, skill-success, None, navto, None
155.03, [INFO], r1, started skill, None, approach-nurse, None
155.03, [INFO], r1, sent message, None, None, None
155.03, [INFO], r1, skill-success, None, approach-nurse, None
155.03, [INFO], r1, started skill, None, authenticate-nurse, None
155.03, [INFO], r1, sent message, None, None, None
155.03, [INFO], r1, started skill, None, open-drawer, None
155.03, [INFO], r1, sent message, None, None, None
155.03, [INFO], r1, skill-success, None, open-drawer, None
155.03, [INFO], r1, started skill, None, deposit, None
155.03, [INFO], r1, sent message, None, None, None
155.03, [INFO], r1, skill-success, None, deposit, None
155.03, [INFO], r1, started skill, None, close-drawer, None
155.03, [INFO], r1, sent message, None, None, None
155.03, [INFO], r1, skill-success, None, close-drawer, None
155.03, [INFO], r1, started skill, None, navto, None
160.05, [INFO], r1, {'y': 16.945, 'x': -21.019, 'yaw': -3.141}, pose, None, None
160.05, [INFO], r1, {'battery-level': '92.05'}, battery_charge, None, None
170.04, [INFO], r1, {'y': 16.211, 'x': -22.787, 'yaw': 3.142}, pose, None, None
170.04, [INFO], r1, {'battery-level': '91.55'}, battery_charge, None, None
180.05, [INFO], r1, {'y': 16.137, 'x': -24.886, 'yaw': 3.141}, pose, None, None
180.05, [INFO], r1, {'battery-level': '91.05'}, battery_charge, None, None
190.06, [INFO], r1, {'y': 15.939, 'x': -26.999, 'yaw': -3.137}, pose, None, None
190.06, [INFO], r1, {'battery-level': '90.55'}, battery_charge, None, None
200.03, [INFO], r1, {'battery-level': '90.05'}, battery_charge, None, None
200.03, [INFO], r1, {'y': 16.109, 'x': -29.109, 'yaw': -3.142}, pose, None, None
210.04, [INFO], r1, {'y': 16.0, 'x': -31.228, 'yaw': -3.142}, pose, None, None
210.04, [INFO], r1, {'battery-level': '89.55'}, battery_charge, None, None
220.04, [INFO], r1, {'y': 15.739, 'x': -33.329, 'yaw': 3.137}, pose, None, None
220.04, [INFO], r1, {'battery-level': '89.05'}, battery_charge, None, None
230.06, [INFO], r1, {'y': 15.828, 'x': -35.315, 'yaw': 3.142}, pose, None, None
230.06, [INFO], r1, {'battery-level': '88.55'}, battery_charge, None, None
240.05, [INFO], r1, {'y': 17.72, 'x': -36.094, 'yaw': 3.141}, pose, None, None
240.05, [INFO], r1, {'battery-level': '88.05'}, battery_charge, None, None
250.05, [INFO], r1, {'battery-level': '87.55'}, battery_charge, None, None
250.05, [INFO], r1, {'y': 19.827, 'x': -36.213, 'yaw': 3.141}, pose, None, None
260.03, [INFO], r1, {'battery-level': '87.05'}, battery_charge, None, None
260.03, [INFO], r1, {'y': 21.944, 'x': -36.291, 'yaw': 3.142}, pose, None, None
270.03, [INFO], r1, {'y': 24.052, 'x': -36.308, 'yaw': -3.141}, pose, None, None
270.03, [INFO], r1, {'battery-level': '86.55'}, battery_charge, None, None
280.04, [INFO], r1, {'battery-level': '86.05'}, battery_charge, None, None
280.04, [INFO], r1, {'y': 26.165, 'x': -36.283, 'yaw': -3.142}, pose, None, None
290.05, [INFO], r1, {'battery-level': '85.55'}, battery_charge, None, None
290.05, [INFO], r1, {'y': 28.271, 'x': -36.323, 'yaw': -3.141}, pose, None, None
300.05, [INFO], r1, {'battery-level': '85.05'}, battery_charge, None, None
300.05, [INFO], r1, {'y': 30.381, 'x': -36.404, 'yaw': -3.141}, pose, None, None
310.07, [INFO], r1, {'battery-level': '84.55'}, battery_charge, None, None
310.07, [INFO], r1, {'y': 32.511, 'x': -36.6, 'yaw': 3.142}, pose, None, None
320.00, [INFO], r1, {'y': 34.589, 'x': -36.887, 'yaw': 3.14}, pose, None, None
320.00, [INFO], r1, {'battery-level': '84.05'}, battery_charge, None, None
330.03, [INFO], r1, {'y': 36.088, 'x': -36.973, 'yaw': -3.142}, pose, None, None
330.03, [INFO], r1, {'battery-level': '83.55'}, battery_charge, None, None
335.29, [INFO], r1, skill-success, None, navto, None
335.29, [INFO], r1, started skill, None, approach-arm, None
335.29, [INFO], r1, sent message, None, None, None
335.29, [INFO], r1, skill-success, None, approach-arm, None
335.29, [INFO], r1, started skill, None, open-drawer, None
335.29, [INFO], r1, sent message, None, None, None
335.29, [INFO], r1, skill-success, None, open-drawer, None
335.29, [INFO], r1, started skill, None, pick-up-sample, None
335.29, [INFO], r1, sent message, None, None, None
335.29, [INFO], r1, skill-success, None, pick-up-sample, None
335.29, [INFO], r1, started skill, None, close-drawer, None
335.29, [INFO], r1, sent message, None, None, None
335.29, [INFO], r1, skill-success, None, close-drawer, None
335.29, [WARN], r1, SUCCESS, None, None, None
