10.06, [INFO], r1, {'y': 25.37, 'x': -40.23, 'yaw': -3.142}, pose, None, None
10.06, [INFO], r1, {'battery-level': '99.60'}, battery_charge, None, None
10.46, [INFO], r1, started skill, None, navto, None
20.02, [INFO], r1, {'y': 23.895, 'x': -38.958, 'yaw': 3.141}, pose, None, None
20.02, [INFO], r1, {'battery-level': '99.10'}, battery_charge, None, None
30.04, [INFO], r1, {'y': 22.532, 'x': -37.389, 'yaw': 3.142}, pose, None, None
30.04, [INFO], r1, {'battery-level': '98.60'}, battery_charge, None, None
40.02, [INFO], r1, {'y': 20.422, 'x': -37.292, 'yaw': 3.141}, pose, None, None
40.02, [INFO], r1, {'battery-level': '98.10'}, battery_charge, None, None
50.02, [INFO], r1, {'y': 18.323, 'x': -37.127, 'yaw': 3.141}, pose, None, None
50.02, [INFO], r1, {'battery-level': '97.60'}, battery_charge, None, None
60.04, [INFO], r1, {'y': 16.224, 'x': -36.92, 'yaw': 3.141}, pose, None, None
60.04, [INFO], r1, {'battery-level': '97.10'}, battery_charge, None, None
70.04, [INFO], r1, {'y': 15.476, 'x': -34.906, 'yaw': 3.141}, pose, None, None
70.04, [INFO], r1, {'battery-level': '96.60'}, battery_charge, None, None
80.07, [INFO], r1, {'y': 15.494, 'x': -32.776, 'yaw': -3.138}, pose, None, None
80.07, [INFO], r1, {'battery-level': '96.10'}, battery_charge, None, None
90.05, [INFO], r1, {'y': 15.54, 'x': -30.657, 'yaw': -3.141}, pose, None, None
90.05, [INFO], r1, {'battery-level': '95.60'}, battery_charge, None, None
100.00, [INFO], r1, {'battery-level': '95.10'}, battery_charge, None, None
100.00, [INFO], r1, {'y': 15.729, 'x': -28.554, 'yaw': 3.141}, pose, None, None
110.07, [INFO], r1, {'y': 15.961, 'x': -26.425, 'yaw': 3.139}, pose, None, None
110.07, [INFO], r1, {'battery-level': '94.60'}, battery_charge, None, None
120.00, [INFO], r1, {'y': 15.968, 'x': -24.334, 'yaw': -3.142}, pose, None, None
120.00, [INFO], r1, {'battery-level': '94.10'}, battery_charge, None, None
130.03, [INFO], r1, {'y': 16.145, 'x': -22.216, 'yaw': 3.142}, pose, None, None
130.03, [INFO], r1, {'battery-level': '93.60'}, battery_charge, None, None
140.02, [INFO], r1, {'y': 17.325, 'x': -20.882, 'yaw': -3.142}, pose, None, None
140.02, [INFO], r1, {'battery-level': '93.10'}, battery_charge, None, None
150.02, [INFO], r1, {'y': 17.959, 'x': -21.089, 'yaw': -3.142}, pose, None, None
150.02, [INFO], r1, {'battery-level': '92.60'}, battery_charge, None, None
155.29, [INFO], r1, skill-success, None, navto, None
155.29, [INFO], r1, started skill, None, approach-nurse, None
155.29, [INFO], r1, sent message, None, None, None
155.29, [INFO], r1, skill-success, None, approach-nurse, None
155.29, [INFO], r1, started skill, None, open-drawer, None
155.29, [INFO], r1, sent message, None, None, None
155.29, [INFO], r1, skill-success, None, open-drawer, None
155.29, [INFO], r1, started skill, None, deposit, None
155.29, [INFO], r1, sent message, None, None, None
155.29, [INFO], r1, skill-success, None, deposit, None
155.29, [INFO], r1, started skill, None, close-drawer, None
155.29, [INFO], r1, sent message, None, None, None
155.29, [INFO], r1, skill-success, None, close-drawer, None
155.29, [INFO], r1, started skill, None, navto, None
160.09, [INFO], r1, {'y': 17.006, 'x': -21.055, 'yaw': 3.14}, pose, None, None
160.09, [INFO], r1, {'battery-level': '92.10'}, battery_charge, None, None
170.02, [INFO], r1, {'battery-level': '91.60'}, battery_charge, None, None
170.02, [INFO], r1, {'y': 16.193, 'x': -22.775, 'yaw': 3.139}, pose, None, None
180.07, [INFO], r1, {'y': 16.107, 'x': -24.893, 'yaw': 3.14}, pose, None, None
180.07, [INFO], r1, {'battery-level': '91.10'}, battery_charge, None, None
190.06, [INFO], r1, {'y': 16.017, 'x': -27.008, 'yaw': 3.141}, pose, None, None
190.06, [INFO], r1, {'battery-level': '90.60'}, battery_charge, None, None
200.04, [INFO], r1, {'y': 16.113, 'x': -29.114, 'yaw': 3.142}, pose, None, None
200.04, [INFO], r1, {'battery-level': '90.10'}, battery_charge, None, None
210.10, [INFO], r1, {'y': 16.022, 'x': -31.23, 'yaw': 3.141}, pose, None, None
210.10, [INFO], r1, {'battery-level': '89.60'}, battery_charge, None, None
220.05, [INFO], r1, {'battery-level': '89.10'}, battery_charge, None, None
220.05, [INFO], r1, {'y': 15.724, 'x': -33.332, 'yaw': 3.139}, pose, None, None
230.00, [INFO], r1, {'y': 15.828, 'x': -35.324, 'yaw': 3.142}, pose, None, None
230.00, [INFO], r1, {'battery-level': '88.60'}, battery_charge, None, None
240.07, [INFO], r1, {'y': 17.706, 'x': -36.103, 'yaw': -3.138}, pose, None, None
240.07, [INFO], r1, {'battery-level': '88.10'}, battery_charge, None, None
250.01, [INFO], r1, {'y': 19.799, 'x': -36.245, 'yaw': 3.141}, pose, None, None
250.01, [INFO], r1, {'battery-level': '87.60'}, battery_charge, None, None
260.06, [INFO], r1, {'y': 21.916, 'x': -36.253, 'yaw': 3.14}, pose, None, None
260.06, [INFO], r1, {'battery-level': '87.10'}, battery_charge, None, None
270.08, [INFO], r1, {'y': 24.041, 'x': -36.302, 'yaw': 3.14}, pose, None, None
270.08, [INFO], r1, {'battery-level': '86.60'}, battery_charge, None, None
280.02, [INFO], r1, {'battery-level': '86.10'}, battery_charge, None, None
280.02, [INFO], r1, {'y': 26.136, 'x': -36.301, 'yaw': 3.141}, pose, None, None
290.07, [INFO], r1, {'y': 28.269, 'x': -36.368, 'yaw': 3.14}, pose, None, None
290.07, [INFO], r1, {'battery-level': '85.60'}, battery_charge, None, None
300.02, [INFO], r1, {'y': 30.38, 'x': -36.438, 'yaw': 3.141}, pose, None, None
300.02, [INFO], r1, {'battery-level': '85.10'}, battery_charge, None, None
310.00, [INFO], r1, {'battery-level': '84.60'}, battery_charge, None, None
310.00, [INFO], r1, {'y': 32.49, 'x': -36.636, 'yaw': -3.142}, pose, None, None
320.09, [INFO], r1, {'y': 34.627, 'x': -36.851, 'yaw': 3.141}, pose, None, None
320.09, [INFO], r1, {'battery-level': '84.10'}, battery_charge, None, None
330.04, [INFO], r1, {'y': 36.083, 'x': -36.958, 'yaw': 3.141}, pose, None, None
330.04, [INFO], r1, {'battery-level': '83.60'}, battery_charge, None, None
334.67, [INFO], r1, skill-success, None, navto, None
334.67, [INFO], r1, started skill, None, approach-arm, None
334.67, [INFO], r1, sent message, None, None, None
334.67, [INFO], r1, skill-success, None, approach-arm, None
334.67, [INFO], r1, started skill, None, open-drawer, None
334.67, [INFO], r1, sent message, None, None, None
334.67, [INFO], r1, skill-success, None, open-drawer, None
334.67, [INFO], r1, started skill, None, pick-up-sample, None
334.67, [INFO], r1, sent message, None, None, None
334.67, [INFO], r1, skill-success, None, pick-up-sample, None
334.67, [INFO], r1, started skill, None, close-drawer, None
334.67, [INFO], r1, sent message, None, None, None
334.67, [INFO], r1, skill-success, None, close-drawer, None
334.67, [WARN], r1, SUCCESS, None, None, None
340.02, [INFO], r1, {'y': 36.085, 'x': -36.962, 'yaw': 3.142}, pose, None, None
340.02, [INFO], r1, {'battery-level': '83.10'}, battery_charge, None, None
