9.47, [INFO], r1, started skill, None, navto, None
10.05, [INFO], r1, {'y': 25.369, 'x': -40.182, 'yaw': 3.141}, pose, None, None
10.05, [INFO], r1, {'battery-level': '99.55'}, battery_charge, None, None
20.05, [INFO], r1, {'battery-level': '99.05'}, battery_charge, None, None
20.05, [INFO], r1, {'y': 23.703, 'x': -38.846, 'yaw': 3.141}, pose, None, None
30.02, [INFO], r1, {'battery-level': '98.55'}, battery_charge, None, None
30.02, [INFO], r1, {'y': 22.264, 'x': -37.411, 'yaw': 3.142}, pose, None, None
40.02, [INFO], r1, {'y': 20.15, 'x': -37.253, 'yaw': -3.137}, pose, None, None
40.02, [INFO], r1, {'battery-level': '98.05'}, battery_charge, None, None
50.02, [INFO], r1, {'battery-level': '97.55'}, battery_charge, None, None
50.02, [INFO], r1, {'y': 18.049, 'x': -37.101, 'yaw': 3.141}, pose, None, None
60.09, [INFO], r1, {'battery-level': '97.05'}, battery_charge, None, None
60.09, [INFO], r1, {'y': 16.172, 'x': -36.556, 'yaw': 3.141}, pose, None, None
70.09, [INFO], r1, {'battery-level': '96.55'}, battery_charge, None, None
70.09, [INFO], r1, {'y': 15.44, 'x': -34.539, 'yaw': 3.141}, pose, None, None
80.05, [INFO], r1, {'battery-level': '96.05'}, battery_charge, None, None
80.05, [INFO], r1, {'y': 15.487, 'x': -32.429, 'yaw': 3.142}, pose, None, None
90.02, [INFO], r1, {'y': 15.556, 'x': -30.329, 'yaw': 3.141}, pose, None, None
90.02, [INFO], r1, {'battery-level': '95.55'}, battery_charge, None, None
100.06, [INFO], r1, {'y': 15.769, 'x': -28.216, 'yaw': -3.142}, pose, None, None
100.06, [INFO], r1, {'battery-level': '95.05'}, battery_charge, None, None
110.01, [INFO], r1, {'y': 16.069, 'x': -26.129, 'yaw': 3.14}, pose, None, None
110.01, [INFO], r1, {'battery-level': '94.55'}, battery_charge, None, None
120.07, [INFO], r1, {'y': 16.002, 'x': -24.015, 'yaw': 3.141}, pose, None, None
120.07, [INFO], r1, {'battery-level': '94.05'}, battery_charge, None, None
130.03, [INFO], r1, {'y': 16.178, 'x': -21.933, 'yaw': 3.141}, pose, None, None
130.03, [INFO], r1, {'battery-level': '93.55'}, battery_charge, None, None
140.09, [INFO], r1, {'y': 17.637, 'x': -20.945, 'yaw': 3.142}, pose, None, None
140.09, [INFO], r1, {'battery-level': '93.05'}, battery_charge, None, None
150.02, [INFO], r1, {'battery-level': '92.55'}, battery_charge, None, None
150.02, [INFO], r1, {'y': 17.982, 'x': -21.094, 'yaw': -3.141}, pose, None, None
155.58, [INFO], r1, skill-success, None, navto, None
155.58, [INFO], r1, started skill, None, approach-nurse, None
155.58, [INFO], r1, sent message, None, None, None
155.58, [INFO], r1, started skill, None, open-drawer, None
155.58, [INFO], r1, sent message, None, None, None
155.58, [INFO], r1, skill-success, None, open-drawer, None
155.58, [INFO], r1, started skill, None, deposit, None
155.58, [INFO], r1, sent message, None, None, None
155.58, [INFO], r1, skill-success, None, deposit, None
155.58, [INFO], r1, started skill, None, close-drawer, None
155.58, [INFO], r1, sent message, None, None, None
155.58, [INFO], r1, skill-success, None, close-drawer, None
155.58, [INFO], r1, started skill, None, navto, None
160.06, [INFO], r1, {'y': 17.104, 'x': -21.037, 'yaw': -3.139}, pose, None, None
160.06, [INFO], r1, {'battery-level': '92.05'}, battery_charge, None, None
170.03, [INFO], r1, {'y': 16.249, 'x': -22.646, 'yaw': 3.138}, pose, None, None
170.03, [INFO], r1, {'battery-level': '91.55'}, battery_charge, None, None
180.01, [INFO], r1, {'battery-level': '91.05'}, battery_charge, None, None
180.01, [INFO], r1, {'y': 16.105, 'x': -24.734, 'yaw': 3.14}, pose, None, None
190.08, [INFO], r1, {'y': 15.986, 'x': -26.867, 'yaw': -3.142}, pose, None, None
190.08, [INFO], r1, {'battery-level': '90.55'}, battery_charge, None, None
200.07, [INFO], r1, {'y': 16.015, 'x': -28.956, 'yaw': 3.141}, pose, None, None
200.07, [INFO], r1, {'battery-level': '90.05'}, battery_charge, None, None
210.01, [INFO], r1, {'battery-level': '89.55'}, battery_charge, None, None
210.01, [INFO], r1, {'y': 15.958, 'x': -31.063, 'yaw': 3.14}, pose, None, None
220.04, [INFO], r1, {'battery-level': '89.05'}, battery_charge, None, None
220.04, [INFO], r1, {'y': 15.706, 'x': -33.184, 'yaw': 3.142}, pose, None, None
230.09, [INFO], r1, {'y': 15.709, 'x': -35.231, 'yaw': -3.142}, pose, None, None
230.09, [INFO], r1, {'battery-level': '88.55'}, battery_charge, None, None
240.06, [INFO], r1, {'y': 17.557, 'x': -36.069, 'yaw': -3.142}, pose, None, None
240.06, [INFO], r1, {'battery-level': '88.05'}, battery_charge, None, None
250.07, [INFO], r1, {'battery-level': '87.55'}, battery_charge, None, None
250.07, [INFO], r1, {'y': 19.665, 'x': -36.208, 'yaw': -3.141}, pose, None, None
260.09, [INFO], r1, {'battery-level': '87.05'}, battery_charge, None, None
260.09, [INFO], r1, {'y': 21.794, 'x': -36.288, 'yaw': 3.141}, pose, None, None
270.06, [INFO], r1, {'y': 23.917, 'x': -36.329, 'yaw': 3.142}, pose, None, None
270.06, [INFO], r1, {'battery-level': '86.55'}, battery_charge, None, None
280.02, [INFO], r1, {'y': 26.023, 'x': -36.283, 'yaw': 3.141}, pose, None, None
280.02, [INFO], r1, {'battery-level': '86.05'}, battery_charge, None, None
290.04, [INFO], r1, {'y': 28.137, 'x': -36.333, 'yaw': -3.141}, pose, None, None
290.04, [INFO], r1, {'battery-level': '85.55'}, battery_charge, None, None
300.03, [INFO], r1, {'y': 30.229, 'x': -36.401, 'yaw': 3.14}, pose, None, None
300.03, [INFO], r1, {'battery-level': '85.05'}, battery_charge, None, None
310.02, [INFO], r1, {'y': 32.343, 'x': -36.572, 'yaw': 3.142}, pose, None, None
310.02, [INFO], r1, {'battery-level': '84.55'}, battery_charge, None, None
320.08, [INFO], r1, {'y': 34.458, 'x': -36.947, 'yaw': 3.142}, pose, None, None
320.08, [INFO], r1, {'battery-level': '84.05'}, battery_charge, None, None
330.09, [INFO], r1, {'y': 36.114, 'x': -36.944, 'yaw': -3.142}, pose, None, None
330.09, [INFO], r1, {'battery-level': '83.55'}, battery_charge, None, None
334.92, [INFO], r1, skill-success, None, navto, None
334.92, [INFO], r1, started skill, None, approach-arm, None
334.92, [INFO], r1, sent message, None, None, None
334.92, [INFO], r1, skill-success, None, approach-arm, None
334.92, [INFO], r1, started skill, None, open-drawer, None
334.92, [INFO], r1, sent message, None, None, None
334.92, [INFO], r1, skill-success, None, open-drawer, None
334.92, [INFO], r1, started skill, None, pick-up-sample, None
334.92, [WARN], r1, SKILL-FAILURE, None, pick-up-sample, None
