0.19, [DEBUG], logger, ROBOTS_CONFIG={'capabilities': ['approach_person', 'approach_robot', 'authenticate_person', 'navigation', 'operate_drawer'], 'battery_charge': 1, 'nurse_pose': [-19.0, 18.0, -1.57], 'robot_pose': [-40.23, 25.37, 0.0]}, None, None, None
0.19, [DEBUG], logger, Simulation open, None, None, None
10.09, [INFO], r1, {'y': 25.37, 'x': -40.23, 'yaw': -3.142}, pose, None, None
10.09, [INFO], r1, {'battery-level': '99.55'}, battery_charge, None, None
10.87, [INFO], r1, started skill, None, navto, None
20.09, [INFO], r1, {'y': 23.927, 'x': -39.02, 'yaw': 3.142}, pose, None, None
20.09, [INFO], r1, {'battery-level': '99.05'}, battery_charge, None, None
30.00, [INFO], r1, {'y': 22.559, 'x': -37.458, 'yaw': 3.136}, pose, None, None
30.00, [INFO], r1, {'battery-level': '98.55'}, battery_charge, None, None
40.02, [INFO], r1, {'battery-level': '98.05'}, battery_charge, None, None
40.02, [INFO], r1, {'y': 20.441, 'x': -37.233, 'yaw': -3.14}, pose, None, None
50.02, [INFO], r1, {'battery-level': '97.55'}, battery_charge, None, None
50.02, [INFO], r1, {'y': 18.337, 'x': -37.141, 'yaw': 3.142}, pose, None, None
60.01, [INFO], r1, {'y': 16.231, 'x': -37.006, 'yaw': 3.14}, pose, None, None
60.01, [INFO], r1, {'battery-level': '97.05'}, battery_charge, None, None
70.01, [INFO], r1, {'battery-level': '96.55'}, battery_charge, None, None
70.01, [INFO], r1, {'y': 15.55, 'x': -35.028, 'yaw': 3.142}, pose, None, None
80.02, [INFO], r1, {'y': 15.491, 'x': -32.916, 'yaw': 3.142}, pose, None, None
80.02, [INFO], r1, {'battery-level': '96.05'}, battery_charge, None, None
90.02, [INFO], r1, {'battery-level': '95.55'}, battery_charge, None, None
90.02, [INFO], r1, {'y': 15.549, 'x': -30.813, 'yaw': -3.141}, pose, None, None
100.02, [INFO], r1, {'y': 15.685, 'x': -28.706, 'yaw': 3.14}, pose, None, None
100.02, [INFO], r1, {'battery-level': '95.05'}, battery_charge, None, None
110.03, [INFO], r1, {'y': 16.005, 'x': -26.599, 'yaw': -3.141}, pose, None, None
110.03, [INFO], r1, {'battery-level': '94.55'}, battery_charge, None, None
120.04, [INFO], r1, {'y': 15.955, 'x': -24.48, 'yaw': 3.141}, pose, None, None
120.04, [INFO], r1, {'battery-level': '94.05'}, battery_charge, None, None
130.02, [INFO], r1, {'battery-level': '93.55'}, battery_charge, None, None
130.02, [INFO], r1, {'y': 16.081, 'x': -22.379, 'yaw': 3.141}, pose, None, None
140.01, [INFO], r1, {'y': 16.255, 'x': -20.279, 'yaw': -3.142}, pose, None, None
140.01, [INFO], r1, {'battery-level': '93.05'}, battery_charge, None, None
150.10, [INFO], r1, {'y': 17.759, 'x': -19.093, 'yaw': 3.141}, pose, None, None
150.10, [INFO], r1, {'battery-level': '92.55'}, battery_charge, None, None
159.59, [INFO], r1, skill-success, None, navto, None
159.59, [INFO], r1, started skill, None, approach-nurse, None
159.59, [INFO], r1, sent message, None, None, None
159.59, [INFO], r1, skill-success, None, approach-nurse, None
159.59, [INFO], r1, started skill, None, authenticate-nurse, None
159.59, [INFO], r1, sent message, None, None, None
159.59, [INFO], r1, started skill, None, open-drawer, None
159.59, [INFO], r1, sent message, None, None, None
159.59, [INFO], r1, skill-success, None, open-drawer, None
159.59, [INFO], r1, started skill, None, deposit, None
159.59, [INFO], r1, sent message, None, None, None
159.59, [INFO], r1, skill-success, None, deposit, None
159.59, [INFO], r1, started skill, None, close-drawer, None
159.59, [INFO], r1, sent message, None, None, None
159.59, [INFO], r1, skill-success, None, close-drawer, None
159.59, [INFO], r1, started skill, None, navto, None
160.09, [INFO], r1, {'y': 17.911, 'x': -18.988, 'yaw': 3.14}, pose, None, None
160.09, [INFO], r1, {'battery-level': '92.05'}, battery_charge, None, None
170.09, [INFO], r1, {'y': 16.285, 'x': -20.184, 'yaw': 3.142}, pose, None, None
170.09, [INFO], r1, {'battery-level': '91.55'}, battery_charge, None, None
180.00, [INFO], r1, {'y': 16.249, 'x': -22.291, 'yaw': 3.141}, pose, None, None
180.00, [INFO], r1, {'battery-level': '91.05'}, battery_charge, None, None
190.09, [INFO], r1, {'y': 16.173, 'x': -24.435, 'yaw': 3.141}, pose, None, None
190.09, [INFO], r1, {'battery-level': '90.55'}, battery_charge, None, None
200.06, [INFO], r1, {'y': 16.049, 'x': -26.549, 'yaw': -3.139}, pose, None, None
200.06, [INFO], r1, {'battery-level': '90.05'}, battery_charge, None, None
210.05, [INFO], r1, {'y': 15.985, 'x': -28.648, 'yaw': 3.138}, pose, None, None
210.05, [INFO], r1, {'battery-level': '89.55'}, battery_charge, None, None
220.04, [INFO], r1, {'battery-level': '89.05'}, battery_charge, None, None
220.04, [INFO], r1, {'y': 15.912, 'x': -30.759, 'yaw': 3.142}, pose, None, None
230.05, [INFO], r1, {'y': 15.769, 'x': -32.873, 'yaw': 3.141}, pose, None, None
230.05, [INFO], r1, {'battery-level': '88.55'}, battery_charge, None, None
240.07, [INFO], r1, {'battery-level': '88.05'}, battery_charge, None, None
240.07, [INFO], r1, {'y': 15.502, 'x': -34.98, 'yaw': 3.141}, pose, None, None
250.07, [INFO], r1, {'y': 17.243, 'x': -36.082, 'yaw': 3.142}, pose, None, None
250.07, [INFO], r1, {'battery-level': '87.55'}, battery_charge, None, None
260.06, [INFO], r1, {'y': 19.359, 'x': -36.159, 'yaw': 3.141}, pose, None, None
260.06, [INFO], r1, {'battery-level': '87.05'}, battery_charge, None, None
270.01, [INFO], r1, {'battery-level': '86.55'}, battery_charge, None, None
270.01, [INFO], r1, {'y': 21.451, 'x': -36.323, 'yaw': 3.141}, pose, None, None
280.09, [INFO], r1, {'y': 23.583, 'x': -36.383, 'yaw': 3.141}, pose, None, None
280.09, [INFO], r1, {'battery-level': '86.05'}, battery_charge, None, None
290.09, [INFO], r1, {'y': 25.708, 'x': -36.309, 'yaw': 3.141}, pose, None, None
290.09, [INFO], r1, {'battery-level': '85.55'}, battery_charge, None, None
300.01, [INFO], r1, {'y': 27.822, 'x': -36.352, 'yaw': 3.142}, pose, None, None
300.01, [INFO], r1, {'battery-level': '85.05'}, battery_charge, None, None
310.03, [INFO], r1, {'y': 29.952, 'x': -36.435, 'yaw': 3.142}, pose, None, None
310.03, [INFO], r1, {'battery-level': '84.55'}, battery_charge, None, None
320.03, [INFO], r1, {'y': 32.07, 'x': -36.595, 'yaw': -3.142}, pose, None, None
320.03, [INFO], r1, {'battery-level': '84.05'}, battery_charge, None, None
330.05, [INFO], r1, {'y': 34.178, 'x': -36.873, 'yaw': 3.141}, pose, None, None
330.05, [INFO], r1, {'battery-level': '83.55'}, battery_charge, None, None
340.06, [INFO], r1, {'battery-level': '83.05'}, battery_charge, None, None
340.06, [INFO], r1, {'y': 35.984, 'x': -36.99, 'yaw': 3.14}, pose, None, None
348.51, [INFO], r1, skill-success, None, navto, None
348.51, [INFO], r1, started skill, None, approach-arm, None
348.51, [INFO], r1, sent message, None, None, None
348.51, [INFO], r1, skill-success, None, approach-arm, None
348.51, [INFO], r1, started skill, None, open-drawer, None
348.51, [INFO], r1, sent message, None, None, None
348.51, [INFO], r1, skill-success, None, open-drawer, None
348.51, [INFO], r1, started skill, None, pick-up-sample, None
348.51, [INFO], r1, sent message, None, None, None
348.51, [INFO], r1, skill-success, None, pick-up-sample, None
348.51, [INFO], r1, started skill, None, close-drawer, None
348.51, [INFO], r1, sent message, None, None, None
348.51, [INFO], r1, skill-success, None, close-drawer, None
348.51, [WARN], r1, SUCCESS, None, None, None
350.08, [INFO], r1, {'y': 36.071, 'x': -36.992, 'yaw': -3.142}, pose, None, None
350.08, [INFO], r1, {'battery-level': '82.55'}, battery_charge, None, None
