9.02, [INFO], r1, started skill, None, navto, None
10.09, [INFO], r1, {'battery-level': '99.55'}, battery_charge, None, None
10.09, [INFO], r1, {'y': 25.346, 'x': -40.091, 'yaw': -3.141}, pose, None, None
20.09, [INFO], r1, {'y': 23.607, 'x': -38.783, 'yaw': 3.142}, pose, None, None
20.09, [INFO], r1, {'battery-level': '99.05'}, battery_charge, None, None
30.01, [INFO], r1, {'y': 22.196, 'x': -37.393, 'yaw': -3.142}, pose, None, None
30.01, [INFO], r1, {'battery-level': '98.55'}, battery_charge, None, None
40.02, [INFO], r1, {'battery-level': '98.05'}, battery_charge, None, None
40.02, [INFO], r1, {'y': 20.075, 'x': -37.282, 'yaw': 3.139}, pose, None, None
50.04, [INFO], r1, {'battery-level': '97.55'}, battery_charge, None, None
50.04, [INFO], r1, {'y': 17.965, 'x': -37.121, 'yaw': 3.141}, pose, None, None
60.09, [INFO], r1, {'y': 16.084, 'x': -36.656, 'yaw': 3.142}, pose, None, None
60.09, [INFO], r1, {'battery-level': '97.05'}, battery_charge, None, None
70.08, [INFO], r1, {'y': 15.386, 'x': -34.617, 'yaw': -3.142}, pose, None, None
70.08, [INFO], r1, {'battery-level': '96.55'}, battery_charge, None, None
80.08, [INFO], r1, {'y': 15.495, 'x': -32.492, 'yaw': -3.142}, pose, None, None
80.08, [INFO], r1, {'battery-level': '96.05'}, battery_charge, None, None
90.05, [INFO], r1, {'y': 15.597, 'x': -30.38, 'yaw': 3.141}, pose, None, None
90.05, [INFO], r1, {'battery-level': '95.55'}, battery_charge, None, None
100.05, [INFO], r1, {'battery-level': '95.05'}, battery_charge, None, None
100.05, [INFO], r1, {'y': 15.757, 'x': -28.286, 'yaw': 3.142}, pose, None, None
110.09, [INFO], r1, {'y': 16.022, 'x': -26.161, 'yaw': 3.14}, pose, None, None
110.09, [INFO], r1, {'battery-level': '94.55'}, battery_charge, None, None
120.08, [INFO], r1, {'battery-level': '94.05'}, battery_charge, None, None
120.08, [INFO], r1, {'y': 16.007, 'x': -24.051, 'yaw': 3.141}, pose, None, None
130.05, [INFO], r1, {'y': 16.002, 'x': -21.943, 'yaw': 3.142}, pose, None, None
130.05, [INFO], r1, {'battery-level': '93.55'}, battery_charge, None, None
140.03, [INFO], r1, {'y': 16.394, 'x': -19.847, 'yaw': 3.141}, pose, None, None
140.03, [INFO], r1, {'battery-level': '93.05'}, battery_charge, None, None
150.08, [INFO], r1, {'battery-level': '92.55'}, battery_charge, None, None
150.08, [INFO], r1, {'y': 17.942, 'x': -19.017, 'yaw': 3.142}, pose, None, None
156.11, [INFO], r1, skill-success, None, navto, None
156.11, [INFO], r1, started skill, None, approach-nurse, None
156.11, [INFO], r1, sent message, None, None, None
156.11, [INFO], r1, skill-success, None, approach-nurse, None
156.11, [INFO], r1, started skill, None, authenticate-nurse, None
156.11, [INFO], r1, started skill, None, open-drawer, None
156.11, [INFO], r1, sent message, None, None, None
156.11, [INFO], r1, skill-success, None, open-drawer, None
156.20, [INFO], r1, started skill, None, deposit, None
156.20, [INFO], r1, sent message, None, None, None
156.20, [INFO], r1, skill-success, None, deposit, None
156.20, [INFO], r1, started skill, None, close-drawer, None
156.20, [INFO], r1, sent message, None, None, None
156.20, [INFO], r1, skill-success, None, close-drawer, None
156.20, [INFO], r1, started skill, None, navto, None
160.03, [INFO], r1, {'y': 17.341, 'x': -19.321, 'yaw': 3.142}, pose, None, None
160.03, [INFO], r1, {'battery-level': '92.05'}, battery_charge, None, None
170.00, [INFO], r1, {'y': 16.316, 'x': -20.865, 'yaw': 3.141}, pose, None, None
170.00, [INFO], r1, {'battery-level': '91.55'}, battery_charge, None, None
180.07, [INFO], r1, {'battery-level': '91.05'}, battery_charge, None, None
180.07, [INFO], r1, {'y': 16.197, 'x': -22.987, 'yaw': 3.142}, pose, None, None
190.08, [INFO], r1, {'y': 16.137, 'x': -25.091, 'yaw': 3.141}, pose, None, None
190.08, [INFO], r1, {'battery-level': '90.55'}, battery_charge, None, None
200.07, [INFO], r1, {'battery-level': '90.05'}, battery_charge, None, None
200.07, [INFO], r1, {'y': 15.952, 'x': -27.204, 'yaw': 3.141}, pose, None, None
210.03, [INFO], r1, {'y': 16.035, 'x': -29.307, 'yaw': 3.142}, pose, None, None
210.03, [INFO], r1, {'battery-level': '89.55'}, battery_charge, None, None
220.06, [INFO], r1, {'y': 15.902, 'x': -31.421, 'yaw': 3.14}, pose, None, None
220.06, [INFO], r1, {'battery-level': '89.05'}, battery_charge, None, None
230.02, [INFO], r1, {'y': 15.649, 'x': -33.512, 'yaw': -3.142}, pose, None, None
230.02, [INFO], r1, {'battery-level': '88.55'}, battery_charge, None, None
240.00, [INFO], r1, {'y': 15.858, 'x': -35.491, 'yaw': 3.142}, pose, None, None
240.00, [INFO], r1, {'battery-level': '88.05'}, battery_charge, None, None
250.08, [INFO], r1, {'y': 17.781, 'x': -36.125, 'yaw': -3.141}, pose, None, None
250.08, [INFO], r1, {'battery-level': '87.55'}, battery_charge, None, None
260.05, [INFO], r1, {'y': 19.884, 'x': -36.209, 'yaw': 3.141}, pose, None, None
260.05, [INFO], r1, {'battery-level': '87.05'}, battery_charge, None, None
270.06, [INFO], r1, {'battery-level': '86.55'}, battery_charge, None, None
270.06, [INFO], r1, {'y': 22.008, 'x': -36.281, 'yaw': 3.141}, pose, None, None
280.07, [INFO], r1, {'y': 24.115, 'x': -36.292, 'yaw': 3.141}, pose, None, None
280.07, [INFO], r1, {'battery-level': '86.05'}, battery_charge, None, None
290.05, [INFO], r1, {'y': 26.213, 'x': -36.254, 'yaw': 3.141}, pose, None, None
290.05, [INFO], r1, {'battery-level': '85.55'}, battery_charge, None, None
300.02, [INFO], r1, {'y': 28.333, 'x': -36.329, 'yaw': 3.141}, pose, None, None
300.02, [INFO], r1, {'battery-level': '85.05'}, battery_charge, None, None
310.04, [INFO], r1, {'battery-level': '84.55'}, battery_charge, None, None
310.04, [INFO], r1, {'y': 30.445, 'x': -36.416, 'yaw': -3.141}, pose, None, None
320.06, [INFO], r1, {'y': 32.564, 'x': -36.608, 'yaw': 3.141}, pose, None, None
320.06, [INFO], r1, {'battery-level': '84.05'}, battery_charge, None, None
330.02, [INFO], r1, {'battery-level': '83.55'}, battery_charge, None, None
330.02, [INFO], r1, {'y': 34.666, 'x': -36.93, 'yaw': 3.141}, pose, None, None
340.05, [INFO], r1, {'y': 36.183, 'x': -36.994, 'yaw': -3.142}, pose, None, None
340.05, [INFO], r1, {'battery-level': '83.05'}, battery_charge, None, None
346.90, [INFO], r1, skill-success, None, navto, None
346.90, [INFO], r1, started skill, None, approach-arm, None
346.90, [INFO], r1, sent message, None, None, None
346.90, [INFO], r1, started skill, None, open-drawer, None
346.90, [INFO], r1, sent message, None, None, None
346.90, [INFO], r1, skill-success, None, open-drawer, None
346.90, [INFO], r1, started skill, None, pick-up-sample, None
347.00, [INFO], r1, sent message, None, None, None
347.00, [INFO], r1, skill-success, None, pick-up-sample, None
347.00, [INFO], r1, started skill, None, close-drawer, None
347.00, [INFO], r1, sent message, None, None, None
347.00, [INFO], r1, skill-success, None, close-drawer, None
347.00, [WARN], r1, SUCCESS, None, None, None
350.02, [INFO], r1, {'y': 36.183, 'x': -36.999, 'yaw': -3.142}, pose, None, None
350.02, [INFO], r1, {'battery-level': '82.55'}, battery_charge, None, None
