9.84, [INFO], r1, started skill, None, navto, None
10.04, [INFO], r1, {'battery-level': '99.60'}, battery_charge, None, None
10.04, [INFO], r1, {'y': 25.37, 'x': -40.23, 'yaw': -3.142}, pose, None, None
20.09, [INFO], r1, {'y': 23.78, 'x': -38.896, 'yaw': -3.142}, pose, None, None
20.09, [INFO], r1, {'battery-level': '99.10'}, battery_charge, None, None
30.09, [INFO], r1, {'y': 22.408, 'x': -37.377, 'yaw': 3.141}, pose, None, None
30.09, [INFO], r1, {'battery-level': '98.60'}, battery_charge, None, None
40.01, [INFO], r1, {'y': 20.316, 'x': -37.274, 'yaw': 3.141}, pose, None, None
40.01, [INFO], r1, {'battery-level': '98.10'}, battery_charge, None, None
50.07, [INFO], r1, {'y': 18.193, 'x': -37.129, 'yaw': 3.141}, pose, None, None
50.07, [INFO], r1, {'battery-level': '97.60'}, battery_charge, None, None
60.00, [INFO], r1, {'y': 16.08, 'x': -37.008, 'yaw': 3.141}, pose, None, None
60.00, [INFO], r1, {'battery-level': '97.10'}, battery_charge, None, None
70.08, [INFO], r1, {'y': 15.498, 'x': -35.014, 'yaw': -3.142}, pose, None, None
70.08, [INFO], r1, {'battery-level': '96.60'}, battery_charge, None, None
80.03, [INFO], r1, {'battery-level': '96.10'}, battery_charge, None, None
80.03, [INFO], r1, {'y': 15.467, 'x': -32.911, 'yaw': -3.142}, pose, None, None
90.05, [INFO], r1, {'y': 15.624, 'x': -30.792, 'yaw': -3.141}, pose, None, None
90.05, [INFO], r1, {'battery-level': '95.60'}, battery_charge, None, None
100.07, [INFO], r1, {'y': 15.763, 'x': -28.671, 'yaw': 3.141}, pose, None, None
100.07, [INFO], r1, {'battery-level': '95.10'}, battery_charge, None, None
110.03, [INFO], r1, {'battery-level': '94.60'}, battery_charge, None, None
110.03, [INFO], r1, {'y': 16.018, 'x': -26.568, 'yaw': -3.14}, pose, None, None
120.06, [INFO], r1, {'y': 16.0, 'x': -24.452, 'yaw': -3.142}, pose, None, None
120.06, [INFO], r1, {'battery-level': '94.10'}, battery_charge, None, None
130.05, [INFO], r1, {'battery-level': '93.60'}, battery_charge, None, None
130.05, [INFO], r1, {'y': 16.023, 'x': -22.33, 'yaw': -3.142}, pose, None, None
140.07, [INFO], r1, {'y': 16.304, 'x': -20.226, 'yaw': -3.142}, pose, None, None
140.07, [INFO], r1, {'battery-level': '93.10'}, battery_charge, None, None
150.07, [INFO], r1, {'y': 17.838, 'x': -19.121, 'yaw': -3.136}, pose, None, None
150.07, [INFO], r1, {'battery-level': '92.60'}, battery_charge, None, None
160.03, [INFO], r1, {'battery-level': '92.10'}, battery_charge, None, None
160.03, [INFO], r1, {'y': 17.968, 'x': -18.992, 'yaw': 3.141}, pose, None, None
161.85, [INFO], r1, skill-success, None, navto, None
161.85, [INFO], r1, started skill, None, approach-nurse, None
161.85, [INFO], r1, sent message, None, None, None
161.85, [INFO], r1, skill-success, None, approach-nurse, None
161.85, [INFO], r1, started skill, None, authenticate-nurse, None
161.85, [INFO], r1, sent message, None, None, None
161.85, [INFO], r1, skill-success, None, authenticate-nurse, None
161.85, [INFO], r1, started skill, None, open-drawer, None
161.85, [INFO], r1, sent message, None, None, None
161.85, [INFO], r1, skill-success, None, open-drawer, None
161.85, [INFO], r1, started skill, None, deposit, None
161.85, [INFO], r1, sent message, None, None, None
161.85, [INFO], r1, skill-success, None, deposit, None
161.85, [INFO], r1, started skill, None, close-drawer, None
161.85, [INFO], r1, sent message, None, None, None
161.85, [INFO], r1, skill-success, None, close-drawer, None
161.85, [INFO], r1, started skill, None, navto, None
170.05, [INFO], r1, {'y': 16.472, 'x': -19.682, 'yaw': 3.142}, pose, None, None
170.05, [INFO], r1, {'battery-level': '91.60'}, battery_charge, None, None
180.07, [INFO], r1, {'y': 16.31, 'x': -21.777, 'yaw': 3.142}, pose, None, None
180.07, [INFO], r1, {'battery-level': '91.10'}, battery_charge, None, None
190.08, [INFO], r1, {'y': 16.147, 'x': -23.887, 'yaw': 3.141}, pose, None, None
190.08, [INFO], r1, {'battery-level': '90.60'}, battery_charge, None, None
200.02, [INFO], r1, {'y': 16.125, 'x': -25.996, 'yaw': 3.141}, pose, None, None
200.02, [INFO], r1, {'battery-level': '90.10'}, battery_charge, None, None
210.02, [INFO], r1, {'battery-level': '89.60'}, battery_charge, None, None
210.02, [INFO], r1, {'y': 16.035, 'x': -28.101, 'yaw': 3.141}, pose, None, None
220.03, [INFO], r1, {'battery-level': '89.10'}, battery_charge, None, None
220.03, [INFO], r1, {'y': 15.995, 'x': -30.209, 'yaw': 3.141}, pose, None, None
230.09, [INFO], r1, {'y': 15.791, 'x': -32.341, 'yaw': 3.142}, pose, None, None
230.09, [INFO], r1, {'battery-level': '88.60'}, battery_charge, None, None
240.02, [INFO], r1, {'y': 15.407, 'x': -34.423, 'yaw': -3.142}, pose, None, None
240.02, [INFO], r1, {'battery-level': '88.10'}, battery_charge, None, None
250.09, [INFO], r1, {'y': 16.685, 'x': -36.028, 'yaw': 3.142}, pose, None, None
250.09, [INFO], r1, {'battery-level': '87.60'}, battery_charge, None, None
260.00, [INFO], r1, {'y': 18.773, 'x': -36.16, 'yaw': 3.141}, pose, None, None
260.00, [INFO], r1, {'battery-level': '87.10'}, battery_charge, None, None
270.06, [INFO], r1, {'y': 20.901, 'x': -36.214, 'yaw': 3.142}, pose, None, None
270.06, [INFO], r1, {'battery-level': '86.60'}, battery_charge, None, None
280.09, [INFO], r1, {'battery-level': '86.10'}, battery_charge, None, None
280.09, [INFO], r1, {'y': 23.02, 'x': -36.301, 'yaw': 3.14}, pose, None, None
290.04, [INFO], r1, {'y': 25.106, 'x': -36.249, 'yaw': 3.14}, pose, None, None
290.04, [INFO], r1, {'battery-level': '85.60'}, battery_charge, None, None
300.08, [INFO], r1, {'y': 27.237, 'x': -36.301, 'yaw': 3.141}, pose, None, None
300.08, [INFO], r1, {'battery-level': '85.10'}, battery_charge, None, None
310.02, [INFO], r1, {'y': 29.334, 'x': -36.344, 'yaw': 3.136}, pose, None, None
310.02, [INFO], r1, {'battery-level': '84.60'}, battery_charge, None, None
320.08, [INFO], r1, {'y': 31.465, 'x': -36.48, 'yaw': 3.141}, pose, None, None
320.08, [INFO], r1, {'battery-level': '84.10'}, battery_charge, None, None
330.06, [INFO], r1, {'y': 33.565, 'x': -36.809, 'yaw': -3.142}, pose, None, None
330.06, [INFO], r1, {'battery-level': '83.60'}, battery_charge, None, None
340.08, [INFO], r1, {'y': 35.679, 'x': -36.961, 'yaw': 3.14}, pose, None, None
340.08, [INFO], r1, {'battery-level': '83.10'}, battery_charge, None, None
350.05, [INFO], r1, {'y': 36.076, 'x': -36.953, 'yaw': 3.142}, pose, None, None
350.05, [INFO], r1, {'battery-level': '82.60'}, battery_charge, None, None
350.82, [INFO], r1, skill-success, None, navto, None
350.82, [INFO], r1, started skill, None, approach-arm, None
350.82, [INFO], r1, sent message, None, None, None
350.82, [INFO], r1, skill-success, None, approach-arm, None
350.82, [INFO], r1, started skill, None, open-drawer, None
350.82, [INFO], r1, sent message, None, None, None
350.82, [INFO], r1, skill-success, None, open-drawer, None
350.82, [INFO], r1, started skill, None, pick-up-sample, None
350.82, [INFO], r1, sent message, None, None, None
350.82, [INFO], r1, skill-success, None, pick-up-sample, None
350.82, [INFO], r1, started skill, None, close-drawer, None
350.82, [INFO], r1, sent message, None, None, None
350.82, [INFO], r1, skill-success, None, close-drawer, None
350.82, [WARN], r1, SUCCESS, None, None, None
