0.19, [DEBUG], logger, ROBOTS_CONFIG={'capabilities': ['approach_person', 'approach_robot', 'authenticate_person', 'navigation', 'operate_drawer'], 'battery_charge': 1, 'nurse_pose': [-13.5, 18.0, -1.57], 'robot_pose': [-40.23, 25.37, 0.0]}, None, None, None
0.19, [DEBUG], logger, Simulation open, None, None, None
10.07, [INFO], r1, {'y': 25.37, 'x': -40.23, 'yaw': -3.142}, pose, None, None
10.07, [INFO], r1, {'battery-level': '99.55'}, battery_charge, None, None
10.86, [INFO], r1, started skill, None, navto, None
20.09, [INFO], r1, {'y': 23.951, 'x': -39.004, 'yaw': 3.141}, pose, None, None
20.09, [INFO], r1, {'battery-level': '99.05'}, battery_charge, None, None
30.01, [INFO], r1, {'battery-level': '98.55'}, battery_charge, None, None
30.01, [INFO], r1, {'y': 22.601, 'x': -37.455, 'yaw': 3.141}, pose, None, None
40.03, [INFO], r1, {'y': 20.473, 'x': -37.281, 'yaw': -3.138}, pose, None, None
40.03, [INFO], r1, {'battery-level': '98.05'}, battery_charge, None, None
50.03, [INFO], r1, {'y': 18.365, 'x': -37.113, 'yaw': 3.14}, pose, None, None
50.03, [INFO], r1, {'battery-level': '97.55'}, battery_charge, None, None
60.04, [INFO], r1, {'y': 16.25, 'x': -36.995, 'yaw': 3.141}, pose, None, None
60.04, [INFO], r1, {'battery-level': '97.05'}, battery_charge, None, None
70.04, [INFO], r1, {'battery-level': '96.55'}, battery_charge, None, None
70.04, [INFO], r1, {'y': 15.552, 'x': -35.014, 'yaw': -3.141}, pose, None, None
80.05, [INFO], r1, {'y': 15.449, 'x': -32.912, 'yaw': 3.141}, pose, None, None
80.05, [INFO], r1, {'battery-level': '96.05'}, battery_charge, None, None
90.06, [INFO], r1, {'y': 15.51, 'x': -30.796, 'yaw': -3.142}, pose, None, None
90.06, [INFO], r1, {'battery-level': '95.55'}, battery_charge, None, None
100.05, [INFO], r1, {'y': 15.731, 'x': -28.687, 'yaw': 3.14}, pose, None, None
100.05, [INFO], r1, {'battery-level': '95.05'}, battery_charge, None, None
110.02, [INFO], r1, {'battery-level': '94.55'}, battery_charge, None, None
110.02, [INFO], r1, {'y': 15.998, 'x': -26.578, 'yaw': -3.139}, pose, None, None
120.01, [INFO], r1, {'y': 15.996, 'x': -24.463, 'yaw': 3.142}, pose, None, None
120.01, [INFO], r1, {'battery-level': '94.05'}, battery_charge, None, None
130.08, [INFO], r1, {'battery-level': '93.55'}, battery_charge, None, None
130.08, [INFO], r1, {'y': 16.052, 'x': -22.33, 'yaw': 3.141}, pose, None, None
140.07, [INFO], r1, {'y': 16.119, 'x': -20.22, 'yaw': 3.141}, pose, None, None
140.07, [INFO], r1, {'battery-level': '93.05'}, battery_charge, None, None
150.05, [INFO], r1, {'y': 16.228, 'x': -18.107, 'yaw': -3.142}, pose, None, None
150.05, [INFO], r1, {'battery-level': '92.55'}, battery_charge, None, None
160.03, [INFO], r1, {'battery-level': '92.05'}, battery_charge, None, None
160.03, [INFO], r1, {'y': 16.116, 'x': -15.999, 'yaw': -3.141}, pose, None, None
170.01, [INFO], r1, {'y': 16.297, 'x': -13.898, 'yaw': 3.141}, pose, None, None
170.01, [INFO], r1, {'battery-level': '91.55'}, battery_charge, None, None
180.08, [INFO], r1, {'y': 17.862, 'x': -13.621, 'yaw': 3.142}, pose, None, None
180.08, [INFO], r1, {'battery-level': '91.05'}, battery_charge, None, None
190.09, [INFO], r1, {'battery-level': '90.55'}, battery_charge, None, None
190.09, [INFO], r1, {'y': 17.939, 'x': -13.676, 'yaw': 3.141}, pose, None, None
196.31, [INFO], r1, skill-success, None, navto, None
196.31, [INFO], r1, started skill, None, approach-nurse, None
196.31, [INFO], r1, sent message, None, None, None
196.31, [INFO], r1, skill-success, None, approach-nurse, None
196.31, [INFO], r1, started skill, None, authenticate-nurse, None
196.31, [INFO], r1, started skill, None, open-drawer, None
196.31, [INFO], r1, sent message, None, None, None
196.31, [INFO], r1, skill-success, None, open-drawer, None
196.31, [INFO], r1, started skill, None, deposit, None
196.31, [INFO], r1, sent message, None, None, None
196.31, [INFO], r1, skill-success, None, deposit, None
196.31, [INFO], r1, started skill, None, close-drawer, None
196.31, [INFO], r1, sent message, None, None, None
196.31, [INFO], r1, skill-success, None, close-drawer, None
196.31, [INFO], r1, started skill, None, navto, None
200.08, [INFO], r1, {'battery-level': '90.05'}, battery_charge, None, None
200.08, [INFO], r1, {'y': 17.221, 'x': -13.654, 'yaw': -3.14}, pose, None, None
210.09, [INFO], r1, {'y': 16.23, 'x': -15.204, 'yaw': 3.141}, pose, None, None
210.09, [INFO], r1, {'battery-level': '89.55'}, battery_charge, None, None
220.09, [INFO], r1, {'y': 16.2, 'x': -17.333, 'yaw': 3.14}, pose, None, None
220.09, [INFO], r1, {'battery-level': '89.05'}, battery_charge, None, None
230.09, [INFO], r1, {'battery-level': '88.55'}, battery_charge, None, None
230.09, [INFO], r1, {'y': 16.277, 'x': -19.45, 'yaw': 3.142}, pose, None, None
240.09, [INFO], r1, {'y': 16.329, 'x': -21.563, 'yaw': 3.141}, pose, None, None
240.09, [INFO], r1, {'battery-level': '88.05'}, battery_charge, None, None
250.09, [INFO], r1, {'y': 16.117, 'x': -23.665, 'yaw': 3.141}, pose, None, None
250.09, [INFO], r1, {'battery-level': '87.55'}, battery_charge, None, None
260.09, [INFO], r1, {'y': 16.051, 'x': -25.771, 'yaw': 3.14}, pose, None, None
260.09, [INFO], r1, {'battery-level': '87.05'}, battery_charge, None, None
270.10, [INFO], r1, {'y': 15.923, 'x': -27.889, 'yaw': -3.141}, pose, None, None
270.10, [INFO], r1, {'battery-level': '86.55'}, battery_charge, None, None
280.01, [INFO], r1, {'y': 15.955, 'x': -29.986, 'yaw': 3.141}, pose, None, None
280.01, [INFO], r1, {'battery-level': '86.05'}, battery_charge, None, None
290.10, [INFO], r1, {'y': 15.795, 'x': -32.119, 'yaw': 3.141}, pose, None, None
290.10, [INFO], r1, {'battery-level': '85.55'}, battery_charge, None, None
300.10, [INFO], r1, {'battery-level': '85.05'}, battery_charge, None, None
300.10, [INFO], r1, {'y': 15.464, 'x': -34.226, 'yaw': -3.142}, pose, None, None
310.09, [INFO], r1, {'y': 16.507, 'x': -35.965, 'yaw': -3.142}, pose, None, None
310.09, [INFO], r1, {'battery-level': '84.55'}, battery_charge, None, None
320.08, [INFO], r1, {'y': 18.607, 'x': -36.102, 'yaw': 3.141}, pose, None, None
320.08, [INFO], r1, {'battery-level': '84.05'}, battery_charge, None, None
330.07, [INFO], r1, {'battery-level': '83.55'}, battery_charge, None, None
330.07, [INFO], r1, {'y': 20.721, 'x': -36.276, 'yaw': 3.142}, pose, None, None
340.08, [INFO], r1, {'y': 22.856, 'x': -36.342, 'yaw': 3.14}, pose, None, None
340.08, [INFO], r1, {'battery-level': '83.05'}, battery_charge, None, None
350.01, [INFO], r1, {'y': 24.956, 'x': -36.271, 'yaw': 3.141}, pose, None, None
350.01, [INFO], r1, {'battery-level': '82.55'}, battery_charge, None, None
360.04, [INFO], r1, {'y': 27.073, 'x': -36.331, 'yaw': 3.141}, pose, None, None
360.04, [INFO], r1, {'battery-level': '82.05'}, battery_charge, None, None
370.06, [INFO], r1, {'y': 29.183, 'x': -36.408, 'yaw': -3.142}, pose, None, None
370.06, [INFO], r1, {'battery-level': '81.55'}, battery_charge, None, None
380.10, [INFO], r1, {'y': 31.31, 'x': -36.495, 'yaw': 3.14}, pose, None, None
380.10, [INFO], r1, {'battery-level': '81.05'}, battery_charge, None, None
390.01, [INFO], r1, {'y': 33.392, 'x': -36.789, 'yaw': -3.142}, pose, None, None
390.01, [INFO], r1, {'battery-level': '80.55'}, battery_charge, None, None
400.04, [INFO], r1, {'y': 35.516, 'x': -36.852, 'yaw': 3.141}, pose, None, None
400.04, [INFO], r1, {'battery-level': '80.05'}, battery_charge, None, None
410.07, [INFO], r1, {'y': 36.087, 'x': -36.958, 'yaw': -3.142}, pose, None, None
410.07, [INFO], r1, {'battery-level': '79.55'}, battery_charge, None, None
415.85, [INFO], r1, skill-success, None, navto, None
415.85, [INFO], r1, started skill, None, approach-arm, None
415.85, [INFO], r1, sent message, None, None, None
415.85, [INFO], r1, skill-success, None, approach-arm, None
415.85, [INFO], r1, started skill, None, open-drawer, None
415.85, [INFO], r1, sent message, None, None, None
415.85, [INFO], r1, skill-success, None, open-drawer, None
415.85, [INFO], r1, started skill, None, pick-up-sample, None
415.85, [INFO], r1, sent message, None, None, None
415.85, [INFO], r1, skill-success, None, pick-up-sample, None
415.85, [INFO], r1, started skill, None, close-drawer, None
415.85, [INFO], r1, sent message, None, None, None
415.85, [INFO], r1, skill-success, None, close-drawer, None
415.85, [WARN], r1, SUCCESS, None, None, None
420.07, [INFO], r1, {'y': 36.081, 'x': -36.961, 'yaw': -3.142}, pose, None, None
420.07, [INFO], r1, {'battery-level': '79.05'}, battery_charge, None, None
