10.03, [INFO], r1, {'battery-level': '99.60'}, battery_charge, None, None
10.03, [INFO], r1, {'y': 25.37, 'x': -40.23, 'yaw': 3.142}, pose, None, None
10.13, [INFO], r1, started skill, None, navto, None
20.09, [INFO], r1, {'y': 23.786, 'x': -38.944, 'yaw': 3.142}, pose, None, None
20.09, [INFO], r1, {'battery-level': '99.10'}, battery_charge, None, None
30.09, [INFO], r1, {'y': 22.468, 'x': -37.373, 'yaw': 3.142}, pose, None, None
30.09, [INFO], r1, {'battery-level': '98.60'}, battery_charge, None, None
40.05, [INFO], r1, {'y': 20.37, 'x': -37.266, 'yaw': 3.141}, pose, None, None
40.05, [INFO], r1, {'battery-level': '98.10'}, battery_charge, None, None
50.08, [INFO], r1, {'y': 18.254, 'x': -37.163, 'yaw': 3.141}, pose, None, None
50.08, [INFO], r1, {'battery-level': '97.60'}, battery_charge, None, None
60.03, [INFO], r1, {'battery-level': '97.10'}, battery_charge, None, None
60.03, [INFO], r1, {'y': 16.151, 'x': -37.045, 'yaw': 3.142}, pose, None, None
70.08, [INFO], r1, {'battery-level': '96.60'}, battery_charge, None, None
70.08, [INFO], r1, {'y': 15.476, 'x': -35.139, 'yaw': -3.142}, pose, None, None
80.03, [INFO], r1, {'y': 15.514, 'x': -33.038, 'yaw': 3.142}, pose, None, None
80.03, [INFO], r1, {'battery-level': '96.10'}, battery_charge, None, None
90.01, [INFO], r1, {'y': 15.525, 'x': -30.938, 'yaw': 3.142}, pose, None, None
90.01, [INFO], r1, {'battery-level': '95.60'}, battery_charge, None, None
100.03, [INFO], r1, {'y': 15.714, 'x': -28.825, 'yaw': 3.141}, pose, None, None
100.03, [INFO], r1, {'battery-level': '95.10'}, battery_charge, None, None
110.07, [INFO], r1, {'y': 15.988, 'x': -26.704, 'yaw': -3.142}, pose, None, None
110.07, [INFO], r1, {'battery-level': '94.60'}, battery_charge, None, None
120.02, [INFO], r1, {'y': 15.943, 'x': -24.601, 'yaw': 3.141}, pose, None, None
120.02, [INFO], r1, {'battery-level': '94.10'}, battery_charge, None, None
130.09, [INFO], r1, {'y': 16.039, 'x': -22.479, 'yaw': 3.136}, pose, None, None
130.09, [INFO], r1, {'battery-level': '93.60'}, battery_charge, None, None
140.08, [INFO], r1, {'battery-level': '93.10'}, battery_charge, None, None
140.08, [INFO], r1, {'y': 16.141, 'x': -20.377, 'yaw': 3.141}, pose, None, None
150.08, [INFO], r1, {'battery-level': '92.60'}, battery_charge, None, None
150.08, [INFO], r1, {'y': 16.177, 'x': -18.265, 'yaw': -3.14}, pose, None, None
160.06, [INFO], r1, {'battery-level': '92.10'}, battery_charge, None, None
160.06, [INFO], r1, {'y': 16.098, 'x': -16.164, 'yaw': 3.14}, pose, None, None
170.10, [INFO], r1, {'y': 16.246, 'x': -14.044, 'yaw': 3.139}, pose, None, None
170.10, [INFO], r1, {'battery-level': '91.60'}, battery_charge, None, None
180.04, [INFO], r1, {'y': 17.83, 'x': -13.638, 'yaw': 3.141}, pose, None, None
180.04, [INFO], r1, {'battery-level': '91.10'}, battery_charge, None, None
190.05, [INFO], r1, {'y': 17.958, 'x': -13.597, 'yaw': 3.142}, pose, None, None
190.05, [INFO], r1, {'battery-level': '90.60'}, battery_charge, None, None
194.97, [INFO], r1, skill-success, None, navto, None
194.97, [INFO], r1, started skill, None, approach-nurse, None
194.97, [INFO], r1, sent message, None, None, None
194.97, [INFO], r1, started skill, None, open-drawer, None
194.97, [INFO], r1, sent message, None, None, None
194.97, [INFO], r1, skill-success, None, open-drawer, None
194.97, [INFO], r1, started skill, None, deposit, None
194.97, [INFO], r1, sent message, None, None, None
194.97, [INFO], r1, skill-success, None, deposit, None
194.97, [INFO], r1, started skill, None, close-drawer, None
194.97, [INFO], r1, sent message, None, None, None
194.97, [INFO], r1, skill-success, None, close-drawer, None
194.97, [INFO], r1, started skill, None, navto, None
200.08, [INFO], r1, {'y': 16.948, 'x': -13.708, 'yaw': -3.14}, pose, None, None
200.08, [INFO], r1, {'battery-level': '90.10'}, battery_charge, None, None
210.09, [INFO], r1, {'y': 16.216, 'x': -15.501, 'yaw': 3.142}, pose, None, None
210.09, [INFO], r1, {'battery-level': '89.60'}, battery_charge, None, None
220.07, [INFO], r1, {'y': 16.175, 'x': -17.606, 'yaw': 3.141}, pose, None, None
220.07, [INFO], r1, {'battery-level': '89.10'}, battery_charge, None, None
230.05, [INFO], r1, {'y': 16.271, 'x': -19.699, 'yaw': 3.137}, pose, None, None
230.05, [INFO], r1, {'battery-level': '88.60'}, battery_charge, None, None
240.03, [INFO], r1, {'y': 16.307, 'x': -21.81, 'yaw': 3.142}, pose, None, None
240.03, [INFO], r1, {'battery-level': '88.10'}, battery_charge, None, None
250.02, [INFO], r1, {'y': 16.118, 'x': -23.908, 'yaw': 3.141}, pose, None, None
250.02, [INFO], r1, {'battery-level': '87.60'}, battery_charge, None, None
260.09, [INFO], r1, {'battery-level': '87.10'}, battery_charge, None, None
260.09, [INFO], r1, {'y': 16.092, 'x': -26.035, 'yaw': 3.139}, pose, None, None
270.04, [INFO], r1, {'y': 15.993, 'x': -28.142, 'yaw': 3.141}, pose, None, None
270.04, [INFO], r1, {'battery-level': '86.60'}, battery_charge, None, None
280.02, [INFO], r1, {'y': 15.985, 'x': -30.246, 'yaw': 3.141}, pose, None, None
280.02, [INFO], r1, {'battery-level': '86.10'}, battery_charge, None, None
290.09, [INFO], r1, {'y': 15.823, 'x': -32.374, 'yaw': 3.141}, pose, None, None
290.09, [INFO], r1, {'battery-level': '85.60'}, battery_charge, None, None
300.08, [INFO], r1, {'y': 15.397, 'x': -34.481, 'yaw': 3.142}, pose, None, None
300.08, [INFO], r1, {'battery-level': '85.10'}, battery_charge, None, None
310.05, [INFO], r1, {'y': 16.712, 'x': -36.025, 'yaw': -3.142}, pose, None, None
310.05, [INFO], r1, {'battery-level': '84.60'}, battery_charge, None, None
320.05, [INFO], r1, {'battery-level': '84.10'}, battery_charge, None, None
320.05, [INFO], r1, {'y': 18.822, 'x': -36.175, 'yaw': 3.142}, pose, None, None
330.02, [INFO], r1, {'y': 20.914, 'x': -36.285, 'yaw': -3.142}, pose, None, None
330.02, [INFO], r1, {'battery-level': '83.60'}, battery_charge, None, None
340.08, [INFO], r1, {'y': 23.035, 'x': -36.353, 'yaw': 3.141}, pose, None, None
340.08, [INFO], r1, {'battery-level': '83.10'}, battery_charge, None, None
350.05, [INFO], r1, {'y': 25.134, 'x': -36.273, 'yaw': 3.141}, pose, None, None
350.05, [INFO], r1, {'battery-level': '82.60'}, battery_charge, None, None
360.06, [INFO], r1, {'battery-level': '82.10'}, battery_charge, None, None
360.06, [INFO], r1, {'y': 27.257, 'x': -36.286, 'yaw': 3.141}, pose, None, None
370.09, [INFO], r1, {'y': 29.375, 'x': -36.327, 'yaw': 3.141}, pose, None, None
370.09, [INFO], r1, {'battery-level': '81.60'}, battery_charge, None, None
380.06, [INFO], r1, {'y': 31.489, 'x': -36.502, 'yaw': 3.141}, pose, None, None
380.06, [INFO], r1, {'battery-level': '81.10'}, battery_charge, None, None
390.09, [INFO], r1, {'y': 33.597, 'x': -36.865, 'yaw': 3.141}, pose, None, None
390.09, [INFO], r1, {'battery-level': '80.60'}, battery_charge, None, None
400.07, [INFO], r1, {'y': 35.696, 'x': -37.03, 'yaw': -3.141}, pose, None, None
400.07, [INFO], r1, {'battery-level': '80.10'}, battery_charge, None, None
408.41, [INFO], r1, skill-success, None, navto, None
408.41, [INFO], r1, started skill, None, approach-arm, None
408.41, [WARN], r1, SKILL-FAILURE, None, approach-arm, None
410.10, [INFO], r1, {'y': 36.017, 'x': -37.018, 'yaw': -3.142}, pose, None, None
410.10, [INFO], r1, {'battery-level': '79.60'}, battery_charge, None, None
420.02, [INFO], r1, {'y': 36.017, 'x': -37.018, 'yaw': -3.142}, pose, None, None
420.02, [INFO], r1, {'battery-level': '79.10'}, battery_charge, None, None
