9.67, [INFO], r1, started skill, None, navto, None
10.06, [INFO], r1, {'battery-level': '99.55'}, battery_charge, None, None
10.06, [INFO], r1, {'y': 25.37, 'x': -40.218, 'yaw': 3.141}, pose, None, None
20.04, [INFO], r1, {'y': 23.733, 'x': -38.887, 'yaw': -3.142}, pose, None, None
20.04, [INFO], r1, {'battery-level': '99.05'}, battery_charge, None, None
30.04, [INFO], r1, {'battery-level': '98.55'}, battery_charge, None, None
30.04, [INFO], r1, {'y': 22.334, 'x': -37.405, 'yaw': 3.141}, pose, None, None
40.09, [INFO], r1, {'battery-level': '98.05'}, battery_charge, None, None
40.09, [INFO], r1, {'y': 20.201, 'x': -37.25, 'yaw': -3.136}, pose, None, None
50.06, [INFO], r1, {'y': 18.087, 'x': -37.113, 'yaw': 3.141}, pose, None, None
50.06, [INFO], r1, {'battery-level': '97.55'}, battery_charge, None, None
60.03, [INFO], r1, {'battery-level': '97.05'}, battery_charge, None, None
60.03, [INFO], r1, {'y': 16.004, 'x': -36.857, 'yaw': 3.141}, pose, None, None
70.02, [INFO], r1, {'y': 15.415, 'x': -34.807, 'yaw': -3.141}, pose, None, None
70.02, [INFO], r1, {'battery-level': '96.55'}, battery_charge, None, None
80.06, [INFO], r1, {'battery-level': '96.05'}, battery_charge, None, None
80.06, [INFO], r1, {'y': 15.514, 'x': -32.672, 'yaw': 3.141}, pose, None, None
90.02, [INFO], r1, {'y': 15.596, 'x': -30.557, 'yaw': 3.141}, pose, None, None
90.02, [INFO], r1, {'battery-level': '95.55'}, battery_charge, None, None
100.08, [INFO], r1, {'y': 15.753, 'x': -28.429, 'yaw': 3.141}, pose, None, None
100.08, [INFO], r1, {'battery-level': '95.05'}, battery_charge, None, None
110.03, [INFO], r1, {'battery-level': '94.55'}, battery_charge, None, None
110.03, [INFO], r1, {'y': 16.111, 'x': -26.34, 'yaw': 3.142}, pose, None, None
120.09, [INFO], r1, {'y': 16.159, 'x': -24.215, 'yaw': -3.141}, pose, None, None
120.09, [INFO], r1, {'battery-level': '94.05'}, battery_charge, None, None
130.03, [INFO], r1, {'y': 16.154, 'x': -22.114, 'yaw': -3.141}, pose, None, None
130.03, [INFO], r1, {'battery-level': '93.55'}, battery_charge, None, None
140.00, [INFO], r1, {'battery-level': '93.05'}, battery_charge, None, None
140.00, [INFO], r1, {'y': 16.298, 'x': -20.001, 'yaw': 3.141}, pose, None, None
150.05, [INFO], r1, {'y': 16.234, 'x': -17.88, 'yaw': 3.142}, pose, None, None
150.05, [INFO], r1, {'battery-level': '92.55'}, battery_charge, None, None
160.01, [INFO], r1, {'y': 16.114, 'x': -15.778, 'yaw': 3.142}, pose, None, None
160.01, [INFO], r1, {'battery-level': '92.05'}, battery_charge, None, None
170.06, [INFO], r1, {'battery-level': '91.55'}, battery_charge, None, None
170.06, [INFO], r1, {'y': 16.437, 'x': -13.712, 'yaw': 3.141}, pose, None, None
180.08, [INFO], r1, {'y': 17.922, 'x': -13.604, 'yaw': -3.142}, pose, None, None
180.08, [INFO], r1, {'battery-level': '91.05'}, battery_charge, None, None
190.01, [INFO], r1, {'y': 17.967, 'x': -13.639, 'yaw': 3.141}, pose, None, None
190.01, [INFO], r1, {'battery-level': '90.55'}, battery_charge, None, None
190.40, [INFO], r1, skill-success, None, navto, None
190.40, [INFO], r1, started skill, None, approach-nurse, None
190.40, [INFO], r1, sent message, None, None, None
190.40, [INFO], r1, skill-success, None, approach-nurse, None
190.40, [INFO], r1, started skill, None, authenticate-nurse, None
190.40, [INFO], r1, sent message, None, None, None
190.40, [INFO], r1, skill-success, None, authenticate-nurse, None
190.40, [INFO], r1, started skill, None, open-drawer, None
190.40, [INFO], r1, sent message, None, None, None
190.40, [INFO], r1, skill-success, None, open-drawer, None
190.40, [INFO], r1, started skill, None, deposit, None
190.40, [INFO], r1, sent message, None, None, None
190.40, [INFO], r1, skill-success, None, deposit, None
190.40, [INFO], r1, started skill, None, close-drawer, None
190.40, [INFO], r1, sent message, None, None, None
190.40, [INFO], r1, skill-success, None, close-drawer, None
190.40, [INFO], r1, started skill, None, navto, None
200.09, [INFO], r1, {'battery-level': '90.05'}, battery_charge, None, None
200.09, [INFO], r1, {'y': 16.327, 'x': -14.405, 'yaw': 3.142}, pose, None, None
210.06, [INFO], r1, {'y': 16.128, 'x': -16.508, 'yaw': 3.141}, pose, None, None
210.06, [INFO], r1, {'battery-level': '89.55'}, battery_charge, None, None
220.06, [INFO], r1, {'y': 16.179, 'x': -18.615, 'yaw': -3.141}, pose, None, None
220.06, [INFO], r1, {'battery-level': '89.05'}, battery_charge, None, None
230.03, [INFO], r1, {'y': 16.27, 'x': -20.721, 'yaw': 3.14}, pose, None, None
230.03, [INFO], r1, {'battery-level': '88.55'}, battery_charge, None, None
240.09, [INFO], r1, {'battery-level': '88.05'}, battery_charge, None, None
240.09, [INFO], r1, {'y': 16.176, 'x': -22.854, 'yaw': -3.142}, pose, None, None
250.08, [INFO], r1, {'battery-level': '87.55'}, battery_charge, None, None
250.08, [INFO], r1, {'y': 16.141, 'x': -24.964, 'yaw': 3.141}, pose, None, None
260.04, [INFO], r1, {'battery-level': '87.05'}, battery_charge, None, None
260.04, [INFO], r1, {'y': 15.95, 'x': -27.081, 'yaw': 3.142}, pose, None, None
270.05, [INFO], r1, {'y': 16.019, 'x': -29.201, 'yaw': 3.142}, pose, None, None
270.05, [INFO], r1, {'battery-level': '86.55'}, battery_charge, None, None
280.02, [INFO], r1, {'y': 15.987, 'x': -31.302, 'yaw': 3.141}, pose, None, None
280.02, [INFO], r1, {'battery-level': '86.05'}, battery_charge, None, None
290.06, [INFO], r1, {'battery-level': '85.55'}, battery_charge, None, None
290.06, [INFO], r1, {'y': 15.73, 'x': -33.425, 'yaw': 3.142}, pose, None, None
300.06, [INFO], r1, {'y': 15.821, 'x': -35.387, 'yaw': -3.142}, pose, None, None
300.06, [INFO], r1, {'battery-level': '85.05'}, battery_charge, None, None
310.05, [INFO], r1, {'y': 17.737, 'x': -36.088, 'yaw': 3.141}, pose, None, None
310.05, [INFO], r1, {'battery-level': '84.55'}, battery_charge, None, None
320.05, [INFO], r1, {'y': 19.841, 'x': -36.206, 'yaw': 3.141}, pose, None, None
320.05, [INFO], r1, {'battery-level': '84.05'}, battery_charge, None, None
330.01, [INFO], r1, {'battery-level': '83.55'}, battery_charge, None, None
330.01, [INFO], r1, {'y': 21.944, 'x': -36.264, 'yaw': 3.14}, pose, None, None
340.07, [INFO], r1, {'y': 24.057, 'x': -36.247, 'yaw': 3.141}, pose, None, None
340.07, [INFO], r1, {'battery-level': '83.05'}, battery_charge, None, None
350.09, [INFO], r1, {'y': 26.18, 'x': -36.279, 'yaw': 3.141}, pose, None, None
350.09, [INFO], r1, {'battery-level': '82.55'}, battery_charge, None, None
360.01, [INFO], r1, {'y': 28.279, 'x': -36.302, 'yaw': 3.141}, pose, None, None
360.01, [INFO], r1, {'battery-level': '82.05'}, battery_charge, None, None
370.09, [INFO], r1, {'y': 30.411, 'x': -36.388, 'yaw': -3.142}, pose, None, None
370.09, [INFO], r1, {'battery-level': '81.55'}, battery_charge, None, None
380.02, [INFO], r1, {'y': 32.495, 'x': -36.562, 'yaw': -3.142}, pose, None, None
380.02, [INFO], r1, {'battery-level': '81.05'}, battery_charge, None, None
390.02, [INFO], r1, {'y': 34.589, 'x': -36.962, 'yaw': 3.142}, pose, None, None
390.02, [INFO], r1, {'battery-level': '80.55'}, battery_charge, None, None
400.06, [INFO], r1, {'battery-level': '80.05'}, battery_charge, None, None
400.06, [INFO], r1, {'y': 36.272, 'x': -36.969, 'yaw': 3.141}, pose, None, None
404.58, [INFO], r1, skill-success, None, navto, None
404.58, [INFO], r1, started skill, None, approach-arm, None
404.58, [INFO], r1, sent message, None, None, None
404.58, [INFO], r1, started skill, None, open-drawer, None
404.58, [INFO], r1, sent message, None, None, None
404.58, [INFO], r1, skill-success, None, open-drawer, None
404.58, [INFO], r1, started skill, None, pick-up-sample, None
404.58, [INFO], r1, sent message, None, None, None
404.58, [INFO], r1, skill-success, None, pick-up-sample, None
404.58, [INFO], r1, started skill, None, close-drawer, None
404.58, [INFO], r1, sent message, None, None, None
404.58, [INFO], r1, skill-success, None, close-drawer, None
404.58, [WARN], r1, SUCCESS, None, None, None
