9.51, [INFO], r1, started skill, None, navto, None
10.00, [INFO], r1, {'y': 25.37, 'x': -40.203, 'yaw': 3.141}, pose, None, None
10.00, [INFO], r1, {'battery-level': '99.55'}, battery_charge, None, None
20.06, [INFO], r1, {'y': 23.703, 'x': -38.878, 'yaw': 3.141}, pose, None, None
20.06, [INFO], r1, {'battery-level': '99.05'}, battery_charge, None, None
30.05, [INFO], r1, {'y': 22.335, 'x': -37.397, 'yaw': -3.142}, pose, None, None
30.05, [INFO], r1, {'battery-level': '98.55'}, battery_charge, None, None
40.06, [INFO], r1, {'y': 20.225, 'x': -37.247, 'yaw': -3.141}, pose, None, None
40.06, [INFO], r1, {'battery-level': '98.05'}, battery_charge, None, None
50.07, [INFO], r1, {'y': 18.102, 'x': -37.126, 'yaw': 3.142}, pose, None, None
50.07, [INFO], r1, {'battery-level': '97.55'}, battery_charge, None, None
60.01, [INFO], r1, {'y': 16.148, 'x': -36.766, 'yaw': 3.141}, pose, None, None
60.01, [INFO], r1, {'battery-level': '97.05'}, battery_charge, None, None
70.03, [INFO], r1, {'battery-level': '96.55'}, battery_charge, None, None
70.03, [INFO], r1, {'y': 15.469, 'x': -34.719, 'yaw': 3.142}, pose, None, None
80.04, [INFO], r1, {'battery-level': '96.05'}, battery_charge, None, None
80.04, [INFO], r1, {'y': 15.534, 'x': -32.587, 'yaw': 3.142}, pose, None, None
90.05, [INFO], r1, {'battery-level': '95.55'}, battery_charge, None, None
90.05, [INFO], r1, {'y': 15.547, 'x': -30.463, 'yaw': -3.141}, pose, None, None
100.05, [INFO], r1, {'y': 15.759, 'x': -28.339, 'yaw': -3.141}, pose, None, None
100.05, [INFO], r1, {'battery-level': '95.05'}, battery_charge, None, None
110.03, [INFO], r1, {'y': 16.073, 'x': -26.246, 'yaw': 3.142}, pose, None, None
110.03, [INFO], r1, {'battery-level': '94.55'}, battery_charge, None, None
120.04, [INFO], r1, {'y': 16.003, 'x': -24.127, 'yaw': 3.142}, pose, None, None
120.04, [INFO], r1, {'battery-level': '94.05'}, battery_charge, None, None
130.01, [INFO], r1, {'y': 16.014, 'x': -22.022, 'yaw': 3.142}, pose, None, None
130.01, [INFO], r1, {'battery-level': '93.55'}, battery_charge, None, None
140.00, [INFO], r1, {'y': 16.208, 'x': -19.901, 'yaw': 3.141}, pose, None, None
140.00, [INFO], r1, {'battery-level': '93.05'}, battery_charge, None, None
150.06, [INFO], r1, {'y': 16.224, 'x': -17.78, 'yaw': 3.142}, pose, None, None
150.06, [INFO], r1, {'battery-level': '92.55'}, battery_charge, None, None
160.07, [INFO], r1, {'y': 16.078, 'x': -15.663, 'yaw': 3.14}, pose, None, None
160.07, [INFO], r1, {'battery-level': '92.05'}, battery_charge, None, None
170.07, [INFO], r1, {'y': 16.473, 'x': -13.637, 'yaw': 3.141}, pose, None, None
170.07, [INFO], r1, {'battery-level': '91.55'}, battery_charge, None, None
180.04, [INFO], r1, {'battery-level': '91.05'}, battery_charge, None, None
180.04, [INFO], r1, {'y': 17.91, 'x': -13.616, 'yaw': 3.141}, pose, None, None
184.94, [INFO], r1, skill-success, None, navto, None
184.94, [INFO], r1, started skill, None, approach-nurse, None
184.94, [INFO], r1, sent message, None, None, None
184.94, [INFO], r1, skill-success, None, approach-nurse, None
184.94, [INFO], r1, started skill, None, authenticate-nurse, None
184.94, [INFO], r1, sent message, None, None, None
184.94, [INFO], r1, skill-success, None, authenticate-nurse, None
184.94, [INFO], r1, started skill, None, open-drawer, None
184.94, [INFO], r1, sent message, None, None, None
184.94, [INFO], r1, skill-success, None, open-drawer, None
184.94, [INFO], r1, started skill, None, deposit, None
184.94, [INFO], r1, sent message, None, None, None
184.94, [INFO], r1, skill-success, None, deposit, None
184.94, [INFO], r1, started skill, None, close-drawer, None
184.94, [INFO], r1, sent message, None, None, None
184.94, [INFO], r1, skill-success, None, close-drawer, None
184.94, [INFO], r1, started skill, None, navto, None
190.09, [INFO], r1, {'y': 16.897, 'x': -13.694, 'yaw': 3.142}, pose, None, None
190.09, [INFO], r1, {'battery-level': '90.55'}, battery_charge, None, None
200.04, [INFO], r1, {'y': 16.248, 'x': -15.567, 'yaw': 3.141}, pose, None, None
200.04, [INFO], r1, {'battery-level': '90.05'}, battery_charge, None, None
210.01, [INFO], r1, {'battery-level': '89.55'}, battery_charge, None, None
210.01, [INFO], r1, {'y': 16.118, 'x': -17.666, 'yaw': 3.141}, pose, None, None
220.06, [INFO], r1, {'y': 16.263, 'x': -19.779, 'yaw': 3.142}, pose, None, None
220.06, [INFO], r1, {'battery-level': '89.05'}, battery_charge, None, None
230.08, [INFO], r1, {'y': 16.297, 'x': -21.885, 'yaw': 3.141}, pose, None, None
230.08, [INFO], r1, {'battery-level': '88.55'}, battery_charge, None, None
240.04, [INFO], r1, {'battery-level': '88.05'}, battery_charge, None, None
240.04, [INFO], r1, {'y': 16.155, 'x': -23.991, 'yaw': 3.14}, pose, None, None
250.02, [INFO], r1, {'y': 16.097, 'x': -26.112, 'yaw': 3.141}, pose, None, None
250.02, [INFO], r1, {'battery-level': '87.55'}, battery_charge, None, None
260.01, [INFO], r1, {'y': 15.998, 'x': -28.234, 'yaw': 3.142}, pose, None, None
260.01, [INFO], r1, {'battery-level': '87.05'}, battery_charge, None, None
270.07, [INFO], r1, {'battery-level': '86.55'}, battery_charge, None, None
270.07, [INFO], r1, {'y': 15.986, 'x': -30.348, 'yaw': 3.142}, pose, None, None
280.02, [INFO], r1, {'battery-level': '86.05'}, battery_charge, None, None
280.02, [INFO], r1, {'y': 15.842, 'x': -32.451, 'yaw': 3.141}, pose, None, None
290.01, [INFO], r1, {'y': 15.442, 'x': -34.545, 'yaw': 3.142}, pose, None, None
290.01, [INFO], r1, {'battery-level': '85.55'}, battery_charge, None, None
300.01, [INFO], r1, {'battery-level': '85.05'}, battery_charge, None, None
300.01, [INFO], r1, {'y': 16.808, 'x': -36.044, 'yaw': 3.142}, pose, None, None
310.09, [INFO], r1, {'y': 18.93, 'x': -36.16, 'yaw': 3.141}, pose, None, None
310.09, [INFO], r1, {'battery-level': '84.55'}, battery_charge, None, None
320.02, [INFO], r1, {'y': 21.032, 'x': -36.228, 'yaw': 3.142}, pose, None, None
320.02, [INFO], r1, {'battery-level': '84.05'}, battery_charge, None, None
330.01, [INFO], r1, {'y': 23.149, 'x': -36.37, 'yaw': -3.142}, pose, None, None
330.01, [INFO], r1, {'battery-level': '83.55'}, battery_charge, None, None
340.09, [INFO], r1, {'battery-level': '83.05'}, battery_charge, None, None
340.09, [INFO], r1, {'y': 25.264, 'x': -36.302, 'yaw': -3.142}, pose, None, None
350.09, [INFO], r1, {'battery-level': '82.55'}, battery_charge, None, None
350.09, [INFO], r1, {'y': 27.369, 'x': -36.325, 'yaw': -3.142}, pose, None, None
360.08, [INFO], r1, {'battery-level': '82.05'}, battery_charge, None, None
360.08, [INFO], r1, {'y': 29.487, 'x': -36.36, 'yaw': 3.142}, pose, None, None
370.00, [INFO], r1, {'y': 31.586, 'x': -36.487, 'yaw': -3.142}, pose, None, None
370.00, [INFO], r1, {'battery-level': '81.55'}, battery_charge, None, None
380.02, [INFO], r1, {'y': 33.684, 'x': -36.809, 'yaw': 3.141}, pose, None, None
380.02, [INFO], r1, {'battery-level': '81.05'}, battery_charge, None, None
390.05, [INFO], r1, {'y': 35.787, 'x': -36.964, 'yaw': 3.141}, pose, None, None
390.05, [INFO], r1, {'battery-level': '80.55'}, battery_charge, None, None
399.82, [INFO], r1, skill-success, None, navto, None
399.82, [INFO], r1, started skill, None, approach-arm, None
399.82, [INFO], r1, sent message, None, None, None
399.82, [INFO], r1, skill-success, None, approach-arm, None
399.82, [INFO], r1, started skill, None, open-drawer, None
399.82, [INFO], r1, sent message, None, None, None
399.82, [INFO], r1, skill-success, None, open-drawer, None
399.82, [INFO], r1, started skill, None, pick-up-sample, None
399.82, [INFO], r1, sent message, None, None, None
399.82, [INFO], r1, skill-success, None, pick-up-sample, None
399.82, [INFO], r1, started skill, None, close-drawer, None
399.82, [INFO], r1, sent message, None, None, None
399.82, [INFO], r1, skill-success, None, close-drawer, None
399.82, [WARN], r1, SUCCESS, None, None, None
400.02, [INFO], r1, {'battery-level': '80.05'}, battery_charge, None, None
400.02, [INFO], r1, {'y': 36.04, 'x': -37.005, 'yaw': 3.141}, pose, None, None
