9.98, [INFO], r1, started skill, None, navto, None
9.98, [INFO], r1, {'y': 25.37, 'x': -40.23, 'yaw': -3.142}, pose, None, None
10.07, [INFO], r1, {'battery-level': '99.60'}, battery_charge, None, None
20.06, [INFO], r1, {'y': 23.811, 'x': -38.883, 'yaw': -3.142}, pose, None, None
20.06, [INFO], r1, {'battery-level': '99.10'}, battery_charge, None, None
30.02, [INFO], r1, {'y': 22.384, 'x': -37.415, 'yaw': -3.141}, pose, None, None
30.02, [INFO], r1, {'battery-level': '98.60'}, battery_charge, None, None
40.09, [INFO], r1, {'battery-level': '98.10'}, battery_charge, None, None
40.09, [INFO], r1, {'y': 20.256, 'x': -37.226, 'yaw': 3.141}, pose, None, None
50.08, [INFO], r1, {'y': 18.121, 'x': -37.136, 'yaw': 3.141}, pose, None, None
50.08, [INFO], r1, {'battery-level': '97.60'}, battery_charge, None, None
60.04, [INFO], r1, {'battery-level': '97.10'}, battery_charge, None, None
60.04, [INFO], r1, {'y': 16.101, 'x': -36.83, 'yaw': 3.141}, pose, None, None
70.06, [INFO], r1, {'y': 15.443, 'x': -34.776, 'yaw': -3.141}, pose, None, None
70.06, [INFO], r1, {'battery-level': '96.60'}, battery_charge, None, None
80.06, [INFO], r1, {'y': 15.494, 'x': -32.658, 'yaw': 3.141}, pose, None, None
80.06, [INFO], r1, {'battery-level': '96.10'}, battery_charge, None, None
90.01, [INFO], r1, {'y': 15.544, 'x': -30.554, 'yaw': 3.141}, pose, None, None
90.01, [INFO], r1, {'battery-level': '95.60'}, battery_charge, None, None
100.04, [INFO], r1, {'y': 15.705, 'x': -28.439, 'yaw': -3.141}, pose, None, None
100.04, [INFO], r1, {'battery-level': '95.10'}, battery_charge, None, None
110.04, [INFO], r1, {'battery-level': '94.60'}, battery_charge, None, None
110.04, [INFO], r1, {'y': 16.092, 'x': -26.352, 'yaw': 3.141}, pose, None, None
120.05, [INFO], r1, {'y': 16.01, 'x': -24.245, 'yaw': 3.141}, pose, None, None
120.05, [INFO], r1, {'battery-level': '94.10'}, battery_charge, None, None
130.05, [INFO], r1, {'y': 16.054, 'x': -22.117, 'yaw': -3.142}, pose, None, None
130.05, [INFO], r1, {'battery-level': '93.60'}, battery_charge, None, None
140.06, [INFO], r1, {'y': 16.15, 'x': -19.994, 'yaw': 3.139}, pose, None, None
140.06, [INFO], r1, {'battery-level': '93.10'}, battery_charge, None, None
150.07, [INFO], r1, {'battery-level': '92.60'}, battery_charge, None, None
150.07, [INFO], r1, {'y': 16.076, 'x': -17.883, 'yaw': 3.142}, pose, None, None
160.09, [INFO], r1, {'y': 15.958, 'x': -15.771, 'yaw': 3.14}, pose, None, None
160.09, [INFO], r1, {'battery-level': '92.10'}, battery_charge, None, None
170.09, [INFO], r1, {'y': 16.097, 'x': -13.649, 'yaw': 3.141}, pose, None, None
170.09, [INFO], r1, {'battery-level': '91.60'}, battery_charge, None, None
180.09, [INFO], r1, {'y': 17.161, 'x': -11.895, 'yaw': 3.141}, pose, None, None
180.09, [INFO], r1, {'battery-level': '91.10'}, battery_charge, None, None
190.06, [INFO], r1, {'y': 17.988, 'x': -11.496, 'yaw': -3.141}, pose, None, None
190.06, [INFO], r1, {'battery-level': '90.60'}, battery_charge, None, None
193.12, [INFO], r1, skill-success, None, navto, None
193.12, [INFO], r1, started skill, None, approach-nurse, None
193.12, [INFO], r1, sent message, None, None, None
193.12, [INFO], r1, started skill, None, open-drawer, None
193.12, [INFO], r1, sent message, None, None, None
193.12, [INFO], r1, skill-success, None, open-drawer, None
193.12, [INFO], r1, started skill, None, deposit, None
193.12, [INFO], r1, sent message, None, None, None
193.12, [INFO], r1, skill-success, None, deposit, None
193.12, [INFO], r1, started skill, None, close-drawer, None
193.12, [INFO], r1, sent message, None, None, None
193.12, [INFO], r1, skill-success, None, close-drawer, None
193.12, [INFO], r1, started skill, None, navto, None
200.02, [INFO], r1, {'y': 16.773, 'x': -12.164, 'yaw': 3.142}, pose, None, None
200.02, [INFO], r1, {'battery-level': '90.10'}, battery_charge, None, None
210.04, [INFO], r1, {'battery-level': '89.60'}, battery_charge, None, None
210.04, [INFO], r1, {'y': 16.306, 'x': -14.177, 'yaw': 3.138}, pose, None, None
220.01, [INFO], r1, {'y': 16.154, 'x': -16.285, 'yaw': 3.141}, pose, None, None
220.01, [INFO], r1, {'battery-level': '89.10'}, battery_charge, None, None
230.07, [INFO], r1, {'y': 16.196, 'x': -18.407, 'yaw': 3.14}, pose, None, None
230.07, [INFO], r1, {'battery-level': '88.60'}, battery_charge, None, None
240.02, [INFO], r1, {'battery-level': '88.10'}, battery_charge, None, None
240.02, [INFO], r1, {'y': 16.345, 'x': -20.502, 'yaw': 3.142}, pose, None, None
250.02, [INFO], r1, {'y': 16.238, 'x': -22.614, 'yaw': 3.142}, pose, None, None
250.02, [INFO], r1, {'battery-level': '87.60'}, battery_charge, None, None
260.01, [INFO], r1, {'battery-level': '87.10'}, battery_charge, None, None
260.01, [INFO], r1, {'y': 16.138, 'x': -24.733, 'yaw': 3.141}, pose, None, None
270.07, [INFO], r1, {'battery-level': '86.60'}, battery_charge, None, None
270.07, [INFO], r1, {'y': 15.931, 'x': -26.859, 'yaw': 3.142}, pose, None, None
280.10, [INFO], r1, {'battery-level': '86.10'}, battery_charge, None, None
280.10, [INFO], r1, {'y': 16.023, 'x': -28.977, 'yaw': 3.141}, pose, None, None
290.09, [INFO], r1, {'y': 15.941, 'x': -31.088, 'yaw': 3.141}, pose, None, None
290.09, [INFO], r1, {'battery-level': '85.60'}, battery_charge, None, None
300.07, [INFO], r1, {'battery-level': '85.10'}, battery_charge, None, None
300.07, [INFO], r1, {'y': 15.74, 'x': -33.191, 'yaw': 3.142}, pose, None, None
310.06, [INFO], r1, {'y': 15.708, 'x': -35.241, 'yaw': -3.142}, pose, None, None
310.06, [INFO], r1, {'battery-level': '84.60'}, battery_charge, None, None
320.04, [INFO], r1, {'battery-level': '84.10'}, battery_charge, None, None
320.04, [INFO], r1, {'y': 17.56, 'x': -36.127, 'yaw': 3.14}, pose, None, None
330.07, [INFO], r1, {'y': 19.666, 'x': -36.184, 'yaw': -3.142}, pose, None, None
330.07, [INFO], r1, {'battery-level': '83.60'}, battery_charge, None, None
340.01, [INFO], r1, {'y': 21.772, 'x': -36.254, 'yaw': -3.142}, pose, None, None
340.01, [INFO], r1, {'battery-level': '83.10'}, battery_charge, None, None
350.05, [INFO], r1, {'y': 23.887, 'x': -36.282, 'yaw': 3.141}, pose, None, None
350.05, [INFO], r1, {'battery-level': '82.60'}, battery_charge, None, None
360.05, [INFO], r1, {'y': 26.008, 'x': -36.236, 'yaw': 3.14}, pose, None, None
360.05, [INFO], r1, {'battery-level': '82.10'}, battery_charge, None, None
370.00, [INFO], r1, {'y': 28.121, 'x': -36.256, 'yaw': 3.141}, pose, None, None
370.00, [INFO], r1, {'battery-level': '81.60'}, battery_charge, None, None
380.01, [INFO], r1, {'y': 30.247, 'x': -36.36, 'yaw': -3.141}, pose, None, None
380.01, [INFO], r1, {'battery-level': '81.10'}, battery_charge, None, None
390.02, [INFO], r1, {'y': 32.361, 'x': -36.59, 'yaw': 3.141}, pose, None, None
390.02, [INFO], r1, {'battery-level': '80.60'}, battery_charge, None, None
400.04, [INFO], r1, {'y': 34.472, 'x': -36.958, 'yaw': 3.138}, pose, None, None
400.04, [INFO], r1, {'battery-level': '80.10'}, battery_charge, None, None
410.09, [INFO], r1, {'y': 36.069, 'x': -36.961, 'yaw': 3.142}, pose, None, None
410.09, [INFO], r1, {'battery-level': '79.60'}, battery_charge, None, None
414.80, [INFO], r1, skill-success, None, navto, None
414.80, [INFO], r1, started skill, None, approach-arm, None
414.80, [INFO], r1, sent message, None, None, None
414.80, [INFO], r1, skill-success, None, approach-arm, None
414.80, [INFO], r1, started skill, None, open-drawer, None
414.80, [INFO], r1, sent message, None, None, None
414.80, [INFO], r1, skill-success, None, open-drawer, None
414.80, [INFO], r1, started skill, None, pick-up-sample, None
414.80, [INFO], r1, sent message, None, None, None
414.80, [INFO], r1, skill-success, None, pick-up-sample, None
414.80, [INFO], r1, started skill, None, close-drawer, None
414.80, [INFO], r1, sent message, None, None, None
414.80, [INFO], r1, skill-success, None, close-drawer, None
414.80, [WARN], r1, SUCCESS, None, None, None
420.03, [INFO], r1, {'battery-level': '79.10'}, battery_charge, None, None
420.03, [INFO], r1, {'y': 36.082, 'x': -36.967, 'yaw': -3.142}, pose, None, None
