9.76, [INFO], r1, started skill, None, navto, None
10.06, [INFO], r1, {'y': 25.37, 'x': -40.226, 'yaw': 3.142}, pose, None, None
10.06, [INFO], r1, {'battery-level': '99.60'}, battery_charge, None, None
20.09, [INFO], r1, {'y': 23.75, 'x': -38.871, 'yaw': 3.141}, pose, None, None
20.09, [INFO], r1, {'battery-level': '99.10'}, battery_charge, None, None
30.02, [INFO], r1, {'y': 22.384, 'x': -37.378, 'yaw': 3.138}, pose, None, None
30.02, [INFO], r1, {'battery-level': '98.60'}, battery_charge, None, None
40.06, [INFO], r1, {'battery-level': '98.10'}, battery_charge, None, None
40.06, [INFO], r1, {'y': 20.264, 'x': -37.224, 'yaw': 3.141}, pose, None, None
50.09, [INFO], r1, {'y': 18.149, 'x': -37.116, 'yaw': 3.141}, pose, None, None
50.09, [INFO], r1, {'battery-level': '97.60'}, battery_charge, None, None
60.02, [INFO], r1, {'y': 16.106, 'x': -36.859, 'yaw': 3.141}, pose, None, None
60.02, [INFO], r1, {'battery-level': '97.10'}, battery_charge, None, None
70.05, [INFO], r1, {'battery-level': '96.60'}, battery_charge, None, None
70.05, [INFO], r1, {'y': 15.514, 'x': -34.809, 'yaw': -3.142}, pose, None, None
80.08, [INFO], r1, {'y': 15.537, 'x': -32.696, 'yaw': 3.141}, pose, None, None
80.08, [INFO], r1, {'battery-level': '96.10'}, battery_charge, None, None
90.01, [INFO], r1, {'y': 15.662, 'x': -30.603, 'yaw': -3.141}, pose, None, None
90.01, [INFO], r1, {'battery-level': '95.60'}, battery_charge, None, None
100.04, [INFO], r1, {'y': 15.782, 'x': -28.49, 'yaw': -3.141}, pose, None, None
100.04, [INFO], r1, {'battery-level': '95.10'}, battery_charge, None, None
110.07, [INFO], r1, {'y': 16.137, 'x': -26.371, 'yaw': -3.142}, pose, None, None
110.07, [INFO], r1, {'battery-level': '94.60'}, battery_charge, None, None
120.00, [INFO], r1, {'y': 16.161, 'x': -24.271, 'yaw': -3.141}, pose, None, None
120.00, [INFO], r1, {'battery-level': '94.10'}, battery_charge, None, None
130.04, [INFO], r1, {'battery-level': '93.60'}, battery_charge, None, None
130.04, [INFO], r1, {'y': 16.149, 'x': -22.158, 'yaw': -3.142}, pose, None, None
140.07, [INFO], r1, {'battery-level': '93.10'}, battery_charge, None, None
140.07, [INFO], r1, {'y': 16.256, 'x': -20.048, 'yaw': 3.138}, pose, None, None
150.01, [INFO], r1, {'y': 16.203, 'x': -17.958, 'yaw': 3.142}, pose, None, None
150.01, [INFO], r1, {'battery-level': '92.60'}, battery_charge, None, None
160.03, [INFO], r1, {'y': 16.009, 'x': -15.845, 'yaw': 3.141}, pose, None, None
160.03, [INFO], r1, {'battery-level': '92.10'}, battery_charge, None, None
170.07, [INFO], r1, {'y': 16.151, 'x': -13.727, 'yaw': -3.142}, pose, None, None
170.07, [INFO], r1, {'battery-level': '91.60'}, battery_charge, None, None
180.00, [INFO], r1, {'battery-level': '91.10'}, battery_charge, None, None
180.00, [INFO], r1, {'y': 17.082, 'x': -11.939, 'yaw': 3.141}, pose, None, None
190.03, [INFO], r1, {'y': 17.966, 'x': -11.562, 'yaw': -3.141}, pose, None, None
190.03, [INFO], r1, {'battery-level': '90.60'}, battery_charge, None, None
199.86, [INFO], r1, skill-success, None, navto, None
199.86, [INFO], r1, started skill, None, approach-nurse, None
199.86, [INFO], r1, started skill, None, open-drawer, None
199.86, [INFO], r1, sent message, None, None, None
199.86, [INFO], r1, skill-success, None, open-drawer, None
199.86, [INFO], r1, started skill, None, deposit, None
199.86, [INFO], r1, sent message, None, None, None
199.86, [INFO], r1, skill-success, None, deposit, None
199.86, [INFO], r1, started skill, None, close-drawer, None
199.86, [INFO], r1, sent message, None, None, None
199.86, [INFO], r1, skill-success, None, close-drawer, None
199.86, [INFO], r1, started skill, None, navto, None
200.06, [INFO], r1, {'y': 18.017, 'x': -11.609, 'yaw': 3.136}, pose, None, None
200.06, [INFO], r1, {'battery-level': '90.10'}, battery_charge, None, None
210.09, [INFO], r1, {'y': 16.396, 'x': -12.804, 'yaw': -3.142}, pose, None, None
210.09, [INFO], r1, {'battery-level': '89.60'}, battery_charge, None, None
220.02, [INFO], r1, {'y': 16.217, 'x': -14.901, 'yaw': 3.141}, pose, None, None
220.02, [INFO], r1, {'battery-level': '89.10'}, battery_charge, None, None
230.05, [INFO], r1, {'y': 16.185, 'x': -17.008, 'yaw': 3.141}, pose, None, None
230.05, [INFO], r1, {'battery-level': '88.60'}, battery_charge, None, None
240.07, [INFO], r1, {'y': 16.254, 'x': -19.123, 'yaw': 3.142}, pose, None, None
240.07, [INFO], r1, {'battery-level': '88.10'}, battery_charge, None, None
250.01, [INFO], r1, {'battery-level': '87.60'}, battery_charge, None, None
250.01, [INFO], r1, {'y': 16.348, 'x': -21.213, 'yaw': 3.141}, pose, None, None
260.04, [INFO], r1, {'y': 16.149, 'x': -23.329, 'yaw': 3.14}, pose, None, None
260.04, [INFO], r1, {'battery-level': '87.10'}, battery_charge, None, None
270.08, [INFO], r1, {'y': 16.141, 'x': -25.448, 'yaw': 3.141}, pose, None, None
270.08, [INFO], r1, {'battery-level': '86.60'}, battery_charge, None, None
280.01, [INFO], r1, {'y': 16.0, 'x': -27.559, 'yaw': 3.142}, pose, None, None
280.01, [INFO], r1, {'battery-level': '86.10'}, battery_charge, None, None
290.04, [INFO], r1, {'battery-level': '85.60'}, battery_charge, None, None
290.04, [INFO], r1, {'y': 16.105, 'x': -29.679, 'yaw': -3.142}, pose, None, None
300.08, [INFO], r1, {'y': 15.938, 'x': -31.796, 'yaw': 3.141}, pose, None, None
300.08, [INFO], r1, {'battery-level': '85.10'}, battery_charge, None, None
310.00, [INFO], r1, {'y': 15.549, 'x': -33.877, 'yaw': -3.142}, pose, None, None
310.00, [INFO], r1, {'battery-level': '84.60'}, battery_charge, None, None
320.04, [INFO], r1, {'y': 16.198, 'x': -35.739, 'yaw': 3.14}, pose, None, None
320.04, [INFO], r1, {'battery-level': '84.10'}, battery_charge, None, None
330.07, [INFO], r1, {'battery-level': '83.60'}, battery_charge, None, None
330.07, [INFO], r1, {'y': 18.215, 'x': -36.13, 'yaw': 3.139}, pose, None, None
340.10, [INFO], r1, {'y': 20.333, 'x': -36.2, 'yaw': 3.138}, pose, None, None
340.10, [INFO], r1, {'battery-level': '83.10'}, battery_charge, None, None
350.04, [INFO], r1, {'y': 22.428, 'x': -36.318, 'yaw': 3.141}, pose, None, None
350.04, [INFO], r1, {'battery-level': '82.60'}, battery_charge, None, None
360.07, [INFO], r1, {'y': 24.56, 'x': -36.339, 'yaw': 3.14}, pose, None, None
360.07, [INFO], r1, {'battery-level': '82.10'}, battery_charge, None, None
370.00, [INFO], r1, {'battery-level': '81.60'}, battery_charge, None, None
370.00, [INFO], r1, {'y': 26.664, 'x': -36.335, 'yaw': 3.141}, pose, None, None
380.04, [INFO], r1, {'y': 28.786, 'x': -36.377, 'yaw': 3.141}, pose, None, None
380.04, [INFO], r1, {'battery-level': '81.10'}, battery_charge, None, None
390.08, [INFO], r1, {'y': 30.901, 'x': -36.506, 'yaw': 3.142}, pose, None, None
390.08, [INFO], r1, {'battery-level': '80.60'}, battery_charge, None, None
400.01, [INFO], r1, {'battery-level': '80.10'}, battery_charge, None, None
400.01, [INFO], r1, {'y': 32.998, 'x': -36.736, 'yaw': 3.141}, pose, None, None
410.05, [INFO], r1, {'y': 35.108, 'x': -36.912, 'yaw': 3.142}, pose, None, None
410.05, [INFO], r1, {'battery-level': '79.60'}, battery_charge, None, None
420.08, [INFO], r1, {'y': 35.991, 'x': -36.949, 'yaw': -3.141}, pose, None, None
420.08, [INFO], r1, {'battery-level': '79.10'}, battery_charge, None, None
430.01, [INFO], r1, {'battery-level': '78.60'}, battery_charge, None, None
430.01, [INFO], r1, {'y': 36.099, 'x': -36.983, 'yaw': -3.142}, pose, None, None
440.05, [INFO], r1, {'y': 36.044, 'x': -36.996, 'yaw': 3.142}, pose, None, None
440.05, [INFO], r1, {'battery-level': '78.10'}, battery_charge, None, None
440.56, [INFO], r1, skill-success, None, navto, None
440.56, [INFO], r1, started skill, None, approach-arm, None
440.56, [INFO], r1, sent message, None, None, None
440.56, [INFO], r1, skill-success, None, approach-arm, None
440.56, [INFO], r1, started skill, None, open-drawer, None
440.56, [INFO], r1, sent message, None, None, None
440.56, [INFO], r1, skill-success, None, open-drawer, None
440.56, [INFO], r1, started skill, None, pick-up-sample, None
440.56, [INFO], r1, sent message, None, None, None
440.56, [INFO], r1, skill-success, None, pick-up-sample, None
440.56, [INFO], r1, started skill, None, close-drawer, None
440.56, [INFO], r1, sent message, None, None, None
440.56, [INFO], r1, skill-success, None, close-drawer, None
440.56, [WARN], r1, SUCCESS, None, None, None
