9.81, [INFO], r1, started skill, None, navto, None
10.10, [INFO], r1, {'y': 25.37, 'x': -40.23, 'yaw': -3.142}, pose, None, None
10.10, [INFO], r1, {'battery-level': '99.60'}, battery_charge, None, None
20.04, [INFO], r1, {'y': 23.745, 'x': -38.926, 'yaw': -3.142}, pose, None, None
20.04, [INFO], r1, {'battery-level': '99.10'}, battery_charge, None, None
30.07, [INFO], r1, {'y': 22.388, 'x': -37.39, 'yaw': 3.137}, pose, None, None
30.07, [INFO], r1, {'battery-level': '98.60'}, battery_charge, None, None
40.00, [INFO], r1, {'y': 20.294, 'x': -37.304, 'yaw': -3.136}, pose, None, None
40.00, [INFO], r1, {'battery-level': '98.10'}, battery_charge, None, None
50.06, [INFO], r1, {'y': 18.181, 'x': -37.15, 'yaw': 3.141}, pose, None, None
50.06, [INFO], r1, {'battery-level': '97.60'}, battery_charge, None, None
60.07, [INFO], r1, {'battery-level': '97.10'}, battery_charge, None, None
60.07, [INFO], r1, {'y': 16.206, 'x': -36.788, 'yaw': 3.14}, pose, None, None
70.08, [INFO], r1, {'y': 15.429, 'x': -34.773, 'yaw': -3.142}, pose, None, None
70.08, [INFO], r1, {'battery-level': '96.60'}, battery_charge, None, None
80.08, [INFO], r1, {'battery-level': '96.10'}, battery_charge, None, None
80.08, [INFO], r1, {'y': 15.501, 'x': -32.656, 'yaw': 3.141}, pose, None, None
90.06, [INFO], r1, {'y': 15.54, 'x': -30.558, 'yaw': 3.141}, pose, None, None
90.06, [INFO], r1, {'battery-level': '95.60'}, battery_charge, None, None
100.05, [INFO], r1, {'y': 15.712, 'x': -28.451, 'yaw': -3.141}, pose, None, None
100.05, [INFO], r1, {'battery-level': '95.10'}, battery_charge, None, None
110.06, [INFO], r1, {'y': 16.073, 'x': -26.363, 'yaw': 3.141}, pose, None, None
110.06, [INFO], r1, {'battery-level': '94.60'}, battery_charge, None, None
120.06, [INFO], r1, {'battery-level': '94.10'}, battery_charge, None, None
120.06, [INFO], r1, {'y': 16.162, 'x': -24.256, 'yaw': 3.142}, pose, None, None
130.04, [INFO], r1, {'y': 16.172, 'x': -22.159, 'yaw': 3.141}, pose, None, None
130.04, [INFO], r1, {'battery-level': '93.60'}, battery_charge, None, None
140.05, [INFO], r1, {'battery-level': '93.10'}, battery_charge, None, None
140.05, [INFO], r1, {'y': 16.264, 'x': -20.048, 'yaw': 3.137}, pose, None, None
150.04, [INFO], r1, {'battery-level': '92.60'}, battery_charge, None, None
150.04, [INFO], r1, {'y': 16.22, 'x': -17.941, 'yaw': 3.142}, pose, None, None
160.02, [INFO], r1, {'y': 16.11, 'x': -15.834, 'yaw': 3.141}, pose, None, None
160.02, [INFO], r1, {'battery-level': '92.10'}, battery_charge, None, None
170.05, [INFO], r1, {'y': 16.155, 'x': -13.713, 'yaw': 3.142}, pose, None, None
170.05, [INFO], r1, {'battery-level': '91.60'}, battery_charge, None, None
180.06, [INFO], r1, {'y': 17.102, 'x': -11.924, 'yaw': 3.141}, pose, None, None
180.06, [INFO], r1, {'battery-level': '91.10'}, battery_charge, None, None
190.03, [INFO], r1, {'battery-level': '90.60'}, battery_charge, None, None
190.03, [INFO], r1, {'y': 17.987, 'x': -11.542, 'yaw': 3.142}, pose, None, None
192.42, [INFO], r1, skill-success, None, navto, None
192.42, [INFO], r1, started skill, None, approach-nurse, None
192.42, [INFO], r1, sent message, None, None, None
192.52, [INFO], r1, skill-success, None, approach-nurse, None
192.52, [INFO], r1, started skill, None, authenticate-nurse, None
192.52, [INFO], r1, started skill, None, open-drawer, None
192.52, [INFO], r1, sent message, None, None, None
192.52, [INFO], r1, skill-success, None, open-drawer, None
192.52, [INFO], r1, started skill, None, deposit, None
192.52, [INFO], r1, sent message, None, None, None
192.52, [INFO], r1, skill-success, None, deposit, None
192.52, [INFO], r1, started skill, None, close-drawer, None
192.52, [INFO], r1, sent message, None, None, None
192.52, [INFO], r1, skill-success, None, close-drawer, None
192.52, [INFO], r1, started skill, None, navto, None
200.05, [INFO], r1, {'y': 16.611, 'x': -12.235, 'yaw': -3.142}, pose, None, None
200.05, [INFO], r1, {'battery-level': '90.10'}, battery_charge, None, None
210.08, [INFO], r1, {'y': 16.279, 'x': -14.3, 'yaw': 3.141}, pose, None, None
210.08, [INFO], r1, {'battery-level': '89.60'}, battery_charge, None, None
220.05, [INFO], r1, {'y': 16.18, 'x': -16.403, 'yaw': 3.141}, pose, None, None
220.05, [INFO], r1, {'battery-level': '89.10'}, battery_charge, None, None
230.03, [INFO], r1, {'y': 16.222, 'x': -18.517, 'yaw': -3.14}, pose, None, None
230.03, [INFO], r1, {'battery-level': '88.60'}, battery_charge, None, None
240.05, [INFO], r1, {'y': 16.344, 'x': -20.628, 'yaw': -3.142}, pose, None, None
240.05, [INFO], r1, {'battery-level': '88.10'}, battery_charge, None, None
250.07, [INFO], r1, {'y': 16.22, 'x': -22.741, 'yaw': 3.14}, pose, None, None
250.07, [INFO], r1, {'battery-level': '87.60'}, battery_charge, None, None
260.08, [INFO], r1, {'y': 16.128, 'x': -24.871, 'yaw': 3.142}, pose, None, None
260.08, [INFO], r1, {'battery-level': '87.10'}, battery_charge, None, None
270.09, [INFO], r1, {'y': 15.941, 'x': -26.97, 'yaw': -3.137}, pose, None, None
270.09, [INFO], r1, {'battery-level': '86.60'}, battery_charge, None, None
280.06, [INFO], r1, {'battery-level': '86.10'}, battery_charge, None, None
280.06, [INFO], r1, {'y': 15.997, 'x': -29.071, 'yaw': 3.142}, pose, None, None
290.08, [INFO], r1, {'battery-level': '85.60'}, battery_charge, None, None
290.08, [INFO], r1, {'y': 15.849, 'x': -31.191, 'yaw': 3.141}, pose, None, None
300.01, [INFO], r1, {'battery-level': '85.10'}, battery_charge, None, None
300.01, [INFO], r1, {'y': 15.633, 'x': -33.28, 'yaw': 3.141}, pose, None, None
310.04, [INFO], r1, {'battery-level': '84.60'}, battery_charge, None, None
310.04, [INFO], r1, {'y': 15.767, 'x': -35.288, 'yaw': 3.142}, pose, None, None
320.08, [INFO], r1, {'y': 17.657, 'x': -36.095, 'yaw': -3.138}, pose, None, None
320.08, [INFO], r1, {'battery-level': '84.10'}, battery_charge, None, None
330.02, [INFO], r1, {'y': 19.758, 'x': -36.207, 'yaw': 3.141}, pose, None, None
330.02, [INFO], r1, {'battery-level': '83.60'}, battery_charge, None, None
340.00, [INFO], r1, {'y': 21.866, 'x': -36.265, 'yaw': 3.141}, pose, None, None
340.00, [INFO], r1, {'battery-level': '83.10'}, battery_charge, None, None
350.00, [INFO], r1, {'battery-level': '82.60'}, battery_charge, None, None
350.00, [INFO], r1, {'y': 23.987, 'x': -36.287, 'yaw': 3.141}, pose, None, None
360.01, [INFO], r1, {'battery-level': '82.10'}, battery_charge, None, None
360.01, [INFO], r1, {'y': 26.101, 'x': -36.272, 'yaw': 3.141}, pose, None, None
370.08, [INFO], r1, {'battery-level': '81.60'}, battery_charge, None, None
370.08, [INFO], r1, {'y': 28.243, 'x': -36.327, 'yaw': -3.142}, pose, None, None
380.00, [INFO], r1, {'y': 30.336, 'x': -36.408, 'yaw': 3.141}, pose, None, None
380.00, [INFO], r1, {'battery-level': '81.10'}, battery_charge, None, None
390.06, [INFO], r1, {'y': 32.452, 'x': -36.613, 'yaw': 3.141}, pose, None, None
390.06, [INFO], r1, {'battery-level': '80.60'}, battery_charge, None, None
400.06, [INFO], r1, {'battery-level': '80.10'}, battery_charge, None, None
400.06, [INFO], r1, {'y': 34.568, 'x': -36.843, 'yaw': 3.138}, pose, None, None
410.01, [INFO], r1, {'battery-level': '79.60'}, battery_charge, None, None
410.01, [INFO], r1, {'y': 36.136, 'x': -37.002, 'yaw': -3.142}, pose, None, None
413.88, [INFO], r1, skill-success, None, navto, None
413.88, [INFO], r1, started skill, None, approach-arm, None
413.88, [INFO], r1, sent message, None, None, None
413.88, [INFO], r1, skill-success, None, approach-arm, None
413.88, [INFO], r1, started skill, None, open-drawer, None
413.88, [INFO], r1, sent message, None, None, None
413.88, [INFO], r1, skill-success, None, open-drawer, None
413.88, [INFO], r1, started skill, None, pick-up-sample, None
413.88, [INFO], r1, sent message, None, None, None
413.88, [INFO], r1, skill-success, None, pick-up-sample, None
413.88, [INFO], r1, started skill, None, close-drawer, None
413.88, [INFO], r1, sent message, None, None, None
413.88, [INFO], r1, skill-success, None, close-drawer, None
413.88, [WARN], r1, SUCCESS, None, None, None
420.08, [INFO], r1, {'battery-level': '79.10'}, battery_charge, None, None
420.08, [INFO], r1, {'y': 36.133, 'x': -37.006, 'yaw': -3.142}, pose, None, None
