9.84, [INFO], r1, started skill, None, navto, None
10.04, [INFO], r1, {'battery-level': '99.60'}, battery_charge, None, None
10.04, [INFO], r1, {'y': 25.37, 'x': -40.23, 'yaw': 3.142}, pose, None, None
20.08, [INFO], r1, {'battery-level': '99.10'}, battery_charge, None, None
20.08, [INFO], r1, {'y': 23.754, 'x': -38.906, 'yaw': -3.142}, pose, None, None
30.08, [INFO], r1, {'battery-level': '98.60'}, battery_charge, None, None
30.08, [INFO], r1, {'y': 22.361, 'x': -37.414, 'yaw': 3.141}, pose, None, None
40.03, [INFO], r1, {'y': 20.244, 'x': -37.259, 'yaw': -3.139}, pose, None, None
40.03, [INFO], r1, {'battery-level': '98.10'}, battery_charge, None, None
50.05, [INFO], r1, {'y': 18.135, 'x': -37.113, 'yaw': 3.14}, pose, None, None
50.05, [INFO], r1, {'battery-level': '97.60'}, battery_charge, None, None
60.00, [INFO], r1, {'battery-level': '97.10'}, battery_charge, None, None
60.00, [INFO], r1, {'y': 16.088, 'x': -36.815, 'yaw': 3.141}, pose, None, None
70.06, [INFO], r1, {'y': 15.452, 'x': -34.749, 'yaw': -3.141}, pose, None, None
70.06, [INFO], r1, {'battery-level': '96.60'}, battery_charge, None, None
80.01, [INFO], r1, {'battery-level': '96.10'}, battery_charge, None, None
80.01, [INFO], r1, {'y': 15.534, 'x': -32.635, 'yaw': -3.141}, pose, None, None
90.05, [INFO], r1, {'y': 15.566, 'x': -30.508, 'yaw': -3.14}, pose, None, None
90.05, [INFO], r1, {'battery-level': '95.60'}, battery_charge, None, None
100.07, [INFO], r1, {'y': 15.739, 'x': -28.4, 'yaw': 3.142}, pose, None, None
100.07, [INFO], r1, {'battery-level': '95.10'}, battery_charge, None, None
110.01, [INFO], r1, {'y': 16.173, 'x': -26.329, 'yaw': 3.141}, pose, None, None
110.01, [INFO], r1, {'battery-level': '94.60'}, battery_charge, None, None
120.05, [INFO], r1, {'battery-level': '94.10'}, battery_charge, None, None
120.05, [INFO], r1, {'y': 16.161, 'x': -24.216, 'yaw': 3.141}, pose, None, None
130.08, [INFO], r1, {'y': 16.204, 'x': -22.097, 'yaw': 3.141}, pose, None, None
130.08, [INFO], r1, {'battery-level': '93.60'}, battery_charge, None, None
140.07, [INFO], r1, {'y': 16.266, 'x': -19.984, 'yaw': 3.141}, pose, None, None
140.07, [INFO], r1, {'battery-level': '93.10'}, battery_charge, None, None
150.01, [INFO], r1, {'y': 16.251, 'x': -17.894, 'yaw': 3.142}, pose, None, None
150.01, [INFO], r1, {'battery-level': '92.60'}, battery_charge, None, None
160.04, [INFO], r1, {'y': 16.068, 'x': -15.784, 'yaw': 3.141}, pose, None, None
160.04, [INFO], r1, {'battery-level': '92.10'}, battery_charge, None, None
170.01, [INFO], r1, {'battery-level': '91.60'}, battery_charge, None, None
170.01, [INFO], r1, {'y': 16.141, 'x': -13.678, 'yaw': -3.142}, pose, None, None
180.03, [INFO], r1, {'y': 17.208, 'x': -11.962, 'yaw': -3.14}, pose, None, None
180.03, [INFO], r1, {'battery-level': '91.10'}, battery_charge, None, None
190.04, [INFO], r1, {'y': 17.976, 'x': -11.594, 'yaw': 3.142}, pose, None, None
190.04, [INFO], r1, {'battery-level': '90.60'}, battery_charge, None, None
191.23, [INFO], r1, skill-success, None, navto, None
191.23, [INFO], r1, started skill, None, approach-nurse, None
191.23, [INFO], r1, sent message, None, None, None
191.23, [INFO], r1, skill-success, None, approach-nurse, None
191.23, [INFO], r1, started skill, None, authenticate-nurse, None
191.23, [INFO], r1, sent message, None, None, None
191.23, [INFO], r1, skill-success, None, authenticate-nurse, None
191.23, [INFO], r1, started skill, None, open-drawer, None
191.23, [INFO], r1, sent message, None, None, None
191.23, [INFO], r1, skill-success, None, open-drawer, None
191.23, [INFO], r1, started skill, None, deposit, None
191.23, [INFO], r1, sent message, None, None, None
191.23, [INFO], r1, skill-success, None, deposit, None
191.23, [INFO], r1, started skill, None, close-drawer, None
191.23, [INFO], r1, sent message, None, None, None
191.23, [INFO], r1, skill-success, None, close-drawer, None
191.23, [INFO], r1, started skill, None, navto, None
200.04, [INFO], r1, {'battery-level': '90.10'}, battery_charge, None, None
200.04, [INFO], r1, {'y': 16.508, 'x': -12.529, 'yaw': -3.142}, pose, None, None
210.03, [INFO], r1, {'y': 16.261, 'x': -14.624, 'yaw': 3.14}, pose, None, None
210.03, [INFO], r1, {'battery-level': '89.60'}, battery_charge, None, None
220.08, [INFO], r1, {'y': 16.17, 'x': -16.734, 'yaw': 3.14}, pose, None, None
220.08, [INFO], r1, {'battery-level': '89.10'}, battery_charge, None, None
230.09, [INFO], r1, {'y': 16.205, 'x': -18.843, 'yaw': 3.138}, pose, None, None
230.09, [INFO], r1, {'battery-level': '88.60'}, battery_charge, None, None
240.03, [INFO], r1, {'y': 16.335, 'x': -20.937, 'yaw': -3.142}, pose, None, None
240.03, [INFO], r1, {'battery-level': '88.10'}, battery_charge, None, None
250.02, [INFO], r1, {'battery-level': '87.60'}, battery_charge, None, None
250.02, [INFO], r1, {'y': 16.211, 'x': -23.044, 'yaw': 3.142}, pose, None, None
260.08, [INFO], r1, {'y': 16.106, 'x': -25.159, 'yaw': 3.141}, pose, None, None
260.08, [INFO], r1, {'battery-level': '87.10'}, battery_charge, None, None
270.08, [INFO], r1, {'y': 15.978, 'x': -27.285, 'yaw': -3.142}, pose, None, None
270.08, [INFO], r1, {'battery-level': '86.60'}, battery_charge, None, None
280.09, [INFO], r1, {'y': 16.096, 'x': -29.384, 'yaw': -3.142}, pose, None, None
280.09, [INFO], r1, {'battery-level': '86.10'}, battery_charge, None, None
290.01, [INFO], r1, {'y': 15.974, 'x': -31.484, 'yaw': 3.142}, pose, None, None
290.01, [INFO], r1, {'battery-level': '85.60'}, battery_charge, None, None
300.10, [INFO], r1, {'battery-level': '85.10'}, battery_charge, None, None
300.10, [INFO], r1, {'y': 15.618, 'x': -33.607, 'yaw': 3.141}, pose, None, None
310.01, [INFO], r1, {'battery-level': '84.60'}, battery_charge, None, None
310.01, [INFO], r1, {'y': 15.996, 'x': -35.523, 'yaw': 3.142}, pose, None, None
320.00, [INFO], r1, {'y': 17.96, 'x': -36.077, 'yaw': 3.141}, pose, None, None
320.00, [INFO], r1, {'battery-level': '84.10'}, battery_charge, None, None
330.08, [INFO], r1, {'battery-level': '83.60'}, battery_charge, None, None
330.08, [INFO], r1, {'y': 20.077, 'x': -36.21, 'yaw': -3.142}, pose, None, None
340.08, [INFO], r1, {'battery-level': '83.10'}, battery_charge, None, None
340.08, [INFO], r1, {'y': 22.186, 'x': -36.314, 'yaw': 3.141}, pose, None, None
350.07, [INFO], r1, {'y': 24.288, 'x': -36.359, 'yaw': 3.141}, pose, None, None
350.07, [INFO], r1, {'battery-level': '82.60'}, battery_charge, None, None
360.10, [INFO], r1, {'y': 26.398, 'x': -36.325, 'yaw': 3.141}, pose, None, None
360.10, [INFO], r1, {'battery-level': '82.10'}, battery_charge, None, None
370.02, [INFO], r1, {'y': 28.492, 'x': -36.307, 'yaw': 3.141}, pose, None, None
370.02, [INFO], r1, {'battery-level': '81.60'}, battery_charge, None, None
380.03, [INFO], r1, {'y': 30.615, 'x': -36.437, 'yaw': 3.142}, pose, None, None
380.03, [INFO], r1, {'battery-level': '81.10'}, battery_charge, None, None
390.01, [INFO], r1, {'y': 32.723, 'x': -36.624, 'yaw': 3.141}, pose, None, None
390.01, [INFO], r1, {'battery-level': '80.60'}, battery_charge, None, None
400.08, [INFO], r1, {'battery-level': '80.10'}, battery_charge, None, None
400.08, [INFO], r1, {'y': 34.829, 'x': -36.896, 'yaw': 3.141}, pose, None, None
410.05, [INFO], r1, {'y': 36.155, 'x': -36.908, 'yaw': 3.14}, pose, None, None
410.05, [INFO], r1, {'battery-level': '79.60'}, battery_charge, None, None
415.75, [INFO], r1, skill-success, None, navto, None
415.75, [INFO], r1, started skill, None, approach-arm, None
415.75, [INFO], r1, sent message, None, None, None
415.75, [INFO], r1, started skill, None, open-drawer, None
415.75, [INFO], r1, sent message, None, None, None
415.75, [INFO], r1, skill-success, None, open-drawer, None
415.75, [INFO], r1, started skill, None, pick-up-sample, None
415.75, [INFO], r1, sent message, None, None, None
415.75, [INFO], r1, skill-success, None, pick-up-sample, None
415.75, [INFO], r1, started skill, None, close-drawer, None
415.75, [INFO], r1, sent message, None, None, None
415.75, [INFO], r1, skill-success, None, close-drawer, None
415.75, [WARN], r1, SUCCESS, None, None, None
