9.76, [INFO], r1, started skill, None, navto, None
10.05, [INFO], r1, {'y': 33.95, 'x': -39.436, 'yaw': 3.142}, pose, None, None
10.05, [INFO], r1, {'battery-level': '99.55'}, battery_charge, None, None
20.01, [INFO], r1, {'y': 34.512, 'x': -37.481, 'yaw': 3.142}, pose, None, None
20.01, [INFO], r1, {'battery-level': '99.05'}, battery_charge, None, None
30.09, [INFO], r1, {'battery-level': '98.55'}, battery_charge, None, None
30.09, [INFO], r1, {'y': 32.525, 'x': -37.028, 'yaw': 3.141}, pose, None, None
40.05, [INFO], r1, {'y': 30.408, 'x': -37.045, 'yaw': 3.14}, pose, None, None
40.05, [INFO], r1, {'battery-level': '98.05'}, battery_charge, None, None
50.00, [INFO], r1, {'battery-level': '97.55'}, battery_charge, None, None
50.00, [INFO], r1, {'y': 28.307, 'x': -37.009, 'yaw': 3.141}, pose, None, None
60.08, [INFO], r1, {'battery-level': '97.05'}, battery_charge, None, None
60.08, [INFO], r1, {'y': 26.165, 'x': -37.044, 'yaw': 3.141}, pose, None, None
70.01, [INFO], r1, {'y': 24.062, 'x': -36.993, 'yaw': 3.14}, pose, None, None
70.01, [INFO], r1, {'battery-level': '96.55'}, battery_charge, None, None
80.07, [INFO], r1, {'battery-level': '96.05'}, battery_charge, None, None
80.07, [INFO], r1, {'y': 21.916, 'x': -37.151, 'yaw': -3.142}, pose, None, None
90.01, [INFO], r1, {'y': 19.8, 'x': -37.117, 'yaw': 3.141}, pose, None, None
90.01, [INFO], r1, {'battery-level': '95.55'}, battery_charge, None, None
100.02, [INFO], r1, {'battery-level': '95.05'}, battery_charge, None, None
100.02, [INFO], r1, {'y': 17.692, 'x': -37.076, 'yaw': 3.141}, pose, None, None
110.02, [INFO], r1, {'battery-level': '94.55'}, battery_charge, None, None
110.02, [INFO], r1, {'y': 15.784, 'x': -36.538, 'yaw': 3.14}, pose, None, None
120.02, [INFO], r1, {'y': 15.335, 'x': -34.45, 'yaw': 3.142}, pose, None, None
120.02, [INFO], r1, {'battery-level': '94.05'}, battery_charge, None, None
130.04, [INFO], r1, {'y': 15.483, 'x': -32.337, 'yaw': 3.142}, pose, None, None
130.04, [INFO], r1, {'battery-level': '93.55'}, battery_charge, None, None
140.03, [INFO], r1, {'y': 15.56, 'x': -30.225, 'yaw': 3.139}, pose, None, None
140.03, [INFO], r1, {'battery-level': '93.05'}, battery_charge, None, None
150.06, [INFO], r1, {'battery-level': '92.55'}, battery_charge, None, None
150.06, [INFO], r1, {'y': 15.779, 'x': -28.104, 'yaw': 3.141}, pose, None, None
160.09, [INFO], r1, {'y': 14.39, 'x': -27.295, 'yaw': 3.141}, pose, None, None
160.09, [INFO], r1, {'battery-level': '92.05'}, battery_charge, None, None
170.09, [INFO], r1, {'y': 12.929, 'x': -27.401, 'yaw': 3.141}, pose, None, None
170.09, [INFO], r1, {'battery-level': '91.55'}, battery_charge, None, None
174.87, [INFO], r1, skill-success, None, navto, None
174.87, [INFO], r1, started skill, None, approach-nurse, None
174.87, [INFO], r1, sent message, None, None, None
174.87, [INFO], r1, skill-success, None, approach-nurse, None
174.87, [INFO], r1, started skill, None, authenticate-nurse, None
174.87, [INFO], r1, started skill, None, open-drawer, None
174.87, [INFO], r1, sent message, None, None, None
174.87, [INFO], r1, skill-success, None, open-drawer, None
174.87, [INFO], r1, started skill, None, deposit, None
174.87, [INFO], r1, sent message, None, None, None
174.87, [INFO], r1, skill-success, None, deposit, None
174.87, [INFO], r1, started skill, None, close-drawer, None
174.87, [INFO], r1, sent message, None, None, None
174.87, [INFO], r1, skill-success, None, close-drawer, None
174.87, [INFO], r1, started skill, None, navto, None
180.01, [INFO], r1, {'y': 13.95, 'x': -27.396, 'yaw': -3.141}, pose, None, None
180.01, [INFO], r1, {'battery-level': '91.05'}, battery_charge, None, None
190.03, [INFO], r1, {'y': 15.679, 'x': -27.777, 'yaw': -3.14}, pose, None, None
190.03, [INFO], r1, {'battery-level': '90.55'}, battery_charge, None, None
200.05, [INFO], r1, {'battery-level': '90.05'}, battery_charge, None, None
200.05, [INFO], r1, {'y': 15.63, 'x': -29.882, 'yaw': -3.142}, pose, None, None
210.05, [INFO], r1, {'battery-level': '89.55'}, battery_charge, None, None
210.05, [INFO], r1, {'y': 15.512, 'x': -31.994, 'yaw': 3.14}, pose, None, None
220.09, [INFO], r1, {'y': 15.478, 'x': -34.109, 'yaw': 3.142}, pose, None, None
220.09, [INFO], r1, {'battery-level': '89.05'}, battery_charge, None, None
230.04, [INFO], r1, {'y': 16.402, 'x': -35.901, 'yaw': -3.142}, pose, None, None
230.04, [INFO], r1, {'battery-level': '88.55'}, battery_charge, None, None
240.04, [INFO], r1, {'battery-level': '88.05'}, battery_charge, None, None
240.04, [INFO], r1, {'y': 18.493, 'x': -36.105, 'yaw': -3.142}, pose, None, None
250.08, [INFO], r1, {'y': 20.616, 'x': -36.178, 'yaw': 3.142}, pose, None, None
250.08, [INFO], r1, {'battery-level': '87.55'}, battery_charge, None, None
260.00, [INFO], r1, {'y': 22.715, 'x': -36.251, 'yaw': -3.141}, pose, None, None
260.00, [INFO], r1, {'battery-level': '87.05'}, battery_charge, None, None
270.04, [INFO], r1, {'battery-level': '86.55'}, battery_charge, None, None
270.04, [INFO], r1, {'y': 24.85, 'x': -36.246, 'yaw': -3.142}, pose, None, None
280.04, [INFO], r1, {'y': 26.978, 'x': -36.284, 'yaw': -3.142}, pose, None, None
280.04, [INFO], r1, {'battery-level': '86.05'}, battery_charge, None, None
290.01, [INFO], r1, {'y': 29.077, 'x': -36.345, 'yaw': -3.142}, pose, None, None
290.01, [INFO], r1, {'battery-level': '85.55'}, battery_charge, None, None
300.05, [INFO], r1, {'battery-level': '85.05'}, battery_charge, None, None
300.05, [INFO], r1, {'y': 31.196, 'x': -36.491, 'yaw': 3.142}, pose, None, None
310.04, [INFO], r1, {'battery-level': '84.55'}, battery_charge, None, None
310.04, [INFO], r1, {'y': 33.304, 'x': -36.726, 'yaw': -3.142}, pose, None, None
320.01, [INFO], r1, {'battery-level': '84.05'}, battery_charge, None, None
320.01, [INFO], r1, {'y': 35.407, 'x': -36.898, 'yaw': 3.14}, pose, None, None
330.06, [INFO], r1, {'battery-level': '83.55'}, battery_charge, None, None
330.06, [INFO], r1, {'y': 36.184, 'x': -36.952, 'yaw': 3.141}, pose, None, None
330.64, [INFO], r1, skill-success, None, navto, None
330.64, [INFO], r1, started skill, None, approach-arm, None
330.64, [INFO], r1, sent message, None, None, None
330.64, [INFO], r1, started skill, None, open-drawer, None
330.64, [INFO], r1, sent message, None, None, None
330.64, [INFO], r1, skill-success, None, open-drawer, None
330.64, [INFO], r1, started skill, None, pick-up-sample, None
330.64, [INFO], r1, sent message, None, None, None
330.64, [INFO], r1, skill-success, None, pick-up-sample, None
330.64, [INFO], r1, started skill, None, close-drawer, None
330.64, [INFO], r1, sent message, None, None, None
330.64, [INFO], r1, skill-success, None, close-drawer, None
330.64, [WARN], r1, SUCCESS, None, None, None
