0.19, [DEBUG], logger, ROBOTS_CONFIG={'capabilities': ['approach_person', 'approach_robot', 'authenticate_person', 'navigation', 'operate_drawer'], 'battery_charge': 1, 'nurse_pose': [-18.0, 13.0, 1.57], 'robot_pose': [-39.44, 33.95, 0.0]}, None, None, None
0.19, [DEBUG], logger, Simulation open, None, None, None
10.01, [INFO], r1, {'battery-level': '99.55'}, battery_charge, None, None
10.01, [INFO], r1, {'y': 33.95, 'x': -39.44, 'yaw': -3.142}, pose, None, None
10.89, [INFO], r1, started skill, None, navto, None
20.10, [INFO], r1, {'y': 34.607, 'x': -37.675, 'yaw': -3.138}, pose, None, None
20.10, [INFO], r1, {'battery-level': '99.05'}, battery_charge, None, None
30.02, [INFO], r1, {'y': 32.758, 'x': -37.026, 'yaw': 3.141}, pose, None, None
30.02, [INFO], r1, {'battery-level': '98.55'}, battery_charge, None, None
40.01, [INFO], r1, {'y': 30.633, 'x': -37.046, 'yaw': 3.141}, pose, None, None
40.01, [INFO], r1, {'battery-level': '98.05'}, battery_charge, None, None
50.02, [INFO], r1, {'battery-level': '97.55'}, battery_charge, None, None
50.02, [INFO], r1, {'y': 28.506, 'x': -37.015, 'yaw': 3.14}, pose, None, None
60.02, [INFO], r1, {'y': 26.398, 'x': -37.031, 'yaw': 3.141}, pose, None, None
60.02, [INFO], r1, {'battery-level': '97.05'}, battery_charge, None, None
70.04, [INFO], r1, {'y': 24.255, 'x': -37.014, 'yaw': 3.141}, pose, None, None
70.04, [INFO], r1, {'battery-level': '96.55'}, battery_charge, None, None
80.03, [INFO], r1, {'battery-level': '96.05'}, battery_charge, None, None
80.03, [INFO], r1, {'y': 22.143, 'x': -37.108, 'yaw': 3.141}, pose, None, None
90.02, [INFO], r1, {'y': 20.03, 'x': -37.107, 'yaw': -3.142}, pose, None, None
90.02, [INFO], r1, {'battery-level': '95.55'}, battery_charge, None, None
100.01, [INFO], r1, {'y': 17.906, 'x': -37.003, 'yaw': 3.141}, pose, None, None
100.01, [INFO], r1, {'battery-level': '95.05'}, battery_charge, None, None
110.01, [INFO], r1, {'y': 15.918, 'x': -36.619, 'yaw': 3.141}, pose, None, None
110.01, [INFO], r1, {'battery-level': '94.55'}, battery_charge, None, None
120.01, [INFO], r1, {'y': 15.416, 'x': -34.541, 'yaw': -3.141}, pose, None, None
120.01, [INFO], r1, {'battery-level': '94.05'}, battery_charge, None, None
130.01, [INFO], r1, {'y': 15.478, 'x': -32.422, 'yaw': 3.142}, pose, None, None
130.01, [INFO], r1, {'battery-level': '93.55'}, battery_charge, None, None
140.09, [INFO], r1, {'y': 15.607, 'x': -30.291, 'yaw': 3.141}, pose, None, None
140.09, [INFO], r1, {'battery-level': '93.05'}, battery_charge, None, None
150.00, [INFO], r1, {'battery-level': '92.55'}, battery_charge, None, None
150.00, [INFO], r1, {'y': 15.692, 'x': -28.193, 'yaw': 3.142}, pose, None, None
160.08, [INFO], r1, {'y': 15.874, 'x': -26.077, 'yaw': 3.138}, pose, None, None
160.08, [INFO], r1, {'battery-level': '92.05'}, battery_charge, None, None
170.05, [INFO], r1, {'battery-level': '91.55'}, battery_charge, None, None
170.05, [INFO], r1, {'y': 15.84, 'x': -23.966, 'yaw': 3.14}, pose, None, None
180.04, [INFO], r1, {'battery-level': '91.05'}, battery_charge, None, None
180.04, [INFO], r1, {'y': 15.747, 'x': -21.858, 'yaw': 3.141}, pose, None, None
190.03, [INFO], r1, {'y': 15.442, 'x': -19.752, 'yaw': -3.14}, pose, None, None
190.03, [INFO], r1, {'battery-level': '90.55'}, battery_charge, None, None
200.03, [INFO], r1, {'y': 14.377, 'x': -18.008, 'yaw': 3.142}, pose, None, None
200.03, [INFO], r1, {'battery-level': '90.05'}, battery_charge, None, None
210.09, [INFO], r1, {'y': 12.867, 'x': -18.146, 'yaw': -3.142}, pose, None, None
210.09, [INFO], r1, {'battery-level': '89.55'}, battery_charge, None, None
216.91, [INFO], r1, skill-success, None, navto, None
216.91, [INFO], r1, started skill, None, approach-nurse, None
216.91, [INFO], r1, sent message, None, None, None
216.91, [INFO], r1, skill-success, None, approach-nurse, None
217.00, [INFO], r1, started skill, None, authenticate-nurse, None
217.00, [INFO], r1, skill-success, None, authenticate-nurse, None
217.00, [INFO], r1, started skill, None, open-drawer, None
217.00, [INFO], r1, sent message, None, None, None
217.00, [INFO], r1, skill-success, None, open-drawer, None
217.00, [INFO], r1, started skill, None, deposit, None
217.00, [INFO], r1, sent message, None, None, None
217.00, [INFO], r1, skill-success, None, deposit, None
217.00, [INFO], r1, started skill, None, close-drawer, None
217.00, [INFO], r1, sent message, None, None, None
217.00, [INFO], r1, skill-success, None, close-drawer, None
217.00, [INFO], r1, started skill, None, navto, None
220.07, [INFO], r1, {'y': 13.425, 'x': -18.131, 'yaw': 3.142}, pose, None, None
220.07, [INFO], r1, {'battery-level': '89.05'}, battery_charge, None, None
230.07, [INFO], r1, {'y': 15.047, 'x': -19.073, 'yaw': 3.138}, pose, None, None
230.07, [INFO], r1, {'battery-level': '88.55'}, battery_charge, None, None
240.06, [INFO], r1, {'y': 15.577, 'x': -21.144, 'yaw': -3.141}, pose, None, None
240.06, [INFO], r1, {'battery-level': '88.05'}, battery_charge, None, None
250.05, [INFO], r1, {'y': 15.66, 'x': -23.27, 'yaw': 3.141}, pose, None, None
250.05, [INFO], r1, {'battery-level': '87.55'}, battery_charge, None, None
260.05, [INFO], r1, {'y': 15.698, 'x': -25.386, 'yaw': 3.14}, pose, None, None
260.05, [INFO], r1, {'battery-level': '87.05'}, battery_charge, None, None
270.04, [INFO], r1, {'y': 15.867, 'x': -27.502, 'yaw': 3.142}, pose, None, None
270.04, [INFO], r1, {'battery-level': '86.55'}, battery_charge, None, None
280.04, [INFO], r1, {'y': 15.941, 'x': -29.623, 'yaw': -3.142}, pose, None, None
280.04, [INFO], r1, {'battery-level': '86.05'}, battery_charge, None, None
290.05, [INFO], r1, {'battery-level': '85.55'}, battery_charge, None, None
290.05, [INFO], r1, {'y': 15.807, 'x': -31.747, 'yaw': 3.141}, pose, None, None
300.05, [INFO], r1, {'y': 15.596, 'x': -33.865, 'yaw': 3.141}, pose, None, None
300.05, [INFO], r1, {'battery-level': '85.05'}, battery_charge, None, None
310.06, [INFO], r1, {'y': 16.215, 'x': -35.721, 'yaw': 3.14}, pose, None, None
310.06, [INFO], r1, {'battery-level': '84.55'}, battery_charge, None, None
320.07, [INFO], r1, {'battery-level': '84.05'}, battery_charge, None, None
320.07, [INFO], r1, {'y': 18.258, 'x': -36.14, 'yaw': 3.136}, pose, None, None
330.06, [INFO], r1, {'y': 20.38, 'x': -36.216, 'yaw': 3.14}, pose, None, None
330.06, [INFO], r1, {'battery-level': '83.55'}, battery_charge, None, None
340.06, [INFO], r1, {'y': 22.495, 'x': -36.256, 'yaw': 3.14}, pose, None, None
340.06, [INFO], r1, {'battery-level': '83.05'}, battery_charge, None, None
350.06, [INFO], r1, {'battery-level': '82.55'}, battery_charge, None, None
350.06, [INFO], r1, {'y': 24.609, 'x': -36.242, 'yaw': 3.141}, pose, None, None
360.06, [INFO], r1, {'battery-level': '82.05'}, battery_charge, None, None
360.06, [INFO], r1, {'y': 26.739, 'x': -36.309, 'yaw': 3.141}, pose, None, None
370.05, [INFO], r1, {'y': 28.863, 'x': -36.381, 'yaw': 3.141}, pose, None, None
370.05, [INFO], r1, {'battery-level': '81.55'}, battery_charge, None, None
380.06, [INFO], r1, {'y': 30.979, 'x': -36.485, 'yaw': 3.142}, pose, None, None
380.06, [INFO], r1, {'battery-level': '81.05'}, battery_charge, None, None
390.07, [INFO], r1, {'battery-level': '80.55'}, battery_charge, None, None
390.07, [INFO], r1, {'y': 33.09, 'x': -36.698, 'yaw': -3.142}, pose, None, None
400.08, [INFO], r1, {'y': 35.208, 'x': -36.854, 'yaw': 3.142}, pose, None, None
400.08, [INFO], r1, {'battery-level': '80.05'}, battery_charge, None, None
410.07, [INFO], r1, {'y': 36.029, 'x': -36.989, 'yaw': -3.142}, pose, None, None
410.07, [INFO], r1, {'battery-level': '79.55'}, battery_charge, None, None
412.36, [INFO], r1, skill-success, None, navto, None
412.36, [INFO], r1, started skill, None, approach-arm, None
412.36, [INFO], r1, sent message, None, None, None
412.36, [INFO], r1, skill-success, None, approach-arm, None
412.36, [INFO], r1, started skill, None, open-drawer, None
412.36, [INFO], r1, sent message, None, None, None
412.36, [INFO], r1, skill-success, None, open-drawer, None
412.36, [INFO], r1, started skill, None, pick-up-sample, None
412.36, [INFO], r1, sent message, None, None, None
412.36, [INFO], r1, skill-success, None, pick-up-sample, None
412.36, [INFO], r1, started skill, None, close-drawer, None
412.36, [INFO], r1, sent message, None, None, None
412.36, [INFO], r1, skill-success, None, close-drawer, None
412.36, [WARN], r1, SUCCESS, None, None, None
