9.18, [INFO], r1, started skill, None, navto, None
10.04, [INFO], r1, {'battery-level': '99.55'}, battery_charge, None, None
10.04, [INFO], r1, {'y': 33.955, 'x': -39.336, 'yaw': 3.141}, pose, None, None
20.05, [INFO], r1, {'battery-level': '99.05'}, battery_charge, None, None
20.05, [INFO], r1, {'y': 34.444, 'x': -37.365, 'yaw': -3.142}, pose, None, None
30.04, [INFO], r1, {'y': 32.422, 'x': -37.039, 'yaw': 3.14}, pose, None, None
30.04, [INFO], r1, {'battery-level': '98.55'}, battery_charge, None, None
40.02, [INFO], r1, {'y': 30.322, 'x': -37.022, 'yaw': 3.141}, pose, None, None
40.02, [INFO], r1, {'battery-level': '98.05'}, battery_charge, None, None
50.01, [INFO], r1, {'y': 28.206, 'x': -37.005, 'yaw': 3.141}, pose, None, None
50.01, [INFO], r1, {'battery-level': '97.55'}, battery_charge, None, None
60.00, [INFO], r1, {'y': 26.101, 'x': -36.997, 'yaw': 3.142}, pose, None, None
60.00, [INFO], r1, {'battery-level': '97.05'}, battery_charge, None, None
70.08, [INFO], r1, {'battery-level': '96.55'}, battery_charge, None, None
70.08, [INFO], r1, {'y': 23.966, 'x': -37.018, 'yaw': 3.142}, pose, None, None
80.05, [INFO], r1, {'y': 21.864, 'x': -37.128, 'yaw': -3.142}, pose, None, None
80.05, [INFO], r1, {'battery-level': '96.05'}, battery_charge, None, None
90.02, [INFO], r1, {'y': 19.756, 'x': -37.066, 'yaw': 3.141}, pose, None, None
90.02, [INFO], r1, {'battery-level': '95.55'}, battery_charge, None, None
100.00, [INFO], r1, {'battery-level': '95.05'}, battery_charge, None, None
100.00, [INFO], r1, {'y': 17.643, 'x': -36.97, 'yaw': 3.142}, pose, None, None
110.08, [INFO], r1, {'battery-level': '94.55'}, battery_charge, None, None
110.08, [INFO], r1, {'y': 15.837, 'x': -36.426, 'yaw': 3.141}, pose, None, None
120.03, [INFO], r1, {'battery-level': '94.05'}, battery_charge, None, None
120.03, [INFO], r1, {'y': 15.375, 'x': -34.349, 'yaw': -3.142}, pose, None, None
130.00, [INFO], r1, {'battery-level': '93.55'}, battery_charge, None, None
130.00, [INFO], r1, {'y': 15.532, 'x': -32.242, 'yaw': 3.142}, pose, None, None
140.04, [INFO], r1, {'y': 15.662, 'x': -30.117, 'yaw': 3.137}, pose, None, None
140.04, [INFO], r1, {'battery-level': '93.05'}, battery_charge, None, None
150.01, [INFO], r1, {'y': 15.795, 'x': -28.018, 'yaw': 3.141}, pose, None, None
150.01, [INFO], r1, {'battery-level': '92.55'}, battery_charge, None, None
160.07, [INFO], r1, {'battery-level': '92.05'}, battery_charge, None, None
160.07, [INFO], r1, {'y': 15.856, 'x': -25.907, 'yaw': -3.141}, pose, None, None
170.09, [INFO], r1, {'battery-level': '91.55'}, battery_charge, None, None
170.09, [INFO], r1, {'y': 15.799, 'x': -23.785, 'yaw': 3.141}, pose, None, None
180.09, [INFO], r1, {'y': 15.701, 'x': -21.681, 'yaw': 3.141}, pose, None, None
180.09, [INFO], r1, {'battery-level': '91.05'}, battery_charge, None, None
190.08, [INFO], r1, {'y': 15.413, 'x': -19.584, 'yaw': 3.14}, pose, None, None
190.08, [INFO], r1, {'battery-level': '90.55'}, battery_charge, None, None
200.07, [INFO], r1, {'y': 14.263, 'x': -17.988, 'yaw': -3.142}, pose, None, None
200.07, [INFO], r1, {'battery-level': '90.05'}, battery_charge, None, None
210.02, [INFO], r1, {'y': 12.884, 'x': -18.116, 'yaw': 3.141}, pose, None, None
210.02, [INFO], r1, {'battery-level': '89.55'}, battery_charge, None, None
214.61, [INFO], r1, skill-success, None, navto, None
214.61, [INFO], r1, started skill, None, approach-nurse, None
214.61, [INFO], r1, sent message, None, None, None
214.61, [INFO], r1, skill-success, None, approach-nurse, None
214.61, [INFO], r1, started skill, None, authenticate-nurse, None
214.61, [INFO], r1, sent message, None, None, None
214.61, [INFO], r1, skill-success, None, authenticate-nurse, None
214.61, [INFO], r1, started skill, None, open-drawer, None
214.61, [INFO], r1, sent message, None, None, None
214.61, [INFO], r1, skill-success, None, open-drawer, None
214.61, [INFO], r1, started skill, None, deposit, None
214.61, [INFO], r1, sent message, None, None, None
214.61, [INFO], r1, skill-success, None, deposit, None
214.61, [INFO], r1, started skill, None, close-drawer, None
214.61, [INFO], r1, sent message, None, None, None
214.61, [INFO], r1, skill-success, None, close-drawer, None
214.61, [INFO], r1, started skill, None, navto, None
220.05, [INFO], r1, {'y': 13.979, 'x': -18.217, 'yaw': -3.142}, pose, None, None
220.05, [INFO], r1, {'battery-level': '89.05'}, battery_charge, None, None
230.01, [INFO], r1, {'y': 15.393, 'x': -19.591, 'yaw': -3.141}, pose, None, None
230.01, [INFO], r1, {'battery-level': '88.55'}, battery_charge, None, None
240.07, [INFO], r1, {'battery-level': '88.05'}, battery_charge, None, None
240.07, [INFO], r1, {'y': 15.691, 'x': -21.715, 'yaw': -3.141}, pose, None, None
250.06, [INFO], r1, {'battery-level': '87.55'}, battery_charge, None, None
250.06, [INFO], r1, {'y': 15.716, 'x': -23.821, 'yaw': -3.142}, pose, None, None
260.09, [INFO], r1, {'y': 15.793, 'x': -25.935, 'yaw': 3.14}, pose, None, None
260.09, [INFO], r1, {'battery-level': '87.05'}, battery_charge, None, None
270.08, [INFO], r1, {'battery-level': '86.55'}, battery_charge, None, None
270.08, [INFO], r1, {'y': 15.881, 'x': -28.051, 'yaw': -3.141}, pose, None, None
280.05, [INFO], r1, {'y': 15.845, 'x': -30.142, 'yaw': 3.142}, pose, None, None
280.05, [INFO], r1, {'battery-level': '86.05'}, battery_charge, None, None
290.03, [INFO], r1, {'battery-level': '85.55'}, battery_charge, None, None
290.03, [INFO], r1, {'y': 15.7, 'x': -32.259, 'yaw': -3.141}, pose, None, None
300.06, [INFO], r1, {'y': 15.421, 'x': -34.373, 'yaw': -3.142}, pose, None, None
300.06, [INFO], r1, {'battery-level': '85.05'}, battery_charge, None, None
310.03, [INFO], r1, {'y': 16.65, 'x': -36.001, 'yaw': 3.142}, pose, None, None
310.03, [INFO], r1, {'battery-level': '84.55'}, battery_charge, None, None
320.09, [INFO], r1, {'y': 18.774, 'x': -36.187, 'yaw': -3.142}, pose, None, None
320.09, [INFO], r1, {'battery-level': '84.05'}, battery_charge, None, None
330.05, [INFO], r1, {'battery-level': '83.55'}, battery_charge, None, None
330.05, [INFO], r1, {'y': 20.871, 'x': -36.243, 'yaw': 3.142}, pose, None, None
340.02, [INFO], r1, {'y': 22.969, 'x': -36.314, 'yaw': 3.141}, pose, None, None
340.02, [INFO], r1, {'battery-level': '83.05'}, battery_charge, None, None
350.06, [INFO], r1, {'y': 25.084, 'x': -36.293, 'yaw': 3.141}, pose, None, None
350.06, [INFO], r1, {'battery-level': '82.55'}, battery_charge, None, None
360.03, [INFO], r1, {'y': 27.193, 'x': -36.34, 'yaw': 3.14}, pose, None, None
360.03, [INFO], r1, {'battery-level': '82.05'}, battery_charge, None, None
370.08, [INFO], r1, {'y': 29.312, 'x': -36.385, 'yaw': 3.141}, pose, None, None
370.08, [INFO], r1, {'battery-level': '81.55'}, battery_charge, None, None
380.09, [INFO], r1, {'battery-level': '81.05'}, battery_charge, None, None
380.09, [INFO], r1, {'y': 31.437, 'x': -36.517, 'yaw': 3.14}, pose, None, None
390.02, [INFO], r1, {'y': 33.519, 'x': -36.802, 'yaw': 3.141}, pose, None, None
390.02, [INFO], r1, {'battery-level': '80.55'}, battery_charge, None, None
400.08, [INFO], r1, {'battery-level': '80.05'}, battery_charge, None, None
400.08, [INFO], r1, {'y': 35.644, 'x': -36.932, 'yaw': 3.139}, pose, None, None
410.03, [INFO], r1, {'y': 36.107, 'x': -37.04, 'yaw': 3.142}, pose, None, None
410.03, [INFO], r1, {'battery-level': '79.55'}, battery_charge, None, None
414.36, [INFO], r1, skill-success, None, navto, None
414.36, [INFO], r1, started skill, None, approach-arm, None
414.36, [INFO], r1, sent message, None, None, None
414.36, [INFO], r1, skill-success, None, approach-arm, None
414.36, [INFO], r1, started skill, None, open-drawer, None
414.36, [INFO], r1, sent message, None, None, None
414.36, [INFO], r1, skill-success, None, open-drawer, None
414.36, [INFO], r1, started skill, None, pick-up-sample, None
414.36, [INFO], r1, sent message, None, None, None
414.36, [INFO], r1, skill-success, None, pick-up-sample, None
414.36, [INFO], r1, started skill, None, close-drawer, None
414.36, [INFO], r1, sent message, None, None, None
414.36, [INFO], r1, skill-success, None, close-drawer, None
414.36, [WARN], r1, SUCCESS, None, None, None
420.09, [INFO], r1, {'battery-level': '79.05'}, battery_charge, None, None
420.09, [INFO], r1, {'y': 36.078, 'x': -37.019, 'yaw': -3.142}, pose, None, None
