9.75, [INFO], r1, started skill, None, navto, None
10.04, [INFO], r1, {'battery-level': '99.60'}, battery_charge, None, None
10.04, [INFO], r1, {'y': 33.95, 'x': -39.44, 'yaw': -3.142}, pose, None, None
20.09, [INFO], r1, {'y': 34.496, 'x': -37.453, 'yaw': 3.142}, pose, None, None
20.09, [INFO], r1, {'battery-level': '99.10'}, battery_charge, None, None
30.02, [INFO], r1, {'battery-level': '98.60'}, battery_charge, None, None
30.02, [INFO], r1, {'y': 32.537, 'x': -37.039, 'yaw': 3.14}, pose, None, None
40.05, [INFO], r1, {'y': 30.43, 'x': -37.037, 'yaw': 3.141}, pose, None, None
40.05, [INFO], r1, {'battery-level': '98.10'}, battery_charge, None, None
50.06, [INFO], r1, {'y': 28.308, 'x': -37.014, 'yaw': 3.141}, pose, None, None
50.06, [INFO], r1, {'battery-level': '97.60'}, battery_charge, None, None
60.07, [INFO], r1, {'battery-level': '97.10'}, battery_charge, None, None
60.07, [INFO], r1, {'y': 26.18, 'x': -37.03, 'yaw': 3.14}, pose, None, None
70.07, [INFO], r1, {'y': 24.059, 'x': -36.994, 'yaw': 3.141}, pose, None, None
70.07, [INFO], r1, {'battery-level': '96.60'}, battery_charge, None, None
80.06, [INFO], r1, {'battery-level': '96.10'}, battery_charge, None, None
80.06, [INFO], r1, {'y': 21.943, 'x': -37.131, 'yaw': 3.142}, pose, None, None
90.02, [INFO], r1, {'y': 19.843, 'x': -37.117, 'yaw': 3.141}, pose, None, None
90.02, [INFO], r1, {'battery-level': '95.60'}, battery_charge, None, None
100.01, [INFO], r1, {'battery-level': '95.10'}, battery_charge, None, None
100.01, [INFO], r1, {'y': 17.73, 'x': -37.067, 'yaw': 3.142}, pose, None, None
110.00, [INFO], r1, {'y': 15.761, 'x': -36.643, 'yaw': 3.14}, pose, None, None
110.00, [INFO], r1, {'battery-level': '94.60'}, battery_charge, None, None
120.05, [INFO], r1, {'y': 15.381, 'x': -34.537, 'yaw': -3.141}, pose, None, None
120.05, [INFO], r1, {'battery-level': '94.10'}, battery_charge, None, None
130.05, [INFO], r1, {'y': 15.548, 'x': -32.412, 'yaw': -3.142}, pose, None, None
130.05, [INFO], r1, {'battery-level': '93.60'}, battery_charge, None, None
140.05, [INFO], r1, {'y': 15.559, 'x': -30.304, 'yaw': 3.142}, pose, None, None
140.05, [INFO], r1, {'battery-level': '93.10'}, battery_charge, None, None
150.07, [INFO], r1, {'battery-level': '92.60'}, battery_charge, None, None
150.07, [INFO], r1, {'y': 15.78, 'x': -28.198, 'yaw': 3.142}, pose, None, None
160.07, [INFO], r1, {'battery-level': '92.10'}, battery_charge, None, None
160.07, [INFO], r1, {'y': 15.853, 'x': -26.084, 'yaw': 3.142}, pose, None, None
170.04, [INFO], r1, {'y': 15.797, 'x': -23.98, 'yaw': 3.14}, pose, None, None
170.04, [INFO], r1, {'battery-level': '91.60'}, battery_charge, None, None
180.03, [INFO], r1, {'y': 15.719, 'x': -21.868, 'yaw': 3.141}, pose, None, None
180.03, [INFO], r1, {'battery-level': '91.10'}, battery_charge, None, None
190.03, [INFO], r1, {'y': 15.514, 'x': -19.75, 'yaw': 3.141}, pose, None, None
190.03, [INFO], r1, {'battery-level': '90.60'}, battery_charge, None, None
200.03, [INFO], r1, {'y': 14.427, 'x': -18.003, 'yaw': 3.141}, pose, None, None
200.03, [INFO], r1, {'battery-level': '90.10'}, battery_charge, None, None
210.09, [INFO], r1, {'battery-level': '89.60'}, battery_charge, None, None
210.09, [INFO], r1, {'y': 12.89, 'x': -18.145, 'yaw': 3.14}, pose, None, None
218.80, [INFO], r1, skill-success, None, navto, None
218.80, [INFO], r1, started skill, None, approach-nurse, None
218.80, [INFO], r1, sent message, None, None, None
218.80, [INFO], r1, started skill, None, open-drawer, None
218.80, [INFO], r1, sent message, None, None, None
218.80, [INFO], r1, skill-success, None, open-drawer, None
218.80, [INFO], r1, started skill, None, deposit, None
218.80, [INFO], r1, sent message, None, None, None
218.80, [INFO], r1, skill-success, None, deposit, None
218.80, [INFO], r1, started skill, None, close-drawer, None
218.80, [INFO], r1, sent message, None, None, None
218.80, [INFO], r1, skill-success, None, close-drawer, None
218.80, [INFO], r1, started skill, None, navto, None
220.04, [INFO], r1, {'y': 13.081, 'x': -18.073, 'yaw': 3.141}, pose, None, None
220.04, [INFO], r1, {'battery-level': '89.10'}, battery_charge, None, None
230.06, [INFO], r1, {'y': 14.968, 'x': -18.725, 'yaw': 3.14}, pose, None, None
230.06, [INFO], r1, {'battery-level': '88.60'}, battery_charge, None, None
240.07, [INFO], r1, {'y': 15.648, 'x': -20.749, 'yaw': -3.142}, pose, None, None
240.07, [INFO], r1, {'battery-level': '88.10'}, battery_charge, None, None
250.06, [INFO], r1, {'y': 15.756, 'x': -22.864, 'yaw': -3.141}, pose, None, None
250.06, [INFO], r1, {'battery-level': '87.60'}, battery_charge, None, None
260.06, [INFO], r1, {'y': 15.794, 'x': -24.976, 'yaw': 3.14}, pose, None, None
260.06, [INFO], r1, {'battery-level': '87.10'}, battery_charge, None, None
270.07, [INFO], r1, {'y': 15.859, 'x': -27.107, 'yaw': -3.141}, pose, None, None
270.07, [INFO], r1, {'battery-level': '86.60'}, battery_charge, None, None
280.08, [INFO], r1, {'y': 15.945, 'x': -29.218, 'yaw': 3.142}, pose, None, None
280.08, [INFO], r1, {'battery-level': '86.10'}, battery_charge, None, None
290.00, [INFO], r1, {'battery-level': '85.60'}, battery_charge, None, None
290.00, [INFO], r1, {'y': 15.864, 'x': -31.32, 'yaw': 3.14}, pose, None, None
300.06, [INFO], r1, {'battery-level': '85.10'}, battery_charge, None, None
300.06, [INFO], r1, {'y': 15.675, 'x': -33.456, 'yaw': -3.142}, pose, None, None
310.00, [INFO], r1, {'y': 15.825, 'x': -35.418, 'yaw': 3.141}, pose, None, None
310.00, [INFO], r1, {'battery-level': '84.60'}, battery_charge, None, None
320.00, [INFO], r1, {'y': 17.769, 'x': -36.101, 'yaw': 3.141}, pose, None, None
320.00, [INFO], r1, {'battery-level': '84.10'}, battery_charge, None, None
330.07, [INFO], r1, {'y': 19.899, 'x': -36.212, 'yaw': 3.141}, pose, None, None
330.07, [INFO], r1, {'battery-level': '83.60'}, battery_charge, None, None
340.07, [INFO], r1, {'y': 22.017, 'x': -36.313, 'yaw': 3.141}, pose, None, None
340.07, [INFO], r1, {'battery-level': '83.10'}, battery_charge, None, None
350.08, [INFO], r1, {'y': 24.144, 'x': -36.312, 'yaw': 3.141}, pose, None, None
350.08, [INFO], r1, {'battery-level': '82.60'}, battery_charge, None, None
360.06, [INFO], r1, {'y': 26.26, 'x': -36.294, 'yaw': 3.142}, pose, None, None
360.06, [INFO], r1, {'battery-level': '82.10'}, battery_charge, None, None
370.06, [INFO], r1, {'y': 28.369, 'x': -36.333, 'yaw': -3.141}, pose, None, None
370.06, [INFO], r1, {'battery-level': '81.60'}, battery_charge, None, None
380.05, [INFO], r1, {'battery-level': '81.10'}, battery_charge, None, None
380.05, [INFO], r1, {'y': 30.483, 'x': -36.403, 'yaw': -3.138}, pose, None, None
390.02, [INFO], r1, {'y': 32.597, 'x': -36.587, 'yaw': -3.142}, pose, None, None
390.02, [INFO], r1, {'battery-level': '80.60'}, battery_charge, None, None
400.05, [INFO], r1, {'battery-level': '80.10'}, battery_charge, None, None
400.05, [INFO], r1, {'y': 34.697, 'x': -36.982, 'yaw': -3.139}, pose, None, None
410.07, [INFO], r1, {'y': 36.122, 'x': -37.008, 'yaw': -3.141}, pose, None, None
410.07, [INFO], r1, {'battery-level': '79.60'}, battery_charge, None, None
416.35, [INFO], r1, skill-success, None, navto, None
416.35, [INFO], r1, started skill, None, approach-arm, None
416.35, [INFO], r1, sent message, None, None, None
416.35, [INFO], r1, started skill, None, open-drawer, None
416.35, [INFO], r1, sent message, None, None, None
416.35, [INFO], r1, skill-success, None, open-drawer, None
416.35, [INFO], r1, started skill, None, pick-up-sample, None
416.35, [INFO], r1, sent message, None, None, None
416.35, [INFO], r1, skill-success, None, pick-up-sample, None
416.35, [INFO], r1, started skill, None, close-drawer, None
416.35, [INFO], r1, sent message, None, None, None
416.35, [INFO], r1, skill-success, None, close-drawer, None
416.35, [WARN], r1, SUCCESS, None, None, None
420.05, [INFO], r1, {'y': 36.129, 'x': -37.002, 'yaw': -3.142}, pose, None, None
420.05, [INFO], r1, {'battery-level': '79.10'}, battery_charge, None, None
