9.77, [INFO], r1, started skill, None, navto, None
10.07, [INFO], r1, {'y': 33.95, 'x': -39.44, 'yaw': -3.142}, pose, None, None
10.07, [INFO], r1, {'battery-level': '99.60'}, battery_charge, None, None
20.09, [INFO], r1, {'y': 34.528, 'x': -37.459, 'yaw': -3.141}, pose, None, None
20.09, [INFO], r1, {'battery-level': '99.10'}, battery_charge, None, None
30.00, [INFO], r1, {'y': 32.579, 'x': -37.036, 'yaw': 3.141}, pose, None, None
30.00, [INFO], r1, {'battery-level': '98.60'}, battery_charge, None, None
40.01, [INFO], r1, {'y': 30.452, 'x': -37.045, 'yaw': 3.141}, pose, None, None
40.01, [INFO], r1, {'battery-level': '98.10'}, battery_charge, None, None
50.03, [INFO], r1, {'battery-level': '97.60'}, battery_charge, None, None
50.03, [INFO], r1, {'y': 28.337, 'x': -36.995, 'yaw': 3.141}, pose, None, None
60.03, [INFO], r1, {'battery-level': '97.10'}, battery_charge, None, None
60.03, [INFO], r1, {'y': 26.198, 'x': -37.003, 'yaw': 3.141}, pose, None, None
70.03, [INFO], r1, {'y': 24.078, 'x': -37.011, 'yaw': 3.141}, pose, None, None
70.03, [INFO], r1, {'battery-level': '96.60'}, battery_charge, None, None
80.08, [INFO], r1, {'y': 21.952, 'x': -37.096, 'yaw': 3.142}, pose, None, None
80.08, [INFO], r1, {'battery-level': '96.10'}, battery_charge, None, None
90.07, [INFO], r1, {'y': 19.826, 'x': -37.098, 'yaw': -3.141}, pose, None, None
90.07, [INFO], r1, {'battery-level': '95.60'}, battery_charge, None, None
100.06, [INFO], r1, {'y': 17.712, 'x': -37.037, 'yaw': 3.141}, pose, None, None
100.06, [INFO], r1, {'battery-level': '95.10'}, battery_charge, None, None
110.07, [INFO], r1, {'battery-level': '94.60'}, battery_charge, None, None
110.07, [INFO], r1, {'y': 15.749, 'x': -36.575, 'yaw': 3.14}, pose, None, None
120.08, [INFO], r1, {'y': 15.33, 'x': -34.487, 'yaw': -3.141}, pose, None, None
120.08, [INFO], r1, {'battery-level': '94.10'}, battery_charge, None, None
130.03, [INFO], r1, {'battery-level': '93.60'}, battery_charge, None, None
130.03, [INFO], r1, {'y': 15.512, 'x': -32.381, 'yaw': -3.142}, pose, None, None
140.04, [INFO], r1, {'battery-level': '93.10'}, battery_charge, None, None
140.04, [INFO], r1, {'y': 15.554, 'x': -30.261, 'yaw': 3.141}, pose, None, None
150.05, [INFO], r1, {'battery-level': '92.60'}, battery_charge, None, None
150.05, [INFO], r1, {'y': 15.727, 'x': -28.637, 'yaw': -3.142}, pose, None, None
160.03, [INFO], r1, {'battery-level': '92.10'}, battery_charge, None, None
160.03, [INFO], r1, {'y': 15.75, 'x': -28.599, 'yaw': 3.142}, pose, None, None
170.01, [INFO], r1, {'y': 15.752, 'x': -28.599, 'yaw': 3.142}, pose, None, None
170.01, [INFO], r1, {'battery-level': '91.60'}, battery_charge, None, None
180.01, [INFO], r1, {'y': 15.751, 'x': -28.599, 'yaw': -3.142}, pose, None, None
180.01, [INFO], r1, {'battery-level': '91.10'}, battery_charge, None, None
190.02, [INFO], r1, {'y': 15.759, 'x': -28.596, 'yaw': -3.141}, pose, None, None
190.02, [INFO], r1, {'battery-level': '90.60'}, battery_charge, None, None
200.03, [INFO], r1, {'battery-level': '90.10'}, battery_charge, None, None
200.03, [INFO], r1, {'y': 15.787, 'x': -28.603, 'yaw': 3.142}, pose, None, None
210.01, [INFO], r1, {'y': 16.93, 'x': -28.339, 'yaw': 3.14}, pose, None, None
210.01, [INFO], r1, {'battery-level': '89.60'}, battery_charge, None, None
220.09, [INFO], r1, {'battery-level': '89.10'}, battery_charge, None, None
220.09, [INFO], r1, {'y': 16.765, 'x': -28.595, 'yaw': -3.142}, pose, None, None
230.09, [INFO], r1, {'y': 17.042, 'x': -28.539, 'yaw': 3.141}, pose, None, None
230.09, [INFO], r1, {'battery-level': '88.60'}, battery_charge, None, None
240.03, [INFO], r1, {'y': 16.778, 'x': -28.69, 'yaw': 3.141}, pose, None, None
240.03, [INFO], r1, {'battery-level': '88.10'}, battery_charge, None, None
250.06, [INFO], r1, {'battery-level': '87.60'}, battery_charge, None, None
250.06, [INFO], r1, {'y': 16.434, 'x': -28.752, 'yaw': 3.141}, pose, None, None
260.09, [INFO], r1, {'y': 17.221, 'x': -28.26, 'yaw': 3.141}, pose, None, None
260.09, [INFO], r1, {'battery-level': '87.10'}, battery_charge, None, None
267.97, [WARN], r1, SKILL-FAILURE, None, navto, None
270.03, [INFO], r1, {'y': 17.221, 'x': -28.266, 'yaw': -3.142}, pose, None, None
270.03, [INFO], r1, {'battery-level': '86.60'}, battery_charge, None, None
280.08, [INFO], r1, {'y': 17.221, 'x': -28.267, 'yaw': 3.142}, pose, None, None
280.08, [INFO], r1, {'battery-level': '86.10'}, battery_charge, None, None
