0.19, [DEBUG], logger, ROBOTS_CONFIG={'capabilities': ['approach_person', 'approach_robot', 'authenticate_person', 'navigation', 'operate_drawer'], 'battery_charge': 1, 'nurse_pose': [-27.23, 18.0, -1.57], 'robot_pose': [-39.44, 33.95, 0.0]}, None, None, None
0.19, [DEBUG], logger, Simulation open, None, None, None
10.00, [INFO], r1, {'y': 33.95, 'x': -39.44, 'yaw': -3.142}, pose, None, None
10.00, [INFO], r1, {'battery-level': '99.55'}, battery_charge, None, None
10.59, [INFO], r1, started skill, None, navto, None
20.03, [INFO], r1, {'y': 34.599, 'x': -37.647, 'yaw': -3.141}, pose, None, None
20.03, [INFO], r1, {'battery-level': '99.05'}, battery_charge, None, None
30.05, [INFO], r1, {'y': 32.751, 'x': -37.033, 'yaw': 3.141}, pose, None, None
30.05, [INFO], r1, {'battery-level': '98.55'}, battery_charge, None, None
40.06, [INFO], r1, {'y': 30.629, 'x': -37.062, 'yaw': 3.141}, pose, None, None
40.06, [INFO], r1, {'battery-level': '98.05'}, battery_charge, None, None
50.09, [INFO], r1, {'y': 28.51, 'x': -36.975, 'yaw': 3.142}, pose, None, None
50.09, [INFO], r1, {'battery-level': '97.55'}, battery_charge, None, None
60.09, [INFO], r1, {'y': 26.402, 'x': -36.976, 'yaw': 3.141}, pose, None, None
60.09, [INFO], r1, {'battery-level': '97.05'}, battery_charge, None, None
70.09, [INFO], r1, {'y': 24.294, 'x': -37.037, 'yaw': 3.141}, pose, None, None
70.09, [INFO], r1, {'battery-level': '96.55'}, battery_charge, None, None
80.09, [INFO], r1, {'y': 22.193, 'x': -37.141, 'yaw': 3.142}, pose, None, None
80.09, [INFO], r1, {'battery-level': '96.05'}, battery_charge, None, None
90.10, [INFO], r1, {'y': 20.082, 'x': -37.143, 'yaw': -3.142}, pose, None, None
90.10, [INFO], r1, {'battery-level': '95.55'}, battery_charge, None, None
100.00, [INFO], r1, {'y': 17.98, 'x': -37.08, 'yaw': 3.14}, pose, None, None
100.00, [INFO], r1, {'battery-level': '95.05'}, battery_charge, None, None
110.00, [INFO], r1, {'y': 15.99, 'x': -36.718, 'yaw': 3.141}, pose, None, None
110.00, [INFO], r1, {'battery-level': '94.55'}, battery_charge, None, None
120.01, [INFO], r1, {'y': 15.436, 'x': -34.656, 'yaw': 3.141}, pose, None, None
120.01, [INFO], r1, {'battery-level': '94.05'}, battery_charge, None, None
130.01, [INFO], r1, {'y': 15.545, 'x': -32.535, 'yaw': -3.142}, pose, None, None
130.01, [INFO], r1, {'battery-level': '93.55'}, battery_charge, None, None
140.00, [INFO], r1, {'battery-level': '93.05'}, battery_charge, None, None
140.00, [INFO], r1, {'y': 15.538, 'x': -30.413, 'yaw': 3.141}, pose, None, None
150.08, [INFO], r1, {'battery-level': '92.55'}, battery_charge, None, None
150.08, [INFO], r1, {'y': 15.77, 'x': -28.282, 'yaw': 3.142}, pose, None, None
160.06, [INFO], r1, {'y': 17.173, 'x': -27.057, 'yaw': -3.14}, pose, None, None
160.06, [INFO], r1, {'battery-level': '92.05'}, battery_charge, None, None
170.04, [INFO], r1, {'y': 17.939, 'x': -27.202, 'yaw': -3.142}, pose, None, None
170.04, [INFO], r1, {'battery-level': '91.55'}, battery_charge, None, None
172.41, [INFO], r1, skill-success, None, navto, None
172.41, [INFO], r1, started skill, None, approach-nurse, None
172.41, [INFO], r1, sent message, None, None, None
172.41, [INFO], r1, skill-success, None, approach-nurse, None
172.41, [INFO], r1, started skill, None, authenticate-nurse, None
172.41, [INFO], r1, sent message, None, None, None
172.41, [INFO], r1, skill-success, None, authenticate-nurse, None
172.41, [INFO], r1, started skill, None, open-drawer, None
172.41, [INFO], r1, sent message, None, None, None
172.41, [INFO], r1, skill-success, None, open-drawer, None
172.41, [INFO], r1, started skill, None, deposit, None
172.41, [INFO], r1, sent message, None, None, None
172.41, [INFO], r1, skill-success, None, deposit, None
172.41, [INFO], r1, started skill, None, close-drawer, None
172.41, [INFO], r1, sent message, None, None, None
172.41, [INFO], r1, skill-success, None, close-drawer, None
172.41, [INFO], r1, started skill, None, navto, None
180.01, [INFO], r1, {'y': 16.382, 'x': -27.098, 'yaw': -3.142}, pose, None, None
180.01, [INFO], r1, {'battery-level': '91.05'}, battery_charge, None, None
190.10, [INFO], r1, {'y': 16.046, 'x': -29.077, 'yaw': 3.142}, pose, None, None
190.10, [INFO], r1, {'battery-level': '90.55'}, battery_charge, None, None
200.09, [INFO], r1, {'y': 15.971, 'x': -31.181, 'yaw': 3.141}, pose, None, None
200.09, [INFO], r1, {'battery-level': '90.05'}, battery_charge, None, None
210.00, [INFO], r1, {'y': 15.711, 'x': -33.284, 'yaw': 3.138}, pose, None, None
210.00, [INFO], r1, {'battery-level': '89.55'}, battery_charge, None, None
220.10, [INFO], r1, {'y': 15.785, 'x': -35.334, 'yaw': -3.142}, pose, None, None
220.10, [INFO], r1, {'battery-level': '89.05'}, battery_charge, None, None
230.10, [INFO], r1, {'y': 17.679, 'x': -36.021, 'yaw': 3.141}, pose, None, None
230.10, [INFO], r1, {'battery-level': '88.55'}, battery_charge, None, None
240.09, [INFO], r1, {'y': 19.778, 'x': -36.204, 'yaw': 3.141}, pose, None, None
240.09, [INFO], r1, {'battery-level': '88.05'}, battery_charge, None, None
250.09, [INFO], r1, {'y': 21.879, 'x': -36.252, 'yaw': 3.141}, pose, None, None
250.09, [INFO], r1, {'battery-level': '87.55'}, battery_charge, None, None
260.02, [INFO], r1, {'y': 23.98, 'x': -36.315, 'yaw': 3.141}, pose, None, None
260.02, [INFO], r1, {'battery-level': '87.05'}, battery_charge, None, None
270.02, [INFO], r1, {'y': 26.1, 'x': -36.34, 'yaw': 3.141}, pose, None, None
270.02, [INFO], r1, {'battery-level': '86.55'}, battery_charge, None, None
280.03, [INFO], r1, {'y': 28.22, 'x': -36.353, 'yaw': 3.141}, pose, None, None
280.03, [INFO], r1, {'battery-level': '86.05'}, battery_charge, None, None
290.04, [INFO], r1, {'y': 30.335, 'x': -36.429, 'yaw': -3.137}, pose, None, None
290.04, [INFO], r1, {'battery-level': '85.55'}, battery_charge, None, None
300.07, [INFO], r1, {'y': 32.455, 'x': -36.574, 'yaw': 3.141}, pose, None, None
300.07, [INFO], r1, {'battery-level': '85.05'}, battery_charge, None, None
310.10, [INFO], r1, {'battery-level': '84.55'}, battery_charge, None, None
310.10, [INFO], r1, {'y': 34.565, 'x': -36.848, 'yaw': 3.138}, pose, None, None
320.04, [INFO], r1, {'y': 36.166, 'x': -36.947, 'yaw': 3.142}, pose, None, None
320.04, [INFO], r1, {'battery-level': '84.05'}, battery_charge, None, None
325.49, [INFO], r1, skill-success, None, navto, None
325.49, [INFO], r1, started skill, None, approach-arm, None
325.49, [INFO], r1, sent message, None, None, None
325.49, [INFO], r1, skill-success, None, approach-arm, None
325.49, [INFO], r1, started skill, None, open-drawer, None
325.49, [INFO], r1, sent message, None, None, None
325.49, [INFO], r1, skill-success, None, open-drawer, None
325.49, [INFO], r1, started skill, None, pick-up-sample, None
325.49, [WARN], r1, SKILL-FAILURE, None, pick-up-sample, None
330.02, [INFO], r1, {'battery-level': '83.55'}, battery_charge, None, None
330.02, [INFO], r1, {'y': 36.203, 'x': -36.952, 'yaw': -3.142}, pose, None, None
