0.19, [DEBUG], logger, ROBOTS_CONFIG={'capabilities': ['approach_person', 'approach_robot', 'authenticate_person', 'navigation', 'operate_drawer'], 'battery_charge': 1, 'nurse_pose': [-21.0, 18.0, -1.57], 'robot_pose': [-39.44, 33.95, 0.0]}, None, None, None
0.19, [DEBUG], logger, Simulation open, None, None, None
10.06, [INFO], r1, {'y': 33.95, 'x': -39.44, 'yaw': 3.142}, pose, None, None
10.06, [INFO], r1, {'battery-level': '99.55'}, battery_charge, None, None
10.95, [INFO], r1, started skill, None, navto, None
20.08, [INFO], r1, {'y': 34.592, 'x': -37.699, 'yaw': -3.139}, pose, None, None
20.08, [INFO], r1, {'battery-level': '99.05'}, battery_charge, None, None
30.08, [INFO], r1, {'y': 32.782, 'x': -37.029, 'yaw': 3.141}, pose, None, None
30.08, [INFO], r1, {'battery-level': '98.55'}, battery_charge, None, None
40.09, [INFO], r1, {'y': 30.664, 'x': -37.044, 'yaw': 3.141}, pose, None, None
40.09, [INFO], r1, {'battery-level': '98.05'}, battery_charge, None, None
50.09, [INFO], r1, {'y': 28.552, 'x': -36.999, 'yaw': 3.141}, pose, None, None
50.09, [INFO], r1, {'battery-level': '97.55'}, battery_charge, None, None
60.07, [INFO], r1, {'battery-level': '97.05'}, battery_charge, None, None
60.07, [INFO], r1, {'y': 26.435, 'x': -37.005, 'yaw': 3.141}, pose, None, None
70.07, [INFO], r1, {'y': 24.325, 'x': -37.013, 'yaw': 3.142}, pose, None, None
70.07, [INFO], r1, {'battery-level': '96.55'}, battery_charge, None, None
80.10, [INFO], r1, {'y': 22.205, 'x': -37.091, 'yaw': 3.141}, pose, None, None
80.10, [INFO], r1, {'battery-level': '96.05'}, battery_charge, None, None
90.03, [INFO], r1, {'y': 20.103, 'x': -37.122, 'yaw': 3.141}, pose, None, None
90.03, [INFO], r1, {'battery-level': '95.55'}, battery_charge, None, None
100.03, [INFO], r1, {'y': 17.992, 'x': -37.073, 'yaw': 3.141}, pose, None, None
100.03, [INFO], r1, {'battery-level': '95.05'}, battery_charge, None, None
110.03, [INFO], r1, {'y': 15.97, 'x': -36.77, 'yaw': 3.142}, pose, None, None
110.03, [INFO], r1, {'battery-level': '94.55'}, battery_charge, None, None
120.05, [INFO], r1, {'y': 15.439, 'x': -34.699, 'yaw': 3.142}, pose, None, None
120.05, [INFO], r1, {'battery-level': '94.05'}, battery_charge, None, None
130.03, [INFO], r1, {'y': 15.518, 'x': -32.589, 'yaw': -3.141}, pose, None, None
130.03, [INFO], r1, {'battery-level': '93.55'}, battery_charge, None, None
140.00, [INFO], r1, {'y': 15.574, 'x': -30.477, 'yaw': -3.137}, pose, None, None
140.00, [INFO], r1, {'battery-level': '93.05'}, battery_charge, None, None
150.08, [INFO], r1, {'y': 15.732, 'x': -28.348, 'yaw': 3.141}, pose, None, None
150.08, [INFO], r1, {'battery-level': '92.55'}, battery_charge, None, None
160.05, [INFO], r1, {'y': 16.11, 'x': -26.25, 'yaw': 3.142}, pose, None, None
160.05, [INFO], r1, {'battery-level': '92.05'}, battery_charge, None, None
170.10, [INFO], r1, {'y': 16.159, 'x': -24.136, 'yaw': 3.142}, pose, None, None
170.10, [INFO], r1, {'battery-level': '91.55'}, battery_charge, None, None
180.08, [INFO], r1, {'battery-level': '91.05'}, battery_charge, None, None
180.08, [INFO], r1, {'y': 16.207, 'x': -22.036, 'yaw': 3.141}, pose, None, None
190.06, [INFO], r1, {'y': 17.497, 'x': -20.855, 'yaw': 3.142}, pose, None, None
190.06, [INFO], r1, {'battery-level': '90.55'}, battery_charge, None, None
200.02, [INFO], r1, {'y': 17.988, 'x': -21.047, 'yaw': 3.141}, pose, None, None
200.02, [INFO], r1, {'battery-level': '90.05'}, battery_charge, None, None
207.25, [INFO], r1, skill-success, None, navto, None
207.25, [INFO], r1, started skill, None, approach-nurse, None
207.25, [INFO], r1, sent message, None, None, None
207.25, [INFO], r1, skill-success, None, approach-nurse, None
207.25, [INFO], r1, started skill, None, authenticate-nurse, None
207.25, [INFO], r1, sent message, None, None, None
207.25, [INFO], r1, skill-success, None, authenticate-nurse, None
207.25, [INFO], r1, started skill, None, open-drawer, None
207.25, [INFO], r1, sent message, None, None, None
207.25, [INFO], r1, skill-success, None, open-drawer, None
207.25, [INFO], r1, started skill, None, deposit, None
207.25, [WARN], r1, SKILL-FAILURE, None, deposit, None
210.09, [INFO], r1, {'battery-level': '89.55'}, battery_charge, None, None
210.09, [INFO], r1, {'y': 17.976, 'x': -21.095, 'yaw': 3.142}, pose, None, None
220.00, [INFO], r1, {'y': 17.975, 'x': -21.095, 'yaw': 3.142}, pose, None, None
220.00, [INFO], r1, {'battery-level': '89.05'}, battery_charge, None, None
