10.05, [INFO], r1, {'battery-level': '99.60'}, battery_charge, None, None
10.05, [INFO], r1, {'y': 33.95, 'x': -39.44, 'yaw': 3.142}, pose, None, None
10.14, [INFO], r1, started skill, None, navto, None
20.07, [INFO], r1, {'y': 34.569, 'x': -37.537, 'yaw': -3.142}, pose, None, None
20.07, [INFO], r1, {'battery-level': '99.10'}, battery_charge, None, None
30.03, [INFO], r1, {'y': 32.651, 'x': -37.073, 'yaw': 3.141}, pose, None, None
30.03, [INFO], r1, {'battery-level': '98.60'}, battery_charge, None, None
40.06, [INFO], r1, {'y': 30.523, 'x': -37.021, 'yaw': 3.141}, pose, None, None
40.06, [INFO], r1, {'battery-level': '98.10'}, battery_charge, None, None
50.02, [INFO], r1, {'y': 28.426, 'x': -36.997, 'yaw': 3.141}, pose, None, None
50.02, [INFO], r1, {'battery-level': '97.60'}, battery_charge, None, None
60.05, [INFO], r1, {'y': 26.299, 'x': -37.008, 'yaw': 3.142}, pose, None, None
60.05, [INFO], r1, {'battery-level': '97.10'}, battery_charge, None, None
70.06, [INFO], r1, {'battery-level': '96.60'}, battery_charge, None, None
70.06, [INFO], r1, {'y': 24.172, 'x': -36.99, 'yaw': 3.14}, pose, None, None
80.08, [INFO], r1, {'y': 22.049, 'x': -37.088, 'yaw': 3.142}, pose, None, None
80.08, [INFO], r1, {'battery-level': '96.10'}, battery_charge, None, None
90.02, [INFO], r1, {'y': 19.957, 'x': -37.066, 'yaw': 3.142}, pose, None, None
90.02, [INFO], r1, {'battery-level': '95.60'}, battery_charge, None, None
100.04, [INFO], r1, {'battery-level': '95.10'}, battery_charge, None, None
100.04, [INFO], r1, {'y': 17.834, 'x': -37.004, 'yaw': 3.141}, pose, None, None
110.01, [INFO], r1, {'y': 15.792, 'x': -36.734, 'yaw': 3.141}, pose, None, None
110.01, [INFO], r1, {'battery-level': '94.60'}, battery_charge, None, None
120.09, [INFO], r1, {'battery-level': '94.10'}, battery_charge, None, None
120.09, [INFO], r1, {'y': 15.36, 'x': -34.636, 'yaw': 3.142}, pose, None, None
130.01, [INFO], r1, {'y': 15.523, 'x': -32.547, 'yaw': -3.142}, pose, None, None
130.01, [INFO], r1, {'battery-level': '93.60'}, battery_charge, None, None
140.03, [INFO], r1, {'battery-level': '93.10'}, battery_charge, None, None
140.03, [INFO], r1, {'y': 15.587, 'x': -30.428, 'yaw': -3.141}, pose, None, None
150.03, [INFO], r1, {'battery-level': '92.60'}, battery_charge, None, None
150.03, [INFO], r1, {'y': 15.783, 'x': -28.308, 'yaw': 3.142}, pose, None, None
160.05, [INFO], r1, {'battery-level': '92.10'}, battery_charge, None, None
160.05, [INFO], r1, {'y': 16.014, 'x': -26.184, 'yaw': 3.142}, pose, None, None
170.05, [INFO], r1, {'battery-level': '91.60'}, battery_charge, None, None
170.05, [INFO], r1, {'y': 16.011, 'x': -24.071, 'yaw': -3.141}, pose, None, None
180.05, [INFO], r1, {'battery-level': '91.10'}, battery_charge, None, None
180.05, [INFO], r1, {'y': 16.181, 'x': -21.954, 'yaw': 3.141}, pose, None, None
190.06, [INFO], r1, {'y': 17.604, 'x': -20.942, 'yaw': -3.142}, pose, None, None
190.06, [INFO], r1, {'battery-level': '90.60'}, battery_charge, None, None
200.05, [INFO], r1, {'battery-level': '90.10'}, battery_charge, None, None
200.05, [INFO], r1, {'y': 17.971, 'x': -21.097, 'yaw': 3.141}, pose, None, None
204.55, [INFO], r1, skill-success, None, navto, None
204.55, [INFO], r1, started skill, None, approach-nurse, None
204.55, [INFO], r1, sent message, None, None, None
204.55, [INFO], r1, skill-success, None, approach-nurse, None
204.55, [INFO], r1, started skill, None, authenticate-nurse, None
204.55, [INFO], r1, sent message, None, None, None
204.55, [INFO], r1, skill-success, None, authenticate-nurse, None
204.55, [INFO], r1, started skill, None, open-drawer, None
204.55, [INFO], r1, sent message, None, None, None
204.55, [INFO], r1, skill-success, None, open-drawer, None
204.55, [INFO], r1, started skill, None, deposit, None
204.55, [INFO], r1, sent message, None, None, None
204.55, [INFO], r1, skill-success, None, deposit, None
204.55, [INFO], r1, started skill, None, close-drawer, None
204.55, [INFO], r1, sent message, None, None, None
204.55, [INFO], r1, skill-success, None, close-drawer, None
204.55, [INFO], r1, started skill, None, navto, None
210.04, [INFO], r1, {'battery-level': '89.60'}, battery_charge, None, None
210.04, [INFO], r1, {'y': 16.881, 'x': -21.033, 'yaw': -3.141}, pose, None, None
220.06, [INFO], r1, {'y': 16.199, 'x': -22.87, 'yaw': 3.141}, pose, None, None
220.06, [INFO], r1, {'battery-level': '89.10'}, battery_charge, None, None
230.07, [INFO], r1, {'y': 16.137, 'x': -24.977, 'yaw': 3.14}, pose, None, None
230.07, [INFO], r1, {'battery-level': '88.60'}, battery_charge, None, None
240.08, [INFO], r1, {'y': 15.907, 'x': -27.093, 'yaw': 3.141}, pose, None, None
240.08, [INFO], r1, {'battery-level': '88.10'}, battery_charge, None, None
250.09, [INFO], r1, {'y': 15.915, 'x': -29.191, 'yaw': -3.142}, pose, None, None
250.09, [INFO], r1, {'battery-level': '87.60'}, battery_charge, None, None
260.08, [INFO], r1, {'battery-level': '87.10'}, battery_charge, None, None
260.08, [INFO], r1, {'y': 15.808, 'x': -31.301, 'yaw': 3.14}, pose, None, None
270.00, [INFO], r1, {'battery-level': '86.60'}, battery_charge, None, None
270.00, [INFO], r1, {'y': 15.632, 'x': -33.392, 'yaw': 3.141}, pose, None, None
280.07, [INFO], r1, {'y': 15.859, 'x': -35.389, 'yaw': 3.142}, pose, None, None
280.07, [INFO], r1, {'battery-level': '86.10'}, battery_charge, None, None
290.06, [INFO], r1, {'y': 17.787, 'x': -36.046, 'yaw': 3.141}, pose, None, None
290.06, [INFO], r1, {'battery-level': '85.60'}, battery_charge, None, None
300.06, [INFO], r1, {'y': 19.892, 'x': -36.194, 'yaw': 3.142}, pose, None, None
300.06, [INFO], r1, {'battery-level': '85.10'}, battery_charge, None, None
310.00, [INFO], r1, {'battery-level': '84.60'}, battery_charge, None, None
310.00, [INFO], r1, {'y': 22.0, 'x': -36.306, 'yaw': 3.141}, pose, None, None
320.02, [INFO], r1, {'battery-level': '84.10'}, battery_charge, None, None
320.02, [INFO], r1, {'y': 24.119, 'x': -36.317, 'yaw': 3.141}, pose, None, None
330.02, [INFO], r1, {'battery-level': '83.60'}, battery_charge, None, None
330.02, [INFO], r1, {'y': 26.246, 'x': -36.359, 'yaw': 3.14}, pose, None, None
340.09, [INFO], r1, {'battery-level': '83.10'}, battery_charge, None, None
340.09, [INFO], r1, {'y': 28.378, 'x': -36.362, 'yaw': 3.141}, pose, None, None
350.02, [INFO], r1, {'y': 30.471, 'x': -36.423, 'yaw': 3.141}, pose, None, None
350.02, [INFO], r1, {'battery-level': '82.60'}, battery_charge, None, None
360.05, [INFO], r1, {'battery-level': '82.10'}, battery_charge, None, None
360.05, [INFO], r1, {'y': 32.589, 'x': -36.613, 'yaw': 3.142}, pose, None, None
370.08, [INFO], r1, {'y': 34.707, 'x': -36.867, 'yaw': 3.141}, pose, None, None
370.08, [INFO], r1, {'battery-level': '81.60'}, battery_charge, None, None
380.02, [INFO], r1, {'battery-level': '81.10'}, battery_charge, None, None
380.02, [INFO], r1, {'y': 36.185, 'x': -36.953, 'yaw': 3.141}, pose, None, None
384.37, [INFO], r1, skill-success, None, navto, None
384.37, [INFO], r1, started skill, None, approach-arm, None
384.37, [INFO], r1, sent message, None, None, None
384.37, [INFO], r1, skill-success, None, approach-arm, None
384.37, [INFO], r1, started skill, None, open-drawer, None
384.37, [INFO], r1, sent message, None, None, None
384.37, [INFO], r1, skill-success, None, open-drawer, None
384.37, [INFO], r1, started skill, None, pick-up-sample, None
384.37, [INFO], r1, sent message, None, None, None
384.37, [INFO], r1, skill-success, None, pick-up-sample, None
384.37, [INFO], r1, started skill, None, close-drawer, None
384.37, [INFO], r1, sent message, None, None, None
384.37, [INFO], r1, skill-success, None, close-drawer, None
384.37, [WARN], r1, SUCCESS, None, None, None
390.00, [INFO], r1, {'y': 36.181, 'x': -36.956, 'yaw': -3.142}, pose, None, None
390.00, [INFO], r1, {'battery-level': '80.60'}, battery_charge, None, None
