9.66, [INFO], r1, started skill, None, navto, None
10.05, [INFO], r1, {'battery-level': '99.55'}, battery_charge, None, None
10.05, [INFO], r1, {'y': 33.95, 'x': -39.428, 'yaw': 3.141}, pose, None, None
20.00, [INFO], r1, {'y': 34.491, 'x': -37.449, 'yaw': 3.142}, pose, None, None
20.00, [INFO], r1, {'battery-level': '99.05'}, battery_charge, None, None
30.07, [INFO], r1, {'battery-level': '98.55'}, battery_charge, None, None
30.07, [INFO], r1, {'y': 32.487, 'x': -37.01, 'yaw': 3.14}, pose, None, None
40.05, [INFO], r1, {'battery-level': '98.05'}, battery_charge, None, None
40.05, [INFO], r1, {'y': 30.363, 'x': -37.044, 'yaw': 3.141}, pose, None, None
50.02, [INFO], r1, {'y': 28.264, 'x': -37.048, 'yaw': 3.14}, pose, None, None
50.02, [INFO], r1, {'battery-level': '97.55'}, battery_charge, None, None
60.06, [INFO], r1, {'y': 26.136, 'x': -36.992, 'yaw': -3.141}, pose, None, None
60.06, [INFO], r1, {'battery-level': '97.05'}, battery_charge, None, None
70.09, [INFO], r1, {'battery-level': '96.55'}, battery_charge, None, None
70.09, [INFO], r1, {'y': 24.022, 'x': -37.025, 'yaw': 3.142}, pose, None, None
80.04, [INFO], r1, {'y': 21.918, 'x': -37.096, 'yaw': 3.142}, pose, None, None
80.04, [INFO], r1, {'battery-level': '96.05'}, battery_charge, None, None
90.09, [INFO], r1, {'y': 19.793, 'x': -37.061, 'yaw': -3.136}, pose, None, None
90.09, [INFO], r1, {'battery-level': '95.55'}, battery_charge, None, None
100.03, [INFO], r1, {'y': 17.701, 'x': -37.029, 'yaw': 3.141}, pose, None, None
100.03, [INFO], r1, {'battery-level': '95.05'}, battery_charge, None, None
110.06, [INFO], r1, {'y': 15.934, 'x': -36.447, 'yaw': 3.14}, pose, None, None
110.06, [INFO], r1, {'battery-level': '94.55'}, battery_charge, None, None
120.04, [INFO], r1, {'y': 15.383, 'x': -34.393, 'yaw': -3.142}, pose, None, None
120.04, [INFO], r1, {'battery-level': '94.05'}, battery_charge, None, None
130.09, [INFO], r1, {'battery-level': '93.55'}, battery_charge, None, None
130.09, [INFO], r1, {'y': 15.49, 'x': -32.252, 'yaw': -3.142}, pose, None, None
140.02, [INFO], r1, {'y': 15.572, 'x': -30.156, 'yaw': 3.14}, pose, None, None
140.02, [INFO], r1, {'battery-level': '93.05'}, battery_charge, None, None
150.08, [INFO], r1, {'y': 15.797, 'x': -28.035, 'yaw': 3.142}, pose, None, None
150.08, [INFO], r1, {'battery-level': '92.55'}, battery_charge, None, None
160.10, [INFO], r1, {'y': 16.011, 'x': -25.911, 'yaw': 3.141}, pose, None, None
160.10, [INFO], r1, {'battery-level': '92.05'}, battery_charge, None, None
170.03, [INFO], r1, {'y': 15.988, 'x': -23.827, 'yaw': 3.141}, pose, None, None
170.03, [INFO], r1, {'battery-level': '91.55'}, battery_charge, None, None
180.06, [INFO], r1, {'y': 16.261, 'x': -21.711, 'yaw': -3.142}, pose, None, None
180.06, [INFO], r1, {'battery-level': '91.05'}, battery_charge, None, None
190.00, [INFO], r1, {'battery-level': '90.55'}, battery_charge, None, None
190.00, [INFO], r1, {'y': 17.786, 'x': -20.961, 'yaw': -3.142}, pose, None, None
200.04, [INFO], r1, {'y': 17.977, 'x': -21.064, 'yaw': 3.141}, pose, None, None
200.04, [INFO], r1, {'battery-level': '90.05'}, battery_charge, None, None
202.89, [INFO], r1, skill-success, None, navto, None
202.89, [INFO], r1, started skill, None, approach-nurse, None
202.89, [INFO], r1, sent message, None, None, None
202.89, [INFO], r1, started skill, None, open-drawer, None
202.89, [INFO], r1, sent message, None, None, None
202.89, [INFO], r1, skill-success, None, open-drawer, None
202.89, [INFO], r1, started skill, None, deposit, None
202.89, [INFO], r1, sent message, None, None, None
202.89, [INFO], r1, skill-success, None, deposit, None
202.89, [INFO], r1, started skill, None, close-drawer, None
202.89, [INFO], r1, sent message, None, None, None
202.89, [INFO], r1, skill-success, None, close-drawer, None
202.89, [INFO], r1, started skill, None, navto, None
210.06, [INFO], r1, {'y': 16.543, 'x': -21.246, 'yaw': 3.141}, pose, None, None
210.06, [INFO], r1, {'battery-level': '89.55'}, battery_charge, None, None
220.03, [INFO], r1, {'y': 16.155, 'x': -23.296, 'yaw': 3.14}, pose, None, None
220.03, [INFO], r1, {'battery-level': '89.05'}, battery_charge, None, None
230.06, [INFO], r1, {'y': 16.144, 'x': -25.421, 'yaw': 3.14}, pose, None, None
230.06, [INFO], r1, {'battery-level': '88.55'}, battery_charge, None, None
240.10, [INFO], r1, {'battery-level': '88.05'}, battery_charge, None, None
240.10, [INFO], r1, {'y': 15.999, 'x': -27.545, 'yaw': 3.142}, pose, None, None
250.06, [INFO], r1, {'y': 16.081, 'x': -29.653, 'yaw': -3.142}, pose, None, None
250.06, [INFO], r1, {'battery-level': '87.55'}, battery_charge, None, None
260.02, [INFO], r1, {'y': 15.976, 'x': -31.757, 'yaw': 3.141}, pose, None, None
260.02, [INFO], r1, {'battery-level': '87.05'}, battery_charge, None, None
270.02, [INFO], r1, {'battery-level': '86.55'}, battery_charge, None, None
270.02, [INFO], r1, {'y': 15.506, 'x': -33.836, 'yaw': 3.141}, pose, None, None
280.02, [INFO], r1, {'y': 16.175, 'x': -35.677, 'yaw': 3.142}, pose, None, None
280.02, [INFO], r1, {'battery-level': '86.05'}, battery_charge, None, None
290.08, [INFO], r1, {'battery-level': '85.55'}, battery_charge, None, None
290.08, [INFO], r1, {'y': 18.196, 'x': -36.132, 'yaw': 3.141}, pose, None, None
300.02, [INFO], r1, {'battery-level': '85.05'}, battery_charge, None, None
300.02, [INFO], r1, {'y': 20.307, 'x': -36.212, 'yaw': 3.139}, pose, None, None
310.03, [INFO], r1, {'y': 22.422, 'x': -36.32, 'yaw': -3.142}, pose, None, None
310.03, [INFO], r1, {'battery-level': '84.55'}, battery_charge, None, None
320.06, [INFO], r1, {'battery-level': '84.05'}, battery_charge, None, None
320.06, [INFO], r1, {'y': 24.533, 'x': -36.294, 'yaw': -3.142}, pose, None, None
330.01, [INFO], r1, {'y': 26.634, 'x': -36.312, 'yaw': -3.142}, pose, None, None
330.01, [INFO], r1, {'battery-level': '83.55'}, battery_charge, None, None
340.03, [INFO], r1, {'y': 28.758, 'x': -36.384, 'yaw': -3.141}, pose, None, None
340.03, [INFO], r1, {'battery-level': '83.05'}, battery_charge, None, None
350.09, [INFO], r1, {'y': 30.887, 'x': -36.467, 'yaw': 3.142}, pose, None, None
350.09, [INFO], r1, {'battery-level': '82.55'}, battery_charge, None, None
360.06, [INFO], r1, {'y': 32.999, 'x': -36.711, 'yaw': 3.141}, pose, None, None
360.06, [INFO], r1, {'battery-level': '82.05'}, battery_charge, None, None
370.02, [INFO], r1, {'battery-level': '81.55'}, battery_charge, None, None
370.02, [INFO], r1, {'y': 35.102, 'x': -36.903, 'yaw': 3.142}, pose, None, None
380.09, [INFO], r1, {'y': 36.019, 'x': -36.969, 'yaw': -3.142}, pose, None, None
380.09, [INFO], r1, {'battery-level': '81.05'}, battery_charge, None, None
381.87, [INFO], r1, skill-success, None, navto, None
381.87, [INFO], r1, started skill, None, approach-arm, None
381.87, [INFO], r1, sent message, None, None, None
381.87, [INFO], r1, skill-success, None, approach-arm, None
381.87, [INFO], r1, started skill, None, open-drawer, None
381.87, [INFO], r1, sent message, None, None, None
381.87, [INFO], r1, skill-success, None, open-drawer, None
381.97, [INFO], r1, started skill, None, pick-up-sample, None
381.97, [INFO], r1, sent message, None, None, None
381.97, [INFO], r1, skill-success, None, pick-up-sample, None
381.97, [INFO], r1, started skill, None, close-drawer, None
381.97, [INFO], r1, sent message, None, None, None
381.97, [INFO], r1, skill-success, None, close-drawer, None
381.97, [WARN], r1, SUCCESS, None, None, None
390.09, [INFO], r1, {'battery-level': '80.55'}, battery_charge, None, None
390.09, [INFO], r1, {'y': 36.018, 'x': -36.972, 'yaw': 3.142}, pose, None, None
