9.66, [INFO], r1, started skill, None, navto, None
10.05, [INFO], r1, {'y': 33.95, 'x': -39.433, 'yaw': 3.142}, pose, None, None
10.05, [INFO], r1, {'battery-level': '99.60'}, battery_charge, None, None
20.07, [INFO], r1, {'y': 34.505, 'x': -37.451, 'yaw': -3.142}, pose, None, None
20.07, [INFO], r1, {'battery-level': '99.10'}, battery_charge, None, None
30.01, [INFO], r1, {'battery-level': '98.60'}, battery_charge, None, None
30.01, [INFO], r1, {'y': 32.506, 'x': -36.997, 'yaw': 3.141}, pose, None, None
40.08, [INFO], r1, {'battery-level': '98.10'}, battery_charge, None, None
40.08, [INFO], r1, {'y': 30.37, 'x': -37.0, 'yaw': 3.14}, pose, None, None
50.03, [INFO], r1, {'battery-level': '97.60'}, battery_charge, None, None
50.03, [INFO], r1, {'y': 28.257, 'x': -36.994, 'yaw': 3.141}, pose, None, None
60.04, [INFO], r1, {'y': 26.127, 'x': -37.0, 'yaw': -3.137}, pose, None, None
60.04, [INFO], r1, {'battery-level': '97.10'}, battery_charge, None, None
70.08, [INFO], r1, {'y': 23.988, 'x': -37.031, 'yaw': 3.141}, pose, None, None
70.08, [INFO], r1, {'battery-level': '96.60'}, battery_charge, None, None
80.06, [INFO], r1, {'y': 21.88, 'x': -37.143, 'yaw': 3.142}, pose, None, None
80.06, [INFO], r1, {'battery-level': '96.10'}, battery_charge, None, None
90.03, [INFO], r1, {'battery-level': '95.60'}, battery_charge, None, None
90.03, [INFO], r1, {'y': 19.757, 'x': -37.122, 'yaw': 3.141}, pose, None, None
100.06, [INFO], r1, {'y': 17.628, 'x': -37.044, 'yaw': 3.14}, pose, None, None
100.06, [INFO], r1, {'battery-level': '95.10'}, battery_charge, None, None
110.02, [INFO], r1, {'y': 15.993, 'x': -36.303, 'yaw': -3.142}, pose, None, None
110.02, [INFO], r1, {'battery-level': '94.60'}, battery_charge, None, None
120.09, [INFO], r1, {'y': 15.428, 'x': -34.232, 'yaw': 3.142}, pose, None, None
120.09, [INFO], r1, {'battery-level': '94.10'}, battery_charge, None, None
130.01, [INFO], r1, {'y': 15.575, 'x': -32.131, 'yaw': -3.141}, pose, None, None
130.01, [INFO], r1, {'battery-level': '93.60'}, battery_charge, None, None
140.00, [INFO], r1, {'y': 15.617, 'x': -30.022, 'yaw': 3.141}, pose, None, None
140.00, [INFO], r1, {'battery-level': '93.10'}, battery_charge, None, None
150.02, [INFO], r1, {'y': 15.87, 'x': -27.912, 'yaw': 3.14}, pose, None, None
150.02, [INFO], r1, {'battery-level': '92.60'}, battery_charge, None, None
160.04, [INFO], r1, {'battery-level': '92.10'}, battery_charge, None, None
160.04, [INFO], r1, {'y': 16.029, 'x': -25.771, 'yaw': 3.142}, pose, None, None
170.08, [INFO], r1, {'y': 16.056, 'x': -23.636, 'yaw': -3.141}, pose, None, None
170.08, [INFO], r1, {'battery-level': '91.60'}, battery_charge, None, None
180.08, [INFO], r1, {'y': 16.257, 'x': -21.526, 'yaw': 3.142}, pose, None, None
180.08, [INFO], r1, {'battery-level': '91.10'}, battery_charge, None, None
190.07, [INFO], r1, {'y': 17.833, 'x': -20.988, 'yaw': -3.142}, pose, None, None
190.07, [INFO], r1, {'battery-level': '90.60'}, battery_charge, None, None
200.09, [INFO], r1, {'y': 18.001, 'x': -21.087, 'yaw': -3.142}, pose, None, None
200.09, [INFO], r1, {'battery-level': '90.10'}, battery_charge, None, None
202.87, [INFO], r1, skill-success, None, navto, None
202.87, [INFO], r1, started skill, None, approach-nurse, None
202.87, [INFO], r1, sent message, None, None, None
202.87, [INFO], r1, skill-success, None, approach-nurse, None
202.87, [INFO], r1, started skill, None, open-drawer, None
202.87, [INFO], r1, sent message, None, None, None
202.87, [INFO], r1, skill-success, None, open-drawer, None
202.87, [INFO], r1, started skill, None, deposit, None
202.87, [INFO], r1, sent message, None, None, None
202.87, [INFO], r1, skill-success, None, deposit, None
202.87, [INFO], r1, started skill, None, close-drawer, None
202.87, [INFO], r1, sent message, None, None, None
202.87, [INFO], r1, skill-success, None, close-drawer, None
202.87, [INFO], r1, started skill, None, navto, None
210.01, [INFO], r1, {'y': 16.574, 'x': -21.222, 'yaw': 3.139}, pose, None, None
210.01, [INFO], r1, {'battery-level': '89.60'}, battery_charge, None, None
220.01, [INFO], r1, {'battery-level': '89.10'}, battery_charge, None, None
220.01, [INFO], r1, {'y': 16.198, 'x': -23.258, 'yaw': 3.142}, pose, None, None
230.04, [INFO], r1, {'battery-level': '88.60'}, battery_charge, None, None
230.04, [INFO], r1, {'y': 16.131, 'x': -25.37, 'yaw': 3.14}, pose, None, None
240.02, [INFO], r1, {'y': 15.885, 'x': -27.477, 'yaw': -3.142}, pose, None, None
240.02, [INFO], r1, {'battery-level': '88.10'}, battery_charge, None, None
250.00, [INFO], r1, {'y': 15.95, 'x': -29.593, 'yaw': -3.142}, pose, None, None
250.00, [INFO], r1, {'battery-level': '87.60'}, battery_charge, None, None
260.07, [INFO], r1, {'battery-level': '87.10'}, battery_charge, None, None
260.07, [INFO], r1, {'y': 15.798, 'x': -31.721, 'yaw': 3.14}, pose, None, None
270.07, [INFO], r1, {'battery-level': '86.60'}, battery_charge, None, None
270.07, [INFO], r1, {'y': 15.546, 'x': -33.833, 'yaw': -3.142}, pose, None, None
280.05, [INFO], r1, {'y': 16.199, 'x': -35.686, 'yaw': 3.14}, pose, None, None
280.05, [INFO], r1, {'battery-level': '86.10'}, battery_charge, None, None
290.07, [INFO], r1, {'y': 18.227, 'x': -36.1, 'yaw': 3.14}, pose, None, None
290.07, [INFO], r1, {'battery-level': '85.60'}, battery_charge, None, None
300.01, [INFO], r1, {'battery-level': '85.10'}, battery_charge, None, None
300.01, [INFO], r1, {'y': 20.316, 'x': -36.25, 'yaw': 3.14}, pose, None, None
310.04, [INFO], r1, {'y': 22.445, 'x': -36.349, 'yaw': 3.141}, pose, None, None
310.04, [INFO], r1, {'battery-level': '84.60'}, battery_charge, None, None
320.08, [INFO], r1, {'battery-level': '84.10'}, battery_charge, None, None
320.08, [INFO], r1, {'y': 24.559, 'x': -36.327, 'yaw': 3.141}, pose, None, None
330.07, [INFO], r1, {'y': 26.657, 'x': -36.3, 'yaw': 3.141}, pose, None, None
330.07, [INFO], r1, {'battery-level': '83.60'}, battery_charge, None, None
340.00, [INFO], r1, {'battery-level': '83.10'}, battery_charge, None, None
340.00, [INFO], r1, {'y': 28.772, 'x': -36.353, 'yaw': 3.141}, pose, None, None
350.06, [INFO], r1, {'battery-level': '82.60'}, battery_charge, None, None
350.06, [INFO], r1, {'y': 30.906, 'x': -36.451, 'yaw': 3.142}, pose, None, None
360.07, [INFO], r1, {'battery-level': '82.10'}, battery_charge, None, None
360.07, [INFO], r1, {'y': 33.016, 'x': -36.704, 'yaw': -3.142}, pose, None, None
370.02, [INFO], r1, {'y': 35.122, 'x': -36.891, 'yaw': -3.142}, pose, None, None
370.02, [INFO], r1, {'battery-level': '81.60'}, battery_charge, None, None
380.06, [INFO], r1, {'y': 36.09, 'x': -36.955, 'yaw': -3.142}, pose, None, None
380.06, [INFO], r1, {'battery-level': '81.10'}, battery_charge, None, None
382.67, [INFO], r1, skill-success, None, navto, None
382.67, [INFO], r1, started skill, None, approach-arm, None
382.67, [INFO], r1, sent message, None, None, None
382.67, [INFO], r1, skill-success, None, approach-arm, None
382.67, [INFO], r1, started skill, None, open-drawer, None
382.67, [INFO], r1, sent message, None, None, None
382.67, [INFO], r1, skill-success, None, open-drawer, None
382.67, [INFO], r1, started skill, None, pick-up-sample, None
382.67, [WARN], r1, SKILL-FAILURE, None, pick-up-sample, None
390.04, [INFO], r1, {'y': 36.089, 'x': -36.958, 'yaw': -3.142}, pose, None, None
390.04, [INFO], r1, {'battery-level': '80.60'}, battery_charge, None, None
