0.19, [DEBUG], logger, ROBOTS_CONFIG={'capabilities': ['approach_person', 'approach_robot', 'authenticate_person', 'navigation', 'operate_drawer'], 'battery_charge': 1, 'nurse_pose': [-19.0, 18.0, -1.57], 'robot_pose': [-39.44, 33.95, 0.0]}, None, None, None
0.19, [DEBUG], logger, Simulation open, None, None, None
10.04, [INFO], r1, {'battery-level': '99.55'}, battery_charge, None, None
10.04, [INFO], r1, {'y': 33.95, 'x': -39.44, 'yaw': 3.142}, pose, None, None
10.43, [INFO], r1, started skill, None, navto, None
20.03, [INFO], r1, {'y': 34.593, 'x': -37.605, 'yaw': 3.142}, pose, None, None
20.03, [INFO], r1, {'battery-level': '99.05'}, battery_charge, None, None
30.07, [INFO], r1, {'y': 32.716, 'x': -36.993, 'yaw': 3.14}, pose, None, None
30.07, [INFO], r1, {'battery-level': '98.55'}, battery_charge, None, None
40.08, [INFO], r1, {'battery-level': '98.05'}, battery_charge, None, None
40.08, [INFO], r1, {'y': 30.595, 'x': -37.012, 'yaw': 3.141}, pose, None, None
50.08, [INFO], r1, {'battery-level': '97.55'}, battery_charge, None, None
50.08, [INFO], r1, {'y': 28.48, 'x': -36.956, 'yaw': 3.14}, pose, None, None
60.09, [INFO], r1, {'y': 26.378, 'x': -37.036, 'yaw': -3.142}, pose, None, None
60.09, [INFO], r1, {'battery-level': '97.05'}, battery_charge, None, None
70.00, [INFO], r1, {'battery-level': '96.55'}, battery_charge, None, None
70.00, [INFO], r1, {'y': 24.274, 'x': -37.037, 'yaw': 3.141}, pose, None, None
80.00, [INFO], r1, {'y': 22.172, 'x': -37.11, 'yaw': 3.141}, pose, None, None
80.00, [INFO], r1, {'battery-level': '96.05'}, battery_charge, None, None
90.03, [INFO], r1, {'battery-level': '95.55'}, battery_charge, None, None
90.03, [INFO], r1, {'y': 20.064, 'x': -37.107, 'yaw': -3.141}, pose, None, None
100.04, [INFO], r1, {'battery-level': '95.05'}, battery_charge, None, None
100.04, [INFO], r1, {'y': 17.958, 'x': -37.074, 'yaw': 3.141}, pose, None, None
110.04, [INFO], r1, {'y': 15.958, 'x': -36.773, 'yaw': 3.141}, pose, None, None
110.04, [INFO], r1, {'battery-level': '94.55'}, battery_charge, None, None
120.05, [INFO], r1, {'battery-level': '94.05'}, battery_charge, None, None
120.05, [INFO], r1, {'y': 15.357, 'x': -34.712, 'yaw': 3.141}, pose, None, None
130.04, [INFO], r1, {'y': 15.471, 'x': -32.598, 'yaw': 3.141}, pose, None, None
130.04, [INFO], r1, {'battery-level': '93.55'}, battery_charge, None, None
140.03, [INFO], r1, {'y': 15.53, 'x': -30.483, 'yaw': -3.141}, pose, None, None
140.03, [INFO], r1, {'battery-level': '93.05'}, battery_charge, None, None
150.04, [INFO], r1, {'battery-level': '92.55'}, battery_charge, None, None
150.04, [INFO], r1, {'y': 15.826, 'x': -28.375, 'yaw': -3.142}, pose, None, None
160.03, [INFO], r1, {'y': 16.014, 'x': -26.252, 'yaw': -3.141}, pose, None, None
160.03, [INFO], r1, {'battery-level': '92.05'}, battery_charge, None, None
170.10, [INFO], r1, {'y': 16.011, 'x': -24.123, 'yaw': -3.141}, pose, None, None
170.10, [INFO], r1, {'battery-level': '91.55'}, battery_charge, None, None
180.01, [INFO], r1, {'y': 16.021, 'x': -22.034, 'yaw': 3.142}, pose, None, None
180.01, [INFO], r1, {'battery-level': '91.05'}, battery_charge, None, None
190.02, [INFO], r1, {'battery-level': '90.55'}, battery_charge, None, None
190.02, [INFO], r1, {'y': 16.352, 'x': -19.925, 'yaw': 3.141}, pose, None, None
200.01, [INFO], r1, {'y': 17.88, 'x': -19.001, 'yaw': 3.142}, pose, None, None
200.01, [INFO], r1, {'battery-level': '90.05'}, battery_charge, None, None
210.10, [INFO], r1, {'y': 18.04, 'x': -18.964, 'yaw': 3.142}, pose, None, None
210.10, [INFO], r1, {'battery-level': '89.55'}, battery_charge, None, None
214.56, [INFO], r1, skill-success, None, navto, None
214.56, [INFO], r1, started skill, None, approach-nurse, None
214.56, [INFO], r1, sent message, None, None, None
214.56, [INFO], r1, skill-success, None, approach-nurse, None
214.56, [INFO], r1, started skill, None, authenticate-nurse, None
214.56, [INFO], r1, started skill, None, open-drawer, None
214.56, [INFO], r1, sent message, None, None, None
214.56, [INFO], r1, skill-success, None, open-drawer, None
214.56, [INFO], r1, started skill, None, deposit, None
214.56, [INFO], r1, sent message, None, None, None
214.56, [INFO], r1, skill-success, None, deposit, None
214.56, [INFO], r1, started skill, None, close-drawer, None
214.56, [INFO], r1, sent message, None, None, None
214.56, [INFO], r1, skill-success, None, close-drawer, None
214.56, [INFO], r1, started skill, None, navto, None
220.09, [INFO], r1, {'battery-level': '89.05'}, battery_charge, None, None
220.09, [INFO], r1, {'y': 17.058, 'x': -19.482, 'yaw': 3.141}, pose, None, None
230.08, [INFO], r1, {'y': 16.352, 'x': -21.229, 'yaw': 3.141}, pose, None, None
230.08, [INFO], r1, {'battery-level': '88.55'}, battery_charge, None, None
240.05, [INFO], r1, {'battery-level': '88.05'}, battery_charge, None, None
240.05, [INFO], r1, {'y': 16.176, 'x': -23.343, 'yaw': -3.142}, pose, None, None
250.05, [INFO], r1, {'y': 16.128, 'x': -25.464, 'yaw': 3.14}, pose, None, None
250.05, [INFO], r1, {'battery-level': '87.55'}, battery_charge, None, None
260.06, [INFO], r1, {'y': 15.971, 'x': -27.588, 'yaw': 3.142}, pose, None, None
260.06, [INFO], r1, {'battery-level': '87.05'}, battery_charge, None, None
270.07, [INFO], r1, {'y': 16.049, 'x': -29.709, 'yaw': -3.142}, pose, None, None
270.07, [INFO], r1, {'battery-level': '86.55'}, battery_charge, None, None
280.02, [INFO], r1, {'battery-level': '86.05'}, battery_charge, None, None
280.02, [INFO], r1, {'y': 15.965, 'x': -31.831, 'yaw': -3.142}, pose, None, None
290.02, [INFO], r1, {'y': 15.536, 'x': -33.925, 'yaw': 3.142}, pose, None, None
290.02, [INFO], r1, {'battery-level': '85.55'}, battery_charge, None, None
300.08, [INFO], r1, {'y': 16.295, 'x': -35.778, 'yaw': 3.142}, pose, None, None
300.08, [INFO], r1, {'battery-level': '85.05'}, battery_charge, None, None
310.06, [INFO], r1, {'y': 18.345, 'x': -36.128, 'yaw': 3.141}, pose, None, None
310.06, [INFO], r1, {'battery-level': '84.55'}, battery_charge, None, None
320.07, [INFO], r1, {'y': 20.466, 'x': -36.231, 'yaw': -3.141}, pose, None, None
320.07, [INFO], r1, {'battery-level': '84.05'}, battery_charge, None, None
330.04, [INFO], r1, {'y': 22.579, 'x': -36.331, 'yaw': -3.141}, pose, None, None
330.04, [INFO], r1, {'battery-level': '83.55'}, battery_charge, None, None
340.03, [INFO], r1, {'y': 24.694, 'x': -36.32, 'yaw': -3.142}, pose, None, None
340.03, [INFO], r1, {'battery-level': '83.05'}, battery_charge, None, None
350.02, [INFO], r1, {'y': 26.817, 'x': -36.374, 'yaw': -3.141}, pose, None, None
350.02, [INFO], r1, {'battery-level': '82.55'}, battery_charge, None, None
360.00, [INFO], r1, {'y': 28.93, 'x': -36.412, 'yaw': -3.142}, pose, None, None
360.00, [INFO], r1, {'battery-level': '82.05'}, battery_charge, None, None
370.01, [INFO], r1, {'y': 31.048, 'x': -36.498, 'yaw': 3.142}, pose, None, None
370.01, [INFO], r1, {'battery-level': '81.55'}, battery_charge, None, None
380.03, [INFO], r1, {'y': 33.176, 'x': -36.719, 'yaw': -3.142}, pose, None, None
380.03, [INFO], r1, {'battery-level': '81.05'}, battery_charge, None, None
390.05, [INFO], r1, {'y': 35.299, 'x': -36.916, 'yaw': 3.142}, pose, None, None
390.05, [INFO], r1, {'battery-level': '80.55'}, battery_charge, None, None
400.07, [INFO], r1, {'battery-level': '80.05'}, battery_charge, None, None
400.07, [INFO], r1, {'y': 36.034, 'x': -36.949, 'yaw': 3.139}, pose, None, None
402.26, [INFO], r1, skill-success, None, navto, None
402.26, [INFO], r1, started skill, None, approach-arm, None
402.26, [INFO], r1, sent message, None, None, None
402.26, [INFO], r1, started skill, None, open-drawer, None
402.26, [INFO], r1, sent message, None, None, None
402.26, [INFO], r1, skill-success, None, open-drawer, None
402.26, [INFO], r1, started skill, None, pick-up-sample, None
402.26, [INFO], r1, sent message, None, None, None
402.26, [INFO], r1, skill-success, None, pick-up-sample, None
402.26, [INFO], r1, started skill, None, close-drawer, None
402.26, [INFO], r1, sent message, None, None, None
402.26, [INFO], r1, skill-success, None, close-drawer, None
402.26, [WARN], r1, SUCCESS, None, None, None
410.06, [INFO], r1, {'y': 36.036, 'x': -36.944, 'yaw': -3.142}, pose, None, None
410.06, [INFO], r1, {'battery-level': '79.55'}, battery_charge, None, None
