9.75, [INFO], r1, started skill, None, navto, None
10.03, [INFO], r1, {'battery-level': '99.55'}, battery_charge, None, None
10.03, [INFO], r1, {'y': 33.95, 'x': -39.436, 'yaw': 3.142}, pose, None, None
20.09, [INFO], r1, {'y': 34.494, 'x': -37.443, 'yaw': -3.142}, pose, None, None
20.09, [INFO], r1, {'battery-level': '99.05'}, battery_charge, None, None
30.09, [INFO], r1, {'y': 32.5, 'x': -36.998, 'yaw': 3.14}, pose, None, None
30.09, [INFO], r1, {'battery-level': '98.55'}, battery_charge, None, None
40.02, [INFO], r1, {'y': 30.404, 'x': -37.012, 'yaw': 3.14}, pose, None, None
40.02, [INFO], r1, {'battery-level': '98.05'}, battery_charge, None, None
50.03, [INFO], r1, {'y': 28.276, 'x': -37.033, 'yaw': 3.141}, pose, None, None
50.03, [INFO], r1, {'battery-level': '97.55'}, battery_charge, None, None
60.04, [INFO], r1, {'y': 26.159, 'x': -37.045, 'yaw': 3.141}, pose, None, None
60.04, [INFO], r1, {'battery-level': '97.05'}, battery_charge, None, None
70.05, [INFO], r1, {'y': 24.06, 'x': -36.991, 'yaw': 3.141}, pose, None, None
70.05, [INFO], r1, {'battery-level': '96.55'}, battery_charge, None, None
80.06, [INFO], r1, {'y': 21.944, 'x': -37.124, 'yaw': 3.142}, pose, None, None
80.06, [INFO], r1, {'battery-level': '96.05'}, battery_charge, None, None
90.00, [INFO], r1, {'y': 19.841, 'x': -37.096, 'yaw': -3.138}, pose, None, None
90.00, [INFO], r1, {'battery-level': '95.55'}, battery_charge, None, None
100.09, [INFO], r1, {'y': 17.714, 'x': -37.005, 'yaw': 3.14}, pose, None, None
100.09, [INFO], r1, {'battery-level': '95.05'}, battery_charge, None, None
110.08, [INFO], r1, {'y': 15.768, 'x': -36.58, 'yaw': 3.142}, pose, None, None
110.08, [INFO], r1, {'battery-level': '94.55'}, battery_charge, None, None
120.10, [INFO], r1, {'y': 15.384, 'x': -34.479, 'yaw': -3.141}, pose, None, None
120.10, [INFO], r1, {'battery-level': '94.05'}, battery_charge, None, None
130.05, [INFO], r1, {'y': 15.539, 'x': -32.372, 'yaw': 3.142}, pose, None, None
130.05, [INFO], r1, {'battery-level': '93.55'}, battery_charge, None, None
140.00, [INFO], r1, {'y': 15.612, 'x': -30.271, 'yaw': 3.142}, pose, None, None
140.00, [INFO], r1, {'battery-level': '93.05'}, battery_charge, None, None
150.04, [INFO], r1, {'battery-level': '92.55'}, battery_charge, None, None
150.04, [INFO], r1, {'y': 15.811, 'x': -28.145, 'yaw': -3.142}, pose, None, None
160.04, [INFO], r1, {'y': 16.197, 'x': -26.042, 'yaw': -3.141}, pose, None, None
160.04, [INFO], r1, {'battery-level': '92.05'}, battery_charge, None, None
170.04, [INFO], r1, {'y': 16.151, 'x': -23.918, 'yaw': -3.141}, pose, None, None
170.04, [INFO], r1, {'battery-level': '91.55'}, battery_charge, None, None
180.03, [INFO], r1, {'y': 16.155, 'x': -21.803, 'yaw': 3.142}, pose, None, None
180.03, [INFO], r1, {'battery-level': '91.05'}, battery_charge, None, None
190.02, [INFO], r1, {'battery-level': '90.55'}, battery_charge, None, None
190.02, [INFO], r1, {'y': 16.518, 'x': -19.718, 'yaw': 3.141}, pose, None, None
200.02, [INFO], r1, {'y': 17.885, 'x': -18.992, 'yaw': 3.141}, pose, None, None
200.02, [INFO], r1, {'battery-level': '90.05'}, battery_charge, None, None
203.56, [INFO], r1, skill-success, None, navto, None
203.56, [INFO], r1, started skill, None, approach-nurse, None
203.66, [INFO], r1, sent message, None, None, None
203.66, [INFO], r1, skill-success, None, approach-nurse, None
203.66, [INFO], r1, started skill, None, authenticate-nurse, None
203.66, [INFO], r1, sent message, None, None, None
203.66, [INFO], r1, skill-success, None, authenticate-nurse, None
203.66, [INFO], r1, started skill, None, open-drawer, None
203.66, [INFO], r1, sent message, None, None, None
203.66, [INFO], r1, skill-success, None, open-drawer, None
203.66, [INFO], r1, started skill, None, deposit, None
203.66, [INFO], r1, sent message, None, None, None
203.66, [INFO], r1, skill-success, None, deposit, None
203.66, [INFO], r1, started skill, None, close-drawer, None
203.66, [INFO], r1, sent message, None, None, None
203.66, [INFO], r1, skill-success, None, close-drawer, None
203.66, [INFO], r1, started skill, None, navto, None
210.00, [INFO], r1, {'y': 16.714, 'x': -19.531, 'yaw': 3.141}, pose, None, None
210.00, [INFO], r1, {'battery-level': '89.55'}, battery_charge, None, None
220.02, [INFO], r1, {'y': 16.278, 'x': -21.519, 'yaw': 3.142}, pose, None, None
220.02, [INFO], r1, {'battery-level': '89.05'}, battery_charge, None, None
230.09, [INFO], r1, {'y': 16.14, 'x': -23.657, 'yaw': 3.141}, pose, None, None
230.09, [INFO], r1, {'battery-level': '88.55'}, battery_charge, None, None
240.02, [INFO], r1, {'y': 16.135, 'x': -25.765, 'yaw': 3.141}, pose, None, None
240.02, [INFO], r1, {'battery-level': '88.05'}, battery_charge, None, None
250.03, [INFO], r1, {'battery-level': '87.55'}, battery_charge, None, None
250.03, [INFO], r1, {'y': 15.924, 'x': -27.869, 'yaw': -3.141}, pose, None, None
260.06, [INFO], r1, {'battery-level': '87.05'}, battery_charge, None, None
260.06, [INFO], r1, {'y': 15.968, 'x': -29.993, 'yaw': 3.141}, pose, None, None
270.08, [INFO], r1, {'y': 15.795, 'x': -32.111, 'yaw': 3.14}, pose, None, None
270.08, [INFO], r1, {'battery-level': '86.55'}, battery_charge, None, None
280.00, [INFO], r1, {'battery-level': '86.05'}, battery_charge, None, None
280.00, [INFO], r1, {'y': 15.465, 'x': -34.221, 'yaw': 3.142}, pose, None, None
290.02, [INFO], r1, {'battery-level': '85.55'}, battery_charge, None, None
290.02, [INFO], r1, {'y': 16.556, 'x': -35.934, 'yaw': 3.142}, pose, None, None
300.01, [INFO], r1, {'y': 18.65, 'x': -36.106, 'yaw': 3.142}, pose, None, None
300.01, [INFO], r1, {'battery-level': '85.05'}, battery_charge, None, None
310.09, [INFO], r1, {'y': 20.791, 'x': -36.21, 'yaw': -3.142}, pose, None, None
310.09, [INFO], r1, {'battery-level': '84.55'}, battery_charge, None, None
320.02, [INFO], r1, {'battery-level': '84.05'}, battery_charge, None, None
320.02, [INFO], r1, {'y': 22.905, 'x': -36.346, 'yaw': 3.14}, pose, None, None
330.07, [INFO], r1, {'y': 25.044, 'x': -36.311, 'yaw': 3.14}, pose, None, None
330.07, [INFO], r1, {'battery-level': '83.55'}, battery_charge, None, None
340.00, [INFO], r1, {'y': 27.166, 'x': -36.296, 'yaw': 3.14}, pose, None, None
340.00, [INFO], r1, {'battery-level': '83.05'}, battery_charge, None, None
350.01, [INFO], r1, {'y': 29.294, 'x': -36.378, 'yaw': 3.142}, pose, None, None
350.01, [INFO], r1, {'battery-level': '82.55'}, battery_charge, None, None
360.05, [INFO], r1, {'y': 31.424, 'x': -36.467, 'yaw': 3.142}, pose, None, None
360.05, [INFO], r1, {'battery-level': '82.05'}, battery_charge, None, None
370.02, [INFO], r1, {'y': 33.532, 'x': -36.778, 'yaw': -3.142}, pose, None, None
370.02, [INFO], r1, {'battery-level': '81.55'}, battery_charge, None, None
380.01, [INFO], r1, {'y': 35.653, 'x': -36.837, 'yaw': -3.139}, pose, None, None
380.01, [INFO], r1, {'battery-level': '81.05'}, battery_charge, None, None
390.05, [INFO], r1, {'y': 36.074, 'x': -36.931, 'yaw': 3.141}, pose, None, None
390.05, [INFO], r1, {'battery-level': '80.55'}, battery_charge, None, None
398.52, [INFO], r1, skill-success, None, navto, None
398.52, [INFO], r1, started skill, None, approach-arm, None
398.52, [INFO], r1, sent message, None, None, None
398.52, [INFO], r1, skill-success, None, approach-arm, None
398.52, [INFO], r1, started skill, None, open-drawer, None
398.52, [INFO], r1, sent message, None, None, None
398.52, [INFO], r1, skill-success, None, open-drawer, None
398.52, [INFO], r1, started skill, None, pick-up-sample, None
398.52, [INFO], r1, sent message, None, None, None
398.52, [INFO], r1, skill-success, None, pick-up-sample, None
398.52, [INFO], r1, started skill, None, close-drawer, None
398.52, [INFO], r1, sent message, None, None, None
398.52, [INFO], r1, skill-success, None, close-drawer, None
398.52, [WARN], r1, SUCCESS, None, None, None
400.07, [INFO], r1, {'battery-level': '80.05'}, battery_charge, None, None
400.07, [INFO], r1, {'y': 36.094, 'x': -37.011, 'yaw': 3.142}, pose, None, None
410.01, [INFO], r1, {'y': 36.094, 'x': -37.011, 'yaw': 3.142}, pose, None, None
410.01, [INFO], r1, {'battery-level': '79.55'}, battery_charge, None, None
