10.04, [INFO], r1, {'y': 33.95, 'x': -39.44, 'yaw': 3.142}, pose, None, None
10.04, [INFO], r1, {'battery-level': '99.60'}, battery_charge, None, None
10.04, [INFO], r1, started skill, None, navto, None
20.04, [INFO], r1, {'y': 34.531, 'x': -37.519, 'yaw': -3.142}, pose, None, None
20.04, [INFO], r1, {'battery-level': '99.10'}, battery_charge, None, None
30.02, [INFO], r1, {'y': 32.592, 'x': -37.035, 'yaw': 3.141}, pose, None, None
30.02, [INFO], r1, {'battery-level': '98.60'}, battery_charge, None, None
40.02, [INFO], r1, {'y': 30.485, 'x': -37.067, 'yaw': 3.14}, pose, None, None
40.02, [INFO], r1, {'battery-level': '98.10'}, battery_charge, None, None
50.09, [INFO], r1, {'y': 28.358, 'x': -36.989, 'yaw': 3.141}, pose, None, None
50.09, [INFO], r1, {'battery-level': '97.60'}, battery_charge, None, None
60.00, [INFO], r1, {'y': 26.273, 'x': -37.001, 'yaw': 3.141}, pose, None, None
60.00, [INFO], r1, {'battery-level': '97.10'}, battery_charge, None, None
70.09, [INFO], r1, {'battery-level': '96.60'}, battery_charge, None, None
70.09, [INFO], r1, {'y': 24.123, 'x': -37.044, 'yaw': 3.141}, pose, None, None
80.01, [INFO], r1, {'battery-level': '96.10'}, battery_charge, None, None
80.01, [INFO], r1, {'y': 22.036, 'x': -37.104, 'yaw': 3.142}, pose, None, None
90.07, [INFO], r1, {'battery-level': '95.60'}, battery_charge, None, None
90.07, [INFO], r1, {'y': 19.924, 'x': -37.101, 'yaw': 3.139}, pose, None, None
100.03, [INFO], r1, {'battery-level': '95.10'}, battery_charge, None, None
100.03, [INFO], r1, {'y': 17.821, 'x': -37.001, 'yaw': 3.14}, pose, None, None
110.06, [INFO], r1, {'y': 15.833, 'x': -36.67, 'yaw': 3.141}, pose, None, None
110.06, [INFO], r1, {'battery-level': '94.60'}, battery_charge, None, None
120.03, [INFO], r1, {'y': 15.459, 'x': -34.573, 'yaw': -3.141}, pose, None, None
120.03, [INFO], r1, {'battery-level': '94.10'}, battery_charge, None, None
130.03, [INFO], r1, {'y': 15.549, 'x': -32.455, 'yaw': 3.142}, pose, None, None
130.03, [INFO], r1, {'battery-level': '93.60'}, battery_charge, None, None
140.04, [INFO], r1, {'y': 15.642, 'x': -30.344, 'yaw': 3.141}, pose, None, None
140.04, [INFO], r1, {'battery-level': '93.10'}, battery_charge, None, None
150.01, [INFO], r1, {'battery-level': '92.60'}, battery_charge, None, None
150.01, [INFO], r1, {'y': 15.798, 'x': -28.243, 'yaw': 3.142}, pose, None, None
160.00, [INFO], r1, {'y': 15.941, 'x': -26.121, 'yaw': -3.141}, pose, None, None
160.00, [INFO], r1, {'battery-level': '92.10'}, battery_charge, None, None
170.00, [INFO], r1, {'battery-level': '91.60'}, battery_charge, None, None
170.00, [INFO], r1, {'y': 15.942, 'x': -24.008, 'yaw': 3.141}, pose, None, None
180.09, [INFO], r1, {'y': 16.088, 'x': -21.873, 'yaw': 3.141}, pose, None, None
180.09, [INFO], r1, {'battery-level': '91.10'}, battery_charge, None, None
190.07, [INFO], r1, {'y': 16.417, 'x': -19.79, 'yaw': -3.141}, pose, None, None
190.07, [INFO], r1, {'battery-level': '90.60'}, battery_charge, None, None
200.04, [INFO], r1, {'y': 17.911, 'x': -19.023, 'yaw': -3.142}, pose, None, None
200.04, [INFO], r1, {'battery-level': '90.10'}, battery_charge, None, None
210.09, [INFO], r1, {'battery-level': '89.60'}, battery_charge, None, None
210.09, [INFO], r1, {'y': 17.978, 'x': -18.958, 'yaw': 3.141}, pose, None, None
213.45, [INFO], r1, skill-success, None, navto, None
213.45, [INFO], r1, started skill, None, approach-nurse, None
213.45, [INFO], r1, sent message, None, None, None
213.45, [INFO], r1, skill-success, None, approach-nurse, None
213.45, [INFO], r1, skill-success, None, authenticate-nurse, None
213.45, [INFO], r1, started skill, None, open-drawer, None
213.45, [INFO], r1, sent message, None, None, None
213.45, [INFO], r1, skill-success, None, open-drawer, None
213.45, [INFO], r1, started skill, None, deposit, None
213.45, [INFO], r1, sent message, None, None, None
213.45, [INFO], r1, skill-success, None, deposit, None
213.45, [INFO], r1, started skill, None, close-drawer, None
213.45, [INFO], r1, sent message, None, None, None
213.45, [INFO], r1, skill-success, None, close-drawer, None
213.45, [INFO], r1, started skill, None, navto, None
220.03, [INFO], r1, {'battery-level': '89.10'}, battery_charge, None, None
220.03, [INFO], r1, {'y': 16.784, 'x': -19.548, 'yaw': 3.141}, pose, None, None
230.00, [INFO], r1, {'y': 16.339, 'x': -21.48, 'yaw': -3.142}, pose, None, None
230.00, [INFO], r1, {'battery-level': '88.60'}, battery_charge, None, None
240.07, [INFO], r1, {'y': 16.176, 'x': -23.6, 'yaw': 3.141}, pose, None, None
240.07, [INFO], r1, {'battery-level': '88.10'}, battery_charge, None, None
250.05, [INFO], r1, {'battery-level': '87.60'}, battery_charge, None, None
250.05, [INFO], r1, {'y': 16.088, 'x': -25.706, 'yaw': 3.14}, pose, None, None
260.02, [INFO], r1, {'battery-level': '87.10'}, battery_charge, None, None
260.02, [INFO], r1, {'y': 16.035, 'x': -27.823, 'yaw': 3.14}, pose, None, None
270.09, [INFO], r1, {'y': 16.093, 'x': -29.942, 'yaw': 3.141}, pose, None, None
270.09, [INFO], r1, {'battery-level': '86.60'}, battery_charge, None, None
280.07, [INFO], r1, {'y': 15.884, 'x': -32.052, 'yaw': 3.141}, pose, None, None
280.07, [INFO], r1, {'battery-level': '86.10'}, battery_charge, None, None
290.08, [INFO], r1, {'battery-level': '85.60'}, battery_charge, None, None
290.08, [INFO], r1, {'y': 15.479, 'x': -34.147, 'yaw': -3.142}, pose, None, None
300.02, [INFO], r1, {'battery-level': '85.10'}, battery_charge, None, None
300.02, [INFO], r1, {'y': 16.421, 'x': -35.859, 'yaw': 3.142}, pose, None, None
310.10, [INFO], r1, {'battery-level': '84.60'}, battery_charge, None, None
310.10, [INFO], r1, {'y': 18.522, 'x': -36.136, 'yaw': -3.141}, pose, None, None
320.06, [INFO], r1, {'battery-level': '84.10'}, battery_charge, None, None
320.06, [INFO], r1, {'y': 20.613, 'x': -36.238, 'yaw': -3.142}, pose, None, None
330.07, [INFO], r1, {'battery-level': '83.60'}, battery_charge, None, None
330.07, [INFO], r1, {'y': 22.722, 'x': -36.34, 'yaw': 3.141}, pose, None, None
340.03, [INFO], r1, {'y': 24.821, 'x': -36.296, 'yaw': 3.14}, pose, None, None
340.03, [INFO], r1, {'battery-level': '83.10'}, battery_charge, None, None
350.05, [INFO], r1, {'y': 26.942, 'x': -36.277, 'yaw': 3.141}, pose, None, None
350.05, [INFO], r1, {'battery-level': '82.60'}, battery_charge, None, None
360.06, [INFO], r1, {'y': 29.058, 'x': -36.331, 'yaw': 3.141}, pose, None, None
360.06, [INFO], r1, {'battery-level': '82.10'}, battery_charge, None, None
370.05, [INFO], r1, {'battery-level': '81.60'}, battery_charge, None, None
370.05, [INFO], r1, {'y': 31.175, 'x': -36.476, 'yaw': 3.141}, pose, None, None
380.03, [INFO], r1, {'y': 33.287, 'x': -36.787, 'yaw': 3.141}, pose, None, None
380.03, [INFO], r1, {'battery-level': '81.10'}, battery_charge, None, None
390.03, [INFO], r1, {'y': 35.391, 'x': -36.894, 'yaw': -3.14}, pose, None, None
390.03, [INFO], r1, {'battery-level': '80.60'}, battery_charge, None, None
400.06, [INFO], r1, {'y': 36.11, 'x': -37.01, 'yaw': -3.141}, pose, None, None
400.06, [INFO], r1, {'battery-level': '80.10'}, battery_charge, None, None
410.09, [INFO], r1, {'y': 36.065, 'x': -36.995, 'yaw': 3.142}, pose, None, None
410.09, [INFO], r1, {'battery-level': '79.60'}, battery_charge, None, None
411.64, [INFO], r1, skill-success, None, navto, None
411.64, [INFO], r1, started skill, None, approach-arm, None
411.64, [INFO], r1, sent message, None, None, None
411.64, [INFO], r1, skill-success, None, approach-arm, None
411.64, [INFO], r1, started skill, None, open-drawer, None
411.64, [INFO], r1, sent message, None, None, None
411.64, [INFO], r1, skill-success, None, open-drawer, None
411.64, [INFO], r1, started skill, None, pick-up-sample, None
411.64, [INFO], r1, sent message, None, None, None
411.64, [INFO], r1, skill-success, None, pick-up-sample, None
411.64, [INFO], r1, started skill, None, close-drawer, None
411.64, [INFO], r1, sent message, None, None, None
411.64, [INFO], r1, skill-success, None, close-drawer, None
411.64, [WARN], r1, SUCCESS, None, None, None
420.06, [INFO], r1, {'y': 36.065, 'x': -36.994, 'yaw': -3.142}, pose, None, None
420.06, [INFO], r1, {'battery-level': '79.10'}, battery_charge, None, None
