9.81, [INFO], r1, started skill, None, navto, None
10.01, [INFO], r1, {'y': 33.95, 'x': -39.44, 'yaw': -3.142}, pose, None, None
10.01, [INFO], r1, {'battery-level': '99.55'}, battery_charge, None, None
20.04, [INFO], r1, {'y': 34.529, 'x': -37.465, 'yaw': -3.142}, pose, None, None
20.04, [INFO], r1, {'battery-level': '99.05'}, battery_charge, None, None
30.08, [INFO], r1, {'battery-level': '98.55'}, battery_charge, None, None
30.08, [INFO], r1, {'y': 32.543, 'x': -37.039, 'yaw': 3.14}, pose, None, None
40.01, [INFO], r1, {'y': 30.451, 'x': -37.049, 'yaw': 3.141}, pose, None, None
40.01, [INFO], r1, {'battery-level': '98.05'}, battery_charge, None, None
50.05, [INFO], r1, {'y': 28.334, 'x': -37.004, 'yaw': 3.142}, pose, None, None
50.05, [INFO], r1, {'battery-level': '97.55'}, battery_charge, None, None
60.07, [INFO], r1, {'y': 26.209, 'x': -37.004, 'yaw': 3.142}, pose, None, None
60.07, [INFO], r1, {'battery-level': '97.05'}, battery_charge, None, None
70.00, [INFO], r1, {'y': 24.122, 'x': -37.048, 'yaw': -3.142}, pose, None, None
70.00, [INFO], r1, {'battery-level': '96.55'}, battery_charge, None, None
80.03, [INFO], r1, {'y': 22.016, 'x': -37.122, 'yaw': 3.142}, pose, None, None
80.03, [INFO], r1, {'battery-level': '96.05'}, battery_charge, None, None
90.07, [INFO], r1, {'y': 19.893, 'x': -37.062, 'yaw': -3.138}, pose, None, None
90.07, [INFO], r1, {'battery-level': '95.55'}, battery_charge, None, None
100.09, [INFO], r1, {'battery-level': '95.05'}, battery_charge, None, None
100.09, [INFO], r1, {'y': 17.784, 'x': -37.033, 'yaw': 3.14}, pose, None, None
110.03, [INFO], r1, {'y': 15.903, 'x': -36.535, 'yaw': 3.141}, pose, None, None
110.03, [INFO], r1, {'battery-level': '94.55'}, battery_charge, None, None
120.06, [INFO], r1, {'battery-level': '94.05'}, battery_charge, None, None
120.06, [INFO], r1, {'y': 15.4, 'x': -34.443, 'yaw': 3.142}, pose, None, None
130.09, [INFO], r1, {'y': 15.496, 'x': -32.32, 'yaw': 3.142}, pose, None, None
130.09, [INFO], r1, {'battery-level': '93.55'}, battery_charge, None, None
140.02, [INFO], r1, {'y': 15.657, 'x': -30.226, 'yaw': 3.141}, pose, None, None
140.02, [INFO], r1, {'battery-level': '93.05'}, battery_charge, None, None
150.06, [INFO], r1, {'y': 15.757, 'x': -28.101, 'yaw': -3.142}, pose, None, None
150.06, [INFO], r1, {'battery-level': '92.55'}, battery_charge, None, None
160.09, [INFO], r1, {'battery-level': '92.05'}, battery_charge, None, None
160.09, [INFO], r1, {'y': 16.147, 'x': -25.999, 'yaw': 3.141}, pose, None, None
170.02, [INFO], r1, {'y': 16.162, 'x': -23.915, 'yaw': 3.141}, pose, None, None
170.02, [INFO], r1, {'battery-level': '91.55'}, battery_charge, None, None
180.06, [INFO], r1, {'battery-level': '91.05'}, battery_charge, None, None
180.06, [INFO], r1, {'y': 16.178, 'x': -21.802, 'yaw': 3.142}, pose, None, None
190.09, [INFO], r1, {'battery-level': '90.55'}, battery_charge, None, None
190.09, [INFO], r1, {'y': 16.448, 'x': -19.694, 'yaw': 3.142}, pose, None, None
200.01, [INFO], r1, {'y': 17.916, 'x': -19.022, 'yaw': 3.142}, pose, None, None
200.01, [INFO], r1, {'battery-level': '90.05'}, battery_charge, None, None
205.43, [INFO], r1, skill-success, None, navto, None
205.43, [INFO], r1, started skill, None, approach-nurse, None
205.43, [INFO], r1, sent message, None, None, None
205.43, [INFO], r1, skill-success, None, approach-nurse, None
205.43, [INFO], r1, started skill, None, authenticate-nurse, None
205.43, [INFO], r1, sent message, None, None, None
205.43, [INFO], r1, skill-success, None, authenticate-nurse, None
205.43, [INFO], r1, started skill, None, open-drawer, None
205.43, [WARN], r1, SKILL-FAILURE, None, open-drawer, None
210.06, [INFO], r1, {'y': 17.921, 'x': -19.017, 'yaw': -3.142}, pose, None, None
210.06, [INFO], r1, {'battery-level': '89.55'}, battery_charge, None, None
