0.20, [DEBUG], logger, ROBOTS_CONFIG={'capabilities': ['approach_person', 'approach_robot', 'authenticate_person', 'navigation', 'operate_drawer'], 'battery_charge': 1, 'nurse_pose': [-13.5, 18.0, -1.57], 'robot_pose': [-39.44, 33.95, 0.0]}, None, None, None
0.20, [DEBUG], logger, Simulation open, None, None, None
10.05, [INFO], r1, {'battery-level': '99.55'}, battery_charge, None, None
10.05, [INFO], r1, {'y': 33.95, 'x': -39.44, 'yaw': 3.142}, pose, None, None
10.44, [INFO], r1, started skill, None, navto, None
20.06, [INFO], r1, {'y': 34.573, 'x': -37.59, 'yaw': 3.141}, pose, None, None
20.06, [INFO], r1, {'battery-level': '99.05'}, battery_charge, None, None
30.06, [INFO], r1, {'battery-level': '98.55'}, battery_charge, None, None
30.06, [INFO], r1, {'y': 32.689, 'x': -37.033, 'yaw': 3.141}, pose, None, None
40.09, [INFO], r1, {'y': 30.553, 'x': -37.024, 'yaw': 3.141}, pose, None, None
40.09, [INFO], r1, {'battery-level': '98.05'}, battery_charge, None, None
50.09, [INFO], r1, {'y': 28.429, 'x': -37.029, 'yaw': 3.141}, pose, None, None
50.09, [INFO], r1, {'battery-level': '97.55'}, battery_charge, None, None
60.08, [INFO], r1, {'y': 26.318, 'x': -37.045, 'yaw': 3.141}, pose, None, None
60.08, [INFO], r1, {'battery-level': '97.05'}, battery_charge, None, None
70.06, [INFO], r1, {'y': 24.219, 'x': -37.012, 'yaw': 3.141}, pose, None, None
70.06, [INFO], r1, {'battery-level': '96.55'}, battery_charge, None, None
80.05, [INFO], r1, {'y': 22.108, 'x': -37.097, 'yaw': 3.141}, pose, None, None
80.05, [INFO], r1, {'battery-level': '96.05'}, battery_charge, None, None
90.05, [INFO], r1, {'y': 19.991, 'x': -37.072, 'yaw': -3.142}, pose, None, None
90.05, [INFO], r1, {'battery-level': '95.55'}, battery_charge, None, None
100.07, [INFO], r1, {'y': 17.869, 'x': -37.052, 'yaw': 3.141}, pose, None, None
100.07, [INFO], r1, {'battery-level': '95.05'}, battery_charge, None, None
110.08, [INFO], r1, {'y': 15.87, 'x': -36.687, 'yaw': 3.141}, pose, None, None
110.08, [INFO], r1, {'battery-level': '94.55'}, battery_charge, None, None
120.06, [INFO], r1, {'battery-level': '94.05'}, battery_charge, None, None
120.06, [INFO], r1, {'y': 15.382, 'x': -34.612, 'yaw': -3.141}, pose, None, None
130.06, [INFO], r1, {'battery-level': '93.55'}, battery_charge, None, None
130.06, [INFO], r1, {'y': 15.55, 'x': -32.489, 'yaw': -3.142}, pose, None, None
140.06, [INFO], r1, {'y': 15.649, 'x': -30.364, 'yaw': 3.141}, pose, None, None
140.06, [INFO], r1, {'battery-level': '93.05'}, battery_charge, None, None
150.04, [INFO], r1, {'y': 15.796, 'x': -28.251, 'yaw': 3.142}, pose, None, None
150.04, [INFO], r1, {'battery-level': '92.55'}, battery_charge, None, None
160.00, [INFO], r1, {'y': 16.175, 'x': -26.161, 'yaw': 3.139}, pose, None, None
160.00, [INFO], r1, {'battery-level': '92.05'}, battery_charge, None, None
170.07, [INFO], r1, {'y': 16.132, 'x': -24.024, 'yaw': -3.141}, pose, None, None
170.07, [INFO], r1, {'battery-level': '91.55'}, battery_charge, None, None
180.04, [INFO], r1, {'y': 16.164, 'x': -21.909, 'yaw': -3.142}, pose, None, None
180.04, [INFO], r1, {'battery-level': '91.05'}, battery_charge, None, None
190.02, [INFO], r1, {'y': 16.295, 'x': -19.806, 'yaw': 3.139}, pose, None, None
190.02, [INFO], r1, {'battery-level': '90.55'}, battery_charge, None, None
200.01, [INFO], r1, {'battery-level': '90.05'}, battery_charge, None, None
200.01, [INFO], r1, {'y': 16.222, 'x': -17.686, 'yaw': 3.142}, pose, None, None
210.09, [INFO], r1, {'battery-level': '89.55'}, battery_charge, None, None
210.09, [INFO], r1, {'y': 16.055, 'x': -15.572, 'yaw': 3.142}, pose, None, None
220.09, [INFO], r1, {'y': 16.619, 'x': -13.64, 'yaw': 3.142}, pose, None, None
220.09, [INFO], r1, {'battery-level': '89.05'}, battery_charge, None, None
230.07, [INFO], r1, {'y': 17.917, 'x': -13.631, 'yaw': 3.141}, pose, None, None
230.07, [INFO], r1, {'battery-level': '88.55'}, battery_charge, None, None
240.08, [INFO], r1, {'y': 17.976, 'x': -13.684, 'yaw': 3.141}, pose, None, None
240.08, [INFO], r1, {'battery-level': '88.05'}, battery_charge, None, None
246.91, [INFO], r1, skill-success, None, navto, None
246.91, [INFO], r1, started skill, None, approach-nurse, None
246.91, [INFO], r1, sent message, None, None, None
246.91, [INFO], r1, skill-success, None, approach-nurse, None
246.91, [INFO], r1, started skill, None, authenticate-nurse, None
246.91, [INFO], r1, sent message, None, None, None
246.91, [INFO], r1, started skill, None, open-drawer, None
246.91, [INFO], r1, sent message, None, None, None
246.91, [INFO], r1, skill-success, None, open-drawer, None
246.91, [INFO], r1, started skill, None, deposit, None
246.91, [INFO], r1, sent message, None, None, None
246.91, [INFO], r1, skill-success, None, deposit, None
246.91, [INFO], r1, started skill, None, close-drawer, None
246.91, [INFO], r1, sent message, None, None, None
246.91, [INFO], r1, skill-success, None, close-drawer, None
246.91, [INFO], r1, started skill, None, navto, None
250.07, [INFO], r1, {'y': 17.422, 'x': -13.619, 'yaw': -3.142}, pose, None, None
250.07, [INFO], r1, {'battery-level': '87.55'}, battery_charge, None, None
260.06, [INFO], r1, {'y': 16.234, 'x': -14.971, 'yaw': 3.141}, pose, None, None
260.06, [INFO], r1, {'battery-level': '87.05'}, battery_charge, None, None
270.03, [INFO], r1, {'y': 16.101, 'x': -17.07, 'yaw': 3.141}, pose, None, None
270.03, [INFO], r1, {'battery-level': '86.55'}, battery_charge, None, None
280.02, [INFO], r1, {'y': 16.174, 'x': -19.187, 'yaw': 3.142}, pose, None, None
280.02, [INFO], r1, {'battery-level': '86.05'}, battery_charge, None, None
290.02, [INFO], r1, {'y': 16.345, 'x': -21.299, 'yaw': 3.142}, pose, None, None
290.02, [INFO], r1, {'battery-level': '85.55'}, battery_charge, None, None
300.02, [INFO], r1, {'y': 16.147, 'x': -23.405, 'yaw': 3.141}, pose, None, None
300.02, [INFO], r1, {'battery-level': '85.05'}, battery_charge, None, None
310.03, [INFO], r1, {'y': 16.095, 'x': -25.524, 'yaw': 3.141}, pose, None, None
310.03, [INFO], r1, {'battery-level': '84.55'}, battery_charge, None, None
320.03, [INFO], r1, {'y': 15.932, 'x': -27.629, 'yaw': -3.142}, pose, None, None
320.03, [INFO], r1, {'battery-level': '84.05'}, battery_charge, None, None
330.02, [INFO], r1, {'y': 16.006, 'x': -29.751, 'yaw': 3.142}, pose, None, None
330.02, [INFO], r1, {'battery-level': '83.55'}, battery_charge, None, None
340.01, [INFO], r1, {'y': 15.861, 'x': -31.879, 'yaw': -3.142}, pose, None, None
340.01, [INFO], r1, {'battery-level': '83.05'}, battery_charge, None, None
350.08, [INFO], r1, {'battery-level': '82.55'}, battery_charge, None, None
350.08, [INFO], r1, {'y': 15.537, 'x': -34.013, 'yaw': -3.141}, pose, None, None
360.08, [INFO], r1, {'y': 16.302, 'x': -35.822, 'yaw': -3.14}, pose, None, None
360.08, [INFO], r1, {'battery-level': '82.05'}, battery_charge, None, None
370.07, [INFO], r1, {'y': 18.351, 'x': -36.128, 'yaw': 3.141}, pose, None, None
370.07, [INFO], r1, {'battery-level': '81.55'}, battery_charge, None, None
380.06, [INFO], r1, {'battery-level': '81.05'}, battery_charge, None, None
380.06, [INFO], r1, {'y': 20.462, 'x': -36.276, 'yaw': 3.139}, pose, None, None
390.05, [INFO], r1, {'y': 22.58, 'x': -36.36, 'yaw': 3.14}, pose, None, None
390.05, [INFO], r1, {'battery-level': '80.55'}, battery_charge, None, None
400.06, [INFO], r1, {'y': 24.715, 'x': -36.319, 'yaw': 3.141}, pose, None, None
400.06, [INFO], r1, {'battery-level': '80.05'}, battery_charge, None, None
410.05, [INFO], r1, {'y': 26.829, 'x': -36.323, 'yaw': 3.141}, pose, None, None
410.05, [INFO], r1, {'battery-level': '79.55'}, battery_charge, None, None
420.05, [INFO], r1, {'y': 28.944, 'x': -36.346, 'yaw': 3.141}, pose, None, None
420.05, [INFO], r1, {'battery-level': '79.05'}, battery_charge, None, None
430.00, [INFO], r1, {'battery-level': '78.55'}, battery_charge, None, None
430.00, [INFO], r1, {'y': 31.049, 'x': -36.449, 'yaw': 3.142}, pose, None, None
440.03, [INFO], r1, {'y': 33.177, 'x': -36.701, 'yaw': -3.142}, pose, None, None
440.03, [INFO], r1, {'battery-level': '78.05'}, battery_charge, None, None
450.06, [INFO], r1, {'battery-level': '77.55'}, battery_charge, None, None
450.06, [INFO], r1, {'y': 35.282, 'x': -36.928, 'yaw': 3.142}, pose, None, None
460.08, [INFO], r1, {'battery-level': '77.05'}, battery_charge, None, None
460.08, [INFO], r1, {'y': 36.203, 'x': -36.976, 'yaw': -3.141}, pose, None, None
460.68, [INFO], r1, skill-success, None, navto, None
460.68, [INFO], r1, started skill, None, approach-arm, None
460.68, [INFO], r1, sent message, None, None, None
460.68, [INFO], r1, skill-success, None, approach-arm, None
460.68, [INFO], r1, started skill, None, open-drawer, None
460.68, [INFO], r1, sent message, None, None, None
460.68, [INFO], r1, skill-success, None, open-drawer, None
460.68, [INFO], r1, started skill, None, pick-up-sample, None
460.68, [INFO], r1, sent message, None, None, None
460.68, [INFO], r1, skill-success, None, pick-up-sample, None
460.68, [INFO], r1, started skill, None, close-drawer, None
460.68, [INFO], r1, sent message, None, None, None
460.68, [INFO], r1, skill-success, None, close-drawer, None
460.68, [WARN], r1, SUCCESS, None, None, None
470.04, [INFO], r1, {'battery-level': '76.55'}, battery_charge, None, None
470.04, [INFO], r1, {'y': 36.203, 'x': -36.975, 'yaw': -3.142}, pose, None, None
