10.05, [INFO], r1, {'battery-level': '99.60'}, battery_charge, None, None
10.05, [INFO], r1, {'y': 33.95, 'x': -39.44, 'yaw': 3.142}, pose, None, None
10.05, [INFO], r1, started skill, None, navto, None
20.01, [INFO], r1, {'y': 34.544, 'x': -37.507, 'yaw': -3.141}, pose, None, None
20.01, [INFO], r1, {'battery-level': '99.10'}, battery_charge, None, None
30.06, [INFO], r1, {'y': 32.6, 'x': -37.012, 'yaw': 3.14}, pose, None, None
30.06, [INFO], r1, {'battery-level': '98.60'}, battery_charge, None, None
40.08, [INFO], r1, {'battery-level': '98.10'}, battery_charge, None, None
40.08, [INFO], r1, {'y': 30.484, 'x': -37.048, 'yaw': 3.141}, pose, None, None
50.01, [INFO], r1, {'y': 28.387, 'x': -36.995, 'yaw': 3.14}, pose, None, None
50.01, [INFO], r1, {'battery-level': '97.60'}, battery_charge, None, None
60.03, [INFO], r1, {'y': 26.264, 'x': -36.973, 'yaw': -3.137}, pose, None, None
60.03, [INFO], r1, {'battery-level': '97.10'}, battery_charge, None, None
70.09, [INFO], r1, {'battery-level': '96.60'}, battery_charge, None, None
70.09, [INFO], r1, {'y': 24.152, 'x': -36.995, 'yaw': -3.142}, pose, None, None
80.09, [INFO], r1, {'battery-level': '96.10'}, battery_charge, None, None
80.09, [INFO], r1, {'y': 22.037, 'x': -37.119, 'yaw': -3.142}, pose, None, None
90.01, [INFO], r1, {'y': 19.936, 'x': -37.074, 'yaw': -3.137}, pose, None, None
90.01, [INFO], r1, {'battery-level': '95.60'}, battery_charge, None, None
100.03, [INFO], r1, {'y': 17.831, 'x': -37.028, 'yaw': 3.141}, pose, None, None
100.03, [INFO], r1, {'battery-level': '95.10'}, battery_charge, None, None
110.03, [INFO], r1, {'battery-level': '94.60'}, battery_charge, None, None
110.03, [INFO], r1, {'y': 15.962, 'x': -36.542, 'yaw': 3.142}, pose, None, None
120.03, [INFO], r1, {'y': 15.417, 'x': -34.465, 'yaw': -3.142}, pose, None, None
120.03, [INFO], r1, {'battery-level': '94.10'}, battery_charge, None, None
130.03, [INFO], r1, {'y': 15.541, 'x': -32.337, 'yaw': -3.142}, pose, None, None
130.03, [INFO], r1, {'battery-level': '93.60'}, battery_charge, None, None
140.03, [INFO], r1, {'y': 15.631, 'x': -30.231, 'yaw': -3.142}, pose, None, None
140.03, [INFO], r1, {'battery-level': '93.10'}, battery_charge, None, None
150.01, [INFO], r1, {'y': 15.768, 'x': -28.12, 'yaw': 3.142}, pose, None, None
150.01, [INFO], r1, {'battery-level': '92.60'}, battery_charge, None, None
160.01, [INFO], r1, {'battery-level': '92.10'}, battery_charge, None, None
160.01, [INFO], r1, {'y': 16.02, 'x': -26.013, 'yaw': 3.142}, pose, None, None
170.04, [INFO], r1, {'y': 16.012, 'x': -23.887, 'yaw': 3.141}, pose, None, None
170.04, [INFO], r1, {'battery-level': '91.60'}, battery_charge, None, None
180.01, [INFO], r1, {'y': 16.013, 'x': -21.786, 'yaw': 3.141}, pose, None, None
180.01, [INFO], r1, {'battery-level': '91.10'}, battery_charge, None, None
190.01, [INFO], r1, {'y': 16.233, 'x': -19.678, 'yaw': -3.141}, pose, None, None
190.01, [INFO], r1, {'battery-level': '90.60'}, battery_charge, None, None
200.04, [INFO], r1, {'y': 16.134, 'x': -17.57, 'yaw': 3.142}, pose, None, None
200.04, [INFO], r1, {'battery-level': '90.10'}, battery_charge, None, None
210.07, [INFO], r1, {'y': 16.108, 'x': -15.45, 'yaw': 3.141}, pose, None, None
210.07, [INFO], r1, {'battery-level': '89.60'}, battery_charge, None, None
220.02, [INFO], r1, {'y': 16.634, 'x': -13.531, 'yaw': 3.142}, pose, None, None
220.02, [INFO], r1, {'battery-level': '89.10'}, battery_charge, None, None
230.03, [INFO], r1, {'y': 17.935, 'x': -13.603, 'yaw': 3.141}, pose, None, None
230.03, [INFO], r1, {'battery-level': '88.60'}, battery_charge, None, None
239.74, [INFO], r1, skill-success, None, navto, None
239.74, [INFO], r1, started skill, None, approach-nurse, None
239.74, [INFO], r1, sent message, None, None, None
239.74, [INFO], r1, skill-success, None, approach-nurse, None
239.74, [INFO], r1, started skill, None, authenticate-nurse, None
239.74, [INFO], r1, sent message, None, None, None
239.74, [INFO], r1, skill-success, None, authenticate-nurse, None
239.74, [INFO], r1, started skill, None, open-drawer, None
239.74, [INFO], r1, sent message, None, None, None
239.74, [INFO], r1, skill-success, None, open-drawer, None
239.74, [INFO], r1, started skill, None, deposit, None
239.74, [INFO], r1, sent message, None, None, None
239.74, [INFO], r1, skill-success, None, deposit, None
239.74, [INFO], r1, started skill, None, close-drawer, None
239.74, [INFO], r1, sent message, None, None, None
239.74, [INFO], r1, skill-success, None, close-drawer, None
239.74, [INFO], r1, started skill, None, navto, None
240.04, [INFO], r1, {'y': 17.962, 'x': -13.633, 'yaw': 3.14}, pose, None, None
240.04, [INFO], r1, {'battery-level': '88.10'}, battery_charge, None, None
250.06, [INFO], r1, {'battery-level': '87.60'}, battery_charge, None, None
250.06, [INFO], r1, {'y': 16.312, 'x': -14.543, 'yaw': 3.142}, pose, None, None
260.06, [INFO], r1, {'y': 16.18, 'x': -16.643, 'yaw': 3.141}, pose, None, None
260.06, [INFO], r1, {'battery-level': '87.10'}, battery_charge, None, None
270.07, [INFO], r1, {'battery-level': '86.60'}, battery_charge, None, None
270.07, [INFO], r1, {'y': 16.222, 'x': -18.755, 'yaw': 3.142}, pose, None, None
280.06, [INFO], r1, {'battery-level': '86.10'}, battery_charge, None, None
280.06, [INFO], r1, {'y': 16.348, 'x': -20.866, 'yaw': 3.142}, pose, None, None
290.06, [INFO], r1, {'y': 16.226, 'x': -22.974, 'yaw': 3.142}, pose, None, None
290.06, [INFO], r1, {'battery-level': '85.60'}, battery_charge, None, None
300.06, [INFO], r1, {'y': 16.136, 'x': -25.088, 'yaw': 3.14}, pose, None, None
300.06, [INFO], r1, {'battery-level': '85.10'}, battery_charge, None, None
310.06, [INFO], r1, {'y': 15.929, 'x': -27.203, 'yaw': 3.138}, pose, None, None
310.06, [INFO], r1, {'battery-level': '84.60'}, battery_charge, None, None
320.08, [INFO], r1, {'y': 15.957, 'x': -29.316, 'yaw': -3.142}, pose, None, None
320.08, [INFO], r1, {'battery-level': '84.10'}, battery_charge, None, None
330.01, [INFO], r1, {'y': 15.843, 'x': -31.415, 'yaw': 3.141}, pose, None, None
330.01, [INFO], r1, {'battery-level': '83.60'}, battery_charge, None, None
340.01, [INFO], r1, {'y': 15.61, 'x': -33.534, 'yaw': -3.138}, pose, None, None
340.01, [INFO], r1, {'battery-level': '83.10'}, battery_charge, None, None
350.02, [INFO], r1, {'y': 15.988, 'x': -35.477, 'yaw': 3.142}, pose, None, None
350.02, [INFO], r1, {'battery-level': '82.60'}, battery_charge, None, None
360.03, [INFO], r1, {'y': 17.944, 'x': -36.062, 'yaw': 3.141}, pose, None, None
360.03, [INFO], r1, {'battery-level': '82.10'}, battery_charge, None, None
370.07, [INFO], r1, {'battery-level': '81.60'}, battery_charge, None, None
370.07, [INFO], r1, {'y': 20.066, 'x': -36.239, 'yaw': -3.142}, pose, None, None
380.10, [INFO], r1, {'y': 22.186, 'x': -36.273, 'yaw': 3.142}, pose, None, None
380.10, [INFO], r1, {'battery-level': '81.10'}, battery_charge, None, None
390.04, [INFO], r1, {'battery-level': '80.60'}, battery_charge, None, None
390.04, [INFO], r1, {'y': 24.278, 'x': -36.252, 'yaw': 3.14}, pose, None, None
400.05, [INFO], r1, {'y': 26.393, 'x': -36.261, 'yaw': 3.141}, pose, None, None
400.05, [INFO], r1, {'battery-level': '80.10'}, battery_charge, None, None
410.05, [INFO], r1, {'y': 28.502, 'x': -36.298, 'yaw': 3.141}, pose, None, None
410.05, [INFO], r1, {'battery-level': '79.60'}, battery_charge, None, None
420.10, [INFO], r1, {'y': 30.63, 'x': -36.431, 'yaw': -3.142}, pose, None, None
420.10, [INFO], r1, {'battery-level': '79.10'}, battery_charge, None, None
430.03, [INFO], r1, {'y': 32.727, 'x': -36.633, 'yaw': -3.142}, pose, None, None
430.03, [INFO], r1, {'battery-level': '78.60'}, battery_charge, None, None
440.05, [INFO], r1, {'y': 34.842, 'x': -36.8, 'yaw': -3.138}, pose, None, None
440.05, [INFO], r1, {'battery-level': '78.10'}, battery_charge, None, None
450.09, [INFO], r1, {'y': 36.041, 'x': -36.957, 'yaw': -3.142}, pose, None, None
450.09, [INFO], r1, {'battery-level': '77.60'}, battery_charge, None, None
454.36, [INFO], r1, skill-success, None, navto, None
454.36, [INFO], r1, started skill, None, approach-arm, None
454.36, [INFO], r1, sent message, None, None, None
454.36, [INFO], r1, skill-success, None, approach-arm, None
454.36, [INFO], r1, started skill, None, open-drawer, None
454.36, [INFO], r1, sent message, None, None, None
454.36, [INFO], r1, skill-success, None, open-drawer, None
454.36, [INFO], r1, started skill, None, pick-up-sample, None
454.36, [INFO], r1, sent message, None, None, None
454.36, [INFO], r1, skill-success, None, pick-up-sample, None
454.36, [INFO], r1, started skill, None, close-drawer, None
454.36, [INFO], r1, sent message, None, None, None
454.36, [INFO], r1, skill-success, None, close-drawer, None
454.36, [WARN], r1, SUCCESS, None, None, None
460.09, [INFO], r1, {'y': 36.038, 'x': -36.959, 'yaw': -3.142}, pose, None, None
460.09, [INFO], r1, {'battery-level': '77.10'}, battery_charge, None, None
