0.19, [DEBUG], logger, ROBOTS_CONFIG={'capabilities': ['approach_person', 'approach_robot', 'authenticate_person', 'navigation', 'operate_drawer'], 'battery_charge': 1, 'nurse_pose': [-11.5, 18.0, -1.57], 'robot_pose': [-39.44, 33.95, 0.0]}, None, None, None
0.19, [DEBUG], logger, Simulation open, None, None, None
10.09, [INFO], r1, {'y': 33.95, 'x': -39.44, 'yaw': 3.142}, pose, None, None
10.09, [INFO], r1, {'battery-level': '99.55'}, battery_charge, None, None
10.98, [INFO], r1, started skill, None, navto, None
20.09, [INFO], r1, {'battery-level': '99.05'}, battery_charge, None, None
20.09, [INFO], r1, {'y': 34.602, 'x': -37.69, 'yaw': -3.139}, pose, None, None
30.09, [INFO], r1, {'y': 32.8, 'x': -37.032, 'yaw': 3.141}, pose, None, None
30.09, [INFO], r1, {'battery-level': '98.55'}, battery_charge, None, None
40.08, [INFO], r1, {'y': 30.692, 'x': -37.036, 'yaw': 3.141}, pose, None, None
40.08, [INFO], r1, {'battery-level': '98.05'}, battery_charge, None, None
50.08, [INFO], r1, {'battery-level': '97.55'}, battery_charge, None, None
50.08, [INFO], r1, {'y': 28.562, 'x': -37.044, 'yaw': 3.141}, pose, None, None
60.09, [INFO], r1, {'y': 26.456, 'x': -36.987, 'yaw': 3.141}, pose, None, None
60.09, [INFO], r1, {'battery-level': '97.05'}, battery_charge, None, None
70.08, [INFO], r1, {'y': 24.352, 'x': -36.995, 'yaw': 3.141}, pose, None, None
70.08, [INFO], r1, {'battery-level': '96.55'}, battery_charge, None, None
80.09, [INFO], r1, {'y': 22.233, 'x': -37.085, 'yaw': 3.141}, pose, None, None
80.09, [INFO], r1, {'battery-level': '96.05'}, battery_charge, None, None
90.09, [INFO], r1, {'battery-level': '95.55'}, battery_charge, None, None
90.09, [INFO], r1, {'y': 20.129, 'x': -37.087, 'yaw': 3.141}, pose, None, None
100.08, [INFO], r1, {'y': 18.022, 'x': -37.037, 'yaw': 3.14}, pose, None, None
100.08, [INFO], r1, {'battery-level': '95.05'}, battery_charge, None, None
110.10, [INFO], r1, {'y': 15.977, 'x': -36.778, 'yaw': 3.141}, pose, None, None
110.10, [INFO], r1, {'battery-level': '94.55'}, battery_charge, None, None
120.00, [INFO], r1, {'y': 15.438, 'x': -34.732, 'yaw': -3.141}, pose, None, None
120.00, [INFO], r1, {'battery-level': '94.05'}, battery_charge, None, None
130.06, [INFO], r1, {'y': 15.547, 'x': -32.598, 'yaw': -3.142}, pose, None, None
130.06, [INFO], r1, {'battery-level': '93.55'}, battery_charge, None, None
140.05, [INFO], r1, {'battery-level': '93.05'}, battery_charge, None, None
140.05, [INFO], r1, {'y': 15.589, 'x': -30.485, 'yaw': -3.14}, pose, None, None
150.04, [INFO], r1, {'y': 15.753, 'x': -28.373, 'yaw': 3.141}, pose, None, None
150.04, [INFO], r1, {'battery-level': '92.55'}, battery_charge, None, None
160.09, [INFO], r1, {'y': 15.964, 'x': -26.252, 'yaw': -3.142}, pose, None, None
160.09, [INFO], r1, {'battery-level': '92.05'}, battery_charge, None, None
170.06, [INFO], r1, {'y': 16.105, 'x': -24.151, 'yaw': -3.142}, pose, None, None
170.06, [INFO], r1, {'battery-level': '91.55'}, battery_charge, None, None
180.03, [INFO], r1, {'battery-level': '91.05'}, battery_charge, None, None
180.03, [INFO], r1, {'y': 16.167, 'x': -22.042, 'yaw': 3.142}, pose, None, None
190.02, [INFO], r1, {'y': 16.252, 'x': -19.929, 'yaw': 3.141}, pose, None, None
190.02, [INFO], r1, {'battery-level': '90.55'}, battery_charge, None, None
200.08, [INFO], r1, {'y': 16.204, 'x': -17.809, 'yaw': 3.142}, pose, None, None
200.08, [INFO], r1, {'battery-level': '90.05'}, battery_charge, None, None
210.05, [INFO], r1, {'battery-level': '89.55'}, battery_charge, None, None
210.05, [INFO], r1, {'y': 16.152, 'x': -15.692, 'yaw': -3.141}, pose, None, None
220.03, [INFO], r1, {'battery-level': '89.05'}, battery_charge, None, None
220.03, [INFO], r1, {'y': 16.276, 'x': -13.59, 'yaw': 3.142}, pose, None, None
230.03, [INFO], r1, {'y': 17.287, 'x': -11.86, 'yaw': 3.141}, pose, None, None
230.03, [INFO], r1, {'battery-level': '88.55'}, battery_charge, None, None
240.03, [INFO], r1, {'y': 17.968, 'x': -11.528, 'yaw': 3.142}, pose, None, None
240.03, [INFO], r1, {'battery-level': '88.05'}, battery_charge, None, None
241.81, [INFO], r1, skill-success, None, navto, None
241.81, [INFO], r1, started skill, None, approach-nurse, None
241.81, [INFO], r1, sent message, None, None, None
241.81, [INFO], r1, skill-success, None, approach-nurse, None
241.81, [INFO], r1, started skill, None, authenticate-nurse, None
241.81, [INFO], r1, started skill, None, open-drawer, None
241.81, [INFO], r1, sent message, None, None, None
241.81, [INFO], r1, skill-success, None, open-drawer, None
241.81, [INFO], r1, started skill, None, deposit, None
241.81, [INFO], r1, sent message, None, None, None
241.81, [INFO], r1, skill-success, None, deposit, None
241.81, [INFO], r1, started skill, None, close-drawer, None
241.81, [INFO], r1, sent message, None, None, None
241.81, [INFO], r1, skill-success, None, close-drawer, None
241.81, [INFO], r1, started skill, None, navto, None
250.03, [INFO], r1, {'y': 16.52, 'x': -12.339, 'yaw': 3.142}, pose, None, None
250.03, [INFO], r1, {'battery-level': '87.55'}, battery_charge, None, None
260.03, [INFO], r1, {'y': 16.275, 'x': -14.417, 'yaw': 3.142}, pose, None, None
260.03, [INFO], r1, {'battery-level': '87.05'}, battery_charge, None, None
270.03, [INFO], r1, {'y': 16.114, 'x': -16.536, 'yaw': 3.141}, pose, None, None
270.03, [INFO], r1, {'battery-level': '86.55'}, battery_charge, None, None
280.02, [INFO], r1, {'y': 16.146, 'x': -18.644, 'yaw': 3.141}, pose, None, None
280.02, [INFO], r1, {'battery-level': '86.05'}, battery_charge, None, None
290.04, [INFO], r1, {'battery-level': '85.55'}, battery_charge, None, None
290.04, [INFO], r1, {'y': 16.319, 'x': -20.749, 'yaw': 3.138}, pose, None, None
300.03, [INFO], r1, {'battery-level': '85.05'}, battery_charge, None, None
300.03, [INFO], r1, {'y': 16.206, 'x': -22.866, 'yaw': 3.141}, pose, None, None
310.02, [INFO], r1, {'y': 16.103, 'x': -24.971, 'yaw': 3.14}, pose, None, None
310.02, [INFO], r1, {'battery-level': '84.55'}, battery_charge, None, None
320.03, [INFO], r1, {'y': 16.002, 'x': -27.086, 'yaw': 3.141}, pose, None, None
320.03, [INFO], r1, {'battery-level': '84.05'}, battery_charge, None, None
330.02, [INFO], r1, {'battery-level': '83.55'}, battery_charge, None, None
330.02, [INFO], r1, {'y': 16.095, 'x': -29.189, 'yaw': -3.142}, pose, None, None
340.02, [INFO], r1, {'y': 16.002, 'x': -31.295, 'yaw': 3.141}, pose, None, None
340.02, [INFO], r1, {'battery-level': '83.05'}, battery_charge, None, None
350.02, [INFO], r1, {'y': 15.672, 'x': -33.395, 'yaw': 3.141}, pose, None, None
350.02, [INFO], r1, {'battery-level': '82.55'}, battery_charge, None, None
360.02, [INFO], r1, {'y': 15.769, 'x': -35.399, 'yaw': -3.142}, pose, None, None
360.02, [INFO], r1, {'battery-level': '82.05'}, battery_charge, None, None
370.02, [INFO], r1, {'y': 17.687, 'x': -36.088, 'yaw': -3.138}, pose, None, None
370.02, [INFO], r1, {'battery-level': '81.55'}, battery_charge, None, None
380.09, [INFO], r1, {'y': 19.814, 'x': -36.205, 'yaw': 3.141}, pose, None, None
380.09, [INFO], r1, {'battery-level': '81.05'}, battery_charge, None, None
390.00, [INFO], r1, {'y': 21.894, 'x': -36.238, 'yaw': 3.14}, pose, None, None
390.00, [INFO], r1, {'battery-level': '80.55'}, battery_charge, None, None
400.09, [INFO], r1, {'y': 24.029, 'x': -36.251, 'yaw': 3.141}, pose, None, None
400.09, [INFO], r1, {'battery-level': '80.05'}, battery_charge, None, None
410.08, [INFO], r1, {'y': 26.137, 'x': -36.272, 'yaw': -3.142}, pose, None, None
410.08, [INFO], r1, {'battery-level': '79.55'}, battery_charge, None, None
420.09, [INFO], r1, {'y': 28.251, 'x': -36.31, 'yaw': 3.141}, pose, None, None
420.09, [INFO], r1, {'battery-level': '79.05'}, battery_charge, None, None
430.00, [INFO], r1, {'y': 30.35, 'x': -36.406, 'yaw': 3.141}, pose, None, None
430.00, [INFO], r1, {'battery-level': '78.55'}, battery_charge, None, None
440.01, [INFO], r1, {'y': 32.465, 'x': -36.599, 'yaw': -3.142}, pose, None, None
440.01, [INFO], r1, {'battery-level': '78.05'}, battery_charge, None, None
450.03, [INFO], r1, {'y': 34.579, 'x': -36.775, 'yaw': 3.141}, pose, None, None
450.03, [INFO], r1, {'battery-level': '77.55'}, battery_charge, None, None
460.07, [INFO], r1, {'y': 36.124, 'x': -36.945, 'yaw': 3.141}, pose, None, None
460.07, [INFO], r1, {'battery-level': '77.05'}, battery_charge, None, None
464.31, [INFO], r1, skill-success, None, navto, None
464.31, [INFO], r1, started skill, None, approach-arm, None
464.31, [INFO], r1, sent message, None, None, None
464.31, [INFO], r1, skill-success, None, approach-arm, None
464.31, [INFO], r1, started skill, None, open-drawer, None
464.31, [INFO], r1, sent message, None, None, None
464.31, [INFO], r1, skill-success, None, open-drawer, None
464.31, [INFO], r1, started skill, None, pick-up-sample, None
464.31, [INFO], r1, sent message, None, None, None
464.31, [INFO], r1, skill-success, None, pick-up-sample, None
464.31, [INFO], r1, started skill, None, close-drawer, None
464.31, [INFO], r1, sent message, None, None, None
464.31, [INFO], r1, skill-success, None, close-drawer, None
464.31, [WARN], r1, SUCCESS, None, None, None
470.02, [INFO], r1, {'y': 36.159, 'x': -36.946, 'yaw': -3.142}, pose, None, None
470.02, [INFO], r1, {'battery-level': '76.55'}, battery_charge, None, None
