6.90, [INFO], r1, started skill, None, navto, None
10.04, [INFO], r1, {'y': 34.16, 'x': -38.885, 'yaw': 3.137}, pose, None, None
10.04, [INFO], r1, {'battery-level': '99.55'}, battery_charge, None, None
20.06, [INFO], r1, {'battery-level': '99.05'}, battery_charge, None, None
20.06, [INFO], r1, {'y': 34.032, 'x': -37.1, 'yaw': 3.141}, pose, None, None
30.01, [INFO], r1, {'y': 31.943, 'x': -37.01, 'yaw': 3.141}, pose, None, None
30.01, [INFO], r1, {'battery-level': '98.55'}, battery_charge, None, None
40.09, [INFO], r1, {'y': 29.807, 'x': -37.061, 'yaw': 3.141}, pose, None, None
40.09, [INFO], r1, {'battery-level': '98.05'}, battery_charge, None, None
50.06, [INFO], r1, {'battery-level': '97.55'}, battery_charge, None, None
50.06, [INFO], r1, {'y': 27.709, 'x': -36.989, 'yaw': -3.142}, pose, None, None
60.06, [INFO], r1, {'y': 25.599, 'x': -36.996, 'yaw': 3.141}, pose, None, None
60.06, [INFO], r1, {'battery-level': '97.05'}, battery_charge, None, None
70.04, [INFO], r1, {'y': 23.494, 'x': -36.994, 'yaw': 3.141}, pose, None, None
70.04, [INFO], r1, {'battery-level': '96.55'}, battery_charge, None, None
80.09, [INFO], r1, {'y': 21.371, 'x': -37.141, 'yaw': -3.142}, pose, None, None
80.09, [INFO], r1, {'battery-level': '96.05'}, battery_charge, None, None
90.05, [INFO], r1, {'battery-level': '95.55'}, battery_charge, None, None
90.05, [INFO], r1, {'y': 19.264, 'x': -37.046, 'yaw': 3.137}, pose, None, None
100.05, [INFO], r1, {'y': 17.15, 'x': -37.021, 'yaw': 3.142}, pose, None, None
100.05, [INFO], r1, {'battery-level': '95.05'}, battery_charge, None, None
110.03, [INFO], r1, {'y': 15.725, 'x': -35.982, 'yaw': 3.141}, pose, None, None
110.03, [INFO], r1, {'battery-level': '94.55'}, battery_charge, None, None
120.02, [INFO], r1, {'battery-level': '94.05'}, battery_charge, None, None
120.02, [INFO], r1, {'y': 15.389, 'x': -33.884, 'yaw': -3.141}, pose, None, None
130.00, [INFO], r1, {'y': 15.516, 'x': -31.771, 'yaw': -3.142}, pose, None, None
130.00, [INFO], r1, {'battery-level': '93.55'}, battery_charge, None, None
140.09, [INFO], r1, {'battery-level': '93.05'}, battery_charge, None, None
140.09, [INFO], r1, {'y': 15.634, 'x': -29.641, 'yaw': 3.142}, pose, None, None
150.07, [INFO], r1, {'battery-level': '92.55'}, battery_charge, None, None
150.07, [INFO], r1, {'y': 15.889, 'x': -27.546, 'yaw': -3.142}, pose, None, None
160.05, [INFO], r1, {'y': 16.123, 'x': -25.458, 'yaw': 3.142}, pose, None, None
160.05, [INFO], r1, {'battery-level': '92.05'}, battery_charge, None, None
170.01, [INFO], r1, {'y': 16.152, 'x': -23.356, 'yaw': -3.141}, pose, None, None
170.01, [INFO], r1, {'battery-level': '91.55'}, battery_charge, None, None
180.08, [INFO], r1, {'y': 16.198, 'x': -21.243, 'yaw': -3.142}, pose, None, None
180.08, [INFO], r1, {'battery-level': '91.05'}, battery_charge, None, None
190.05, [INFO], r1, {'y': 16.297, 'x': -19.137, 'yaw': 3.142}, pose, None, None
190.05, [INFO], r1, {'battery-level': '90.55'}, battery_charge, None, None
200.02, [INFO], r1, {'y': 16.171, 'x': -17.03, 'yaw': 3.141}, pose, None, None
200.02, [INFO], r1, {'battery-level': '90.05'}, battery_charge, None, None
210.01, [INFO], r1, {'y': 16.104, 'x': -14.923, 'yaw': 3.138}, pose, None, None
210.01, [INFO], r1, {'battery-level': '89.55'}, battery_charge, None, None
220.07, [INFO], r1, {'battery-level': '89.05'}, battery_charge, None, None
220.07, [INFO], r1, {'y': 16.323, 'x': -12.796, 'yaw': 3.142}, pose, None, None
230.03, [INFO], r1, {'y': 17.839, 'x': -11.603, 'yaw': 3.142}, pose, None, None
230.03, [INFO], r1, {'battery-level': '88.55'}, battery_charge, None, None
240.04, [INFO], r1, {'y': 17.992, 'x': -11.494, 'yaw': -3.141}, pose, None, None
240.04, [INFO], r1, {'battery-level': '88.05'}, battery_charge, None, None
243.01, [INFO], r1, skill-success, None, navto, None
243.01, [INFO], r1, started skill, None, approach-nurse, None
243.01, [INFO], r1, sent message, None, None, None
243.01, [INFO], r1, skill-success, None, approach-nurse, None
243.01, [INFO], r1, started skill, None, authenticate-nurse, None
243.01, [INFO], r1, sent message, None, None, None
243.01, [INFO], r1, started skill, None, open-drawer, None
243.01, [INFO], r1, sent message, None, None, None
243.01, [INFO], r1, skill-success, None, open-drawer, None
243.01, [INFO], r1, started skill, None, deposit, None
243.01, [INFO], r1, sent message, None, None, None
243.01, [INFO], r1, skill-success, None, deposit, None
243.01, [INFO], r1, started skill, None, close-drawer, None
243.01, [INFO], r1, sent message, None, None, None
243.01, [INFO], r1, skill-success, None, close-drawer, None
243.01, [INFO], r1, started skill, None, navto, None
250.00, [INFO], r1, {'y': 16.759, 'x': -12.166, 'yaw': 3.142}, pose, None, None
250.00, [INFO], r1, {'battery-level': '87.55'}, battery_charge, None, None
260.05, [INFO], r1, {'battery-level': '87.05'}, battery_charge, None, None
260.05, [INFO], r1, {'y': 16.292, 'x': -14.199, 'yaw': 3.14}, pose, None, None
270.06, [INFO], r1, {'y': 16.152, 'x': -16.308, 'yaw': 3.14}, pose, None, None
270.06, [INFO], r1, {'battery-level': '86.55'}, battery_charge, None, None
280.03, [INFO], r1, {'y': 16.213, 'x': -18.409, 'yaw': 3.141}, pose, None, None
280.03, [INFO], r1, {'battery-level': '86.05'}, battery_charge, None, None
290.00, [INFO], r1, {'battery-level': '85.55'}, battery_charge, None, None
290.00, [INFO], r1, {'y': 16.379, 'x': -20.511, 'yaw': 3.142}, pose, None, None
300.06, [INFO], r1, {'y': 16.231, 'x': -22.636, 'yaw': 3.141}, pose, None, None
300.06, [INFO], r1, {'battery-level': '85.05'}, battery_charge, None, None
310.07, [INFO], r1, {'battery-level': '84.55'}, battery_charge, None, None
310.07, [INFO], r1, {'y': 16.098, 'x': -24.745, 'yaw': -3.142}, pose, None, None
320.03, [INFO], r1, {'y': 16.014, 'x': -26.862, 'yaw': 3.142}, pose, None, None
320.03, [INFO], r1, {'battery-level': '84.05'}, battery_charge, None, None
330.05, [INFO], r1, {'battery-level': '83.55'}, battery_charge, None, None
330.05, [INFO], r1, {'y': 15.993, 'x': -28.966, 'yaw': -3.142}, pose, None, None
340.04, [INFO], r1, {'battery-level': '83.05'}, battery_charge, None, None
340.04, [INFO], r1, {'y': 15.948, 'x': -31.073, 'yaw': -3.142}, pose, None, None
350.03, [INFO], r1, {'y': 15.739, 'x': -33.181, 'yaw': -3.141}, pose, None, None
350.03, [INFO], r1, {'battery-level': '82.55'}, battery_charge, None, None
360.04, [INFO], r1, {'y': 15.641, 'x': -35.252, 'yaw': -3.142}, pose, None, None
360.04, [INFO], r1, {'battery-level': '82.05'}, battery_charge, None, None
370.04, [INFO], r1, {'y': 17.484, 'x': -36.085, 'yaw': -3.142}, pose, None, None
370.04, [INFO], r1, {'battery-level': '81.55'}, battery_charge, None, None
380.08, [INFO], r1, {'battery-level': '81.05'}, battery_charge, None, None
380.08, [INFO], r1, {'y': 19.606, 'x': -36.166, 'yaw': 3.141}, pose, None, None
390.09, [INFO], r1, {'y': 21.73, 'x': -36.271, 'yaw': 3.141}, pose, None, None
390.09, [INFO], r1, {'battery-level': '80.55'}, battery_charge, None, None
400.06, [INFO], r1, {'y': 23.825, 'x': -36.301, 'yaw': 3.141}, pose, None, None
400.06, [INFO], r1, {'battery-level': '80.05'}, battery_charge, None, None
410.03, [INFO], r1, {'y': 25.929, 'x': -36.282, 'yaw': 3.141}, pose, None, None
410.03, [INFO], r1, {'battery-level': '79.55'}, battery_charge, None, None
420.00, [INFO], r1, {'y': 28.03, 'x': -36.322, 'yaw': -3.142}, pose, None, None
420.00, [INFO], r1, {'battery-level': '79.05'}, battery_charge, None, None
430.08, [INFO], r1, {'battery-level': '78.55'}, battery_charge, None, None
430.08, [INFO], r1, {'y': 30.156, 'x': -36.402, 'yaw': 3.142}, pose, None, None
440.09, [INFO], r1, {'y': 32.272, 'x': -36.592, 'yaw': 3.142}, pose, None, None
440.09, [INFO], r1, {'battery-level': '78.05'}, battery_charge, None, None
450.02, [INFO], r1, {'battery-level': '77.55'}, battery_charge, None, None
450.02, [INFO], r1, {'y': 34.351, 'x': -36.831, 'yaw': 3.142}, pose, None, None
460.01, [INFO], r1, {'y': 36.0, 'x': -36.951, 'yaw': 3.142}, pose, None, None
460.01, [INFO], r1, {'battery-level': '77.05'}, battery_charge, None, None
465.73, [INFO], r1, skill-success, None, navto, None
465.73, [INFO], r1, started skill, None, approach-arm, None
465.73, [INFO], r1, sent message, None, None, None
465.73, [INFO], r1, skill-success, None, approach-arm, None
465.73, [INFO], r1, started skill, None, open-drawer, None
465.73, [INFO], r1, sent message, None, None, None
465.73, [INFO], r1, skill-success, None, open-drawer, None
465.73, [INFO], r1, started skill, None, pick-up-sample, None
465.73, [INFO], r1, sent message, None, None, None
465.73, [INFO], r1, skill-success, None, pick-up-sample, None
465.73, [INFO], r1, started skill, None, close-drawer, None
465.73, [INFO], r1, sent message, None, None, None
465.73, [INFO], r1, skill-success, None, close-drawer, None
465.73, [WARN], r1, SUCCESS, None, None, None
470.08, [INFO], r1, {'y': 36.036, 'x': -36.961, 'yaw': -3.142}, pose, None, None
470.08, [INFO], r1, {'battery-level': '76.55'}, battery_charge, None, None
