9.77, [INFO], r1, started skill, None, navto, None
9.96, [INFO], r1, {'y': 33.95, 'x': -39.44, 'yaw': -3.142}, pose, None, None
10.06, [INFO], r1, {'battery-level': '99.55'}, battery_charge, None, None
20.03, [INFO], r1, {'y': 34.499, 'x': -37.471, 'yaw': -3.142}, pose, None, None
20.03, [INFO], r1, {'battery-level': '99.05'}, battery_charge, None, None
30.01, [INFO], r1, {'battery-level': '98.55'}, battery_charge, None, None
30.01, [INFO], r1, {'y': 32.537, 'x': -37.036, 'yaw': 3.14}, pose, None, None
40.09, [INFO], r1, {'battery-level': '98.05'}, battery_charge, None, None
40.09, [INFO], r1, {'y': 30.407, 'x': -37.038, 'yaw': 3.14}, pose, None, None
50.05, [INFO], r1, {'y': 28.307, 'x': -37.025, 'yaw': 3.141}, pose, None, None
50.05, [INFO], r1, {'battery-level': '97.55'}, battery_charge, None, None
60.08, [INFO], r1, {'y': 26.179, 'x': -37.037, 'yaw': 3.141}, pose, None, None
60.08, [INFO], r1, {'battery-level': '97.05'}, battery_charge, None, None
70.05, [INFO], r1, {'battery-level': '96.55'}, battery_charge, None, None
70.05, [INFO], r1, {'y': 24.079, 'x': -37.041, 'yaw': -3.141}, pose, None, None
80.09, [INFO], r1, {'y': 21.964, 'x': -37.132, 'yaw': 3.142}, pose, None, None
80.09, [INFO], r1, {'battery-level': '96.05'}, battery_charge, None, None
90.00, [INFO], r1, {'y': 19.851, 'x': -37.077, 'yaw': -3.138}, pose, None, None
90.00, [INFO], r1, {'battery-level': '95.55'}, battery_charge, None, None
100.08, [INFO], r1, {'y': 17.73, 'x': -37.048, 'yaw': 3.141}, pose, None, None
100.08, [INFO], r1, {'battery-level': '95.05'}, battery_charge, None, None
110.08, [INFO], r1, {'y': 15.994, 'x': -36.379, 'yaw': 3.141}, pose, None, None
110.08, [INFO], r1, {'battery-level': '94.55'}, battery_charge, None, None
120.08, [INFO], r1, {'battery-level': '94.05'}, battery_charge, None, None
120.08, [INFO], r1, {'y': 15.365, 'x': -34.34, 'yaw': -3.141}, pose, None, None
130.09, [INFO], r1, {'y': 15.496, 'x': -32.212, 'yaw': 3.142}, pose, None, None
130.09, [INFO], r1, {'battery-level': '93.55'}, battery_charge, None, None
140.07, [INFO], r1, {'y': 15.599, 'x': -30.106, 'yaw': 3.141}, pose, None, None
140.07, [INFO], r1, {'battery-level': '93.05'}, battery_charge, None, None
150.08, [INFO], r1, {'battery-level': '92.55'}, battery_charge, None, None
150.08, [INFO], r1, {'y': 15.805, 'x': -27.977, 'yaw': -3.14}, pose, None, None
160.09, [INFO], r1, {'battery-level': '92.05'}, battery_charge, None, None
160.09, [INFO], r1, {'y': 16.007, 'x': -25.873, 'yaw': 3.141}, pose, None, None
170.00, [INFO], r1, {'y': 16.003, 'x': -23.765, 'yaw': 3.14}, pose, None, None
170.00, [INFO], r1, {'battery-level': '91.55'}, battery_charge, None, None
180.09, [INFO], r1, {'y': 16.008, 'x': -21.629, 'yaw': -3.142}, pose, None, None
180.09, [INFO], r1, {'battery-level': '91.05'}, battery_charge, None, None
190.09, [INFO], r1, {'y': 16.173, 'x': -19.514, 'yaw': 3.142}, pose, None, None
190.09, [INFO], r1, {'battery-level': '90.55'}, battery_charge, None, None
200.01, [INFO], r1, {'y': 16.038, 'x': -17.436, 'yaw': 3.142}, pose, None, None
200.01, [INFO], r1, {'battery-level': '90.05'}, battery_charge, None, None
210.02, [INFO], r1, {'y': 15.993, 'x': -15.323, 'yaw': -3.139}, pose, None, None
210.02, [INFO], r1, {'battery-level': '89.55'}, battery_charge, None, None
220.01, [INFO], r1, {'battery-level': '89.05'}, battery_charge, None, None
220.01, [INFO], r1, {'y': 16.218, 'x': -13.213, 'yaw': 3.141}, pose, None, None
230.02, [INFO], r1, {'y': 17.605, 'x': -11.716, 'yaw': 3.142}, pose, None, None
230.02, [INFO], r1, {'battery-level': '88.55'}, battery_charge, None, None
240.07, [INFO], r1, {'y': 17.979, 'x': -11.507, 'yaw': -3.141}, pose, None, None
240.07, [INFO], r1, {'battery-level': '88.05'}, battery_charge, None, None
242.56, [INFO], r1, skill-success, None, navto, None
242.56, [INFO], r1, started skill, None, approach-nurse, None
242.56, [INFO], r1, sent message, None, None, None
242.56, [INFO], r1, skill-success, None, approach-nurse, None
242.56, [INFO], r1, started skill, None, authenticate-nurse, None
242.56, [WARN], r1, SKILL-FAILURE, None, authenticate-nurse, None
250.05, [INFO], r1, {'y': 17.981, 'x': -11.509, 'yaw': -3.142}, pose, None, None
250.05, [INFO], r1, {'battery-level': '87.55'}, battery_charge, None, None
