9.71, [INFO], r1, started skill, None, navto, None
10.00, [INFO], r1, {'y': 33.95, 'x': -39.439, 'yaw': 3.142}, pose, None, None
10.00, [INFO], r1, {'battery-level': '99.60'}, battery_charge, None, None
20.06, [INFO], r1, {'y': 34.513, 'x': -37.444, 'yaw': -3.141}, pose, None, None
20.06, [INFO], r1, {'battery-level': '99.10'}, battery_charge, None, None
30.00, [INFO], r1, {'y': 32.54, 'x': -37.001, 'yaw': 3.14}, pose, None, None
30.00, [INFO], r1, {'battery-level': '98.60'}, battery_charge, None, None
40.08, [INFO], r1, {'y': 30.401, 'x': -37.047, 'yaw': 3.141}, pose, None, None
40.08, [INFO], r1, {'battery-level': '98.10'}, battery_charge, None, None
50.06, [INFO], r1, {'y': 28.294, 'x': -37.048, 'yaw': 3.141}, pose, None, None
50.06, [INFO], r1, {'battery-level': '97.60'}, battery_charge, None, None
60.00, [INFO], r1, {'battery-level': '97.10'}, battery_charge, None, None
60.00, [INFO], r1, {'y': 26.192, 'x': -36.998, 'yaw': -3.137}, pose, None, None
70.08, [INFO], r1, {'battery-level': '96.60'}, battery_charge, None, None
70.08, [INFO], r1, {'y': 24.052, 'x': -37.039, 'yaw': 3.141}, pose, None, None
80.05, [INFO], r1, {'y': 21.929, 'x': -37.136, 'yaw': -3.142}, pose, None, None
80.05, [INFO], r1, {'battery-level': '96.10'}, battery_charge, None, None
90.00, [INFO], r1, {'y': 19.833, 'x': -37.123, 'yaw': 3.141}, pose, None, None
90.00, [INFO], r1, {'battery-level': '95.60'}, battery_charge, None, None
100.02, [INFO], r1, {'y': 17.712, 'x': -37.04, 'yaw': 3.141}, pose, None, None
100.02, [INFO], r1, {'battery-level': '95.10'}, battery_charge, None, None
110.06, [INFO], r1, {'y': 15.786, 'x': -36.556, 'yaw': 3.14}, pose, None, None
110.06, [INFO], r1, {'battery-level': '94.60'}, battery_charge, None, None
120.04, [INFO], r1, {'y': 15.372, 'x': -34.475, 'yaw': -3.141}, pose, None, None
120.04, [INFO], r1, {'battery-level': '94.10'}, battery_charge, None, None
130.01, [INFO], r1, {'y': 15.546, 'x': -32.371, 'yaw': -3.142}, pose, None, None
130.01, [INFO], r1, {'battery-level': '93.60'}, battery_charge, None, None
140.09, [INFO], r1, {'y': 15.629, 'x': -30.24, 'yaw': -3.142}, pose, None, None
140.09, [INFO], r1, {'battery-level': '93.10'}, battery_charge, None, None
150.00, [INFO], r1, {'y': 15.722, 'x': -28.159, 'yaw': 3.142}, pose, None, None
150.00, [INFO], r1, {'battery-level': '92.60'}, battery_charge, None, None
160.07, [INFO], r1, {'y': 16.071, 'x': -26.027, 'yaw': -3.14}, pose, None, None
160.07, [INFO], r1, {'battery-level': '92.10'}, battery_charge, None, None
170.07, [INFO], r1, {'y': 16.185, 'x': -23.921, 'yaw': 3.141}, pose, None, None
170.07, [INFO], r1, {'battery-level': '91.60'}, battery_charge, None, None
180.03, [INFO], r1, {'y': 16.185, 'x': -21.813, 'yaw': 3.142}, pose, None, None
180.03, [INFO], r1, {'battery-level': '91.10'}, battery_charge, None, None
190.07, [INFO], r1, {'y': 16.32, 'x': -19.702, 'yaw': -3.139}, pose, None, None
190.07, [INFO], r1, {'battery-level': '90.60'}, battery_charge, None, None
200.05, [INFO], r1, {'y': 16.241, 'x': -17.595, 'yaw': 3.142}, pose, None, None
200.05, [INFO], r1, {'battery-level': '90.10'}, battery_charge, None, None
210.01, [INFO], r1, {'y': 16.135, 'x': -15.499, 'yaw': 3.141}, pose, None, None
210.01, [INFO], r1, {'battery-level': '89.60'}, battery_charge, None, None
220.01, [INFO], r1, {'y': 16.267, 'x': -13.371, 'yaw': -3.141}, pose, None, None
220.01, [INFO], r1, {'battery-level': '89.10'}, battery_charge, None, None
230.00, [INFO], r1, {'battery-level': '88.60'}, battery_charge, None, None
230.00, [INFO], r1, {'y': 17.481, 'x': -11.818, 'yaw': -3.142}, pose, None, None
240.06, [INFO], r1, {'y': 17.974, 'x': -11.568, 'yaw': 3.142}, pose, None, None
240.06, [INFO], r1, {'battery-level': '88.10'}, battery_charge, None, None
240.92, [INFO], r1, skill-success, None, navto, None
240.92, [INFO], r1, started skill, None, approach-nurse, None
240.92, [INFO], r1, sent message, None, None, None
240.92, [INFO], r1, skill-success, None, approach-nurse, None
240.92, [INFO], r1, started skill, None, authenticate-nurse, None
240.92, [INFO], r1, sent message, None, None, None
240.92, [INFO], r1, skill-success, None, authenticate-nurse, None
240.92, [INFO], r1, started skill, None, open-drawer, None
240.92, [INFO], r1, sent message, None, None, None
240.92, [INFO], r1, skill-success, None, open-drawer, None
240.92, [INFO], r1, started skill, None, deposit, None
240.92, [INFO], r1, sent message, None, None, None
240.92, [INFO], r1, skill-success, None, deposit, None
240.92, [INFO], r1, started skill, None, close-drawer, None
240.92, [INFO], r1, sent message, None, None, None
240.92, [INFO], r1, skill-success, None, close-drawer, None
240.92, [INFO], r1, started skill, None, navto, None
250.06, [INFO], r1, {'y': 16.4, 'x': -12.532, 'yaw': -3.142}, pose, None, None
250.06, [INFO], r1, {'battery-level': '87.60'}, battery_charge, None, None
260.03, [INFO], r1, {'battery-level': '87.10'}, battery_charge, None, None
260.03, [INFO], r1, {'y': 16.242, 'x': -14.634, 'yaw': 3.142}, pose, None, None
270.05, [INFO], r1, {'y': 16.19, 'x': -16.742, 'yaw': 3.141}, pose, None, None
270.05, [INFO], r1, {'battery-level': '86.60'}, battery_charge, None, None
280.01, [INFO], r1, {'battery-level': '86.10'}, battery_charge, None, None
280.01, [INFO], r1, {'y': 16.269, 'x': -18.842, 'yaw': 3.138}, pose, None, None
290.01, [INFO], r1, {'y': 16.348, 'x': -20.941, 'yaw': 3.141}, pose, None, None
290.01, [INFO], r1, {'battery-level': '85.60'}, battery_charge, None, None
300.02, [INFO], r1, {'y': 16.181, 'x': -23.056, 'yaw': 3.142}, pose, None, None
300.02, [INFO], r1, {'battery-level': '85.10'}, battery_charge, None, None
310.03, [INFO], r1, {'y': 16.108, 'x': -25.169, 'yaw': -3.141}, pose, None, None
310.03, [INFO], r1, {'battery-level': '84.60'}, battery_charge, None, None
320.05, [INFO], r1, {'y': 15.941, 'x': -27.295, 'yaw': 3.141}, pose, None, None
320.05, [INFO], r1, {'battery-level': '84.10'}, battery_charge, None, None
330.04, [INFO], r1, {'y': 16.044, 'x': -29.406, 'yaw': 3.142}, pose, None, None
330.04, [INFO], r1, {'battery-level': '83.60'}, battery_charge, None, None
340.00, [INFO], r1, {'y': 15.905, 'x': -31.513, 'yaw': 3.141}, pose, None, None
340.00, [INFO], r1, {'battery-level': '83.10'}, battery_charge, None, None
350.00, [INFO], r1, {'y': 15.619, 'x': -33.614, 'yaw': 3.141}, pose, None, None
350.00, [INFO], r1, {'battery-level': '82.60'}, battery_charge, None, None
360.00, [INFO], r1, {'battery-level': '82.10'}, battery_charge, None, None
360.00, [INFO], r1, {'y': 16.042, 'x': -35.54, 'yaw': 3.142}, pose, None, None
370.08, [INFO], r1, {'y': 18.022, 'x': -36.096, 'yaw': 3.141}, pose, None, None
370.08, [INFO], r1, {'battery-level': '81.60'}, battery_charge, None, None
380.06, [INFO], r1, {'y': 20.122, 'x': -36.25, 'yaw': -3.142}, pose, None, None
380.06, [INFO], r1, {'battery-level': '81.10'}, battery_charge, None, None
390.05, [INFO], r1, {'y': 22.228, 'x': -36.347, 'yaw': -3.142}, pose, None, None
390.05, [INFO], r1, {'battery-level': '80.60'}, battery_charge, None, None
400.05, [INFO], r1, {'y': 24.335, 'x': -36.316, 'yaw': -3.142}, pose, None, None
400.05, [INFO], r1, {'battery-level': '80.10'}, battery_charge, None, None
410.05, [INFO], r1, {'y': 26.449, 'x': -36.307, 'yaw': -3.142}, pose, None, None
410.05, [INFO], r1, {'battery-level': '79.60'}, battery_charge, None, None
420.04, [INFO], r1, {'battery-level': '79.10'}, battery_charge, None, None
420.04, [INFO], r1, {'y': 28.56, 'x': -36.36, 'yaw': -3.141}, pose, None, None
430.06, [INFO], r1, {'y': 30.678, 'x': -36.458, 'yaw': -3.142}, pose, None, None
430.06, [INFO], r1, {'battery-level': '78.60'}, battery_charge, None, None
440.00, [INFO], r1, {'y': 32.769, 'x': -36.657, 'yaw': 3.141}, pose, None, None
440.00, [INFO], r1, {'battery-level': '78.10'}, battery_charge, None, None
450.02, [INFO], r1, {'battery-level': '77.60'}, battery_charge, None, None
450.02, [INFO], r1, {'y': 34.871, 'x': -36.911, 'yaw': 3.141}, pose, None, None
460.01, [INFO], r1, {'y': 36.126, 'x': -36.948, 'yaw': -3.142}, pose, None, None
460.01, [INFO], r1, {'battery-level': '77.10'}, battery_charge, None, None
463.01, [INFO], r1, skill-success, None, navto, None
463.01, [INFO], r1, started skill, None, approach-arm, None
463.01, [INFO], r1, sent message, None, None, None
463.10, [INFO], r1, skill-success, None, approach-arm, None
463.10, [INFO], r1, started skill, None, open-drawer, None
463.10, [WARN], r1, SKILL-FAILURE, None, open-drawer, None
