0.19, [DEBUG], logger, ROBOTS_CONFIG={'capabilities': ['approach_person', 'approach_robot', 'authenticate_person', 'navigation', 'operate_drawer'], 'battery_charge': 1, 'nurse_pose': [-27.25, 13.0, 1.57], 'robot_pose': [-32.88, 33.98, 3.14]}, None, None, None
0.19, [DEBUG], logger, Simulation open, None, None, None
10.05, [INFO], r1, {'y': 33.98, 'x': -32.88, 'yaw': -3.142}, pose, None, None
10.05, [INFO], r1, {'battery-level': '99.55'}, battery_charge, None, None
10.55, [INFO], r1, started skill, None, navto, None
20.08, [INFO], r1, {'y': 34.646, 'x': -34.71, 'yaw': 3.142}, pose, None, None
20.08, [INFO], r1, {'battery-level': '99.05'}, battery_charge, None, None
30.01, [INFO], r1, {'y': 33.729, 'x': -36.176, 'yaw': 3.142}, pose, None, None
30.01, [INFO], r1, {'battery-level': '98.55'}, battery_charge, None, None
40.00, [INFO], r1, {'y': 31.628, 'x': -36.255, 'yaw': 3.141}, pose, None, None
40.00, [INFO], r1, {'battery-level': '98.05'}, battery_charge, None, None
50.01, [INFO], r1, {'battery-level': '97.55'}, battery_charge, None, None
50.01, [INFO], r1, {'y': 29.52, 'x': -36.363, 'yaw': 3.142}, pose, None, None
60.01, [INFO], r1, {'battery-level': '97.05'}, battery_charge, None, None
60.01, [INFO], r1, {'y': 27.415, 'x': -36.438, 'yaw': 3.141}, pose, None, None
70.04, [INFO], r1, {'y': 25.293, 'x': -36.496, 'yaw': 3.14}, pose, None, None
70.04, [INFO], r1, {'battery-level': '96.55'}, battery_charge, None, None
80.06, [INFO], r1, {'y': 23.171, 'x': -36.565, 'yaw': 3.141}, pose, None, None
80.06, [INFO], r1, {'battery-level': '96.05'}, battery_charge, None, None
90.08, [INFO], r1, {'y': 21.066, 'x': -36.732, 'yaw': -3.142}, pose, None, None
90.08, [INFO], r1, {'battery-level': '95.55'}, battery_charge, None, None
100.06, [INFO], r1, {'y': 18.97, 'x': -36.758, 'yaw': 3.14}, pose, None, None
100.06, [INFO], r1, {'battery-level': '95.05'}, battery_charge, None, None
110.04, [INFO], r1, {'y': 16.864, 'x': -36.802, 'yaw': 3.141}, pose, None, None
110.04, [INFO], r1, {'battery-level': '94.55'}, battery_charge, None, None
120.06, [INFO], r1, {'y': 15.625, 'x': -35.569, 'yaw': -3.142}, pose, None, None
120.06, [INFO], r1, {'battery-level': '94.05'}, battery_charge, None, None
130.05, [INFO], r1, {'y': 15.464, 'x': -33.457, 'yaw': -3.141}, pose, None, None
130.05, [INFO], r1, {'battery-level': '93.55'}, battery_charge, None, None
140.06, [INFO], r1, {'y': 15.502, 'x': -31.336, 'yaw': 3.142}, pose, None, None
140.06, [INFO], r1, {'battery-level': '93.05'}, battery_charge, None, None
150.03, [INFO], r1, {'battery-level': '92.55'}, battery_charge, None, None
150.03, [INFO], r1, {'y': 15.699, 'x': -29.234, 'yaw': -3.142}, pose, None, None
160.02, [INFO], r1, {'y': 15.525, 'x': -27.225, 'yaw': 3.142}, pose, None, None
160.02, [INFO], r1, {'battery-level': '92.05'}, battery_charge, None, None
170.03, [INFO], r1, {'y': 13.414, 'x': -27.431, 'yaw': 3.141}, pose, None, None
170.03, [INFO], r1, {'battery-level': '91.55'}, battery_charge, None, None
180.02, [INFO], r1, {'battery-level': '91.05'}, battery_charge, None, None
180.02, [INFO], r1, {'y': 12.918, 'x': -27.38, 'yaw': 3.142}, pose, None, None
181.00, [INFO], r1, skill-success, None, navto, None
181.00, [INFO], r1, started skill, None, approach-nurse, None
181.00, [INFO], r1, sent message, None, None, None
181.00, [INFO], r1, skill-success, None, approach-nurse, None
181.00, [INFO], r1, started skill, None, authenticate-nurse, None
181.00, [INFO], r1, sent message, None, None, None
181.00, [INFO], r1, started skill, None, open-drawer, None
181.00, [INFO], r1, sent message, None, None, None
181.00, [INFO], r1, skill-success, None, open-drawer, None
181.00, [INFO], r1, started skill, None, deposit, None
181.00, [INFO], r1, sent message, None, None, None
181.00, [INFO], r1, skill-success, None, deposit, None
181.00, [INFO], r1, started skill, None, close-drawer, None
181.00, [INFO], r1, sent message, None, None, None
181.00, [INFO], r1, skill-success, None, close-drawer, None
181.00, [INFO], r1, started skill, None, navto, None
190.10, [INFO], r1, {'y': 14.78, 'x': -27.318, 'yaw': -3.142}, pose, None, None
190.10, [INFO], r1, {'battery-level': '90.55'}, battery_charge, None, None
200.00, [INFO], r1, {'y': 15.649, 'x': -28.515, 'yaw': 3.141}, pose, None, None
200.00, [INFO], r1, {'battery-level': '90.05'}, battery_charge, None, None
210.09, [INFO], r1, {'y': 15.633, 'x': -30.653, 'yaw': -3.142}, pose, None, None
210.09, [INFO], r1, {'battery-level': '89.55'}, battery_charge, None, None
220.01, [INFO], r1, {'battery-level': '89.05'}, battery_charge, None, None
220.01, [INFO], r1, {'y': 15.54, 'x': -32.742, 'yaw': 3.14}, pose, None, None
230.01, [INFO], r1, {'battery-level': '88.55'}, battery_charge, None, None
230.01, [INFO], r1, {'y': 15.467, 'x': -34.862, 'yaw': -3.142}, pose, None, None
240.01, [INFO], r1, {'y': 17.076, 'x': -36.121, 'yaw': 3.142}, pose, None, None
240.01, [INFO], r1, {'battery-level': '88.05'}, battery_charge, None, None
250.10, [INFO], r1, {'y': 19.199, 'x': -36.19, 'yaw': 3.141}, pose, None, None
250.10, [INFO], r1, {'battery-level': '87.55'}, battery_charge, None, None
260.02, [INFO], r1, {'y': 21.296, 'x': -36.229, 'yaw': 3.142}, pose, None, None
260.02, [INFO], r1, {'battery-level': '87.05'}, battery_charge, None, None
270.03, [INFO], r1, {'y': 23.408, 'x': -36.323, 'yaw': -3.141}, pose, None, None
270.03, [INFO], r1, {'battery-level': '86.55'}, battery_charge, None, None
280.03, [INFO], r1, {'y': 25.513, 'x': -36.267, 'yaw': -3.142}, pose, None, None
280.03, [INFO], r1, {'battery-level': '86.05'}, battery_charge, None, None
290.04, [INFO], r1, {'battery-level': '85.55'}, battery_charge, None, None
290.04, [INFO], r1, {'y': 27.636, 'x': -36.31, 'yaw': -3.142}, pose, None, None
300.06, [INFO], r1, {'y': 29.755, 'x': -36.418, 'yaw': 3.141}, pose, None, None
300.06, [INFO], r1, {'battery-level': '85.05'}, battery_charge, None, None
310.08, [INFO], r1, {'y': 31.867, 'x': -36.565, 'yaw': 3.142}, pose, None, None
310.08, [INFO], r1, {'battery-level': '84.55'}, battery_charge, None, None
320.10, [INFO], r1, {'y': 33.981, 'x': -36.893, 'yaw': -3.142}, pose, None, None
320.10, [INFO], r1, {'battery-level': '84.05'}, battery_charge, None, None
330.01, [INFO], r1, {'battery-level': '83.55'}, battery_charge, None, None
330.01, [INFO], r1, {'y': 35.95, 'x': -36.952, 'yaw': -3.142}, pose, None, None
337.44, [INFO], r1, skill-success, None, navto, None
337.44, [INFO], r1, started skill, None, approach-arm, None
337.44, [INFO], r1, sent message, None, None, None
337.44, [INFO], r1, skill-success, None, approach-arm, None
337.44, [INFO], r1, started skill, None, open-drawer, None
337.44, [INFO], r1, sent message, None, None, None
337.44, [INFO], r1, skill-success, None, open-drawer, None
337.44, [INFO], r1, started skill, None, pick-up-sample, None
337.44, [WARN], r1, SKILL-FAILURE, None, pick-up-sample, None
