9.86, [INFO], r1, started skill, None, navto, None
10.05, [INFO], r1, {'battery-level': '99.60'}, battery_charge, None, None
10.05, [INFO], r1, {'y': 33.98, 'x': -32.88, 'yaw': -3.142}, pose, None, None
20.03, [INFO], r1, {'y': 34.662, 'x': -34.858, 'yaw': 3.142}, pose, None, None
20.03, [INFO], r1, {'battery-level': '99.10'}, battery_charge, None, None
30.00, [INFO], r1, {'battery-level': '98.60'}, battery_charge, None, None
30.00, [INFO], r1, {'y': 33.614, 'x': -36.219, 'yaw': 3.142}, pose, None, None
40.00, [INFO], r1, {'y': 31.506, 'x': -36.221, 'yaw': 3.14}, pose, None, None
40.00, [INFO], r1, {'battery-level': '98.10'}, battery_charge, None, None
50.08, [INFO], r1, {'y': 29.375, 'x': -36.227, 'yaw': 3.142}, pose, None, None
50.08, [INFO], r1, {'battery-level': '97.60'}, battery_charge, None, None
60.05, [INFO], r1, {'y': 27.278, 'x': -36.305, 'yaw': -3.141}, pose, None, None
60.05, [INFO], r1, {'battery-level': '97.10'}, battery_charge, None, None
70.08, [INFO], r1, {'y': 25.172, 'x': -36.398, 'yaw': -3.141}, pose, None, None
70.08, [INFO], r1, {'battery-level': '96.60'}, battery_charge, None, None
80.04, [INFO], r1, {'battery-level': '96.10'}, battery_charge, None, None
80.04, [INFO], r1, {'y': 23.079, 'x': -36.497, 'yaw': -3.141}, pose, None, None
90.04, [INFO], r1, {'battery-level': '95.60'}, battery_charge, None, None
90.04, [INFO], r1, {'y': 20.973, 'x': -36.596, 'yaw': 3.142}, pose, None, None
100.01, [INFO], r1, {'y': 18.878, 'x': -36.677, 'yaw': -3.142}, pose, None, None
100.01, [INFO], r1, {'battery-level': '95.10'}, battery_charge, None, None
110.04, [INFO], r1, {'y': 16.766, 'x': -36.741, 'yaw': 3.142}, pose, None, None
110.04, [INFO], r1, {'battery-level': '94.60'}, battery_charge, None, None
120.04, [INFO], r1, {'y': 15.626, 'x': -35.493, 'yaw': 3.142}, pose, None, None
120.04, [INFO], r1, {'battery-level': '94.10'}, battery_charge, None, None
130.03, [INFO], r1, {'battery-level': '93.60'}, battery_charge, None, None
130.03, [INFO], r1, {'y': 15.475, 'x': -33.393, 'yaw': -3.141}, pose, None, None
140.03, [INFO], r1, {'y': 15.621, 'x': -31.278, 'yaw': -3.141}, pose, None, None
140.03, [INFO], r1, {'battery-level': '93.10'}, battery_charge, None, None
150.08, [INFO], r1, {'y': 15.712, 'x': -29.15, 'yaw': -3.141}, pose, None, None
150.08, [INFO], r1, {'battery-level': '92.60'}, battery_charge, None, None
160.07, [INFO], r1, {'battery-level': '92.10'}, battery_charge, None, None
160.07, [INFO], r1, {'y': 15.353, 'x': -27.267, 'yaw': -3.137}, pose, None, None
170.05, [INFO], r1, {'y': 13.262, 'x': -27.422, 'yaw': -3.142}, pose, None, None
170.05, [INFO], r1, {'battery-level': '91.60'}, battery_charge, None, None
180.07, [INFO], r1, {'battery-level': '91.10'}, battery_charge, None, None
180.07, [INFO], r1, {'y': 12.952, 'x': -27.375, 'yaw': -3.142}, pose, None, None
187.42, [INFO], r1, skill-success, None, navto, None
187.42, [INFO], r1, started skill, None, approach-nurse, None
187.52, [INFO], r1, sent message, None, None, None
187.52, [INFO], r1, started skill, None, open-drawer, None
187.52, [INFO], r1, sent message, None, None, None
187.52, [INFO], r1, skill-success, None, open-drawer, None
187.52, [INFO], r1, started skill, None, deposit, None
187.52, [INFO], r1, sent message, None, None, None
187.52, [INFO], r1, skill-success, None, deposit, None
187.52, [INFO], r1, started skill, None, close-drawer, None
187.52, [INFO], r1, sent message, None, None, None
187.52, [INFO], r1, skill-success, None, close-drawer, None
187.52, [INFO], r1, started skill, None, navto, None
190.01, [INFO], r1, {'y': 13.322, 'x': -27.404, 'yaw': -3.142}, pose, None, None
190.01, [INFO], r1, {'battery-level': '90.60'}, battery_charge, None, None
200.06, [INFO], r1, {'y': 15.405, 'x': -27.338, 'yaw': -3.141}, pose, None, None
200.06, [INFO], r1, {'battery-level': '90.10'}, battery_charge, None, None
210.08, [INFO], r1, {'battery-level': '89.60'}, battery_charge, None, None
210.08, [INFO], r1, {'y': 15.598, 'x': -29.348, 'yaw': -3.142}, pose, None, None
220.06, [INFO], r1, {'y': 15.493, 'x': -31.441, 'yaw': 3.141}, pose, None, None
220.06, [INFO], r1, {'battery-level': '89.10'}, battery_charge, None, None
230.01, [INFO], r1, {'y': 15.439, 'x': -33.552, 'yaw': 3.142}, pose, None, None
230.01, [INFO], r1, {'battery-level': '88.60'}, battery_charge, None, None
240.01, [INFO], r1, {'y': 16.026, 'x': -35.483, 'yaw': 3.142}, pose, None, None
240.01, [INFO], r1, {'battery-level': '88.10'}, battery_charge, None, None
250.00, [INFO], r1, {'y': 18.0, 'x': -36.043, 'yaw': 3.141}, pose, None, None
250.00, [INFO], r1, {'battery-level': '87.60'}, battery_charge, None, None
260.07, [INFO], r1, {'y': 20.121, 'x': -36.23, 'yaw': 3.142}, pose, None, None
260.07, [INFO], r1, {'battery-level': '87.10'}, battery_charge, None, None
270.01, [INFO], r1, {'y': 22.222, 'x': -36.275, 'yaw': 3.141}, pose, None, None
270.01, [INFO], r1, {'battery-level': '86.60'}, battery_charge, None, None
280.05, [INFO], r1, {'y': 24.33, 'x': -36.302, 'yaw': 3.141}, pose, None, None
280.05, [INFO], r1, {'battery-level': '86.10'}, battery_charge, None, None
290.00, [INFO], r1, {'battery-level': '85.60'}, battery_charge, None, None
290.00, [INFO], r1, {'y': 26.421, 'x': -36.302, 'yaw': 3.141}, pose, None, None
300.06, [INFO], r1, {'battery-level': '85.10'}, battery_charge, None, None
300.06, [INFO], r1, {'y': 28.537, 'x': -36.366, 'yaw': 3.141}, pose, None, None
310.00, [INFO], r1, {'y': 30.642, 'x': -36.439, 'yaw': -3.142}, pose, None, None
310.00, [INFO], r1, {'battery-level': '84.60'}, battery_charge, None, None
320.06, [INFO], r1, {'y': 32.769, 'x': -36.67, 'yaw': -3.142}, pose, None, None
320.06, [INFO], r1, {'battery-level': '84.10'}, battery_charge, None, None
330.08, [INFO], r1, {'y': 34.885, 'x': -36.855, 'yaw': 3.141}, pose, None, None
330.08, [INFO], r1, {'battery-level': '83.60'}, battery_charge, None, None
340.01, [INFO], r1, {'y': 36.067, 'x': -36.959, 'yaw': 3.141}, pose, None, None
340.01, [INFO], r1, {'battery-level': '83.10'}, battery_charge, None, None
344.93, [INFO], r1, skill-success, None, navto, None
344.93, [INFO], r1, started skill, None, approach-arm, None
344.93, [INFO], r1, sent message, None, None, None
344.93, [INFO], r1, skill-success, None, approach-arm, None
344.93, [INFO], r1, started skill, None, open-drawer, None
344.93, [INFO], r1, sent message, None, None, None
344.93, [INFO], r1, skill-success, None, open-drawer, None
344.93, [INFO], r1, started skill, None, pick-up-sample, None
344.93, [INFO], r1, sent message, None, None, None
344.93, [INFO], r1, skill-success, None, pick-up-sample, None
344.93, [INFO], r1, started skill, None, close-drawer, None
344.93, [INFO], r1, sent message, None, None, None
344.93, [INFO], r1, skill-success, None, close-drawer, None
344.93, [WARN], r1, SUCCESS, None, None, None
350.07, [INFO], r1, {'battery-level': '82.60'}, battery_charge, None, None
350.07, [INFO], r1, {'y': 36.063, 'x': -36.962, 'yaw': -3.142}, pose, None, None
