9.86, [INFO], r1, started skill, None, navto, None
10.06, [INFO], r1, {'y': 33.98, 'x': -32.881, 'yaw': 3.142}, pose, None, None
10.06, [INFO], r1, {'battery-level': '99.60'}, battery_charge, None, None
20.10, [INFO], r1, {'y': 34.701, 'x': -34.878, 'yaw': -3.142}, pose, None, None
20.10, [INFO], r1, {'battery-level': '99.10'}, battery_charge, None, None
30.04, [INFO], r1, {'y': 33.55, 'x': -36.207, 'yaw': -3.142}, pose, None, None
30.04, [INFO], r1, {'battery-level': '98.60'}, battery_charge, None, None
40.08, [INFO], r1, {'y': 31.429, 'x': -36.224, 'yaw': -3.141}, pose, None, None
40.08, [INFO], r1, {'battery-level': '98.10'}, battery_charge, None, None
50.01, [INFO], r1, {'y': 29.33, 'x': -36.291, 'yaw': 3.142}, pose, None, None
50.01, [INFO], r1, {'battery-level': '97.60'}, battery_charge, None, None
60.04, [INFO], r1, {'y': 27.215, 'x': -36.338, 'yaw': 3.142}, pose, None, None
60.04, [INFO], r1, {'battery-level': '97.10'}, battery_charge, None, None
70.08, [INFO], r1, {'battery-level': '96.60'}, battery_charge, None, None
70.08, [INFO], r1, {'y': 25.107, 'x': -36.396, 'yaw': -3.141}, pose, None, None
80.01, [INFO], r1, {'battery-level': '96.10'}, battery_charge, None, None
80.01, [INFO], r1, {'y': 23.02, 'x': -36.504, 'yaw': -3.141}, pose, None, None
90.05, [INFO], r1, {'battery-level': '95.60'}, battery_charge, None, None
90.05, [INFO], r1, {'y': 20.914, 'x': -36.66, 'yaw': 3.142}, pose, None, None
100.09, [INFO], r1, {'y': 18.793, 'x': -36.736, 'yaw': 3.142}, pose, None, None
100.09, [INFO], r1, {'battery-level': '95.10'}, battery_charge, None, None
110.02, [INFO], r1, {'battery-level': '94.60'}, battery_charge, None, None
110.02, [INFO], r1, {'y': 16.706, 'x': -36.781, 'yaw': 3.141}, pose, None, None
120.06, [INFO], r1, {'battery-level': '94.10'}, battery_charge, None, None
120.06, [INFO], r1, {'y': 15.616, 'x': -35.37, 'yaw': 3.142}, pose, None, None
130.09, [INFO], r1, {'y': 15.458, 'x': -33.263, 'yaw': -3.141}, pose, None, None
130.09, [INFO], r1, {'battery-level': '93.60'}, battery_charge, None, None
140.03, [INFO], r1, {'battery-level': '93.10'}, battery_charge, None, None
140.03, [INFO], r1, {'y': 15.558, 'x': -31.16, 'yaw': -3.142}, pose, None, None
150.06, [INFO], r1, {'battery-level': '92.60'}, battery_charge, None, None
150.06, [INFO], r1, {'y': 15.76, 'x': -29.051, 'yaw': 3.141}, pose, None, None
160.09, [INFO], r1, {'y': 15.889, 'x': -26.928, 'yaw': 3.142}, pose, None, None
160.09, [INFO], r1, {'battery-level': '92.10'}, battery_charge, None, None
170.02, [INFO], r1, {'battery-level': '91.60'}, battery_charge, None, None
170.02, [INFO], r1, {'y': 15.804, 'x': -24.836, 'yaw': 3.141}, pose, None, None
180.05, [INFO], r1, {'y': 15.763, 'x': -22.729, 'yaw': 3.141}, pose, None, None
180.05, [INFO], r1, {'battery-level': '91.10'}, battery_charge, None, None
190.08, [INFO], r1, {'y': 15.672, 'x': -20.618, 'yaw': -3.142}, pose, None, None
190.08, [INFO], r1, {'battery-level': '90.60'}, battery_charge, None, None
200.02, [INFO], r1, {'y': 15.077, 'x': -18.585, 'yaw': -3.142}, pose, None, None
200.02, [INFO], r1, {'battery-level': '90.10'}, battery_charge, None, None
210.05, [INFO], r1, {'battery-level': '89.60'}, battery_charge, None, None
210.05, [INFO], r1, {'y': 13.221, 'x': -18.141, 'yaw': 3.142}, pose, None, None
219.79, [INFO], r1, skill-success, None, navto, None
219.79, [INFO], r1, started skill, None, approach-nurse, None
219.79, [INFO], r1, sent message, None, None, None
219.79, [INFO], r1, skill-success, None, approach-nurse, None
219.79, [INFO], r1, started skill, None, open-drawer, None
219.79, [INFO], r1, sent message, None, None, None
219.79, [INFO], r1, skill-success, None, open-drawer, None
219.79, [INFO], r1, started skill, None, deposit, None
219.79, [INFO], r1, sent message, None, None, None
219.79, [INFO], r1, skill-success, None, deposit, None
219.79, [INFO], r1, started skill, None, close-drawer, None
219.79, [INFO], r1, sent message, None, None, None
219.79, [INFO], r1, skill-success, None, close-drawer, None
219.79, [INFO], r1, started skill, None, navto, None
220.09, [INFO], r1, {'y': 12.935, 'x': -18.138, 'yaw': 3.14}, pose, None, None
220.09, [INFO], r1, {'battery-level': '89.10'}, battery_charge, None, None
230.02, [INFO], r1, {'battery-level': '88.60'}, battery_charge, None, None
230.02, [INFO], r1, {'y': 14.918, 'x': -18.579, 'yaw': -3.142}, pose, None, None
240.05, [INFO], r1, {'battery-level': '88.10'}, battery_charge, None, None
240.05, [INFO], r1, {'y': 15.593, 'x': -20.609, 'yaw': -3.142}, pose, None, None
250.09, [INFO], r1, {'y': 15.771, 'x': -22.728, 'yaw': -3.141}, pose, None, None
250.09, [INFO], r1, {'battery-level': '87.60'}, battery_charge, None, None
260.02, [INFO], r1, {'battery-level': '87.10'}, battery_charge, None, None
260.02, [INFO], r1, {'y': 15.796, 'x': -24.822, 'yaw': 3.141}, pose, None, None
270.06, [INFO], r1, {'y': 15.834, 'x': -26.935, 'yaw': -3.142}, pose, None, None
270.06, [INFO], r1, {'battery-level': '86.60'}, battery_charge, None, None
280.09, [INFO], r1, {'y': 15.904, 'x': -29.055, 'yaw': 3.142}, pose, None, None
280.09, [INFO], r1, {'battery-level': '86.10'}, battery_charge, None, None
290.03, [INFO], r1, {'y': 15.816, 'x': -31.158, 'yaw': 3.141}, pose, None, None
290.03, [INFO], r1, {'battery-level': '85.60'}, battery_charge, None, None
300.06, [INFO], r1, {'y': 15.657, 'x': -33.265, 'yaw': 3.142}, pose, None, None
300.06, [INFO], r1, {'battery-level': '85.10'}, battery_charge, None, None
310.09, [INFO], r1, {'y': 15.774, 'x': -35.312, 'yaw': 3.142}, pose, None, None
310.09, [INFO], r1, {'battery-level': '84.60'}, battery_charge, None, None
320.03, [INFO], r1, {'y': 17.648, 'x': -36.091, 'yaw': -3.138}, pose, None, None
320.03, [INFO], r1, {'battery-level': '84.10'}, battery_charge, None, None
330.06, [INFO], r1, {'y': 19.77, 'x': -36.194, 'yaw': 3.141}, pose, None, None
330.06, [INFO], r1, {'battery-level': '83.60'}, battery_charge, None, None
340.09, [INFO], r1, {'y': 21.878, 'x': -36.244, 'yaw': 3.141}, pose, None, None
340.09, [INFO], r1, {'battery-level': '83.10'}, battery_charge, None, None
350.02, [INFO], r1, {'y': 23.977, 'x': -36.274, 'yaw': 3.14}, pose, None, None
350.02, [INFO], r1, {'battery-level': '82.60'}, battery_charge, None, None
360.05, [INFO], r1, {'y': 26.094, 'x': -36.229, 'yaw': 3.141}, pose, None, None
360.05, [INFO], r1, {'battery-level': '82.10'}, battery_charge, None, None
370.08, [INFO], r1, {'battery-level': '81.60'}, battery_charge, None, None
370.08, [INFO], r1, {'y': 28.208, 'x': -36.309, 'yaw': 3.14}, pose, None, None
380.01, [INFO], r1, {'y': 30.328, 'x': -36.428, 'yaw': -3.136}, pose, None, None
380.01, [INFO], r1, {'battery-level': '81.10'}, battery_charge, None, None
390.05, [INFO], r1, {'y': 32.447, 'x': -36.599, 'yaw': 3.141}, pose, None, None
390.05, [INFO], r1, {'battery-level': '80.60'}, battery_charge, None, None
400.08, [INFO], r1, {'y': 34.542, 'x': -36.901, 'yaw': 3.137}, pose, None, None
400.08, [INFO], r1, {'battery-level': '80.10'}, battery_charge, None, None
410.01, [INFO], r1, {'battery-level': '79.60'}, battery_charge, None, None
410.01, [INFO], r1, {'y': 36.118, 'x': -36.996, 'yaw': 3.142}, pose, None, None
414.33, [INFO], r1, skill-success, None, navto, None
414.33, [INFO], r1, started skill, None, approach-arm, None
414.33, [INFO], r1, started skill, None, open-drawer, None
414.33, [INFO], r1, sent message, None, None, None
414.33, [INFO], r1, skill-success, None, open-drawer, None
414.33, [INFO], r1, started skill, None, pick-up-sample, None
414.33, [INFO], r1, sent message, None, None, None
414.33, [INFO], r1, skill-success, None, pick-up-sample, None
414.33, [INFO], r1, started skill, None, close-drawer, None
414.33, [INFO], r1, sent message, None, None, None
414.33, [INFO], r1, skill-success, None, close-drawer, None
414.33, [WARN], r1, SUCCESS, None, None, None
420.05, [INFO], r1, {'y': 36.118, 'x': -37.0, 'yaw': -3.142}, pose, None, None
420.05, [INFO], r1, {'battery-level': '79.10'}, battery_charge, None, None
