9.80, [INFO], r1, started skill, None, navto, None
10.10, [INFO], r1, {'y': 33.98, 'x': -32.881, 'yaw': 3.142}, pose, None, None
10.10, [INFO], r1, {'battery-level': '99.55'}, battery_charge, None, None
20.01, [INFO], r1, {'y': 34.692, 'x': -34.843, 'yaw': -3.141}, pose, None, None
20.01, [INFO], r1, {'battery-level': '99.05'}, battery_charge, None, None
30.04, [INFO], r1, {'y': 33.563, 'x': -36.204, 'yaw': 3.142}, pose, None, None
30.04, [INFO], r1, {'battery-level': '98.55'}, battery_charge, None, None
40.07, [INFO], r1, {'y': 31.441, 'x': -36.234, 'yaw': 3.142}, pose, None, None
40.07, [INFO], r1, {'battery-level': '98.05'}, battery_charge, None, None
50.09, [INFO], r1, {'y': 29.307, 'x': -36.283, 'yaw': 3.142}, pose, None, None
50.09, [INFO], r1, {'battery-level': '97.55'}, battery_charge, None, None
60.01, [INFO], r1, {'battery-level': '97.05'}, battery_charge, None, None
60.01, [INFO], r1, {'y': 27.192, 'x': -36.391, 'yaw': 3.14}, pose, None, None
70.03, [INFO], r1, {'y': 25.058, 'x': -36.445, 'yaw': 3.141}, pose, None, None
70.03, [INFO], r1, {'battery-level': '96.55'}, battery_charge, None, None
80.01, [INFO], r1, {'y': 22.934, 'x': -36.515, 'yaw': 3.14}, pose, None, None
80.01, [INFO], r1, {'battery-level': '96.05'}, battery_charge, None, None
90.01, [INFO], r1, {'y': 20.822, 'x': -36.619, 'yaw': 3.142}, pose, None, None
90.01, [INFO], r1, {'battery-level': '95.55'}, battery_charge, None, None
100.01, [INFO], r1, {'y': 18.698, 'x': -36.682, 'yaw': 3.141}, pose, None, None
100.01, [INFO], r1, {'battery-level': '95.05'}, battery_charge, None, None
110.03, [INFO], r1, {'y': 16.572, 'x': -36.807, 'yaw': -3.142}, pose, None, None
110.03, [INFO], r1, {'battery-level': '94.55'}, battery_charge, None, None
120.01, [INFO], r1, {'y': 15.543, 'x': -35.216, 'yaw': -3.142}, pose, None, None
120.01, [INFO], r1, {'battery-level': '94.05'}, battery_charge, None, None
130.01, [INFO], r1, {'y': 15.456, 'x': -33.104, 'yaw': 3.142}, pose, None, None
130.01, [INFO], r1, {'battery-level': '93.55'}, battery_charge, None, None
140.01, [INFO], r1, {'y': 15.534, 'x': -30.985, 'yaw': -3.141}, pose, None, None
140.01, [INFO], r1, {'battery-level': '93.05'}, battery_charge, None, None
150.09, [INFO], r1, {'y': 15.698, 'x': -28.849, 'yaw': 3.141}, pose, None, None
150.09, [INFO], r1, {'battery-level': '92.55'}, battery_charge, None, None
160.08, [INFO], r1, {'battery-level': '92.05'}, battery_charge, None, None
160.08, [INFO], r1, {'y': 15.708, 'x': -28.636, 'yaw': 3.141}, pose, None, None
170.09, [INFO], r1, {'y': 15.751, 'x': -28.597, 'yaw': 3.142}, pose, None, None
170.09, [INFO], r1, {'battery-level': '91.55'}, battery_charge, None, None
180.08, [INFO], r1, {'battery-level': '91.05'}, battery_charge, None, None
180.08, [INFO], r1, {'y': 15.751, 'x': -28.596, 'yaw': -3.142}, pose, None, None
190.09, [INFO], r1, {'y': 15.751, 'x': -28.596, 'yaw': -3.142}, pose, None, None
190.09, [INFO], r1, {'battery-level': '90.55'}, battery_charge, None, None
200.09, [INFO], r1, {'battery-level': '90.05'}, battery_charge, None, None
200.09, [INFO], r1, {'y': 15.98, 'x': -28.612, 'yaw': 3.141}, pose, None, None
210.07, [INFO], r1, {'y': 17.218, 'x': -28.24, 'yaw': -3.142}, pose, None, None
210.07, [INFO], r1, {'battery-level': '89.55'}, battery_charge, None, None
220.07, [INFO], r1, {'y': 16.979, 'x': -28.168, 'yaw': 3.141}, pose, None, None
220.07, [INFO], r1, {'battery-level': '89.05'}, battery_charge, None, None
230.08, [INFO], r1, {'y': 16.799, 'x': -28.039, 'yaw': -3.142}, pose, None, None
230.08, [INFO], r1, {'battery-level': '88.55'}, battery_charge, None, None
232.91, [WARN], r1, SKILL-FAILURE, None, navto, None
