0.19, [DEBUG], logger, ROBOTS_CONFIG={'capabilities': ['approach_person', 'approach_robot', 'authenticate_person', 'navigation', 'operate_drawer'], 'battery_charge': 1, 'nurse_pose': [-27.23, 18.0, -1.57], 'robot_pose': [-32.88, 33.98, 3.14]}, None, None, None
0.19, [DEBUG], logger, Simulation open, None, None, None
10.09, [INFO], r1, {'y': 33.98, 'x': -32.88, 'yaw': -3.142}, pose, None, None
10.09, [INFO], r1, {'battery-level': '99.55'}, battery_charge, None, None
10.79, [INFO], r1, started skill, None, navto, None
20.03, [INFO], r1, {'y': 34.629, 'x': -34.66, 'yaw': 3.141}, pose, None, None
20.03, [INFO], r1, {'battery-level': '99.05'}, battery_charge, None, None
30.04, [INFO], r1, {'y': 33.814, 'x': -36.204, 'yaw': 3.142}, pose, None, None
30.04, [INFO], r1, {'battery-level': '98.55'}, battery_charge, None, None
40.06, [INFO], r1, {'y': 31.691, 'x': -36.195, 'yaw': 3.14}, pose, None, None
40.06, [INFO], r1, {'battery-level': '98.05'}, battery_charge, None, None
50.05, [INFO], r1, {'y': 29.584, 'x': -36.225, 'yaw': 3.142}, pose, None, None
50.05, [INFO], r1, {'battery-level': '97.55'}, battery_charge, None, None
60.05, [INFO], r1, {'y': 27.479, 'x': -36.343, 'yaw': 3.141}, pose, None, None
60.05, [INFO], r1, {'battery-level': '97.05'}, battery_charge, None, None
70.08, [INFO], r1, {'battery-level': '96.55'}, battery_charge, None, None
70.08, [INFO], r1, {'y': 25.352, 'x': -36.427, 'yaw': 3.142}, pose, None, None
80.00, [INFO], r1, {'y': 23.24, 'x': -36.553, 'yaw': 3.141}, pose, None, None
80.00, [INFO], r1, {'battery-level': '96.05'}, battery_charge, None, None
90.09, [INFO], r1, {'y': 21.112, 'x': -36.712, 'yaw': -3.142}, pose, None, None
90.09, [INFO], r1, {'battery-level': '95.55'}, battery_charge, None, None
100.02, [INFO], r1, {'battery-level': '95.05'}, battery_charge, None, None
100.02, [INFO], r1, {'y': 19.023, 'x': -36.746, 'yaw': -3.142}, pose, None, None
110.02, [INFO], r1, {'battery-level': '94.55'}, battery_charge, None, None
110.02, [INFO], r1, {'y': 16.913, 'x': -36.792, 'yaw': 3.141}, pose, None, None
120.04, [INFO], r1, {'y': 15.664, 'x': -35.59, 'yaw': -3.142}, pose, None, None
120.04, [INFO], r1, {'battery-level': '94.05'}, battery_charge, None, None
130.04, [INFO], r1, {'y': 15.428, 'x': -33.483, 'yaw': -3.142}, pose, None, None
130.04, [INFO], r1, {'battery-level': '93.55'}, battery_charge, None, None
140.03, [INFO], r1, {'y': 15.536, 'x': -31.365, 'yaw': -3.141}, pose, None, None
140.03, [INFO], r1, {'battery-level': '93.05'}, battery_charge, None, None
150.02, [INFO], r1, {'y': 15.725, 'x': -29.251, 'yaw': 3.141}, pose, None, None
150.02, [INFO], r1, {'battery-level': '92.55'}, battery_charge, None, None
160.02, [INFO], r1, {'y': 16.259, 'x': -27.332, 'yaw': 3.142}, pose, None, None
160.02, [INFO], r1, {'battery-level': '92.05'}, battery_charge, None, None
170.01, [INFO], r1, {'battery-level': '91.55'}, battery_charge, None, None
170.01, [INFO], r1, {'y': 17.912, 'x': -27.163, 'yaw': 3.142}, pose, None, None
177.05, [INFO], r1, skill-success, None, navto, None
177.05, [INFO], r1, started skill, None, approach-nurse, None
177.05, [INFO], r1, sent message, None, None, None
177.05, [INFO], r1, skill-success, None, approach-nurse, None
177.05, [INFO], r1, started skill, None, authenticate-nurse, None
177.05, [INFO], r1, sent message, None, None, None
177.05, [INFO], r1, started skill, None, open-drawer, None
177.05, [INFO], r1, sent message, None, None, None
177.05, [INFO], r1, skill-success, None, open-drawer, None
177.05, [INFO], r1, started skill, None, deposit, None
177.05, [INFO], r1, sent message, None, None, None
177.05, [INFO], r1, skill-success, None, deposit, None
177.05, [INFO], r1, started skill, None, close-drawer, None
177.05, [INFO], r1, sent message, None, None, None
177.05, [INFO], r1, skill-success, None, close-drawer, None
177.05, [INFO], r1, started skill, None, navto, None
180.09, [INFO], r1, {'y': 17.37, 'x': -27.092, 'yaw': 3.142}, pose, None, None
180.09, [INFO], r1, {'battery-level': '91.05'}, battery_charge, None, None
190.00, [INFO], r1, {'y': 16.036, 'x': -27.931, 'yaw': 3.141}, pose, None, None
190.00, [INFO], r1, {'battery-level': '90.55'}, battery_charge, None, None
200.00, [INFO], r1, {'y': 16.058, 'x': -30.042, 'yaw': 3.142}, pose, None, None
200.00, [INFO], r1, {'battery-level': '90.05'}, battery_charge, None, None
210.00, [INFO], r1, {'y': 15.851, 'x': -32.157, 'yaw': 3.141}, pose, None, None
210.00, [INFO], r1, {'battery-level': '89.55'}, battery_charge, None, None
220.01, [INFO], r1, {'y': 15.44, 'x': -34.251, 'yaw': 3.142}, pose, None, None
220.01, [INFO], r1, {'battery-level': '89.05'}, battery_charge, None, None
230.01, [INFO], r1, {'y': 16.515, 'x': -35.958, 'yaw': 3.142}, pose, None, None
230.01, [INFO], r1, {'battery-level': '88.55'}, battery_charge, None, None
240.01, [INFO], r1, {'y': 18.617, 'x': -36.121, 'yaw': 3.142}, pose, None, None
240.01, [INFO], r1, {'battery-level': '88.05'}, battery_charge, None, None
250.10, [INFO], r1, {'y': 20.749, 'x': -36.244, 'yaw': 3.142}, pose, None, None
250.10, [INFO], r1, {'battery-level': '87.55'}, battery_charge, None, None
260.00, [INFO], r1, {'y': 22.836, 'x': -36.303, 'yaw': 3.141}, pose, None, None
260.00, [INFO], r1, {'battery-level': '87.05'}, battery_charge, None, None
270.00, [INFO], r1, {'y': 24.95, 'x': -36.294, 'yaw': 3.141}, pose, None, None
270.00, [INFO], r1, {'battery-level': '86.55'}, battery_charge, None, None
280.10, [INFO], r1, {'y': 27.085, 'x': -36.312, 'yaw': 3.141}, pose, None, None
280.10, [INFO], r1, {'battery-level': '86.05'}, battery_charge, None, None
290.00, [INFO], r1, {'battery-level': '85.55'}, battery_charge, None, None
290.00, [INFO], r1, {'y': 29.188, 'x': -36.395, 'yaw': 3.141}, pose, None, None
300.03, [INFO], r1, {'y': 31.315, 'x': -36.473, 'yaw': -3.142}, pose, None, None
300.03, [INFO], r1, {'battery-level': '85.05'}, battery_charge, None, None
310.06, [INFO], r1, {'y': 33.426, 'x': -36.75, 'yaw': -3.142}, pose, None, None
310.06, [INFO], r1, {'battery-level': '84.55'}, battery_charge, None, None
320.09, [INFO], r1, {'y': 35.543, 'x': -36.892, 'yaw': 3.14}, pose, None, None
320.09, [INFO], r1, {'battery-level': '84.05'}, battery_charge, None, None
329.16, [INFO], r1, skill-success, None, navto, None
329.16, [INFO], r1, started skill, None, approach-arm, None
329.16, [INFO], r1, sent message, None, None, None
329.16, [INFO], r1, skill-success, None, approach-arm, None
329.16, [INFO], r1, started skill, None, open-drawer, None
329.16, [INFO], r1, sent message, None, None, None
329.16, [INFO], r1, skill-success, None, open-drawer, None
329.16, [INFO], r1, started skill, None, pick-up-sample, None
329.16, [INFO], r1, sent message, None, None, None
329.16, [INFO], r1, skill-success, None, pick-up-sample, None
329.16, [INFO], r1, started skill, None, close-drawer, None
329.16, [INFO], r1, sent message, None, None, None
329.16, [INFO], r1, skill-success, None, close-drawer, None
329.16, [WARN], r1, SUCCESS, None, None, None
330.05, [INFO], r1, {'y': 36.021, 'x': -36.998, 'yaw': 3.142}, pose, None, None
330.05, [INFO], r1, {'battery-level': '83.55'}, battery_charge, None, None
