0.19, [DEBUG], logger, ROBOTS_CONFIG={'capabilities': ['approach_person', 'approach_robot', 'authenticate_person', 'navigation', 'operate_drawer'], 'battery_charge': 1, 'nurse_pose': [-27.23, 18.0, -1.57], 'robot_pose': [-32.88, 33.98, 3.14]}, None, None, None
0.19, [DEBUG], logger, Simulation open, None, None, None
10.08, [INFO], r1, {'y': 33.98, 'x': -32.88, 'yaw': -3.142}, pose, None, None
10.08, [INFO], r1, {'battery-level': '99.55'}, battery_charge, None, None
10.58, [INFO], r1, started skill, None, navto, None
20.00, [INFO], r1, {'y': 34.639, 'x': -34.686, 'yaw': 3.142}, pose, None, None
20.00, [INFO], r1, {'battery-level': '99.05'}, battery_charge, None, None
30.02, [INFO], r1, {'y': 33.725, 'x': -36.203, 'yaw': 3.142}, pose, None, None
30.02, [INFO], r1, {'battery-level': '98.55'}, battery_charge, None, None
40.01, [INFO], r1, {'y': 31.607, 'x': -36.244, 'yaw': -3.142}, pose, None, None
40.01, [INFO], r1, {'battery-level': '98.05'}, battery_charge, None, None
50.02, [INFO], r1, {'y': 29.499, 'x': -36.299, 'yaw': -3.137}, pose, None, None
50.02, [INFO], r1, {'battery-level': '97.55'}, battery_charge, None, None
60.01, [INFO], r1, {'y': 27.381, 'x': -36.369, 'yaw': 3.141}, pose, None, None
60.01, [INFO], r1, {'battery-level': '97.05'}, battery_charge, None, None
70.01, [INFO], r1, {'y': 25.271, 'x': -36.446, 'yaw': 3.141}, pose, None, None
70.01, [INFO], r1, {'battery-level': '96.55'}, battery_charge, None, None
80.10, [INFO], r1, {'y': 23.156, 'x': -36.533, 'yaw': 3.141}, pose, None, None
80.10, [INFO], r1, {'battery-level': '96.05'}, battery_charge, None, None
90.10, [INFO], r1, {'y': 21.049, 'x': -36.652, 'yaw': 3.142}, pose, None, None
90.10, [INFO], r1, {'battery-level': '95.55'}, battery_charge, None, None
100.02, [INFO], r1, {'y': 18.944, 'x': -36.652, 'yaw': 3.141}, pose, None, None
100.02, [INFO], r1, {'battery-level': '95.05'}, battery_charge, None, None
110.03, [INFO], r1, {'battery-level': '94.55'}, battery_charge, None, None
110.03, [INFO], r1, {'y': 16.834, 'x': -36.766, 'yaw': 3.142}, pose, None, None
120.03, [INFO], r1, {'battery-level': '94.05'}, battery_charge, None, None
120.03, [INFO], r1, {'y': 15.611, 'x': -35.542, 'yaw': 3.142}, pose, None, None
130.01, [INFO], r1, {'battery-level': '93.55'}, battery_charge, None, None
130.01, [INFO], r1, {'y': 15.404, 'x': -33.448, 'yaw': -3.141}, pose, None, None
140.09, [INFO], r1, {'y': 15.457, 'x': -31.306, 'yaw': 3.141}, pose, None, None
140.09, [INFO], r1, {'battery-level': '93.05'}, battery_charge, None, None
150.06, [INFO], r1, {'y': 15.744, 'x': -29.213, 'yaw': 3.141}, pose, None, None
150.06, [INFO], r1, {'battery-level': '92.55'}, battery_charge, None, None
160.02, [INFO], r1, {'y': 16.397, 'x': -27.329, 'yaw': 3.141}, pose, None, None
160.02, [INFO], r1, {'battery-level': '92.05'}, battery_charge, None, None
170.07, [INFO], r1, {'y': 17.936, 'x': -27.173, 'yaw': -3.142}, pose, None, None
170.07, [INFO], r1, {'battery-level': '91.55'}, battery_charge, None, None
175.51, [INFO], r1, skill-success, None, navto, None
175.51, [INFO], r1, started skill, None, approach-nurse, None
175.51, [INFO], r1, sent message, None, None, None
175.51, [INFO], r1, skill-success, None, approach-nurse, None
175.51, [INFO], r1, started skill, None, authenticate-nurse, None
175.51, [INFO], r1, sent message, None, None, None
175.51, [INFO], r1, started skill, None, open-drawer, None
175.51, [INFO], r1, sent message, None, None, None
175.51, [INFO], r1, skill-success, None, open-drawer, None
175.51, [INFO], r1, started skill, None, deposit, None
175.51, [INFO], r1, sent message, None, None, None
175.51, [INFO], r1, skill-success, None, deposit, None
175.51, [INFO], r1, started skill, None, close-drawer, None
175.51, [INFO], r1, sent message, None, None, None
175.51, [INFO], r1, skill-success, None, close-drawer, None
175.51, [INFO], r1, started skill, None, navto, None
180.06, [INFO], r1, {'battery-level': '91.05'}, battery_charge, None, None
180.06, [INFO], r1, {'y': 17.033, 'x': -27.047, 'yaw': -3.141}, pose, None, None
190.06, [INFO], r1, {'y': 16.038, 'x': -28.387, 'yaw': 3.142}, pose, None, None
190.06, [INFO], r1, {'battery-level': '90.55'}, battery_charge, None, None
200.05, [INFO], r1, {'y': 15.994, 'x': -30.497, 'yaw': 3.142}, pose, None, None
200.05, [INFO], r1, {'battery-level': '90.05'}, battery_charge, None, None
210.08, [INFO], r1, {'y': 15.834, 'x': -32.624, 'yaw': 3.142}, pose, None, None
210.08, [INFO], r1, {'battery-level': '89.55'}, battery_charge, None, None
220.06, [INFO], r1, {'y': 15.471, 'x': -34.712, 'yaw': -3.142}, pose, None, None
220.06, [INFO], r1, {'battery-level': '89.05'}, battery_charge, None, None
230.09, [INFO], r1, {'y': 17.016, 'x': -36.062, 'yaw': -3.142}, pose, None, None
230.09, [INFO], r1, {'battery-level': '88.55'}, battery_charge, None, None
240.09, [INFO], r1, {'battery-level': '88.05'}, battery_charge, None, None
240.09, [INFO], r1, {'y': 19.114, 'x': -36.217, 'yaw': 3.142}, pose, None, None
250.09, [INFO], r1, {'y': 21.215, 'x': -36.234, 'yaw': 3.142}, pose, None, None
250.09, [INFO], r1, {'battery-level': '87.55'}, battery_charge, None, None
260.08, [INFO], r1, {'y': 23.323, 'x': -36.341, 'yaw': 3.141}, pose, None, None
260.08, [INFO], r1, {'battery-level': '87.05'}, battery_charge, None, None
270.08, [INFO], r1, {'y': 25.43, 'x': -36.3, 'yaw': 3.141}, pose, None, None
270.08, [INFO], r1, {'battery-level': '86.55'}, battery_charge, None, None
280.08, [INFO], r1, {'y': 27.54, 'x': -36.318, 'yaw': 3.141}, pose, None, None
280.08, [INFO], r1, {'battery-level': '86.05'}, battery_charge, None, None
290.00, [INFO], r1, {'battery-level': '85.55'}, battery_charge, None, None
290.00, [INFO], r1, {'y': 29.641, 'x': -36.389, 'yaw': -3.142}, pose, None, None
300.04, [INFO], r1, {'battery-level': '85.05'}, battery_charge, None, None
300.04, [INFO], r1, {'y': 31.767, 'x': -36.526, 'yaw': 3.14}, pose, None, None
310.05, [INFO], r1, {'battery-level': '84.55'}, battery_charge, None, None
310.05, [INFO], r1, {'y': 33.879, 'x': -36.848, 'yaw': -3.142}, pose, None, None
320.07, [INFO], r1, {'battery-level': '84.05'}, battery_charge, None, None
320.07, [INFO], r1, {'y': 35.918, 'x': -36.919, 'yaw': 3.142}, pose, None, None
328.61, [INFO], r1, skill-success, None, navto, None
328.61, [INFO], r1, started skill, None, approach-arm, None
328.61, [INFO], r1, sent message, None, None, None
328.61, [INFO], r1, started skill, None, open-drawer, None
328.61, [INFO], r1, sent message, None, None, None
328.61, [INFO], r1, skill-success, None, open-drawer, None
328.61, [INFO], r1, started skill, None, pick-up-sample, None
328.61, [INFO], r1, sent message, None, None, None
328.61, [INFO], r1, skill-success, None, pick-up-sample, None
328.71, [INFO], r1, started skill, None, close-drawer, None
328.71, [INFO], r1, sent message, None, None, None
328.71, [INFO], r1, skill-success, None, close-drawer, None
328.71, [WARN], r1, SUCCESS, None, None, None
330.10, [INFO], r1, {'y': 36.087, 'x': -36.957, 'yaw': -3.142}, pose, None, None
330.10, [INFO], r1, {'battery-level': '83.55'}, battery_charge, None, None
