9.66, [INFO], r1, started skill, None, navto, None
10.05, [INFO], r1, {'battery-level': '99.55'}, battery_charge, None, None
10.05, [INFO], r1, {'y': 33.98, 'x': -32.892, 'yaw': 3.141}, pose, None, None
20.08, [INFO], r1, {'y': 34.687, 'x': -34.902, 'yaw': 3.142}, pose, None, None
20.08, [INFO], r1, {'battery-level': '99.05'}, battery_charge, None, None
30.05, [INFO], r1, {'battery-level': '98.55'}, battery_charge, None, None
30.05, [INFO], r1, {'y': 33.541, 'x': -36.204, 'yaw': 3.142}, pose, None, None
40.06, [INFO], r1, {'battery-level': '98.05'}, battery_charge, None, None
40.06, [INFO], r1, {'y': 31.433, 'x': -36.258, 'yaw': 3.141}, pose, None, None
50.01, [INFO], r1, {'y': 29.323, 'x': -36.335, 'yaw': -3.137}, pose, None, None
50.01, [INFO], r1, {'battery-level': '97.55'}, battery_charge, None, None
60.03, [INFO], r1, {'y': 27.202, 'x': -36.36, 'yaw': 3.141}, pose, None, None
60.03, [INFO], r1, {'battery-level': '97.05'}, battery_charge, None, None
70.03, [INFO], r1, {'y': 25.079, 'x': -36.44, 'yaw': 3.141}, pose, None, None
70.03, [INFO], r1, {'battery-level': '96.55'}, battery_charge, None, None
80.01, [INFO], r1, {'y': 22.957, 'x': -36.546, 'yaw': 3.141}, pose, None, None
80.01, [INFO], r1, {'battery-level': '96.05'}, battery_charge, None, None
90.07, [INFO], r1, {'y': 20.83, 'x': -36.662, 'yaw': -3.142}, pose, None, None
90.07, [INFO], r1, {'battery-level': '95.55'}, battery_charge, None, None
100.03, [INFO], r1, {'battery-level': '95.05'}, battery_charge, None, None
100.03, [INFO], r1, {'y': 18.715, 'x': -36.648, 'yaw': 3.141}, pose, None, None
110.04, [INFO], r1, {'battery-level': '94.55'}, battery_charge, None, None
110.04, [INFO], r1, {'y': 16.606, 'x': -36.753, 'yaw': 3.141}, pose, None, None
120.02, [INFO], r1, {'y': 15.555, 'x': -35.132, 'yaw': -3.142}, pose, None, None
120.02, [INFO], r1, {'battery-level': '94.05'}, battery_charge, None, None
130.03, [INFO], r1, {'y': 15.49, 'x': -33.028, 'yaw': -3.142}, pose, None, None
130.03, [INFO], r1, {'battery-level': '93.55'}, battery_charge, None, None
140.00, [INFO], r1, {'battery-level': '93.05'}, battery_charge, None, None
140.00, [INFO], r1, {'y': 15.523, 'x': -30.923, 'yaw': -3.141}, pose, None, None
150.00, [INFO], r1, {'battery-level': '92.55'}, battery_charge, None, None
150.00, [INFO], r1, {'y': 15.702, 'x': -28.8, 'yaw': -3.141}, pose, None, None
160.07, [INFO], r1, {'y': 16.68, 'x': -27.144, 'yaw': 3.142}, pose, None, None
160.07, [INFO], r1, {'battery-level': '92.05'}, battery_charge, None, None
170.02, [INFO], r1, {'battery-level': '91.55'}, battery_charge, None, None
170.02, [INFO], r1, {'y': 17.975, 'x': -27.208, 'yaw': -3.142}, pose, None, None
177.37, [INFO], r1, skill-success, None, navto, None
177.37, [INFO], r1, started skill, None, approach-nurse, None
177.37, [INFO], r1, sent message, None, None, None
177.37, [INFO], r1, skill-success, None, approach-nurse, None
177.37, [INFO], r1, started skill, None, authenticate-nurse, None
177.37, [INFO], r1, sent message, None, None, None
177.37, [INFO], r1, skill-success, None, authenticate-nurse, None
177.37, [INFO], r1, started skill, None, open-drawer, None
177.37, [INFO], r1, sent message, None, None, None
177.37, [INFO], r1, skill-success, None, open-drawer, None
177.37, [INFO], r1, started skill, None, deposit, None
177.37, [INFO], r1, sent message, None, None, None
177.37, [INFO], r1, skill-success, None, deposit, None
177.37, [INFO], r1, started skill, None, close-drawer, None
177.37, [INFO], r1, sent message, None, None, None
177.37, [INFO], r1, skill-success, None, close-drawer, None
177.37, [INFO], r1, started skill, None, navto, None
180.06, [INFO], r1, {'battery-level': '91.05'}, battery_charge, None, None
180.06, [INFO], r1, {'y': 17.497, 'x': -27.094, 'yaw': 3.142}, pose, None, None
190.07, [INFO], r1, {'y': 16.082, 'x': -27.894, 'yaw': 3.141}, pose, None, None
190.07, [INFO], r1, {'battery-level': '90.55'}, battery_charge, None, None
200.08, [INFO], r1, {'y': 16.101, 'x': -30.001, 'yaw': 3.142}, pose, None, None
200.08, [INFO], r1, {'battery-level': '90.05'}, battery_charge, None, None
210.04, [INFO], r1, {'battery-level': '89.55'}, battery_charge, None, None
210.04, [INFO], r1, {'y': 15.917, 'x': -32.1, 'yaw': 3.14}, pose, None, None
220.07, [INFO], r1, {'y': 15.452, 'x': -34.196, 'yaw': 3.142}, pose, None, None
220.07, [INFO], r1, {'battery-level': '89.05'}, battery_charge, None, None
230.09, [INFO], r1, {'battery-level': '88.55'}, battery_charge, None, None
230.09, [INFO], r1, {'y': 16.476, 'x': -35.899, 'yaw': 3.142}, pose, None, None
240.04, [INFO], r1, {'battery-level': '88.05'}, battery_charge, None, None
240.04, [INFO], r1, {'y': 18.555, 'x': -36.122, 'yaw': 3.141}, pose, None, None
250.03, [INFO], r1, {'y': 20.659, 'x': -36.213, 'yaw': 3.142}, pose, None, None
250.03, [INFO], r1, {'battery-level': '87.55'}, battery_charge, None, None
260.00, [INFO], r1, {'y': 22.77, 'x': -36.306, 'yaw': 3.14}, pose, None, None
260.00, [INFO], r1, {'battery-level': '87.05'}, battery_charge, None, None
270.02, [INFO], r1, {'y': 24.901, 'x': -36.27, 'yaw': 3.141}, pose, None, None
270.02, [INFO], r1, {'battery-level': '86.55'}, battery_charge, None, None
280.02, [INFO], r1, {'y': 27.032, 'x': -36.257, 'yaw': 3.141}, pose, None, None
280.02, [INFO], r1, {'battery-level': '86.05'}, battery_charge, None, None
290.06, [INFO], r1, {'battery-level': '85.55'}, battery_charge, None, None
290.06, [INFO], r1, {'y': 29.171, 'x': -36.31, 'yaw': 3.142}, pose, None, None
300.02, [INFO], r1, {'y': 31.271, 'x': -36.474, 'yaw': -3.142}, pose, None, None
300.02, [INFO], r1, {'battery-level': '85.05'}, battery_charge, None, None
310.07, [INFO], r1, {'battery-level': '84.55'}, battery_charge, None, None
310.07, [INFO], r1, {'y': 33.392, 'x': -36.772, 'yaw': -3.142}, pose, None, None
320.02, [INFO], r1, {'y': 35.497, 'x': -36.893, 'yaw': -3.14}, pose, None, None
320.02, [INFO], r1, {'battery-level': '84.05'}, battery_charge, None, None
330.07, [INFO], r1, {'battery-level': '83.55'}, battery_charge, None, None
330.07, [INFO], r1, {'y': 36.042, 'x': -36.998, 'yaw': -3.142}, pose, None, None
330.95, [INFO], r1, skill-success, None, navto, None
330.95, [INFO], r1, started skill, None, approach-arm, None
330.95, [INFO], r1, sent message, None, None, None
330.95, [INFO], r1, skill-success, None, approach-arm, None
330.95, [INFO], r1, started skill, None, open-drawer, None
330.95, [INFO], r1, sent message, None, None, None
330.95, [INFO], r1, skill-success, None, open-drawer, None
330.95, [INFO], r1, started skill, None, pick-up-sample, None
330.95, [INFO], r1, sent message, None, None, None
330.95, [INFO], r1, skill-success, None, pick-up-sample, None
330.95, [INFO], r1, started skill, None, close-drawer, None
330.95, [INFO], r1, sent message, None, None, None
330.95, [INFO], r1, skill-success, None, close-drawer, None
330.95, [WARN], r1, SUCCESS, None, None, None
