9.27, [INFO], r1, started skill, None, navto, None
10.04, [INFO], r1, {'y': 33.984, 'x': -32.967, 'yaw': 3.141}, pose, None, None
10.04, [INFO], r1, {'battery-level': '99.55'}, battery_charge, None, None
20.08, [INFO], r1, {'battery-level': '99.05'}, battery_charge, None, None
20.08, [INFO], r1, {'y': 34.685, 'x': -34.987, 'yaw': 3.141}, pose, None, None
30.09, [INFO], r1, {'y': 33.456, 'x': -36.201, 'yaw': 3.142}, pose, None, None
30.09, [INFO], r1, {'battery-level': '98.55'}, battery_charge, None, None
40.02, [INFO], r1, {'y': 31.371, 'x': -36.232, 'yaw': -3.142}, pose, None, None
40.02, [INFO], r1, {'battery-level': '98.05'}, battery_charge, None, None
50.04, [INFO], r1, {'y': 29.258, 'x': -36.335, 'yaw': 3.141}, pose, None, None
50.04, [INFO], r1, {'battery-level': '97.55'}, battery_charge, None, None
60.07, [INFO], r1, {'y': 27.143, 'x': -36.394, 'yaw': 3.14}, pose, None, None
60.07, [INFO], r1, {'battery-level': '97.05'}, battery_charge, None, None
70.05, [INFO], r1, {'y': 25.028, 'x': -36.477, 'yaw': 3.14}, pose, None, None
70.05, [INFO], r1, {'battery-level': '96.55'}, battery_charge, None, None
80.00, [INFO], r1, {'battery-level': '96.05'}, battery_charge, None, None
80.00, [INFO], r1, {'y': 22.934, 'x': -36.577, 'yaw': 3.14}, pose, None, None
90.03, [INFO], r1, {'battery-level': '95.55'}, battery_charge, None, None
90.03, [INFO], r1, {'y': 20.806, 'x': -36.689, 'yaw': 3.142}, pose, None, None
100.03, [INFO], r1, {'y': 18.693, 'x': -36.74, 'yaw': 3.141}, pose, None, None
100.03, [INFO], r1, {'battery-level': '95.05'}, battery_charge, None, None
110.03, [INFO], r1, {'y': 16.573, 'x': -36.765, 'yaw': 3.141}, pose, None, None
110.03, [INFO], r1, {'battery-level': '94.55'}, battery_charge, None, None
120.02, [INFO], r1, {'y': 15.524, 'x': -35.114, 'yaw': -3.142}, pose, None, None
120.02, [INFO], r1, {'battery-level': '94.05'}, battery_charge, None, None
130.09, [INFO], r1, {'battery-level': '93.55'}, battery_charge, None, None
130.09, [INFO], r1, {'y': 15.486, 'x': -33.006, 'yaw': 3.142}, pose, None, None
140.09, [INFO], r1, {'battery-level': '93.05'}, battery_charge, None, None
140.09, [INFO], r1, {'y': 15.557, 'x': -30.888, 'yaw': -3.141}, pose, None, None
150.09, [INFO], r1, {'y': 15.75, 'x': -28.763, 'yaw': 3.14}, pose, None, None
150.09, [INFO], r1, {'battery-level': '92.55'}, battery_charge, None, None
160.08, [INFO], r1, {'battery-level': '92.05'}, battery_charge, None, None
160.08, [INFO], r1, {'y': 15.97, 'x': -26.658, 'yaw': -3.142}, pose, None, None
170.05, [INFO], r1, {'battery-level': '91.55'}, battery_charge, None, None
170.05, [INFO], r1, {'y': 15.952, 'x': -24.555, 'yaw': 3.141}, pose, None, None
180.03, [INFO], r1, {'y': 16.075, 'x': -22.44, 'yaw': 3.138}, pose, None, None
180.03, [INFO], r1, {'battery-level': '91.05'}, battery_charge, None, None
190.01, [INFO], r1, {'battery-level': '90.55'}, battery_charge, None, None
190.01, [INFO], r1, {'y': 17.143, 'x': -20.901, 'yaw': 3.141}, pose, None, None
200.09, [INFO], r1, {'y': 17.949, 'x': -21.074, 'yaw': -3.141}, pose, None, None
200.09, [INFO], r1, {'battery-level': '90.05'}, battery_charge, None, None
210.05, [INFO], r1, {'battery-level': '89.55'}, battery_charge, None, None
210.05, [INFO], r1, {'y': 17.992, 'x': -21.154, 'yaw': 3.141}, pose, None, None
211.97, [INFO], r1, skill-success, None, navto, None
211.97, [INFO], r1, started skill, None, approach-nurse, None
211.97, [INFO], r1, sent message, None, None, None
211.97, [INFO], r1, skill-success, None, approach-nurse, None
211.97, [INFO], r1, started skill, None, authenticate-nurse, None
211.97, [INFO], r1, sent message, None, None, None
211.97, [INFO], r1, skill-success, None, authenticate-nurse, None
211.97, [INFO], r1, started skill, None, open-drawer, None
211.97, [INFO], r1, sent message, None, None, None
211.97, [INFO], r1, skill-success, None, open-drawer, None
211.97, [INFO], r1, started skill, None, deposit, None
211.97, [INFO], r1, sent message, None, None, None
211.97, [INFO], r1, skill-success, None, deposit, None
211.97, [INFO], r1, started skill, None, close-drawer, None
211.97, [INFO], r1, sent message, None, None, None
211.97, [INFO], r1, skill-success, None, close-drawer, None
211.97, [INFO], r1, started skill, None, navto, None
220.03, [INFO], r1, {'y': 16.437, 'x': -21.321, 'yaw': -3.141}, pose, None, None
220.03, [INFO], r1, {'battery-level': '89.05'}, battery_charge, None, None
230.01, [INFO], r1, {'y': 16.155, 'x': -23.4, 'yaw': 3.141}, pose, None, None
230.01, [INFO], r1, {'battery-level': '88.55'}, battery_charge, None, None
240.01, [INFO], r1, {'y': 16.124, 'x': -25.516, 'yaw': 3.141}, pose, None, None
240.01, [INFO], r1, {'battery-level': '88.05'}, battery_charge, None, None
250.01, [INFO], r1, {'y': 15.878, 'x': -27.615, 'yaw': 3.142}, pose, None, None
250.01, [INFO], r1, {'battery-level': '87.55'}, battery_charge, None, None
260.08, [INFO], r1, {'battery-level': '87.05'}, battery_charge, None, None
260.08, [INFO], r1, {'y': 15.962, 'x': -29.746, 'yaw': 3.142}, pose, None, None
270.09, [INFO], r1, {'y': 15.825, 'x': -31.874, 'yaw': 3.141}, pose, None, None
270.09, [INFO], r1, {'battery-level': '86.55'}, battery_charge, None, None
280.06, [INFO], r1, {'y': 15.508, 'x': -33.981, 'yaw': -3.142}, pose, None, None
280.06, [INFO], r1, {'battery-level': '86.05'}, battery_charge, None, None
290.05, [INFO], r1, {'y': 16.288, 'x': -35.802, 'yaw': -3.138}, pose, None, None
290.05, [INFO], r1, {'battery-level': '85.55'}, battery_charge, None, None
300.04, [INFO], r1, {'y': 18.33, 'x': -36.143, 'yaw': -3.141}, pose, None, None
300.04, [INFO], r1, {'battery-level': '85.05'}, battery_charge, None, None
310.09, [INFO], r1, {'y': 20.457, 'x': -36.238, 'yaw': -3.141}, pose, None, None
310.09, [INFO], r1, {'battery-level': '84.55'}, battery_charge, None, None
320.08, [INFO], r1, {'y': 22.563, 'x': -36.318, 'yaw': 3.141}, pose, None, None
320.08, [INFO], r1, {'battery-level': '84.05'}, battery_charge, None, None
330.06, [INFO], r1, {'battery-level': '83.55'}, battery_charge, None, None
330.06, [INFO], r1, {'y': 24.667, 'x': -36.284, 'yaw': 3.142}, pose, None, None
340.04, [INFO], r1, {'y': 26.778, 'x': -36.277, 'yaw': 3.14}, pose, None, None
340.04, [INFO], r1, {'battery-level': '83.05'}, battery_charge, None, None
350.04, [INFO], r1, {'y': 28.891, 'x': -36.345, 'yaw': -3.142}, pose, None, None
350.04, [INFO], r1, {'battery-level': '82.55'}, battery_charge, None, None
360.07, [INFO], r1, {'y': 31.002, 'x': -36.455, 'yaw': 3.142}, pose, None, None
360.07, [INFO], r1, {'battery-level': '82.05'}, battery_charge, None, None
370.09, [INFO], r1, {'y': 33.119, 'x': -36.703, 'yaw': 3.141}, pose, None, None
370.09, [INFO], r1, {'battery-level': '81.55'}, battery_charge, None, None
380.09, [INFO], r1, {'y': 35.202, 'x': -36.971, 'yaw': -3.142}, pose, None, None
380.09, [INFO], r1, {'battery-level': '81.05'}, battery_charge, None, None
390.02, [INFO], r1, {'y': 36.123, 'x': -36.955, 'yaw': -3.142}, pose, None, None
390.02, [INFO], r1, {'battery-level': '80.55'}, battery_charge, None, None
392.04, [INFO], r1, skill-success, None, navto, None
392.04, [INFO], r1, started skill, None, approach-arm, None
392.04, [INFO], r1, sent message, None, None, None
392.04, [INFO], r1, started skill, None, open-drawer, None
392.04, [INFO], r1, sent message, None, None, None
392.04, [INFO], r1, skill-success, None, open-drawer, None
392.04, [INFO], r1, started skill, None, pick-up-sample, None
392.04, [INFO], r1, sent message, None, None, None
392.04, [INFO], r1, skill-success, None, pick-up-sample, None
392.04, [INFO], r1, started skill, None, close-drawer, None
392.04, [INFO], r1, sent message, None, None, None
392.04, [INFO], r1, skill-success, None, close-drawer, None
392.04, [WARN], r1, SUCCESS, None, None, None
