9.91, [INFO], r1, started skill, None, navto, None
10.01, [INFO], r1, {'y': 33.98, 'x': -32.88, 'yaw': -3.142}, pose, None, None
10.01, [INFO], r1, {'battery-level': '99.55'}, battery_charge, None, None
20.09, [INFO], r1, {'battery-level': '99.05'}, battery_charge, None, None
20.09, [INFO], r1, {'y': 34.714, 'x': -34.835, 'yaw': 3.14}, pose, None, None
30.05, [INFO], r1, {'y': 33.616, 'x': -36.196, 'yaw': 3.142}, pose, None, None
30.05, [INFO], r1, {'battery-level': '98.55'}, battery_charge, None, None
40.07, [INFO], r1, {'y': 31.499, 'x': -36.213, 'yaw': 3.141}, pose, None, None
40.07, [INFO], r1, {'battery-level': '98.05'}, battery_charge, None, None
50.06, [INFO], r1, {'battery-level': '97.55'}, battery_charge, None, None
50.06, [INFO], r1, {'y': 29.386, 'x': -36.297, 'yaw': 3.141}, pose, None, None
60.05, [INFO], r1, {'y': 27.277, 'x': -36.334, 'yaw': -3.142}, pose, None, None
60.05, [INFO], r1, {'battery-level': '97.05'}, battery_charge, None, None
70.05, [INFO], r1, {'battery-level': '96.55'}, battery_charge, None, None
70.05, [INFO], r1, {'y': 25.171, 'x': -36.434, 'yaw': -3.141}, pose, None, None
80.03, [INFO], r1, {'y': 23.077, 'x': -36.522, 'yaw': -3.141}, pose, None, None
80.03, [INFO], r1, {'battery-level': '96.05'}, battery_charge, None, None
90.03, [INFO], r1, {'battery-level': '95.55'}, battery_charge, None, None
90.03, [INFO], r1, {'y': 20.965, 'x': -36.647, 'yaw': 3.142}, pose, None, None
100.07, [INFO], r1, {'y': 18.858, 'x': -36.691, 'yaw': 3.139}, pose, None, None
100.07, [INFO], r1, {'battery-level': '95.05'}, battery_charge, None, None
110.06, [INFO], r1, {'y': 16.741, 'x': -36.742, 'yaw': 3.141}, pose, None, None
110.06, [INFO], r1, {'battery-level': '94.55'}, battery_charge, None, None
120.01, [INFO], r1, {'y': 15.637, 'x': -35.428, 'yaw': 3.142}, pose, None, None
120.01, [INFO], r1, {'battery-level': '94.05'}, battery_charge, None, None
130.05, [INFO], r1, {'battery-level': '93.55'}, battery_charge, None, None
130.05, [INFO], r1, {'y': 15.433, 'x': -33.323, 'yaw': -3.142}, pose, None, None
140.02, [INFO], r1, {'y': 15.519, 'x': -31.208, 'yaw': -3.141}, pose, None, None
140.02, [INFO], r1, {'battery-level': '93.05'}, battery_charge, None, None
150.09, [INFO], r1, {'battery-level': '92.55'}, battery_charge, None, None
150.09, [INFO], r1, {'y': 15.721, 'x': -29.082, 'yaw': 3.141}, pose, None, None
160.05, [INFO], r1, {'y': 16.035, 'x': -26.998, 'yaw': 3.141}, pose, None, None
160.05, [INFO], r1, {'battery-level': '92.05'}, battery_charge, None, None
170.09, [INFO], r1, {'battery-level': '91.55'}, battery_charge, None, None
170.09, [INFO], r1, {'y': 16.005, 'x': -24.885, 'yaw': 3.141}, pose, None, None
180.03, [INFO], r1, {'y': 16.097, 'x': -22.783, 'yaw': 3.141}, pose, None, None
180.03, [INFO], r1, {'battery-level': '91.05'}, battery_charge, None, None
190.08, [INFO], r1, {'battery-level': '90.55'}, battery_charge, None, None
190.08, [INFO], r1, {'y': 16.706, 'x': -20.844, 'yaw': 3.142}, pose, None, None
200.02, [INFO], r1, {'y': 17.977, 'x': -21.02, 'yaw': 3.142}, pose, None, None
200.02, [INFO], r1, {'battery-level': '90.05'}, battery_charge, None, None
209.06, [INFO], r1, skill-success, None, navto, None
209.06, [INFO], r1, started skill, None, approach-nurse, None
209.06, [INFO], r1, sent message, None, None, None
209.06, [INFO], r1, skill-success, None, approach-nurse, None
209.06, [INFO], r1, started skill, None, authenticate-nurse, None
209.06, [INFO], r1, started skill, None, open-drawer, None
209.06, [INFO], r1, sent message, None, None, None
209.06, [INFO], r1, skill-success, None, open-drawer, None
209.06, [INFO], r1, started skill, None, deposit, None
209.06, [INFO], r1, sent message, None, None, None
209.06, [INFO], r1, skill-success, None, deposit, None
209.06, [INFO], r1, started skill, None, close-drawer, None
209.06, [INFO], r1, sent message, None, None, None
209.06, [INFO], r1, skill-success, None, close-drawer, None
209.06, [INFO], r1, started skill, None, navto, None
210.05, [INFO], r1, {'y': 17.839, 'x': -21.099, 'yaw': 3.142}, pose, None, None
210.05, [INFO], r1, {'battery-level': '89.55'}, battery_charge, None, None
220.09, [INFO], r1, {'battery-level': '89.05'}, battery_charge, None, None
220.09, [INFO], r1, {'y': 16.267, 'x': -21.979, 'yaw': 3.141}, pose, None, None
230.02, [INFO], r1, {'battery-level': '88.55'}, battery_charge, None, None
230.02, [INFO], r1, {'y': 16.138, 'x': -24.064, 'yaw': 3.14}, pose, None, None
240.01, [INFO], r1, {'y': 16.114, 'x': -26.168, 'yaw': -3.141}, pose, None, None
240.01, [INFO], r1, {'battery-level': '88.05'}, battery_charge, None, None
250.07, [INFO], r1, {'battery-level': '87.55'}, battery_charge, None, None
250.07, [INFO], r1, {'y': 16.05, 'x': -28.291, 'yaw': -3.142}, pose, None, None
260.06, [INFO], r1, {'y': 16.049, 'x': -30.402, 'yaw': 3.142}, pose, None, None
260.06, [INFO], r1, {'battery-level': '87.05'}, battery_charge, None, None
270.01, [INFO], r1, {'y': 15.852, 'x': -32.505, 'yaw': 3.141}, pose, None, None
270.01, [INFO], r1, {'battery-level': '86.55'}, battery_charge, None, None
280.08, [INFO], r1, {'y': 15.406, 'x': -34.612, 'yaw': 3.142}, pose, None, None
280.08, [INFO], r1, {'battery-level': '86.05'}, battery_charge, None, None
290.01, [INFO], r1, {'battery-level': '85.55'}, battery_charge, None, None
290.01, [INFO], r1, {'y': 16.808, 'x': -36.094, 'yaw': -3.142}, pose, None, None
300.06, [INFO], r1, {'y': 18.929, 'x': -36.151, 'yaw': 3.141}, pose, None, None
300.06, [INFO], r1, {'battery-level': '85.05'}, battery_charge, None, None
310.07, [INFO], r1, {'y': 21.041, 'x': -36.243, 'yaw': 3.142}, pose, None, None
310.07, [INFO], r1, {'battery-level': '84.55'}, battery_charge, None, None
320.03, [INFO], r1, {'y': 23.137, 'x': -36.34, 'yaw': 3.14}, pose, None, None
320.03, [INFO], r1, {'battery-level': '84.05'}, battery_charge, None, None
330.09, [INFO], r1, {'y': 25.266, 'x': -36.311, 'yaw': 3.141}, pose, None, None
330.09, [INFO], r1, {'battery-level': '83.55'}, battery_charge, None, None
340.05, [INFO], r1, {'y': 27.37, 'x': -36.309, 'yaw': 3.14}, pose, None, None
340.05, [INFO], r1, {'battery-level': '83.05'}, battery_charge, None, None
350.02, [INFO], r1, {'battery-level': '82.55'}, battery_charge, None, None
350.02, [INFO], r1, {'y': 29.473, 'x': -36.364, 'yaw': 3.141}, pose, None, None
360.09, [INFO], r1, {'y': 31.589, 'x': -36.505, 'yaw': 3.141}, pose, None, None
360.09, [INFO], r1, {'battery-level': '82.05'}, battery_charge, None, None
370.06, [INFO], r1, {'battery-level': '81.55'}, battery_charge, None, None
370.06, [INFO], r1, {'y': 33.683, 'x': -36.827, 'yaw': 3.141}, pose, None, None
380.05, [INFO], r1, {'y': 35.768, 'x': -36.903, 'yaw': 3.142}, pose, None, None
380.05, [INFO], r1, {'battery-level': '81.05'}, battery_charge, None, None
389.75, [INFO], r1, skill-success, None, navto, None
389.75, [INFO], r1, started skill, None, approach-arm, None
389.75, [INFO], r1, sent message, None, None, None
389.75, [INFO], r1, skill-success, None, approach-arm, None
389.75, [INFO], r1, started skill, None, open-drawer, None
389.75, [INFO], r1, sent message, None, None, None
389.75, [INFO], r1, skill-success, None, open-drawer, None
389.75, [INFO], r1, started skill, None, pick-up-sample, None
389.75, [INFO], r1, sent message, None, None, None
389.75, [INFO], r1, skill-success, None, pick-up-sample, None
389.75, [INFO], r1, started skill, None, close-drawer, None
389.75, [WARN], r1, SKILL-FAILURE, None, close-drawer, None
390.05, [INFO], r1, {'y': 35.995, 'x': -36.957, 'yaw': 3.141}, pose, None, None
390.05, [INFO], r1, {'battery-level': '80.55'}, battery_charge, None, None
