9.95, [INFO], r1, started skill, None, navto, None
10.05, [INFO], r1, {'y': 33.98, 'x': -32.88, 'yaw': 3.142}, pose, None, None
10.05, [INFO], r1, {'battery-level': '99.60'}, battery_charge, None, None
20.09, [INFO], r1, {'y': 34.698, 'x': -34.849, 'yaw': 3.142}, pose, None, None
20.09, [INFO], r1, {'battery-level': '99.10'}, battery_charge, None, None
30.02, [INFO], r1, {'y': 33.604, 'x': -36.201, 'yaw': 3.142}, pose, None, None
30.02, [INFO], r1, {'battery-level': '98.60'}, battery_charge, None, None
40.04, [INFO], r1, {'y': 31.492, 'x': -36.17, 'yaw': 3.139}, pose, None, None
40.04, [INFO], r1, {'battery-level': '98.10'}, battery_charge, None, None
50.07, [INFO], r1, {'battery-level': '97.60'}, battery_charge, None, None
50.07, [INFO], r1, {'y': 29.371, 'x': -36.183, 'yaw': 3.141}, pose, None, None
60.01, [INFO], r1, {'battery-level': '97.10'}, battery_charge, None, None
60.01, [INFO], r1, {'y': 27.278, 'x': -36.299, 'yaw': 3.142}, pose, None, None
70.04, [INFO], r1, {'y': 25.166, 'x': -36.381, 'yaw': 3.142}, pose, None, None
70.04, [INFO], r1, {'battery-level': '96.60'}, battery_charge, None, None
80.08, [INFO], r1, {'y': 23.063, 'x': -36.499, 'yaw': -3.141}, pose, None, None
80.08, [INFO], r1, {'battery-level': '96.10'}, battery_charge, None, None
90.01, [INFO], r1, {'y': 20.97, 'x': -36.644, 'yaw': -3.142}, pose, None, None
90.01, [INFO], r1, {'battery-level': '95.60'}, battery_charge, None, None
100.05, [INFO], r1, {'battery-level': '95.10'}, battery_charge, None, None
100.05, [INFO], r1, {'y': 18.849, 'x': -36.654, 'yaw': 3.142}, pose, None, None
110.07, [INFO], r1, {'battery-level': '94.60'}, battery_charge, None, None
110.07, [INFO], r1, {'y': 16.737, 'x': -36.713, 'yaw': 3.142}, pose, None, None
120.01, [INFO], r1, {'y': 15.578, 'x': -35.361, 'yaw': 3.142}, pose, None, None
120.01, [INFO], r1, {'battery-level': '94.10'}, battery_charge, None, None
130.04, [INFO], r1, {'battery-level': '93.60'}, battery_charge, None, None
130.04, [INFO], r1, {'y': 15.388, 'x': -33.258, 'yaw': -3.141}, pose, None, None
140.07, [INFO], r1, {'y': 15.514, 'x': -31.133, 'yaw': 3.141}, pose, None, None
140.07, [INFO], r1, {'battery-level': '93.10'}, battery_charge, None, None
150.01, [INFO], r1, {'battery-level': '92.60'}, battery_charge, None, None
150.01, [INFO], r1, {'y': 15.703, 'x': -29.037, 'yaw': 3.14}, pose, None, None
160.04, [INFO], r1, {'battery-level': '92.10'}, battery_charge, None, None
160.04, [INFO], r1, {'y': 15.965, 'x': -26.92, 'yaw': 3.139}, pose, None, None
170.08, [INFO], r1, {'battery-level': '91.60'}, battery_charge, None, None
170.08, [INFO], r1, {'y': 16.012, 'x': -24.803, 'yaw': -3.142}, pose, None, None
180.01, [INFO], r1, {'battery-level': '91.10'}, battery_charge, None, None
180.01, [INFO], r1, {'y': 16.006, 'x': -22.714, 'yaw': -3.142}, pose, None, None
190.04, [INFO], r1, {'y': 16.19, 'x': -20.592, 'yaw': -3.139}, pose, None, None
190.04, [INFO], r1, {'battery-level': '90.60'}, battery_charge, None, None
200.07, [INFO], r1, {'y': 17.541, 'x': -19.241, 'yaw': 3.142}, pose, None, None
200.07, [INFO], r1, {'battery-level': '90.10'}, battery_charge, None, None
210.00, [INFO], r1, {'y': 17.942, 'x': -19.017, 'yaw': -3.142}, pose, None, None
210.00, [INFO], r1, {'battery-level': '89.60'}, battery_charge, None, None
219.84, [INFO], r1, skill-success, None, navto, None
219.84, [INFO], r1, started skill, None, approach-nurse, None
219.84, [INFO], r1, sent message, None, None, None
219.84, [INFO], r1, skill-success, None, approach-nurse, None
219.84, [INFO], r1, started skill, None, open-drawer, None
219.84, [INFO], r1, sent message, None, None, None
219.84, [INFO], r1, skill-success, None, open-drawer, None
219.84, [INFO], r1, started skill, None, deposit, None
219.84, [INFO], r1, sent message, None, None, None
219.84, [INFO], r1, skill-success, None, deposit, None
219.84, [INFO], r1, started skill, None, close-drawer, None
219.84, [INFO], r1, sent message, None, None, None
219.84, [INFO], r1, skill-success, None, close-drawer, None
219.84, [INFO], r1, started skill, None, navto, None
220.04, [INFO], r1, {'y': 18.017, 'x': -18.983, 'yaw': 3.141}, pose, None, None
220.04, [INFO], r1, {'battery-level': '89.10'}, battery_charge, None, None
230.07, [INFO], r1, {'y': 16.329, 'x': -20.096, 'yaw': -3.14}, pose, None, None
230.07, [INFO], r1, {'battery-level': '88.60'}, battery_charge, None, None
240.00, [INFO], r1, {'battery-level': '88.10'}, battery_charge, None, None
240.00, [INFO], r1, {'y': 16.298, 'x': -22.199, 'yaw': -3.14}, pose, None, None
250.04, [INFO], r1, {'y': 16.124, 'x': -24.314, 'yaw': 3.141}, pose, None, None
250.04, [INFO], r1, {'battery-level': '87.60'}, battery_charge, None, None
260.07, [INFO], r1, {'y': 16.099, 'x': -26.428, 'yaw': 3.142}, pose, None, None
260.07, [INFO], r1, {'battery-level': '87.10'}, battery_charge, None, None
270.10, [INFO], r1, {'battery-level': '86.60'}, battery_charge, None, None
270.10, [INFO], r1, {'y': 16.046, 'x': -28.536, 'yaw': 3.142}, pose, None, None
280.03, [INFO], r1, {'y': 16.042, 'x': -30.624, 'yaw': -3.142}, pose, None, None
280.03, [INFO], r1, {'battery-level': '86.10'}, battery_charge, None, None
290.06, [INFO], r1, {'y': 15.839, 'x': -32.735, 'yaw': 3.141}, pose, None, None
290.06, [INFO], r1, {'battery-level': '85.60'}, battery_charge, None, None
300.10, [INFO], r1, {'y': 15.464, 'x': -34.842, 'yaw': -3.142}, pose, None, None
300.10, [INFO], r1, {'battery-level': '85.10'}, battery_charge, None, None
310.03, [INFO], r1, {'y': 17.084, 'x': -36.1, 'yaw': 3.142}, pose, None, None
310.03, [INFO], r1, {'battery-level': '84.60'}, battery_charge, None, None
320.06, [INFO], r1, {'y': 19.201, 'x': -36.186, 'yaw': 3.141}, pose, None, None
320.06, [INFO], r1, {'battery-level': '84.10'}, battery_charge, None, None
330.10, [INFO], r1, {'battery-level': '83.60'}, battery_charge, None, None
330.10, [INFO], r1, {'y': 21.309, 'x': -36.291, 'yaw': 3.141}, pose, None, None
340.03, [INFO], r1, {'battery-level': '83.10'}, battery_charge, None, None
340.03, [INFO], r1, {'y': 23.409, 'x': -36.32, 'yaw': 3.141}, pose, None, None
350.06, [INFO], r1, {'y': 25.521, 'x': -36.251, 'yaw': 3.14}, pose, None, None
350.06, [INFO], r1, {'battery-level': '82.60'}, battery_charge, None, None
360.09, [INFO], r1, {'battery-level': '82.10'}, battery_charge, None, None
360.09, [INFO], r1, {'y': 27.642, 'x': -36.338, 'yaw': -3.142}, pose, None, None
370.02, [INFO], r1, {'y': 29.735, 'x': -36.376, 'yaw': 3.142}, pose, None, None
370.02, [INFO], r1, {'battery-level': '81.60'}, battery_charge, None, None
380.05, [INFO], r1, {'y': 31.85, 'x': -36.581, 'yaw': -3.142}, pose, None, None
380.05, [INFO], r1, {'battery-level': '81.10'}, battery_charge, None, None
390.08, [INFO], r1, {'y': 33.964, 'x': -36.864, 'yaw': -3.141}, pose, None, None
390.08, [INFO], r1, {'battery-level': '80.60'}, battery_charge, None, None
400.00, [INFO], r1, {'y': 35.885, 'x': -36.93, 'yaw': 3.141}, pose, None, None
400.00, [INFO], r1, {'battery-level': '80.10'}, battery_charge, None, None
410.04, [INFO], r1, {'y': 36.08, 'x': -36.94, 'yaw': -3.142}, pose, None, None
410.04, [INFO], r1, {'battery-level': '79.60'}, battery_charge, None, None
417.66, [INFO], r1, skill-success, None, navto, None
417.66, [INFO], r1, started skill, None, approach-arm, None
417.66, [INFO], r1, sent message, None, None, None
417.66, [INFO], r1, skill-success, None, approach-arm, None
417.66, [INFO], r1, started skill, None, open-drawer, None
417.66, [INFO], r1, sent message, None, None, None
417.66, [INFO], r1, skill-success, None, open-drawer, None
417.66, [INFO], r1, started skill, None, pick-up-sample, None
417.66, [INFO], r1, sent message, None, None, None
417.66, [INFO], r1, skill-success, None, pick-up-sample, None
417.66, [INFO], r1, started skill, None, close-drawer, None
417.66, [INFO], r1, sent message, None, None, None
417.66, [INFO], r1, skill-success, None, close-drawer, None
417.66, [WARN], r1, SUCCESS, None, None, None
420.07, [INFO], r1, {'y': 36.105, 'x': -36.976, 'yaw': -3.142}, pose, None, None
420.07, [INFO], r1, {'battery-level': '79.10'}, battery_charge, None, None
