9.44, [INFO], r1, started skill, None, navto, None
10.02, [INFO], r1, {'y': 33.981, 'x': -32.922, 'yaw': 3.141}, pose, None, None
10.02, [INFO], r1, {'battery-level': '99.55'}, battery_charge, None, None
20.07, [INFO], r1, {'y': 34.669, 'x': -34.943, 'yaw': 3.142}, pose, None, None
20.07, [INFO], r1, {'battery-level': '99.05'}, battery_charge, None, None
30.07, [INFO], r1, {'battery-level': '98.55'}, battery_charge, None, None
30.07, [INFO], r1, {'y': 33.444, 'x': -36.194, 'yaw': 3.142}, pose, None, None
40.08, [INFO], r1, {'y': 31.315, 'x': -36.233, 'yaw': 3.141}, pose, None, None
40.08, [INFO], r1, {'battery-level': '98.05'}, battery_charge, None, None
50.09, [INFO], r1, {'y': 29.184, 'x': -36.245, 'yaw': -3.142}, pose, None, None
50.09, [INFO], r1, {'battery-level': '97.55'}, battery_charge, None, None
60.00, [INFO], r1, {'y': 27.096, 'x': -36.321, 'yaw': 3.14}, pose, None, None
60.00, [INFO], r1, {'battery-level': '97.05'}, battery_charge, None, None
70.02, [INFO], r1, {'y': 24.967, 'x': -36.378, 'yaw': 3.141}, pose, None, None
70.02, [INFO], r1, {'battery-level': '96.55'}, battery_charge, None, None
80.00, [INFO], r1, {'y': 22.865, 'x': -36.486, 'yaw': -3.142}, pose, None, None
80.00, [INFO], r1, {'battery-level': '96.05'}, battery_charge, None, None
90.08, [INFO], r1, {'battery-level': '95.55'}, battery_charge, None, None
90.08, [INFO], r1, {'y': 20.743, 'x': -36.614, 'yaw': 3.142}, pose, None, None
100.03, [INFO], r1, {'battery-level': '95.05'}, battery_charge, None, None
100.03, [INFO], r1, {'y': 18.638, 'x': -36.681, 'yaw': 3.136}, pose, None, None
110.09, [INFO], r1, {'y': 16.523, 'x': -36.757, 'yaw': 3.141}, pose, None, None
110.09, [INFO], r1, {'battery-level': '94.55'}, battery_charge, None, None
120.06, [INFO], r1, {'y': 15.518, 'x': -35.107, 'yaw': 3.142}, pose, None, None
120.06, [INFO], r1, {'battery-level': '94.05'}, battery_charge, None, None
130.05, [INFO], r1, {'y': 15.458, 'x': -33.007, 'yaw': 3.141}, pose, None, None
130.05, [INFO], r1, {'battery-level': '93.55'}, battery_charge, None, None
140.01, [INFO], r1, {'battery-level': '93.05'}, battery_charge, None, None
140.01, [INFO], r1, {'y': 15.523, 'x': -30.913, 'yaw': -3.141}, pose, None, None
150.09, [INFO], r1, {'y': 15.726, 'x': -28.784, 'yaw': 3.142}, pose, None, None
150.09, [INFO], r1, {'battery-level': '92.55'}, battery_charge, None, None
160.07, [INFO], r1, {'y': 15.958, 'x': -26.682, 'yaw': 3.142}, pose, None, None
160.07, [INFO], r1, {'battery-level': '92.05'}, battery_charge, None, None
170.03, [INFO], r1, {'battery-level': '91.55'}, battery_charge, None, None
170.03, [INFO], r1, {'y': 15.959, 'x': -24.569, 'yaw': -3.142}, pose, None, None
180.07, [INFO], r1, {'battery-level': '91.05'}, battery_charge, None, None
180.07, [INFO], r1, {'y': 16.043, 'x': -22.449, 'yaw': 3.14}, pose, None, None
190.01, [INFO], r1, {'y': 16.146, 'x': -20.359, 'yaw': 3.141}, pose, None, None
190.01, [INFO], r1, {'battery-level': '90.55'}, battery_charge, None, None
200.03, [INFO], r1, {'y': 16.187, 'x': -18.228, 'yaw': 3.141}, pose, None, None
200.03, [INFO], r1, {'battery-level': '90.05'}, battery_charge, None, None
210.01, [INFO], r1, {'battery-level': '89.55'}, battery_charge, None, None
210.01, [INFO], r1, {'y': 16.118, 'x': -16.137, 'yaw': 3.14}, pose, None, None
220.06, [INFO], r1, {'battery-level': '89.05'}, battery_charge, None, None
220.06, [INFO], r1, {'y': 16.318, 'x': -14.014, 'yaw': 3.141}, pose, None, None
230.01, [INFO], r1, {'y': 17.88, 'x': -13.586, 'yaw': 3.14}, pose, None, None
230.01, [INFO], r1, {'battery-level': '88.55'}, battery_charge, None, None
236.69, [INFO], r1, skill-success, None, navto, None
236.69, [INFO], r1, started skill, None, approach-nurse, None
236.69, [INFO], r1, started skill, None, open-drawer, None
236.69, [INFO], r1, sent message, None, None, None
236.69, [INFO], r1, skill-success, None, open-drawer, None
236.69, [INFO], r1, started skill, None, deposit, None
236.69, [INFO], r1, sent message, None, None, None
236.69, [INFO], r1, skill-success, None, deposit, None
236.69, [INFO], r1, started skill, None, close-drawer, None
236.69, [INFO], r1, sent message, None, None, None
236.69, [INFO], r1, skill-success, None, close-drawer, None
236.69, [INFO], r1, started skill, None, navto, None
240.05, [INFO], r1, {'y': 17.272, 'x': -13.651, 'yaw': -3.142}, pose, None, None
240.05, [INFO], r1, {'battery-level': '88.05'}, battery_charge, None, None
250.04, [INFO], r1, {'y': 16.213, 'x': -15.093, 'yaw': 3.142}, pose, None, None
250.04, [INFO], r1, {'battery-level': '87.55'}, battery_charge, None, None
260.05, [INFO], r1, {'y': 16.117, 'x': -17.199, 'yaw': 3.141}, pose, None, None
260.05, [INFO], r1, {'battery-level': '87.05'}, battery_charge, None, None
270.05, [INFO], r1, {'y': 16.2, 'x': -19.316, 'yaw': 3.142}, pose, None, None
270.05, [INFO], r1, {'battery-level': '86.55'}, battery_charge, None, None
280.07, [INFO], r1, {'battery-level': '86.05'}, battery_charge, None, None
280.07, [INFO], r1, {'y': 16.296, 'x': -21.421, 'yaw': 3.142}, pose, None, None
290.06, [INFO], r1, {'battery-level': '85.55'}, battery_charge, None, None
290.06, [INFO], r1, {'y': 16.158, 'x': -23.531, 'yaw': 3.141}, pose, None, None
300.07, [INFO], r1, {'y': 16.086, 'x': -25.658, 'yaw': 3.14}, pose, None, None
300.07, [INFO], r1, {'battery-level': '85.05'}, battery_charge, None, None
310.07, [INFO], r1, {'y': 15.96, 'x': -27.777, 'yaw': 3.142}, pose, None, None
310.07, [INFO], r1, {'battery-level': '84.55'}, battery_charge, None, None
320.03, [INFO], r1, {'y': 16.038, 'x': -29.877, 'yaw': -3.14}, pose, None, None
320.03, [INFO], r1, {'battery-level': '84.05'}, battery_charge, None, None
330.03, [INFO], r1, {'battery-level': '83.55'}, battery_charge, None, None
330.03, [INFO], r1, {'y': 15.859, 'x': -32.003, 'yaw': 3.141}, pose, None, None
340.01, [INFO], r1, {'battery-level': '83.05'}, battery_charge, None, None
340.01, [INFO], r1, {'y': 15.439, 'x': -34.095, 'yaw': 3.141}, pose, None, None
350.09, [INFO], r1, {'y': 16.428, 'x': -35.847, 'yaw': 3.141}, pose, None, None
350.09, [INFO], r1, {'battery-level': '82.55'}, battery_charge, None, None
360.07, [INFO], r1, {'y': 18.488, 'x': -36.098, 'yaw': 3.142}, pose, None, None
360.07, [INFO], r1, {'battery-level': '82.05'}, battery_charge, None, None
370.05, [INFO], r1, {'battery-level': '81.55'}, battery_charge, None, None
370.05, [INFO], r1, {'y': 20.595, 'x': -36.213, 'yaw': -3.142}, pose, None, None
380.01, [INFO], r1, {'battery-level': '81.05'}, battery_charge, None, None
380.01, [INFO], r1, {'y': 22.691, 'x': -36.274, 'yaw': 3.141}, pose, None, None
390.06, [INFO], r1, {'battery-level': '80.55'}, battery_charge, None, None
390.06, [INFO], r1, {'y': 24.819, 'x': -36.286, 'yaw': 3.14}, pose, None, None
400.05, [INFO], r1, {'battery-level': '80.05'}, battery_charge, None, None
400.05, [INFO], r1, {'y': 26.937, 'x': -36.284, 'yaw': 3.142}, pose, None, None
410.06, [INFO], r1, {'y': 29.056, 'x': -36.344, 'yaw': -3.142}, pose, None, None
410.06, [INFO], r1, {'battery-level': '79.55'}, battery_charge, None, None
420.08, [INFO], r1, {'y': 31.177, 'x': -36.482, 'yaw': 3.141}, pose, None, None
420.08, [INFO], r1, {'battery-level': '79.05'}, battery_charge, None, None
430.05, [INFO], r1, {'battery-level': '78.55'}, battery_charge, None, None
430.05, [INFO], r1, {'y': 33.281, 'x': -36.747, 'yaw': 3.141}, pose, None, None
440.04, [INFO], r1, {'y': 35.378, 'x': -36.951, 'yaw': 3.141}, pose, None, None
440.04, [INFO], r1, {'battery-level': '78.05'}, battery_charge, None, None
450.10, [INFO], r1, {'y': 36.033, 'x': -36.985, 'yaw': -3.142}, pose, None, None
450.10, [INFO], r1, {'battery-level': '77.55'}, battery_charge, None, None
451.09, [INFO], r1, skill-success, None, navto, None
451.09, [INFO], r1, started skill, None, approach-arm, None
451.09, [INFO], r1, sent message, None, None, None
451.09, [INFO], r1, started skill, None, open-drawer, None
451.09, [INFO], r1, sent message, None, None, None
451.09, [INFO], r1, skill-success, None, open-drawer, None
451.09, [INFO], r1, started skill, None, pick-up-sample, None
451.09, [INFO], r1, sent message, None, None, None
451.09, [INFO], r1, skill-success, None, pick-up-sample, None
451.09, [INFO], r1, started skill, None, close-drawer, None
451.09, [INFO], r1, sent message, None, None, None
451.09, [INFO], r1, skill-success, None, close-drawer, None
451.09, [WARN], r1, SUCCESS, None, None, None
