0.19, [DEBUG], logger, ROBOTS_CONFIG={'capabilities': ['approach_person', 'approach_robot', 'authenticate_person', 'navigation', 'operate_drawer'], 'battery_charge': 1, 'nurse_pose': [-13.5, 18.0, -1.57], 'robot_pose': [-32.88, 33.98, 3.14]}, None, None, None
0.19, [DEBUG], logger, Simulation open, None, None, None
10.08, [INFO], r1, {'y': 33.98, 'x': -32.88, 'yaw': -3.142}, pose, None, None
10.08, [INFO], r1, {'battery-level': '99.55'}, battery_charge, None, None
10.86, [INFO], r1, started skill, None, navto, None
20.08, [INFO], r1, {'y': 34.623, 'x': -34.672, 'yaw': 3.142}, pose, None, None
20.08, [INFO], r1, {'battery-level': '99.05'}, battery_charge, None, None
30.09, [INFO], r1, {'y': 33.735, 'x': -36.22, 'yaw': 3.141}, pose, None, None
30.09, [INFO], r1, {'battery-level': '98.55'}, battery_charge, None, None
40.09, [INFO], r1, {'y': 31.623, 'x': -36.242, 'yaw': 3.14}, pose, None, None
40.09, [INFO], r1, {'battery-level': '98.05'}, battery_charge, None, None
50.00, [INFO], r1, {'y': 29.542, 'x': -36.263, 'yaw': 3.141}, pose, None, None
50.00, [INFO], r1, {'battery-level': '97.55'}, battery_charge, None, None
60.01, [INFO], r1, {'y': 27.421, 'x': -36.328, 'yaw': 3.141}, pose, None, None
60.01, [INFO], r1, {'battery-level': '97.05'}, battery_charge, None, None
70.05, [INFO], r1, {'battery-level': '96.55'}, battery_charge, None, None
70.05, [INFO], r1, {'y': 25.308, 'x': -36.397, 'yaw': 3.141}, pose, None, None
80.06, [INFO], r1, {'y': 23.193, 'x': -36.512, 'yaw': 3.14}, pose, None, None
80.06, [INFO], r1, {'battery-level': '96.05'}, battery_charge, None, None
90.07, [INFO], r1, {'y': 21.086, 'x': -36.642, 'yaw': -3.142}, pose, None, None
90.07, [INFO], r1, {'battery-level': '95.55'}, battery_charge, None, None
100.08, [INFO], r1, {'y': 18.98, 'x': -36.64, 'yaw': 3.141}, pose, None, None
100.08, [INFO], r1, {'battery-level': '95.05'}, battery_charge, None, None
110.06, [INFO], r1, {'y': 16.878, 'x': -36.758, 'yaw': 3.142}, pose, None, None
110.06, [INFO], r1, {'battery-level': '94.55'}, battery_charge, None, None
120.07, [INFO], r1, {'y': 15.596, 'x': -35.623, 'yaw': -3.142}, pose, None, None
120.07, [INFO], r1, {'battery-level': '94.05'}, battery_charge, None, None
130.04, [INFO], r1, {'y': 15.408, 'x': -33.512, 'yaw': -3.141}, pose, None, None
130.04, [INFO], r1, {'battery-level': '93.55'}, battery_charge, None, None
140.04, [INFO], r1, {'y': 15.552, 'x': -31.394, 'yaw': 3.142}, pose, None, None
140.04, [INFO], r1, {'battery-level': '93.05'}, battery_charge, None, None
150.01, [INFO], r1, {'battery-level': '92.55'}, battery_charge, None, None
150.01, [INFO], r1, {'y': 15.703, 'x': -29.283, 'yaw': 3.141}, pose, None, None
160.10, [INFO], r1, {'y': 15.951, 'x': -27.169, 'yaw': -3.14}, pose, None, None
160.10, [INFO], r1, {'battery-level': '92.05'}, battery_charge, None, None
170.10, [INFO], r1, {'y': 16.138, 'x': -25.071, 'yaw': 3.142}, pose, None, None
170.10, [INFO], r1, {'battery-level': '91.55'}, battery_charge, None, None
180.08, [INFO], r1, {'y': 16.16, 'x': -22.963, 'yaw': -3.141}, pose, None, None
180.08, [INFO], r1, {'battery-level': '91.05'}, battery_charge, None, None
190.07, [INFO], r1, {'y': 16.238, 'x': -20.85, 'yaw': 3.141}, pose, None, None
190.07, [INFO], r1, {'battery-level': '90.55'}, battery_charge, None, None
200.07, [INFO], r1, {'y': 16.218, 'x': -18.748, 'yaw': -3.142}, pose, None, None
200.07, [INFO], r1, {'battery-level': '90.05'}, battery_charge, None, None
210.08, [INFO], r1, {'y': 16.126, 'x': -16.642, 'yaw': -3.141}, pose, None, None
210.08, [INFO], r1, {'battery-level': '89.55'}, battery_charge, None, None
220.09, [INFO], r1, {'y': 16.106, 'x': -14.526, 'yaw': 3.14}, pose, None, None
220.09, [INFO], r1, {'battery-level': '89.05'}, battery_charge, None, None
230.08, [INFO], r1, {'y': 17.595, 'x': -13.571, 'yaw': 3.141}, pose, None, None
230.08, [INFO], r1, {'battery-level': '88.55'}, battery_charge, None, None
240.08, [INFO], r1, {'y': 18.015, 'x': -13.603, 'yaw': 3.142}, pose, None, None
240.08, [INFO], r1, {'battery-level': '88.05'}, battery_charge, None, None
246.30, [INFO], r1, skill-success, None, navto, None
246.30, [INFO], r1, started skill, None, approach-nurse, None
246.30, [INFO], r1, sent message, None, None, None
246.30, [INFO], r1, skill-success, None, approach-nurse, None
246.30, [INFO], r1, started skill, None, authenticate-nurse, None
246.30, [INFO], r1, started skill, None, open-drawer, None
246.30, [INFO], r1, sent message, None, None, None
246.30, [INFO], r1, skill-success, None, open-drawer, None
246.30, [INFO], r1, started skill, None, deposit, None
246.30, [INFO], r1, sent message, None, None, None
246.30, [INFO], r1, skill-success, None, deposit, None
246.30, [INFO], r1, started skill, None, close-drawer, None
246.30, [INFO], r1, sent message, None, None, None
246.30, [INFO], r1, skill-success, None, close-drawer, None
246.30, [INFO], r1, started skill, None, navto, None
250.06, [INFO], r1, {'y': 17.294, 'x': -13.655, 'yaw': 3.142}, pose, None, None
250.06, [INFO], r1, {'battery-level': '87.55'}, battery_charge, None, None
260.06, [INFO], r1, {'y': 16.275, 'x': -15.224, 'yaw': 3.141}, pose, None, None
260.06, [INFO], r1, {'battery-level': '87.05'}, battery_charge, None, None
270.05, [INFO], r1, {'battery-level': '86.55'}, battery_charge, None, None
270.05, [INFO], r1, {'y': 16.16, 'x': -17.327, 'yaw': 3.14}, pose, None, None
280.02, [INFO], r1, {'y': 16.257, 'x': -19.428, 'yaw': 3.142}, pose, None, None
280.02, [INFO], r1, {'battery-level': '86.05'}, battery_charge, None, None
290.02, [INFO], r1, {'battery-level': '85.55'}, battery_charge, None, None
290.02, [INFO], r1, {'y': 16.339, 'x': -21.541, 'yaw': -3.142}, pose, None, None
300.02, [INFO], r1, {'y': 16.172, 'x': -23.645, 'yaw': 3.14}, pose, None, None
300.02, [INFO], r1, {'battery-level': '85.05'}, battery_charge, None, None
310.02, [INFO], r1, {'battery-level': '84.55'}, battery_charge, None, None
310.02, [INFO], r1, {'y': 16.068, 'x': -25.745, 'yaw': 3.14}, pose, None, None
320.01, [INFO], r1, {'y': 15.957, 'x': -27.851, 'yaw': -3.14}, pose, None, None
320.01, [INFO], r1, {'battery-level': '84.05'}, battery_charge, None, None
330.01, [INFO], r1, {'y': 16.021, 'x': -29.958, 'yaw': 3.141}, pose, None, None
330.01, [INFO], r1, {'battery-level': '83.55'}, battery_charge, None, None
340.01, [INFO], r1, {'y': 15.923, 'x': -32.067, 'yaw': -3.141}, pose, None, None
340.01, [INFO], r1, {'battery-level': '83.05'}, battery_charge, None, None
350.02, [INFO], r1, {'y': 15.499, 'x': -34.163, 'yaw': 3.141}, pose, None, None
350.02, [INFO], r1, {'battery-level': '82.55'}, battery_charge, None, None
360.09, [INFO], r1, {'y': 16.431, 'x': -35.925, 'yaw': -3.142}, pose, None, None
360.09, [INFO], r1, {'battery-level': '82.05'}, battery_charge, None, None
370.08, [INFO], r1, {'y': 18.522, 'x': -36.089, 'yaw': 3.141}, pose, None, None
370.08, [INFO], r1, {'battery-level': '81.55'}, battery_charge, None, None
380.07, [INFO], r1, {'y': 20.636, 'x': -36.277, 'yaw': 3.141}, pose, None, None
380.07, [INFO], r1, {'battery-level': '81.05'}, battery_charge, None, None
390.09, [INFO], r1, {'y': 22.76, 'x': -36.349, 'yaw': 3.141}, pose, None, None
390.09, [INFO], r1, {'battery-level': '80.55'}, battery_charge, None, None
400.09, [INFO], r1, {'y': 24.87, 'x': -36.302, 'yaw': 3.141}, pose, None, None
400.09, [INFO], r1, {'battery-level': '80.05'}, battery_charge, None, None
410.08, [INFO], r1, {'y': 26.978, 'x': -36.296, 'yaw': 3.141}, pose, None, None
410.08, [INFO], r1, {'battery-level': '79.55'}, battery_charge, None, None
420.10, [INFO], r1, {'y': 29.107, 'x': -36.349, 'yaw': 3.14}, pose, None, None
420.10, [INFO], r1, {'battery-level': '79.05'}, battery_charge, None, None
430.02, [INFO], r1, {'y': 31.203, 'x': -36.471, 'yaw': -3.142}, pose, None, None
430.02, [INFO], r1, {'battery-level': '78.55'}, battery_charge, None, None
440.06, [INFO], r1, {'battery-level': '78.05'}, battery_charge, None, None
440.06, [INFO], r1, {'y': 33.317, 'x': -36.774, 'yaw': 3.141}, pose, None, None
450.09, [INFO], r1, {'y': 35.434, 'x': -36.897, 'yaw': 3.141}, pose, None, None
450.09, [INFO], r1, {'battery-level': '77.55'}, battery_charge, None, None
460.01, [INFO], r1, {'y': 36.002, 'x': -36.967, 'yaw': -3.142}, pose, None, None
460.01, [INFO], r1, {'battery-level': '77.05'}, battery_charge, None, None
462.38, [INFO], r1, skill-success, None, navto, None
462.38, [INFO], r1, started skill, None, approach-arm, None
462.38, [INFO], r1, sent message, None, None, None
462.38, [INFO], r1, skill-success, None, approach-arm, None
462.38, [INFO], r1, started skill, None, open-drawer, None
462.38, [INFO], r1, sent message, None, None, None
462.38, [INFO], r1, skill-success, None, open-drawer, None
462.38, [INFO], r1, started skill, None, pick-up-sample, None
462.38, [INFO], r1, sent message, None, None, None
462.38, [INFO], r1, skill-success, None, pick-up-sample, None
462.38, [INFO], r1, started skill, None, close-drawer, None
462.38, [INFO], r1, sent message, None, None, None
462.38, [INFO], r1, skill-success, None, close-drawer, None
462.38, [WARN], r1, SUCCESS, None, None, None
470.07, [INFO], r1, {'y': 36.001, 'x': -36.969, 'yaw': -3.142}, pose, None, None
470.07, [INFO], r1, {'battery-level': '76.55'}, battery_charge, None, None
