9.60, [INFO], r1, started skill, None, navto, None
10.09, [INFO], r1, {'battery-level': '99.55'}, battery_charge, None, None
10.09, [INFO], r1, {'y': 33.98, 'x': -32.897, 'yaw': 3.141}, pose, None, None
20.08, [INFO], r1, {'y': 34.665, 'x': -34.913, 'yaw': 3.141}, pose, None, None
20.08, [INFO], r1, {'battery-level': '99.05'}, battery_charge, None, None
30.04, [INFO], r1, {'y': 33.507, 'x': -36.202, 'yaw': 3.142}, pose, None, None
30.04, [INFO], r1, {'battery-level': '98.55'}, battery_charge, None, None
40.07, [INFO], r1, {'y': 31.386, 'x': -36.233, 'yaw': 3.14}, pose, None, None
40.07, [INFO], r1, {'battery-level': '98.05'}, battery_charge, None, None
50.10, [INFO], r1, {'y': 29.274, 'x': -36.295, 'yaw': -3.142}, pose, None, None
50.10, [INFO], r1, {'battery-level': '97.55'}, battery_charge, None, None
60.01, [INFO], r1, {'battery-level': '97.05'}, battery_charge, None, None
60.01, [INFO], r1, {'y': 27.169, 'x': -36.342, 'yaw': 3.141}, pose, None, None
70.03, [INFO], r1, {'y': 25.037, 'x': -36.44, 'yaw': 3.141}, pose, None, None
70.03, [INFO], r1, {'battery-level': '96.55'}, battery_charge, None, None
80.02, [INFO], r1, {'y': 22.929, 'x': -36.55, 'yaw': 3.141}, pose, None, None
80.02, [INFO], r1, {'battery-level': '96.05'}, battery_charge, None, None
90.01, [INFO], r1, {'y': 20.807, 'x': -36.721, 'yaw': 3.137}, pose, None, None
90.01, [INFO], r1, {'battery-level': '95.55'}, battery_charge, None, None
100.07, [INFO], r1, {'y': 18.693, 'x': -36.772, 'yaw': 3.142}, pose, None, None
100.07, [INFO], r1, {'battery-level': '95.05'}, battery_charge, None, None
110.04, [INFO], r1, {'battery-level': '94.55'}, battery_charge, None, None
110.04, [INFO], r1, {'y': 16.592, 'x': -36.828, 'yaw': 3.141}, pose, None, None
120.09, [INFO], r1, {'y': 15.534, 'x': -35.253, 'yaw': 3.142}, pose, None, None
120.09, [INFO], r1, {'battery-level': '94.05'}, battery_charge, None, None
130.04, [INFO], r1, {'y': 15.491, 'x': -33.157, 'yaw': -3.141}, pose, None, None
130.04, [INFO], r1, {'battery-level': '93.55'}, battery_charge, None, None
140.09, [INFO], r1, {'y': 15.53, 'x': -31.027, 'yaw': 3.141}, pose, None, None
140.09, [INFO], r1, {'battery-level': '93.05'}, battery_charge, None, None
150.09, [INFO], r1, {'y': 15.745, 'x': -28.92, 'yaw': 3.141}, pose, None, None
150.09, [INFO], r1, {'battery-level': '92.55'}, battery_charge, None, None
160.06, [INFO], r1, {'y': 16.035, 'x': -26.821, 'yaw': 3.141}, pose, None, None
160.06, [INFO], r1, {'battery-level': '92.05'}, battery_charge, None, None
170.04, [INFO], r1, {'y': 16.153, 'x': -24.745, 'yaw': 3.142}, pose, None, None
170.04, [INFO], r1, {'battery-level': '91.55'}, battery_charge, None, None
180.01, [INFO], r1, {'y': 16.206, 'x': -22.636, 'yaw': -3.138}, pose, None, None
180.01, [INFO], r1, {'battery-level': '91.05'}, battery_charge, None, None
190.04, [INFO], r1, {'battery-level': '90.55'}, battery_charge, None, None
190.04, [INFO], r1, {'y': 16.287, 'x': -20.514, 'yaw': 3.141}, pose, None, None
200.03, [INFO], r1, {'y': 16.3, 'x': -18.407, 'yaw': -3.142}, pose, None, None
200.03, [INFO], r1, {'battery-level': '90.05'}, battery_charge, None, None
210.01, [INFO], r1, {'y': 16.121, 'x': -16.304, 'yaw': 3.142}, pose, None, None
210.01, [INFO], r1, {'battery-level': '89.55'}, battery_charge, None, None
220.09, [INFO], r1, {'y': 16.134, 'x': -14.177, 'yaw': 3.141}, pose, None, None
220.09, [INFO], r1, {'battery-level': '89.05'}, battery_charge, None, None
230.03, [INFO], r1, {'battery-level': '88.55'}, battery_charge, None, None
230.03, [INFO], r1, {'y': 16.689, 'x': -12.159, 'yaw': 3.141}, pose, None, None
240.02, [INFO], r1, {'y': 17.962, 'x': -11.54, 'yaw': 3.141}, pose, None, None
240.02, [INFO], r1, {'battery-level': '88.05'}, battery_charge, None, None
248.52, [INFO], r1, skill-success, None, navto, None
248.52, [INFO], r1, started skill, None, approach-nurse, None
248.52, [INFO], r1, sent message, None, None, None
248.52, [INFO], r1, skill-success, None, approach-nurse, None
248.52, [INFO], r1, started skill, None, authenticate-nurse, None
248.52, [INFO], r1, started skill, None, open-drawer, None
248.52, [INFO], r1, sent message, None, None, None
248.52, [INFO], r1, skill-success, None, open-drawer, None
248.52, [INFO], r1, started skill, None, deposit, None
248.52, [INFO], r1, sent message, None, None, None
248.52, [INFO], r1, skill-success, None, deposit, None
248.52, [INFO], r1, started skill, None, close-drawer, None
248.52, [INFO], r1, sent message, None, None, None
248.52, [INFO], r1, skill-success, None, close-drawer, None
248.52, [INFO], r1, started skill, None, navto, None
250.06, [INFO], r1, {'y': 17.735, 'x': -11.522, 'yaw': 3.137}, pose, None, None
250.06, [INFO], r1, {'battery-level': '87.55'}, battery_charge, None, None
260.02, [INFO], r1, {'y': 16.354, 'x': -12.983, 'yaw': -3.139}, pose, None, None
260.02, [INFO], r1, {'battery-level': '87.05'}, battery_charge, None, None
270.01, [INFO], r1, {'battery-level': '86.55'}, battery_charge, None, None
270.01, [INFO], r1, {'y': 16.211, 'x': -15.092, 'yaw': -3.142}, pose, None, None
280.08, [INFO], r1, {'battery-level': '86.05'}, battery_charge, None, None
280.08, [INFO], r1, {'y': 16.099, 'x': -17.22, 'yaw': 3.141}, pose, None, None
290.01, [INFO], r1, {'y': 16.195, 'x': -19.307, 'yaw': -3.142}, pose, None, None
290.01, [INFO], r1, {'battery-level': '85.55'}, battery_charge, None, None
300.07, [INFO], r1, {'y': 16.323, 'x': -21.434, 'yaw': -3.142}, pose, None, None
300.07, [INFO], r1, {'battery-level': '85.05'}, battery_charge, None, None
310.09, [INFO], r1, {'battery-level': '84.55'}, battery_charge, None, None
310.09, [INFO], r1, {'y': 16.184, 'x': -23.556, 'yaw': 3.141}, pose, None, None
320.04, [INFO], r1, {'y': 16.079, 'x': -25.653, 'yaw': -3.141}, pose, None, None
320.04, [INFO], r1, {'battery-level': '84.05'}, battery_charge, None, None
330.04, [INFO], r1, {'y': 15.966, 'x': -27.765, 'yaw': 3.142}, pose, None, None
330.04, [INFO], r1, {'battery-level': '83.55'}, battery_charge, None, None
340.04, [INFO], r1, {'battery-level': '83.05'}, battery_charge, None, None
340.04, [INFO], r1, {'y': 16.017, 'x': -29.871, 'yaw': -3.139}, pose, None, None
350.00, [INFO], r1, {'battery-level': '82.55'}, battery_charge, None, None
350.00, [INFO], r1, {'y': 15.873, 'x': -31.973, 'yaw': 3.141}, pose, None, None
360.07, [INFO], r1, {'battery-level': '82.05'}, battery_charge, None, None
360.07, [INFO], r1, {'y': 15.503, 'x': -34.077, 'yaw': -3.142}, pose, None, None
370.03, [INFO], r1, {'battery-level': '81.55'}, battery_charge, None, None
370.03, [INFO], r1, {'y': 16.373, 'x': -35.846, 'yaw': 3.141}, pose, None, None
380.07, [INFO], r1, {'battery-level': '81.05'}, battery_charge, None, None
380.07, [INFO], r1, {'y': 18.455, 'x': -36.11, 'yaw': 3.141}, pose, None, None
390.05, [INFO], r1, {'y': 20.569, 'x': -36.242, 'yaw': 3.141}, pose, None, None
390.05, [INFO], r1, {'battery-level': '80.55'}, battery_charge, None, None
400.08, [INFO], r1, {'y': 22.67, 'x': -36.345, 'yaw': 3.141}, pose, None, None
400.08, [INFO], r1, {'battery-level': '80.05'}, battery_charge, None, None
410.06, [INFO], r1, {'battery-level': '79.55'}, battery_charge, None, None
410.06, [INFO], r1, {'y': 24.781, 'x': -36.304, 'yaw': 3.14}, pose, None, None
420.05, [INFO], r1, {'y': 26.886, 'x': -36.299, 'yaw': 3.141}, pose, None, None
420.05, [INFO], r1, {'battery-level': '79.05'}, battery_charge, None, None
430.00, [INFO], r1, {'y': 28.985, 'x': -36.355, 'yaw': 3.14}, pose, None, None
430.00, [INFO], r1, {'battery-level': '78.55'}, battery_charge, None, None
440.01, [INFO], r1, {'y': 31.108, 'x': -36.446, 'yaw': 3.142}, pose, None, None
440.01, [INFO], r1, {'battery-level': '78.05'}, battery_charge, None, None
450.09, [INFO], r1, {'battery-level': '77.55'}, battery_charge, None, None
450.09, [INFO], r1, {'y': 33.231, 'x': -36.728, 'yaw': -3.142}, pose, None, None
460.00, [INFO], r1, {'y': 35.307, 'x': -36.903, 'yaw': -3.142}, pose, None, None
460.00, [INFO], r1, {'battery-level': '77.05'}, battery_charge, None, None
470.08, [INFO], r1, {'y': 36.045, 'x': -36.957, 'yaw': -3.142}, pose, None, None
470.08, [INFO], r1, {'battery-level': '76.55'}, battery_charge, None, None
472.02, [INFO], r1, skill-success, None, navto, None
472.02, [INFO], r1, started skill, None, approach-arm, None
472.02, [INFO], r1, sent message, None, None, None
472.02, [INFO], r1, skill-success, None, approach-arm, None
472.02, [INFO], r1, started skill, None, open-drawer, None
472.02, [INFO], r1, sent message, None, None, None
472.02, [INFO], r1, skill-success, None, open-drawer, None
472.02, [INFO], r1, started skill, None, pick-up-sample, None
472.02, [INFO], r1, sent message, None, None, None
472.02, [INFO], r1, skill-success, None, pick-up-sample, None
472.02, [INFO], r1, started skill, None, close-drawer, None
472.02, [INFO], r1, sent message, None, None, None
472.02, [INFO], r1, skill-success, None, close-drawer, None
472.02, [WARN], r1, SUCCESS, None, None, None
480.04, [INFO], r1, {'y': 36.044, 'x': -36.959, 'yaw': -3.142}, pose, None, None
480.04, [INFO], r1, {'battery-level': '76.05'}, battery_charge, None, None
