9.86, [INFO], r1, started skill, None, navto, None
10.06, [INFO], r1, {'y': 33.98, 'x': -32.88, 'yaw': -3.142}, pose, None, None
10.06, [INFO], r1, {'battery-level': '99.55'}, battery_charge, None, None
20.10, [INFO], r1, {'y': 34.67, 'x': -34.873, 'yaw': 3.142}, pose, None, None
20.10, [INFO], r1, {'battery-level': '99.05'}, battery_charge, None, None
30.03, [INFO], r1, {'y': 33.62, 'x': -36.246, 'yaw': -3.142}, pose, None, None
30.03, [INFO], r1, {'battery-level': '98.55'}, battery_charge, None, None
40.06, [INFO], r1, {'y': 31.508, 'x': -36.253, 'yaw': -3.141}, pose, None, None
40.06, [INFO], r1, {'battery-level': '98.05'}, battery_charge, None, None
50.09, [INFO], r1, {'y': 29.394, 'x': -36.271, 'yaw': 3.142}, pose, None, None
50.09, [INFO], r1, {'battery-level': '97.55'}, battery_charge, None, None
60.02, [INFO], r1, {'y': 27.308, 'x': -36.347, 'yaw': -3.141}, pose, None, None
60.02, [INFO], r1, {'battery-level': '97.05'}, battery_charge, None, None
70.06, [INFO], r1, {'battery-level': '96.55'}, battery_charge, None, None
70.06, [INFO], r1, {'y': 25.201, 'x': -36.443, 'yaw': -3.141}, pose, None, None
80.09, [INFO], r1, {'battery-level': '96.05'}, battery_charge, None, None
80.09, [INFO], r1, {'y': 23.092, 'x': -36.503, 'yaw': -3.141}, pose, None, None
90.03, [INFO], r1, {'y': 21.0, 'x': -36.637, 'yaw': 3.142}, pose, None, None
90.03, [INFO], r1, {'battery-level': '95.55'}, battery_charge, None, None
100.06, [INFO], r1, {'battery-level': '95.05'}, battery_charge, None, None
100.06, [INFO], r1, {'y': 18.891, 'x': -36.694, 'yaw': 3.141}, pose, None, None
110.09, [INFO], r1, {'y': 16.786, 'x': -36.767, 'yaw': 3.142}, pose, None, None
110.09, [INFO], r1, {'battery-level': '94.55'}, battery_charge, None, None
120.02, [INFO], r1, {'y': 15.634, 'x': -35.51, 'yaw': -3.141}, pose, None, None
120.02, [INFO], r1, {'battery-level': '94.05'}, battery_charge, None, None
130.05, [INFO], r1, {'battery-level': '93.55'}, battery_charge, None, None
130.05, [INFO], r1, {'y': 15.466, 'x': -33.398, 'yaw': -3.141}, pose, None, None
140.09, [INFO], r1, {'y': 15.538, 'x': -31.265, 'yaw': -3.141}, pose, None, None
140.09, [INFO], r1, {'battery-level': '93.05'}, battery_charge, None, None
150.03, [INFO], r1, {'y': 15.724, 'x': -29.17, 'yaw': -3.142}, pose, None, None
150.03, [INFO], r1, {'battery-level': '92.55'}, battery_charge, None, None
160.06, [INFO], r1, {'y': 15.97, 'x': -27.059, 'yaw': 3.141}, pose, None, None
160.06, [INFO], r1, {'battery-level': '92.05'}, battery_charge, None, None
170.00, [INFO], r1, {'y': 16.163, 'x': -24.958, 'yaw': -3.142}, pose, None, None
170.00, [INFO], r1, {'battery-level': '91.55'}, battery_charge, None, None
180.03, [INFO], r1, {'battery-level': '91.05'}, battery_charge, None, None
180.03, [INFO], r1, {'y': 16.154, 'x': -22.844, 'yaw': -3.141}, pose, None, None
190.07, [INFO], r1, {'y': 16.153, 'x': -20.736, 'yaw': 3.142}, pose, None, None
190.07, [INFO], r1, {'battery-level': '90.55'}, battery_charge, None, None
200.01, [INFO], r1, {'battery-level': '90.05'}, battery_charge, None, None
200.01, [INFO], r1, {'y': 16.175, 'x': -18.635, 'yaw': 3.142}, pose, None, None
210.03, [INFO], r1, {'y': 16.062, 'x': -16.528, 'yaw': 3.14}, pose, None, None
210.03, [INFO], r1, {'battery-level': '89.55'}, battery_charge, None, None
220.06, [INFO], r1, {'battery-level': '89.05'}, battery_charge, None, None
220.06, [INFO], r1, {'y': 16.055, 'x': -14.411, 'yaw': -3.142}, pose, None, None
230.09, [INFO], r1, {'y': 16.517, 'x': -12.328, 'yaw': -3.142}, pose, None, None
230.09, [INFO], r1, {'battery-level': '88.55'}, battery_charge, None, None
240.03, [INFO], r1, {'y': 17.945, 'x': -11.584, 'yaw': 3.141}, pose, None, None
240.03, [INFO], r1, {'battery-level': '88.05'}, battery_charge, None, None
250.06, [INFO], r1, {'y': 17.991, 'x': -11.528, 'yaw': 3.142}, pose, None, None
250.06, [INFO], r1, {'battery-level': '87.55'}, battery_charge, None, None
250.56, [INFO], r1, skill-success, None, navto, None
250.56, [INFO], r1, started skill, None, approach-nurse, None
250.56, [INFO], r1, sent message, None, None, None
250.56, [INFO], r1, skill-success, None, approach-nurse, None
250.56, [INFO], r1, started skill, None, authenticate-nurse, None
250.56, [INFO], r1, sent message, None, None, None
250.56, [INFO], r1, skill-success, None, authenticate-nurse, None
250.56, [INFO], r1, started skill, None, open-drawer, None
250.56, [INFO], r1, sent message, None, None, None
250.56, [INFO], r1, skill-success, None, open-drawer, None
250.56, [INFO], r1, started skill, None, deposit, None
250.56, [INFO], r1, sent message, None, None, None
250.56, [INFO], r1, skill-success, None, deposit, None
250.56, [INFO], r1, started skill, None, close-drawer, None
250.56, [INFO], r1, sent message, None, None, None
250.56, [INFO], r1, skill-success, None, close-drawer, None
250.56, [INFO], r1, started skill, None, navto, None
260.09, [INFO], r1, {'y': 16.446, 'x': -12.634, 'yaw': 3.142}, pose, None, None
260.09, [INFO], r1, {'battery-level': '87.05'}, battery_charge, None, None
270.02, [INFO], r1, {'battery-level': '86.55'}, battery_charge, None, None
270.02, [INFO], r1, {'y': 16.226, 'x': -14.718, 'yaw': 3.142}, pose, None, None
280.05, [INFO], r1, {'y': 16.135, 'x': -16.836, 'yaw': 3.141}, pose, None, None
280.05, [INFO], r1, {'battery-level': '86.05'}, battery_charge, None, None
290.08, [INFO], r1, {'y': 16.251, 'x': -18.952, 'yaw': 3.141}, pose, None, None
290.08, [INFO], r1, {'battery-level': '85.55'}, battery_charge, None, None
300.10, [INFO], r1, {'y': 16.35, 'x': -21.051, 'yaw': -3.14}, pose, None, None
300.10, [INFO], r1, {'battery-level': '85.05'}, battery_charge, None, None
310.03, [INFO], r1, {'y': 16.155, 'x': -23.141, 'yaw': -3.142}, pose, None, None
310.03, [INFO], r1, {'battery-level': '84.55'}, battery_charge, None, None
320.05, [INFO], r1, {'y': 16.126, 'x': -25.254, 'yaw': 3.141}, pose, None, None
320.05, [INFO], r1, {'battery-level': '84.05'}, battery_charge, None, None
330.09, [INFO], r1, {'y': 16.043, 'x': -27.376, 'yaw': 3.142}, pose, None, None
330.09, [INFO], r1, {'battery-level': '83.55'}, battery_charge, None, None
340.03, [INFO], r1, {'y': 16.116, 'x': -29.474, 'yaw': -3.142}, pose, None, None
340.03, [INFO], r1, {'battery-level': '83.05'}, battery_charge, None, None
350.07, [INFO], r1, {'battery-level': '82.55'}, battery_charge, None, None
350.07, [INFO], r1, {'y': 15.93, 'x': -31.59, 'yaw': 3.141}, pose, None, None
360.09, [INFO], r1, {'battery-level': '82.05'}, battery_charge, None, None
360.09, [INFO], r1, {'y': 15.592, 'x': -33.693, 'yaw': 3.141}, pose, None, None
370.03, [INFO], r1, {'y': 15.999, 'x': -35.607, 'yaw': 3.142}, pose, None, None
370.03, [INFO], r1, {'battery-level': '81.55'}, battery_charge, None, None
380.06, [INFO], r1, {'y': 17.973, 'x': -36.109, 'yaw': -3.14}, pose, None, None
380.06, [INFO], r1, {'battery-level': '81.05'}, battery_charge, None, None
390.09, [INFO], r1, {'y': 20.088, 'x': -36.242, 'yaw': 3.141}, pose, None, None
390.09, [INFO], r1, {'battery-level': '80.55'}, battery_charge, None, None
400.03, [INFO], r1, {'battery-level': '80.05'}, battery_charge, None, None
400.03, [INFO], r1, {'y': 22.187, 'x': -36.26, 'yaw': 3.142}, pose, None, None
410.06, [INFO], r1, {'y': 24.3, 'x': -36.289, 'yaw': 3.14}, pose, None, None
410.06, [INFO], r1, {'battery-level': '79.55'}, battery_charge, None, None
420.00, [INFO], r1, {'y': 26.408, 'x': -36.312, 'yaw': 3.141}, pose, None, None
420.00, [INFO], r1, {'battery-level': '79.05'}, battery_charge, None, None
430.03, [INFO], r1, {'y': 28.537, 'x': -36.347, 'yaw': 3.14}, pose, None, None
430.03, [INFO], r1, {'battery-level': '78.55'}, battery_charge, None, None
440.07, [INFO], r1, {'y': 30.663, 'x': -36.456, 'yaw': 3.142}, pose, None, None
440.07, [INFO], r1, {'battery-level': '78.05'}, battery_charge, None, None
450.10, [INFO], r1, {'y': 32.771, 'x': -36.688, 'yaw': -3.141}, pose, None, None
450.10, [INFO], r1, {'battery-level': '77.55'}, battery_charge, None, None
460.04, [INFO], r1, {'y': 34.87, 'x': -36.905, 'yaw': 3.141}, pose, None, None
460.04, [INFO], r1, {'battery-level': '77.05'}, battery_charge, None, None
470.07, [INFO], r1, {'battery-level': '76.55'}, battery_charge, None, None
470.07, [INFO], r1, {'y': 36.041, 'x': -36.952, 'yaw': -3.142}, pose, None, None
478.10, [INFO], r1, skill-success, None, navto, None
478.10, [INFO], r1, started skill, None, approach-arm, None
478.10, [INFO], r1, sent message, None, None, None
478.10, [INFO], r1, skill-success, None, approach-arm, None
478.10, [INFO], r1, started skill, None, open-drawer, None
478.10, [INFO], r1, sent message, None, None, None
478.10, [INFO], r1, skill-success, None, open-drawer, None
478.10, [INFO], r1, started skill, None, pick-up-sample, None
478.10, [INFO], r1, sent message, None, None, None
478.10, [INFO], r1, skill-success, None, pick-up-sample, None
478.10, [INFO], r1, started skill, None, close-drawer, None
478.10, [INFO], r1, sent message, None, None, None
478.10, [INFO], r1, skill-success, None, close-drawer, None
478.10, [WARN], r1, SUCCESS, None, None, None
480.01, [INFO], r1, {'y': 36.113, 'x': -36.954, 'yaw': 3.142}, pose, None, None
480.01, [INFO], r1, {'battery-level': '76.05'}, battery_charge, None, None
