9.95, [INFO], r1, started skill, None, navto, None
10.05, [INFO], r1, {'y': 18.93, 'x': -33.9, 'yaw': 3.142}, pose, None, None
10.05, [INFO], r1, {'battery-level': '99.60'}, battery_charge, None, None
20.09, [INFO], r1, {'battery-level': '99.10'}, battery_charge, None, None
20.09, [INFO], r1, {'y': 17.748, 'x': -35.439, 'yaw': 3.141}, pose, None, None
30.02, [INFO], r1, {'battery-level': '98.60'}, battery_charge, None, None
30.02, [INFO], r1, {'y': 16.096, 'x': -36.462, 'yaw': 3.141}, pose, None, None
40.05, [INFO], r1, {'y': 15.394, 'x': -34.507, 'yaw': -3.142}, pose, None, None
40.05, [INFO], r1, {'battery-level': '98.10'}, battery_charge, None, None
50.09, [INFO], r1, {'y': 15.525, 'x': -32.39, 'yaw': -3.142}, pose, None, None
50.09, [INFO], r1, {'battery-level': '97.60'}, battery_charge, None, None
60.02, [INFO], r1, {'y': 15.52, 'x': -30.291, 'yaw': 3.142}, pose, None, None
60.02, [INFO], r1, {'battery-level': '97.10'}, battery_charge, None, None
70.05, [INFO], r1, {'y': 15.76, 'x': -28.176, 'yaw': 3.142}, pose, None, None
70.05, [INFO], r1, {'battery-level': '96.60'}, battery_charge, None, None
80.08, [INFO], r1, {'y': 14.424, 'x': -27.25, 'yaw': -3.142}, pose, None, None
80.08, [INFO], r1, {'battery-level': '96.10'}, battery_charge, None, None
90.01, [INFO], r1, {'y': 12.954, 'x': -27.394, 'yaw': 3.142}, pose, None, None
90.01, [INFO], r1, {'battery-level': '95.60'}, battery_charge, None, None
100.05, [INFO], r1, {'y': 12.856, 'x': -27.418, 'yaw': 3.141}, pose, None, None
100.05, [INFO], r1, {'battery-level': '95.10'}, battery_charge, None, None
104.46, [INFO], r1, skill-success, None, navto, None
104.46, [INFO], r1, started skill, None, approach-nurse, None
104.46, [INFO], r1, sent message, None, None, None
104.46, [INFO], r1, skill-success, None, approach-nurse, None
104.46, [INFO], r1, started skill, None, authenticate-nurse, None
104.46, [INFO], r1, started skill, None, open-drawer, None
104.46, [INFO], r1, sent message, None, None, None
104.46, [INFO], r1, skill-success, None, open-drawer, None
104.46, [INFO], r1, started skill, None, deposit, None
104.46, [INFO], r1, sent message, None, None, None
104.46, [INFO], r1, skill-success, None, deposit, None
104.46, [INFO], r1, started skill, None, close-drawer, None
104.46, [INFO], r1, sent message, None, None, None
104.46, [INFO], r1, skill-success, None, close-drawer, None
104.46, [INFO], r1, started skill, None, navto, None
110.07, [INFO], r1, {'y': 13.993, 'x': -27.371, 'yaw': 3.141}, pose, None, None
110.07, [INFO], r1, {'battery-level': '94.60'}, battery_charge, None, None
120.10, [INFO], r1, {'battery-level': '94.10'}, battery_charge, None, None
120.10, [INFO], r1, {'y': 15.638, 'x': -27.831, 'yaw': -3.141}, pose, None, None
130.03, [INFO], r1, {'battery-level': '93.60'}, battery_charge, None, None
130.03, [INFO], r1, {'y': 15.61, 'x': -29.926, 'yaw': 3.142}, pose, None, None
140.06, [INFO], r1, {'battery-level': '93.10'}, battery_charge, None, None
140.06, [INFO], r1, {'y': 15.53, 'x': -32.043, 'yaw': 3.141}, pose, None, None
150.09, [INFO], r1, {'y': 15.488, 'x': -34.152, 'yaw': 3.142}, pose, None, None
150.09, [INFO], r1, {'battery-level': '92.60'}, battery_charge, None, None
160.02, [INFO], r1, {'y': 16.426, 'x': -35.927, 'yaw': 3.142}, pose, None, None
160.02, [INFO], r1, {'battery-level': '92.10'}, battery_charge, None, None
170.05, [INFO], r1, {'y': 18.506, 'x': -36.101, 'yaw': 3.141}, pose, None, None
170.05, [INFO], r1, {'battery-level': '91.60'}, battery_charge, None, None
180.08, [INFO], r1, {'y': 20.629, 'x': -36.212, 'yaw': 3.142}, pose, None, None
180.08, [INFO], r1, {'battery-level': '91.10'}, battery_charge, None, None
190.02, [INFO], r1, {'battery-level': '90.60'}, battery_charge, None, None
190.02, [INFO], r1, {'y': 22.727, 'x': -36.304, 'yaw': 3.14}, pose, None, None
200.05, [INFO], r1, {'battery-level': '90.10'}, battery_charge, None, None
200.05, [INFO], r1, {'y': 24.849, 'x': -36.258, 'yaw': 3.141}, pose, None, None
210.07, [INFO], r1, {'y': 26.964, 'x': -36.198, 'yaw': 3.141}, pose, None, None
210.07, [INFO], r1, {'battery-level': '89.60'}, battery_charge, None, None
220.01, [INFO], r1, {'y': 29.066, 'x': -36.285, 'yaw': -3.142}, pose, None, None
220.01, [INFO], r1, {'battery-level': '89.10'}, battery_charge, None, None
230.04, [INFO], r1, {'y': 31.174, 'x': -36.48, 'yaw': 3.141}, pose, None, None
230.04, [INFO], r1, {'battery-level': '88.60'}, battery_charge, None, None
240.07, [INFO], r1, {'y': 33.292, 'x': -36.738, 'yaw': 3.141}, pose, None, None
240.07, [INFO], r1, {'battery-level': '88.10'}, battery_charge, None, None
250.00, [INFO], r1, {'y': 35.381, 'x': -36.929, 'yaw': 3.139}, pose, None, None
250.00, [INFO], r1, {'battery-level': '87.60'}, battery_charge, None, None
260.04, [INFO], r1, {'y': 35.993, 'x': -37.018, 'yaw': 3.14}, pose, None, None
260.04, [INFO], r1, {'battery-level': '87.10'}, battery_charge, None, None
263.75, [INFO], r1, skill-success, None, navto, None
263.75, [INFO], r1, started skill, None, approach-arm, None
263.75, [INFO], r1, started skill, None, open-drawer, None
263.75, [INFO], r1, sent message, None, None, None
263.75, [INFO], r1, skill-success, None, open-drawer, None
263.75, [INFO], r1, started skill, None, pick-up-sample, None
263.75, [INFO], r1, sent message, None, None, None
263.75, [INFO], r1, skill-success, None, pick-up-sample, None
263.75, [INFO], r1, started skill, None, close-drawer, None
263.75, [INFO], r1, sent message, None, None, None
263.75, [INFO], r1, skill-success, None, close-drawer, None
263.75, [WARN], r1, SUCCESS, None, None, None
270.07, [INFO], r1, {'y': 35.998, 'x': -37.008, 'yaw': -3.142}, pose, None, None
270.07, [INFO], r1, {'battery-level': '86.60'}, battery_charge, None, None
