9.52, [INFO], r1, started skill, None, navto, None
10.09, [INFO], r1, {'y': 18.929, 'x': -33.935, 'yaw': 3.141}, pose, None, None
10.09, [INFO], r1, {'battery-level': '99.55'}, battery_charge, None, None
20.06, [INFO], r1, {'y': 17.71, 'x': -35.5, 'yaw': -3.14}, pose, None, None
20.06, [INFO], r1, {'battery-level': '99.05'}, battery_charge, None, None
30.04, [INFO], r1, {'y': 16.026, 'x': -36.442, 'yaw': 3.141}, pose, None, None
30.04, [INFO], r1, {'battery-level': '98.55'}, battery_charge, None, None
40.04, [INFO], r1, {'battery-level': '98.05'}, battery_charge, None, None
40.04, [INFO], r1, {'y': 15.334, 'x': -34.435, 'yaw': 3.141}, pose, None, None
50.01, [INFO], r1, {'y': 15.516, 'x': -32.323, 'yaw': -3.141}, pose, None, None
50.01, [INFO], r1, {'battery-level': '97.55'}, battery_charge, None, None
60.00, [INFO], r1, {'y': 15.523, 'x': -30.204, 'yaw': 3.14}, pose, None, None
60.00, [INFO], r1, {'battery-level': '97.05'}, battery_charge, None, None
70.07, [INFO], r1, {'battery-level': '96.55'}, battery_charge, None, None
70.07, [INFO], r1, {'y': 15.777, 'x': -28.076, 'yaw': 3.142}, pose, None, None
80.05, [INFO], r1, {'y': 14.189, 'x': -27.347, 'yaw': -3.141}, pose, None, None
80.05, [INFO], r1, {'battery-level': '96.05'}, battery_charge, None, None
90.01, [INFO], r1, {'battery-level': '95.55'}, battery_charge, None, None
90.01, [INFO], r1, {'y': 13.009, 'x': -27.407, 'yaw': -3.141}, pose, None, None
92.61, [INFO], r1, skill-success, None, navto, None
92.61, [INFO], r1, started skill, None, approach-nurse, None
92.61, [INFO], r1, sent message, None, None, None
92.61, [INFO], r1, skill-success, None, approach-nurse, None
92.61, [INFO], r1, started skill, None, authenticate-nurse, None
92.61, [INFO], r1, sent message, None, None, None
92.61, [INFO], r1, skill-success, None, authenticate-nurse, None
92.61, [INFO], r1, started skill, None, open-drawer, None
92.61, [INFO], r1, sent message, None, None, None
92.61, [INFO], r1, skill-success, None, open-drawer, None
92.61, [INFO], r1, started skill, None, deposit, None
92.70, [INFO], r1, sent message, None, None, None
92.70, [INFO], r1, skill-success, None, deposit, None
92.70, [INFO], r1, started skill, None, close-drawer, None
92.70, [INFO], r1, sent message, None, None, None
92.70, [INFO], r1, skill-success, None, close-drawer, None
92.70, [INFO], r1, started skill, None, navto, None
100.07, [INFO], r1, {'y': 14.506, 'x': -27.4, 'yaw': 3.14}, pose, None, None
100.07, [INFO], r1, {'battery-level': '95.05'}, battery_charge, None, None
110.06, [INFO], r1, {'y': 15.686, 'x': -28.287, 'yaw': -3.142}, pose, None, None
110.06, [INFO], r1, {'battery-level': '94.55'}, battery_charge, None, None
120.05, [INFO], r1, {'battery-level': '94.05'}, battery_charge, None, None
120.05, [INFO], r1, {'y': 15.658, 'x': -30.402, 'yaw': 3.141}, pose, None, None
130.04, [INFO], r1, {'y': 15.55, 'x': -32.528, 'yaw': 3.141}, pose, None, None
130.04, [INFO], r1, {'battery-level': '93.55'}, battery_charge, None, None
140.02, [INFO], r1, {'y': 15.395, 'x': -34.647, 'yaw': -3.141}, pose, None, None
140.02, [INFO], r1, {'battery-level': '93.05'}, battery_charge, None, None
150.09, [INFO], r1, {'y': 16.871, 'x': -36.097, 'yaw': 3.141}, pose, None, None
150.09, [INFO], r1, {'battery-level': '92.55'}, battery_charge, None, None
160.08, [INFO], r1, {'y': 18.986, 'x': -36.188, 'yaw': 3.141}, pose, None, None
160.08, [INFO], r1, {'battery-level': '92.05'}, battery_charge, None, None
170.05, [INFO], r1, {'battery-level': '91.55'}, battery_charge, None, None
170.05, [INFO], r1, {'y': 21.087, 'x': -36.247, 'yaw': 3.142}, pose, None, None
180.05, [INFO], r1, {'y': 23.209, 'x': -36.312, 'yaw': 3.141}, pose, None, None
180.05, [INFO], r1, {'battery-level': '91.05'}, battery_charge, None, None
190.04, [INFO], r1, {'y': 25.327, 'x': -36.233, 'yaw': 3.141}, pose, None, None
190.04, [INFO], r1, {'battery-level': '90.55'}, battery_charge, None, None
200.03, [INFO], r1, {'battery-level': '90.05'}, battery_charge, None, None
200.03, [INFO], r1, {'y': 27.44, 'x': -36.261, 'yaw': -3.142}, pose, None, None
210.03, [INFO], r1, {'y': 29.56, 'x': -36.306, 'yaw': 3.136}, pose, None, None
210.03, [INFO], r1, {'battery-level': '89.55'}, battery_charge, None, None
220.07, [INFO], r1, {'battery-level': '89.05'}, battery_charge, None, None
220.07, [INFO], r1, {'y': 31.68, 'x': -36.51, 'yaw': -3.142}, pose, None, None
230.04, [INFO], r1, {'y': 33.767, 'x': -36.841, 'yaw': -3.142}, pose, None, None
230.04, [INFO], r1, {'battery-level': '88.55'}, battery_charge, None, None
240.07, [INFO], r1, {'battery-level': '88.05'}, battery_charge, None, None
240.07, [INFO], r1, {'y': 35.838, 'x': -36.944, 'yaw': 3.142}, pose, None, None
247.71, [INFO], r1, skill-success, None, navto, None
247.71, [INFO], r1, started skill, None, approach-arm, None
247.71, [INFO], r1, sent message, None, None, None
247.80, [INFO], r1, started skill, None, open-drawer, None
247.80, [INFO], r1, sent message, None, None, None
247.80, [INFO], r1, skill-success, None, open-drawer, None
247.80, [INFO], r1, started skill, None, pick-up-sample, None
247.80, [INFO], r1, sent message, None, None, None
247.80, [INFO], r1, skill-success, None, pick-up-sample, None
247.80, [INFO], r1, started skill, None, close-drawer, None
247.80, [INFO], r1, sent message, None, None, None
247.80, [INFO], r1, skill-success, None, close-drawer, None
247.80, [WARN], r1, SUCCESS, None, None, None
250.03, [INFO], r1, {'battery-level': '87.55'}, battery_charge, None, None
250.03, [INFO], r1, {'y': 36.016, 'x': -36.968, 'yaw': -3.142}, pose, None, None
