0.19, [DEBUG], logger, ROBOTS_CONFIG={'capabilities': ['approach_person', 'approach_robot', 'authenticate_person', 'navigation', 'operate_drawer'], 'battery_charge': 1, 'nurse_pose': [-18.0, 13.0, 1.57], 'robot_pose': [-33.9, 18.93, 3.14]}, None, None, None
0.19, [DEBUG], logger, Simulation open, None, None, None
10.09, [INFO], r1, {'y': 18.93, 'x': -33.9, 'yaw': 3.142}, pose, None, None
10.09, [INFO], r1, {'battery-level': '99.55'}, battery_charge, None, None
10.67, [INFO], r1, started skill, None, navto, None
20.05, [INFO], r1, {'y': 17.722, 'x': -35.23, 'yaw': -3.142}, pose, None, None
20.05, [INFO], r1, {'battery-level': '99.05'}, battery_charge, None, None
30.03, [INFO], r1, {'y': 16.262, 'x': -36.524, 'yaw': 3.141}, pose, None, None
30.03, [INFO], r1, {'battery-level': '98.55'}, battery_charge, None, None
40.02, [INFO], r1, {'battery-level': '98.05'}, battery_charge, None, None
40.02, [INFO], r1, {'y': 15.446, 'x': -34.66, 'yaw': 3.141}, pose, None, None
50.02, [INFO], r1, {'y': 15.539, 'x': -32.544, 'yaw': 3.142}, pose, None, None
50.02, [INFO], r1, {'battery-level': '97.55'}, battery_charge, None, None
60.08, [INFO], r1, {'y': 15.541, 'x': -30.416, 'yaw': 3.141}, pose, None, None
60.08, [INFO], r1, {'battery-level': '97.05'}, battery_charge, None, None
70.10, [INFO], r1, {'battery-level': '96.55'}, battery_charge, None, None
70.10, [INFO], r1, {'y': 15.768, 'x': -28.305, 'yaw': 3.142}, pose, None, None
80.09, [INFO], r1, {'y': 15.906, 'x': -26.194, 'yaw': 3.142}, pose, None, None
80.09, [INFO], r1, {'battery-level': '96.05'}, battery_charge, None, None
90.07, [INFO], r1, {'y': 15.816, 'x': -24.09, 'yaw': 3.141}, pose, None, None
90.07, [INFO], r1, {'battery-level': '95.55'}, battery_charge, None, None
100.07, [INFO], r1, {'y': 15.761, 'x': -21.984, 'yaw': 3.142}, pose, None, None
100.07, [INFO], r1, {'battery-level': '95.05'}, battery_charge, None, None
110.05, [INFO], r1, {'y': 15.474, 'x': -19.89, 'yaw': -3.142}, pose, None, None
110.05, [INFO], r1, {'battery-level': '94.55'}, battery_charge, None, None
120.04, [INFO], r1, {'y': 14.489, 'x': -18.073, 'yaw': -3.142}, pose, None, None
120.04, [INFO], r1, {'battery-level': '94.05'}, battery_charge, None, None
130.01, [INFO], r1, {'battery-level': '93.55'}, battery_charge, None, None
130.01, [INFO], r1, {'y': 12.921, 'x': -18.144, 'yaw': 3.142}, pose, None, None
137.41, [INFO], r1, skill-success, None, navto, None
137.41, [INFO], r1, started skill, None, approach-nurse, None
137.41, [INFO], r1, sent message, None, None, None
137.41, [INFO], r1, skill-success, None, approach-nurse, None
137.41, [INFO], r1, started skill, None, open-drawer, None
137.41, [INFO], r1, sent message, None, None, None
137.41, [INFO], r1, skill-success, None, open-drawer, None
137.41, [INFO], r1, started skill, None, deposit, None
137.41, [INFO], r1, sent message, None, None, None
137.41, [INFO], r1, skill-success, None, deposit, None
137.41, [INFO], r1, started skill, None, close-drawer, None
137.41, [INFO], r1, sent message, None, None, None
137.41, [INFO], r1, skill-success, None, close-drawer, None
137.41, [INFO], r1, started skill, None, navto, None
140.08, [INFO], r1, {'y': 13.395, 'x': -18.139, 'yaw': 3.142}, pose, None, None
140.08, [INFO], r1, {'battery-level': '93.05'}, battery_charge, None, None
150.06, [INFO], r1, {'battery-level': '92.55'}, battery_charge, None, None
150.06, [INFO], r1, {'y': 15.157, 'x': -19.002, 'yaw': 3.142}, pose, None, None
160.06, [INFO], r1, {'battery-level': '92.05'}, battery_charge, None, None
160.06, [INFO], r1, {'y': 15.727, 'x': -21.057, 'yaw': -3.142}, pose, None, None
170.04, [INFO], r1, {'y': 15.701, 'x': -23.17, 'yaw': 3.141}, pose, None, None
170.04, [INFO], r1, {'battery-level': '91.55'}, battery_charge, None, None
180.01, [INFO], r1, {'y': 15.721, 'x': -25.272, 'yaw': 3.141}, pose, None, None
180.01, [INFO], r1, {'battery-level': '91.05'}, battery_charge, None, None
190.10, [INFO], r1, {'y': 15.82, 'x': -27.399, 'yaw': 3.142}, pose, None, None
190.10, [INFO], r1, {'battery-level': '90.55'}, battery_charge, None, None
200.09, [INFO], r1, {'battery-level': '90.05'}, battery_charge, None, None
200.09, [INFO], r1, {'y': 15.944, 'x': -29.507, 'yaw': 3.142}, pose, None, None
210.08, [INFO], r1, {'y': 15.793, 'x': -31.62, 'yaw': 3.14}, pose, None, None
210.08, [INFO], r1, {'battery-level': '89.55'}, battery_charge, None, None
220.07, [INFO], r1, {'y': 15.587, 'x': -33.724, 'yaw': 3.142}, pose, None, None
220.07, [INFO], r1, {'battery-level': '89.05'}, battery_charge, None, None
230.07, [INFO], r1, {'y': 16.131, 'x': -35.593, 'yaw': 3.141}, pose, None, None
230.07, [INFO], r1, {'battery-level': '88.55'}, battery_charge, None, None
240.07, [INFO], r1, {'battery-level': '88.05'}, battery_charge, None, None
240.07, [INFO], r1, {'y': 18.123, 'x': -36.07, 'yaw': 3.137}, pose, None, None
250.04, [INFO], r1, {'y': 20.223, 'x': -36.235, 'yaw': 3.141}, pose, None, None
250.04, [INFO], r1, {'battery-level': '87.55'}, battery_charge, None, None
260.03, [INFO], r1, {'battery-level': '87.05'}, battery_charge, None, None
260.03, [INFO], r1, {'y': 22.32, 'x': -36.379, 'yaw': -3.142}, pose, None, None
270.06, [INFO], r1, {'y': 24.433, 'x': -36.32, 'yaw': 3.141}, pose, None, None
270.06, [INFO], r1, {'battery-level': '86.55'}, battery_charge, None, None
280.05, [INFO], r1, {'y': 26.536, 'x': -36.259, 'yaw': 3.14}, pose, None, None
280.05, [INFO], r1, {'battery-level': '86.05'}, battery_charge, None, None
290.07, [INFO], r1, {'y': 28.656, 'x': -36.339, 'yaw': -3.141}, pose, None, None
290.07, [INFO], r1, {'battery-level': '85.55'}, battery_charge, None, None
300.07, [INFO], r1, {'y': 30.76, 'x': -36.438, 'yaw': 3.142}, pose, None, None
300.07, [INFO], r1, {'battery-level': '85.05'}, battery_charge, None, None
310.09, [INFO], r1, {'battery-level': '84.55'}, battery_charge, None, None
310.09, [INFO], r1, {'y': 32.876, 'x': -36.694, 'yaw': 3.141}, pose, None, None
320.01, [INFO], r1, {'y': 34.967, 'x': -36.863, 'yaw': -3.142}, pose, None, None
320.01, [INFO], r1, {'battery-level': '84.05'}, battery_charge, None, None
330.03, [INFO], r1, {'y': 36.011, 'x': -36.993, 'yaw': -3.142}, pose, None, None
330.03, [INFO], r1, {'battery-level': '83.55'}, battery_charge, None, None
331.72, [INFO], r1, skill-success, None, navto, None
331.72, [INFO], r1, started skill, None, approach-arm, None
331.72, [INFO], r1, sent message, None, None, None
331.72, [INFO], r1, skill-success, None, approach-arm, None
331.72, [INFO], r1, started skill, None, open-drawer, None
331.72, [INFO], r1, sent message, None, None, None
331.72, [INFO], r1, skill-success, None, open-drawer, None
331.72, [INFO], r1, started skill, None, pick-up-sample, None
331.72, [INFO], r1, sent message, None, None, None
331.72, [INFO], r1, skill-success, None, pick-up-sample, None
331.72, [INFO], r1, started skill, None, close-drawer, None
331.72, [INFO], r1, sent message, None, None, None
331.72, [INFO], r1, skill-success, None, close-drawer, None
331.72, [WARN], r1, SUCCESS, None, None, None
