9.71, [INFO], r1, started skill, None, navto, None
10.09, [INFO], r1, {'y': 18.93, 'x': -33.921, 'yaw': 3.141}, pose, None, None
10.09, [INFO], r1, {'battery-level': '99.55'}, battery_charge, None, None
20.01, [INFO], r1, {'y': 17.729, 'x': -35.473, 'yaw': -3.139}, pose, None, None
20.01, [INFO], r1, {'battery-level': '99.05'}, battery_charge, None, None
30.09, [INFO], r1, {'battery-level': '98.55'}, battery_charge, None, None
30.09, [INFO], r1, {'y': 16.115, 'x': -36.558, 'yaw': 3.141}, pose, None, None
40.09, [INFO], r1, {'battery-level': '98.05'}, battery_charge, None, None
40.09, [INFO], r1, {'y': 15.442, 'x': -34.553, 'yaw': -3.141}, pose, None, None
50.00, [INFO], r1, {'battery-level': '97.55'}, battery_charge, None, None
50.00, [INFO], r1, {'y': 15.512, 'x': -32.442, 'yaw': -3.142}, pose, None, None
60.09, [INFO], r1, {'battery-level': '97.05'}, battery_charge, None, None
60.09, [INFO], r1, {'y': 15.634, 'x': -30.309, 'yaw': 3.141}, pose, None, None
70.08, [INFO], r1, {'battery-level': '96.55'}, battery_charge, None, None
70.08, [INFO], r1, {'y': 15.812, 'x': -28.188, 'yaw': 3.142}, pose, None, None
80.07, [INFO], r1, {'battery-level': '96.05'}, battery_charge, None, None
80.07, [INFO], r1, {'y': 15.832, 'x': -26.083, 'yaw': -3.142}, pose, None, None
90.03, [INFO], r1, {'battery-level': '95.55'}, battery_charge, None, None
90.03, [INFO], r1, {'y': 15.724, 'x': -23.98, 'yaw': 3.14}, pose, None, None
100.02, [INFO], r1, {'battery-level': '95.05'}, battery_charge, None, None
100.02, [INFO], r1, {'y': 15.665, 'x': -21.88, 'yaw': 3.14}, pose, None, None
110.09, [INFO], r1, {'y': 15.51, 'x': -19.753, 'yaw': 3.141}, pose, None, None
110.09, [INFO], r1, {'battery-level': '94.55'}, battery_charge, None, None
120.07, [INFO], r1, {'battery-level': '94.05'}, battery_charge, None, None
120.07, [INFO], r1, {'y': 14.448, 'x': -17.98, 'yaw': 3.141}, pose, None, None
130.03, [INFO], r1, {'y': 12.924, 'x': -18.149, 'yaw': 3.142}, pose, None, None
130.03, [INFO], r1, {'battery-level': '93.55'}, battery_charge, None, None
137.02, [INFO], r1, skill-success, None, navto, None
137.02, [INFO], r1, started skill, None, approach-nurse, None
137.02, [INFO], r1, sent message, None, None, None
137.02, [INFO], r1, skill-success, None, approach-nurse, None
137.02, [INFO], r1, started skill, None, authenticate-nurse, None
137.02, [INFO], r1, sent message, None, None, None
137.02, [INFO], r1, skill-success, None, authenticate-nurse, None
137.02, [INFO], r1, started skill, None, open-drawer, None
137.02, [INFO], r1, sent message, None, None, None
137.02, [INFO], r1, skill-success, None, open-drawer, None
137.02, [INFO], r1, started skill, None, deposit, None
137.02, [INFO], r1, sent message, None, None, None
137.02, [INFO], r1, skill-success, None, deposit, None
137.02, [INFO], r1, started skill, None, close-drawer, None
137.02, [INFO], r1, sent message, None, None, None
137.02, [INFO], r1, skill-success, None, close-drawer, None
137.02, [INFO], r1, started skill, None, navto, None
140.08, [INFO], r1, {'battery-level': '93.05'}, battery_charge, None, None
140.08, [INFO], r1, {'y': 13.481, 'x': -18.171, 'yaw': 3.142}, pose, None, None
150.06, [INFO], r1, {'y': 15.195, 'x': -19.096, 'yaw': 3.14}, pose, None, None
150.06, [INFO], r1, {'battery-level': '92.55'}, battery_charge, None, None
160.09, [INFO], r1, {'y': 15.744, 'x': -21.154, 'yaw': -3.142}, pose, None, None
160.09, [INFO], r1, {'battery-level': '92.05'}, battery_charge, None, None
170.00, [INFO], r1, {'y': 15.717, 'x': -23.249, 'yaw': -3.142}, pose, None, None
170.00, [INFO], r1, {'battery-level': '91.55'}, battery_charge, None, None
180.08, [INFO], r1, {'y': 15.797, 'x': -25.385, 'yaw': 3.141}, pose, None, None
180.08, [INFO], r1, {'battery-level': '91.05'}, battery_charge, None, None
190.08, [INFO], r1, {'battery-level': '90.55'}, battery_charge, None, None
190.08, [INFO], r1, {'y': 15.837, 'x': -27.486, 'yaw': -3.142}, pose, None, None
200.08, [INFO], r1, {'battery-level': '90.05'}, battery_charge, None, None
200.08, [INFO], r1, {'y': 15.898, 'x': -29.608, 'yaw': 3.141}, pose, None, None
210.02, [INFO], r1, {'battery-level': '89.55'}, battery_charge, None, None
210.02, [INFO], r1, {'y': 15.763, 'x': -31.707, 'yaw': 3.14}, pose, None, None
220.03, [INFO], r1, {'y': 15.575, 'x': -33.835, 'yaw': 3.142}, pose, None, None
220.03, [INFO], r1, {'battery-level': '89.05'}, battery_charge, None, None
230.08, [INFO], r1, {'y': 16.16, 'x': -35.725, 'yaw': 3.138}, pose, None, None
230.08, [INFO], r1, {'battery-level': '88.55'}, battery_charge, None, None
240.01, [INFO], r1, {'battery-level': '88.05'}, battery_charge, None, None
240.01, [INFO], r1, {'y': 18.172, 'x': -36.111, 'yaw': 3.141}, pose, None, None
250.00, [INFO], r1, {'y': 20.286, 'x': -36.218, 'yaw': 3.142}, pose, None, None
250.00, [INFO], r1, {'battery-level': '87.55'}, battery_charge, None, None
260.01, [INFO], r1, {'battery-level': '87.05'}, battery_charge, None, None
260.01, [INFO], r1, {'y': 22.408, 'x': -36.372, 'yaw': 3.142}, pose, None, None
270.05, [INFO], r1, {'y': 24.52, 'x': -36.352, 'yaw': 3.141}, pose, None, None
270.05, [INFO], r1, {'battery-level': '86.55'}, battery_charge, None, None
280.04, [INFO], r1, {'y': 26.629, 'x': -36.326, 'yaw': 3.14}, pose, None, None
280.04, [INFO], r1, {'battery-level': '86.05'}, battery_charge, None, None
290.06, [INFO], r1, {'y': 28.76, 'x': -36.36, 'yaw': 3.141}, pose, None, None
290.06, [INFO], r1, {'battery-level': '85.55'}, battery_charge, None, None
300.00, [INFO], r1, {'battery-level': '85.05'}, battery_charge, None, None
300.00, [INFO], r1, {'y': 30.859, 'x': -36.466, 'yaw': 3.142}, pose, None, None
310.04, [INFO], r1, {'battery-level': '84.55'}, battery_charge, None, None
310.04, [INFO], r1, {'y': 32.974, 'x': -36.681, 'yaw': -3.142}, pose, None, None
320.05, [INFO], r1, {'battery-level': '84.05'}, battery_charge, None, None
320.05, [INFO], r1, {'y': 35.077, 'x': -36.93, 'yaw': 3.142}, pose, None, None
330.09, [INFO], r1, {'battery-level': '83.55'}, battery_charge, None, None
330.09, [INFO], r1, {'y': 36.086, 'x': -36.95, 'yaw': 3.142}, pose, None, None
334.04, [INFO], r1, skill-success, None, navto, None
334.04, [INFO], r1, started skill, None, approach-arm, None
334.04, [INFO], r1, sent message, None, None, None
334.04, [INFO], r1, skill-success, None, approach-arm, None
334.04, [INFO], r1, started skill, None, open-drawer, None
334.04, [INFO], r1, sent message, None, None, None
334.04, [INFO], r1, skill-success, None, open-drawer, None
334.04, [INFO], r1, started skill, None, pick-up-sample, None
334.04, [INFO], r1, sent message, None, None, None
334.04, [INFO], r1, skill-success, None, pick-up-sample, None
334.04, [INFO], r1, started skill, None, close-drawer, None
334.04, [INFO], r1, sent message, None, None, None
334.04, [INFO], r1, skill-success, None, close-drawer, None
334.04, [WARN], r1, SUCCESS, None, None, None
