9.82, [INFO], r1, started skill, None, navto, None
10.02, [INFO], r1, {'y': 18.93, 'x': -33.9, 'yaw': -3.142}, pose, None, None
10.02, [INFO], r1, {'battery-level': '99.60'}, battery_charge, None, None
20.09, [INFO], r1, {'battery-level': '99.10'}, battery_charge, None, None
20.09, [INFO], r1, {'y': 17.72, 'x': -35.453, 'yaw': 3.141}, pose, None, None
30.06, [INFO], r1, {'y': 16.084, 'x': -36.481, 'yaw': -3.142}, pose, None, None
30.06, [INFO], r1, {'battery-level': '98.60'}, battery_charge, None, None
40.05, [INFO], r1, {'y': 15.391, 'x': -34.505, 'yaw': -3.141}, pose, None, None
40.05, [INFO], r1, {'battery-level': '98.10'}, battery_charge, None, None
50.06, [INFO], r1, {'y': 15.584, 'x': -32.379, 'yaw': -3.141}, pose, None, None
50.06, [INFO], r1, {'battery-level': '97.60'}, battery_charge, None, None
60.02, [INFO], r1, {'y': 15.656, 'x': -30.269, 'yaw': 3.141}, pose, None, None
60.02, [INFO], r1, {'battery-level': '97.10'}, battery_charge, None, None
70.09, [INFO], r1, {'y': 15.744, 'x': -28.135, 'yaw': 3.141}, pose, None, None
70.09, [INFO], r1, {'battery-level': '96.60'}, battery_charge, None, None
80.08, [INFO], r1, {'battery-level': '96.10'}, battery_charge, None, None
80.08, [INFO], r1, {'y': 15.773, 'x': -26.029, 'yaw': 3.14}, pose, None, None
90.08, [INFO], r1, {'y': 15.716, 'x': -23.925, 'yaw': 3.141}, pose, None, None
90.08, [INFO], r1, {'battery-level': '95.60'}, battery_charge, None, None
100.07, [INFO], r1, {'battery-level': '95.10'}, battery_charge, None, None
100.07, [INFO], r1, {'y': 15.717, 'x': -21.801, 'yaw': 3.141}, pose, None, None
110.06, [INFO], r1, {'y': 15.45, 'x': -19.698, 'yaw': -3.141}, pose, None, None
110.06, [INFO], r1, {'battery-level': '94.60'}, battery_charge, None, None
120.06, [INFO], r1, {'y': 14.405, 'x': -17.96, 'yaw': 3.142}, pose, None, None
120.06, [INFO], r1, {'battery-level': '94.10'}, battery_charge, None, None
130.01, [INFO], r1, {'y': 12.877, 'x': -18.099, 'yaw': 3.141}, pose, None, None
130.01, [INFO], r1, {'battery-level': '93.60'}, battery_charge, None, None
134.13, [INFO], r1, skill-success, None, navto, None
134.13, [INFO], r1, started skill, None, approach-nurse, None
134.13, [INFO], r1, sent message, None, None, None
134.13, [INFO], r1, sent message, None, None, None
134.13, [INFO], r1, started skill, None, open-drawer, None
134.13, [INFO], r1, sent message, None, None, None
134.13, [INFO], r1, skill-success, None, open-drawer, None
134.13, [INFO], r1, started skill, None, deposit, None
134.13, [INFO], r1, sent message, None, None, None
134.13, [INFO], r1, skill-success, None, deposit, None
134.13, [INFO], r1, started skill, None, close-drawer, None
134.13, [INFO], r1, sent message, None, None, None
134.13, [INFO], r1, skill-success, None, close-drawer, None
134.13, [INFO], r1, started skill, None, navto, None
140.03, [INFO], r1, {'y': 14.064, 'x': -18.184, 'yaw': 3.139}, pose, None, None
140.03, [INFO], r1, {'battery-level': '93.10'}, battery_charge, None, None
150.01, [INFO], r1, {'battery-level': '92.60'}, battery_charge, None, None
150.01, [INFO], r1, {'y': 15.286, 'x': -19.683, 'yaw': 3.141}, pose, None, None
160.07, [INFO], r1, {'y': 15.651, 'x': -21.778, 'yaw': -3.141}, pose, None, None
160.07, [INFO], r1, {'battery-level': '92.10'}, battery_charge, None, None
170.00, [INFO], r1, {'battery-level': '91.60'}, battery_charge, None, None
170.00, [INFO], r1, {'y': 15.672, 'x': -23.864, 'yaw': 3.142}, pose, None, None
180.08, [INFO], r1, {'y': 15.764, 'x': -25.993, 'yaw': 3.141}, pose, None, None
180.08, [INFO], r1, {'battery-level': '91.10'}, battery_charge, None, None
190.08, [INFO], r1, {'y': 15.869, 'x': -28.098, 'yaw': 3.141}, pose, None, None
190.08, [INFO], r1, {'battery-level': '90.60'}, battery_charge, None, None
200.02, [INFO], r1, {'y': 15.886, 'x': -30.19, 'yaw': -3.142}, pose, None, None
200.02, [INFO], r1, {'battery-level': '90.10'}, battery_charge, None, None
210.01, [INFO], r1, {'y': 15.744, 'x': -32.305, 'yaw': 3.141}, pose, None, None
210.01, [INFO], r1, {'battery-level': '89.60'}, battery_charge, None, None
220.06, [INFO], r1, {'y': 15.435, 'x': -34.426, 'yaw': -3.142}, pose, None, None
220.06, [INFO], r1, {'battery-level': '89.10'}, battery_charge, None, None
230.09, [INFO], r1, {'y': 16.655, 'x': -36.08, 'yaw': 3.142}, pose, None, None
230.09, [INFO], r1, {'battery-level': '88.60'}, battery_charge, None, None
240.07, [INFO], r1, {'battery-level': '88.10'}, battery_charge, None, None
240.07, [INFO], r1, {'y': 18.765, 'x': -36.151, 'yaw': 3.141}, pose, None, None
250.01, [INFO], r1, {'y': 20.872, 'x': -36.25, 'yaw': 3.141}, pose, None, None
250.01, [INFO], r1, {'battery-level': '87.60'}, battery_charge, None, None
260.09, [INFO], r1, {'y': 23.006, 'x': -36.354, 'yaw': 3.141}, pose, None, None
260.09, [INFO], r1, {'battery-level': '87.10'}, battery_charge, None, None
270.09, [INFO], r1, {'y': 25.123, 'x': -36.311, 'yaw': 3.14}, pose, None, None
270.09, [INFO], r1, {'battery-level': '86.60'}, battery_charge, None, None
280.07, [INFO], r1, {'y': 27.227, 'x': -36.336, 'yaw': 3.141}, pose, None, None
280.07, [INFO], r1, {'battery-level': '86.10'}, battery_charge, None, None
290.09, [INFO], r1, {'y': 29.348, 'x': -36.37, 'yaw': -3.142}, pose, None, None
290.09, [INFO], r1, {'battery-level': '85.60'}, battery_charge, None, None
300.07, [INFO], r1, {'y': 31.469, 'x': -36.509, 'yaw': 3.141}, pose, None, None
300.07, [INFO], r1, {'battery-level': '85.10'}, battery_charge, None, None
310.03, [INFO], r1, {'y': 33.583, 'x': -36.8, 'yaw': -3.142}, pose, None, None
310.03, [INFO], r1, {'battery-level': '84.60'}, battery_charge, None, None
320.04, [INFO], r1, {'y': 35.687, 'x': -36.911, 'yaw': 3.139}, pose, None, None
320.04, [INFO], r1, {'battery-level': '84.10'}, battery_charge, None, None
329.44, [INFO], r1, skill-success, None, navto, None
329.44, [INFO], r1, started skill, None, approach-arm, None
329.44, [INFO], r1, sent message, None, None, None
329.44, [INFO], r1, skill-success, None, approach-arm, None
329.44, [INFO], r1, started skill, None, open-drawer, None
329.44, [INFO], r1, sent message, None, None, None
329.44, [INFO], r1, skill-success, None, open-drawer, None
329.44, [INFO], r1, started skill, None, pick-up-sample, None
329.44, [WARN], r1, SKILL-FAILURE, None, pick-up-sample, None
330.02, [INFO], r1, {'y': 36.188, 'x': -36.994, 'yaw': -3.141}, pose, None, None
330.02, [INFO], r1, {'battery-level': '83.60'}, battery_charge, None, None
