0.10, [DEBUG], logger, ROBOTS_CONFIG={'capabilities': ['approach_person', 'approach_robot', 'authenticate_person', 'navigation', 'operate_drawer'], 'battery_charge': 0.25, 'nurse_pose': [-27.25, 13.0, 1.57], 'robot_pose': [-38.0, 10.0, 0.0]}, None, None, None
0.10, [DEBUG], logger, Simulation open, None, None, None
9.10, [INFO], r1, started skill, None, navto, None
10.00, [INFO], r1, {'battery-level': '24.55'}, battery_charge, None, None
10.00, [INFO], r1, {'y': 10.004, 'x': -37.872, 'yaw': 3.141}, pose, None, None
20.00, [INFO], r1, {'battery-level': '24.05'}, battery_charge, None, None
20.00, [INFO], r1, {'y': 11.771, 'x': -37.159, 'yaw': 3.142}, pose, None, None
30.00, [INFO], r1, {'y': 13.887, 'x': -37.054, 'yaw': 3.142}, pose, None, None
30.00, [INFO], r1, {'battery-level': '23.55'}, battery_charge, None, None
40.00, [INFO], r1, {'y': 15.821, 'x': -36.609, 'yaw': -3.141}, pose, None, None
40.00, [INFO], r1, {'battery-level': '23.05'}, battery_charge, None, None
50.00, [INFO], r1, {'y': 15.419, 'x': -34.519, 'yaw': -3.142}, pose, None, None
50.00, [INFO], r1, {'battery-level': '22.55'}, battery_charge, None, None
60.00, [INFO], r1, {'y': 15.522, 'x': -32.397, 'yaw': 3.142}, pose, None, None
60.00, [INFO], r1, {'battery-level': '22.05'}, battery_charge, None, None
70.00, [INFO], r1, {'y': 15.623, 'x': -30.279, 'yaw': 3.141}, pose, None, None
70.00, [INFO], r1, {'battery-level': '21.55'}, battery_charge, None, None
80.00, [INFO], r1, {'y': 15.805, 'x': -28.155, 'yaw': 3.142}, pose, None, None
80.00, [INFO], r1, {'battery-level': '21.05'}, battery_charge, None, None
90.00, [INFO], r1, {'y': 14.276, 'x': -27.275, 'yaw': -3.141}, pose, None, None
90.00, [INFO], r1, {'battery-level': '20.55'}, battery_charge, None, None
100.00, [INFO], r1, {'battery-level': '20.05'}, battery_charge, None, None
100.00, [INFO], r1, {'y': 12.928, 'x': -27.401, 'yaw': 3.14}, pose, None, None
103.20, [INFO], r1, skill-success, None, navto, None
103.20, [INFO], r1, started skill, None, approach-nurse, None
103.20, [INFO], r1, sent message, None, None, None
103.20, [INFO], r1, skill-success, None, approach-nurse, None
103.20, [INFO], r1, started skill, None, authenticate-nurse, None
103.20, [INFO], r1, started skill, None, open-drawer, None
103.20, [INFO], r1, sent message, None, None, None
103.20, [INFO], r1, skill-success, None, open-drawer, None
103.20, [INFO], r1, started skill, None, deposit, None
103.20, [INFO], r1, sent message, None, None, None
103.20, [INFO], r1, skill-success, None, deposit, None
103.20, [INFO], r1, started skill, None, close-drawer, None
103.20, [INFO], r1, sent message, None, None, None
103.20, [INFO], r1, skill-success, None, close-drawer, None
103.20, [INFO], r1, started skill, None, navto, None
110.00, [INFO], r1, {'y': 14.315, 'x': -27.37, 'yaw': -3.141}, pose, None, None
110.00, [INFO], r1, {'battery-level': '19.55'}, battery_charge, None, None
120.00, [INFO], r1, {'y': 15.638, 'x': -28.104, 'yaw': 3.141}, pose, None, None
120.00, [INFO], r1, {'battery-level': '19.05'}, battery_charge, None, None
130.00, [INFO], r1, {'y': 15.641, 'x': -30.224, 'yaw': -3.141}, pose, None, None
130.00, [INFO], r1, {'battery-level': '18.55'}, battery_charge, None, None
140.00, [INFO], r1, {'battery-level': '18.05'}, battery_charge, None, None
140.00, [INFO], r1, {'y': 15.529, 'x': -32.328, 'yaw': 3.141}, pose, None, None
150.00, [INFO], r1, {'y': 15.47, 'x': -34.444, 'yaw': -3.141}, pose, None, None
150.00, [INFO], r1, {'battery-level': '17.55'}, battery_charge, None, None
160.00, [INFO], r1, {'battery-level': '17.05'}, battery_charge, None, None
160.00, [INFO], r1, {'y': 16.79, 'x': -36.009, 'yaw': 3.142}, pose, None, None
170.00, [INFO], r1, {'y': 18.9, 'x': -36.155, 'yaw': -3.141}, pose, None, None
170.00, [INFO], r1, {'battery-level': '16.55'}, battery_charge, None, None
180.00, [INFO], r1, {'y': 21.005, 'x': -36.253, 'yaw': 3.142}, pose, None, None
180.00, [INFO], r1, {'battery-level': '16.05'}, battery_charge, None, None
190.00, [INFO], r1, {'y': 23.112, 'x': -36.303, 'yaw': 3.141}, pose, None, None
190.00, [INFO], r1, {'battery-level': '15.55'}, battery_charge, None, None
200.00, [INFO], r1, {'y': 25.227, 'x': -36.251, 'yaw': 3.141}, pose, None, None
200.00, [INFO], r1, {'battery-level': '15.05'}, battery_charge, None, None
210.00, [INFO], r1, {'y': 27.338, 'x': -36.277, 'yaw': -3.142}, pose, None, None
210.00, [INFO], r1, {'battery-level': '14.55'}, battery_charge, None, None
220.00, [INFO], r1, {'y': 29.451, 'x': -36.345, 'yaw': -3.141}, pose, None, None
220.00, [INFO], r1, {'battery-level': '14.05'}, battery_charge, None, None
230.00, [INFO], r1, {'y': 31.573, 'x': -36.529, 'yaw': -3.142}, pose, None, None
230.00, [INFO], r1, {'battery-level': '13.55'}, battery_charge, None, None
240.00, [INFO], r1, {'y': 33.673, 'x': -36.856, 'yaw': -3.141}, pose, None, None
240.00, [INFO], r1, {'battery-level': '13.05'}, battery_charge, None, None
250.00, [INFO], r1, {'y': 35.788, 'x': -36.949, 'yaw': 3.141}, pose, None, None
250.00, [INFO], r1, {'battery-level': '12.55'}, battery_charge, None, None
258.30, [INFO], r1, skill-success, None, navto, None
258.30, [INFO], r1, started skill, None, approach-arm, None
258.30, [INFO], r1, sent message, None, None, None
258.30, [INFO], r1, skill-success, None, approach-arm, None
258.30, [INFO], r1, started skill, None, open-drawer, None
258.30, [INFO], r1, sent message, None, None, None
258.30, [INFO], r1, skill-success, None, open-drawer, None
258.30, [INFO], r1, started skill, None, pick-up-sample, None
258.30, [INFO], r1, sent message, None, None, None
258.30, [INFO], r1, skill-success, None, pick-up-sample, None
258.30, [INFO], r1, started skill, None, close-drawer, None
258.30, [INFO], r1, sent message, None, None, None
258.30, [INFO], r1, skill-success, None, close-drawer, None
258.30, [WARN], r1, SUCCESS, None, None, None
260.00, [INFO], r1, {'y': 36.077, 'x': -37.001, 'yaw': -3.142}, pose, None, None
260.00, [INFO], r1, {'battery-level': '12.05'}, battery_charge, None, None
