10.07, [INFO], r1, {'y': 18.93, 'x': -33.9, 'yaw': -3.142}, pose, None, None
10.07, [INFO], r1, {'battery-level': '99.60'}, battery_charge, None, None
10.07, [INFO], r1, started skill, None, navto, None
20.09, [INFO], r1, {'y': 17.722, 'x': -35.392, 'yaw': 3.139}, pose, None, None
20.09, [INFO], r1, {'battery-level': '99.10'}, battery_charge, None, None
30.09, [INFO], r1, {'y': 16.141, 'x': -36.491, 'yaw': 3.142}, pose, None, None
30.09, [INFO], r1, {'battery-level': '98.60'}, battery_charge, None, None
40.01, [INFO], r1, {'y': 15.358, 'x': -34.564, 'yaw': -3.142}, pose, None, None
40.01, [INFO], r1, {'battery-level': '98.10'}, battery_charge, None, None
50.09, [INFO], r1, {'battery-level': '97.60'}, battery_charge, None, None
50.09, [INFO], r1, {'y': 15.553, 'x': -32.433, 'yaw': -3.142}, pose, None, None
60.00, [INFO], r1, {'battery-level': '97.10'}, battery_charge, None, None
60.00, [INFO], r1, {'y': 15.633, 'x': -30.329, 'yaw': 3.141}, pose, None, None
70.07, [INFO], r1, {'y': 15.815, 'x': -28.624, 'yaw': 3.141}, pose, None, None
70.07, [INFO], r1, {'battery-level': '96.60'}, battery_charge, None, None
80.07, [INFO], r1, {'y': 15.822, 'x': -28.617, 'yaw': 3.142}, pose, None, None
80.07, [INFO], r1, {'battery-level': '96.10'}, battery_charge, None, None
90.06, [INFO], r1, {'y': 15.822, 'x': -28.617, 'yaw': 3.142}, pose, None, None
90.06, [INFO], r1, {'battery-level': '95.60'}, battery_charge, None, None
100.08, [INFO], r1, {'y': 15.822, 'x': -28.617, 'yaw': 3.142}, pose, None, None
100.08, [INFO], r1, {'battery-level': '95.10'}, battery_charge, None, None
110.07, [INFO], r1, {'y': 15.822, 'x': -28.617, 'yaw': -3.142}, pose, None, None
110.07, [INFO], r1, {'battery-level': '94.60'}, battery_charge, None, None
120.05, [INFO], r1, {'battery-level': '94.10'}, battery_charge, None, None
120.05, [INFO], r1, {'y': 15.846, 'x': -28.622, 'yaw': 3.142}, pose, None, None
130.05, [INFO], r1, {'y': 15.85, 'x': -28.621, 'yaw': 3.142}, pose, None, None
130.05, [INFO], r1, {'battery-level': '93.60'}, battery_charge, None, None
140.06, [INFO], r1, {'battery-level': '93.10'}, battery_charge, None, None
140.06, [INFO], r1, {'y': 15.85, 'x': -28.621, 'yaw': -3.142}, pose, None, None
150.05, [INFO], r1, {'y': 15.85, 'x': -28.621, 'yaw': -3.142}, pose, None, None
150.05, [INFO], r1, {'battery-level': '92.60'}, battery_charge, None, None
160.06, [INFO], r1, {'y': 16.71, 'x': -28.57, 'yaw': -3.142}, pose, None, None
160.06, [INFO], r1, {'battery-level': '92.10'}, battery_charge, None, None
170.04, [INFO], r1, {'y': 16.833, 'x': -28.531, 'yaw': 3.14}, pose, None, None
170.04, [INFO], r1, {'battery-level': '91.60'}, battery_charge, None, None
180.04, [INFO], r1, {'y': 16.842, 'x': -28.492, 'yaw': -3.139}, pose, None, None
180.04, [INFO], r1, {'battery-level': '91.10'}, battery_charge, None, None
190.03, [INFO], r1, {'y': 16.886, 'x': -28.463, 'yaw': 3.141}, pose, None, None
190.03, [INFO], r1, {'battery-level': '90.60'}, battery_charge, None, None
200.00, [INFO], r1, {'battery-level': '90.10'}, battery_charge, None, None
200.00, [INFO], r1, {'y': 16.699, 'x': -28.46, 'yaw': 3.141}, pose, None, None
210.08, [INFO], r1, {'y': 16.962, 'x': -28.375, 'yaw': -3.141}, pose, None, None
210.08, [INFO], r1, {'battery-level': '89.60'}, battery_charge, None, None
220.06, [INFO], r1, {'y': 17.146, 'x': -28.373, 'yaw': 3.136}, pose, None, None
220.06, [INFO], r1, {'battery-level': '89.10'}, battery_charge, None, None
230.05, [INFO], r1, {'y': 16.518, 'x': -28.612, 'yaw': -3.142}, pose, None, None
230.05, [INFO], r1, {'battery-level': '88.60'}, battery_charge, None, None
240.05, [INFO], r1, {'y': 16.834, 'x': -28.468, 'yaw': 3.14}, pose, None, None
240.05, [INFO], r1, {'battery-level': '88.10'}, battery_charge, None, None
249.29, [WARN], r1, SKILL-FAILURE, None, navto, None
250.06, [INFO], r1, {'y': 16.975, 'x': -28.44, 'yaw': -3.142}, pose, None, None
250.06, [INFO], r1, {'battery-level': '87.60'}, battery_charge, None, None
