10.09, [INFO], r1, {'y': 18.93, 'x': -33.9, 'yaw': -3.142}, pose, None, None
10.09, [INFO], r1, {'battery-level': '99.60'}, battery_charge, None, None
10.09, [INFO], r1, started skill, None, navto, None
20.06, [INFO], r1, {'y': 17.713, 'x': -35.363, 'yaw': 3.141}, pose, None, None
20.06, [INFO], r1, {'battery-level': '99.10'}, battery_charge, None, None
30.08, [INFO], r1, {'y': 16.127, 'x': -36.519, 'yaw': 3.141}, pose, None, None
30.08, [INFO], r1, {'battery-level': '98.60'}, battery_charge, None, None
40.00, [INFO], r1, {'y': 15.391, 'x': -34.599, 'yaw': 3.142}, pose, None, None
40.00, [INFO], r1, {'battery-level': '98.10'}, battery_charge, None, None
50.08, [INFO], r1, {'battery-level': '97.60'}, battery_charge, None, None
50.08, [INFO], r1, {'y': 15.501, 'x': -32.462, 'yaw': -3.142}, pose, None, None
60.10, [INFO], r1, {'battery-level': '97.10'}, battery_charge, None, None
60.10, [INFO], r1, {'y': 15.545, 'x': -30.339, 'yaw': 3.141}, pose, None, None
70.00, [INFO], r1, {'y': 15.771, 'x': -28.247, 'yaw': 3.142}, pose, None, None
70.00, [INFO], r1, {'battery-level': '96.60'}, battery_charge, None, None
80.09, [INFO], r1, {'y': 16.014, 'x': -26.127, 'yaw': 3.138}, pose, None, None
80.09, [INFO], r1, {'battery-level': '96.10'}, battery_charge, None, None
90.00, [INFO], r1, {'y': 15.982, 'x': -24.036, 'yaw': -3.141}, pose, None, None
90.00, [INFO], r1, {'battery-level': '95.60'}, battery_charge, None, None
100.09, [INFO], r1, {'y': 16.139, 'x': -21.904, 'yaw': 3.142}, pose, None, None
100.09, [INFO], r1, {'battery-level': '95.10'}, battery_charge, None, None
110.06, [INFO], r1, {'y': 17.542, 'x': -20.886, 'yaw': 3.142}, pose, None, None
110.06, [INFO], r1, {'battery-level': '94.60'}, battery_charge, None, None
120.06, [INFO], r1, {'battery-level': '94.10'}, battery_charge, None, None
120.06, [INFO], r1, {'y': 17.969, 'x': -21.035, 'yaw': 3.142}, pose, None, None
121.02, [INFO], r1, skill-success, None, navto, None
121.02, [INFO], r1, started skill, None, approach-nurse, None
121.02, [INFO], r1, sent message, None, None, None
121.02, [INFO], r1, skill-success, None, approach-nurse, None
121.02, [INFO], r1, started skill, None, authenticate-nurse, None
121.02, [INFO], r1, sent message, None, None, None
121.02, [INFO], r1, skill-success, None, authenticate-nurse, None
121.02, [INFO], r1, started skill, None, open-drawer, None
121.02, [INFO], r1, sent message, None, None, None
121.02, [INFO], r1, skill-success, None, open-drawer, None
121.02, [INFO], r1, started skill, None, deposit, None
121.02, [INFO], r1, sent message, None, None, None
121.02, [INFO], r1, skill-success, None, deposit, None
121.02, [INFO], r1, started skill, None, close-drawer, None
121.02, [INFO], r1, sent message, None, None, None
121.02, [INFO], r1, skill-success, None, close-drawer, None
121.02, [INFO], r1, started skill, None, navto, None
130.07, [INFO], r1, {'y': 16.348, 'x': -21.582, 'yaw': 3.142}, pose, None, None
130.07, [INFO], r1, {'battery-level': '93.60'}, battery_charge, None, None
140.02, [INFO], r1, {'y': 16.171, 'x': -23.673, 'yaw': 3.141}, pose, None, None
140.02, [INFO], r1, {'battery-level': '93.10'}, battery_charge, None, None
150.01, [INFO], r1, {'y': 16.072, 'x': -25.794, 'yaw': 3.141}, pose, None, None
150.01, [INFO], r1, {'battery-level': '92.60'}, battery_charge, None, None
160.04, [INFO], r1, {'y': 16.056, 'x': -27.91, 'yaw': 3.141}, pose, None, None
160.04, [INFO], r1, {'battery-level': '92.10'}, battery_charge, None, None
170.03, [INFO], r1, {'y': 16.052, 'x': -30.042, 'yaw': 3.142}, pose, None, None
170.03, [INFO], r1, {'battery-level': '91.60'}, battery_charge, None, None
180.01, [INFO], r1, {'y': 15.872, 'x': -32.164, 'yaw': 3.14}, pose, None, None
180.01, [INFO], r1, {'battery-level': '91.10'}, battery_charge, None, None
190.01, [INFO], r1, {'y': 15.471, 'x': -34.253, 'yaw': 3.142}, pose, None, None
190.01, [INFO], r1, {'battery-level': '90.60'}, battery_charge, None, None
200.00, [INFO], r1, {'y': 16.499, 'x': -35.976, 'yaw': 3.142}, pose, None, None
200.00, [INFO], r1, {'battery-level': '90.10'}, battery_charge, None, None
210.02, [INFO], r1, {'y': 18.593, 'x': -36.16, 'yaw': -3.142}, pose, None, None
210.02, [INFO], r1, {'battery-level': '89.60'}, battery_charge, None, None
220.01, [INFO], r1, {'battery-level': '89.10'}, battery_charge, None, None
220.01, [INFO], r1, {'y': 20.699, 'x': -36.215, 'yaw': -3.142}, pose, None, None
230.02, [INFO], r1, {'battery-level': '88.60'}, battery_charge, None, None
230.02, [INFO], r1, {'y': 22.814, 'x': -36.336, 'yaw': 3.141}, pose, None, None
240.07, [INFO], r1, {'battery-level': '88.10'}, battery_charge, None, None
240.07, [INFO], r1, {'y': 24.942, 'x': -36.296, 'yaw': 3.141}, pose, None, None
250.01, [INFO], r1, {'y': 27.041, 'x': -36.306, 'yaw': 3.141}, pose, None, None
250.01, [INFO], r1, {'battery-level': '87.60'}, battery_charge, None, None
260.04, [INFO], r1, {'y': 29.177, 'x': -36.343, 'yaw': 3.141}, pose, None, None
260.04, [INFO], r1, {'battery-level': '87.10'}, battery_charge, None, None
270.10, [INFO], r1, {'y': 31.293, 'x': -36.455, 'yaw': -3.142}, pose, None, None
270.10, [INFO], r1, {'battery-level': '86.60'}, battery_charge, None, None
280.02, [INFO], r1, {'y': 33.38, 'x': -36.765, 'yaw': 3.141}, pose, None, None
280.02, [INFO], r1, {'battery-level': '86.10'}, battery_charge, None, None
290.01, [INFO], r1, {'battery-level': '85.60'}, battery_charge, None, None
290.01, [INFO], r1, {'y': 35.499, 'x': -36.913, 'yaw': -3.139}, pose, None, None
300.05, [INFO], r1, {'y': 36.05, 'x': -36.952, 'yaw': 3.141}, pose, None, None
300.05, [INFO], r1, {'battery-level': '85.10'}, battery_charge, None, None
309.26, [INFO], r1, skill-success, None, navto, None
309.26, [INFO], r1, started skill, None, approach-arm, None
309.26, [INFO], r1, sent message, None, None, None
309.26, [INFO], r1, skill-success, None, approach-arm, None
309.26, [INFO], r1, started skill, None, open-drawer, None
309.35, [INFO], r1, sent message, None, None, None
309.35, [INFO], r1, skill-success, None, open-drawer, None
309.35, [INFO], r1, started skill, None, pick-up-sample, None
309.35, [WARN], r1, SKILL-FAILURE, None, pick-up-sample, None
310.03, [INFO], r1, {'y': 36.038, 'x': -37.035, 'yaw': -3.142}, pose, None, None
310.03, [INFO], r1, {'battery-level': '84.60'}, battery_charge, None, None
