10.06, [INFO], r1, {'battery-level': '99.60'}, battery_charge, None, None
10.06, [INFO], r1, {'y': 18.93, 'x': -33.9, 'yaw': 3.142}, pose, None, None
10.06, [INFO], r1, started skill, None, navto, None
20.00, [INFO], r1, {'y': 17.717, 'x': -35.379, 'yaw': 3.142}, pose, None, None
20.00, [INFO], r1, {'battery-level': '99.10'}, battery_charge, None, None
30.04, [INFO], r1, {'y': 16.118, 'x': -36.477, 'yaw': -3.142}, pose, None, None
30.04, [INFO], r1, {'battery-level': '98.60'}, battery_charge, None, None
40.07, [INFO], r1, {'y': 15.88, 'x': -35.701, 'yaw': 3.142}, pose, None, None
40.07, [INFO], r1, {'battery-level': '98.10'}, battery_charge, None, None
50.01, [INFO], r1, {'battery-level': '97.60'}, battery_charge, None, None
50.01, [INFO], r1, {'y': 15.514, 'x': -35.642, 'yaw': 3.141}, pose, None, None
60.05, [INFO], r1, {'battery-level': '97.10'}, battery_charge, None, None
60.05, [INFO], r1, {'y': 15.434, 'x': -35.531, 'yaw': -3.142}, pose, None, None
70.08, [INFO], r1, {'y': 15.457, 'x': -35.481, 'yaw': -3.141}, pose, None, None
70.08, [INFO], r1, {'battery-level': '96.60'}, battery_charge, None, None
80.02, [INFO], r1, {'y': 15.656, 'x': -35.446, 'yaw': 3.141}, pose, None, None
80.02, [INFO], r1, {'battery-level': '96.10'}, battery_charge, None, None
90.05, [INFO], r1, {'y': 15.748, 'x': -35.488, 'yaw': 3.141}, pose, None, None
90.05, [INFO], r1, {'battery-level': '95.60'}, battery_charge, None, None
100.08, [INFO], r1, {'y': 15.667, 'x': -35.516, 'yaw': 3.142}, pose, None, None
100.08, [INFO], r1, {'battery-level': '95.10'}, battery_charge, None, None
110.01, [INFO], r1, {'y': 15.741, 'x': -35.523, 'yaw': -3.141}, pose, None, None
110.01, [INFO], r1, {'battery-level': '94.60'}, battery_charge, None, None
120.05, [INFO], r1, {'y': 15.383, 'x': -35.479, 'yaw': -3.142}, pose, None, None
120.05, [INFO], r1, {'battery-level': '94.10'}, battery_charge, None, None
130.08, [INFO], r1, {'y': 15.862, 'x': -35.36, 'yaw': -3.142}, pose, None, None
130.08, [INFO], r1, {'battery-level': '93.60'}, battery_charge, None, None
140.02, [INFO], r1, {'y': 15.799, 'x': -35.65, 'yaw': 3.141}, pose, None, None
140.02, [INFO], r1, {'battery-level': '93.10'}, battery_charge, None, None
150.06, [INFO], r1, {'y': 15.378, 'x': -35.437, 'yaw': -3.141}, pose, None, None
150.06, [INFO], r1, {'battery-level': '92.60'}, battery_charge, None, None
160.09, [INFO], r1, {'y': 15.624, 'x': -35.526, 'yaw': -3.141}, pose, None, None
160.09, [INFO], r1, {'battery-level': '92.10'}, battery_charge, None, None
170.02, [INFO], r1, {'y': 15.471, 'x': -35.427, 'yaw': 3.141}, pose, None, None
170.02, [INFO], r1, {'battery-level': '91.60'}, battery_charge, None, None
180.06, [INFO], r1, {'y': 15.529, 'x': -35.463, 'yaw': 3.141}, pose, None, None
180.06, [INFO], r1, {'battery-level': '91.10'}, battery_charge, None, None
190.10, [INFO], r1, {'y': 15.55, 'x': -35.733, 'yaw': 3.141}, pose, None, None
190.10, [INFO], r1, {'battery-level': '90.60'}, battery_charge, None, None
194.71, [WARN], r1, SKILL-FAILURE, None, navto, None
200.03, [INFO], r1, {'y': 15.623, 'x': -35.466, 'yaw': 3.142}, pose, None, None
200.03, [INFO], r1, {'battery-level': '90.10'}, battery_charge, None, None
