9.41, [INFO], r1, started skill, None, navto, None
10.09, [INFO], r1, {'battery-level': '99.55'}, battery_charge, None, None
10.09, [INFO], r1, {'y': 18.927, 'x': -33.964, 'yaw': 3.14}, pose, None, None
20.04, [INFO], r1, {'y': 17.709, 'x': -35.526, 'yaw': 3.139}, pose, None, None
20.04, [INFO], r1, {'battery-level': '99.05'}, battery_charge, None, None
30.03, [INFO], r1, {'y': 16.012, 'x': -36.464, 'yaw': 3.141}, pose, None, None
30.03, [INFO], r1, {'battery-level': '98.55'}, battery_charge, None, None
40.08, [INFO], r1, {'battery-level': '98.05'}, battery_charge, None, None
40.08, [INFO], r1, {'y': 15.379, 'x': -34.443, 'yaw': -3.141}, pose, None, None
50.07, [INFO], r1, {'battery-level': '97.55'}, battery_charge, None, None
50.07, [INFO], r1, {'y': 15.487, 'x': -32.33, 'yaw': 3.142}, pose, None, None
60.06, [INFO], r1, {'battery-level': '97.05'}, battery_charge, None, None
60.06, [INFO], r1, {'y': 15.604, 'x': -30.213, 'yaw': 3.141}, pose, None, None
70.03, [INFO], r1, {'y': 15.844, 'x': -28.109, 'yaw': -3.142}, pose, None, None
70.03, [INFO], r1, {'battery-level': '96.55'}, battery_charge, None, None
80.03, [INFO], r1, {'y': 15.988, 'x': -25.985, 'yaw': 3.141}, pose, None, None
80.03, [INFO], r1, {'battery-level': '96.05'}, battery_charge, None, None
90.00, [INFO], r1, {'battery-level': '95.55'}, battery_charge, None, None
90.00, [INFO], r1, {'y': 16.006, 'x': -23.876, 'yaw': -3.141}, pose, None, None
100.09, [INFO], r1, {'battery-level': '95.05'}, battery_charge, None, None
100.09, [INFO], r1, {'y': 16.255, 'x': -21.735, 'yaw': 3.142}, pose, None, None
110.05, [INFO], r1, {'battery-level': '94.55'}, battery_charge, None, None
110.05, [INFO], r1, {'y': 17.781, 'x': -21.012, 'yaw': 3.142}, pose, None, None
118.88, [INFO], r1, skill-success, None, navto, None
118.88, [INFO], r1, started skill, None, approach-nurse, None
118.88, [INFO], r1, sent message, None, None, None
118.88, [INFO], r1, skill-success, None, approach-nurse, None
118.88, [INFO], r1, started skill, None, authenticate-nurse, None
118.88, [INFO], r1, sent message, None, None, None
118.88, [INFO], r1, started skill, None, open-drawer, None
118.88, [INFO], r1, sent message, None, None, None
118.88, [INFO], r1, skill-success, None, open-drawer, None
118.88, [INFO], r1, started skill, None, deposit, None
118.88, [INFO], r1, sent message, None, None, None
118.88, [INFO], r1, skill-success, None, deposit, None
118.88, [INFO], r1, started skill, None, close-drawer, None
118.88, [INFO], r1, sent message, None, None, None
118.88, [INFO], r1, skill-success, None, close-drawer, None
118.88, [INFO], r1, started skill, None, navto, None
120.03, [INFO], r1, {'y': 17.817, 'x': -21.117, 'yaw': -3.141}, pose, None, None
120.03, [INFO], r1, {'battery-level': '94.05'}, battery_charge, None, None
130.08, [INFO], r1, {'battery-level': '93.55'}, battery_charge, None, None
130.08, [INFO], r1, {'y': 16.27, 'x': -22.043, 'yaw': -3.142}, pose, None, None
140.06, [INFO], r1, {'y': 16.144, 'x': -24.143, 'yaw': 3.141}, pose, None, None
140.06, [INFO], r1, {'battery-level': '93.05'}, battery_charge, None, None
150.03, [INFO], r1, {'y': 16.025, 'x': -26.242, 'yaw': 3.141}, pose, None, None
150.03, [INFO], r1, {'battery-level': '92.55'}, battery_charge, None, None
160.09, [INFO], r1, {'battery-level': '92.05'}, battery_charge, None, None
160.09, [INFO], r1, {'y': 15.899, 'x': -28.365, 'yaw': -3.142}, pose, None, None
170.07, [INFO], r1, {'battery-level': '91.55'}, battery_charge, None, None
170.07, [INFO], r1, {'y': 15.921, 'x': -30.472, 'yaw': 3.142}, pose, None, None
180.02, [INFO], r1, {'y': 15.781, 'x': -32.571, 'yaw': 3.142}, pose, None, None
180.02, [INFO], r1, {'battery-level': '91.05'}, battery_charge, None, None
190.01, [INFO], r1, {'y': 15.436, 'x': -34.677, 'yaw': -3.142}, pose, None, None
190.01, [INFO], r1, {'battery-level': '90.55'}, battery_charge, None, None
200.00, [INFO], r1, {'y': 16.895, 'x': -36.103, 'yaw': -3.142}, pose, None, None
200.00, [INFO], r1, {'battery-level': '90.05'}, battery_charge, None, None
210.07, [INFO], r1, {'battery-level': '89.55'}, battery_charge, None, None
210.07, [INFO], r1, {'y': 19.021, 'x': -36.161, 'yaw': 3.141}, pose, None, None
220.06, [INFO], r1, {'y': 21.13, 'x': -36.294, 'yaw': 3.141}, pose, None, None
220.06, [INFO], r1, {'battery-level': '89.05'}, battery_charge, None, None
230.00, [INFO], r1, {'y': 23.228, 'x': -36.367, 'yaw': -3.142}, pose, None, None
230.00, [INFO], r1, {'battery-level': '88.55'}, battery_charge, None, None
240.06, [INFO], r1, {'y': 25.349, 'x': -36.302, 'yaw': -3.142}, pose, None, None
240.06, [INFO], r1, {'battery-level': '88.05'}, battery_charge, None, None
250.07, [INFO], r1, {'y': 27.457, 'x': -36.342, 'yaw': -3.141}, pose, None, None
250.07, [INFO], r1, {'battery-level': '87.55'}, battery_charge, None, None
260.06, [INFO], r1, {'battery-level': '87.05'}, battery_charge, None, None
260.06, [INFO], r1, {'y': 29.575, 'x': -36.433, 'yaw': -3.142}, pose, None, None
270.07, [INFO], r1, {'y': 31.695, 'x': -36.581, 'yaw': -3.142}, pose, None, None
270.07, [INFO], r1, {'battery-level': '86.55'}, battery_charge, None, None
280.05, [INFO], r1, {'y': 33.812, 'x': -36.869, 'yaw': 3.142}, pose, None, None
280.05, [INFO], r1, {'battery-level': '86.05'}, battery_charge, None, None
290.07, [INFO], r1, {'battery-level': '85.55'}, battery_charge, None, None
290.07, [INFO], r1, {'y': 35.835, 'x': -36.938, 'yaw': 3.142}, pose, None, None
300.07, [INFO], r1, {'y': 36.128, 'x': -36.996, 'yaw': -3.142}, pose, None, None
300.07, [INFO], r1, {'battery-level': '85.05'}, battery_charge, None, None
305.56, [INFO], r1, skill-success, None, navto, None
305.56, [INFO], r1, started skill, None, approach-arm, None
305.56, [INFO], r1, sent message, None, None, None
305.56, [INFO], r1, skill-success, None, approach-arm, None
305.56, [INFO], r1, started skill, None, open-drawer, None
305.56, [INFO], r1, sent message, None, None, None
305.56, [INFO], r1, skill-success, None, open-drawer, None
305.56, [INFO], r1, started skill, None, pick-up-sample, None
305.56, [INFO], r1, sent message, None, None, None
305.56, [INFO], r1, skill-success, None, pick-up-sample, None
305.56, [INFO], r1, started skill, None, close-drawer, None
305.56, [INFO], r1, sent message, None, None, None
305.56, [INFO], r1, skill-success, None, close-drawer, None
305.56, [WARN], r1, SUCCESS, None, None, None
