0.19, [DEBUG], logger, ROBOTS_CONFIG={'capabilities': ['approach_person', 'approach_robot', 'authenticate_person', 'navigation', 'operate_drawer'], 'battery_charge': 1, 'nurse_pose': [-21.0, 18.0, -1.57], 'robot_pose': [-33.9, 18.93, 3.14]}, None, None, None
0.19, [DEBUG], logger, Simulation open, None, None, None
10.05, [INFO], r1, {'y': 18.93, 'x': -33.9, 'yaw': 3.142}, pose, None, None
10.05, [INFO], r1, {'battery-level': '99.55'}, battery_charge, None, None
10.83, [INFO], r1, started skill, None, navto, None
20.03, [INFO], r1, {'y': 17.721, 'x': -35.216, 'yaw': 3.142}, pose, None, None
20.03, [INFO], r1, {'battery-level': '99.05'}, battery_charge, None, None
30.02, [INFO], r1, {'y': 16.278, 'x': -36.537, 'yaw': 3.141}, pose, None, None
30.02, [INFO], r1, {'battery-level': '98.55'}, battery_charge, None, None
40.03, [INFO], r1, {'y': 15.47, 'x': -34.663, 'yaw': -3.142}, pose, None, None
40.03, [INFO], r1, {'battery-level': '98.05'}, battery_charge, None, None
50.03, [INFO], r1, {'y': 15.567, 'x': -32.558, 'yaw': 3.142}, pose, None, None
50.03, [INFO], r1, {'battery-level': '97.55'}, battery_charge, None, None
60.05, [INFO], r1, {'y': 15.601, 'x': -30.44, 'yaw': -3.139}, pose, None, None
60.05, [INFO], r1, {'battery-level': '97.05'}, battery_charge, None, None
70.04, [INFO], r1, {'y': 15.754, 'x': -28.33, 'yaw': -3.142}, pose, None, None
70.04, [INFO], r1, {'battery-level': '96.55'}, battery_charge, None, None
80.06, [INFO], r1, {'y': 16.112, 'x': -26.232, 'yaw': 3.142}, pose, None, None
80.06, [INFO], r1, {'battery-level': '96.05'}, battery_charge, None, None
90.05, [INFO], r1, {'y': 16.161, 'x': -24.13, 'yaw': 3.141}, pose, None, None
90.05, [INFO], r1, {'battery-level': '95.55'}, battery_charge, None, None
100.06, [INFO], r1, {'y': 16.191, 'x': -22.016, 'yaw': -3.142}, pose, None, None
100.06, [INFO], r1, {'battery-level': '95.05'}, battery_charge, None, None
110.05, [INFO], r1, {'y': 17.505, 'x': -20.906, 'yaw': 3.14}, pose, None, None
110.05, [INFO], r1, {'battery-level': '94.55'}, battery_charge, None, None
120.04, [INFO], r1, {'y': 17.983, 'x': -21.045, 'yaw': -3.142}, pose, None, None
120.04, [INFO], r1, {'battery-level': '94.05'}, battery_charge, None, None
123.59, [INFO], r1, skill-success, None, navto, None
123.59, [INFO], r1, started skill, None, approach-nurse, None
123.59, [INFO], r1, sent message, None, None, None
123.59, [INFO], r1, skill-success, None, approach-nurse, None
123.59, [INFO], r1, started skill, None, authenticate-nurse, None
123.69, [INFO], r1, sent message, None, None, None
123.69, [INFO], r1, skill-success, None, authenticate-nurse, None
123.69, [INFO], r1, started skill, None, open-drawer, None
123.69, [INFO], r1, sent message, None, None, None
123.69, [INFO], r1, skill-success, None, open-drawer, None
123.69, [INFO], r1, started skill, None, deposit, None
123.69, [INFO], r1, sent message, None, None, None
123.69, [INFO], r1, skill-success, None, deposit, None
123.69, [INFO], r1, started skill, None, close-drawer, None
123.69, [INFO], r1, sent message, None, None, None
123.69, [INFO], r1, skill-success, None, close-drawer, None
123.69, [INFO], r1, started skill, None, navto, None
130.03, [INFO], r1, {'y': 16.678, 'x': -21.122, 'yaw': 3.141}, pose, None, None
130.03, [INFO], r1, {'battery-level': '93.55'}, battery_charge, None, None
140.00, [INFO], r1, {'y': 16.199, 'x': -23.097, 'yaw': 3.142}, pose, None, None
140.00, [INFO], r1, {'battery-level': '93.05'}, battery_charge, None, None
150.07, [INFO], r1, {'y': 16.097, 'x': -25.229, 'yaw': 3.141}, pose, None, None
150.07, [INFO], r1, {'battery-level': '92.55'}, battery_charge, None, None
160.07, [INFO], r1, {'y': 16.047, 'x': -27.351, 'yaw': -3.142}, pose, None, None
160.07, [INFO], r1, {'battery-level': '92.05'}, battery_charge, None, None
170.10, [INFO], r1, {'y': 16.108, 'x': -29.456, 'yaw': 3.142}, pose, None, None
170.10, [INFO], r1, {'battery-level': '91.55'}, battery_charge, None, None
180.09, [INFO], r1, {'y': 15.918, 'x': -31.566, 'yaw': 3.14}, pose, None, None
180.09, [INFO], r1, {'battery-level': '91.05'}, battery_charge, None, None
190.09, [INFO], r1, {'y': 15.585, 'x': -33.672, 'yaw': 3.141}, pose, None, None
190.09, [INFO], r1, {'battery-level': '90.55'}, battery_charge, None, None
200.09, [INFO], r1, {'y': 16.011, 'x': -35.586, 'yaw': 3.141}, pose, None, None
200.09, [INFO], r1, {'battery-level': '90.05'}, battery_charge, None, None
210.08, [INFO], r1, {'y': 17.987, 'x': -36.054, 'yaw': 3.141}, pose, None, None
210.08, [INFO], r1, {'battery-level': '89.55'}, battery_charge, None, None
220.07, [INFO], r1, {'battery-level': '89.05'}, battery_charge, None, None
220.07, [INFO], r1, {'y': 20.094, 'x': -36.224, 'yaw': 3.142}, pose, None, None
230.07, [INFO], r1, {'y': 22.207, 'x': -36.262, 'yaw': 3.141}, pose, None, None
230.07, [INFO], r1, {'battery-level': '88.55'}, battery_charge, None, None
240.06, [INFO], r1, {'battery-level': '88.05'}, battery_charge, None, None
240.06, [INFO], r1, {'y': 24.312, 'x': -36.245, 'yaw': 3.141}, pose, None, None
250.03, [INFO], r1, {'y': 26.427, 'x': -36.215, 'yaw': 3.141}, pose, None, None
250.03, [INFO], r1, {'battery-level': '87.55'}, battery_charge, None, None
260.03, [INFO], r1, {'battery-level': '87.05'}, battery_charge, None, None
260.03, [INFO], r1, {'y': 28.544, 'x': -36.292, 'yaw': 3.14}, pose, None, None
270.06, [INFO], r1, {'battery-level': '86.55'}, battery_charge, None, None
270.06, [INFO], r1, {'y': 30.664, 'x': -36.456, 'yaw': 3.14}, pose, None, None
280.09, [INFO], r1, {'y': 32.788, 'x': -36.649, 'yaw': 3.142}, pose, None, None
280.09, [INFO], r1, {'battery-level': '86.05'}, battery_charge, None, None
290.01, [INFO], r1, {'y': 34.874, 'x': -36.885, 'yaw': 3.141}, pose, None, None
290.01, [INFO], r1, {'battery-level': '85.55'}, battery_charge, None, None
300.02, [INFO], r1, {'y': 36.081, 'x': -36.991, 'yaw': -3.141}, pose, None, None
300.02, [INFO], r1, {'battery-level': '85.05'}, battery_charge, None, None
302.71, [INFO], r1, skill-success, None, navto, None
302.71, [INFO], r1, started skill, None, approach-arm, None
302.71, [INFO], r1, sent message, None, None, None
302.71, [INFO], r1, skill-success, None, approach-arm, None
302.71, [INFO], r1, started skill, None, open-drawer, None
302.71, [INFO], r1, sent message, None, None, None
302.71, [INFO], r1, skill-success, None, open-drawer, None
302.71, [INFO], r1, started skill, None, pick-up-sample, None
302.71, [INFO], r1, sent message, None, None, None
302.71, [INFO], r1, skill-success, None, pick-up-sample, None
302.71, [INFO], r1, started skill, None, close-drawer, None
302.71, [INFO], r1, sent message, None, None, None
302.71, [INFO], r1, skill-success, None, close-drawer, None
302.71, [WARN], r1, SUCCESS, None, None, None
