9.61, [INFO], r1, started skill, None, navto, None
10.01, [INFO], r1, {'battery-level': '99.55'}, battery_charge, None, None
10.01, [INFO], r1, {'y': 18.93, 'x': -33.932, 'yaw': 3.141}, pose, None, None
20.03, [INFO], r1, {'y': 17.686, 'x': -35.497, 'yaw': -3.139}, pose, None, None
20.03, [INFO], r1, {'battery-level': '99.05'}, battery_charge, None, None
30.07, [INFO], r1, {'battery-level': '98.55'}, battery_charge, None, None
30.07, [INFO], r1, {'y': 15.986, 'x': -36.437, 'yaw': -3.142}, pose, None, None
40.00, [INFO], r1, {'y': 15.38, 'x': -34.435, 'yaw': -3.141}, pose, None, None
40.00, [INFO], r1, {'battery-level': '98.05'}, battery_charge, None, None
50.04, [INFO], r1, {'y': 15.493, 'x': -32.314, 'yaw': -3.142}, pose, None, None
50.04, [INFO], r1, {'battery-level': '97.55'}, battery_charge, None, None
60.07, [INFO], r1, {'battery-level': '97.05'}, battery_charge, None, None
60.07, [INFO], r1, {'y': 15.599, 'x': -30.205, 'yaw': 3.142}, pose, None, None
70.00, [INFO], r1, {'y': 15.805, 'x': -28.122, 'yaw': 3.142}, pose, None, None
70.00, [INFO], r1, {'battery-level': '96.55'}, battery_charge, None, None
80.03, [INFO], r1, {'y': 16.182, 'x': -26.028, 'yaw': 3.142}, pose, None, None
80.03, [INFO], r1, {'battery-level': '96.05'}, battery_charge, None, None
90.07, [INFO], r1, {'y': 16.152, 'x': -23.906, 'yaw': -3.141}, pose, None, None
90.07, [INFO], r1, {'battery-level': '95.55'}, battery_charge, None, None
100.00, [INFO], r1, {'y': 16.199, 'x': -21.808, 'yaw': 3.141}, pose, None, None
100.00, [INFO], r1, {'battery-level': '95.05'}, battery_charge, None, None
110.04, [INFO], r1, {'battery-level': '94.55'}, battery_charge, None, None
110.04, [INFO], r1, {'y': 16.506, 'x': -19.716, 'yaw': 3.141}, pose, None, None
120.08, [INFO], r1, {'battery-level': '94.05'}, battery_charge, None, None
120.08, [INFO], r1, {'y': 17.932, 'x': -19.02, 'yaw': -3.142}, pose, None, None
126.09, [INFO], r1, skill-success, None, navto, None
126.09, [INFO], r1, started skill, None, approach-nurse, None
126.09, [INFO], r1, sent message, None, None, None
126.09, [INFO], r1, skill-success, None, approach-nurse, None
126.09, [INFO], r1, started skill, None, authenticate-nurse, None
126.09, [INFO], r1, sent message, None, None, None
126.09, [INFO], r1, skill-success, None, authenticate-nurse, None
126.09, [INFO], r1, started skill, None, open-drawer, None
126.09, [INFO], r1, sent message, None, None, None
126.09, [INFO], r1, skill-success, None, open-drawer, None
126.09, [INFO], r1, started skill, None, deposit, None
126.09, [INFO], r1, sent message, None, None, None
126.09, [INFO], r1, skill-success, None, deposit, None
126.09, [INFO], r1, started skill, None, close-drawer, None
126.09, [INFO], r1, sent message, None, None, None
126.09, [INFO], r1, skill-success, None, close-drawer, None
126.09, [INFO], r1, started skill, None, navto, None
130.00, [INFO], r1, {'y': 17.27, 'x': -19.332, 'yaw': 3.141}, pose, None, None
130.00, [INFO], r1, {'battery-level': '93.55'}, battery_charge, None, None
140.04, [INFO], r1, {'battery-level': '93.05'}, battery_charge, None, None
140.04, [INFO], r1, {'y': 16.337, 'x': -20.97, 'yaw': -3.142}, pose, None, None
150.07, [INFO], r1, {'y': 16.175, 'x': -23.09, 'yaw': 3.142}, pose, None, None
150.07, [INFO], r1, {'battery-level': '92.55'}, battery_charge, None, None
160.01, [INFO], r1, {'battery-level': '92.05'}, battery_charge, None, None
160.01, [INFO], r1, {'y': 16.12, 'x': -25.194, 'yaw': 3.141}, pose, None, None
170.04, [INFO], r1, {'y': 15.89, 'x': -27.315, 'yaw': 3.142}, pose, None, None
170.04, [INFO], r1, {'battery-level': '91.55'}, battery_charge, None, None
180.08, [INFO], r1, {'y': 16.005, 'x': -29.429, 'yaw': 3.142}, pose, None, None
180.08, [INFO], r1, {'battery-level': '91.05'}, battery_charge, None, None
190.02, [INFO], r1, {'y': 15.877, 'x': -31.53, 'yaw': 3.142}, pose, None, None
190.02, [INFO], r1, {'battery-level': '90.55'}, battery_charge, None, None
200.06, [INFO], r1, {'battery-level': '90.05'}, battery_charge, None, None
200.06, [INFO], r1, {'y': 15.596, 'x': -33.65, 'yaw': 3.141}, pose, None, None
210.10, [INFO], r1, {'y': 16.016, 'x': -35.575, 'yaw': 3.142}, pose, None, None
210.10, [INFO], r1, {'battery-level': '89.55'}, battery_charge, None, None
220.03, [INFO], r1, {'y': 17.979, 'x': -36.063, 'yaw': 3.141}, pose, None, None
220.03, [INFO], r1, {'battery-level': '89.05'}, battery_charge, None, None
230.07, [INFO], r1, {'battery-level': '88.55'}, battery_charge, None, None
230.07, [INFO], r1, {'y': 20.097, 'x': -36.218, 'yaw': -3.142}, pose, None, None
240.00, [INFO], r1, {'battery-level': '88.05'}, battery_charge, None, None
240.00, [INFO], r1, {'y': 22.203, 'x': -36.276, 'yaw': 3.141}, pose, None, None
250.03, [INFO], r1, {'y': 24.314, 'x': -36.236, 'yaw': 3.14}, pose, None, None
250.03, [INFO], r1, {'battery-level': '87.55'}, battery_charge, None, None
260.06, [INFO], r1, {'y': 26.436, 'x': -36.199, 'yaw': 3.142}, pose, None, None
260.06, [INFO], r1, {'battery-level': '87.05'}, battery_charge, None, None
270.10, [INFO], r1, {'y': 28.566, 'x': -36.262, 'yaw': 3.141}, pose, None, None
270.10, [INFO], r1, {'battery-level': '86.55'}, battery_charge, None, None
280.02, [INFO], r1, {'y': 30.66, 'x': -36.348, 'yaw': -3.14}, pose, None, None
280.02, [INFO], r1, {'battery-level': '86.05'}, battery_charge, None, None
290.06, [INFO], r1, {'y': 32.787, 'x': -36.604, 'yaw': 3.142}, pose, None, None
290.06, [INFO], r1, {'battery-level': '85.55'}, battery_charge, None, None
300.10, [INFO], r1, {'y': 34.9, 'x': -36.831, 'yaw': 3.141}, pose, None, None
300.10, [INFO], r1, {'battery-level': '85.05'}, battery_charge, None, None
310.03, [INFO], r1, {'y': 36.09, 'x': -36.995, 'yaw': -3.142}, pose, None, None
310.03, [INFO], r1, {'battery-level': '84.55'}, battery_charge, None, None
314.04, [INFO], r1, skill-success, None, navto, None
314.04, [INFO], r1, started skill, None, approach-arm, None
314.04, [INFO], r1, sent message, None, None, None
314.04, [INFO], r1, skill-success, None, approach-arm, None
314.04, [INFO], r1, started skill, None, open-drawer, None
314.04, [INFO], r1, sent message, None, None, None
314.04, [INFO], r1, skill-success, None, open-drawer, None
314.04, [INFO], r1, started skill, None, pick-up-sample, None
314.04, [INFO], r1, sent message, None, None, None
314.04, [INFO], r1, skill-success, None, pick-up-sample, None
314.04, [INFO], r1, started skill, None, close-drawer, None
314.04, [INFO], r1, sent message, None, None, None
314.04, [INFO], r1, skill-success, None, close-drawer, None
314.04, [WARN], r1, SUCCESS, None, None, None
320.06, [INFO], r1, {'y': 36.088, 'x': -36.999, 'yaw': -3.142}, pose, None, None
320.06, [INFO], r1, {'battery-level': '84.05'}, battery_charge, None, None
