9.81, [INFO], r1, started skill, None, navto, None
10.01, [INFO], r1, {'y': 18.93, 'x': -33.9, 'yaw': -3.142}, pose, None, None
10.01, [INFO], r1, {'battery-level': '99.60'}, battery_charge, None, None
20.02, [INFO], r1, {'y': 17.71, 'x': -35.427, 'yaw': 3.139}, pose, None, None
20.02, [INFO], r1, {'battery-level': '99.10'}, battery_charge, None, None
30.02, [INFO], r1, {'y': 16.088, 'x': -36.474, 'yaw': 3.142}, pose, None, None
30.02, [INFO], r1, {'battery-level': '98.60'}, battery_charge, None, None
40.07, [INFO], r1, {'y': 15.391, 'x': -34.493, 'yaw': -3.141}, pose, None, None
40.07, [INFO], r1, {'battery-level': '98.10'}, battery_charge, None, None
50.09, [INFO], r1, {'battery-level': '97.60'}, battery_charge, None, None
50.09, [INFO], r1, {'y': 15.515, 'x': -32.352, 'yaw': -3.141}, pose, None, None
60.07, [INFO], r1, {'y': 15.589, 'x': -30.241, 'yaw': 3.141}, pose, None, None
60.07, [INFO], r1, {'battery-level': '97.10'}, battery_charge, None, None
70.08, [INFO], r1, {'y': 15.819, 'x': -28.118, 'yaw': -3.142}, pose, None, None
70.08, [INFO], r1, {'battery-level': '96.60'}, battery_charge, None, None
80.01, [INFO], r1, {'y': 15.995, 'x': -26.011, 'yaw': 3.142}, pose, None, None
80.01, [INFO], r1, {'battery-level': '96.10'}, battery_charge, None, None
90.09, [INFO], r1, {'y': 15.953, 'x': -23.88, 'yaw': 3.141}, pose, None, None
90.09, [INFO], r1, {'battery-level': '95.60'}, battery_charge, None, None
100.03, [INFO], r1, {'battery-level': '95.10'}, battery_charge, None, None
100.03, [INFO], r1, {'y': 16.051, 'x': -21.773, 'yaw': 3.141}, pose, None, None
110.02, [INFO], r1, {'battery-level': '94.60'}, battery_charge, None, None
110.02, [INFO], r1, {'y': 16.243, 'x': -19.666, 'yaw': -3.139}, pose, None, None
120.03, [INFO], r1, {'battery-level': '94.10'}, battery_charge, None, None
120.03, [INFO], r1, {'y': 16.194, 'x': -17.558, 'yaw': -3.141}, pose, None, None
130.07, [INFO], r1, {'battery-level': '93.60'}, battery_charge, None, None
130.07, [INFO], r1, {'y': 16.106, 'x': -15.437, 'yaw': -3.141}, pose, None, None
140.06, [INFO], r1, {'y': 16.657, 'x': -13.506, 'yaw': 3.142}, pose, None, None
140.06, [INFO], r1, {'battery-level': '93.10'}, battery_charge, None, None
150.07, [INFO], r1, {'y': 17.961, 'x': -13.574, 'yaw': 3.141}, pose, None, None
150.07, [INFO], r1, {'battery-level': '92.60'}, battery_charge, None, None
158.50, [INFO], r1, skill-success, None, navto, None
158.50, [INFO], r1, started skill, None, approach-nurse, None
158.50, [INFO], r1, sent message, None, None, None
158.50, [INFO], r1, skill-success, None, approach-nurse, None
158.50, [INFO], r1, started skill, None, authenticate-nurse, None
158.50, [INFO], r1, sent message, None, None, None
158.50, [INFO], r1, skill-success, None, authenticate-nurse, None
158.50, [INFO], r1, started skill, None, open-drawer, None
158.50, [INFO], r1, sent message, None, None, None
158.50, [INFO], r1, skill-success, None, open-drawer, None
158.50, [INFO], r1, started skill, None, deposit, None
158.50, [INFO], r1, sent message, None, None, None
158.50, [INFO], r1, skill-success, None, deposit, None
158.50, [INFO], r1, started skill, None, close-drawer, None
158.50, [INFO], r1, sent message, None, None, None
158.50, [INFO], r1, skill-success, None, close-drawer, None
158.50, [INFO], r1, started skill, None, navto, None
160.03, [INFO], r1, {'y': 17.707, 'x': -13.684, 'yaw': 3.142}, pose, None, None
160.03, [INFO], r1, {'battery-level': '92.10'}, battery_charge, None, None
170.03, [INFO], r1, {'y': 16.261, 'x': -14.755, 'yaw': -3.137}, pose, None, None
170.03, [INFO], r1, {'battery-level': '91.60'}, battery_charge, None, None
180.08, [INFO], r1, {'battery-level': '91.10'}, battery_charge, None, None
180.08, [INFO], r1, {'y': 16.166, 'x': -16.886, 'yaw': 3.14}, pose, None, None
190.03, [INFO], r1, {'y': 16.257, 'x': -19.007, 'yaw': 3.141}, pose, None, None
190.03, [INFO], r1, {'battery-level': '90.60'}, battery_charge, None, None
200.04, [INFO], r1, {'y': 16.319, 'x': -21.121, 'yaw': 3.141}, pose, None, None
200.04, [INFO], r1, {'battery-level': '90.10'}, battery_charge, None, None
210.07, [INFO], r1, {'y': 16.152, 'x': -23.236, 'yaw': 3.142}, pose, None, None
210.07, [INFO], r1, {'battery-level': '89.60'}, battery_charge, None, None
220.05, [INFO], r1, {'y': 16.139, 'x': -25.347, 'yaw': 3.141}, pose, None, None
220.05, [INFO], r1, {'battery-level': '89.10'}, battery_charge, None, None
230.07, [INFO], r1, {'y': 15.937, 'x': -27.473, 'yaw': 3.142}, pose, None, None
230.07, [INFO], r1, {'battery-level': '88.60'}, battery_charge, None, None
240.02, [INFO], r1, {'y': 16.048, 'x': -29.57, 'yaw': -3.142}, pose, None, None
240.02, [INFO], r1, {'battery-level': '88.10'}, battery_charge, None, None
250.06, [INFO], r1, {'y': 15.928, 'x': -31.704, 'yaw': 3.142}, pose, None, None
250.06, [INFO], r1, {'battery-level': '87.60'}, battery_charge, None, None
260.07, [INFO], r1, {'y': 15.577, 'x': -33.806, 'yaw': 3.142}, pose, None, None
260.07, [INFO], r1, {'battery-level': '87.10'}, battery_charge, None, None
270.01, [INFO], r1, {'y': 16.131, 'x': -35.629, 'yaw': 3.142}, pose, None, None
270.01, [INFO], r1, {'battery-level': '86.60'}, battery_charge, None, None
280.01, [INFO], r1, {'battery-level': '86.10'}, battery_charge, None, None
280.01, [INFO], r1, {'y': 18.14, 'x': -36.061, 'yaw': 3.137}, pose, None, None
290.00, [INFO], r1, {'battery-level': '85.60'}, battery_charge, None, None
290.00, [INFO], r1, {'y': 20.248, 'x': -36.209, 'yaw': 3.142}, pose, None, None
300.01, [INFO], r1, {'y': 22.364, 'x': -36.294, 'yaw': 3.142}, pose, None, None
300.01, [INFO], r1, {'battery-level': '85.10'}, battery_charge, None, None
310.05, [INFO], r1, {'y': 24.478, 'x': -36.262, 'yaw': -3.141}, pose, None, None
310.05, [INFO], r1, {'battery-level': '84.60'}, battery_charge, None, None
320.06, [INFO], r1, {'battery-level': '84.10'}, battery_charge, None, None
320.06, [INFO], r1, {'y': 26.584, 'x': -36.276, 'yaw': -3.141}, pose, None, None
330.05, [INFO], r1, {'y': 28.7, 'x': -36.345, 'yaw': -3.142}, pose, None, None
330.05, [INFO], r1, {'battery-level': '83.60'}, battery_charge, None, None
340.09, [INFO], r1, {'battery-level': '83.10'}, battery_charge, None, None
340.09, [INFO], r1, {'y': 30.837, 'x': -36.436, 'yaw': 3.142}, pose, None, None
350.01, [INFO], r1, {'y': 32.937, 'x': -36.715, 'yaw': 3.142}, pose, None, None
350.01, [INFO], r1, {'battery-level': '82.60'}, battery_charge, None, None
360.09, [INFO], r1, {'battery-level': '82.10'}, battery_charge, None, None
360.09, [INFO], r1, {'y': 35.056, 'x': -36.9, 'yaw': -3.142}, pose, None, None
370.04, [INFO], r1, {'y': 36.018, 'x': -36.95, 'yaw': 3.141}, pose, None, None
370.04, [INFO], r1, {'battery-level': '81.60'}, battery_charge, None, None
379.61, [INFO], r1, skill-success, None, navto, None
379.61, [INFO], r1, started skill, None, approach-arm, None
379.61, [INFO], r1, sent message, None, None, None
379.61, [INFO], r1, skill-success, None, approach-arm, None
379.61, [INFO], r1, started skill, None, open-drawer, None
379.61, [INFO], r1, sent message, None, None, None
379.61, [INFO], r1, skill-success, None, open-drawer, None
379.61, [INFO], r1, started skill, None, pick-up-sample, None
379.61, [INFO], r1, sent message, None, None, None
379.61, [INFO], r1, skill-success, None, pick-up-sample, None
379.61, [INFO], r1, started skill, None, close-drawer, None
379.61, [INFO], r1, sent message, None, None, None
379.61, [INFO], r1, skill-success, None, close-drawer, None
379.61, [WARN], r1, SUCCESS, None, None, None
380.01, [INFO], r1, {'y': 36.094, 'x': -36.97, 'yaw': 3.142}, pose, None, None
380.01, [INFO], r1, {'battery-level': '81.10'}, battery_charge, None, None
