0.19, [DEBUG], logger, ROBOTS_CONFIG={'capabilities': ['approach_person', 'approach_robot', 'authenticate_person', 'navigation', 'operate_drawer'], 'battery_charge': 1, 'nurse_pose': [-13.5, 18.0, -1.57], 'robot_pose': [-33.9, 18.93, 3.14]}, None, None, None
0.19, [DEBUG], logger, Simulation open, None, None, None
10.07, [INFO], r1, {'battery-level': '99.55'}, battery_charge, None, None
10.07, [INFO], r1, {'y': 18.93, 'x': -33.9, 'yaw': 3.142}, pose, None, None
10.56, [INFO], r1, started skill, None, navto, None
20.07, [INFO], r1, {'y': 17.756, 'x': -35.275, 'yaw': -3.138}, pose, None, None
20.07, [INFO], r1, {'battery-level': '99.05'}, battery_charge, None, None
30.07, [INFO], r1, {'y': 16.238, 'x': -36.535, 'yaw': 3.141}, pose, None, None
30.07, [INFO], r1, {'battery-level': '98.55'}, battery_charge, None, None
40.09, [INFO], r1, {'y': 15.405, 'x': -34.667, 'yaw': 3.142}, pose, None, None
40.09, [INFO], r1, {'battery-level': '98.05'}, battery_charge, None, None
50.09, [INFO], r1, {'y': 15.501, 'x': -32.538, 'yaw': -3.142}, pose, None, None
50.09, [INFO], r1, {'battery-level': '97.55'}, battery_charge, None, None
60.08, [INFO], r1, {'battery-level': '97.05'}, battery_charge, None, None
60.08, [INFO], r1, {'y': 15.621, 'x': -30.422, 'yaw': -3.138}, pose, None, None
70.05, [INFO], r1, {'y': 15.742, 'x': -28.3, 'yaw': 3.142}, pose, None, None
70.05, [INFO], r1, {'battery-level': '96.55'}, battery_charge, None, None
80.06, [INFO], r1, {'y': 16.156, 'x': -26.214, 'yaw': 3.142}, pose, None, None
80.06, [INFO], r1, {'battery-level': '96.05'}, battery_charge, None, None
90.05, [INFO], r1, {'y': 16.131, 'x': -24.107, 'yaw': 3.142}, pose, None, None
90.05, [INFO], r1, {'battery-level': '95.55'}, battery_charge, None, None
100.03, [INFO], r1, {'battery-level': '95.05'}, battery_charge, None, None
100.03, [INFO], r1, {'y': 16.142, 'x': -22.001, 'yaw': -3.142}, pose, None, None
110.05, [INFO], r1, {'y': 16.237, 'x': -19.883, 'yaw': -3.141}, pose, None, None
110.05, [INFO], r1, {'battery-level': '94.55'}, battery_charge, None, None
120.06, [INFO], r1, {'y': 16.183, 'x': -17.764, 'yaw': 3.142}, pose, None, None
120.06, [INFO], r1, {'battery-level': '94.05'}, battery_charge, None, None
130.04, [INFO], r1, {'y': 16.103, 'x': -15.655, 'yaw': -3.141}, pose, None, None
130.04, [INFO], r1, {'battery-level': '93.55'}, battery_charge, None, None
140.02, [INFO], r1, {'y': 16.5, 'x': -13.617, 'yaw': 3.141}, pose, None, None
140.02, [INFO], r1, {'battery-level': '93.05'}, battery_charge, None, None
150.01, [INFO], r1, {'battery-level': '92.55'}, battery_charge, None, None
150.01, [INFO], r1, {'y': 17.918, 'x': -13.614, 'yaw': 3.14}, pose, None, None
160.08, [INFO], r1, {'battery-level': '92.05'}, battery_charge, None, None
160.08, [INFO], r1, {'y': 17.954, 'x': -13.685, 'yaw': -3.142}, pose, None, None
168.96, [INFO], r1, skill-success, None, navto, None
168.96, [INFO], r1, started skill, None, approach-nurse, None
168.96, [INFO], r1, sent message, None, None, None
168.96, [INFO], r1, skill-success, None, approach-nurse, None
168.96, [INFO], r1, started skill, None, authenticate-nurse, None
168.96, [INFO], r1, sent message, None, None, None
168.96, [INFO], r1, started skill, None, open-drawer, None
168.96, [INFO], r1, sent message, None, None, None
168.96, [INFO], r1, skill-success, None, open-drawer, None
168.96, [INFO], r1, started skill, None, deposit, None
168.96, [INFO], r1, sent message, None, None, None
168.96, [INFO], r1, skill-success, None, deposit, None
168.96, [INFO], r1, started skill, None, close-drawer, None
168.96, [INFO], r1, sent message, None, None, None
168.96, [INFO], r1, skill-success, None, close-drawer, None
168.96, [INFO], r1, started skill, None, navto, None
170.05, [INFO], r1, {'y': 17.842, 'x': -13.648, 'yaw': 3.141}, pose, None, None
170.05, [INFO], r1, {'battery-level': '91.55'}, battery_charge, None, None
180.03, [INFO], r1, {'y': 16.281, 'x': -14.608, 'yaw': 3.141}, pose, None, None
180.03, [INFO], r1, {'battery-level': '91.05'}, battery_charge, None, None
190.06, [INFO], r1, {'y': 16.187, 'x': -16.721, 'yaw': 3.141}, pose, None, None
190.06, [INFO], r1, {'battery-level': '90.55'}, battery_charge, None, None
200.03, [INFO], r1, {'y': 16.212, 'x': -18.83, 'yaw': 3.138}, pose, None, None
200.03, [INFO], r1, {'battery-level': '90.05'}, battery_charge, None, None
210.06, [INFO], r1, {'y': 16.392, 'x': -20.928, 'yaw': 3.141}, pose, None, None
210.06, [INFO], r1, {'battery-level': '89.55'}, battery_charge, None, None
220.04, [INFO], r1, {'y': 16.203, 'x': -23.038, 'yaw': 3.142}, pose, None, None
220.04, [INFO], r1, {'battery-level': '89.05'}, battery_charge, None, None
230.05, [INFO], r1, {'y': 16.133, 'x': -25.145, 'yaw': 3.14}, pose, None, None
230.05, [INFO], r1, {'battery-level': '88.55'}, battery_charge, None, None
240.05, [INFO], r1, {'y': 15.911, 'x': -27.264, 'yaw': -3.142}, pose, None, None
240.05, [INFO], r1, {'battery-level': '88.05'}, battery_charge, None, None
250.07, [INFO], r1, {'y': 15.999, 'x': -29.379, 'yaw': -3.142}, pose, None, None
250.07, [INFO], r1, {'battery-level': '87.55'}, battery_charge, None, None
260.03, [INFO], r1, {'y': 15.931, 'x': -31.481, 'yaw': 3.141}, pose, None, None
260.03, [INFO], r1, {'battery-level': '87.05'}, battery_charge, None, None
270.03, [INFO], r1, {'y': 15.658, 'x': -33.585, 'yaw': -3.137}, pose, None, None
270.03, [INFO], r1, {'battery-level': '86.55'}, battery_charge, None, None
280.03, [INFO], r1, {'y': 15.982, 'x': -35.513, 'yaw': -3.142}, pose, None, None
280.03, [INFO], r1, {'battery-level': '86.05'}, battery_charge, None, None
290.04, [INFO], r1, {'battery-level': '85.55'}, battery_charge, None, None
290.04, [INFO], r1, {'y': 17.952, 'x': -36.055, 'yaw': 3.141}, pose, None, None
300.03, [INFO], r1, {'y': 20.05, 'x': -36.186, 'yaw': -3.142}, pose, None, None
300.03, [INFO], r1, {'battery-level': '85.05'}, battery_charge, None, None
310.04, [INFO], r1, {'y': 22.159, 'x': -36.215, 'yaw': 3.141}, pose, None, None
310.04, [INFO], r1, {'battery-level': '84.55'}, battery_charge, None, None
320.04, [INFO], r1, {'battery-level': '84.05'}, battery_charge, None, None
320.04, [INFO], r1, {'y': 24.266, 'x': -36.255, 'yaw': 3.14}, pose, None, None
330.06, [INFO], r1, {'battery-level': '83.55'}, battery_charge, None, None
330.06, [INFO], r1, {'y': 26.392, 'x': -36.326, 'yaw': 3.14}, pose, None, None
340.04, [INFO], r1, {'y': 28.501, 'x': -36.397, 'yaw': 3.141}, pose, None, None
340.04, [INFO], r1, {'battery-level': '83.05'}, battery_charge, None, None
350.07, [INFO], r1, {'y': 30.615, 'x': -36.455, 'yaw': 3.142}, pose, None, None
350.07, [INFO], r1, {'battery-level': '82.55'}, battery_charge, None, None
360.08, [INFO], r1, {'y': 32.734, 'x': -36.684, 'yaw': -3.142}, pose, None, None
360.08, [INFO], r1, {'battery-level': '82.05'}, battery_charge, None, None
370.09, [INFO], r1, {'battery-level': '81.55'}, battery_charge, None, None
370.09, [INFO], r1, {'y': 34.844, 'x': -36.853, 'yaw': 3.141}, pose, None, None
380.00, [INFO], r1, {'y': 36.092, 'x': -36.993, 'yaw': -3.141}, pose, None, None
380.00, [INFO], r1, {'battery-level': '81.05'}, battery_charge, None, None
382.89, [INFO], r1, skill-success, None, navto, None
382.89, [INFO], r1, started skill, None, approach-arm, None
382.89, [INFO], r1, sent message, None, None, None
382.89, [INFO], r1, skill-success, None, approach-arm, None
382.89, [INFO], r1, started skill, None, open-drawer, None
382.89, [INFO], r1, sent message, None, None, None
382.89, [INFO], r1, skill-success, None, open-drawer, None
382.89, [INFO], r1, started skill, None, pick-up-sample, None
382.89, [INFO], r1, sent message, None, None, None
382.89, [INFO], r1, skill-success, None, pick-up-sample, None
382.89, [INFO], r1, started skill, None, close-drawer, None
382.89, [INFO], r1, sent message, None, None, None
382.89, [INFO], r1, skill-success, None, close-drawer, None
382.89, [WARN], r1, SUCCESS, None, None, None
