9.62, [INFO], r1, started skill, None, navto, None
10.02, [INFO], r1, {'y': 18.93, 'x': -33.916, 'yaw': 3.141}, pose, None, None
10.02, [INFO], r1, {'battery-level': '99.60'}, battery_charge, None, None
20.02, [INFO], r1, {'y': 17.704, 'x': -35.461, 'yaw': -3.141}, pose, None, None
20.02, [INFO], r1, {'battery-level': '99.10'}, battery_charge, None, None
30.05, [INFO], r1, {'battery-level': '98.60'}, battery_charge, None, None
30.05, [INFO], r1, {'y': 16.049, 'x': -36.42, 'yaw': 3.141}, pose, None, None
40.04, [INFO], r1, {'y': 15.386, 'x': -34.433, 'yaw': -3.141}, pose, None, None
40.04, [INFO], r1, {'battery-level': '98.10'}, battery_charge, None, None
50.04, [INFO], r1, {'y': 15.517, 'x': -32.322, 'yaw': 3.141}, pose, None, None
50.04, [INFO], r1, {'battery-level': '97.60'}, battery_charge, None, None
60.03, [INFO], r1, {'battery-level': '97.10'}, battery_charge, None, None
60.03, [INFO], r1, {'y': 15.631, 'x': -30.193, 'yaw': 3.141}, pose, None, None
70.01, [INFO], r1, {'y': 15.803, 'x': -28.085, 'yaw': -3.142}, pose, None, None
70.01, [INFO], r1, {'battery-level': '96.60'}, battery_charge, None, None
80.02, [INFO], r1, {'y': 16.143, 'x': -25.971, 'yaw': 3.141}, pose, None, None
80.02, [INFO], r1, {'battery-level': '96.10'}, battery_charge, None, None
90.05, [INFO], r1, {'y': 16.162, 'x': -23.842, 'yaw': -3.141}, pose, None, None
90.05, [INFO], r1, {'battery-level': '95.60'}, battery_charge, None, None
100.09, [INFO], r1, {'y': 16.149, 'x': -21.707, 'yaw': 3.142}, pose, None, None
100.09, [INFO], r1, {'battery-level': '95.10'}, battery_charge, None, None
110.03, [INFO], r1, {'battery-level': '94.60'}, battery_charge, None, None
110.03, [INFO], r1, {'y': 16.236, 'x': -19.6, 'yaw': 3.142}, pose, None, None
120.07, [INFO], r1, {'y': 16.133, 'x': -17.473, 'yaw': -3.141}, pose, None, None
120.07, [INFO], r1, {'battery-level': '94.10'}, battery_charge, None, None
130.09, [INFO], r1, {'battery-level': '93.60'}, battery_charge, None, None
130.09, [INFO], r1, {'y': 16.063, 'x': -15.352, 'yaw': -3.141}, pose, None, None
140.00, [INFO], r1, {'battery-level': '93.10'}, battery_charge, None, None
140.00, [INFO], r1, {'y': 16.802, 'x': -13.556, 'yaw': -3.142}, pose, None, None
150.09, [INFO], r1, {'y': 17.911, 'x': -13.623, 'yaw': 3.142}, pose, None, None
150.09, [INFO], r1, {'battery-level': '92.60'}, battery_charge, None, None
151.98, [INFO], r1, skill-success, None, navto, None
151.98, [INFO], r1, started skill, None, approach-nurse, None
151.98, [INFO], r1, started skill, None, open-drawer, None
151.98, [INFO], r1, sent message, None, None, None
151.98, [INFO], r1, skill-success, None, open-drawer, None
151.98, [INFO], r1, started skill, None, deposit, None
151.98, [INFO], r1, sent message, None, None, None
152.07, [INFO], r1, skill-success, None, deposit, None
152.07, [INFO], r1, started skill, None, close-drawer, None
152.07, [INFO], r1, sent message, None, None, None
152.07, [INFO], r1, skill-success, None, close-drawer, None
152.07, [INFO], r1, started skill, None, navto, None
160.04, [INFO], r1, {'battery-level': '92.10'}, battery_charge, None, None
160.04, [INFO], r1, {'y': 16.426, 'x': -14.097, 'yaw': -3.141}, pose, None, None
170.02, [INFO], r1, {'battery-level': '91.60'}, battery_charge, None, None
170.02, [INFO], r1, {'y': 16.13, 'x': -16.181, 'yaw': 3.142}, pose, None, None
180.08, [INFO], r1, {'y': 16.12, 'x': -18.305, 'yaw': 3.138}, pose, None, None
180.08, [INFO], r1, {'battery-level': '91.10'}, battery_charge, None, None
190.06, [INFO], r1, {'y': 16.27, 'x': -20.399, 'yaw': 3.142}, pose, None, None
190.06, [INFO], r1, {'battery-level': '90.60'}, battery_charge, None, None
200.09, [INFO], r1, {'y': 16.234, 'x': -22.517, 'yaw': 3.142}, pose, None, None
200.09, [INFO], r1, {'battery-level': '90.10'}, battery_charge, None, None
210.05, [INFO], r1, {'y': 16.096, 'x': -24.61, 'yaw': 3.14}, pose, None, None
210.05, [INFO], r1, {'battery-level': '89.60'}, battery_charge, None, None
220.08, [INFO], r1, {'y': 15.984, 'x': -26.732, 'yaw': 3.142}, pose, None, None
220.08, [INFO], r1, {'battery-level': '89.10'}, battery_charge, None, None
230.05, [INFO], r1, {'y': 15.982, 'x': -28.827, 'yaw': -3.138}, pose, None, None
230.05, [INFO], r1, {'battery-level': '88.60'}, battery_charge, None, None
240.02, [INFO], r1, {'y': 15.913, 'x': -30.935, 'yaw': 3.141}, pose, None, None
240.02, [INFO], r1, {'battery-level': '88.10'}, battery_charge, None, None
250.10, [INFO], r1, {'y': 15.738, 'x': -33.058, 'yaw': -3.142}, pose, None, None
250.10, [INFO], r1, {'battery-level': '87.60'}, battery_charge, None, None
260.06, [INFO], r1, {'y': 15.621, 'x': -35.132, 'yaw': -3.142}, pose, None, None
260.06, [INFO], r1, {'battery-level': '87.10'}, battery_charge, None, None
270.03, [INFO], r1, {'battery-level': '86.60'}, battery_charge, None, None
270.03, [INFO], r1, {'y': 17.426, 'x': -36.119, 'yaw': -3.142}, pose, None, None
280.08, [INFO], r1, {'y': 19.558, 'x': -36.215, 'yaw': 3.142}, pose, None, None
280.08, [INFO], r1, {'battery-level': '86.10'}, battery_charge, None, None
290.08, [INFO], r1, {'y': 21.656, 'x': -36.263, 'yaw': 3.141}, pose, None, None
290.08, [INFO], r1, {'battery-level': '85.60'}, battery_charge, None, None
300.08, [INFO], r1, {'y': 23.767, 'x': -36.319, 'yaw': 3.141}, pose, None, None
300.08, [INFO], r1, {'battery-level': '85.10'}, battery_charge, None, None
310.05, [INFO], r1, {'battery-level': '84.60'}, battery_charge, None, None
310.05, [INFO], r1, {'y': 25.866, 'x': -36.287, 'yaw': 3.141}, pose, None, None
320.06, [INFO], r1, {'y': 27.981, 'x': -36.262, 'yaw': 3.141}, pose, None, None
320.06, [INFO], r1, {'battery-level': '84.10'}, battery_charge, None, None
330.03, [INFO], r1, {'y': 30.08, 'x': -36.343, 'yaw': -3.142}, pose, None, None
330.03, [INFO], r1, {'battery-level': '83.60'}, battery_charge, None, None
340.03, [INFO], r1, {'y': 32.197, 'x': -36.564, 'yaw': -3.141}, pose, None, None
340.03, [INFO], r1, {'battery-level': '83.10'}, battery_charge, None, None
350.06, [INFO], r1, {'y': 34.294, 'x': -36.975, 'yaw': 3.142}, pose, None, None
350.06, [INFO], r1, {'battery-level': '82.60'}, battery_charge, None, None
360.00, [INFO], r1, {'y': 36.04, 'x': -36.969, 'yaw': 3.142}, pose, None, None
360.00, [INFO], r1, {'battery-level': '82.10'}, battery_charge, None, None
364.30, [INFO], r1, skill-success, None, navto, None
364.30, [INFO], r1, started skill, None, approach-arm, None
364.30, [INFO], r1, sent message, None, None, None
364.30, [INFO], r1, skill-success, None, approach-arm, None
364.30, [INFO], r1, started skill, None, open-drawer, None
364.30, [INFO], r1, sent message, None, None, None
364.30, [INFO], r1, skill-success, None, open-drawer, None
364.30, [INFO], r1, started skill, None, pick-up-sample, None
364.30, [INFO], r1, sent message, None, None, None
364.30, [INFO], r1, skill-success, None, pick-up-sample, None
364.30, [INFO], r1, started skill, None, close-drawer, None
364.30, [INFO], r1, sent message, None, None, None
364.30, [INFO], r1, skill-success, None, close-drawer, None
364.30, [WARN], r1, SUCCESS, None, None, None
370.05, [INFO], r1, {'y': 36.059, 'x': -36.973, 'yaw': -3.142}, pose, None, None
370.05, [INFO], r1, {'battery-level': '81.60'}, battery_charge, None, None
