0.19, [DEBUG], logger, ROBOTS_CONFIG={'capabilities': ['approach_person', 'approach_robot', 'authenticate_person', 'navigation', 'operate_drawer'], 'battery_charge': 1, 'nurse_pose': [-11.5, 18.0, -1.57], 'robot_pose': [-33.9, 18.93, 3.14]}, None, None, None
0.19, [DEBUG], logger, Simulation open, None, None, None
10.04, [INFO], r1, {'battery-level': '99.55'}, battery_charge, None, None
10.04, [INFO], r1, {'y': 18.93, 'x': -33.9, 'yaw': 3.142}, pose, None, None
10.82, [INFO], r1, started skill, None, navto, None
20.02, [INFO], r1, {'y': 17.721, 'x': -35.187, 'yaw': 3.142}, pose, None, None
20.02, [INFO], r1, {'battery-level': '99.05'}, battery_charge, None, None
30.02, [INFO], r1, {'battery-level': '98.55'}, battery_charge, None, None
30.02, [INFO], r1, {'y': 16.343, 'x': -36.557, 'yaw': 3.141}, pose, None, None
40.01, [INFO], r1, {'y': 15.454, 'x': -34.781, 'yaw': -3.141}, pose, None, None
40.01, [INFO], r1, {'battery-level': '98.05'}, battery_charge, None, None
50.10, [INFO], r1, {'battery-level': '97.55'}, battery_charge, None, None
50.10, [INFO], r1, {'y': 15.532, 'x': -32.638, 'yaw': 3.142}, pose, None, None
60.09, [INFO], r1, {'y': 15.617, 'x': -30.526, 'yaw': -3.141}, pose, None, None
60.09, [INFO], r1, {'battery-level': '97.05'}, battery_charge, None, None
70.09, [INFO], r1, {'y': 15.794, 'x': -28.428, 'yaw': 3.141}, pose, None, None
70.09, [INFO], r1, {'battery-level': '96.55'}, battery_charge, None, None
80.02, [INFO], r1, {'y': 16.116, 'x': -26.342, 'yaw': -3.141}, pose, None, None
80.02, [INFO], r1, {'battery-level': '96.05'}, battery_charge, None, None
90.00, [INFO], r1, {'y': 16.121, 'x': -24.236, 'yaw': -3.141}, pose, None, None
90.00, [INFO], r1, {'battery-level': '95.55'}, battery_charge, None, None
100.10, [INFO], r1, {'y': 16.164, 'x': -22.1, 'yaw': 3.142}, pose, None, None
100.10, [INFO], r1, {'battery-level': '95.05'}, battery_charge, None, None
110.00, [INFO], r1, {'battery-level': '94.55'}, battery_charge, None, None
110.00, [INFO], r1, {'y': 16.288, 'x': -20.006, 'yaw': 3.141}, pose, None, None
120.03, [INFO], r1, {'y': 16.24, 'x': -17.877, 'yaw': 3.142}, pose, None, None
120.03, [INFO], r1, {'battery-level': '94.05'}, battery_charge, None, None
130.02, [INFO], r1, {'y': 16.117, 'x': -15.777, 'yaw': 3.141}, pose, None, None
130.02, [INFO], r1, {'battery-level': '93.55'}, battery_charge, None, None
140.00, [INFO], r1, {'y': 16.209, 'x': -13.675, 'yaw': 3.14}, pose, None, None
140.00, [INFO], r1, {'battery-level': '93.05'}, battery_charge, None, None
150.10, [INFO], r1, {'y': 17.159, 'x': -11.895, 'yaw': 3.141}, pose, None, None
150.10, [INFO], r1, {'battery-level': '92.55'}, battery_charge, None, None
160.08, [INFO], r1, {'y': 17.968, 'x': -11.541, 'yaw': -3.142}, pose, None, None
160.08, [INFO], r1, {'battery-level': '92.05'}, battery_charge, None, None
161.47, [INFO], r1, skill-success, None, navto, None
161.47, [INFO], r1, started skill, None, approach-nurse, None
161.47, [INFO], r1, sent message, None, None, None
161.57, [INFO], r1, skill-success, None, approach-nurse, None
161.57, [INFO], r1, started skill, None, authenticate-nurse, None
161.57, [INFO], r1, skill-success, None, authenticate-nurse, None
161.57, [INFO], r1, started skill, None, open-drawer, None
161.57, [INFO], r1, sent message, None, None, None
161.57, [INFO], r1, skill-success, None, open-drawer, None
161.57, [INFO], r1, started skill, None, deposit, None
161.57, [INFO], r1, sent message, None, None, None
161.57, [INFO], r1, skill-success, None, deposit, None
161.57, [INFO], r1, started skill, None, close-drawer, None
161.57, [INFO], r1, sent message, None, None, None
161.57, [INFO], r1, skill-success, None, close-drawer, None
161.57, [INFO], r1, started skill, None, navto, None
170.05, [INFO], r1, {'y': 16.475, 'x': -12.403, 'yaw': 3.142}, pose, None, None
170.05, [INFO], r1, {'battery-level': '91.55'}, battery_charge, None, None
180.06, [INFO], r1, {'y': 16.28, 'x': -14.493, 'yaw': -3.142}, pose, None, None
180.06, [INFO], r1, {'battery-level': '91.05'}, battery_charge, None, None
190.07, [INFO], r1, {'y': 16.15, 'x': -16.607, 'yaw': 3.14}, pose, None, None
190.07, [INFO], r1, {'battery-level': '90.55'}, battery_charge, None, None
200.05, [INFO], r1, {'y': 16.262, 'x': -18.704, 'yaw': 3.141}, pose, None, None
200.05, [INFO], r1, {'battery-level': '90.05'}, battery_charge, None, None
210.05, [INFO], r1, {'y': 16.341, 'x': -20.807, 'yaw': 3.141}, pose, None, None
210.05, [INFO], r1, {'battery-level': '89.55'}, battery_charge, None, None
220.06, [INFO], r1, {'y': 16.232, 'x': -22.929, 'yaw': 3.142}, pose, None, None
220.06, [INFO], r1, {'battery-level': '89.05'}, battery_charge, None, None
230.05, [INFO], r1, {'y': 16.139, 'x': -25.029, 'yaw': 3.14}, pose, None, None
230.05, [INFO], r1, {'battery-level': '88.55'}, battery_charge, None, None
240.04, [INFO], r1, {'y': 15.875, 'x': -27.126, 'yaw': 3.141}, pose, None, None
240.04, [INFO], r1, {'battery-level': '88.05'}, battery_charge, None, None
250.03, [INFO], r1, {'battery-level': '87.55'}, battery_charge, None, None
250.03, [INFO], r1, {'y': 15.908, 'x': -29.229, 'yaw': -3.142}, pose, None, None
260.02, [INFO], r1, {'battery-level': '87.05'}, battery_charge, None, None
260.02, [INFO], r1, {'y': 15.801, 'x': -31.334, 'yaw': 3.141}, pose, None, None
270.03, [INFO], r1, {'y': 15.613, 'x': -33.454, 'yaw': 3.141}, pose, None, None
270.03, [INFO], r1, {'battery-level': '86.55'}, battery_charge, None, None
280.04, [INFO], r1, {'y': 15.881, 'x': -35.424, 'yaw': 3.141}, pose, None, None
280.04, [INFO], r1, {'battery-level': '86.05'}, battery_charge, None, None
290.06, [INFO], r1, {'y': 17.824, 'x': -36.062, 'yaw': 3.141}, pose, None, None
290.06, [INFO], r1, {'battery-level': '85.55'}, battery_charge, None, None
300.07, [INFO], r1, {'battery-level': '85.05'}, battery_charge, None, None
300.07, [INFO], r1, {'y': 19.93, 'x': -36.214, 'yaw': 3.141}, pose, None, None
310.08, [INFO], r1, {'y': 22.034, 'x': -36.291, 'yaw': 3.141}, pose, None, None
310.08, [INFO], r1, {'battery-level': '84.55'}, battery_charge, None, None
320.09, [INFO], r1, {'y': 24.16, 'x': -36.258, 'yaw': 3.141}, pose, None, None
320.09, [INFO], r1, {'battery-level': '84.05'}, battery_charge, None, None
330.02, [INFO], r1, {'y': 26.243, 'x': -36.28, 'yaw': 3.141}, pose, None, None
330.02, [INFO], r1, {'battery-level': '83.55'}, battery_charge, None, None
340.01, [INFO], r1, {'y': 28.351, 'x': -36.341, 'yaw': 3.141}, pose, None, None
340.01, [INFO], r1, {'battery-level': '83.05'}, battery_charge, None, None
350.09, [INFO], r1, {'y': 30.479, 'x': -36.437, 'yaw': 3.141}, pose, None, None
350.09, [INFO], r1, {'battery-level': '82.55'}, battery_charge, None, None
360.01, [INFO], r1, {'y': 32.573, 'x': -36.613, 'yaw': 3.142}, pose, None, None
360.01, [INFO], r1, {'battery-level': '82.05'}, battery_charge, None, None
370.02, [INFO], r1, {'y': 34.686, 'x': -36.887, 'yaw': 3.141}, pose, None, None
370.02, [INFO], r1, {'battery-level': '81.55'}, battery_charge, None, None
380.01, [INFO], r1, {'battery-level': '81.05'}, battery_charge, None, None
380.01, [INFO], r1, {'y': 36.071, 'x': -36.986, 'yaw': -3.141}, pose, None, None
385.18, [INFO], r1, skill-success, None, navto, None
385.18, [INFO], r1, started skill, None, approach-arm, None
385.18, [INFO], r1, sent message, None, None, None
385.18, [INFO], r1, skill-success, None, approach-arm, None
385.18, [INFO], r1, started skill, None, open-drawer, None
385.18, [INFO], r1, sent message, None, None, None
385.18, [INFO], r1, skill-success, None, open-drawer, None
385.18, [INFO], r1, started skill, None, pick-up-sample, None
385.18, [INFO], r1, sent message, None, None, None
385.18, [INFO], r1, skill-success, None, pick-up-sample, None
385.18, [INFO], r1, started skill, None, close-drawer, None
385.18, [INFO], r1, sent message, None, None, None
385.18, [INFO], r1, skill-success, None, close-drawer, None
385.18, [WARN], r1, SUCCESS, None, None, None
390.10, [INFO], r1, {'battery-level': '80.55'}, battery_charge, None, None
390.10, [INFO], r1, {'y': 36.095, 'x': -36.979, 'yaw': -3.142}, pose, None, None
