9.55, [INFO], r1, started skill, None, navto, None
10.05, [INFO], r1, {'battery-level': '99.60'}, battery_charge, None, None
10.05, [INFO], r1, {'y': 18.93, 'x': -33.925, 'yaw': 3.141}, pose, None, None
20.09, [INFO], r1, {'y': 17.738, 'x': -35.47, 'yaw': -3.14}, pose, None, None
20.09, [INFO], r1, {'battery-level': '99.10'}, battery_charge, None, None
30.03, [INFO], r1, {'y': 16.087, 'x': -36.419, 'yaw': 3.141}, pose, None, None
30.03, [INFO], r1, {'battery-level': '98.60'}, battery_charge, None, None
40.06, [INFO], r1, {'y': 15.83, 'x': -35.75, 'yaw': -3.138}, pose, None, None
40.06, [INFO], r1, {'battery-level': '98.10'}, battery_charge, None, None
50.09, [INFO], r1, {'y': 15.4, 'x': -35.48, 'yaw': 3.14}, pose, None, None
50.09, [INFO], r1, {'battery-level': '97.60'}, battery_charge, None, None
60.03, [INFO], r1, {'battery-level': '97.10'}, battery_charge, None, None
60.03, [INFO], r1, {'y': 15.647, 'x': -35.486, 'yaw': 3.141}, pose, None, None
70.06, [INFO], r1, {'y': 15.362, 'x': -35.682, 'yaw': 3.141}, pose, None, None
70.06, [INFO], r1, {'battery-level': '96.60'}, battery_charge, None, None
80.09, [INFO], r1, {'y': 15.68, 'x': -35.432, 'yaw': 3.141}, pose, None, None
80.09, [INFO], r1, {'battery-level': '96.10'}, battery_charge, None, None
90.03, [INFO], r1, {'y': 15.774, 'x': -35.498, 'yaw': 3.141}, pose, None, None
90.03, [INFO], r1, {'battery-level': '95.60'}, battery_charge, None, None
100.06, [INFO], r1, {'y': 15.777, 'x': -35.636, 'yaw': -3.142}, pose, None, None
100.06, [INFO], r1, {'battery-level': '95.10'}, battery_charge, None, None
110.10, [INFO], r1, {'y': 15.725, 'x': -35.575, 'yaw': -3.141}, pose, None, None
110.10, [INFO], r1, {'battery-level': '94.60'}, battery_charge, None, None
120.03, [INFO], r1, {'y': 15.438, 'x': -35.488, 'yaw': -3.141}, pose, None, None
120.03, [INFO], r1, {'battery-level': '94.10'}, battery_charge, None, None
130.07, [INFO], r1, {'y': 15.783, 'x': -35.282, 'yaw': -3.142}, pose, None, None
130.07, [INFO], r1, {'battery-level': '93.60'}, battery_charge, None, None
140.10, [INFO], r1, {'y': 15.847, 'x': -35.638, 'yaw': -3.141}, pose, None, None
140.10, [INFO], r1, {'battery-level': '93.10'}, battery_charge, None, None
150.03, [INFO], r1, {'battery-level': '92.60'}, battery_charge, None, None
150.03, [INFO], r1, {'y': 15.435, 'x': -35.594, 'yaw': 3.141}, pose, None, None
160.07, [INFO], r1, {'battery-level': '92.10'}, battery_charge, None, None
160.07, [INFO], r1, {'y': 15.533, 'x': -35.486, 'yaw': 3.141}, pose, None, None
170.00, [INFO], r1, {'y': 15.477, 'x': -35.434, 'yaw': -3.141}, pose, None, None
170.00, [INFO], r1, {'battery-level': '91.60'}, battery_charge, None, None
180.03, [INFO], r1, {'battery-level': '91.10'}, battery_charge, None, None
180.03, [INFO], r1, {'y': 15.373, 'x': -35.4, 'yaw': 3.141}, pose, None, None
190.08, [INFO], r1, {'y': 15.744, 'x': -35.59, 'yaw': 3.141}, pose, None, None
190.08, [INFO], r1, {'battery-level': '90.60'}, battery_charge, None, None
195.40, [WARN], r1, SKILL-FAILURE, None, navto, None
200.01, [INFO], r1, {'y': 15.498, 'x': -35.451, 'yaw': 3.142}, pose, None, None
200.01, [INFO], r1, {'battery-level': '90.10'}, battery_charge, None, None
