9.92, [INFO], r1, started skill, None, navto, None
10.01, [INFO], r1, {'y': 25.37, 'x': -40.23, 'yaw': -3.142}, pose, None, None
10.01, [INFO], r1, {'battery-level': '24.55'}, battery_charge, None, None
20.07, [INFO], r1, {'y': 23.796, 'x': -38.887, 'yaw': 3.141}, pose, None, None
20.07, [INFO], r1, {'battery-level': '24.05'}, battery_charge, None, None
30.07, [INFO], r1, {'y': 22.439, 'x': -37.362, 'yaw': 3.141}, pose, None, None
30.07, [INFO], r1, {'battery-level': '23.55'}, battery_charge, None, None
40.02, [INFO], r1, {'battery-level': '23.05'}, battery_charge, None, None
40.02, [INFO], r1, {'y': 20.329, 'x': -37.286, 'yaw': 3.141}, pose, None, None
50.05, [INFO], r1, {'y': 18.208, 'x': -37.13, 'yaw': 3.141}, pose, None, None
50.05, [INFO], r1, {'battery-level': '22.55'}, battery_charge, None, None
60.08, [INFO], r1, {'battery-level': '22.05'}, battery_charge, None, None
60.08, [INFO], r1, {'y': 16.096, 'x': -36.952, 'yaw': 3.142}, pose, None, None
70.07, [INFO], r1, {'y': 15.503, 'x': -34.937, 'yaw': -3.141}, pose, None, None
70.07, [INFO], r1, {'battery-level': '21.55'}, battery_charge, None, None
80.01, [INFO], r1, {'y': 15.483, 'x': -32.836, 'yaw': -3.142}, pose, None, None
80.01, [INFO], r1, {'battery-level': '21.05'}, battery_charge, None, None
90.02, [INFO], r1, {'y': 15.521, 'x': -30.726, 'yaw': 3.141}, pose, None, None
90.02, [INFO], r1, {'battery-level': '20.55'}, battery_charge, None, None
100.03, [INFO], r1, {'y': 15.715, 'x': -28.614, 'yaw': 3.138}, pose, None, None
100.03, [INFO], r1, {'battery-level': '20.05'}, battery_charge, None, None
110.04, [INFO], r1, {'y': 16.799, 'x': -27.059, 'yaw': 3.141}, pose, None, None
110.04, [INFO], r1, {'battery-level': '19.55'}, battery_charge, None, None
120.02, [INFO], r1, {'battery-level': '19.05'}, battery_charge, None, None
120.02, [INFO], r1, {'y': 17.929, 'x': -27.186, 'yaw': -3.141}, pose, None, None
124.14, [INFO], r1, skill-success, None, navto, None
124.14, [INFO], r1, started skill, None, approach-nurse, None
124.14, [INFO], r1, sent message, None, None, None
124.14, [INFO], r1, skill-success, None, approach-nurse, None
124.14, [INFO], r1, started skill, None, open-drawer, None
124.14, [INFO], r1, sent message, None, None, None
124.14, [INFO], r1, skill-success, None, open-drawer, None
124.14, [INFO], r1, started skill, None, deposit, None
124.14, [INFO], r1, sent message, None, None, None
124.14, [INFO], r1, skill-success, None, deposit, None
124.14, [INFO], r1, started skill, None, close-drawer, None
124.14, [INFO], r1, sent message, None, None, None
124.14, [INFO], r1, skill-success, None, close-drawer, None
124.14, [INFO], r1, started skill, None, navto, None
130.07, [INFO], r1, {'y': 16.764, 'x': -27.003, 'yaw': 3.142}, pose, None, None
130.07, [INFO], r1, {'battery-level': '18.55'}, battery_charge, None, None
140.08, [INFO], r1, {'y': 16.105, 'x': -28.612, 'yaw': 3.142}, pose, None, None
140.08, [INFO], r1, {'battery-level': '18.05'}, battery_charge, None, None
150.02, [INFO], r1, {'battery-level': '17.55'}, battery_charge, None, None
150.02, [INFO], r1, {'y': 16.074, 'x': -30.71, 'yaw': 3.142}, pose, None, None
160.03, [INFO], r1, {'y': 15.817, 'x': -32.832, 'yaw': -3.142}, pose, None, None
160.03, [INFO], r1, {'battery-level': '17.05'}, battery_charge, None, None
170.07, [INFO], r1, {'battery-level': '16.55'}, battery_charge, None, None
170.07, [INFO], r1, {'y': 15.467, 'x': -34.943, 'yaw': 3.142}, pose, None, None
180.07, [INFO], r1, {'y': 17.164, 'x': -36.087, 'yaw': 3.142}, pose, None, None
180.07, [INFO], r1, {'battery-level': '16.05'}, battery_charge, None, None
190.05, [INFO], r1, {'battery-level': '15.55'}, battery_charge, None, None
190.05, [INFO], r1, {'y': 19.271, 'x': -36.179, 'yaw': 3.139}, pose, None, None
200.04, [INFO], r1, {'y': 21.386, 'x': -36.224, 'yaw': 3.141}, pose, None, None
200.04, [INFO], r1, {'battery-level': '15.05'}, battery_charge, None, None
210.06, [INFO], r1, {'y': 23.506, 'x': -36.318, 'yaw': 3.141}, pose, None, None
210.06, [INFO], r1, {'battery-level': '14.55'}, battery_charge, None, None
220.00, [INFO], r1, {'y': 25.594, 'x': -36.269, 'yaw': 3.141}, pose, None, None
220.00, [INFO], r1, {'battery-level': '14.05'}, battery_charge, None, None
230.04, [INFO], r1, {'y': 27.716, 'x': -36.276, 'yaw': 3.142}, pose, None, None
230.04, [INFO], r1, {'battery-level': '13.55'}, battery_charge, None, None
240.08, [INFO], r1, {'y': 29.851, 'x': -36.376, 'yaw': 3.141}, pose, None, None
240.08, [INFO], r1, {'battery-level': '13.05'}, battery_charge, None, None
250.08, [INFO], r1, {'y': 31.959, 'x': -36.565, 'yaw': 3.141}, pose, None, None
250.08, [INFO], r1, {'battery-level': '12.55'}, battery_charge, None, None
260.05, [INFO], r1, {'battery-level': '12.05'}, battery_charge, None, None
260.05, [INFO], r1, {'y': 34.051, 'x': -36.909, 'yaw': 3.141}, pose, None, None
270.00, [INFO], r1, {'y': 35.958, 'x': -36.934, 'yaw': 3.142}, pose, None, None
270.00, [INFO], r1, {'battery-level': '11.55'}, battery_charge, None, None
276.98, [INFO], r1, skill-success, None, navto, None
276.98, [INFO], r1, started skill, None, approach-arm, None
276.98, [INFO], r1, sent message, None, None, None
276.98, [INFO], r1, skill-success, None, approach-arm, None
276.98, [INFO], r1, started skill, None, open-drawer, None
276.98, [INFO], r1, sent message, None, None, None
276.98, [INFO], r1, skill-success, None, open-drawer, None
277.08, [INFO], r1, started skill, None, pick-up-sample, None
277.08, [INFO], r1, sent message, None, None, None
277.08, [INFO], r1, skill-success, None, pick-up-sample, None
277.08, [INFO], r1, started skill, None, close-drawer, None
277.08, [INFO], r1, sent message, None, None, None
277.08, [INFO], r1, skill-success, None, close-drawer, None
277.08, [WARN], r1, SUCCESS, None, None, None
280.08, [INFO], r1, {'y': 36.058, 'x': -36.958, 'yaw': 3.142}, pose, None, None
280.08, [INFO], r1, {'battery-level': '11.05'}, battery_charge, None, None
