9.59, [INFO], r1, started skill, None, navto, None
10.07, [INFO], r1, {'y': 25.37, 'x': -40.193, 'yaw': 3.141}, pose, None, None
10.07, [INFO], r1, {'battery-level': '24.60'}, battery_charge, None, None
20.01, [INFO], r1, {'battery-level': '24.10'}, battery_charge, None, None
20.01, [INFO], r1, {'y': 23.728, 'x': -38.863, 'yaw': -3.142}, pose, None, None
30.09, [INFO], r1, {'y': 22.367, 'x': -37.34, 'yaw': -3.142}, pose, None, None
30.09, [INFO], r1, {'battery-level': '23.60'}, battery_charge, None, None
40.03, [INFO], r1, {'y': 20.258, 'x': -37.242, 'yaw': 3.141}, pose, None, None
40.03, [INFO], r1, {'battery-level': '23.10'}, battery_charge, None, None
50.06, [INFO], r1, {'battery-level': '22.60'}, battery_charge, None, None
50.06, [INFO], r1, {'y': 18.136, 'x': -37.134, 'yaw': -3.142}, pose, None, None
60.05, [INFO], r1, {'battery-level': '22.10'}, battery_charge, None, None
60.05, [INFO], r1, {'y': 16.239, 'x': -36.727, 'yaw': 3.141}, pose, None, None
70.09, [INFO], r1, {'battery-level': '21.60'}, battery_charge, None, None
70.09, [INFO], r1, {'y': 15.484, 'x': -34.699, 'yaw': 3.142}, pose, None, None
80.08, [INFO], r1, {'battery-level': '21.10'}, battery_charge, None, None
80.08, [INFO], r1, {'y': 15.57, 'x': -32.587, 'yaw': 3.142}, pose, None, None
90.03, [INFO], r1, {'battery-level': '20.60'}, battery_charge, None, None
90.03, [INFO], r1, {'y': 15.602, 'x': -30.485, 'yaw': -3.142}, pose, None, None
100.04, [INFO], r1, {'battery-level': '20.10'}, battery_charge, None, None
100.04, [INFO], r1, {'y': 15.777, 'x': -28.362, 'yaw': 3.141}, pose, None, None
110.03, [INFO], r1, {'y': 16.071, 'x': -26.271, 'yaw': 3.142}, pose, None, None
110.03, [INFO], r1, {'battery-level': '19.60'}, battery_charge, None, None
120.07, [INFO], r1, {'battery-level': '19.10'}, battery_charge, None, None
120.07, [INFO], r1, {'y': 16.005, 'x': -24.154, 'yaw': 3.141}, pose, None, None
130.07, [INFO], r1, {'battery-level': '18.60'}, battery_charge, None, None
130.07, [INFO], r1, {'y': 16.175, 'x': -22.038, 'yaw': 3.142}, pose, None, None
140.09, [INFO], r1, {'y': 17.507, 'x': -20.865, 'yaw': 3.142}, pose, None, None
140.09, [INFO], r1, {'battery-level': '18.10'}, battery_charge, None, None
150.06, [INFO], r1, {'battery-level': '17.60'}, battery_charge, None, None
150.06, [INFO], r1, {'y': 17.989, 'x': -21.072, 'yaw': 3.14}, pose, None, None
154.29, [INFO], r1, skill-success, None, navto, None
154.29, [INFO], r1, started skill, None, approach-nurse, None
154.29, [INFO], r1, sent message, None, None, None
154.29, [INFO], r1, skill-success, None, approach-nurse, None
154.29, [INFO], r1, started skill, None, authenticate-nurse, None
154.29, [INFO], r1, sent message, None, None, None
154.29, [INFO], r1, started skill, None, open-drawer, None
154.29, [INFO], r1, sent message, None, None, None
154.29, [INFO], r1, skill-success, None, open-drawer, None
154.29, [INFO], r1, started skill, None, deposit, None
154.29, [INFO], r1, sent message, None, None, None
154.29, [INFO], r1, skill-success, None, deposit, None
154.29, [INFO], r1, started skill, None, close-drawer, None
154.29, [INFO], r1, sent message, None, None, None
154.38, [INFO], r1, skill-success, None, close-drawer, None
154.38, [INFO], r1, started skill, None, navto, None
160.04, [INFO], r1, {'y': 16.841, 'x': -21.085, 'yaw': -3.138}, pose, None, None
160.04, [INFO], r1, {'battery-level': '17.10'}, battery_charge, None, None
170.07, [INFO], r1, {'y': 16.2, 'x': -22.994, 'yaw': -3.142}, pose, None, None
170.07, [INFO], r1, {'battery-level': '16.60'}, battery_charge, None, None
180.00, [INFO], r1, {'battery-level': '16.10'}, battery_charge, None, None
180.00, [INFO], r1, {'y': 16.145, 'x': -25.082, 'yaw': 3.141}, pose, None, None
190.02, [INFO], r1, {'y': 15.845, 'x': -27.191, 'yaw': -3.142}, pose, None, None
190.02, [INFO], r1, {'battery-level': '15.60'}, battery_charge, None, None
200.05, [INFO], r1, {'battery-level': '15.10'}, battery_charge, None, None
200.05, [INFO], r1, {'y': 15.938, 'x': -29.3, 'yaw': 3.142}, pose, None, None
210.06, [INFO], r1, {'y': 15.786, 'x': -31.415, 'yaw': 3.141}, pose, None, None
210.06, [INFO], r1, {'battery-level': '14.60'}, battery_charge, None, None
220.07, [INFO], r1, {'y': 15.628, 'x': -33.542, 'yaw': -3.138}, pose, None, None
220.07, [INFO], r1, {'battery-level': '14.10'}, battery_charge, None, None
230.01, [INFO], r1, {'y': 15.895, 'x': -35.51, 'yaw': 3.142}, pose, None, None
230.01, [INFO], r1, {'battery-level': '13.60'}, battery_charge, None, None
240.01, [INFO], r1, {'battery-level': '13.10'}, battery_charge, None, None
240.01, [INFO], r1, {'y': 17.863, 'x': -36.095, 'yaw': 3.142}, pose, None, None
250.09, [INFO], r1, {'battery-level': '12.60'}, battery_charge, None, None
250.09, [INFO], r1, {'y': 19.978, 'x': -36.209, 'yaw': -3.142}, pose, None, None
260.03, [INFO], r1, {'y': 22.084, 'x': -36.293, 'yaw': 3.141}, pose, None, None
260.03, [INFO], r1, {'battery-level': '12.10'}, battery_charge, None, None
270.07, [INFO], r1, {'y': 24.21, 'x': -36.352, 'yaw': 3.14}, pose, None, None
270.07, [INFO], r1, {'battery-level': '11.60'}, battery_charge, None, None
280.06, [INFO], r1, {'battery-level': '11.10'}, battery_charge, None, None
280.06, [INFO], r1, {'y': 26.337, 'x': -36.32, 'yaw': 3.141}, pose, None, None
290.06, [INFO], r1, {'y': 28.448, 'x': -36.365, 'yaw': 3.142}, pose, None, None
290.06, [INFO], r1, {'battery-level': '10.60'}, battery_charge, None, None
300.08, [INFO], r1, {'y': 30.572, 'x': -36.473, 'yaw': -3.142}, pose, None, None
300.08, [INFO], r1, {'battery-level': '10.10'}, battery_charge, None, None
310.02, [INFO], r1, {'y': 32.674, 'x': -36.664, 'yaw': 3.142}, pose, None, None
310.02, [INFO], r1, {'battery-level': '9.60'}, battery_charge, None, None
320.08, [INFO], r1, {'y': 34.779, 'x': -36.872, 'yaw': -3.138}, pose, None, None
320.08, [INFO], r1, {'battery-level': '9.10'}, battery_charge, None, None
330.03, [INFO], r1, {'battery-level': '8.60'}, battery_charge, None, None
330.03, [INFO], r1, {'y': 36.082, 'x': -36.938, 'yaw': -3.141}, pose, None, None
333.12, [INFO], r1, skill-success, None, navto, None
333.12, [INFO], r1, started skill, None, approach-arm, None
333.12, [INFO], r1, sent message, None, None, None
333.12, [INFO], r1, skill-success, None, approach-arm, None
333.12, [INFO], r1, started skill, None, open-drawer, None
333.12, [INFO], r1, sent message, None, None, None
333.12, [INFO], r1, skill-success, None, open-drawer, None
333.12, [INFO], r1, started skill, None, pick-up-sample, None
333.12, [INFO], r1, sent message, None, None, None
333.12, [INFO], r1, skill-success, None, pick-up-sample, None
333.12, [INFO], r1, started skill, None, close-drawer, None
333.12, [INFO], r1, sent message, None, None, None
333.12, [INFO], r1, skill-success, None, close-drawer, None
333.12, [WARN], r1, SUCCESS, None, None, None
