9.56, [INFO], r1, started skill, None, navto, None
10.05, [INFO], r1, {'y': 25.37, 'x': -40.204, 'yaw': 3.141}, pose, None, None
10.05, [INFO], r1, {'battery-level': '24.55'}, battery_charge, None, None
20.06, [INFO], r1, {'battery-level': '24.05'}, battery_charge, None, None
20.06, [INFO], r1, {'y': 23.711, 'x': -38.858, 'yaw': 3.142}, pose, None, None
30.03, [INFO], r1, {'battery-level': '23.55'}, battery_charge, None, None
30.03, [INFO], r1, {'y': 22.364, 'x': -37.345, 'yaw': -3.142}, pose, None, None
40.06, [INFO], r1, {'y': 20.242, 'x': -37.23, 'yaw': 3.141}, pose, None, None
40.06, [INFO], r1, {'battery-level': '23.05'}, battery_charge, None, None
50.04, [INFO], r1, {'y': 18.128, 'x': -37.141, 'yaw': 3.141}, pose, None, None
50.04, [INFO], r1, {'battery-level': '22.55'}, battery_charge, None, None
60.06, [INFO], r1, {'y': 16.032, 'x': -36.926, 'yaw': 3.141}, pose, None, None
60.06, [INFO], r1, {'battery-level': '22.05'}, battery_charge, None, None
70.09, [INFO], r1, {'y': 15.492, 'x': -34.872, 'yaw': -3.141}, pose, None, None
70.09, [INFO], r1, {'battery-level': '21.55'}, battery_charge, None, None
80.09, [INFO], r1, {'y': 15.481, 'x': -32.763, 'yaw': -3.137}, pose, None, None
80.09, [INFO], r1, {'battery-level': '21.05'}, battery_charge, None, None
90.08, [INFO], r1, {'y': 15.565, 'x': -30.65, 'yaw': -3.141}, pose, None, None
90.08, [INFO], r1, {'battery-level': '20.55'}, battery_charge, None, None
100.00, [INFO], r1, {'y': 15.779, 'x': -28.565, 'yaw': 3.141}, pose, None, None
100.00, [INFO], r1, {'battery-level': '20.05'}, battery_charge, None, None
110.00, [INFO], r1, {'y': 15.978, 'x': -26.448, 'yaw': 3.14}, pose, None, None
110.00, [INFO], r1, {'battery-level': '19.55'}, battery_charge, None, None
120.01, [INFO], r1, {'battery-level': '19.05'}, battery_charge, None, None
120.01, [INFO], r1, {'y': 16.131, 'x': -24.348, 'yaw': -3.141}, pose, None, None
130.02, [INFO], r1, {'y': 16.152, 'x': -22.238, 'yaw': 3.142}, pose, None, None
130.02, [INFO], r1, {'battery-level': '18.55'}, battery_charge, None, None
140.03, [INFO], r1, {'y': 16.311, 'x': -20.127, 'yaw': 3.142}, pose, None, None
140.03, [INFO], r1, {'battery-level': '18.05'}, battery_charge, None, None
150.03, [INFO], r1, {'battery-level': '17.55'}, battery_charge, None, None
150.03, [INFO], r1, {'y': 17.857, 'x': -19.072, 'yaw': 3.141}, pose, None, None
160.04, [INFO], r1, {'y': 18.031, 'x': -18.97, 'yaw': 3.142}, pose, None, None
160.04, [INFO], r1, {'battery-level': '17.05'}, battery_charge, None, None
163.58, [INFO], r1, skill-success, None, navto, None
163.58, [INFO], r1, started skill, None, approach-nurse, None
163.58, [INFO], r1, sent message, None, None, None
163.58, [INFO], r1, skill-success, None, approach-nurse, None
163.58, [INFO], r1, started skill, None, authenticate-nurse, None
163.58, [INFO], r1, sent message, None, None, None
163.58, [INFO], r1, started skill, None, open-drawer, None
163.58, [INFO], r1, sent message, None, None, None
163.58, [INFO], r1, skill-success, None, open-drawer, None
163.58, [INFO], r1, started skill, None, deposit, None
163.58, [INFO], r1, sent message, None, None, None
163.58, [INFO], r1, skill-success, None, deposit, None
163.58, [INFO], r1, started skill, None, close-drawer, None
163.58, [INFO], r1, sent message, None, None, None
163.58, [INFO], r1, skill-success, None, close-drawer, None
163.58, [INFO], r1, started skill, None, navto, None
170.00, [INFO], r1, {'battery-level': '16.55'}, battery_charge, None, None
170.00, [INFO], r1, {'y': 16.848, 'x': -19.486, 'yaw': -3.141}, pose, None, None
180.05, [INFO], r1, {'battery-level': '16.05'}, battery_charge, None, None
180.05, [INFO], r1, {'y': 16.304, 'x': -21.375, 'yaw': 3.142}, pose, None, None
190.04, [INFO], r1, {'battery-level': '15.55'}, battery_charge, None, None
190.04, [INFO], r1, {'y': 16.202, 'x': -23.494, 'yaw': 3.141}, pose, None, None
200.05, [INFO], r1, {'y': 16.178, 'x': -25.607, 'yaw': 3.141}, pose, None, None
200.05, [INFO], r1, {'battery-level': '15.05'}, battery_charge, None, None
210.08, [INFO], r1, {'y': 16.015, 'x': -27.723, 'yaw': -3.142}, pose, None, None
210.08, [INFO], r1, {'battery-level': '14.55'}, battery_charge, None, None
220.01, [INFO], r1, {'battery-level': '14.05'}, battery_charge, None, None
220.01, [INFO], r1, {'y': 16.038, 'x': -29.821, 'yaw': -3.14}, pose, None, None
230.01, [INFO], r1, {'y': 15.844, 'x': -31.95, 'yaw': -3.142}, pose, None, None
230.01, [INFO], r1, {'battery-level': '13.55'}, battery_charge, None, None
240.03, [INFO], r1, {'y': 15.505, 'x': -34.054, 'yaw': 3.142}, pose, None, None
240.03, [INFO], r1, {'battery-level': '13.05'}, battery_charge, None, None
250.07, [INFO], r1, {'y': 16.409, 'x': -35.824, 'yaw': 3.141}, pose, None, None
250.07, [INFO], r1, {'battery-level': '12.55'}, battery_charge, None, None
260.03, [INFO], r1, {'y': 18.468, 'x': -36.114, 'yaw': -3.141}, pose, None, None
260.03, [INFO], r1, {'battery-level': '12.05'}, battery_charge, None, None
270.06, [INFO], r1, {'y': 20.585, 'x': -36.214, 'yaw': 3.142}, pose, None, None
270.06, [INFO], r1, {'battery-level': '11.55'}, battery_charge, None, None
280.06, [INFO], r1, {'battery-level': '11.05'}, battery_charge, None, None
280.06, [INFO], r1, {'y': 22.701, 'x': -36.343, 'yaw': 3.141}, pose, None, None
290.06, [INFO], r1, {'battery-level': '10.55'}, battery_charge, None, None
290.06, [INFO], r1, {'y': 24.821, 'x': -36.319, 'yaw': 3.141}, pose, None, None
300.00, [INFO], r1, {'battery-level': '10.05'}, battery_charge, None, None
300.00, [INFO], r1, {'y': 26.923, 'x': -36.36, 'yaw': 3.142}, pose, None, None
310.01, [INFO], r1, {'battery-level': '9.55'}, battery_charge, None, None
310.01, [INFO], r1, {'y': 29.049, 'x': -36.398, 'yaw': 3.139}, pose, None, None
320.02, [INFO], r1, {'y': 31.158, 'x': -36.482, 'yaw': 3.142}, pose, None, None
320.02, [INFO], r1, {'battery-level': '9.05'}, battery_charge, None, None
330.08, [INFO], r1, {'y': 33.276, 'x': -36.778, 'yaw': 3.141}, pose, None, None
330.08, [INFO], r1, {'battery-level': '8.55'}, battery_charge, None, None
340.09, [INFO], r1, {'y': 35.373, 'x': -36.901, 'yaw': 3.141}, pose, None, None
340.09, [INFO], r1, {'battery-level': '8.05'}, battery_charge, None, None
350.06, [INFO], r1, {'y': 36.118, 'x': -36.951, 'yaw': -3.142}, pose, None, None
350.06, [INFO], r1, {'battery-level': '7.55'}, battery_charge, None, None
350.84, [INFO], r1, skill-success, None, navto, None
350.84, [INFO], r1, started skill, None, approach-arm, None
350.84, [INFO], r1, started skill, None, open-drawer, None
350.84, [INFO], r1, sent message, None, None, None
350.84, [INFO], r1, skill-success, None, open-drawer, None
350.84, [INFO], r1, started skill, None, pick-up-sample, None
350.84, [INFO], r1, sent message, None, None, None
350.84, [INFO], r1, skill-success, None, pick-up-sample, None
350.84, [INFO], r1, started skill, None, close-drawer, None
350.84, [INFO], r1, sent message, None, None, None
350.84, [INFO], r1, skill-success, None, close-drawer, None
350.84, [WARN], r1, SUCCESS, None, None, None
