8.84, [INFO], r1, started skill, None, navto, None
10.09, [INFO], r1, {'y': 25.334, 'x': -40.065, 'yaw': -3.141}, pose, None, None
10.09, [INFO], r1, {'battery-level': '24.55'}, battery_charge, None, None
20.07, [INFO], r1, {'y': 23.598, 'x': -38.749, 'yaw': 3.142}, pose, None, None
20.07, [INFO], r1, {'battery-level': '24.05'}, battery_charge, None, None
30.04, [INFO], r1, {'battery-level': '23.55'}, battery_charge, None, None
30.04, [INFO], r1, {'y': 22.2, 'x': -37.376, 'yaw': 3.141}, pose, None, None
40.08, [INFO], r1, {'y': 20.083, 'x': -37.264, 'yaw': 3.136}, pose, None, None
40.08, [INFO], r1, {'battery-level': '23.05'}, battery_charge, None, None
50.05, [INFO], r1, {'y': 17.987, 'x': -37.118, 'yaw': 3.142}, pose, None, None
50.05, [INFO], r1, {'battery-level': '22.55'}, battery_charge, None, None
60.04, [INFO], r1, {'y': 15.949, 'x': -36.82, 'yaw': 3.141}, pose, None, None
60.04, [INFO], r1, {'battery-level': '22.05'}, battery_charge, None, None
70.03, [INFO], r1, {'y': 15.427, 'x': -34.753, 'yaw': -3.142}, pose, None, None
70.03, [INFO], r1, {'battery-level': '21.55'}, battery_charge, None, None
80.03, [INFO], r1, {'y': 15.515, 'x': -32.626, 'yaw': 3.141}, pose, None, None
80.03, [INFO], r1, {'battery-level': '21.05'}, battery_charge, None, None
90.09, [INFO], r1, {'battery-level': '20.55'}, battery_charge, None, None
90.09, [INFO], r1, {'y': 15.601, 'x': -30.496, 'yaw': -3.141}, pose, None, None
100.06, [INFO], r1, {'y': 15.756, 'x': -28.391, 'yaw': 3.141}, pose, None, None
100.06, [INFO], r1, {'battery-level': '20.05'}, battery_charge, None, None
110.01, [INFO], r1, {'y': 16.162, 'x': -26.306, 'yaw': 3.142}, pose, None, None
110.01, [INFO], r1, {'battery-level': '19.55'}, battery_charge, None, None
120.09, [INFO], r1, {'battery-level': '19.05'}, battery_charge, None, None
120.09, [INFO], r1, {'y': 16.178, 'x': -24.178, 'yaw': 3.142}, pose, None, None
130.04, [INFO], r1, {'y': 16.156, 'x': -22.078, 'yaw': 3.142}, pose, None, None
130.04, [INFO], r1, {'battery-level': '18.55'}, battery_charge, None, None
140.04, [INFO], r1, {'battery-level': '18.05'}, battery_charge, None, None
140.04, [INFO], r1, {'y': 16.332, 'x': -19.971, 'yaw': -3.139}, pose, None, None
150.01, [INFO], r1, {'battery-level': '17.55'}, battery_charge, None, None
150.01, [INFO], r1, {'y': 17.878, 'x': -19.084, 'yaw': 3.141}, pose, None, None
160.07, [INFO], r1, {'y': 17.923, 'x': -18.991, 'yaw': 3.141}, pose, None, None
160.07, [INFO], r1, {'battery-level': '17.05'}, battery_charge, None, None
168.15, [INFO], r1, skill-success, None, navto, None
168.15, [INFO], r1, started skill, None, approach-nurse, None
168.24, [INFO], r1, sent message, None, None, None
168.24, [INFO], r1, started skill, None, open-drawer, None
168.24, [INFO], r1, sent message, None, None, None
168.24, [INFO], r1, skill-success, None, open-drawer, None
168.24, [INFO], r1, started skill, None, deposit, None
168.24, [INFO], r1, sent message, None, None, None
168.24, [INFO], r1, skill-success, None, deposit, None
168.24, [INFO], r1, started skill, None, close-drawer, None
168.24, [INFO], r1, sent message, None, None, None
168.24, [INFO], r1, skill-success, None, close-drawer, None
168.24, [INFO], r1, started skill, None, navto, None
170.06, [INFO], r1, {'y': 17.708, 'x': -19.123, 'yaw': 3.138}, pose, None, None
170.06, [INFO], r1, {'battery-level': '16.55'}, battery_charge, None, None
180.01, [INFO], r1, {'y': 16.385, 'x': -20.449, 'yaw': -3.142}, pose, None, None
180.01, [INFO], r1, {'battery-level': '16.05'}, battery_charge, None, None
190.09, [INFO], r1, {'battery-level': '15.55'}, battery_charge, None, None
190.09, [INFO], r1, {'y': 16.231, 'x': -22.591, 'yaw': 3.141}, pose, None, None
200.04, [INFO], r1, {'y': 16.12, 'x': -24.696, 'yaw': 3.14}, pose, None, None
200.04, [INFO], r1, {'battery-level': '15.05'}, battery_charge, None, None
210.02, [INFO], r1, {'y': 16.003, 'x': -26.818, 'yaw': 3.142}, pose, None, None
210.02, [INFO], r1, {'battery-level': '14.55'}, battery_charge, None, None
220.03, [INFO], r1, {'y': 16.027, 'x': -28.944, 'yaw': 3.141}, pose, None, None
220.03, [INFO], r1, {'battery-level': '14.05'}, battery_charge, None, None
230.09, [INFO], r1, {'y': 15.964, 'x': -31.083, 'yaw': 3.14}, pose, None, None
230.09, [INFO], r1, {'battery-level': '13.55'}, battery_charge, None, None
240.09, [INFO], r1, {'y': 15.748, 'x': -33.196, 'yaw': -3.142}, pose, None, None
240.09, [INFO], r1, {'battery-level': '13.05'}, battery_charge, None, None
250.04, [INFO], r1, {'y': 15.681, 'x': -35.248, 'yaw': -3.142}, pose, None, None
250.04, [INFO], r1, {'battery-level': '12.55'}, battery_charge, None, None
260.02, [INFO], r1, {'y': 17.536, 'x': -36.108, 'yaw': -3.142}, pose, None, None
260.02, [INFO], r1, {'battery-level': '12.05'}, battery_charge, None, None
270.05, [INFO], r1, {'battery-level': '11.55'}, battery_charge, None, None
270.05, [INFO], r1, {'y': 19.666, 'x': -36.24, 'yaw': 3.139}, pose, None, None
280.10, [INFO], r1, {'y': 21.793, 'x': -36.309, 'yaw': 3.14}, pose, None, None
280.10, [INFO], r1, {'battery-level': '11.05'}, battery_charge, None, None
290.04, [INFO], r1, {'y': 23.9, 'x': -36.283, 'yaw': 3.141}, pose, None, None
290.04, [INFO], r1, {'battery-level': '10.55'}, battery_charge, None, None
300.08, [INFO], r1, {'y': 26.009, 'x': -36.244, 'yaw': 3.141}, pose, None, None
300.08, [INFO], r1, {'battery-level': '10.05'}, battery_charge, None, None
310.05, [INFO], r1, {'battery-level': '9.55'}, battery_charge, None, None
310.05, [INFO], r1, {'y': 28.122, 'x': -36.305, 'yaw': -3.142}, pose, None, None
320.02, [INFO], r1, {'battery-level': '9.05'}, battery_charge, None, None
320.02, [INFO], r1, {'y': 30.251, 'x': -36.388, 'yaw': -3.142}, pose, None, None
330.00, [INFO], r1, {'y': 32.366, 'x': -36.555, 'yaw': 3.141}, pose, None, None
330.00, [INFO], r1, {'battery-level': '8.55'}, battery_charge, None, None
340.06, [INFO], r1, {'battery-level': '8.05'}, battery_charge, None, None
340.06, [INFO], r1, {'y': 34.478, 'x': -36.95, 'yaw': 3.138}, pose, None, None
350.08, [INFO], r1, {'battery-level': '7.55'}, battery_charge, None, None
350.08, [INFO], r1, {'y': 36.028, 'x': -37.005, 'yaw': 3.142}, pose, None, None
354.36, [INFO], r1, skill-success, None, navto, None
354.36, [INFO], r1, started skill, None, approach-arm, None
354.36, [INFO], r1, sent message, None, None, None
354.36, [INFO], r1, skill-success, None, approach-arm, None
354.36, [INFO], r1, started skill, None, open-drawer, None
354.36, [INFO], r1, sent message, None, None, None
354.36, [INFO], r1, skill-success, None, open-drawer, None
354.36, [INFO], r1, started skill, None, pick-up-sample, None
354.36, [INFO], r1, sent message, None, None, None
354.36, [INFO], r1, skill-success, None, pick-up-sample, None
354.36, [INFO], r1, started skill, None, close-drawer, None
354.36, [INFO], r1, sent message, None, None, None
354.36, [INFO], r1, skill-success, None, close-drawer, None
354.36, [WARN], r1, SUCCESS, None, None, None
360.03, [INFO], r1, {'battery-level': '7.05'}, battery_charge, None, None
360.03, [INFO], r1, {'y': 36.024, 'x': -37.008, 'yaw': -3.142}, pose, None, None
