0.19, [DEBUG], logger, ROBOTS_CONFIG={'capabilities': ['approach_person', 'approach_robot', 'authenticate_person', 'navigation', 'operate_drawer'], 'battery_charge': 0.25, 'nurse_pose': [-13.5, 18.0, -1.57], 'robot_pose': [-40.23, 25.37, 0.0]}, None, None, None
0.19, [DEBUG], logger, Simulation open, None, None, None
10.03, [INFO], r1, {'y': 25.37, 'x': -40.23, 'yaw': 3.142}, pose, None, None
10.03, [INFO], r1, {'battery-level': '24.55'}, battery_charge, None, None
10.62, [INFO], r1, started skill, None, navto, None
20.04, [INFO], r1, {'y': 23.899, 'x': -38.984, 'yaw': -3.142}, pose, None, None
20.04, [INFO], r1, {'battery-level': '24.05'}, battery_charge, None, None
30.06, [INFO], r1, {'battery-level': '23.55'}, battery_charge, None, None
30.06, [INFO], r1, {'y': 22.537, 'x': -37.414, 'yaw': -3.142}, pose, None, None
40.05, [INFO], r1, {'y': 20.435, 'x': -37.243, 'yaw': -3.139}, pose, None, None
40.05, [INFO], r1, {'battery-level': '23.05'}, battery_charge, None, None
50.05, [INFO], r1, {'battery-level': '22.55'}, battery_charge, None, None
50.05, [INFO], r1, {'y': 18.329, 'x': -37.127, 'yaw': 3.141}, pose, None, None
60.05, [INFO], r1, {'y': 16.218, 'x': -37.026, 'yaw': 3.14}, pose, None, None
60.05, [INFO], r1, {'battery-level': '22.05'}, battery_charge, None, None
70.06, [INFO], r1, {'y': 15.489, 'x': -35.026, 'yaw': -3.142}, pose, None, None
70.06, [INFO], r1, {'battery-level': '21.55'}, battery_charge, None, None
80.06, [INFO], r1, {'y': 15.455, 'x': -32.903, 'yaw': 3.141}, pose, None, None
80.06, [INFO], r1, {'battery-level': '21.05'}, battery_charge, None, None
90.07, [INFO], r1, {'battery-level': '20.55'}, battery_charge, None, None
90.07, [INFO], r1, {'y': 15.516, 'x': -30.784, 'yaw': -3.141}, pose, None, None
100.06, [INFO], r1, {'y': 15.68, 'x': -28.683, 'yaw': 3.14}, pose, None, None
100.06, [INFO], r1, {'battery-level': '20.05'}, battery_charge, None, None
110.05, [INFO], r1, {'y': 16.0, 'x': -26.579, 'yaw': -3.139}, pose, None, None
110.05, [INFO], r1, {'battery-level': '19.55'}, battery_charge, None, None
120.03, [INFO], r1, {'y': 15.978, 'x': -24.466, 'yaw': -3.142}, pose, None, None
120.03, [INFO], r1, {'battery-level': '19.05'}, battery_charge, None, None
130.02, [INFO], r1, {'y': 16.051, 'x': -22.357, 'yaw': 3.141}, pose, None, None
130.02, [INFO], r1, {'battery-level': '18.55'}, battery_charge, None, None
140.01, [INFO], r1, {'y': 16.121, 'x': -20.245, 'yaw': 3.142}, pose, None, None
140.01, [INFO], r1, {'battery-level': '18.05'}, battery_charge, None, None
150.03, [INFO], r1, {'y': 16.218, 'x': -18.124, 'yaw': -3.142}, pose, None, None
150.03, [INFO], r1, {'battery-level': '17.55'}, battery_charge, None, None
160.03, [INFO], r1, {'y': 16.12, 'x': -16.018, 'yaw': -3.141}, pose, None, None
160.03, [INFO], r1, {'battery-level': '17.05'}, battery_charge, None, None
170.04, [INFO], r1, {'y': 16.27, 'x': -13.912, 'yaw': 3.142}, pose, None, None
170.04, [INFO], r1, {'battery-level': '16.55'}, battery_charge, None, None
180.02, [INFO], r1, {'y': 17.841, 'x': -13.61, 'yaw': -3.142}, pose, None, None
180.02, [INFO], r1, {'battery-level': '16.05'}, battery_charge, None, None
190.10, [INFO], r1, {'battery-level': '15.55'}, battery_charge, None, None
190.10, [INFO], r1, {'y': 18.01, 'x': -13.663, 'yaw': -3.141}, pose, None, None
196.13, [INFO], r1, skill-success, None, navto, None
196.13, [INFO], r1, started skill, None, approach-nurse, None
196.13, [INFO], r1, sent message, None, None, None
196.13, [INFO], r1, skill-success, None, approach-nurse, None
196.13, [INFO], r1, started skill, None, authenticate-nurse, None
196.13, [INFO], r1, sent message, None, None, None
196.13, [INFO], r1, started skill, None, open-drawer, None
196.13, [INFO], r1, sent message, None, None, None
196.13, [INFO], r1, skill-success, None, open-drawer, None
196.13, [INFO], r1, started skill, None, deposit, None
196.13, [INFO], r1, sent message, None, None, None
196.13, [INFO], r1, skill-success, None, deposit, None
196.13, [INFO], r1, started skill, None, close-drawer, None
196.13, [INFO], r1, sent message, None, None, None
196.13, [INFO], r1, skill-success, None, close-drawer, None
196.13, [INFO], r1, started skill, None, navto, None
200.07, [INFO], r1, {'y': 17.256, 'x': -13.649, 'yaw': 3.142}, pose, None, None
200.07, [INFO], r1, {'battery-level': '15.05'}, battery_charge, None, None
210.01, [INFO], r1, {'battery-level': '14.55'}, battery_charge, None, None
210.01, [INFO], r1, {'y': 16.226, 'x': -15.159, 'yaw': 3.137}, pose, None, None
220.09, [INFO], r1, {'y': 16.171, 'x': -17.282, 'yaw': 3.14}, pose, None, None
220.09, [INFO], r1, {'battery-level': '14.05'}, battery_charge, None, None
230.08, [INFO], r1, {'y': 16.248, 'x': -19.38, 'yaw': 3.142}, pose, None, None
230.08, [INFO], r1, {'battery-level': '13.55'}, battery_charge, None, None
240.06, [INFO], r1, {'y': 16.301, 'x': -21.484, 'yaw': 3.142}, pose, None, None
240.06, [INFO], r1, {'battery-level': '13.05'}, battery_charge, None, None
250.04, [INFO], r1, {'y': 16.159, 'x': -23.592, 'yaw': 3.141}, pose, None, None
250.04, [INFO], r1, {'battery-level': '12.55'}, battery_charge, None, None
260.02, [INFO], r1, {'y': 16.131, 'x': -25.696, 'yaw': 3.14}, pose, None, None
260.02, [INFO], r1, {'battery-level': '12.05'}, battery_charge, None, None
270.03, [INFO], r1, {'battery-level': '11.55'}, battery_charge, None, None
270.03, [INFO], r1, {'y': 16.006, 'x': -27.805, 'yaw': 3.141}, pose, None, None
280.01, [INFO], r1, {'y': 16.073, 'x': -29.914, 'yaw': 3.141}, pose, None, None
280.01, [INFO], r1, {'battery-level': '11.05'}, battery_charge, None, None
290.09, [INFO], r1, {'y': 15.914, 'x': -32.043, 'yaw': 3.14}, pose, None, None
290.09, [INFO], r1, {'battery-level': '10.55'}, battery_charge, None, None
300.08, [INFO], r1, {'y': 15.461, 'x': -34.125, 'yaw': -3.142}, pose, None, None
300.08, [INFO], r1, {'battery-level': '10.05'}, battery_charge, None, None
310.07, [INFO], r1, {'y': 16.364, 'x': -35.859, 'yaw': 3.141}, pose, None, None
310.07, [INFO], r1, {'battery-level': '9.55'}, battery_charge, None, None
320.06, [INFO], r1, {'y': 18.452, 'x': -36.145, 'yaw': 3.138}, pose, None, None
320.06, [INFO], r1, {'battery-level': '9.05'}, battery_charge, None, None
330.07, [INFO], r1, {'battery-level': '8.55'}, battery_charge, None, None
330.07, [INFO], r1, {'y': 20.559, 'x': -36.211, 'yaw': 3.141}, pose, None, None
340.08, [INFO], r1, {'y': 22.679, 'x': -36.293, 'yaw': 3.141}, pose, None, None
340.08, [INFO], r1, {'battery-level': '8.05'}, battery_charge, None, None
350.00, [INFO], r1, {'y': 24.765, 'x': -36.29, 'yaw': 3.141}, pose, None, None
350.00, [INFO], r1, {'battery-level': '7.55'}, battery_charge, None, None
360.00, [INFO], r1, {'battery-level': '7.05'}, battery_charge, None, None
360.00, [INFO], r1, {'y': 26.887, 'x': -36.32, 'yaw': 3.14}, pose, None, None
370.02, [INFO], r1, {'y': 28.987, 'x': -36.383, 'yaw': 3.141}, pose, None, None
370.02, [INFO], r1, {'battery-level': '6.55'}, battery_charge, None, None
380.03, [INFO], r1, {'battery-level': '6.05'}, battery_charge, None, None
380.03, [INFO], r1, {'y': 31.101, 'x': -36.472, 'yaw': 3.142}, pose, None, None
390.04, [INFO], r1, {'y': 33.21, 'x': -36.72, 'yaw': 3.142}, pose, None, None
390.04, [INFO], r1, {'battery-level': '5.55'}, battery_charge, None, None
400.03, [INFO], r1, {'battery-level': '5.05'}, battery_charge, None, None
400.03, [INFO], r1, {'y': 35.321, 'x': -36.905, 'yaw': -3.142}, pose, None, None
402.01, [WARN], r1, LOWBATT, None, None, None
402.01, [WARN], None, end!, None, None, None
409.85, [INFO], r1, skill-success, None, navto, None
409.85, [INFO], r1, started skill, None, approach-arm, None
409.85, [INFO], r1, sent message, None, None, None
409.85, [INFO], r1, skill-success, None, approach-arm, None
409.85, [INFO], r1, started skill, None, open-drawer, None
409.85, [INFO], r1, sent message, None, None, None
409.85, [INFO], r1, skill-success, None, open-drawer, None
409.85, [INFO], r1, started skill, None, pick-up-sample, None
409.85, [INFO], r1, sent message, None, None, None
409.85, [INFO], r1, skill-success, None, pick-up-sample, None
409.85, [INFO], r1, started skill, None, close-drawer, None
409.85, [INFO], r1, sent message, None, None, None
409.85, [INFO], r1, skill-success, None, close-drawer, None
409.85, [WARN], r1, SUCCESS, None, None, None
410.05, [INFO], r1, {'y': 36.178, 'x': -36.967, 'yaw': 3.141}, pose, None, None
