9.18, [INFO], r1, started skill, None, navto, None
10.04, [INFO], r1, {'y': 25.364, 'x': -40.148, 'yaw': 3.14}, pose, None, None
10.04, [INFO], r1, {'battery-level': '24.55'}, battery_charge, None, None
20.04, [INFO], r1, {'y': 23.672, 'x': -38.809, 'yaw': 3.142}, pose, None, None
20.04, [INFO], r1, {'battery-level': '24.05'}, battery_charge, None, None
30.07, [INFO], r1, {'y': 22.235, 'x': -37.392, 'yaw': 3.141}, pose, None, None
30.07, [INFO], r1, {'battery-level': '23.55'}, battery_charge, None, None
40.01, [INFO], r1, {'y': 20.13, 'x': -37.254, 'yaw': -3.137}, pose, None, None
40.01, [INFO], r1, {'battery-level': '23.05'}, battery_charge, None, None
50.09, [INFO], r1, {'y': 18.009, 'x': -37.168, 'yaw': 3.141}, pose, None, None
50.09, [INFO], r1, {'battery-level': '22.55'}, battery_charge, None, None
60.01, [INFO], r1, {'y': 15.951, 'x': -36.869, 'yaw': 3.141}, pose, None, None
60.01, [INFO], r1, {'battery-level': '22.05'}, battery_charge, None, None
70.00, [INFO], r1, {'y': 15.395, 'x': -34.817, 'yaw': -3.141}, pose, None, None
70.00, [INFO], r1, {'battery-level': '21.55'}, battery_charge, None, None
80.08, [INFO], r1, {'y': 15.489, 'x': -32.685, 'yaw': 3.141}, pose, None, None
80.08, [INFO], r1, {'battery-level': '21.05'}, battery_charge, None, None
90.07, [INFO], r1, {'y': 15.539, 'x': -30.568, 'yaw': 3.141}, pose, None, None
90.07, [INFO], r1, {'battery-level': '20.55'}, battery_charge, None, None
100.06, [INFO], r1, {'y': 15.715, 'x': -28.451, 'yaw': -3.141}, pose, None, None
100.06, [INFO], r1, {'battery-level': '20.05'}, battery_charge, None, None
110.05, [INFO], r1, {'y': 16.068, 'x': -26.348, 'yaw': 3.142}, pose, None, None
110.05, [INFO], r1, {'battery-level': '19.55'}, battery_charge, None, None
120.02, [INFO], r1, {'y': 16.163, 'x': -24.259, 'yaw': -3.142}, pose, None, None
120.02, [INFO], r1, {'battery-level': '19.05'}, battery_charge, None, None
130.08, [INFO], r1, {'y': 16.15, 'x': -22.136, 'yaw': 3.142}, pose, None, None
130.08, [INFO], r1, {'battery-level': '18.55'}, battery_charge, None, None
140.06, [INFO], r1, {'y': 16.248, 'x': -20.037, 'yaw': 3.137}, pose, None, None
140.06, [INFO], r1, {'battery-level': '18.05'}, battery_charge, None, None
150.04, [INFO], r1, {'y': 16.213, 'x': -17.933, 'yaw': 3.142}, pose, None, None
150.04, [INFO], r1, {'battery-level': '17.55'}, battery_charge, None, None
160.00, [INFO], r1, {'battery-level': '17.05'}, battery_charge, None, None
160.00, [INFO], r1, {'y': 16.102, 'x': -15.829, 'yaw': 3.141}, pose, None, None
170.09, [INFO], r1, {'battery-level': '16.55'}, battery_charge, None, None
170.09, [INFO], r1, {'y': 16.337, 'x': -13.725, 'yaw': 3.141}, pose, None, None
180.03, [INFO], r1, {'y': 17.866, 'x': -13.664, 'yaw': -3.142}, pose, None, None
180.03, [INFO], r1, {'battery-level': '16.05'}, battery_charge, None, None
190.08, [INFO], r1, {'battery-level': '15.55'}, battery_charge, None, None
190.08, [INFO], r1, {'y': 17.957, 'x': -13.593, 'yaw': -3.142}, pose, None, None
199.66, [INFO], r1, skill-success, None, navto, None
199.66, [INFO], r1, started skill, None, approach-nurse, None
199.66, [INFO], r1, sent message, None, None, None
199.66, [INFO], r1, skill-success, None, approach-nurse, None
199.66, [INFO], r1, started skill, None, authenticate-nurse, None
199.66, [INFO], r1, sent message, None, None, None
199.66, [INFO], r1, started skill, None, open-drawer, None
199.66, [INFO], r1, sent message, None, None, None
199.66, [INFO], r1, skill-success, None, open-drawer, None
199.66, [INFO], r1, started skill, None, deposit, None
199.66, [INFO], r1, sent message, None, None, None
199.66, [INFO], r1, skill-success, None, deposit, None
199.66, [INFO], r1, started skill, None, close-drawer, None
199.66, [INFO], r1, sent message, None, None, None
199.75, [INFO], r1, skill-success, None, close-drawer, None
199.75, [INFO], r1, started skill, None, navto, None
200.04, [INFO], r1, {'y': 17.93, 'x': -13.632, 'yaw': 3.14}, pose, None, None
200.04, [INFO], r1, {'battery-level': '15.05'}, battery_charge, None, None
210.08, [INFO], r1, {'battery-level': '14.55'}, battery_charge, None, None
210.08, [INFO], r1, {'y': 16.271, 'x': -14.49, 'yaw': 3.142}, pose, None, None
220.06, [INFO], r1, {'y': 16.131, 'x': -16.585, 'yaw': 3.141}, pose, None, None
220.06, [INFO], r1, {'battery-level': '14.05'}, battery_charge, None, None
230.02, [INFO], r1, {'y': 16.224, 'x': -18.679, 'yaw': 3.141}, pose, None, None
230.02, [INFO], r1, {'battery-level': '13.55'}, battery_charge, None, None
240.07, [INFO], r1, {'y': 16.375, 'x': -20.794, 'yaw': 3.136}, pose, None, None
240.07, [INFO], r1, {'battery-level': '13.05'}, battery_charge, None, None
250.04, [INFO], r1, {'y': 16.221, 'x': -22.914, 'yaw': 3.141}, pose, None, None
250.04, [INFO], r1, {'battery-level': '12.55'}, battery_charge, None, None
260.00, [INFO], r1, {'battery-level': '12.05'}, battery_charge, None, None
260.00, [INFO], r1, {'y': 16.121, 'x': -25.02, 'yaw': 3.141}, pose, None, None
270.05, [INFO], r1, {'battery-level': '11.55'}, battery_charge, None, None
270.05, [INFO], r1, {'y': 16.005, 'x': -27.147, 'yaw': 3.139}, pose, None, None
280.01, [INFO], r1, {'y': 16.098, 'x': -29.234, 'yaw': 3.142}, pose, None, None
280.01, [INFO], r1, {'battery-level': '11.05'}, battery_charge, None, None
290.08, [INFO], r1, {'y': 15.996, 'x': -31.358, 'yaw': -3.142}, pose, None, None
290.08, [INFO], r1, {'battery-level': '10.55'}, battery_charge, None, None
300.06, [INFO], r1, {'y': 15.677, 'x': -33.459, 'yaw': -3.141}, pose, None, None
300.06, [INFO], r1, {'battery-level': '10.05'}, battery_charge, None, None
310.04, [INFO], r1, {'battery-level': '9.55'}, battery_charge, None, None
310.04, [INFO], r1, {'y': 15.842, 'x': -35.432, 'yaw': 3.142}, pose, None, None
320.09, [INFO], r1, {'y': 17.758, 'x': -36.129, 'yaw': -3.136}, pose, None, None
320.09, [INFO], r1, {'battery-level': '9.05'}, battery_charge, None, None
330.04, [INFO], r1, {'battery-level': '8.55'}, battery_charge, None, None
330.04, [INFO], r1, {'y': 19.868, 'x': -36.206, 'yaw': 3.142}, pose, None, None
340.05, [INFO], r1, {'battery-level': '8.05'}, battery_charge, None, None
340.05, [INFO], r1, {'y': 21.977, 'x': -36.269, 'yaw': 3.142}, pose, None, None
350.02, [INFO], r1, {'y': 24.081, 'x': -36.292, 'yaw': 3.141}, pose, None, None
350.02, [INFO], r1, {'battery-level': '7.55'}, battery_charge, None, None
360.08, [INFO], r1, {'y': 26.197, 'x': -36.272, 'yaw': 3.141}, pose, None, None
360.08, [INFO], r1, {'battery-level': '7.05'}, battery_charge, None, None
370.08, [INFO], r1, {'battery-level': '6.55'}, battery_charge, None, None
370.08, [INFO], r1, {'y': 28.316, 'x': -36.304, 'yaw': -3.142}, pose, None, None
380.07, [INFO], r1, {'y': 30.427, 'x': -36.38, 'yaw': 3.141}, pose, None, None
380.07, [INFO], r1, {'battery-level': '6.05'}, battery_charge, None, None
390.05, [INFO], r1, {'y': 32.538, 'x': -36.607, 'yaw': -3.142}, pose, None, None
390.05, [INFO], r1, {'battery-level': '5.55'}, battery_charge, None, None
400.04, [INFO], r1, {'battery-level': '5.05'}, battery_charge, None, None
400.04, [INFO], r1, {'y': 34.638, 'x': -36.884, 'yaw': 3.142}, pose, None, None
402.06, [WARN], r1, LOWBATT, None, None, None
402.06, [WARN], None, end!, None, None, None
