0.19, [DEBUG], logger, ROBOTS_CONFIG={'capabilities': ['approach_person', 'approach_robot', 'authenticate_person', 'navigation', 'operate_drawer'], 'battery_charge': 0.25, 'nurse_pose': [-11.5, 18.0, -1.57], 'robot_pose': [-40.23, 25.37, 0.0]}, None, None, None
0.19, [DEBUG], logger, Simulation open, None, None, None
10.04, [INFO], r1, {'y': 25.37, 'x': -40.23, 'yaw': 3.142}, pose, None, None
10.04, [INFO], r1, {'battery-level': '24.55'}, battery_charge, None, None
10.73, [INFO], r1, started skill, None, navto, None
20.03, [INFO], r1, {'y': 23.938, 'x': -39.016, 'yaw': 3.142}, pose, None, None
20.03, [INFO], r1, {'battery-level': '24.05'}, battery_charge, None, None
30.05, [INFO], r1, {'y': 22.652, 'x': -37.408, 'yaw': 3.142}, pose, None, None
30.05, [INFO], r1, {'battery-level': '23.55'}, battery_charge, None, None
40.05, [INFO], r1, {'y': 20.535, 'x': -37.292, 'yaw': -3.142}, pose, None, None
40.05, [INFO], r1, {'battery-level': '23.05'}, battery_charge, None, None
50.07, [INFO], r1, {'y': 18.405, 'x': -37.125, 'yaw': 3.14}, pose, None, None
50.07, [INFO], r1, {'battery-level': '22.55'}, battery_charge, None, None
60.07, [INFO], r1, {'y': 16.272, 'x': -37.039, 'yaw': 3.14}, pose, None, None
60.07, [INFO], r1, {'battery-level': '22.05'}, battery_charge, None, None
70.06, [INFO], r1, {'battery-level': '21.55'}, battery_charge, None, None
70.06, [INFO], r1, {'y': 15.494, 'x': -35.071, 'yaw': 3.142}, pose, None, None
80.04, [INFO], r1, {'battery-level': '21.05'}, battery_charge, None, None
80.04, [INFO], r1, {'y': 15.47, 'x': -32.96, 'yaw': 3.142}, pose, None, None
90.05, [INFO], r1, {'battery-level': '20.55'}, battery_charge, None, None
90.05, [INFO], r1, {'y': 15.556, 'x': -30.84, 'yaw': -3.141}, pose, None, None
100.05, [INFO], r1, {'battery-level': '20.05'}, battery_charge, None, None
100.05, [INFO], r1, {'y': 15.699, 'x': -28.719, 'yaw': 3.14}, pose, None, None
110.04, [INFO], r1, {'y': 16.083, 'x': -26.62, 'yaw': -3.139}, pose, None, None
110.04, [INFO], r1, {'battery-level': '19.55'}, battery_charge, None, None
120.06, [INFO], r1, {'battery-level': '19.05'}, battery_charge, None, None
120.06, [INFO], r1, {'y': 16.158, 'x': -24.497, 'yaw': -3.141}, pose, None, None
130.01, [INFO], r1, {'battery-level': '18.55'}, battery_charge, None, None
130.01, [INFO], r1, {'y': 16.155, 'x': -22.38, 'yaw': -3.142}, pose, None, None
140.01, [INFO], r1, {'y': 16.255, 'x': -20.251, 'yaw': 3.142}, pose, None, None
140.01, [INFO], r1, {'battery-level': '18.05'}, battery_charge, None, None
150.04, [INFO], r1, {'y': 16.191, 'x': -18.13, 'yaw': 3.141}, pose, None, None
150.04, [INFO], r1, {'battery-level': '17.55'}, battery_charge, None, None
160.02, [INFO], r1, {'y': 16.1, 'x': -16.013, 'yaw': 3.142}, pose, None, None
160.02, [INFO], r1, {'battery-level': '17.05'}, battery_charge, None, None
170.01, [INFO], r1, {'y': 16.163, 'x': -13.89, 'yaw': -3.142}, pose, None, None
170.01, [INFO], r1, {'battery-level': '16.55'}, battery_charge, None, None
180.01, [INFO], r1, {'y': 16.964, 'x': -11.999, 'yaw': 3.141}, pose, None, None
180.01, [INFO], r1, {'battery-level': '16.05'}, battery_charge, None, None
190.09, [INFO], r1, {'battery-level': '15.55'}, battery_charge, None, None
190.09, [INFO], r1, {'y': 17.926, 'x': -11.532, 'yaw': -3.141}, pose, None, None
197.33, [INFO], r1, skill-success, None, navto, None
197.33, [INFO], r1, started skill, None, approach-nurse, None
197.33, [INFO], r1, sent message, None, None, None
197.33, [INFO], r1, skill-success, None, approach-nurse, None
197.33, [INFO], r1, started skill, None, authenticate-nurse, None
197.33, [INFO], r1, sent message, None, None, None
197.33, [INFO], r1, skill-success, None, authenticate-nurse, None
197.33, [INFO], r1, started skill, None, open-drawer, None
197.33, [INFO], r1, sent message, None, None, None
197.33, [INFO], r1, skill-success, None, open-drawer, None
197.33, [INFO], r1, started skill, None, deposit, None
197.33, [INFO], r1, sent message, None, None, None
197.33, [INFO], r1, skill-success, None, deposit, None
197.33, [INFO], r1, started skill, None, close-drawer, None
197.33, [INFO], r1, sent message, None, None, None
197.33, [INFO], r1, skill-success, None, close-drawer, None
197.33, [INFO], r1, started skill, None, navto, None
200.09, [INFO], r1, {'y': 17.479, 'x': -11.615, 'yaw': 3.141}, pose, None, None
200.09, [INFO], r1, {'battery-level': '15.05'}, battery_charge, None, None
210.01, [INFO], r1, {'battery-level': '14.55'}, battery_charge, None, None
210.01, [INFO], r1, {'y': 16.319, 'x': -13.229, 'yaw': 3.14}, pose, None, None
220.09, [INFO], r1, {'y': 16.199, 'x': -15.364, 'yaw': -3.142}, pose, None, None
220.09, [INFO], r1, {'battery-level': '14.05'}, battery_charge, None, None
230.09, [INFO], r1, {'y': 16.161, 'x': -17.472, 'yaw': 3.141}, pose, None, None
230.09, [INFO], r1, {'battery-level': '13.55'}, battery_charge, None, None
240.09, [INFO], r1, {'battery-level': '13.05'}, battery_charge, None, None
240.09, [INFO], r1, {'y': 16.265, 'x': -19.573, 'yaw': -3.142}, pose, None, None
250.07, [INFO], r1, {'y': 16.322, 'x': -21.671, 'yaw': -3.142}, pose, None, None
250.07, [INFO], r1, {'battery-level': '12.55'}, battery_charge, None, None
260.07, [INFO], r1, {'y': 16.127, 'x': -23.781, 'yaw': 3.141}, pose, None, None
260.07, [INFO], r1, {'battery-level': '12.05'}, battery_charge, None, None
270.08, [INFO], r1, {'y': 16.082, 'x': -25.893, 'yaw': 3.14}, pose, None, None
270.08, [INFO], r1, {'battery-level': '11.55'}, battery_charge, None, None
280.09, [INFO], r1, {'y': 15.899, 'x': -27.993, 'yaw': -3.14}, pose, None, None
280.09, [INFO], r1, {'battery-level': '11.05'}, battery_charge, None, None
290.08, [INFO], r1, {'battery-level': '10.55'}, battery_charge, None, None
290.08, [INFO], r1, {'y': 15.931, 'x': -30.107, 'yaw': -3.141}, pose, None, None
300.08, [INFO], r1, {'y': 15.798, 'x': -32.22, 'yaw': 3.141}, pose, None, None
300.08, [INFO], r1, {'battery-level': '10.05'}, battery_charge, None, None
310.07, [INFO], r1, {'y': 15.426, 'x': -34.319, 'yaw': -3.142}, pose, None, None
310.07, [INFO], r1, {'battery-level': '9.55'}, battery_charge, None, None
320.07, [INFO], r1, {'battery-level': '9.05'}, battery_charge, None, None
320.07, [INFO], r1, {'y': 16.524, 'x': -36.004, 'yaw': 3.142}, pose, None, None
330.06, [INFO], r1, {'y': 18.621, 'x': -36.159, 'yaw': 3.141}, pose, None, None
330.06, [INFO], r1, {'battery-level': '8.55'}, battery_charge, None, None
340.06, [INFO], r1, {'battery-level': '8.05'}, battery_charge, None, None
340.06, [INFO], r1, {'y': 20.729, 'x': -36.246, 'yaw': -3.142}, pose, None, None
350.07, [INFO], r1, {'y': 22.851, 'x': -36.369, 'yaw': 3.141}, pose, None, None
350.07, [INFO], r1, {'battery-level': '7.55'}, battery_charge, None, None
360.09, [INFO], r1, {'y': 24.951, 'x': -36.279, 'yaw': 3.14}, pose, None, None
360.09, [INFO], r1, {'battery-level': '7.05'}, battery_charge, None, None
370.09, [INFO], r1, {'y': 27.063, 'x': -36.316, 'yaw': 3.14}, pose, None, None
370.09, [INFO], r1, {'battery-level': '6.55'}, battery_charge, None, None
380.00, [INFO], r1, {'y': 29.168, 'x': -36.378, 'yaw': 3.137}, pose, None, None
380.00, [INFO], r1, {'battery-level': '6.05'}, battery_charge, None, None
390.04, [INFO], r1, {'y': 31.291, 'x': -36.498, 'yaw': 3.141}, pose, None, None
390.04, [INFO], r1, {'battery-level': '5.55'}, battery_charge, None, None
400.07, [INFO], r1, {'y': 33.406, 'x': -36.764, 'yaw': 3.142}, pose, None, None
400.07, [INFO], r1, {'battery-level': '5.05'}, battery_charge, None, None
402.06, [WARN], r1, LOWBATT, None, None, None
402.06, [WARN], None, end!, None, None, None
410.00, [INFO], r1, {'y': 35.501, 'x': -36.883, 'yaw': -3.141}, pose, None, None
