9.76, [INFO], r1, started skill, None, navto, None
10.06, [INFO], r1, {'battery-level': '24.60'}, battery_charge, None, None
10.06, [INFO], r1, {'y': 33.95, 'x': -39.439, 'yaw': 3.142}, pose, None, None
20.04, [INFO], r1, {'y': 34.454, 'x': -37.46, 'yaw': -3.141}, pose, None, None
20.04, [INFO], r1, {'battery-level': '24.10'}, battery_charge, None, None
30.07, [INFO], r1, {'y': 32.471, 'x': -37.063, 'yaw': 3.14}, pose, None, None
30.07, [INFO], r1, {'battery-level': '23.60'}, battery_charge, None, None
40.02, [INFO], r1, {'y': 30.372, 'x': -37.041, 'yaw': 3.141}, pose, None, None
40.02, [INFO], r1, {'battery-level': '23.10'}, battery_charge, None, None
50.04, [INFO], r1, {'y': 28.255, 'x': -36.977, 'yaw': 3.141}, pose, None, None
50.04, [INFO], r1, {'battery-level': '22.60'}, battery_charge, None, None
60.04, [INFO], r1, {'y': 26.144, 'x': -36.987, 'yaw': 3.141}, pose, None, None
60.04, [INFO], r1, {'battery-level': '22.10'}, battery_charge, None, None
70.06, [INFO], r1, {'y': 24.014, 'x': -36.989, 'yaw': 3.14}, pose, None, None
70.06, [INFO], r1, {'battery-level': '21.60'}, battery_charge, None, None
80.07, [INFO], r1, {'y': 21.908, 'x': -37.16, 'yaw': 3.14}, pose, None, None
80.07, [INFO], r1, {'battery-level': '21.10'}, battery_charge, None, None
90.06, [INFO], r1, {'y': 19.809, 'x': -37.12, 'yaw': 3.141}, pose, None, None
90.06, [INFO], r1, {'battery-level': '20.60'}, battery_charge, None, None
100.06, [INFO], r1, {'battery-level': '20.10'}, battery_charge, None, None
100.06, [INFO], r1, {'y': 17.693, 'x': -37.043, 'yaw': 3.142}, pose, None, None
110.06, [INFO], r1, {'y': 16.038, 'x': -36.317, 'yaw': -3.141}, pose, None, None
110.06, [INFO], r1, {'battery-level': '19.60'}, battery_charge, None, None
120.04, [INFO], r1, {'battery-level': '19.10'}, battery_charge, None, None
120.04, [INFO], r1, {'y': 15.421, 'x': -34.291, 'yaw': 3.142}, pose, None, None
130.02, [INFO], r1, {'y': 15.491, 'x': -32.171, 'yaw': -3.142}, pose, None, None
130.02, [INFO], r1, {'battery-level': '18.60'}, battery_charge, None, None
140.09, [INFO], r1, {'y': 15.61, 'x': -30.047, 'yaw': 3.141}, pose, None, None
140.09, [INFO], r1, {'battery-level': '18.10'}, battery_charge, None, None
150.06, [INFO], r1, {'y': 15.751, 'x': -27.95, 'yaw': -3.142}, pose, None, None
150.06, [INFO], r1, {'battery-level': '17.60'}, battery_charge, None, None
160.03, [INFO], r1, {'y': 15.856, 'x': -25.842, 'yaw': 3.141}, pose, None, None
160.03, [INFO], r1, {'battery-level': '17.10'}, battery_charge, None, None
170.02, [INFO], r1, {'y': 15.847, 'x': -23.728, 'yaw': 3.141}, pose, None, None
170.02, [INFO], r1, {'battery-level': '16.60'}, battery_charge, None, None
180.09, [INFO], r1, {'battery-level': '16.10'}, battery_charge, None, None
180.09, [INFO], r1, {'y': 15.788, 'x': -21.6, 'yaw': 3.142}, pose, None, None
190.08, [INFO], r1, {'y': 15.412, 'x': -19.518, 'yaw': 3.137}, pose, None, None
190.08, [INFO], r1, {'battery-level': '15.60'}, battery_charge, None, None
200.03, [INFO], r1, {'y': 14.145, 'x': -18.02, 'yaw': 3.139}, pose, None, None
200.03, [INFO], r1, {'battery-level': '15.10'}, battery_charge, None, None
210.08, [INFO], r1, {'battery-level': '14.60'}, battery_charge, None, None
210.08, [INFO], r1, {'y': 12.932, 'x': -18.098, 'yaw': 3.141}, pose, None, None
215.24, [INFO], r1, skill-success, None, navto, None
215.24, [INFO], r1, started skill, None, approach-nurse, None
215.24, [INFO], r1, sent message, None, None, None
215.24, [INFO], r1, skill-success, None, approach-nurse, None
215.24, [INFO], r1, started skill, None, authenticate-nurse, None
215.24, [INFO], r1, sent message, None, None, None
215.24, [INFO], r1, skill-success, None, authenticate-nurse, None
215.24, [INFO], r1, started skill, None, open-drawer, None
215.24, [INFO], r1, sent message, None, None, None
215.24, [INFO], r1, skill-success, None, open-drawer, None
215.24, [INFO], r1, started skill, None, deposit, None
215.24, [INFO], r1, sent message, None, None, None
215.24, [INFO], r1, skill-success, None, deposit, None
215.24, [INFO], r1, started skill, None, close-drawer, None
215.24, [INFO], r1, sent message, None, None, None
215.24, [INFO], r1, skill-success, None, close-drawer, None
215.24, [INFO], r1, started skill, None, navto, None
220.02, [INFO], r1, {'battery-level': '14.10'}, battery_charge, None, None
220.02, [INFO], r1, {'y': 13.879, 'x': -18.199, 'yaw': 3.142}, pose, None, None
230.00, [INFO], r1, {'y': 15.22, 'x': -19.502, 'yaw': 3.136}, pose, None, None
230.00, [INFO], r1, {'battery-level': '13.60'}, battery_charge, None, None
240.01, [INFO], r1, {'y': 15.652, 'x': -21.589, 'yaw': -3.141}, pose, None, None
240.01, [INFO], r1, {'battery-level': '13.10'}, battery_charge, None, None
250.02, [INFO], r1, {'battery-level': '12.60'}, battery_charge, None, None
250.02, [INFO], r1, {'y': 15.71, 'x': -23.715, 'yaw': 3.142}, pose, None, None
260.04, [INFO], r1, {'y': 15.807, 'x': -25.835, 'yaw': 3.141}, pose, None, None
260.04, [INFO], r1, {'battery-level': '12.10'}, battery_charge, None, None
270.04, [INFO], r1, {'y': 15.844, 'x': -27.955, 'yaw': 3.139}, pose, None, None
270.04, [INFO], r1, {'battery-level': '11.60'}, battery_charge, None, None
280.01, [INFO], r1, {'y': 15.895, 'x': -30.06, 'yaw': 3.141}, pose, None, None
280.01, [INFO], r1, {'battery-level': '11.10'}, battery_charge, None, None
290.02, [INFO], r1, {'y': 15.801, 'x': -32.177, 'yaw': 3.141}, pose, None, None
290.02, [INFO], r1, {'battery-level': '10.60'}, battery_charge, None, None
300.02, [INFO], r1, {'y': 15.471, 'x': -34.288, 'yaw': 3.141}, pose, None, None
300.02, [INFO], r1, {'battery-level': '10.10'}, battery_charge, None, None
310.05, [INFO], r1, {'y': 16.538, 'x': -35.993, 'yaw': -3.142}, pose, None, None
310.05, [INFO], r1, {'battery-level': '9.60'}, battery_charge, None, None
320.04, [INFO], r1, {'y': 18.648, 'x': -36.153, 'yaw': 3.141}, pose, None, None
320.04, [INFO], r1, {'battery-level': '9.10'}, battery_charge, None, None
330.03, [INFO], r1, {'battery-level': '8.60'}, battery_charge, None, None
330.03, [INFO], r1, {'y': 20.768, 'x': -36.184, 'yaw': 3.141}, pose, None, None
340.03, [INFO], r1, {'y': 22.884, 'x': -36.3, 'yaw': 3.141}, pose, None, None
340.03, [INFO], r1, {'battery-level': '8.10'}, battery_charge, None, None
350.00, [INFO], r1, {'y': 25.01, 'x': -36.263, 'yaw': 3.14}, pose, None, None
350.00, [INFO], r1, {'battery-level': '7.60'}, battery_charge, None, None
360.06, [INFO], r1, {'y': 27.141, 'x': -36.253, 'yaw': 3.141}, pose, None, None
360.06, [INFO], r1, {'battery-level': '7.10'}, battery_charge, None, None
370.04, [INFO], r1, {'battery-level': '6.60'}, battery_charge, None, None
370.04, [INFO], r1, {'y': 29.253, 'x': -36.353, 'yaw': 3.141}, pose, None, None
380.08, [INFO], r1, {'y': 31.378, 'x': -36.472, 'yaw': -3.142}, pose, None, None
380.08, [INFO], r1, {'battery-level': '6.10'}, battery_charge, None, None
390.02, [INFO], r1, {'y': 33.492, 'x': -36.765, 'yaw': 3.142}, pose, None, None
390.02, [INFO], r1, {'battery-level': '5.60'}, battery_charge, None, None
400.05, [INFO], r1, {'y': 35.616, 'x': -36.916, 'yaw': 3.142}, pose, None, None
400.05, [INFO], r1, {'battery-level': '5.10'}, battery_charge, None, None
403.05, [WARN], r1, LOWBATT, None, None, None
403.05, [WARN], None, end!, None, None, None
408.96, [INFO], r1, skill-success, None, navto, None
408.96, [INFO], r1, started skill, None, approach-arm, None
408.96, [INFO], r1, sent message, None, None, None
408.96, [INFO], r1, skill-success, None, approach-arm, None
408.96, [INFO], r1, started skill, None, open-drawer, None
408.96, [INFO], r1, sent message, None, None, None
408.96, [INFO], r1, skill-success, None, open-drawer, None
408.96, [INFO], r1, started skill, None, pick-up-sample, None
408.96, [INFO], r1, sent message, None, None, None
408.96, [INFO], r1, skill-success, None, pick-up-sample, None
408.96, [INFO], r1, started skill, None, close-drawer, None
408.96, [INFO], r1, sent message, None, None, None
408.96, [INFO], r1, skill-success, None, close-drawer, None
408.96, [WARN], r1, SUCCESS, None, None, None
410.02, [INFO], r1, {'y': 36.232, 'x': -36.998, 'yaw': -3.142}, pose, None, None
