9.82, [INFO], r1, started skill, None, navto, None
10.03, [INFO], r1, {'y': 33.95, 'x': -39.44, 'yaw': 3.142}, pose, None, None
10.03, [INFO], r1, {'battery-level': '24.55'}, battery_charge, None, None
20.08, [INFO], r1, {'y': 34.505, 'x': -37.459, 'yaw': -3.142}, pose, None, None
20.08, [INFO], r1, {'battery-level': '24.05'}, battery_charge, None, None
30.04, [INFO], r1, {'y': 32.529, 'x': -36.995, 'yaw': 3.141}, pose, None, None
30.04, [INFO], r1, {'battery-level': '23.55'}, battery_charge, None, None
40.03, [INFO], r1, {'y': 30.436, 'x': -37.038, 'yaw': 3.141}, pose, None, None
40.03, [INFO], r1, {'battery-level': '23.05'}, battery_charge, None, None
50.01, [INFO], r1, {'y': 28.323, 'x': -36.994, 'yaw': 3.141}, pose, None, None
50.01, [INFO], r1, {'battery-level': '22.55'}, battery_charge, None, None
60.09, [INFO], r1, {'y': 26.2, 'x': -37.011, 'yaw': 3.141}, pose, None, None
60.09, [INFO], r1, {'battery-level': '22.05'}, battery_charge, None, None
70.04, [INFO], r1, {'y': 24.092, 'x': -37.012, 'yaw': 3.142}, pose, None, None
70.04, [INFO], r1, {'battery-level': '21.55'}, battery_charge, None, None
80.07, [INFO], r1, {'y': 21.979, 'x': -37.119, 'yaw': -3.142}, pose, None, None
80.07, [INFO], r1, {'battery-level': '21.05'}, battery_charge, None, None
90.08, [INFO], r1, {'battery-level': '20.55'}, battery_charge, None, None
90.08, [INFO], r1, {'y': 19.853, 'x': -37.147, 'yaw': 3.141}, pose, None, None
100.08, [INFO], r1, {'battery-level': '20.05'}, battery_charge, None, None
100.08, [INFO], r1, {'y': 17.731, 'x': -37.094, 'yaw': 3.141}, pose, None, None
110.09, [INFO], r1, {'y': 15.78, 'x': -36.57, 'yaw': -3.142}, pose, None, None
110.09, [INFO], r1, {'battery-level': '19.55'}, battery_charge, None, None
120.00, [INFO], r1, {'y': 15.295, 'x': -34.499, 'yaw': -3.141}, pose, None, None
120.00, [INFO], r1, {'battery-level': '19.05'}, battery_charge, None, None
130.00, [INFO], r1, {'y': 15.495, 'x': -32.381, 'yaw': 3.142}, pose, None, None
130.00, [INFO], r1, {'battery-level': '18.55'}, battery_charge, None, None
140.00, [INFO], r1, {'battery-level': '18.05'}, battery_charge, None, None
140.00, [INFO], r1, {'y': 15.586, 'x': -30.258, 'yaw': 3.142}, pose, None, None
150.09, [INFO], r1, {'battery-level': '17.55'}, battery_charge, None, None
150.09, [INFO], r1, {'y': 15.775, 'x': -28.554, 'yaw': 3.137}, pose, None, None
160.01, [INFO], r1, {'y': 15.785, 'x': -28.548, 'yaw': -3.141}, pose, None, None
160.01, [INFO], r1, {'battery-level': '17.05'}, battery_charge, None, None
170.02, [INFO], r1, {'y': 16.913, 'x': -28.319, 'yaw': 3.139}, pose, None, None
170.02, [INFO], r1, {'battery-level': '16.55'}, battery_charge, None, None
180.03, [INFO], r1, {'y': 17.045, 'x': -28.421, 'yaw': -3.142}, pose, None, None
180.03, [INFO], r1, {'battery-level': '16.05'}, battery_charge, None, None
190.02, [INFO], r1, {'y': 17.024, 'x': -28.321, 'yaw': 3.141}, pose, None, None
190.02, [INFO], r1, {'battery-level': '15.55'}, battery_charge, None, None
200.05, [INFO], r1, {'y': 17.028, 'x': -28.444, 'yaw': -3.141}, pose, None, None
200.05, [INFO], r1, {'battery-level': '15.05'}, battery_charge, None, None
210.04, [INFO], r1, {'y': 16.587, 'x': -28.612, 'yaw': -3.141}, pose, None, None
210.04, [INFO], r1, {'battery-level': '14.55'}, battery_charge, None, None
220.05, [INFO], r1, {'y': 16.608, 'x': -28.541, 'yaw': -3.142}, pose, None, None
220.05, [INFO], r1, {'battery-level': '14.05'}, battery_charge, None, None
230.09, [INFO], r1, {'y': 16.967, 'x': -28.305, 'yaw': 3.141}, pose, None, None
230.09, [INFO], r1, {'battery-level': '13.55'}, battery_charge, None, None
240.04, [INFO], r1, {'y': 17.183, 'x': -28.216, 'yaw': -3.142}, pose, None, None
240.04, [INFO], r1, {'battery-level': '13.05'}, battery_charge, None, None
250.00, [INFO], r1, {'y': 17.182, 'x': -28.255, 'yaw': -3.142}, pose, None, None
250.00, [INFO], r1, {'battery-level': '12.55'}, battery_charge, None, None
260.01, [INFO], r1, {'battery-level': '12.05'}, battery_charge, None, None
260.01, [INFO], r1, {'y': 17.485, 'x': -28.287, 'yaw': -3.142}, pose, None, None
260.40, [WARN], r1, SKILL-FAILURE, None, navto, None
