9.81, [INFO], r1, started skill, None, navto, None
10.00, [INFO], r1, {'battery-level': '24.55'}, battery_charge, None, None
10.00, [INFO], r1, {'y': 33.95, 'x': -39.44, 'yaw': -3.142}, pose, None, None
20.04, [INFO], r1, {'y': 34.487, 'x': -37.464, 'yaw': -3.141}, pose, None, None
20.04, [INFO], r1, {'battery-level': '24.05'}, battery_charge, None, None
30.01, [INFO], r1, {'y': 32.507, 'x': -37.037, 'yaw': 3.141}, pose, None, None
30.01, [INFO], r1, {'battery-level': '23.55'}, battery_charge, None, None
40.03, [INFO], r1, {'y': 30.394, 'x': -37.047, 'yaw': 3.141}, pose, None, None
40.03, [INFO], r1, {'battery-level': '23.05'}, battery_charge, None, None
50.07, [INFO], r1, {'y': 28.26, 'x': -37.048, 'yaw': 3.141}, pose, None, None
50.07, [INFO], r1, {'battery-level': '22.55'}, battery_charge, None, None
60.01, [INFO], r1, {'y': 26.167, 'x': -37.032, 'yaw': 3.141}, pose, None, None
60.01, [INFO], r1, {'battery-level': '22.05'}, battery_charge, None, None
70.02, [INFO], r1, {'y': 24.05, 'x': -37.039, 'yaw': 3.14}, pose, None, None
70.02, [INFO], r1, {'battery-level': '21.55'}, battery_charge, None, None
80.02, [INFO], r1, {'y': 21.943, 'x': -37.138, 'yaw': 3.142}, pose, None, None
80.02, [INFO], r1, {'battery-level': '21.05'}, battery_charge, None, None
90.07, [INFO], r1, {'y': 19.822, 'x': -37.129, 'yaw': 3.141}, pose, None, None
90.07, [INFO], r1, {'battery-level': '20.55'}, battery_charge, None, None
100.08, [INFO], r1, {'battery-level': '20.05'}, battery_charge, None, None
100.08, [INFO], r1, {'y': 17.701, 'x': -37.088, 'yaw': 3.14}, pose, None, None
110.07, [INFO], r1, {'y': 15.786, 'x': -36.581, 'yaw': 3.142}, pose, None, None
110.07, [INFO], r1, {'battery-level': '19.55'}, battery_charge, None, None
120.05, [INFO], r1, {'battery-level': '19.05'}, battery_charge, None, None
120.05, [INFO], r1, {'y': 15.342, 'x': -34.492, 'yaw': -3.141}, pose, None, None
130.07, [INFO], r1, {'y': 15.473, 'x': -32.358, 'yaw': 3.142}, pose, None, None
130.07, [INFO], r1, {'battery-level': '18.55'}, battery_charge, None, None
140.06, [INFO], r1, {'y': 15.595, 'x': -30.255, 'yaw': 3.142}, pose, None, None
140.06, [INFO], r1, {'battery-level': '18.05'}, battery_charge, None, None
150.08, [INFO], r1, {'y': 15.764, 'x': -28.13, 'yaw': 3.142}, pose, None, None
150.08, [INFO], r1, {'battery-level': '17.55'}, battery_charge, None, None
160.06, [INFO], r1, {'y': 16.168, 'x': -26.033, 'yaw': -3.14}, pose, None, None
160.06, [INFO], r1, {'battery-level': '17.05'}, battery_charge, None, None
170.08, [INFO], r1, {'y': 16.152, 'x': -23.929, 'yaw': 3.14}, pose, None, None
170.08, [INFO], r1, {'battery-level': '16.55'}, battery_charge, None, None
180.09, [INFO], r1, {'y': 16.203, 'x': -21.813, 'yaw': 3.142}, pose, None, None
180.09, [INFO], r1, {'battery-level': '16.05'}, battery_charge, None, None
190.08, [INFO], r1, {'battery-level': '15.55'}, battery_charge, None, None
190.08, [INFO], r1, {'y': 17.679, 'x': -20.993, 'yaw': 3.142}, pose, None, None
200.07, [INFO], r1, {'y': 17.953, 'x': -21.088, 'yaw': -3.141}, pose, None, None
200.07, [INFO], r1, {'battery-level': '15.05'}, battery_charge, None, None
208.47, [INFO], r1, skill-success, None, navto, None
208.47, [INFO], r1, started skill, None, approach-nurse, None
208.47, [WARN], r1, SKILL-FAILURE, None, approach-nurse, None
