9.44, [INFO], r1, started skill, None, navto, None
10.03, [INFO], r1, {'y': 33.951, 'x': -39.374, 'yaw': 3.141}, pose, None, None
10.03, [INFO], r1, {'battery-level': '24.55'}, battery_charge, None, None
20.07, [INFO], r1, {'y': 34.449, 'x': -37.389, 'yaw': -3.142}, pose, None, None
20.07, [INFO], r1, {'battery-level': '24.05'}, battery_charge, None, None
30.02, [INFO], r1, {'y': 32.437, 'x': -36.994, 'yaw': 3.141}, pose, None, None
30.02, [INFO], r1, {'battery-level': '23.55'}, battery_charge, None, None
40.05, [INFO], r1, {'battery-level': '23.05'}, battery_charge, None, None
40.05, [INFO], r1, {'y': 30.328, 'x': -37.075, 'yaw': 3.141}, pose, None, None
50.06, [INFO], r1, {'battery-level': '22.55'}, battery_charge, None, None
50.06, [INFO], r1, {'y': 28.192, 'x': -37.018, 'yaw': -3.142}, pose, None, None
60.09, [INFO], r1, {'y': 26.066, 'x': -37.022, 'yaw': -3.136}, pose, None, None
60.09, [INFO], r1, {'battery-level': '22.05'}, battery_charge, None, None
70.03, [INFO], r1, {'y': 23.972, 'x': -37.017, 'yaw': 3.14}, pose, None, None
70.03, [INFO], r1, {'battery-level': '21.55'}, battery_charge, None, None
80.02, [INFO], r1, {'battery-level': '21.05'}, battery_charge, None, None
80.02, [INFO], r1, {'y': 21.865, 'x': -37.134, 'yaw': -3.142}, pose, None, None
90.03, [INFO], r1, {'battery-level': '20.55'}, battery_charge, None, None
90.03, [INFO], r1, {'y': 19.753, 'x': -37.094, 'yaw': 3.141}, pose, None, None
100.03, [INFO], r1, {'y': 17.636, 'x': -36.997, 'yaw': 3.14}, pose, None, None
100.03, [INFO], r1, {'battery-level': '20.05'}, battery_charge, None, None
110.02, [INFO], r1, {'battery-level': '19.55'}, battery_charge, None, None
110.02, [INFO], r1, {'y': 15.896, 'x': -36.434, 'yaw': 3.141}, pose, None, None
120.04, [INFO], r1, {'y': 15.341, 'x': -34.363, 'yaw': -3.142}, pose, None, None
120.04, [INFO], r1, {'battery-level': '19.05'}, battery_charge, None, None
130.07, [INFO], r1, {'y': 15.485, 'x': -32.233, 'yaw': 3.142}, pose, None, None
130.07, [INFO], r1, {'battery-level': '18.55'}, battery_charge, None, None
140.06, [INFO], r1, {'y': 15.59, 'x': -30.124, 'yaw': 3.141}, pose, None, None
140.06, [INFO], r1, {'battery-level': '18.05'}, battery_charge, None, None
150.03, [INFO], r1, {'y': 15.823, 'x': -28.026, 'yaw': -3.142}, pose, None, None
150.03, [INFO], r1, {'battery-level': '17.55'}, battery_charge, None, None
160.02, [INFO], r1, {'battery-level': '17.05'}, battery_charge, None, None
160.02, [INFO], r1, {'y': 16.149, 'x': -25.924, 'yaw': -3.142}, pose, None, None
170.09, [INFO], r1, {'y': 16.152, 'x': -23.799, 'yaw': 3.141}, pose, None, None
170.09, [INFO], r1, {'battery-level': '16.55'}, battery_charge, None, None
180.07, [INFO], r1, {'y': 16.185, 'x': -21.691, 'yaw': -3.142}, pose, None, None
180.07, [INFO], r1, {'battery-level': '16.05'}, battery_charge, None, None
190.06, [INFO], r1, {'y': 17.725, 'x': -20.947, 'yaw': 3.141}, pose, None, None
190.06, [INFO], r1, {'battery-level': '15.55'}, battery_charge, None, None
200.06, [INFO], r1, {'y': 17.974, 'x': -21.082, 'yaw': 3.142}, pose, None, None
200.06, [INFO], r1, {'battery-level': '15.05'}, battery_charge, None, None
206.35, [INFO], r1, skill-success, None, navto, None
206.35, [INFO], r1, started skill, None, approach-nurse, None
206.35, [INFO], r1, sent message, None, None, None
206.35, [INFO], r1, skill-success, None, approach-nurse, None
206.35, [INFO], r1, skill-success, None, authenticate-nurse, None
206.45, [INFO], r1, started skill, None, open-drawer, None
206.45, [INFO], r1, sent message, None, None, None
206.45, [INFO], r1, skill-success, None, open-drawer, None
206.45, [INFO], r1, started skill, None, deposit, None
206.45, [INFO], r1, sent message, None, None, None
206.45, [INFO], r1, skill-success, None, deposit, None
206.45, [INFO], r1, started skill, None, close-drawer, None
206.45, [INFO], r1, sent message, None, None, None
206.45, [INFO], r1, skill-success, None, close-drawer, None
206.45, [INFO], r1, started skill, None, navto, None
210.08, [INFO], r1, {'y': 17.251, 'x': -21.079, 'yaw': 3.142}, pose, None, None
210.08, [INFO], r1, {'battery-level': '14.55'}, battery_charge, None, None
220.05, [INFO], r1, {'y': 16.206, 'x': -22.473, 'yaw': 3.141}, pose, None, None
220.05, [INFO], r1, {'battery-level': '14.05'}, battery_charge, None, None
230.04, [INFO], r1, {'y': 16.091, 'x': -24.592, 'yaw': -3.141}, pose, None, None
230.04, [INFO], r1, {'battery-level': '13.55'}, battery_charge, None, None
240.03, [INFO], r1, {'battery-level': '13.05'}, battery_charge, None, None
240.03, [INFO], r1, {'y': 15.972, 'x': -26.709, 'yaw': 3.141}, pose, None, None
250.03, [INFO], r1, {'y': 15.958, 'x': -28.808, 'yaw': -3.138}, pose, None, None
250.03, [INFO], r1, {'battery-level': '12.55'}, battery_charge, None, None
260.04, [INFO], r1, {'y': 15.955, 'x': -30.913, 'yaw': 3.141}, pose, None, None
260.04, [INFO], r1, {'battery-level': '12.05'}, battery_charge, None, None
270.03, [INFO], r1, {'y': 15.785, 'x': -33.016, 'yaw': -3.141}, pose, None, None
270.03, [INFO], r1, {'battery-level': '11.55'}, battery_charge, None, None
280.05, [INFO], r1, {'y': 15.586, 'x': -35.075, 'yaw': 3.141}, pose, None, None
280.05, [INFO], r1, {'battery-level': '11.05'}, battery_charge, None, None
290.03, [INFO], r1, {'y': 17.37, 'x': -36.061, 'yaw': -3.142}, pose, None, None
290.03, [INFO], r1, {'battery-level': '10.55'}, battery_charge, None, None
300.01, [INFO], r1, {'battery-level': '10.05'}, battery_charge, None, None
300.01, [INFO], r1, {'y': 19.476, 'x': -36.146, 'yaw': -3.137}, pose, None, None
310.08, [INFO], r1, {'y': 21.594, 'x': -36.282, 'yaw': 3.141}, pose, None, None
310.08, [INFO], r1, {'battery-level': '9.55'}, battery_charge, None, None
320.00, [INFO], r1, {'y': 23.7, 'x': -36.352, 'yaw': 3.141}, pose, None, None
320.00, [INFO], r1, {'battery-level': '9.05'}, battery_charge, None, None
330.05, [INFO], r1, {'battery-level': '8.55'}, battery_charge, None, None
330.05, [INFO], r1, {'y': 25.822, 'x': -36.281, 'yaw': 3.141}, pose, None, None
340.08, [INFO], r1, {'battery-level': '8.05'}, battery_charge, None, None
340.08, [INFO], r1, {'y': 27.945, 'x': -36.341, 'yaw': 3.141}, pose, None, None
350.03, [INFO], r1, {'battery-level': '7.55'}, battery_charge, None, None
350.03, [INFO], r1, {'y': 30.044, 'x': -36.398, 'yaw': 3.141}, pose, None, None
360.03, [INFO], r1, {'battery-level': '7.05'}, battery_charge, None, None
360.03, [INFO], r1, {'y': 32.17, 'x': -36.591, 'yaw': 3.14}, pose, None, None
370.05, [INFO], r1, {'y': 34.266, 'x': -36.938, 'yaw': -3.141}, pose, None, None
370.05, [INFO], r1, {'battery-level': '6.55'}, battery_charge, None, None
380.02, [INFO], r1, {'y': 36.103, 'x': -36.948, 'yaw': 3.141}, pose, None, None
380.02, [INFO], r1, {'battery-level': '6.05'}, battery_charge, None, None
385.43, [INFO], r1, skill-success, None, navto, None
385.43, [INFO], r1, started skill, None, open-drawer, None
385.43, [INFO], r1, sent message, None, None, None
385.43, [INFO], r1, skill-success, None, open-drawer, None
385.43, [INFO], r1, started skill, None, pick-up-sample, None
385.43, [INFO], r1, sent message, None, None, None
385.43, [INFO], r1, skill-success, None, pick-up-sample, None
385.43, [INFO], r1, started skill, None, close-drawer, None
385.43, [INFO], r1, sent message, None, None, None
385.43, [INFO], r1, skill-success, None, close-drawer, None
385.43, [WARN], r1, SUCCESS, None, None, None
