0.19, [DEBUG], logger, ROBOTS_CONFIG={'capabilities': ['approach_person', 'approach_robot', 'authenticate_person', 'navigation', 'operate_drawer'], 'battery_charge': 0.25, 'nurse_pose': [-19.0, 18.0, -1.57], 'robot_pose': [-39.44, 33.95, 0.0]}, None, None, None
0.19, [DEBUG], logger, Simulation open, None, None, None
10.08, [INFO], r1, {'y': 33.95, 'x': -39.44, 'yaw': 3.142}, pose, None, None
10.08, [INFO], r1, {'battery-level': '24.55'}, battery_charge, None, None
10.87, [INFO], r1, started skill, None, navto, None
20.09, [INFO], r1, {'battery-level': '24.05'}, battery_charge, None, None
20.09, [INFO], r1, {'y': 34.571, 'x': -37.664, 'yaw': -3.139}, pose, None, None
30.00, [INFO], r1, {'y': 32.744, 'x': -37.047, 'yaw': 3.14}, pose, None, None
30.00, [INFO], r1, {'battery-level': '23.55'}, battery_charge, None, None
40.10, [INFO], r1, {'y': 30.605, 'x': -37.049, 'yaw': 3.141}, pose, None, None
40.10, [INFO], r1, {'battery-level': '23.05'}, battery_charge, None, None
50.09, [INFO], r1, {'y': 28.48, 'x': -36.991, 'yaw': 3.14}, pose, None, None
50.09, [INFO], r1, {'battery-level': '22.55'}, battery_charge, None, None
60.08, [INFO], r1, {'y': 26.356, 'x': -37.014, 'yaw': 3.141}, pose, None, None
60.08, [INFO], r1, {'battery-level': '22.05'}, battery_charge, None, None
70.10, [INFO], r1, {'y': 24.237, 'x': -37.005, 'yaw': 3.142}, pose, None, None
70.10, [INFO], r1, {'battery-level': '21.55'}, battery_charge, None, None
80.08, [INFO], r1, {'y': 22.127, 'x': -37.112, 'yaw': 3.142}, pose, None, None
80.08, [INFO], r1, {'battery-level': '21.05'}, battery_charge, None, None
90.08, [INFO], r1, {'y': 20.013, 'x': -37.108, 'yaw': -3.141}, pose, None, None
90.08, [INFO], r1, {'battery-level': '20.55'}, battery_charge, None, None
100.09, [INFO], r1, {'y': 17.905, 'x': -37.065, 'yaw': 3.141}, pose, None, None
100.09, [INFO], r1, {'battery-level': '20.05'}, battery_charge, None, None
110.01, [INFO], r1, {'y': 15.929, 'x': -36.687, 'yaw': 3.142}, pose, None, None
110.01, [INFO], r1, {'battery-level': '19.55'}, battery_charge, None, None
120.01, [INFO], r1, {'y': 15.391, 'x': -34.611, 'yaw': -3.142}, pose, None, None
120.01, [INFO], r1, {'battery-level': '19.05'}, battery_charge, None, None
130.10, [INFO], r1, {'battery-level': '18.55'}, battery_charge, None, None
130.10, [INFO], r1, {'y': 15.535, 'x': -32.469, 'yaw': 3.142}, pose, None, None
140.09, [INFO], r1, {'y': 15.601, 'x': -30.341, 'yaw': 3.141}, pose, None, None
140.09, [INFO], r1, {'battery-level': '18.05'}, battery_charge, None, None
150.06, [INFO], r1, {'y': 15.753, 'x': -28.233, 'yaw': 3.142}, pose, None, None
150.06, [INFO], r1, {'battery-level': '17.55'}, battery_charge, None, None
160.04, [INFO], r1, {'y': 16.024, 'x': -26.14, 'yaw': 3.137}, pose, None, None
160.04, [INFO], r1, {'battery-level': '17.05'}, battery_charge, None, None
170.01, [INFO], r1, {'y': 16.011, 'x': -24.034, 'yaw': -3.142}, pose, None, None
170.01, [INFO], r1, {'battery-level': '16.55'}, battery_charge, None, None
180.00, [INFO], r1, {'y': 16.048, 'x': -21.915, 'yaw': 3.141}, pose, None, None
180.00, [INFO], r1, {'battery-level': '16.05'}, battery_charge, None, None
190.00, [INFO], r1, {'battery-level': '15.55'}, battery_charge, None, None
190.00, [INFO], r1, {'y': 16.45, 'x': -19.834, 'yaw': -3.141}, pose, None, None
200.00, [INFO], r1, {'y': 17.914, 'x': -19.036, 'yaw': 3.142}, pose, None, None
200.00, [INFO], r1, {'battery-level': '15.05'}, battery_charge, None, None
208.29, [INFO], r1, skill-success, None, navto, None
208.29, [INFO], r1, started skill, None, approach-nurse, None
208.29, [INFO], r1, sent message, None, None, None
208.29, [INFO], r1, skill-success, None, approach-nurse, None
208.29, [INFO], r1, started skill, None, authenticate-nurse, None
208.29, [INFO], r1, sent message, None, None, None
208.29, [INFO], r1, started skill, None, open-drawer, None
208.29, [INFO], r1, sent message, None, None, None
208.29, [INFO], r1, skill-success, None, open-drawer, None
208.29, [INFO], r1, started skill, None, deposit, None
208.29, [INFO], r1, sent message, None, None, None
208.29, [INFO], r1, skill-success, None, deposit, None
208.29, [INFO], r1, started skill, None, close-drawer, None
208.29, [INFO], r1, sent message, None, None, None
208.29, [INFO], r1, skill-success, None, close-drawer, None
208.29, [INFO], r1, started skill, None, navto, None
210.07, [INFO], r1, {'y': 17.668, 'x': -19.06, 'yaw': -3.142}, pose, None, None
210.07, [INFO], r1, {'battery-level': '14.55'}, battery_charge, None, None
220.05, [INFO], r1, {'y': 16.337, 'x': -20.492, 'yaw': 3.142}, pose, None, None
220.05, [INFO], r1, {'battery-level': '14.05'}, battery_charge, None, None
230.05, [INFO], r1, {'y': 16.233, 'x': -22.6, 'yaw': -3.142}, pose, None, None
230.05, [INFO], r1, {'battery-level': '13.55'}, battery_charge, None, None
240.04, [INFO], r1, {'y': 16.176, 'x': -24.709, 'yaw': 3.141}, pose, None, None
240.04, [INFO], r1, {'battery-level': '13.05'}, battery_charge, None, None
250.05, [INFO], r1, {'battery-level': '12.55'}, battery_charge, None, None
250.05, [INFO], r1, {'y': 15.991, 'x': -26.813, 'yaw': 3.141}, pose, None, None
260.06, [INFO], r1, {'battery-level': '12.05'}, battery_charge, None, None
260.06, [INFO], r1, {'y': 15.998, 'x': -28.912, 'yaw': 3.141}, pose, None, None
270.06, [INFO], r1, {'battery-level': '11.55'}, battery_charge, None, None
270.06, [INFO], r1, {'y': 15.948, 'x': -31.025, 'yaw': 3.14}, pose, None, None
280.07, [INFO], r1, {'y': 15.778, 'x': -33.137, 'yaw': 3.141}, pose, None, None
280.07, [INFO], r1, {'battery-level': '11.05'}, battery_charge, None, None
290.06, [INFO], r1, {'battery-level': '10.55'}, battery_charge, None, None
290.06, [INFO], r1, {'y': 15.619, 'x': -35.225, 'yaw': -3.142}, pose, None, None
300.07, [INFO], r1, {'y': 17.466, 'x': -36.083, 'yaw': 3.142}, pose, None, None
300.07, [INFO], r1, {'battery-level': '10.05'}, battery_charge, None, None
310.01, [INFO], r1, {'battery-level': '9.55'}, battery_charge, None, None
310.01, [INFO], r1, {'y': 19.559, 'x': -36.179, 'yaw': -3.137}, pose, None, None
320.00, [INFO], r1, {'y': 21.672, 'x': -36.273, 'yaw': 3.14}, pose, None, None
320.00, [INFO], r1, {'battery-level': '9.05'}, battery_charge, None, None
330.04, [INFO], r1, {'y': 23.794, 'x': -36.304, 'yaw': 3.141}, pose, None, None
330.04, [INFO], r1, {'battery-level': '8.55'}, battery_charge, None, None
340.07, [INFO], r1, {'y': 25.909, 'x': -36.27, 'yaw': 3.141}, pose, None, None
340.07, [INFO], r1, {'battery-level': '8.05'}, battery_charge, None, None
350.09, [INFO], r1, {'y': 28.022, 'x': -36.344, 'yaw': 3.141}, pose, None, None
350.09, [INFO], r1, {'battery-level': '7.55'}, battery_charge, None, None
360.10, [INFO], r1, {'y': 30.137, 'x': -36.396, 'yaw': 3.141}, pose, None, None
360.10, [INFO], r1, {'battery-level': '7.05'}, battery_charge, None, None
370.02, [INFO], r1, {'y': 32.227, 'x': -36.568, 'yaw': 3.141}, pose, None, None
370.02, [INFO], r1, {'battery-level': '6.55'}, battery_charge, None, None
380.07, [INFO], r1, {'y': 34.322, 'x': -36.993, 'yaw': -3.142}, pose, None, None
380.07, [INFO], r1, {'battery-level': '6.05'}, battery_charge, None, None
390.09, [INFO], r1, {'y': 36.046, 'x': -36.952, 'yaw': -3.142}, pose, None, None
390.09, [INFO], r1, {'battery-level': '5.55'}, battery_charge, None, None
396.25, [INFO], r1, skill-success, None, navto, None
396.25, [INFO], r1, started skill, None, approach-arm, None
396.25, [INFO], r1, sent message, None, None, None
396.25, [INFO], r1, skill-success, None, approach-arm, None
396.25, [INFO], r1, started skill, None, open-drawer, None
396.25, [INFO], r1, sent message, None, None, None
396.25, [INFO], r1, skill-success, None, open-drawer, None
396.35, [INFO], r1, started skill, None, pick-up-sample, None
396.35, [INFO], r1, sent message, None, None, None
396.35, [INFO], r1, skill-success, None, pick-up-sample, None
396.35, [INFO], r1, started skill, None, close-drawer, None
396.35, [INFO], r1, sent message, None, None, None
396.35, [INFO], r1, skill-success, None, close-drawer, None
396.35, [WARN], r1, SUCCESS, None, None, None
