9.68, [INFO], r1, started skill, None, navto, None
10.07, [INFO], r1, {'y': 33.95, 'x': -39.433, 'yaw': 3.142}, pose, None, None
10.07, [INFO], r1, {'battery-level': '24.60'}, battery_charge, None, None
20.07, [INFO], r1, {'y': 34.524, 'x': -37.457, 'yaw': -3.142}, pose, None, None
20.07, [INFO], r1, {'battery-level': '24.10'}, battery_charge, None, None
30.09, [INFO], r1, {'y': 32.524, 'x': -37.036, 'yaw': 3.14}, pose, None, None
30.09, [INFO], r1, {'battery-level': '23.60'}, battery_charge, None, None
40.10, [INFO], r1, {'battery-level': '23.10'}, battery_charge, None, None
40.10, [INFO], r1, {'y': 30.403, 'x': -37.044, 'yaw': 3.141}, pose, None, None
50.01, [INFO], r1, {'battery-level': '22.60'}, battery_charge, None, None
50.01, [INFO], r1, {'y': 28.285, 'x': -36.993, 'yaw': 3.14}, pose, None, None
60.01, [INFO], r1, {'y': 26.16, 'x': -37.012, 'yaw': 3.141}, pose, None, None
60.01, [INFO], r1, {'battery-level': '22.10'}, battery_charge, None, None
70.00, [INFO], r1, {'battery-level': '21.60'}, battery_charge, None, None
70.00, [INFO], r1, {'y': 24.036, 'x': -37.048, 'yaw': 3.141}, pose, None, None
80.08, [INFO], r1, {'battery-level': '21.10'}, battery_charge, None, None
80.08, [INFO], r1, {'y': 21.906, 'x': -37.194, 'yaw': 3.139}, pose, None, None
90.02, [INFO], r1, {'y': 19.808, 'x': -37.15, 'yaw': 3.141}, pose, None, None
90.02, [INFO], r1, {'battery-level': '20.60'}, battery_charge, None, None
100.08, [INFO], r1, {'y': 17.667, 'x': -37.07, 'yaw': 3.141}, pose, None, None
100.08, [INFO], r1, {'battery-level': '20.10'}, battery_charge, None, None
110.03, [INFO], r1, {'y': 15.786, 'x': -36.538, 'yaw': 3.14}, pose, None, None
110.03, [INFO], r1, {'battery-level': '19.60'}, battery_charge, None, None
120.06, [INFO], r1, {'y': 15.381, 'x': -34.441, 'yaw': -3.141}, pose, None, None
120.06, [INFO], r1, {'battery-level': '19.10'}, battery_charge, None, None
130.06, [INFO], r1, {'y': 15.515, 'x': -32.321, 'yaw': -3.142}, pose, None, None
130.06, [INFO], r1, {'battery-level': '18.60'}, battery_charge, None, None
140.06, [INFO], r1, {'battery-level': '18.10'}, battery_charge, None, None
140.06, [INFO], r1, {'y': 15.61, 'x': -30.205, 'yaw': -3.142}, pose, None, None
150.08, [INFO], r1, {'y': 15.826, 'x': -28.086, 'yaw': 3.141}, pose, None, None
150.08, [INFO], r1, {'battery-level': '17.60'}, battery_charge, None, None
160.09, [INFO], r1, {'y': 16.018, 'x': -25.96, 'yaw': -3.141}, pose, None, None
160.09, [INFO], r1, {'battery-level': '17.10'}, battery_charge, None, None
170.02, [INFO], r1, {'battery-level': '16.60'}, battery_charge, None, None
170.02, [INFO], r1, {'y': 15.991, 'x': -23.851, 'yaw': 3.142}, pose, None, None
180.02, [INFO], r1, {'y': 16.023, 'x': -21.721, 'yaw': 3.142}, pose, None, None
180.02, [INFO], r1, {'battery-level': '16.10'}, battery_charge, None, None
190.02, [INFO], r1, {'y': 16.485, 'x': -19.632, 'yaw': -3.142}, pose, None, None
190.02, [INFO], r1, {'battery-level': '15.60'}, battery_charge, None, None
200.00, [INFO], r1, {'y': 17.926, 'x': -19.009, 'yaw': -3.142}, pose, None, None
200.00, [INFO], r1, {'battery-level': '15.10'}, battery_charge, None, None
209.10, [INFO], r1, skill-success, None, navto, None
209.10, [INFO], r1, started skill, None, approach-nurse, None
209.10, [INFO], r1, sent message, None, None, None
209.10, [INFO], r1, started skill, None, open-drawer, None
209.10, [INFO], r1, sent message, None, None, None
209.10, [INFO], r1, skill-success, None, open-drawer, None
209.10, [INFO], r1, started skill, None, deposit, None
209.10, [INFO], r1, sent message, None, None, None
209.10, [INFO], r1, skill-success, None, deposit, None
209.10, [INFO], r1, started skill, None, close-drawer, None
209.10, [INFO], r1, sent message, None, None, None
209.10, [INFO], r1, skill-success, None, close-drawer, None
209.10, [INFO], r1, started skill, None, navto, None
210.06, [INFO], r1, {'battery-level': '14.60'}, battery_charge, None, None
210.06, [INFO], r1, {'y': 17.852, 'x': -18.969, 'yaw': -3.14}, pose, None, None
220.03, [INFO], r1, {'y': 16.315, 'x': -20.217, 'yaw': 3.142}, pose, None, None
220.03, [INFO], r1, {'battery-level': '14.10'}, battery_charge, None, None
230.03, [INFO], r1, {'y': 16.24, 'x': -22.332, 'yaw': 3.141}, pose, None, None
230.03, [INFO], r1, {'battery-level': '13.60'}, battery_charge, None, None
240.06, [INFO], r1, {'battery-level': '13.10'}, battery_charge, None, None
240.06, [INFO], r1, {'y': 16.133, 'x': -24.467, 'yaw': 3.14}, pose, None, None
250.07, [INFO], r1, {'y': 16.077, 'x': -26.603, 'yaw': 3.141}, pose, None, None
250.07, [INFO], r1, {'battery-level': '12.60'}, battery_charge, None, None
260.05, [INFO], r1, {'battery-level': '12.10'}, battery_charge, None, None
260.05, [INFO], r1, {'y': 16.1, 'x': -28.709, 'yaw': 3.139}, pose, None, None
270.07, [INFO], r1, {'y': 15.999, 'x': -30.84, 'yaw': 3.14}, pose, None, None
270.07, [INFO], r1, {'battery-level': '11.60'}, battery_charge, None, None
280.04, [INFO], r1, {'y': 15.785, 'x': -32.945, 'yaw': 3.142}, pose, None, None
280.04, [INFO], r1, {'battery-level': '11.10'}, battery_charge, None, None
290.04, [INFO], r1, {'y': 15.535, 'x': -35.036, 'yaw': -3.142}, pose, None, None
290.04, [INFO], r1, {'battery-level': '10.60'}, battery_charge, None, None
300.04, [INFO], r1, {'y': 17.335, 'x': -36.055, 'yaw': -3.142}, pose, None, None
300.04, [INFO], r1, {'battery-level': '10.10'}, battery_charge, None, None
310.01, [INFO], r1, {'battery-level': '9.60'}, battery_charge, None, None
310.01, [INFO], r1, {'y': 19.449, 'x': -36.21, 'yaw': -3.142}, pose, None, None
320.08, [INFO], r1, {'y': 21.592, 'x': -36.234, 'yaw': 3.142}, pose, None, None
320.08, [INFO], r1, {'battery-level': '9.10'}, battery_charge, None, None
330.01, [INFO], r1, {'y': 23.686, 'x': -36.266, 'yaw': 3.142}, pose, None, None
330.01, [INFO], r1, {'battery-level': '8.60'}, battery_charge, None, None
340.07, [INFO], r1, {'y': 25.807, 'x': -36.231, 'yaw': -3.141}, pose, None, None
340.07, [INFO], r1, {'battery-level': '8.10'}, battery_charge, None, None
350.05, [INFO], r1, {'y': 27.92, 'x': -36.284, 'yaw': -3.141}, pose, None, None
350.05, [INFO], r1, {'battery-level': '7.60'}, battery_charge, None, None
360.06, [INFO], r1, {'y': 30.043, 'x': -36.362, 'yaw': -3.142}, pose, None, None
360.06, [INFO], r1, {'battery-level': '7.10'}, battery_charge, None, None
370.09, [INFO], r1, {'battery-level': '6.60'}, battery_charge, None, None
370.09, [INFO], r1, {'y': 32.161, 'x': -36.557, 'yaw': 3.142}, pose, None, None
380.05, [INFO], r1, {'battery-level': '6.10'}, battery_charge, None, None
380.05, [INFO], r1, {'y': 34.252, 'x': -36.954, 'yaw': 3.141}, pose, None, None
390.09, [INFO], r1, {'y': 35.993, 'x': -36.989, 'yaw': 3.142}, pose, None, None
390.09, [INFO], r1, {'battery-level': '5.60'}, battery_charge, None, None
398.99, [INFO], r1, skill-success, None, navto, None
398.99, [INFO], r1, started skill, None, approach-arm, None
399.09, [INFO], r1, started skill, None, open-drawer, None
399.09, [INFO], r1, sent message, None, None, None
399.09, [INFO], r1, skill-success, None, open-drawer, None
399.09, [INFO], r1, started skill, None, pick-up-sample, None
399.09, [INFO], r1, sent message, None, None, None
399.09, [INFO], r1, skill-success, None, pick-up-sample, None
399.09, [INFO], r1, started skill, None, close-drawer, None
399.09, [INFO], r1, sent message, None, None, None
399.09, [INFO], r1, skill-success, None, close-drawer, None
399.09, [WARN], r1, SUCCESS, None, None, None
400.06, [INFO], r1, {'battery-level': '5.10'}, battery_charge, None, None
400.06, [INFO], r1, {'y': 36.057, 'x': -36.958, 'yaw': 3.142}, pose, None, None
403.06, [WARN], r1, LOWBATT, None, None, None
403.06, [WARN], None, end!, None, None, None
