0.19, [DEBUG], logger, ROBOTS_CONFIG={'capabilities': ['approach_person', 'approach_robot', 'authenticate_person', 'navigation', 'operate_drawer'], 'battery_charge': 0.25, 'nurse_pose': [-13.5, 18.0, -1.57], 'robot_pose': [-39.44, 33.95, 0.0]}, None, None, None
0.19, [DEBUG], logger, Simulation open, None, None, None
10.05, [INFO], r1, {'y': 33.95, 'x': -39.44, 'yaw': 3.142}, pose, None, None
10.05, [INFO], r1, {'battery-level': '24.55'}, battery_charge, None, None
10.64, [INFO], r1, started skill, None, navto, None
20.06, [INFO], r1, {'y': 34.577, 'x': -37.638, 'yaw': -3.141}, pose, None, None
20.06, [INFO], r1, {'battery-level': '24.05'}, battery_charge, None, None
30.09, [INFO], r1, {'y': 32.715, 'x': -37.027, 'yaw': 3.141}, pose, None, None
30.09, [INFO], r1, {'battery-level': '23.55'}, battery_charge, None, None
40.00, [INFO], r1, {'y': 30.629, 'x': -37.044, 'yaw': 3.141}, pose, None, None
40.00, [INFO], r1, {'battery-level': '23.05'}, battery_charge, None, None
50.00, [INFO], r1, {'y': 28.515, 'x': -36.993, 'yaw': 3.141}, pose, None, None
50.00, [INFO], r1, {'battery-level': '22.55'}, battery_charge, None, None
60.02, [INFO], r1, {'y': 26.398, 'x': -37.053, 'yaw': 3.142}, pose, None, None
60.02, [INFO], r1, {'battery-level': '22.05'}, battery_charge, None, None
70.03, [INFO], r1, {'y': 24.285, 'x': -37.02, 'yaw': 3.141}, pose, None, None
70.03, [INFO], r1, {'battery-level': '21.55'}, battery_charge, None, None
80.06, [INFO], r1, {'y': 22.171, 'x': -37.118, 'yaw': 3.141}, pose, None, None
80.06, [INFO], r1, {'battery-level': '21.05'}, battery_charge, None, None
90.04, [INFO], r1, {'y': 20.071, 'x': -37.104, 'yaw': -3.142}, pose, None, None
90.04, [INFO], r1, {'battery-level': '20.55'}, battery_charge, None, None
100.02, [INFO], r1, {'y': 17.973, 'x': -37.042, 'yaw': 3.141}, pose, None, None
100.02, [INFO], r1, {'battery-level': '20.05'}, battery_charge, None, None
110.00, [INFO], r1, {'y': 15.937, 'x': -36.818, 'yaw': 3.141}, pose, None, None
110.00, [INFO], r1, {'battery-level': '19.55'}, battery_charge, None, None
120.02, [INFO], r1, {'y': 15.424, 'x': -34.74, 'yaw': -3.141}, pose, None, None
120.02, [INFO], r1, {'battery-level': '19.05'}, battery_charge, None, None
130.04, [INFO], r1, {'battery-level': '18.55'}, battery_charge, None, None
130.04, [INFO], r1, {'y': 15.546, 'x': -32.626, 'yaw': -3.141}, pose, None, None
140.03, [INFO], r1, {'y': 15.601, 'x': -30.516, 'yaw': -3.141}, pose, None, None
140.03, [INFO], r1, {'battery-level': '18.05'}, battery_charge, None, None
150.02, [INFO], r1, {'y': 15.738, 'x': -28.398, 'yaw': 3.141}, pose, None, None
150.02, [INFO], r1, {'battery-level': '17.55'}, battery_charge, None, None
160.10, [INFO], r1, {'battery-level': '17.05'}, battery_charge, None, None
160.10, [INFO], r1, {'y': 16.033, 'x': -26.288, 'yaw': 3.141}, pose, None, None
170.08, [INFO], r1, {'battery-level': '16.55'}, battery_charge, None, None
170.08, [INFO], r1, {'y': 15.997, 'x': -24.172, 'yaw': -3.141}, pose, None, None
180.07, [INFO], r1, {'y': 16.126, 'x': -22.063, 'yaw': 3.141}, pose, None, None
180.07, [INFO], r1, {'battery-level': '16.05'}, battery_charge, None, None
190.04, [INFO], r1, {'y': 16.202, 'x': -19.965, 'yaw': 3.141}, pose, None, None
190.04, [INFO], r1, {'battery-level': '15.55'}, battery_charge, None, None
200.10, [INFO], r1, {'y': 16.237, 'x': -17.843, 'yaw': -3.142}, pose, None, None
200.10, [INFO], r1, {'battery-level': '15.05'}, battery_charge, None, None
210.09, [INFO], r1, {'y': 16.08, 'x': -15.744, 'yaw': 3.141}, pose, None, None
210.09, [INFO], r1, {'battery-level': '14.55'}, battery_charge, None, None
220.04, [INFO], r1, {'y': 16.413, 'x': -13.695, 'yaw': 3.141}, pose, None, None
220.04, [INFO], r1, {'battery-level': '14.05'}, battery_charge, None, None
230.03, [INFO], r1, {'y': 17.911, 'x': -13.612, 'yaw': -3.142}, pose, None, None
230.03, [INFO], r1, {'battery-level': '13.55'}, battery_charge, None, None
240.01, [INFO], r1, {'y': 18.007, 'x': -13.629, 'yaw': -3.142}, pose, None, None
240.01, [INFO], r1, {'battery-level': '13.05'}, battery_charge, None, None
241.69, [INFO], r1, skill-success, None, navto, None
241.69, [INFO], r1, started skill, None, approach-nurse, None
241.69, [INFO], r1, sent message, None, None, None
241.69, [INFO], r1, skill-success, None, approach-nurse, None
241.69, [INFO], r1, started skill, None, authenticate-nurse, None
241.69, [INFO], r1, started skill, None, open-drawer, None
241.69, [INFO], r1, sent message, None, None, None
241.69, [INFO], r1, skill-success, None, open-drawer, None
241.69, [INFO], r1, started skill, None, deposit, None
241.69, [INFO], r1, sent message, None, None, None
241.69, [INFO], r1, skill-success, None, deposit, None
241.69, [INFO], r1, started skill, None, close-drawer, None
241.69, [INFO], r1, sent message, None, None, None
241.69, [INFO], r1, skill-success, None, close-drawer, None
241.69, [INFO], r1, started skill, None, navto, None
250.01, [INFO], r1, {'battery-level': '12.55'}, battery_charge, None, None
250.01, [INFO], r1, {'y': 16.45, 'x': -14.104, 'yaw': 3.141}, pose, None, None
260.08, [INFO], r1, {'y': 16.164, 'x': -16.224, 'yaw': 3.14}, pose, None, None
260.08, [INFO], r1, {'battery-level': '12.05'}, battery_charge, None, None
270.08, [INFO], r1, {'battery-level': '11.55'}, battery_charge, None, None
270.08, [INFO], r1, {'y': 16.096, 'x': -18.335, 'yaw': 3.141}, pose, None, None
280.09, [INFO], r1, {'y': 16.282, 'x': -20.463, 'yaw': 3.142}, pose, None, None
280.09, [INFO], r1, {'battery-level': '11.05'}, battery_charge, None, None
290.08, [INFO], r1, {'battery-level': '10.55'}, battery_charge, None, None
290.08, [INFO], r1, {'y': 16.243, 'x': -22.567, 'yaw': 3.142}, pose, None, None
300.06, [INFO], r1, {'y': 16.137, 'x': -24.679, 'yaw': 3.14}, pose, None, None
300.06, [INFO], r1, {'battery-level': '10.05'}, battery_charge, None, None
310.05, [INFO], r1, {'y': 16.009, 'x': -26.798, 'yaw': 3.142}, pose, None, None
310.05, [INFO], r1, {'battery-level': '9.55'}, battery_charge, None, None
320.06, [INFO], r1, {'y': 15.91, 'x': -28.9, 'yaw': 3.142}, pose, None, None
320.06, [INFO], r1, {'battery-level': '9.05'}, battery_charge, None, None
330.07, [INFO], r1, {'y': 15.862, 'x': -31.026, 'yaw': 3.142}, pose, None, None
330.07, [INFO], r1, {'battery-level': '8.55'}, battery_charge, None, None
340.08, [INFO], r1, {'y': 15.666, 'x': -33.146, 'yaw': 3.137}, pose, None, None
340.08, [INFO], r1, {'battery-level': '8.05'}, battery_charge, None, None
350.08, [INFO], r1, {'y': 15.667, 'x': -35.222, 'yaw': -3.141}, pose, None, None
350.08, [INFO], r1, {'battery-level': '7.55'}, battery_charge, None, None
360.08, [INFO], r1, {'y': 17.503, 'x': -36.127, 'yaw': 3.142}, pose, None, None
360.08, [INFO], r1, {'battery-level': '7.05'}, battery_charge, None, None
370.08, [INFO], r1, {'y': 19.629, 'x': -36.192, 'yaw': -3.141}, pose, None, None
370.08, [INFO], r1, {'battery-level': '6.55'}, battery_charge, None, None
380.05, [INFO], r1, {'y': 21.753, 'x': -36.321, 'yaw': 3.141}, pose, None, None
380.05, [INFO], r1, {'battery-level': '6.05'}, battery_charge, None, None
390.05, [INFO], r1, {'y': 23.878, 'x': -36.36, 'yaw': 3.141}, pose, None, None
390.05, [INFO], r1, {'battery-level': '5.55'}, battery_charge, None, None
400.06, [INFO], r1, {'y': 25.992, 'x': -36.341, 'yaw': -3.142}, pose, None, None
400.06, [INFO], r1, {'battery-level': '5.05'}, battery_charge, None, None
402.05, [WARN], r1, LOWBATT, None, None, None
402.05, [WARN], None, end!, None, None, None
410.10, [INFO], r1, {'y': 28.113, 'x': -36.431, 'yaw': -3.141}, pose, None, None
