0.19, [DEBUG], logger, ROBOTS_CONFIG={'capabilities': ['approach_person', 'approach_robot', 'authenticate_person', 'navigation', 'operate_drawer'], 'battery_charge': 0.25, 'nurse_pose': [-13.5, 18.0, -1.57], 'robot_pose': [-39.44, 33.95, 0.0]}, None, None, None
0.19, [DEBUG], logger, Simulation open, None, None, None
10.09, [INFO], r1, {'y': 33.95, 'x': -39.44, 'yaw': 3.142}, pose, None, None
10.09, [INFO], r1, {'battery-level': '24.55'}, battery_charge, None, None
10.96, [INFO], r1, started skill, None, navto, None
20.10, [INFO], r1, {'y': 34.586, 'x': -37.674, 'yaw': -3.138}, pose, None, None
20.10, [INFO], r1, {'battery-level': '24.05'}, battery_charge, None, None
30.01, [INFO], r1, {'y': 32.751, 'x': -37.047, 'yaw': 3.14}, pose, None, None
30.01, [INFO], r1, {'battery-level': '23.55'}, battery_charge, None, None
40.01, [INFO], r1, {'y': 30.651, 'x': -37.038, 'yaw': 3.141}, pose, None, None
40.01, [INFO], r1, {'battery-level': '23.05'}, battery_charge, None, None
50.01, [INFO], r1, {'y': 28.544, 'x': -36.988, 'yaw': 3.141}, pose, None, None
50.01, [INFO], r1, {'battery-level': '22.55'}, battery_charge, None, None
60.02, [INFO], r1, {'y': 26.434, 'x': -37.007, 'yaw': 3.141}, pose, None, None
60.02, [INFO], r1, {'battery-level': '22.05'}, battery_charge, None, None
70.00, [INFO], r1, {'y': 24.336, 'x': -37.007, 'yaw': 3.142}, pose, None, None
70.00, [INFO], r1, {'battery-level': '21.55'}, battery_charge, None, None
80.10, [INFO], r1, {'battery-level': '21.05'}, battery_charge, None, None
80.10, [INFO], r1, {'y': 22.214, 'x': -37.115, 'yaw': 3.141}, pose, None, None
90.09, [INFO], r1, {'y': 20.107, 'x': -37.122, 'yaw': 3.141}, pose, None, None
90.09, [INFO], r1, {'battery-level': '20.55'}, battery_charge, None, None
100.00, [INFO], r1, {'y': 18.017, 'x': -37.105, 'yaw': 3.141}, pose, None, None
100.00, [INFO], r1, {'battery-level': '20.05'}, battery_charge, None, None
110.01, [INFO], r1, {'battery-level': '19.55'}, battery_charge, None, None
110.01, [INFO], r1, {'y': 15.971, 'x': -36.731, 'yaw': 3.141}, pose, None, None
120.09, [INFO], r1, {'y': 15.398, 'x': -34.647, 'yaw': -3.142}, pose, None, None
120.09, [INFO], r1, {'battery-level': '19.05'}, battery_charge, None, None
130.08, [INFO], r1, {'battery-level': '18.55'}, battery_charge, None, None
130.08, [INFO], r1, {'y': 15.498, 'x': -32.53, 'yaw': -3.142}, pose, None, None
140.07, [INFO], r1, {'y': 15.613, 'x': -30.424, 'yaw': -3.139}, pose, None, None
140.07, [INFO], r1, {'battery-level': '18.05'}, battery_charge, None, None
150.05, [INFO], r1, {'y': 15.76, 'x': -28.313, 'yaw': 3.142}, pose, None, None
150.05, [INFO], r1, {'battery-level': '17.55'}, battery_charge, None, None
160.03, [INFO], r1, {'y': 16.015, 'x': -26.208, 'yaw': 3.142}, pose, None, None
160.03, [INFO], r1, {'battery-level': '17.05'}, battery_charge, None, None
170.00, [INFO], r1, {'y': 15.995, 'x': -24.108, 'yaw': 3.142}, pose, None, None
170.00, [INFO], r1, {'battery-level': '16.55'}, battery_charge, None, None
180.06, [INFO], r1, {'y': 16.047, 'x': -21.987, 'yaw': -3.142}, pose, None, None
180.06, [INFO], r1, {'battery-level': '16.05'}, battery_charge, None, None
190.06, [INFO], r1, {'y': 16.16, 'x': -19.876, 'yaw': 3.141}, pose, None, None
190.06, [INFO], r1, {'battery-level': '15.55'}, battery_charge, None, None
200.07, [INFO], r1, {'battery-level': '15.05'}, battery_charge, None, None
200.07, [INFO], r1, {'y': 16.199, 'x': -17.758, 'yaw': 3.142}, pose, None, None
210.05, [INFO], r1, {'y': 16.101, 'x': -15.663, 'yaw': 3.14}, pose, None, None
210.05, [INFO], r1, {'battery-level': '14.55'}, battery_charge, None, None
220.03, [INFO], r1, {'y': 16.356, 'x': -13.619, 'yaw': 3.141}, pose, None, None
220.03, [INFO], r1, {'battery-level': '14.05'}, battery_charge, None, None
230.01, [INFO], r1, {'y': 17.921, 'x': -13.593, 'yaw': 3.14}, pose, None, None
230.01, [INFO], r1, {'battery-level': '13.55'}, battery_charge, None, None
238.72, [INFO], r1, skill-success, None, navto, None
238.72, [INFO], r1, started skill, None, approach-nurse, None
238.72, [INFO], r1, sent message, None, None, None
238.72, [INFO], r1, skill-success, None, approach-nurse, None
238.72, [INFO], r1, started skill, None, authenticate-nurse, None
238.72, [WARN], r1, SKILL-FAILURE, None, authenticate-nurse, None
240.10, [INFO], r1, {'y': 17.94, 'x': -13.628, 'yaw': 3.141}, pose, None, None
240.10, [INFO], r1, {'battery-level': '13.05'}, battery_charge, None, None
250.02, [INFO], r1, {'y': 17.94, 'x': -13.628, 'yaw': -3.142}, pose, None, None
250.02, [INFO], r1, {'battery-level': '12.55'}, battery_charge, None, None
