0.19, [DEBUG], logger, ROBOTS_CONFIG={'capabilities': ['approach_person', 'approach_robot', 'authenticate_person', 'navigation', 'operate_drawer'], 'battery_charge': 0.25, 'nurse_pose': [-11.5, 18.0, -1.57], 'robot_pose': [-39.44, 33.95, 0.0]}, None, None, None
0.19, [DEBUG], logger, Simulation open, None, None, None
10.02, [INFO], r1, {'y': 33.95, 'x': -39.44, 'yaw': -3.142}, pose, None, None
10.02, [INFO], r1, {'battery-level': '24.55'}, battery_charge, None, None
10.41, [INFO], r1, started skill, None, navto, None
20.02, [INFO], r1, {'y': 34.586, 'x': -37.586, 'yaw': -3.142}, pose, None, None
20.02, [INFO], r1, {'battery-level': '24.05'}, battery_charge, None, None
30.05, [INFO], r1, {'battery-level': '23.55'}, battery_charge, None, None
30.05, [INFO], r1, {'y': 32.656, 'x': -37.02, 'yaw': 3.141}, pose, None, None
40.07, [INFO], r1, {'battery-level': '23.05'}, battery_charge, None, None
40.07, [INFO], r1, {'y': 30.523, 'x': -37.007, 'yaw': 3.14}, pose, None, None
50.07, [INFO], r1, {'battery-level': '22.55'}, battery_charge, None, None
50.07, [INFO], r1, {'y': 28.408, 'x': -36.989, 'yaw': 3.141}, pose, None, None
60.08, [INFO], r1, {'y': 26.291, 'x': -37.023, 'yaw': 3.141}, pose, None, None
60.08, [INFO], r1, {'battery-level': '22.05'}, battery_charge, None, None
70.08, [INFO], r1, {'y': 24.172, 'x': -37.018, 'yaw': 3.142}, pose, None, None
70.08, [INFO], r1, {'battery-level': '21.55'}, battery_charge, None, None
80.07, [INFO], r1, {'y': 22.051, 'x': -37.115, 'yaw': 3.142}, pose, None, None
80.07, [INFO], r1, {'battery-level': '21.05'}, battery_charge, None, None
90.07, [INFO], r1, {'battery-level': '20.55'}, battery_charge, None, None
90.07, [INFO], r1, {'y': 19.928, 'x': -37.095, 'yaw': -3.14}, pose, None, None
100.06, [INFO], r1, {'y': 17.801, 'x': -37.003, 'yaw': 3.141}, pose, None, None
100.06, [INFO], r1, {'battery-level': '20.05'}, battery_charge, None, None
110.03, [INFO], r1, {'battery-level': '19.55'}, battery_charge, None, None
110.03, [INFO], r1, {'y': 15.857, 'x': -36.56, 'yaw': 3.142}, pose, None, None
120.03, [INFO], r1, {'y': 15.35, 'x': -34.477, 'yaw': -3.142}, pose, None, None
120.03, [INFO], r1, {'battery-level': '19.05'}, battery_charge, None, None
130.01, [INFO], r1, {'y': 15.548, 'x': -32.354, 'yaw': -3.142}, pose, None, None
130.01, [INFO], r1, {'battery-level': '18.55'}, battery_charge, None, None
140.02, [INFO], r1, {'y': 15.633, 'x': -30.227, 'yaw': 3.142}, pose, None, None
140.02, [INFO], r1, {'battery-level': '18.05'}, battery_charge, None, None
150.09, [INFO], r1, {'y': 15.837, 'x': -28.091, 'yaw': -3.142}, pose, None, None
150.09, [INFO], r1, {'battery-level': '17.55'}, battery_charge, None, None
160.07, [INFO], r1, {'y': 16.017, 'x': -25.978, 'yaw': -3.138}, pose, None, None
160.07, [INFO], r1, {'battery-level': '17.05'}, battery_charge, None, None
170.01, [INFO], r1, {'y': 15.971, 'x': -23.862, 'yaw': 3.141}, pose, None, None
170.01, [INFO], r1, {'battery-level': '16.55'}, battery_charge, None, None
180.01, [INFO], r1, {'y': 16.034, 'x': -21.743, 'yaw': 3.142}, pose, None, None
180.01, [INFO], r1, {'battery-level': '16.05'}, battery_charge, None, None
190.07, [INFO], r1, {'y': 16.188, 'x': -19.606, 'yaw': -3.139}, pose, None, None
190.07, [INFO], r1, {'battery-level': '15.55'}, battery_charge, None, None
200.04, [INFO], r1, {'battery-level': '15.05'}, battery_charge, None, None
200.04, [INFO], r1, {'y': 16.115, 'x': -17.494, 'yaw': 3.142}, pose, None, None
210.09, [INFO], r1, {'battery-level': '14.55'}, battery_charge, None, None
210.09, [INFO], r1, {'y': 16.009, 'x': -15.366, 'yaw': -3.141}, pose, None, None
220.05, [INFO], r1, {'battery-level': '14.05'}, battery_charge, None, None
220.05, [INFO], r1, {'y': 16.205, 'x': -13.246, 'yaw': 3.14}, pose, None, None
230.02, [INFO], r1, {'y': 17.517, 'x': -11.736, 'yaw': -3.142}, pose, None, None
230.02, [INFO], r1, {'battery-level': '13.55'}, battery_charge, None, None
240.10, [INFO], r1, {'y': 17.99, 'x': -11.496, 'yaw': 3.142}, pose, None, None
240.10, [INFO], r1, {'battery-level': '13.05'}, battery_charge, None, None
245.65, [INFO], r1, skill-success, None, navto, None
245.65, [INFO], r1, started skill, None, approach-nurse, None
245.65, [INFO], r1, sent message, None, None, None
245.65, [INFO], r1, skill-success, None, approach-nurse, None
245.65, [INFO], r1, started skill, None, authenticate-nurse, None
245.65, [INFO], r1, sent message, None, None, None
245.65, [INFO], r1, skill-success, None, authenticate-nurse, None
245.65, [INFO], r1, started skill, None, open-drawer, None
245.65, [INFO], r1, sent message, None, None, None
245.65, [INFO], r1, skill-success, None, open-drawer, None
245.65, [INFO], r1, started skill, None, deposit, None
245.65, [INFO], r1, sent message, None, None, None
245.65, [INFO], r1, skill-success, None, deposit, None
245.65, [INFO], r1, started skill, None, close-drawer, None
245.65, [INFO], r1, sent message, None, None, None
245.65, [INFO], r1, skill-success, None, close-drawer, None
245.65, [INFO], r1, started skill, None, navto, None
250.00, [INFO], r1, {'y': 17.191, 'x': -11.856, 'yaw': 3.139}, pose, None, None
250.00, [INFO], r1, {'battery-level': '12.55'}, battery_charge, None, None
260.10, [INFO], r1, {'battery-level': '12.05'}, battery_charge, None, None
260.10, [INFO], r1, {'y': 16.316, 'x': -13.608, 'yaw': 3.142}, pose, None, None
270.08, [INFO], r1, {'y': 16.158, 'x': -15.722, 'yaw': 3.142}, pose, None, None
270.08, [INFO], r1, {'battery-level': '11.55'}, battery_charge, None, None
280.08, [INFO], r1, {'y': 16.15, 'x': -17.845, 'yaw': 3.14}, pose, None, None
280.08, [INFO], r1, {'battery-level': '11.05'}, battery_charge, None, None
290.06, [INFO], r1, {'y': 16.285, 'x': -19.965, 'yaw': 3.141}, pose, None, None
290.06, [INFO], r1, {'battery-level': '10.55'}, battery_charge, None, None
300.01, [INFO], r1, {'y': 16.244, 'x': -22.075, 'yaw': 3.142}, pose, None, None
300.01, [INFO], r1, {'battery-level': '10.05'}, battery_charge, None, None
310.08, [INFO], r1, {'y': 16.133, 'x': -24.21, 'yaw': 3.141}, pose, None, None
310.08, [INFO], r1, {'battery-level': '9.55'}, battery_charge, None, None
320.06, [INFO], r1, {'y': 16.059, 'x': -26.315, 'yaw': 3.141}, pose, None, None
320.06, [INFO], r1, {'battery-level': '9.05'}, battery_charge, None, None
330.05, [INFO], r1, {'y': 16.144, 'x': -28.424, 'yaw': -3.142}, pose, None, None
330.05, [INFO], r1, {'battery-level': '8.55'}, battery_charge, None, None
340.04, [INFO], r1, {'y': 16.109, 'x': -30.547, 'yaw': 3.14}, pose, None, None
340.04, [INFO], r1, {'battery-level': '8.05'}, battery_charge, None, None
350.03, [INFO], r1, {'battery-level': '7.55'}, battery_charge, None, None
350.03, [INFO], r1, {'y': 15.825, 'x': -32.667, 'yaw': -3.141}, pose, None, None
360.03, [INFO], r1, {'y': 15.431, 'x': -34.764, 'yaw': -3.142}, pose, None, None
360.03, [INFO], r1, {'battery-level': '7.05'}, battery_charge, None, None
370.03, [INFO], r1, {'y': 16.975, 'x': -36.114, 'yaw': -3.142}, pose, None, None
370.03, [INFO], r1, {'battery-level': '6.55'}, battery_charge, None, None
380.02, [INFO], r1, {'battery-level': '6.05'}, battery_charge, None, None
380.02, [INFO], r1, {'y': 19.095, 'x': -36.174, 'yaw': -3.138}, pose, None, None
390.02, [INFO], r1, {'y': 21.216, 'x': -36.235, 'yaw': 3.141}, pose, None, None
390.02, [INFO], r1, {'battery-level': '5.55'}, battery_charge, None, None
400.02, [INFO], r1, {'battery-level': '5.05'}, battery_charge, None, None
400.02, [INFO], r1, {'y': 23.328, 'x': -36.339, 'yaw': 3.14}, pose, None, None
402.09, [WARN], r1, LOWBATT, None, None, None
402.09, [WARN], None, end!, None, None, None
410.01, [INFO], r1, {'y': 25.46, 'x': -36.335, 'yaw': 3.141}, pose, None, None
