9.19, [INFO], r1, started skill, None, navto, None
10.05, [INFO], r1, {'y': 33.956, 'x': -39.329, 'yaw': 3.141}, pose, None, None
10.05, [INFO], r1, {'battery-level': '24.55'}, battery_charge, None, None
20.05, [INFO], r1, {'battery-level': '24.05'}, battery_charge, None, None
20.05, [INFO], r1, {'y': 34.451, 'x': -37.378, 'yaw': -3.142}, pose, None, None
30.06, [INFO], r1, {'y': 32.43, 'x': -37.014, 'yaw': 3.14}, pose, None, None
30.06, [INFO], r1, {'battery-level': '23.55'}, battery_charge, None, None
40.00, [INFO], r1, {'y': 30.316, 'x': -37.037, 'yaw': 3.141}, pose, None, None
40.00, [INFO], r1, {'battery-level': '23.05'}, battery_charge, None, None
50.01, [INFO], r1, {'battery-level': '22.55'}, battery_charge, None, None
50.01, [INFO], r1, {'y': 28.188, 'x': -36.993, 'yaw': 3.141}, pose, None, None
60.05, [INFO], r1, {'y': 26.051, 'x': -37.003, 'yaw': 3.141}, pose, None, None
60.05, [INFO], r1, {'battery-level': '22.05'}, battery_charge, None, None
70.05, [INFO], r1, {'y': 23.951, 'x': -36.999, 'yaw': -3.142}, pose, None, None
70.05, [INFO], r1, {'battery-level': '21.55'}, battery_charge, None, None
80.05, [INFO], r1, {'y': 21.852, 'x': -37.128, 'yaw': 3.142}, pose, None, None
80.05, [INFO], r1, {'battery-level': '21.05'}, battery_charge, None, None
90.08, [INFO], r1, {'y': 19.737, 'x': -37.057, 'yaw': 3.141}, pose, None, None
90.08, [INFO], r1, {'battery-level': '20.55'}, battery_charge, None, None
100.06, [INFO], r1, {'y': 17.642, 'x': -37.065, 'yaw': -3.142}, pose, None, None
100.06, [INFO], r1, {'battery-level': '20.05'}, battery_charge, None, None
110.01, [INFO], r1, {'battery-level': '19.55'}, battery_charge, None, None
110.01, [INFO], r1, {'y': 15.775, 'x': -36.546, 'yaw': 3.141}, pose, None, None
120.09, [INFO], r1, {'y': 15.366, 'x': -34.444, 'yaw': 3.142}, pose, None, None
120.09, [INFO], r1, {'battery-level': '19.05'}, battery_charge, None, None
130.06, [INFO], r1, {'y': 15.568, 'x': -32.329, 'yaw': 3.142}, pose, None, None
130.06, [INFO], r1, {'battery-level': '18.55'}, battery_charge, None, None
140.09, [INFO], r1, {'y': 15.625, 'x': -30.228, 'yaw': 3.141}, pose, None, None
140.09, [INFO], r1, {'battery-level': '18.05'}, battery_charge, None, None
150.07, [INFO], r1, {'battery-level': '17.55'}, battery_charge, None, None
150.07, [INFO], r1, {'y': 15.808, 'x': -28.115, 'yaw': -3.142}, pose, None, None
160.05, [INFO], r1, {'battery-level': '17.05'}, battery_charge, None, None
160.05, [INFO], r1, {'y': 16.005, 'x': -26.013, 'yaw': 3.141}, pose, None, None
170.03, [INFO], r1, {'y': 15.935, 'x': -23.916, 'yaw': 3.141}, pose, None, None
170.03, [INFO], r1, {'battery-level': '16.55'}, battery_charge, None, None
180.01, [INFO], r1, {'battery-level': '16.05'}, battery_charge, None, None
180.01, [INFO], r1, {'y': 16.047, 'x': -21.808, 'yaw': 3.141}, pose, None, None
190.02, [INFO], r1, {'y': 16.16, 'x': -19.681, 'yaw': -3.142}, pose, None, None
190.02, [INFO], r1, {'battery-level': '15.55'}, battery_charge, None, None
200.09, [INFO], r1, {'battery-level': '15.05'}, battery_charge, None, None
200.09, [INFO], r1, {'y': 16.062, 'x': -17.551, 'yaw': 3.142}, pose, None, None
210.07, [INFO], r1, {'y': 15.966, 'x': -15.439, 'yaw': 3.141}, pose, None, None
210.07, [INFO], r1, {'battery-level': '14.55'}, battery_charge, None, None
220.05, [INFO], r1, {'y': 16.165, 'x': -13.327, 'yaw': 3.141}, pose, None, None
220.05, [INFO], r1, {'battery-level': '14.05'}, battery_charge, None, None
230.03, [INFO], r1, {'y': 17.473, 'x': -11.804, 'yaw': 3.142}, pose, None, None
230.03, [INFO], r1, {'battery-level': '13.55'}, battery_charge, None, None
240.07, [INFO], r1, {'y': 17.964, 'x': -11.558, 'yaw': -3.142}, pose, None, None
240.07, [INFO], r1, {'battery-level': '13.05'}, battery_charge, None, None
241.89, [INFO], r1, skill-success, None, navto, None
241.89, [INFO], r1, started skill, None, approach-nurse, None
241.89, [INFO], r1, sent message, None, None, None
241.89, [INFO], r1, skill-success, None, approach-nurse, None
241.89, [INFO], r1, started skill, None, open-drawer, None
241.89, [INFO], r1, sent message, None, None, None
241.89, [INFO], r1, skill-success, None, open-drawer, None
241.89, [INFO], r1, started skill, None, deposit, None
241.89, [INFO], r1, sent message, None, None, None
241.89, [INFO], r1, skill-success, None, deposit, None
241.89, [INFO], r1, started skill, None, close-drawer, None
241.89, [INFO], r1, sent message, None, None, None
241.89, [INFO], r1, skill-success, None, close-drawer, None
241.89, [INFO], r1, started skill, None, navto, None
250.01, [INFO], r1, {'y': 16.539, 'x': -12.369, 'yaw': 3.142}, pose, None, None
250.01, [INFO], r1, {'battery-level': '12.55'}, battery_charge, None, None
260.01, [INFO], r1, {'battery-level': '12.05'}, battery_charge, None, None
260.01, [INFO], r1, {'y': 16.251, 'x': -14.44, 'yaw': -3.142}, pose, None, None
270.08, [INFO], r1, {'y': 16.138, 'x': -16.559, 'yaw': 3.14}, pose, None, None
270.08, [INFO], r1, {'battery-level': '11.55'}, battery_charge, None, None
280.06, [INFO], r1, {'y': 16.224, 'x': -18.668, 'yaw': 3.141}, pose, None, None
280.06, [INFO], r1, {'battery-level': '11.05'}, battery_charge, None, None
290.03, [INFO], r1, {'y': 16.34, 'x': -20.77, 'yaw': 3.137}, pose, None, None
290.03, [INFO], r1, {'battery-level': '10.55'}, battery_charge, None, None
300.09, [INFO], r1, {'battery-level': '10.05'}, battery_charge, None, None
300.09, [INFO], r1, {'y': 16.222, 'x': -22.896, 'yaw': 3.142}, pose, None, None
310.04, [INFO], r1, {'y': 16.105, 'x': -24.978, 'yaw': 3.14}, pose, None, None
310.04, [INFO], r1, {'battery-level': '9.55'}, battery_charge, None, None
320.03, [INFO], r1, {'battery-level': '9.05'}, battery_charge, None, None
320.03, [INFO], r1, {'y': 15.97, 'x': -27.082, 'yaw': 3.141}, pose, None, None
330.01, [INFO], r1, {'y': 16.047, 'x': -29.191, 'yaw': -3.142}, pose, None, None
330.01, [INFO], r1, {'battery-level': '8.55'}, battery_charge, None, None
340.06, [INFO], r1, {'y': 15.945, 'x': -31.308, 'yaw': 3.141}, pose, None, None
340.06, [INFO], r1, {'battery-level': '8.05'}, battery_charge, None, None
350.04, [INFO], r1, {'y': 15.67, 'x': -33.417, 'yaw': 3.141}, pose, None, None
350.04, [INFO], r1, {'battery-level': '7.55'}, battery_charge, None, None
360.08, [INFO], r1, {'y': 15.797, 'x': -35.411, 'yaw': -3.142}, pose, None, None
360.08, [INFO], r1, {'battery-level': '7.05'}, battery_charge, None, None
370.05, [INFO], r1, {'battery-level': '6.55'}, battery_charge, None, None
370.05, [INFO], r1, {'y': 17.707, 'x': -36.121, 'yaw': -3.138}, pose, None, None
380.07, [INFO], r1, {'y': 19.827, 'x': -36.208, 'yaw': 3.141}, pose, None, None
380.07, [INFO], r1, {'battery-level': '6.05'}, battery_charge, None, None
390.01, [INFO], r1, {'battery-level': '5.55'}, battery_charge, None, None
390.01, [INFO], r1, {'y': 21.92, 'x': -36.316, 'yaw': 3.14}, pose, None, None
400.09, [INFO], r1, {'y': 24.049, 'x': -36.308, 'yaw': 3.141}, pose, None, None
400.09, [INFO], r1, {'battery-level': '5.05'}, battery_charge, None, None
402.01, [WARN], r1, LOWBATT, None, None, None
402.01, [WARN], None, end!, None, None, None
