9.45, [INFO], r1, started skill, None, navto, None
10.03, [INFO], r1, {'y': 33.951, 'x': -39.381, 'yaw': 3.141}, pose, None, None
10.03, [INFO], r1, {'battery-level': '24.55'}, battery_charge, None, None
20.06, [INFO], r1, {'y': 34.51, 'x': -37.38, 'yaw': -3.141}, pose, None, None
20.06, [INFO], r1, {'battery-level': '24.05'}, battery_charge, None, None
30.09, [INFO], r1, {'battery-level': '23.55'}, battery_charge, None, None
30.09, [INFO], r1, {'y': 32.474, 'x': -37.046, 'yaw': 3.14}, pose, None, None
40.04, [INFO], r1, {'y': 30.358, 'x': -37.008, 'yaw': 3.141}, pose, None, None
40.04, [INFO], r1, {'battery-level': '23.05'}, battery_charge, None, None
50.00, [INFO], r1, {'y': 28.256, 'x': -37.004, 'yaw': 3.14}, pose, None, None
50.00, [INFO], r1, {'battery-level': '22.55'}, battery_charge, None, None
60.04, [INFO], r1, {'y': 26.123, 'x': -36.987, 'yaw': 3.141}, pose, None, None
60.04, [INFO], r1, {'battery-level': '22.05'}, battery_charge, None, None
70.07, [INFO], r1, {'battery-level': '21.55'}, battery_charge, None, None
70.07, [INFO], r1, {'y': 23.988, 'x': -37.046, 'yaw': 3.141}, pose, None, None
80.08, [INFO], r1, {'y': 21.854, 'x': -37.172, 'yaw': 3.139}, pose, None, None
80.08, [INFO], r1, {'battery-level': '21.05'}, battery_charge, None, None
90.02, [INFO], r1, {'y': 19.741, 'x': -37.117, 'yaw': 3.142}, pose, None, None
90.02, [INFO], r1, {'battery-level': '20.55'}, battery_charge, None, None
100.05, [INFO], r1, {'y': 17.608, 'x': -37.076, 'yaw': 3.14}, pose, None, None
100.05, [INFO], r1, {'battery-level': '20.05'}, battery_charge, None, None
110.08, [INFO], r1, {'y': 15.96, 'x': -36.295, 'yaw': 3.141}, pose, None, None
110.08, [INFO], r1, {'battery-level': '19.55'}, battery_charge, None, None
120.10, [INFO], r1, {'battery-level': '19.05'}, battery_charge, None, None
120.10, [INFO], r1, {'y': 15.334, 'x': -34.248, 'yaw': -3.141}, pose, None, None
130.03, [INFO], r1, {'y': 15.507, 'x': -32.135, 'yaw': 3.142}, pose, None, None
130.03, [INFO], r1, {'battery-level': '18.55'}, battery_charge, None, None
140.02, [INFO], r1, {'y': 15.594, 'x': -30.006, 'yaw': -3.142}, pose, None, None
140.02, [INFO], r1, {'battery-level': '18.05'}, battery_charge, None, None
150.04, [INFO], r1, {'y': 15.815, 'x': -27.871, 'yaw': 3.141}, pose, None, None
150.04, [INFO], r1, {'battery-level': '17.55'}, battery_charge, None, None
160.06, [INFO], r1, {'y': 16.03, 'x': -25.752, 'yaw': 3.142}, pose, None, None
160.06, [INFO], r1, {'battery-level': '17.05'}, battery_charge, None, None
170.07, [INFO], r1, {'y': 16.057, 'x': -23.629, 'yaw': 3.141}, pose, None, None
170.07, [INFO], r1, {'battery-level': '16.55'}, battery_charge, None, None
180.05, [INFO], r1, {'battery-level': '16.05'}, battery_charge, None, None
180.05, [INFO], r1, {'y': 16.147, 'x': -21.504, 'yaw': 3.141}, pose, None, None
190.06, [INFO], r1, {'y': 16.233, 'x': -19.378, 'yaw': -3.142}, pose, None, None
190.06, [INFO], r1, {'battery-level': '15.55'}, battery_charge, None, None
200.05, [INFO], r1, {'battery-level': '15.05'}, battery_charge, None, None
200.05, [INFO], r1, {'y': 16.108, 'x': -17.265, 'yaw': 3.142}, pose, None, None
210.06, [INFO], r1, {'battery-level': '14.55'}, battery_charge, None, None
210.06, [INFO], r1, {'y': 16.039, 'x': -15.144, 'yaw': 3.141}, pose, None, None
220.06, [INFO], r1, {'y': 16.266, 'x': -13.028, 'yaw': -3.142}, pose, None, None
220.06, [INFO], r1, {'battery-level': '14.05'}, battery_charge, None, None
230.05, [INFO], r1, {'y': 17.748, 'x': -11.68, 'yaw': -3.142}, pose, None, None
230.05, [INFO], r1, {'battery-level': '13.55'}, battery_charge, None, None
239.53, [INFO], r1, skill-success, None, navto, None
239.53, [INFO], r1, started skill, None, approach-nurse, None
239.53, [INFO], r1, sent message, None, None, None
239.53, [INFO], r1, skill-success, None, approach-nurse, None
239.53, [INFO], r1, started skill, None, authenticate-nurse, None
239.53, [INFO], r1, sent message, None, None, None
239.53, [INFO], r1, skill-success, None, authenticate-nurse, None
239.53, [INFO], r1, started skill, None, open-drawer, None
239.53, [INFO], r1, sent message, None, None, None
239.53, [INFO], r1, skill-success, None, open-drawer, None
239.53, [INFO], r1, started skill, None, deposit, None
239.53, [INFO], r1, sent message, None, None, None
239.53, [INFO], r1, skill-success, None, deposit, None
239.53, [INFO], r1, started skill, None, close-drawer, None
239.53, [INFO], r1, sent message, None, None, None
239.53, [INFO], r1, skill-success, None, close-drawer, None
239.53, [INFO], r1, started skill, None, navto, None
240.01, [INFO], r1, {'battery-level': '13.05'}, battery_charge, None, None
240.01, [INFO], r1, {'y': 17.974, 'x': -11.538, 'yaw': 3.141}, pose, None, None
250.08, [INFO], r1, {'battery-level': '12.55'}, battery_charge, None, None
250.08, [INFO], r1, {'y': 16.378, 'x': -12.8, 'yaw': 3.142}, pose, None, None
260.07, [INFO], r1, {'y': 16.241, 'x': -14.921, 'yaw': 3.141}, pose, None, None
260.07, [INFO], r1, {'battery-level': '12.05'}, battery_charge, None, None
270.08, [INFO], r1, {'battery-level': '11.55'}, battery_charge, None, None
270.08, [INFO], r1, {'y': 16.152, 'x': -17.029, 'yaw': 3.14}, pose, None, None
280.04, [INFO], r1, {'battery-level': '11.05'}, battery_charge, None, None
280.04, [INFO], r1, {'y': 16.248, 'x': -19.127, 'yaw': -3.142}, pose, None, None
290.08, [INFO], r1, {'battery-level': '10.55'}, battery_charge, None, None
290.08, [INFO], r1, {'y': 16.333, 'x': -21.248, 'yaw': -3.142}, pose, None, None
300.07, [INFO], r1, {'y': 16.172, 'x': -23.371, 'yaw': -3.142}, pose, None, None
300.07, [INFO], r1, {'battery-level': '10.05'}, battery_charge, None, None
310.07, [INFO], r1, {'y': 16.106, 'x': -25.49, 'yaw': 3.14}, pose, None, None
310.07, [INFO], r1, {'battery-level': '9.55'}, battery_charge, None, None
320.06, [INFO], r1, {'y': 15.935, 'x': -27.612, 'yaw': 3.141}, pose, None, None
320.06, [INFO], r1, {'battery-level': '9.05'}, battery_charge, None, None
330.07, [INFO], r1, {'battery-level': '8.55'}, battery_charge, None, None
330.07, [INFO], r1, {'y': 16.005, 'x': -29.722, 'yaw': 3.142}, pose, None, None
340.06, [INFO], r1, {'y': 15.858, 'x': -31.829, 'yaw': 3.14}, pose, None, None
340.06, [INFO], r1, {'battery-level': '8.05'}, battery_charge, None, None
350.02, [INFO], r1, {'y': 15.545, 'x': -33.928, 'yaw': 3.142}, pose, None, None
350.02, [INFO], r1, {'battery-level': '7.55'}, battery_charge, None, None
360.02, [INFO], r1, {'y': 16.273, 'x': -35.765, 'yaw': -3.142}, pose, None, None
360.02, [INFO], r1, {'battery-level': '7.05'}, battery_charge, None, None
370.00, [INFO], r1, {'battery-level': '6.55'}, battery_charge, None, None
370.00, [INFO], r1, {'y': 18.302, 'x': -36.114, 'yaw': -3.142}, pose, None, None
380.00, [INFO], r1, {'y': 20.422, 'x': -36.241, 'yaw': 3.138}, pose, None, None
380.00, [INFO], r1, {'battery-level': '6.05'}, battery_charge, None, None
390.00, [INFO], r1, {'battery-level': '5.55'}, battery_charge, None, None
390.00, [INFO], r1, {'y': 22.536, 'x': -36.322, 'yaw': 3.14}, pose, None, None
400.09, [INFO], r1, {'y': 24.655, 'x': -36.298, 'yaw': 3.14}, pose, None, None
400.09, [INFO], r1, {'battery-level': '5.05'}, battery_charge, None, None
402.04, [WARN], r1, LOWBATT, None, None, None
402.04, [WARN], None, end!, None, None, None
