0.19, [DEBUG], logger, ROBOTS_CONFIG={'capabilities': ['approach_person', 'approach_robot', 'authenticate_person', 'navigation', 'operate_drawer'], 'battery_charge': 0.25, 'nurse_pose': [-28.5, 18.0, -1.57], 'robot_pose': [-38.0, 10.0, 0.0]}, None, None, None
0.19, [DEBUG], logger, Simulation open, None, None, None
10.01, [INFO], r1, {'battery-level': '24.55'}, battery_charge, None, None
10.01, [INFO], r1, {'y': 10.0, 'x': -38.0, 'yaw': -3.142}, pose, None, None
10.59, [INFO], r1, started skill, None, navto, None
20.09, [INFO], r1, {'y': 11.464, 'x': -37.151, 'yaw': 3.142}, pose, None, None
20.09, [INFO], r1, {'battery-level': '24.05'}, battery_charge, None, None
30.07, [INFO], r1, {'y': 13.564, 'x': -37.051, 'yaw': 3.142}, pose, None, None
30.07, [INFO], r1, {'battery-level': '23.55'}, battery_charge, None, None
40.05, [INFO], r1, {'battery-level': '23.05'}, battery_charge, None, None
40.05, [INFO], r1, {'y': 15.568, 'x': -36.906, 'yaw': 3.141}, pose, None, None
50.03, [INFO], r1, {'battery-level': '22.55'}, battery_charge, None, None
50.03, [INFO], r1, {'y': 15.517, 'x': -34.911, 'yaw': 3.142}, pose, None, None
60.02, [INFO], r1, {'y': 15.509, 'x': -32.791, 'yaw': -3.139}, pose, None, None
60.02, [INFO], r1, {'battery-level': '22.05'}, battery_charge, None, None
70.00, [INFO], r1, {'y': 15.54, 'x': -30.692, 'yaw': 3.142}, pose, None, None
70.00, [INFO], r1, {'battery-level': '21.55'}, battery_charge, None, None
80.08, [INFO], r1, {'y': 15.725, 'x': -28.617, 'yaw': 3.141}, pose, None, None
80.08, [INFO], r1, {'battery-level': '21.05'}, battery_charge, None, None
90.08, [INFO], r1, {'y': 15.781, 'x': -28.544, 'yaw': -3.142}, pose, None, None
90.08, [INFO], r1, {'battery-level': '20.55'}, battery_charge, None, None
100.09, [INFO], r1, {'battery-level': '20.05'}, battery_charge, None, None
100.09, [INFO], r1, {'y': 17.054, 'x': -28.256, 'yaw': -3.138}, pose, None, None
110.09, [INFO], r1, {'y': 16.535, 'x': -28.653, 'yaw': -3.142}, pose, None, None
110.09, [INFO], r1, {'battery-level': '19.55'}, battery_charge, None, None
120.07, [INFO], r1, {'y': 16.722, 'x': -28.546, 'yaw': 3.14}, pose, None, None
120.07, [INFO], r1, {'battery-level': '19.05'}, battery_charge, None, None
130.03, [INFO], r1, {'battery-level': '18.55'}, battery_charge, None, None
130.03, [INFO], r1, {'y': 16.719, 'x': -28.627, 'yaw': -3.141}, pose, None, None
140.01, [INFO], r1, {'y': 16.666, 'x': -28.54, 'yaw': 3.141}, pose, None, None
140.01, [INFO], r1, {'battery-level': '18.05'}, battery_charge, None, None
150.00, [INFO], r1, {'y': 17.037, 'x': -28.443, 'yaw': 3.141}, pose, None, None
150.00, [INFO], r1, {'battery-level': '17.55'}, battery_charge, None, None
160.06, [INFO], r1, {'y': 16.621, 'x': -28.632, 'yaw': -3.141}, pose, None, None
160.06, [INFO], r1, {'battery-level': '17.05'}, battery_charge, None, None
170.05, [INFO], r1, {'y': 16.927, 'x': -28.63, 'yaw': -3.138}, pose, None, None
170.05, [INFO], r1, {'battery-level': '16.55'}, battery_charge, None, None
180.05, [INFO], r1, {'battery-level': '16.05'}, battery_charge, None, None
180.05, [INFO], r1, {'y': 16.977, 'x': -28.348, 'yaw': 3.139}, pose, None, None
190.04, [INFO], r1, {'y': 16.806, 'x': -28.643, 'yaw': -3.139}, pose, None, None
190.04, [INFO], r1, {'battery-level': '15.55'}, battery_charge, None, None
200.04, [INFO], r1, {'y': 16.88, 'x': -28.732, 'yaw': -3.142}, pose, None, None
200.04, [INFO], r1, {'battery-level': '15.05'}, battery_charge, None, None
210.10, [INFO], r1, {'y': 16.695, 'x': -28.558, 'yaw': -3.142}, pose, None, None
210.10, [INFO], r1, {'battery-level': '14.55'}, battery_charge, None, None
220.10, [INFO], r1, {'y': 16.945, 'x': -28.457, 'yaw': 3.142}, pose, None, None
220.10, [INFO], r1, {'battery-level': '14.05'}, battery_charge, None, None
230.06, [INFO], r1, {'y': 17.01, 'x': -28.494, 'yaw': 3.141}, pose, None, None
230.06, [INFO], r1, {'battery-level': '13.55'}, battery_charge, None, None
240.07, [INFO], r1, {'battery-level': '13.05'}, battery_charge, None, None
240.07, [INFO], r1, {'y': 16.776, 'x': -28.701, 'yaw': 3.141}, pose, None, None
250.07, [INFO], r1, {'battery-level': '12.55'}, battery_charge, None, None
250.07, [INFO], r1, {'y': 16.634, 'x': -28.6, 'yaw': 3.14}, pose, None, None
260.04, [INFO], r1, {'y': 17.191, 'x': -28.318, 'yaw': -3.142}, pose, None, None
260.04, [INFO], r1, {'battery-level': '12.05'}, battery_charge, None, None
270.00, [INFO], r1, {'y': 16.81, 'x': -28.423, 'yaw': 3.14}, pose, None, None
270.00, [INFO], r1, {'battery-level': '11.55'}, battery_charge, None, None
276.15, [WARN], r1, SKILL-FAILURE, None, navto, None
