0.19, [DEBUG], logger, ROBOTS_CONFIG={'capabilities': ['approach_person', 'approach_robot', 'authenticate_person', 'navigation', 'operate_drawer'], 'battery_charge': 0.25, 'nurse_pose': [-27.25, 13.0, 1.57], 'robot_pose': [-32.88, 33.98, 3.14]}, None, None, None
0.19, [DEBUG], logger, Simulation open, None, None, None
10.09, [INFO], r1, {'y': 33.98, 'x': -32.88, 'yaw': -3.142}, pose, None, None
10.09, [INFO], r1, {'battery-level': '24.55'}, battery_charge, None, None
10.96, [INFO], r1, started skill, None, navto, None
20.09, [INFO], r1, {'y': 34.639, 'x': -34.636, 'yaw': 3.142}, pose, None, None
20.09, [INFO], r1, {'battery-level': '24.05'}, battery_charge, None, None
30.03, [INFO], r1, {'y': 33.797, 'x': -36.201, 'yaw': 3.142}, pose, None, None
30.03, [INFO], r1, {'battery-level': '23.55'}, battery_charge, None, None
40.04, [INFO], r1, {'battery-level': '23.05'}, battery_charge, None, None
40.04, [INFO], r1, {'y': 31.686, 'x': -36.252, 'yaw': -3.141}, pose, None, None
50.05, [INFO], r1, {'y': 29.572, 'x': -36.27, 'yaw': 3.141}, pose, None, None
50.05, [INFO], r1, {'battery-level': '22.55'}, battery_charge, None, None
60.05, [INFO], r1, {'battery-level': '22.05'}, battery_charge, None, None
60.05, [INFO], r1, {'y': 27.456, 'x': -36.34, 'yaw': 3.14}, pose, None, None
70.05, [INFO], r1, {'y': 25.344, 'x': -36.432, 'yaw': 3.141}, pose, None, None
70.05, [INFO], r1, {'battery-level': '21.55'}, battery_charge, None, None
80.06, [INFO], r1, {'y': 23.221, 'x': -36.503, 'yaw': 3.142}, pose, None, None
80.06, [INFO], r1, {'battery-level': '21.05'}, battery_charge, None, None
90.09, [INFO], r1, {'y': 21.114, 'x': -36.647, 'yaw': 3.141}, pose, None, None
90.09, [INFO], r1, {'battery-level': '20.55'}, battery_charge, None, None
100.07, [INFO], r1, {'battery-level': '20.05'}, battery_charge, None, None
100.07, [INFO], r1, {'y': 19.006, 'x': -36.72, 'yaw': -3.142}, pose, None, None
110.06, [INFO], r1, {'y': 16.892, 'x': -36.787, 'yaw': -3.142}, pose, None, None
110.06, [INFO], r1, {'battery-level': '19.55'}, battery_charge, None, None
120.05, [INFO], r1, {'battery-level': '19.05'}, battery_charge, None, None
120.05, [INFO], r1, {'y': 15.673, 'x': -35.593, 'yaw': 3.142}, pose, None, None
130.05, [INFO], r1, {'y': 15.435, 'x': -33.491, 'yaw': -3.141}, pose, None, None
130.05, [INFO], r1, {'battery-level': '18.55'}, battery_charge, None, None
140.02, [INFO], r1, {'y': 15.481, 'x': -31.38, 'yaw': -3.142}, pose, None, None
140.02, [INFO], r1, {'battery-level': '18.05'}, battery_charge, None, None
150.03, [INFO], r1, {'y': 15.644, 'x': -29.272, 'yaw': -3.142}, pose, None, None
150.03, [INFO], r1, {'battery-level': '17.55'}, battery_charge, None, None
160.01, [INFO], r1, {'y': 15.403, 'x': -27.399, 'yaw': 3.142}, pose, None, None
160.01, [INFO], r1, {'battery-level': '17.05'}, battery_charge, None, None
170.09, [INFO], r1, {'y': 13.293, 'x': -27.391, 'yaw': 3.142}, pose, None, None
170.09, [INFO], r1, {'battery-level': '16.55'}, battery_charge, None, None
180.09, [INFO], r1, {'y': 12.917, 'x': -27.36, 'yaw': 3.141}, pose, None, None
180.09, [INFO], r1, {'battery-level': '16.05'}, battery_charge, None, None
180.28, [INFO], r1, skill-success, None, navto, None
180.28, [INFO], r1, started skill, None, approach-nurse, None
180.28, [INFO], r1, sent message, None, None, None
180.28, [INFO], r1, skill-success, None, approach-nurse, None
180.28, [INFO], r1, started skill, None, authenticate-nurse, None
180.28, [INFO], r1, sent message, None, None, None
180.28, [INFO], r1, skill-success, None, authenticate-nurse, None
180.28, [INFO], r1, started skill, None, open-drawer, None
180.28, [INFO], r1, sent message, None, None, None
180.28, [INFO], r1, skill-success, None, open-drawer, None
180.28, [INFO], r1, started skill, None, deposit, None
180.28, [INFO], r1, sent message, None, None, None
180.28, [INFO], r1, skill-success, None, deposit, None
180.28, [INFO], r1, started skill, None, close-drawer, None
180.38, [INFO], r1, sent message, None, None, None
180.38, [INFO], r1, skill-success, None, close-drawer, None
180.38, [INFO], r1, started skill, None, navto, None
190.06, [INFO], r1, {'y': 14.908, 'x': -27.354, 'yaw': -3.142}, pose, None, None
190.06, [INFO], r1, {'battery-level': '15.55'}, battery_charge, None, None
200.06, [INFO], r1, {'battery-level': '15.05'}, battery_charge, None, None
200.06, [INFO], r1, {'y': 15.66, 'x': -28.709, 'yaw': 3.141}, pose, None, None
210.09, [INFO], r1, {'y': 15.563, 'x': -30.816, 'yaw': 3.142}, pose, None, None
210.09, [INFO], r1, {'battery-level': '14.55'}, battery_charge, None, None
220.06, [INFO], r1, {'battery-level': '14.05'}, battery_charge, None, None
220.06, [INFO], r1, {'y': 15.489, 'x': -32.919, 'yaw': -3.142}, pose, None, None
230.07, [INFO], r1, {'y': 15.543, 'x': -35.029, 'yaw': -3.142}, pose, None, None
230.07, [INFO], r1, {'battery-level': '13.55'}, battery_charge, None, None
240.07, [INFO], r1, {'y': 17.264, 'x': -36.134, 'yaw': -3.142}, pose, None, None
240.07, [INFO], r1, {'battery-level': '13.05'}, battery_charge, None, None
250.08, [INFO], r1, {'y': 19.386, 'x': -36.191, 'yaw': 3.141}, pose, None, None
250.08, [INFO], r1, {'battery-level': '12.55'}, battery_charge, None, None
260.07, [INFO], r1, {'y': 21.496, 'x': -36.29, 'yaw': -3.142}, pose, None, None
260.07, [INFO], r1, {'battery-level': '12.05'}, battery_charge, None, None
270.08, [INFO], r1, {'y': 23.602, 'x': -36.326, 'yaw': -3.141}, pose, None, None
270.08, [INFO], r1, {'battery-level': '11.55'}, battery_charge, None, None
280.00, [INFO], r1, {'y': 25.694, 'x': -36.268, 'yaw': -3.142}, pose, None, None
280.00, [INFO], r1, {'battery-level': '11.05'}, battery_charge, None, None
290.00, [INFO], r1, {'y': 27.794, 'x': -36.342, 'yaw': -3.141}, pose, None, None
290.00, [INFO], r1, {'battery-level': '10.55'}, battery_charge, None, None
300.04, [INFO], r1, {'y': 29.913, 'x': -36.43, 'yaw': -3.142}, pose, None, None
300.04, [INFO], r1, {'battery-level': '10.05'}, battery_charge, None, None
310.06, [INFO], r1, {'y': 32.03, 'x': -36.543, 'yaw': -3.142}, pose, None, None
310.06, [INFO], r1, {'battery-level': '9.55'}, battery_charge, None, None
320.09, [INFO], r1, {'y': 34.123, 'x': -36.964, 'yaw': 3.139}, pose, None, None
320.09, [INFO], r1, {'battery-level': '9.05'}, battery_charge, None, None
330.01, [INFO], r1, {'y': 36.034, 'x': -36.959, 'yaw': 3.142}, pose, None, None
330.01, [INFO], r1, {'battery-level': '8.55'}, battery_charge, None, None
336.76, [INFO], r1, skill-success, None, navto, None
336.76, [INFO], r1, started skill, None, approach-arm, None
336.76, [INFO], r1, sent message, None, None, None
336.76, [INFO], r1, skill-success, None, approach-arm, None
336.76, [INFO], r1, started skill, None, open-drawer, None
336.76, [INFO], r1, sent message, None, None, None
336.76, [INFO], r1, skill-success, None, open-drawer, None
336.76, [INFO], r1, started skill, None, pick-up-sample, None
336.76, [INFO], r1, sent message, None, None, None
336.76, [INFO], r1, skill-success, None, pick-up-sample, None
336.76, [INFO], r1, started skill, None, close-drawer, None
336.76, [INFO], r1, sent message, None, None, None
336.76, [INFO], r1, skill-success, None, close-drawer, None
336.76, [WARN], r1, SUCCESS, None, None, None
