9.22, [INFO], r1, started skill, None, navto, None
10.00, [INFO], r1, {'y': 33.983, 'x': -32.958, 'yaw': 3.141}, pose, None, None
10.00, [INFO], r1, {'battery-level': '24.55'}, battery_charge, None, None
20.08, [INFO], r1, {'y': 34.686, 'x': -34.987, 'yaw': 3.142}, pose, None, None
20.08, [INFO], r1, {'battery-level': '24.05'}, battery_charge, None, None
30.04, [INFO], r1, {'y': 33.455, 'x': -36.201, 'yaw': 3.142}, pose, None, None
30.04, [INFO], r1, {'battery-level': '23.55'}, battery_charge, None, None
40.06, [INFO], r1, {'y': 31.334, 'x': -36.25, 'yaw': 3.14}, pose, None, None
40.06, [INFO], r1, {'battery-level': '23.05'}, battery_charge, None, None
50.02, [INFO], r1, {'y': 29.229, 'x': -36.326, 'yaw': -3.142}, pose, None, None
50.02, [INFO], r1, {'battery-level': '22.55'}, battery_charge, None, None
60.07, [INFO], r1, {'y': 27.1, 'x': -36.392, 'yaw': 3.14}, pose, None, None
60.07, [INFO], r1, {'battery-level': '22.05'}, battery_charge, None, None
70.07, [INFO], r1, {'battery-level': '21.55'}, battery_charge, None, None
70.07, [INFO], r1, {'y': 24.975, 'x': -36.461, 'yaw': 3.142}, pose, None, None
80.04, [INFO], r1, {'battery-level': '21.05'}, battery_charge, None, None
80.04, [INFO], r1, {'y': 22.864, 'x': -36.613, 'yaw': 3.142}, pose, None, None
90.06, [INFO], r1, {'y': 20.758, 'x': -36.697, 'yaw': 3.136}, pose, None, None
90.06, [INFO], r1, {'battery-level': '20.55'}, battery_charge, None, None
100.07, [INFO], r1, {'y': 18.62, 'x': -36.705, 'yaw': -3.141}, pose, None, None
100.07, [INFO], r1, {'battery-level': '20.05'}, battery_charge, None, None
110.03, [INFO], r1, {'y': 16.522, 'x': -36.799, 'yaw': 3.141}, pose, None, None
110.03, [INFO], r1, {'battery-level': '19.55'}, battery_charge, None, None
120.04, [INFO], r1, {'y': 15.465, 'x': -35.155, 'yaw': 3.142}, pose, None, None
120.04, [INFO], r1, {'battery-level': '19.05'}, battery_charge, None, None
130.03, [INFO], r1, {'battery-level': '18.55'}, battery_charge, None, None
130.03, [INFO], r1, {'y': 15.42, 'x': -33.044, 'yaw': 3.142}, pose, None, None
140.03, [INFO], r1, {'y': 15.566, 'x': -30.927, 'yaw': -3.141}, pose, None, None
140.03, [INFO], r1, {'battery-level': '18.05'}, battery_charge, None, None
150.03, [INFO], r1, {'y': 15.764, 'x': -28.809, 'yaw': 3.141}, pose, None, None
150.03, [INFO], r1, {'battery-level': '17.55'}, battery_charge, None, None
160.04, [INFO], r1, {'battery-level': '17.05'}, battery_charge, None, None
160.04, [INFO], r1, {'y': 14.952, 'x': -27.332, 'yaw': 3.142}, pose, None, None
170.01, [INFO], r1, {'y': 13.053, 'x': -27.355, 'yaw': 3.141}, pose, None, None
170.01, [INFO], r1, {'battery-level': '16.55'}, battery_charge, None, None
178.55, [INFO], r1, skill-success, None, navto, None
178.55, [INFO], r1, started skill, None, approach-nurse, None
178.55, [INFO], r1, sent message, None, None, None
178.55, [INFO], r1, skill-success, None, approach-nurse, None
178.55, [INFO], r1, started skill, None, authenticate-nurse, None
178.55, [INFO], r1, started skill, None, open-drawer, None
178.55, [INFO], r1, sent message, None, None, None
178.55, [INFO], r1, skill-success, None, open-drawer, None
178.55, [INFO], r1, started skill, None, deposit, None
178.55, [INFO], r1, sent message, None, None, None
178.55, [INFO], r1, skill-success, None, deposit, None
178.55, [INFO], r1, started skill, None, close-drawer, None
178.55, [INFO], r1, sent message, None, None, None
178.55, [INFO], r1, skill-success, None, close-drawer, None
178.55, [INFO], r1, started skill, None, navto, None
180.07, [INFO], r1, {'battery-level': '16.05'}, battery_charge, None, None
180.07, [INFO], r1, {'y': 13.223, 'x': -27.329, 'yaw': -3.141}, pose, None, None
190.03, [INFO], r1, {'battery-level': '15.55'}, battery_charge, None, None
190.03, [INFO], r1, {'y': 15.328, 'x': -27.4, 'yaw': -3.142}, pose, None, None
200.03, [INFO], r1, {'y': 15.604, 'x': -29.21, 'yaw': 3.142}, pose, None, None
200.03, [INFO], r1, {'battery-level': '15.05'}, battery_charge, None, None
210.04, [INFO], r1, {'battery-level': '14.55'}, battery_charge, None, None
210.04, [INFO], r1, {'y': 15.575, 'x': -31.338, 'yaw': 3.141}, pose, None, None
220.03, [INFO], r1, {'y': 15.526, 'x': -33.441, 'yaw': 3.142}, pose, None, None
220.03, [INFO], r1, {'battery-level': '14.05'}, battery_charge, None, None
230.03, [INFO], r1, {'y': 15.903, 'x': -35.443, 'yaw': -3.142}, pose, None, None
230.03, [INFO], r1, {'battery-level': '13.55'}, battery_charge, None, None
240.05, [INFO], r1, {'y': 17.831, 'x': -36.099, 'yaw': 3.141}, pose, None, None
240.05, [INFO], r1, {'battery-level': '13.05'}, battery_charge, None, None
250.02, [INFO], r1, {'battery-level': '12.55'}, battery_charge, None, None
250.02, [INFO], r1, {'y': 19.934, 'x': -36.208, 'yaw': 3.142}, pose, None, None
260.09, [INFO], r1, {'y': 22.056, 'x': -36.304, 'yaw': 3.141}, pose, None, None
260.09, [INFO], r1, {'battery-level': '12.05'}, battery_charge, None, None
270.08, [INFO], r1, {'battery-level': '11.55'}, battery_charge, None, None
270.08, [INFO], r1, {'y': 24.165, 'x': -36.303, 'yaw': 3.141}, pose, None, None
280.08, [INFO], r1, {'y': 26.277, 'x': -36.306, 'yaw': 3.141}, pose, None, None
280.08, [INFO], r1, {'battery-level': '11.05'}, battery_charge, None, None
290.08, [INFO], r1, {'y': 28.392, 'x': -36.341, 'yaw': 3.141}, pose, None, None
290.08, [INFO], r1, {'battery-level': '10.55'}, battery_charge, None, None
300.09, [INFO], r1, {'battery-level': '10.05'}, battery_charge, None, None
300.09, [INFO], r1, {'y': 30.524, 'x': -36.428, 'yaw': 3.141}, pose, None, None
310.05, [INFO], r1, {'y': 32.633, 'x': -36.614, 'yaw': 3.14}, pose, None, None
310.05, [INFO], r1, {'battery-level': '9.55'}, battery_charge, None, None
320.09, [INFO], r1, {'y': 34.756, 'x': -36.828, 'yaw': 3.141}, pose, None, None
320.09, [INFO], r1, {'battery-level': '9.05'}, battery_charge, None, None
330.08, [INFO], r1, {'battery-level': '8.55'}, battery_charge, None, None
330.08, [INFO], r1, {'y': 36.12, 'x': -36.962, 'yaw': -3.141}, pose, None, None
333.95, [INFO], r1, skill-success, None, navto, None
333.95, [INFO], r1, started skill, None, approach-arm, None
333.95, [INFO], r1, sent message, None, None, None
333.95, [INFO], r1, started skill, None, open-drawer, None
333.95, [INFO], r1, sent message, None, None, None
333.95, [INFO], r1, skill-success, None, open-drawer, None
333.95, [INFO], r1, started skill, None, pick-up-sample, None
333.95, [INFO], r1, sent message, None, None, None
333.95, [INFO], r1, skill-success, None, pick-up-sample, None
333.95, [INFO], r1, started skill, None, close-drawer, None
333.95, [INFO], r1, sent message, None, None, None
333.95, [INFO], r1, skill-success, None, close-drawer, None
333.95, [WARN], r1, SUCCESS, None, None, None
