9.43, [INFO], r1, started skill, None, navto, None
10.02, [INFO], r1, {'y': 33.981, 'x': -32.929, 'yaw': 3.141}, pose, None, None
10.02, [INFO], r1, {'battery-level': '24.55'}, battery_charge, None, None
20.04, [INFO], r1, {'y': 34.63, 'x': -34.96, 'yaw': -3.142}, pose, None, None
20.04, [INFO], r1, {'battery-level': '24.05'}, battery_charge, None, None
30.09, [INFO], r1, {'battery-level': '23.55'}, battery_charge, None, None
30.09, [INFO], r1, {'y': 33.458, 'x': -36.229, 'yaw': 3.142}, pose, None, None
40.02, [INFO], r1, {'battery-level': '23.05'}, battery_charge, None, None
40.02, [INFO], r1, {'y': 31.358, 'x': -36.238, 'yaw': 3.141}, pose, None, None
50.03, [INFO], r1, {'y': 29.25, 'x': -36.279, 'yaw': 3.142}, pose, None, None
50.03, [INFO], r1, {'battery-level': '22.55'}, battery_charge, None, None
60.05, [INFO], r1, {'y': 27.137, 'x': -36.352, 'yaw': 3.141}, pose, None, None
60.05, [INFO], r1, {'battery-level': '22.05'}, battery_charge, None, None
70.08, [INFO], r1, {'y': 25.021, 'x': -36.443, 'yaw': 3.141}, pose, None, None
70.08, [INFO], r1, {'battery-level': '21.55'}, battery_charge, None, None
80.02, [INFO], r1, {'battery-level': '21.05'}, battery_charge, None, None
80.02, [INFO], r1, {'y': 22.93, 'x': -36.535, 'yaw': 3.14}, pose, None, None
90.02, [INFO], r1, {'y': 20.823, 'x': -36.648, 'yaw': -3.142}, pose, None, None
90.02, [INFO], r1, {'battery-level': '20.55'}, battery_charge, None, None
100.03, [INFO], r1, {'battery-level': '20.05'}, battery_charge, None, None
100.03, [INFO], r1, {'y': 18.722, 'x': -36.693, 'yaw': 3.142}, pose, None, None
110.04, [INFO], r1, {'y': 16.614, 'x': -36.78, 'yaw': 3.141}, pose, None, None
110.04, [INFO], r1, {'battery-level': '19.55'}, battery_charge, None, None
120.04, [INFO], r1, {'battery-level': '19.05'}, battery_charge, None, None
120.04, [INFO], r1, {'y': 15.576, 'x': -35.291, 'yaw': 3.142}, pose, None, None
130.02, [INFO], r1, {'battery-level': '18.55'}, battery_charge, None, None
130.02, [INFO], r1, {'y': 15.459, 'x': -33.192, 'yaw': 3.137}, pose, None, None
140.08, [INFO], r1, {'y': 15.578, 'x': -31.065, 'yaw': -3.141}, pose, None, None
140.08, [INFO], r1, {'battery-level': '18.05'}, battery_charge, None, None
150.06, [INFO], r1, {'y': 15.777, 'x': -28.958, 'yaw': 3.141}, pose, None, None
150.06, [INFO], r1, {'battery-level': '17.55'}, battery_charge, None, None
160.03, [INFO], r1, {'battery-level': '17.05'}, battery_charge, None, None
160.03, [INFO], r1, {'y': 15.209, 'x': -27.26, 'yaw': 3.141}, pose, None, None
170.01, [INFO], r1, {'y': 13.158, 'x': -27.394, 'yaw': 3.142}, pose, None, None
170.01, [INFO], r1, {'battery-level': '16.55'}, battery_charge, None, None
180.06, [INFO], r1, {'y': 12.977, 'x': -27.376, 'yaw': 3.142}, pose, None, None
180.06, [INFO], r1, {'battery-level': '16.05'}, battery_charge, None, None
180.45, [INFO], r1, skill-success, None, navto, None
180.45, [INFO], r1, started skill, None, approach-nurse, None
180.45, [INFO], r1, sent message, None, None, None
180.45, [INFO], r1, started skill, None, open-drawer, None
180.45, [INFO], r1, sent message, None, None, None
180.45, [INFO], r1, skill-success, None, open-drawer, None
180.45, [INFO], r1, started skill, None, deposit, None
180.55, [INFO], r1, sent message, None, None, None
180.55, [INFO], r1, skill-success, None, deposit, None
180.55, [INFO], r1, started skill, None, close-drawer, None
180.55, [INFO], r1, sent message, None, None, None
180.55, [INFO], r1, skill-success, None, close-drawer, None
180.55, [INFO], r1, started skill, None, navto, None
190.04, [INFO], r1, {'y': 14.929, 'x': -27.463, 'yaw': -3.142}, pose, None, None
190.04, [INFO], r1, {'battery-level': '15.55'}, battery_charge, None, None
200.10, [INFO], r1, {'y': 15.692, 'x': -28.782, 'yaw': 3.141}, pose, None, None
200.10, [INFO], r1, {'battery-level': '15.05'}, battery_charge, None, None
210.01, [INFO], r1, {'y': 15.641, 'x': -30.866, 'yaw': -3.142}, pose, None, None
210.01, [INFO], r1, {'battery-level': '14.55'}, battery_charge, None, None
220.00, [INFO], r1, {'y': 15.579, 'x': -32.973, 'yaw': 3.137}, pose, None, None
220.00, [INFO], r1, {'battery-level': '14.05'}, battery_charge, None, None
230.08, [INFO], r1, {'battery-level': '13.55'}, battery_charge, None, None
230.08, [INFO], r1, {'y': 15.499, 'x': -35.098, 'yaw': -3.142}, pose, None, None
240.07, [INFO], r1, {'y': 17.271, 'x': -36.121, 'yaw': 3.142}, pose, None, None
240.07, [INFO], r1, {'battery-level': '13.05'}, battery_charge, None, None
250.05, [INFO], r1, {'battery-level': '12.55'}, battery_charge, None, None
250.05, [INFO], r1, {'y': 19.379, 'x': -36.151, 'yaw': 3.142}, pose, None, None
260.07, [INFO], r1, {'battery-level': '12.05'}, battery_charge, None, None
260.07, [INFO], r1, {'y': 21.487, 'x': -36.297, 'yaw': 3.141}, pose, None, None
270.02, [INFO], r1, {'battery-level': '11.55'}, battery_charge, None, None
270.02, [INFO], r1, {'y': 23.58, 'x': -36.338, 'yaw': 3.14}, pose, None, None
280.08, [INFO], r1, {'battery-level': '11.05'}, battery_charge, None, None
280.08, [INFO], r1, {'y': 25.7, 'x': -36.264, 'yaw': 3.141}, pose, None, None
290.04, [INFO], r1, {'y': 27.809, 'x': -36.301, 'yaw': 3.141}, pose, None, None
290.04, [INFO], r1, {'battery-level': '10.55'}, battery_charge, None, None
300.08, [INFO], r1, {'y': 29.923, 'x': -36.378, 'yaw': -3.142}, pose, None, None
300.08, [INFO], r1, {'battery-level': '10.05'}, battery_charge, None, None
310.02, [INFO], r1, {'y': 32.017, 'x': -36.554, 'yaw': 3.141}, pose, None, None
310.02, [INFO], r1, {'battery-level': '9.55'}, battery_charge, None, None
320.05, [INFO], r1, {'y': 34.121, 'x': -36.92, 'yaw': -3.141}, pose, None, None
320.05, [INFO], r1, {'battery-level': '9.05'}, battery_charge, None, None
330.08, [INFO], r1, {'battery-level': '8.55'}, battery_charge, None, None
330.08, [INFO], r1, {'y': 35.979, 'x': -36.952, 'yaw': 3.141}, pose, None, None
336.98, [INFO], r1, skill-success, None, navto, None
336.98, [INFO], r1, started skill, None, approach-arm, None
336.98, [INFO], r1, sent message, None, None, None
336.98, [INFO], r1, skill-success, None, approach-arm, None
336.98, [INFO], r1, started skill, None, open-drawer, None
336.98, [INFO], r1, sent message, None, None, None
336.98, [INFO], r1, skill-success, None, open-drawer, None
336.98, [INFO], r1, started skill, None, pick-up-sample, None
336.98, [INFO], r1, sent message, None, None, None
336.98, [INFO], r1, skill-success, None, pick-up-sample, None
336.98, [INFO], r1, started skill, None, close-drawer, None
336.98, [INFO], r1, sent message, None, None, None
336.98, [INFO], r1, skill-success, None, close-drawer, None
336.98, [WARN], r1, SUCCESS, None, None, None
340.04, [INFO], r1, {'y': 36.071, 'x': -36.965, 'yaw': 3.142}, pose, None, None
340.04, [INFO], r1, {'battery-level': '8.05'}, battery_charge, None, None
