9.56, [INFO], r1, started skill, None, navto, None
10.05, [INFO], r1, {'battery-level': '24.55'}, battery_charge, None, None
10.05, [INFO], r1, {'y': 33.98, 'x': -32.922, 'yaw': 3.141}, pose, None, None
20.01, [INFO], r1, {'y': 34.664, 'x': -34.932, 'yaw': 3.142}, pose, None, None
20.01, [INFO], r1, {'battery-level': '24.05'}, battery_charge, None, None
30.08, [INFO], r1, {'y': 33.45, 'x': -36.243, 'yaw': 3.141}, pose, None, None
30.08, [INFO], r1, {'battery-level': '23.55'}, battery_charge, None, None
40.04, [INFO], r1, {'battery-level': '23.05'}, battery_charge, None, None
40.04, [INFO], r1, {'y': 31.334, 'x': -36.204, 'yaw': 3.14}, pose, None, None
50.02, [INFO], r1, {'y': 29.225, 'x': -36.244, 'yaw': -3.142}, pose, None, None
50.02, [INFO], r1, {'battery-level': '22.55'}, battery_charge, None, None
60.01, [INFO], r1, {'y': 27.104, 'x': -36.326, 'yaw': 3.14}, pose, None, None
60.01, [INFO], r1, {'battery-level': '22.05'}, battery_charge, None, None
70.04, [INFO], r1, {'y': 24.978, 'x': -36.426, 'yaw': 3.141}, pose, None, None
70.04, [INFO], r1, {'battery-level': '21.55'}, battery_charge, None, None
80.09, [INFO], r1, {'battery-level': '21.05'}, battery_charge, None, None
80.09, [INFO], r1, {'y': 22.849, 'x': -36.536, 'yaw': 3.141}, pose, None, None
90.08, [INFO], r1, {'battery-level': '20.55'}, battery_charge, None, None
90.08, [INFO], r1, {'y': 20.744, 'x': -36.601, 'yaw': 3.142}, pose, None, None
100.00, [INFO], r1, {'y': 18.654, 'x': -36.68, 'yaw': 3.136}, pose, None, None
100.00, [INFO], r1, {'battery-level': '20.05'}, battery_charge, None, None
110.02, [INFO], r1, {'battery-level': '19.55'}, battery_charge, None, None
110.02, [INFO], r1, {'y': 16.524, 'x': -36.776, 'yaw': 3.141}, pose, None, None
120.06, [INFO], r1, {'y': 15.561, 'x': -35.176, 'yaw': -3.141}, pose, None, None
120.06, [INFO], r1, {'battery-level': '19.05'}, battery_charge, None, None
130.06, [INFO], r1, {'battery-level': '18.55'}, battery_charge, None, None
130.06, [INFO], r1, {'y': 15.475, 'x': -33.057, 'yaw': 3.141}, pose, None, None
140.08, [INFO], r1, {'y': 15.527, 'x': -30.925, 'yaw': 3.142}, pose, None, None
140.08, [INFO], r1, {'battery-level': '18.05'}, battery_charge, None, None
150.01, [INFO], r1, {'battery-level': '17.55'}, battery_charge, None, None
150.01, [INFO], r1, {'y': 15.74, 'x': -28.827, 'yaw': 3.14}, pose, None, None
160.05, [INFO], r1, {'battery-level': '17.05'}, battery_charge, None, None
160.05, [INFO], r1, {'y': 15.945, 'x': -26.713, 'yaw': -3.142}, pose, None, None
170.00, [INFO], r1, {'y': 15.753, 'x': -24.605, 'yaw': 3.141}, pose, None, None
170.00, [INFO], r1, {'battery-level': '16.55'}, battery_charge, None, None
180.02, [INFO], r1, {'y': 15.728, 'x': -22.484, 'yaw': -3.142}, pose, None, None
180.02, [INFO], r1, {'battery-level': '16.05'}, battery_charge, None, None
190.03, [INFO], r1, {'y': 15.57, 'x': -20.38, 'yaw': 3.142}, pose, None, None
190.03, [INFO], r1, {'battery-level': '15.55'}, battery_charge, None, None
200.06, [INFO], r1, {'y': 14.953, 'x': -18.32, 'yaw': -3.142}, pose, None, None
200.06, [INFO], r1, {'battery-level': '15.05'}, battery_charge, None, None
210.06, [INFO], r1, {'y': 13.069, 'x': -18.13, 'yaw': -3.142}, pose, None, None
210.06, [INFO], r1, {'battery-level': '14.55'}, battery_charge, None, None
220.06, [INFO], r1, {'y': 12.916, 'x': -18.099, 'yaw': 3.141}, pose, None, None
220.06, [INFO], r1, {'battery-level': '14.05'}, battery_charge, None, None
224.68, [INFO], r1, skill-success, None, navto, None
224.68, [INFO], r1, started skill, None, approach-nurse, None
224.68, [INFO], r1, sent message, None, None, None
224.68, [INFO], r1, started skill, None, open-drawer, None
224.68, [INFO], r1, sent message, None, None, None
224.68, [INFO], r1, skill-success, None, open-drawer, None
224.68, [INFO], r1, started skill, None, deposit, None
224.68, [INFO], r1, sent message, None, None, None
224.68, [INFO], r1, skill-success, None, deposit, None
224.68, [INFO], r1, started skill, None, close-drawer, None
224.68, [INFO], r1, sent message, None, None, None
224.68, [INFO], r1, skill-success, None, close-drawer, None
224.68, [INFO], r1, started skill, None, navto, None
230.06, [INFO], r1, {'y': 13.984, 'x': -18.191, 'yaw': 3.14}, pose, None, None
230.06, [INFO], r1, {'battery-level': '13.55'}, battery_charge, None, None
240.04, [INFO], r1, {'battery-level': '13.05'}, battery_charge, None, None
240.04, [INFO], r1, {'y': 15.28, 'x': -19.595, 'yaw': 3.141}, pose, None, None
250.06, [INFO], r1, {'battery-level': '12.55'}, battery_charge, None, None
250.06, [INFO], r1, {'y': 15.684, 'x': -21.678, 'yaw': -3.141}, pose, None, None
260.02, [INFO], r1, {'y': 15.692, 'x': -23.783, 'yaw': -3.142}, pose, None, None
260.02, [INFO], r1, {'battery-level': '12.05'}, battery_charge, None, None
270.09, [INFO], r1, {'y': 15.721, 'x': -25.912, 'yaw': 3.141}, pose, None, None
270.09, [INFO], r1, {'battery-level': '11.55'}, battery_charge, None, None
280.03, [INFO], r1, {'y': 15.856, 'x': -28.015, 'yaw': -3.14}, pose, None, None
280.03, [INFO], r1, {'battery-level': '11.05'}, battery_charge, None, None
290.09, [INFO], r1, {'y': 15.946, 'x': -30.141, 'yaw': 3.142}, pose, None, None
290.09, [INFO], r1, {'battery-level': '10.55'}, battery_charge, None, None
300.02, [INFO], r1, {'y': 15.825, 'x': -32.244, 'yaw': 3.141}, pose, None, None
300.02, [INFO], r1, {'battery-level': '10.05'}, battery_charge, None, None
310.01, [INFO], r1, {'y': 15.445, 'x': -34.347, 'yaw': 3.142}, pose, None, None
310.01, [INFO], r1, {'battery-level': '9.55'}, battery_charge, None, None
320.07, [INFO], r1, {'y': 16.601, 'x': -36.003, 'yaw': 3.142}, pose, None, None
320.07, [INFO], r1, {'battery-level': '9.05'}, battery_charge, None, None
330.06, [INFO], r1, {'battery-level': '8.55'}, battery_charge, None, None
330.06, [INFO], r1, {'y': 18.694, 'x': -36.117, 'yaw': -3.142}, pose, None, None
340.04, [INFO], r1, {'y': 20.79, 'x': -36.206, 'yaw': -3.142}, pose, None, None
340.04, [INFO], r1, {'battery-level': '8.05'}, battery_charge, None, None
350.09, [INFO], r1, {'y': 22.927, 'x': -36.32, 'yaw': 3.141}, pose, None, None
350.09, [INFO], r1, {'battery-level': '7.55'}, battery_charge, None, None
360.09, [INFO], r1, {'y': 25.033, 'x': -36.27, 'yaw': 3.141}, pose, None, None
360.09, [INFO], r1, {'battery-level': '7.05'}, battery_charge, None, None
370.00, [INFO], r1, {'y': 27.125, 'x': -36.294, 'yaw': 3.141}, pose, None, None
370.00, [INFO], r1, {'battery-level': '6.55'}, battery_charge, None, None
380.02, [INFO], r1, {'battery-level': '6.05'}, battery_charge, None, None
380.02, [INFO], r1, {'y': 29.248, 'x': -36.309, 'yaw': 3.14}, pose, None, None
390.04, [INFO], r1, {'y': 31.364, 'x': -36.491, 'yaw': 3.142}, pose, None, None
390.04, [INFO], r1, {'battery-level': '5.55'}, battery_charge, None, None
400.05, [INFO], r1, {'y': 33.463, 'x': -36.846, 'yaw': -3.142}, pose, None, None
400.05, [INFO], r1, {'battery-level': '5.05'}, battery_charge, None, None
402.08, [WARN], r1, LOWBATT, None, None, None
402.08, [WARN], None, end!, None, None, None
410.01, [INFO], r1, {'y': 35.561, 'x': -36.963, 'yaw': 3.138}, pose, None, None
