9.88, [INFO], r1, started skill, None, navto, None
10.07, [INFO], r1, {'y': 33.98, 'x': -32.88, 'yaw': 3.142}, pose, None, None
10.07, [INFO], r1, {'battery-level': '24.60'}, battery_charge, None, None
20.00, [INFO], r1, {'y': 34.674, 'x': -34.835, 'yaw': -3.142}, pose, None, None
20.00, [INFO], r1, {'battery-level': '24.10'}, battery_charge, None, None
30.01, [INFO], r1, {'y': 33.561, 'x': -36.195, 'yaw': 3.142}, pose, None, None
30.01, [INFO], r1, {'battery-level': '23.60'}, battery_charge, None, None
40.03, [INFO], r1, {'battery-level': '23.10'}, battery_charge, None, None
40.03, [INFO], r1, {'y': 31.437, 'x': -36.203, 'yaw': 3.141}, pose, None, None
50.09, [INFO], r1, {'y': 29.306, 'x': -36.202, 'yaw': -3.142}, pose, None, None
50.09, [INFO], r1, {'battery-level': '22.60'}, battery_charge, None, None
60.06, [INFO], r1, {'y': 27.198, 'x': -36.292, 'yaw': 3.142}, pose, None, None
60.06, [INFO], r1, {'battery-level': '22.10'}, battery_charge, None, None
70.04, [INFO], r1, {'y': 25.092, 'x': -36.396, 'yaw': 3.141}, pose, None, None
70.04, [INFO], r1, {'battery-level': '21.60'}, battery_charge, None, None
80.03, [INFO], r1, {'battery-level': '21.10'}, battery_charge, None, None
80.03, [INFO], r1, {'y': 22.977, 'x': -36.478, 'yaw': 3.141}, pose, None, None
90.09, [INFO], r1, {'y': 20.852, 'x': -36.653, 'yaw': 3.142}, pose, None, None
90.09, [INFO], r1, {'battery-level': '20.60'}, battery_charge, None, None
100.02, [INFO], r1, {'y': 18.764, 'x': -36.7, 'yaw': -3.141}, pose, None, None
100.02, [INFO], r1, {'battery-level': '20.10'}, battery_charge, None, None
110.09, [INFO], r1, {'battery-level': '19.60'}, battery_charge, None, None
110.09, [INFO], r1, {'y': 16.648, 'x': -36.801, 'yaw': 3.141}, pose, None, None
120.03, [INFO], r1, {'battery-level': '19.10'}, battery_charge, None, None
120.03, [INFO], r1, {'y': 15.599, 'x': -35.374, 'yaw': 3.142}, pose, None, None
130.01, [INFO], r1, {'y': 15.519, 'x': -33.274, 'yaw': 3.139}, pose, None, None
130.01, [INFO], r1, {'battery-level': '18.60'}, battery_charge, None, None
140.03, [INFO], r1, {'battery-level': '18.10'}, battery_charge, None, None
140.03, [INFO], r1, {'y': 15.575, 'x': -31.152, 'yaw': -3.142}, pose, None, None
150.07, [INFO], r1, {'y': 15.751, 'x': -29.03, 'yaw': 3.141}, pose, None, None
150.07, [INFO], r1, {'battery-level': '17.60'}, battery_charge, None, None
160.09, [INFO], r1, {'y': 15.95, 'x': -26.915, 'yaw': 3.141}, pose, None, None
160.09, [INFO], r1, {'battery-level': '17.10'}, battery_charge, None, None
170.04, [INFO], r1, {'y': 15.851, 'x': -24.808, 'yaw': -3.142}, pose, None, None
170.04, [INFO], r1, {'battery-level': '16.60'}, battery_charge, None, None
180.00, [INFO], r1, {'y': 15.834, 'x': -22.707, 'yaw': 3.142}, pose, None, None
180.00, [INFO], r1, {'battery-level': '16.10'}, battery_charge, None, None
190.07, [INFO], r1, {'y': 15.663, 'x': -20.578, 'yaw': -3.141}, pose, None, None
190.07, [INFO], r1, {'battery-level': '15.60'}, battery_charge, None, None
200.04, [INFO], r1, {'battery-level': '15.10'}, battery_charge, None, None
200.04, [INFO], r1, {'y': 15.054, 'x': -18.522, 'yaw': 3.142}, pose, None, None
210.02, [INFO], r1, {'battery-level': '14.60'}, battery_charge, None, None
210.02, [INFO], r1, {'y': 13.179, 'x': -18.144, 'yaw': 3.142}, pose, None, None
220.07, [INFO], r1, {'battery-level': '14.10'}, battery_charge, None, None
220.07, [INFO], r1, {'y': 12.898, 'x': -18.139, 'yaw': -3.142}, pose, None, None
220.95, [INFO], r1, skill-success, None, navto, None
221.05, [INFO], r1, started skill, None, approach-nurse, None
221.05, [INFO], r1, sent message, None, None, None
221.05, [INFO], r1, skill-success, None, approach-nurse, None
221.05, [INFO], r1, started skill, None, open-drawer, None
221.05, [INFO], r1, sent message, None, None, None
221.05, [INFO], r1, skill-success, None, open-drawer, None
221.05, [INFO], r1, started skill, None, deposit, None
221.05, [INFO], r1, sent message, None, None, None
221.05, [INFO], r1, skill-success, None, deposit, None
221.05, [INFO], r1, started skill, None, close-drawer, None
221.05, [INFO], r1, sent message, None, None, None
221.05, [INFO], r1, skill-success, None, close-drawer, None
221.05, [INFO], r1, started skill, None, navto, None
230.02, [INFO], r1, {'y': 14.713, 'x': -18.369, 'yaw': 3.141}, pose, None, None
230.02, [INFO], r1, {'battery-level': '13.60'}, battery_charge, None, None
240.00, [INFO], r1, {'battery-level': '13.10'}, battery_charge, None, None
240.00, [INFO], r1, {'y': 15.536, 'x': -20.332, 'yaw': -3.141}, pose, None, None
250.02, [INFO], r1, {'battery-level': '12.60'}, battery_charge, None, None
250.02, [INFO], r1, {'y': 15.783, 'x': -22.441, 'yaw': -3.141}, pose, None, None
260.10, [INFO], r1, {'y': 15.851, 'x': -24.578, 'yaw': 3.141}, pose, None, None
260.10, [INFO], r1, {'battery-level': '12.10'}, battery_charge, None, None
270.06, [INFO], r1, {'y': 15.838, 'x': -26.671, 'yaw': 3.141}, pose, None, None
270.06, [INFO], r1, {'battery-level': '11.60'}, battery_charge, None, None
280.05, [INFO], r1, {'battery-level': '11.10'}, battery_charge, None, None
280.05, [INFO], r1, {'y': 15.9, 'x': -28.774, 'yaw': -3.139}, pose, None, None
290.03, [INFO], r1, {'y': 15.856, 'x': -30.873, 'yaw': 3.142}, pose, None, None
290.03, [INFO], r1, {'battery-level': '10.60'}, battery_charge, None, None
300.05, [INFO], r1, {'battery-level': '10.10'}, battery_charge, None, None
300.05, [INFO], r1, {'y': 15.699, 'x': -32.989, 'yaw': 3.141}, pose, None, None
310.04, [INFO], r1, {'y': 15.572, 'x': -35.076, 'yaw': -3.141}, pose, None, None
310.04, [INFO], r1, {'battery-level': '9.60'}, battery_charge, None, None
320.03, [INFO], r1, {'battery-level': '9.10'}, battery_charge, None, None
320.03, [INFO], r1, {'y': 17.383, 'x': -36.037, 'yaw': 3.142}, pose, None, None
330.01, [INFO], r1, {'y': 19.479, 'x': -36.158, 'yaw': -3.141}, pose, None, None
330.01, [INFO], r1, {'battery-level': '8.60'}, battery_charge, None, None
340.01, [INFO], r1, {'y': 21.589, 'x': -36.256, 'yaw': 3.141}, pose, None, None
340.01, [INFO], r1, {'battery-level': '8.10'}, battery_charge, None, None
350.00, [INFO], r1, {'y': 23.693, 'x': -36.299, 'yaw': 3.14}, pose, None, None
350.00, [INFO], r1, {'battery-level': '7.60'}, battery_charge, None, None
360.09, [INFO], r1, {'battery-level': '7.10'}, battery_charge, None, None
360.09, [INFO], r1, {'y': 25.825, 'x': -36.297, 'yaw': 3.141}, pose, None, None
370.07, [INFO], r1, {'battery-level': '6.60'}, battery_charge, None, None
370.07, [INFO], r1, {'y': 27.94, 'x': -36.336, 'yaw': 3.141}, pose, None, None
380.02, [INFO], r1, {'y': 30.037, 'x': -36.381, 'yaw': 3.142}, pose, None, None
380.02, [INFO], r1, {'battery-level': '6.10'}, battery_charge, None, None
390.05, [INFO], r1, {'y': 32.149, 'x': -36.577, 'yaw': 3.141}, pose, None, None
390.05, [INFO], r1, {'battery-level': '5.60'}, battery_charge, None, None
400.06, [INFO], r1, {'y': 34.265, 'x': -36.921, 'yaw': 3.141}, pose, None, None
400.06, [INFO], r1, {'battery-level': '5.10'}, battery_charge, None, None
403.06, [WARN], r1, LOWBATT, None, None, None
403.06, [WARN], None, end!, None, None, None
410.00, [INFO], r1, {'y': 36.096, 'x': -36.94, 'yaw': 3.141}, pose, None, None
416.69, [INFO], r1, skill-success, None, navto, None
416.69, [INFO], r1, started skill, None, approach-arm, None
416.69, [INFO], r1, sent message, None, None, None
416.69, [INFO], r1, started skill, None, open-drawer, None
416.69, [INFO], r1, sent message, None, None, None
416.69, [INFO], r1, skill-success, None, open-drawer, None
416.69, [INFO], r1, started skill, None, pick-up-sample, None
416.69, [INFO], r1, sent message, None, None, None
416.69, [INFO], r1, skill-success, None, pick-up-sample, None
416.69, [INFO], r1, started skill, None, close-drawer, None
416.69, [INFO], r1, sent message, None, None, None
416.69, [INFO], r1, skill-success, None, close-drawer, None
416.69, [WARN], r1, SUCCESS, None, None, None
