0.19, [DEBUG], logger, ROBOTS_CONFIG={'capabilities': ['approach_person', 'approach_robot', 'authenticate_person', 'navigation', 'operate_drawer'], 'battery_charge': 0.25, 'nurse_pose': [-28.5, 18.0, -1.57], 'robot_pose': [-32.88, 33.98, 3.14]}, None, None, None
0.19, [DEBUG], logger, Simulation open, None, None, None
10.08, [INFO], r1, {'y': 33.98, 'x': -32.88, 'yaw': -3.142}, pose, None, None
10.08, [INFO], r1, {'battery-level': '24.55'}, battery_charge, None, None
10.57, [INFO], r1, started skill, None, navto, None
20.06, [INFO], r1, {'battery-level': '24.05'}, battery_charge, None, None
20.06, [INFO], r1, {'y': 34.653, 'x': -34.702, 'yaw': 3.142}, pose, None, None
30.08, [INFO], r1, {'battery-level': '23.55'}, battery_charge, None, None
30.08, [INFO], r1, {'y': 33.687, 'x': -36.207, 'yaw': -3.142}, pose, None, None
40.10, [INFO], r1, {'y': 31.57, 'x': -36.224, 'yaw': 3.14}, pose, None, None
40.10, [INFO], r1, {'battery-level': '23.05'}, battery_charge, None, None
50.01, [INFO], r1, {'battery-level': '22.55'}, battery_charge, None, None
50.01, [INFO], r1, {'y': 29.493, 'x': -36.29, 'yaw': 3.141}, pose, None, None
60.01, [INFO], r1, {'y': 27.385, 'x': -36.383, 'yaw': 3.14}, pose, None, None
60.01, [INFO], r1, {'battery-level': '22.05'}, battery_charge, None, None
70.01, [INFO], r1, {'y': 25.272, 'x': -36.46, 'yaw': -3.142}, pose, None, None
70.01, [INFO], r1, {'battery-level': '21.55'}, battery_charge, None, None
80.10, [INFO], r1, {'y': 23.159, 'x': -36.529, 'yaw': 3.141}, pose, None, None
80.10, [INFO], r1, {'battery-level': '21.05'}, battery_charge, None, None
90.01, [INFO], r1, {'battery-level': '20.55'}, battery_charge, None, None
90.01, [INFO], r1, {'y': 21.057, 'x': -36.646, 'yaw': 3.141}, pose, None, None
100.09, [INFO], r1, {'y': 18.937, 'x': -36.687, 'yaw': 3.142}, pose, None, None
100.09, [INFO], r1, {'battery-level': '20.05'}, battery_charge, None, None
110.08, [INFO], r1, {'battery-level': '19.55'}, battery_charge, None, None
110.08, [INFO], r1, {'y': 16.834, 'x': -36.796, 'yaw': 3.141}, pose, None, None
120.05, [INFO], r1, {'y': 15.643, 'x': -35.591, 'yaw': -3.142}, pose, None, None
120.05, [INFO], r1, {'battery-level': '19.05'}, battery_charge, None, None
130.03, [INFO], r1, {'y': 15.417, 'x': -33.485, 'yaw': -3.141}, pose, None, None
130.03, [INFO], r1, {'battery-level': '18.55'}, battery_charge, None, None
140.02, [INFO], r1, {'y': 15.449, 'x': -31.372, 'yaw': 3.141}, pose, None, None
140.02, [INFO], r1, {'battery-level': '18.05'}, battery_charge, None, None
150.09, [INFO], r1, {'y': 15.724, 'x': -29.249, 'yaw': -3.142}, pose, None, None
150.09, [INFO], r1, {'battery-level': '17.55'}, battery_charge, None, None
160.01, [INFO], r1, {'y': 15.795, 'x': -28.599, 'yaw': -3.138}, pose, None, None
160.01, [INFO], r1, {'battery-level': '17.05'}, battery_charge, None, None
170.00, [INFO], r1, {'y': 15.795, 'x': -28.591, 'yaw': 3.142}, pose, None, None
170.00, [INFO], r1, {'battery-level': '16.55'}, battery_charge, None, None
180.00, [INFO], r1, {'y': 15.801, 'x': -28.589, 'yaw': -3.142}, pose, None, None
180.00, [INFO], r1, {'battery-level': '16.05'}, battery_charge, None, None
190.01, [INFO], r1, {'y': 15.802, 'x': -28.588, 'yaw': 3.142}, pose, None, None
190.01, [INFO], r1, {'battery-level': '15.55'}, battery_charge, None, None
200.02, [INFO], r1, {'y': 15.806, 'x': -28.579, 'yaw': -3.142}, pose, None, None
200.02, [INFO], r1, {'battery-level': '15.05'}, battery_charge, None, None
210.04, [INFO], r1, {'battery-level': '14.55'}, battery_charge, None, None
210.04, [INFO], r1, {'y': 15.806, 'x': -28.579, 'yaw': -3.142}, pose, None, None
220.00, [INFO], r1, {'y': 15.806, 'x': -28.579, 'yaw': 3.142}, pose, None, None
220.00, [INFO], r1, {'battery-level': '14.05'}, battery_charge, None, None
230.09, [INFO], r1, {'y': 15.806, 'x': -28.579, 'yaw': -3.142}, pose, None, None
230.09, [INFO], r1, {'battery-level': '13.55'}, battery_charge, None, None
240.09, [INFO], r1, {'y': 15.806, 'x': -28.579, 'yaw': -3.142}, pose, None, None
240.09, [INFO], r1, {'battery-level': '13.05'}, battery_charge, None, None
250.01, [INFO], r1, {'y': 15.556, 'x': -28.615, 'yaw': 3.142}, pose, None, None
250.01, [INFO], r1, {'battery-level': '12.55'}, battery_charge, None, None
260.10, [INFO], r1, {'y': 15.579, 'x': -28.586, 'yaw': -3.142}, pose, None, None
260.10, [INFO], r1, {'battery-level': '12.05'}, battery_charge, None, None
270.09, [INFO], r1, {'y': 15.601, 'x': -28.581, 'yaw': 3.142}, pose, None, None
270.09, [INFO], r1, {'battery-level': '11.55'}, battery_charge, None, None
280.07, [INFO], r1, {'y': 15.6, 'x': -28.581, 'yaw': 3.142}, pose, None, None
280.07, [INFO], r1, {'battery-level': '11.05'}, battery_charge, None, None
290.05, [INFO], r1, {'y': 15.598, 'x': -28.582, 'yaw': 3.141}, pose, None, None
290.05, [INFO], r1, {'battery-level': '10.55'}, battery_charge, None, None
300.07, [INFO], r1, {'y': 15.681, 'x': -28.6, 'yaw': -3.142}, pose, None, None
300.07, [INFO], r1, {'battery-level': '10.05'}, battery_charge, None, None
310.07, [INFO], r1, {'y': 15.702, 'x': -28.601, 'yaw': 3.142}, pose, None, None
310.07, [INFO], r1, {'battery-level': '9.55'}, battery_charge, None, None
312.14, [WARN], r1, SKILL-FAILURE, None, navto, None
320.01, [INFO], r1, {'y': 15.702, 'x': -28.601, 'yaw': 3.142}, pose, None, None
320.01, [INFO], r1, {'battery-level': '9.05'}, battery_charge, None, None
