0.19, [DEBUG], logger, ROBOTS_CONFIG={'capabilities': ['approach_person', 'approach_robot', 'authenticate_person', 'navigation', 'operate_drawer'], 'battery_charge': 0.25, 'nurse_pose': [-27.23, 18.0, -1.57], 'robot_pose': [-32.88, 33.98, 3.14]}, None, None, None
0.19, [DEBUG], logger, Simulation open, None, None, None
10.06, [INFO], r1, {'battery-level': '24.55'}, battery_charge, None, None
10.06, [INFO], r1, {'y': 33.98, 'x': -32.88, 'yaw': -3.142}, pose, None, None
10.75, [INFO], r1, started skill, None, navto, None
20.10, [INFO], r1, {'y': 34.665, 'x': -34.679, 'yaw': -3.142}, pose, None, None
20.10, [INFO], r1, {'battery-level': '24.05'}, battery_charge, None, None
30.02, [INFO], r1, {'y': 33.764, 'x': -36.193, 'yaw': -3.142}, pose, None, None
30.02, [INFO], r1, {'battery-level': '23.55'}, battery_charge, None, None
40.03, [INFO], r1, {'y': 31.658, 'x': -36.2, 'yaw': 3.142}, pose, None, None
40.03, [INFO], r1, {'battery-level': '23.05'}, battery_charge, None, None
50.06, [INFO], r1, {'y': 29.541, 'x': -36.268, 'yaw': 3.141}, pose, None, None
50.06, [INFO], r1, {'battery-level': '22.55'}, battery_charge, None, None
60.07, [INFO], r1, {'y': 27.443, 'x': -36.343, 'yaw': 3.141}, pose, None, None
60.07, [INFO], r1, {'battery-level': '22.05'}, battery_charge, None, None
70.09, [INFO], r1, {'y': 25.334, 'x': -36.357, 'yaw': 3.14}, pose, None, None
70.09, [INFO], r1, {'battery-level': '21.55'}, battery_charge, None, None
80.01, [INFO], r1, {'y': 23.236, 'x': -36.502, 'yaw': 3.141}, pose, None, None
80.01, [INFO], r1, {'battery-level': '21.05'}, battery_charge, None, None
90.03, [INFO], r1, {'y': 21.129, 'x': -36.658, 'yaw': 3.141}, pose, None, None
90.03, [INFO], r1, {'battery-level': '20.55'}, battery_charge, None, None
100.03, [INFO], r1, {'battery-level': '20.05'}, battery_charge, None, None
100.03, [INFO], r1, {'y': 19.008, 'x': -36.65, 'yaw': 3.141}, pose, None, None
110.03, [INFO], r1, {'y': 16.902, 'x': -36.698, 'yaw': 3.141}, pose, None, None
110.03, [INFO], r1, {'battery-level': '19.55'}, battery_charge, None, None
120.05, [INFO], r1, {'y': 15.672, 'x': -35.547, 'yaw': 3.142}, pose, None, None
120.05, [INFO], r1, {'battery-level': '19.05'}, battery_charge, None, None
130.02, [INFO], r1, {'battery-level': '18.55'}, battery_charge, None, None
130.02, [INFO], r1, {'y': 15.442, 'x': -33.452, 'yaw': -3.141}, pose, None, None
140.10, [INFO], r1, {'y': 15.503, 'x': -31.32, 'yaw': -3.142}, pose, None, None
140.10, [INFO], r1, {'battery-level': '18.05'}, battery_charge, None, None
150.08, [INFO], r1, {'battery-level': '17.55'}, battery_charge, None, None
150.08, [INFO], r1, {'y': 15.677, 'x': -29.206, 'yaw': 3.141}, pose, None, None
160.08, [INFO], r1, {'y': 16.39, 'x': -27.314, 'yaw': 3.141}, pose, None, None
160.08, [INFO], r1, {'battery-level': '17.05'}, battery_charge, None, None
170.04, [INFO], r1, {'y': 17.931, 'x': -27.139, 'yaw': 3.141}, pose, None, None
170.04, [INFO], r1, {'battery-level': '16.55'}, battery_charge, None, None
180.05, [INFO], r1, {'y': 17.955, 'x': -27.185, 'yaw': 3.142}, pose, None, None
180.05, [INFO], r1, {'battery-level': '16.05'}, battery_charge, None, None
182.33, [INFO], r1, skill-success, None, navto, None
182.33, [INFO], r1, started skill, None, approach-nurse, None
182.33, [INFO], r1, sent message, None, None, None
182.33, [INFO], r1, skill-success, None, approach-nurse, None
182.33, [INFO], r1, started skill, None, authenticate-nurse, None
182.33, [INFO], r1, sent message, None, None, None
182.33, [INFO], r1, started skill, None, open-drawer, None
182.33, [INFO], r1, sent message, None, None, None
182.33, [INFO], r1, skill-success, None, open-drawer, None
182.33, [INFO], r1, started skill, None, deposit, None
182.43, [INFO], r1, sent message, None, None, None
182.43, [INFO], r1, skill-success, None, deposit, None
182.43, [INFO], r1, started skill, None, close-drawer, None
182.43, [INFO], r1, sent message, None, None, None
182.43, [INFO], r1, skill-success, None, close-drawer, None
182.43, [INFO], r1, started skill, None, navto, None
190.03, [INFO], r1, {'y': 16.399, 'x': -27.068, 'yaw': 3.141}, pose, None, None
190.03, [INFO], r1, {'battery-level': '15.55'}, battery_charge, None, None
200.04, [INFO], r1, {'y': 16.096, 'x': -28.948, 'yaw': 3.141}, pose, None, None
200.04, [INFO], r1, {'battery-level': '15.05'}, battery_charge, None, None
210.04, [INFO], r1, {'y': 15.983, 'x': -31.065, 'yaw': 3.141}, pose, None, None
210.04, [INFO], r1, {'battery-level': '14.55'}, battery_charge, None, None
220.03, [INFO], r1, {'y': 15.753, 'x': -33.183, 'yaw': -3.142}, pose, None, None
220.03, [INFO], r1, {'battery-level': '14.05'}, battery_charge, None, None
230.02, [INFO], r1, {'y': 15.72, 'x': -35.216, 'yaw': 3.142}, pose, None, None
230.02, [INFO], r1, {'battery-level': '13.55'}, battery_charge, None, None
240.02, [INFO], r1, {'y': 17.571, 'x': -36.089, 'yaw': -3.142}, pose, None, None
240.02, [INFO], r1, {'battery-level': '13.05'}, battery_charge, None, None
250.01, [INFO], r1, {'battery-level': '12.55'}, battery_charge, None, None
250.01, [INFO], r1, {'y': 19.683, 'x': -36.179, 'yaw': 3.141}, pose, None, None
260.08, [INFO], r1, {'y': 21.817, 'x': -36.268, 'yaw': 3.141}, pose, None, None
260.08, [INFO], r1, {'battery-level': '12.05'}, battery_charge, None, None
270.08, [INFO], r1, {'y': 23.915, 'x': -36.261, 'yaw': 3.141}, pose, None, None
270.08, [INFO], r1, {'battery-level': '11.55'}, battery_charge, None, None
280.08, [INFO], r1, {'y': 26.015, 'x': -36.219, 'yaw': 3.141}, pose, None, None
280.08, [INFO], r1, {'battery-level': '11.05'}, battery_charge, None, None
290.00, [INFO], r1, {'y': 28.107, 'x': -36.295, 'yaw': 3.14}, pose, None, None
290.00, [INFO], r1, {'battery-level': '10.55'}, battery_charge, None, None
300.00, [INFO], r1, {'battery-level': '10.05'}, battery_charge, None, None
300.00, [INFO], r1, {'y': 30.215, 'x': -36.376, 'yaw': 3.141}, pose, None, None
310.02, [INFO], r1, {'y': 32.333, 'x': -36.59, 'yaw': 3.141}, pose, None, None
310.02, [INFO], r1, {'battery-level': '9.55'}, battery_charge, None, None
320.03, [INFO], r1, {'y': 34.437, 'x': -36.844, 'yaw': 3.142}, pose, None, None
320.03, [INFO], r1, {'battery-level': '9.05'}, battery_charge, None, None
330.05, [INFO], r1, {'y': 36.082, 'x': -36.998, 'yaw': -3.142}, pose, None, None
330.05, [INFO], r1, {'battery-level': '8.55'}, battery_charge, None, None
335.51, [INFO], r1, skill-success, None, navto, None
335.51, [INFO], r1, started skill, None, approach-arm, None
335.51, [INFO], r1, sent message, None, None, None
335.51, [INFO], r1, skill-success, None, approach-arm, None
335.51, [INFO], r1, started skill, None, open-drawer, None
335.51, [WARN], r1, SKILL-FAILURE, None, open-drawer, None
