9.24, [INFO], r1, started skill, None, navto, None
10.01, [INFO], r1, {'y': 33.983, 'x': -32.959, 'yaw': 3.141}, pose, None, None
10.01, [INFO], r1, {'battery-level': '24.55'}, battery_charge, None, None
20.00, [INFO], r1, {'y': 34.684, 'x': -34.971, 'yaw': 3.142}, pose, None, None
20.00, [INFO], r1, {'battery-level': '24.05'}, battery_charge, None, None
30.02, [INFO], r1, {'battery-level': '23.55'}, battery_charge, None, None
30.02, [INFO], r1, {'y': 33.458, 'x': -36.171, 'yaw': -3.142}, pose, None, None
40.05, [INFO], r1, {'battery-level': '23.05'}, battery_charge, None, None
40.05, [INFO], r1, {'y': 31.33, 'x': -36.253, 'yaw': 3.141}, pose, None, None
50.03, [INFO], r1, {'y': 29.222, 'x': -36.298, 'yaw': 3.141}, pose, None, None
50.03, [INFO], r1, {'battery-level': '22.55'}, battery_charge, None, None
60.06, [INFO], r1, {'y': 27.105, 'x': -36.384, 'yaw': 3.141}, pose, None, None
60.06, [INFO], r1, {'battery-level': '22.05'}, battery_charge, None, None
70.05, [INFO], r1, {'y': 24.987, 'x': -36.449, 'yaw': 3.14}, pose, None, None
70.05, [INFO], r1, {'battery-level': '21.55'}, battery_charge, None, None
80.03, [INFO], r1, {'y': 22.882, 'x': -36.523, 'yaw': 3.141}, pose, None, None
80.03, [INFO], r1, {'battery-level': '21.05'}, battery_charge, None, None
90.01, [INFO], r1, {'y': 20.764, 'x': -36.665, 'yaw': 3.142}, pose, None, None
90.01, [INFO], r1, {'battery-level': '20.55'}, battery_charge, None, None
100.04, [INFO], r1, {'y': 18.636, 'x': -36.674, 'yaw': 3.136}, pose, None, None
100.04, [INFO], r1, {'battery-level': '20.05'}, battery_charge, None, None
110.06, [INFO], r1, {'battery-level': '19.55'}, battery_charge, None, None
110.06, [INFO], r1, {'y': 16.535, 'x': -36.751, 'yaw': 3.141}, pose, None, None
120.06, [INFO], r1, {'y': 15.504, 'x': -35.102, 'yaw': -3.141}, pose, None, None
120.06, [INFO], r1, {'battery-level': '19.05'}, battery_charge, None, None
130.05, [INFO], r1, {'battery-level': '18.55'}, battery_charge, None, None
130.05, [INFO], r1, {'y': 15.498, 'x': -33.012, 'yaw': -3.142}, pose, None, None
140.08, [INFO], r1, {'battery-level': '18.05'}, battery_charge, None, None
140.08, [INFO], r1, {'y': 15.507, 'x': -30.892, 'yaw': -3.141}, pose, None, None
150.04, [INFO], r1, {'y': 15.775, 'x': -28.786, 'yaw': -3.142}, pose, None, None
150.04, [INFO], r1, {'battery-level': '17.55'}, battery_charge, None, None
160.01, [INFO], r1, {'y': 16.663, 'x': -27.137, 'yaw': -3.142}, pose, None, None
160.01, [INFO], r1, {'battery-level': '17.05'}, battery_charge, None, None
170.05, [INFO], r1, {'y': 17.941, 'x': -27.173, 'yaw': 3.141}, pose, None, None
170.05, [INFO], r1, {'battery-level': '16.55'}, battery_charge, None, None
174.61, [INFO], r1, skill-success, None, navto, None
174.61, [INFO], r1, started skill, None, approach-nurse, None
174.61, [INFO], r1, sent message, None, None, None
174.61, [INFO], r1, skill-success, None, approach-nurse, None
174.61, [INFO], r1, started skill, None, authenticate-nurse, None
174.61, [INFO], r1, sent message, None, None, None
174.61, [INFO], r1, skill-success, None, authenticate-nurse, None
174.61, [INFO], r1, started skill, None, open-drawer, None
174.61, [INFO], r1, sent message, None, None, None
174.61, [INFO], r1, skill-success, None, open-drawer, None
174.61, [INFO], r1, started skill, None, deposit, None
174.61, [INFO], r1, sent message, None, None, None
174.61, [INFO], r1, skill-success, None, deposit, None
174.61, [INFO], r1, started skill, None, close-drawer, None
174.61, [INFO], r1, sent message, None, None, None
174.61, [INFO], r1, skill-success, None, close-drawer, None
174.61, [INFO], r1, started skill, None, navto, None
180.06, [INFO], r1, {'battery-level': '16.05'}, battery_charge, None, None
180.06, [INFO], r1, {'y': 16.858, 'x': -27.076, 'yaw': 3.141}, pose, None, None
190.06, [INFO], r1, {'battery-level': '15.55'}, battery_charge, None, None
190.06, [INFO], r1, {'y': 16.105, 'x': -28.621, 'yaw': 3.142}, pose, None, None
200.03, [INFO], r1, {'y': 16.039, 'x': -30.716, 'yaw': 3.142}, pose, None, None
200.03, [INFO], r1, {'battery-level': '15.05'}, battery_charge, None, None
210.10, [INFO], r1, {'y': 15.802, 'x': -32.838, 'yaw': 3.141}, pose, None, None
210.10, [INFO], r1, {'battery-level': '14.55'}, battery_charge, None, None
220.00, [INFO], r1, {'y': 15.404, 'x': -34.892, 'yaw': 3.141}, pose, None, None
220.00, [INFO], r1, {'battery-level': '14.05'}, battery_charge, None, None
230.06, [INFO], r1, {'y': 17.074, 'x': -36.116, 'yaw': 3.142}, pose, None, None
230.06, [INFO], r1, {'battery-level': '13.55'}, battery_charge, None, None
240.01, [INFO], r1, {'battery-level': '13.05'}, battery_charge, None, None
240.01, [INFO], r1, {'y': 19.17, 'x': -36.188, 'yaw': -3.142}, pose, None, None
250.03, [INFO], r1, {'y': 21.278, 'x': -36.246, 'yaw': 3.141}, pose, None, None
250.03, [INFO], r1, {'battery-level': '12.55'}, battery_charge, None, None
260.04, [INFO], r1, {'y': 23.395, 'x': -36.325, 'yaw': 3.14}, pose, None, None
260.04, [INFO], r1, {'battery-level': '12.05'}, battery_charge, None, None
270.06, [INFO], r1, {'y': 25.491, 'x': -36.28, 'yaw': 3.141}, pose, None, None
270.06, [INFO], r1, {'battery-level': '11.55'}, battery_charge, None, None
280.06, [INFO], r1, {'battery-level': '11.05'}, battery_charge, None, None
280.06, [INFO], r1, {'y': 27.608, 'x': -36.325, 'yaw': 3.14}, pose, None, None
290.08, [INFO], r1, {'y': 29.726, 'x': -36.385, 'yaw': -3.142}, pose, None, None
290.08, [INFO], r1, {'battery-level': '10.55'}, battery_charge, None, None
300.08, [INFO], r1, {'y': 31.844, 'x': -36.54, 'yaw': 3.142}, pose, None, None
300.08, [INFO], r1, {'battery-level': '10.05'}, battery_charge, None, None
310.08, [INFO], r1, {'battery-level': '9.55'}, battery_charge, None, None
310.08, [INFO], r1, {'y': 33.957, 'x': -36.864, 'yaw': -3.142}, pose, None, None
320.04, [INFO], r1, {'y': 35.943, 'x': -36.921, 'yaw': -3.142}, pose, None, None
320.04, [INFO], r1, {'battery-level': '9.05'}, battery_charge, None, None
326.20, [INFO], r1, skill-success, None, navto, None
326.20, [INFO], r1, started skill, None, approach-arm, None
326.20, [INFO], r1, sent message, None, None, None
326.20, [INFO], r1, started skill, None, open-drawer, None
326.20, [INFO], r1, sent message, None, None, None
326.20, [INFO], r1, skill-success, None, open-drawer, None
326.20, [INFO], r1, started skill, None, pick-up-sample, None
326.20, [INFO], r1, sent message, None, None, None
326.20, [INFO], r1, skill-success, None, pick-up-sample, None
326.20, [INFO], r1, started skill, None, close-drawer, None
326.20, [INFO], r1, sent message, None, None, None
326.20, [INFO], r1, skill-success, None, close-drawer, None
326.20, [WARN], r1, SUCCESS, None, None, None
330.06, [INFO], r1, {'y': 36.059, 'x': -36.946, 'yaw': -3.142}, pose, None, None
330.06, [INFO], r1, {'battery-level': '8.55'}, battery_charge, None, None
