9.93, [INFO], r1, started skill, None, navto, None
10.02, [INFO], r1, {'y': 33.98, 'x': -32.88, 'yaw': 3.142}, pose, None, None
10.02, [INFO], r1, {'battery-level': '24.60'}, battery_charge, None, None
20.02, [INFO], r1, {'y': 34.679, 'x': -34.823, 'yaw': -3.141}, pose, None, None
20.02, [INFO], r1, {'battery-level': '24.10'}, battery_charge, None, None
30.09, [INFO], r1, {'battery-level': '23.60'}, battery_charge, None, None
30.09, [INFO], r1, {'y': 33.58, 'x': -36.212, 'yaw': -3.142}, pose, None, None
40.09, [INFO], r1, {'battery-level': '23.10'}, battery_charge, None, None
40.09, [INFO], r1, {'y': 31.453, 'x': -36.187, 'yaw': 3.136}, pose, None, None
50.06, [INFO], r1, {'y': 29.35, 'x': -36.233, 'yaw': -3.142}, pose, None, None
50.06, [INFO], r1, {'battery-level': '22.60'}, battery_charge, None, None
60.04, [INFO], r1, {'y': 27.229, 'x': -36.275, 'yaw': 3.141}, pose, None, None
60.04, [INFO], r1, {'battery-level': '22.10'}, battery_charge, None, None
70.09, [INFO], r1, {'y': 25.095, 'x': -36.344, 'yaw': 3.141}, pose, None, None
70.09, [INFO], r1, {'battery-level': '21.60'}, battery_charge, None, None
80.00, [INFO], r1, {'battery-level': '21.10'}, battery_charge, None, None
80.00, [INFO], r1, {'y': 22.987, 'x': -36.476, 'yaw': -3.142}, pose, None, None
90.01, [INFO], r1, {'y': 20.855, 'x': -36.607, 'yaw': 3.142}, pose, None, None
90.01, [INFO], r1, {'battery-level': '20.60'}, battery_charge, None, None
100.01, [INFO], r1, {'y': 18.72, 'x': -36.642, 'yaw': 3.14}, pose, None, None
100.01, [INFO], r1, {'battery-level': '20.10'}, battery_charge, None, None
110.08, [INFO], r1, {'battery-level': '19.60'}, battery_charge, None, None
110.08, [INFO], r1, {'y': 16.596, 'x': -36.75, 'yaw': 3.141}, pose, None, None
120.09, [INFO], r1, {'y': 15.572, 'x': -35.21, 'yaw': 3.142}, pose, None, None
120.09, [INFO], r1, {'battery-level': '19.10'}, battery_charge, None, None
130.09, [INFO], r1, {'y': 15.522, 'x': -33.09, 'yaw': -3.141}, pose, None, None
130.09, [INFO], r1, {'battery-level': '18.60'}, battery_charge, None, None
140.02, [INFO], r1, {'y': 15.492, 'x': -30.98, 'yaw': -3.141}, pose, None, None
140.02, [INFO], r1, {'battery-level': '18.10'}, battery_charge, None, None
150.01, [INFO], r1, {'y': 15.742, 'x': -28.857, 'yaw': -3.141}, pose, None, None
150.01, [INFO], r1, {'battery-level': '17.60'}, battery_charge, None, None
160.01, [INFO], r1, {'y': 15.98, 'x': -26.725, 'yaw': 3.142}, pose, None, None
160.01, [INFO], r1, {'battery-level': '17.10'}, battery_charge, None, None
170.02, [INFO], r1, {'y': 15.955, 'x': -24.599, 'yaw': -3.142}, pose, None, None
170.02, [INFO], r1, {'battery-level': '16.60'}, battery_charge, None, None
180.03, [INFO], r1, {'y': 16.041, 'x': -22.471, 'yaw': 3.137}, pose, None, None
180.03, [INFO], r1, {'battery-level': '16.10'}, battery_charge, None, None
190.03, [INFO], r1, {'battery-level': '15.60'}, battery_charge, None, None
190.03, [INFO], r1, {'y': 17.013, 'x': -20.812, 'yaw': -3.141}, pose, None, None
200.03, [INFO], r1, {'y': 18.002, 'x': -21.05, 'yaw': -3.142}, pose, None, None
200.03, [INFO], r1, {'battery-level': '15.10'}, battery_charge, None, None
208.75, [INFO], r1, skill-success, None, navto, None
208.75, [INFO], r1, started skill, None, approach-nurse, None
208.75, [INFO], r1, sent message, None, None, None
208.75, [INFO], r1, skill-success, None, approach-nurse, None
208.75, [INFO], r1, started skill, None, authenticate-nurse, None
208.75, [INFO], r1, sent message, None, None, None
208.75, [INFO], r1, skill-success, None, authenticate-nurse, None
208.75, [INFO], r1, started skill, None, open-drawer, None
208.75, [INFO], r1, sent message, None, None, None
208.75, [INFO], r1, skill-success, None, open-drawer, None
208.75, [INFO], r1, started skill, None, deposit, None
208.75, [INFO], r1, sent message, None, None, None
208.75, [INFO], r1, skill-success, None, deposit, None
208.75, [INFO], r1, started skill, None, close-drawer, None
208.75, [INFO], r1, sent message, None, None, None
208.75, [INFO], r1, skill-success, None, close-drawer, None
208.75, [INFO], r1, started skill, None, navto, None
210.10, [INFO], r1, {'battery-level': '14.60'}, battery_charge, None, None
210.10, [INFO], r1, {'y': 17.795, 'x': -21.108, 'yaw': 3.142}, pose, None, None
220.00, [INFO], r1, {'battery-level': '14.10'}, battery_charge, None, None
220.00, [INFO], r1, {'y': 16.252, 'x': -21.959, 'yaw': 3.142}, pose, None, None
230.00, [INFO], r1, {'battery-level': '13.60'}, battery_charge, None, None
230.00, [INFO], r1, {'y': 16.128, 'x': -24.07, 'yaw': 3.14}, pose, None, None
240.00, [INFO], r1, {'battery-level': '13.10'}, battery_charge, None, None
240.00, [INFO], r1, {'y': 16.096, 'x': -26.196, 'yaw': -3.139}, pose, None, None
250.04, [INFO], r1, {'battery-level': '12.60'}, battery_charge, None, None
250.04, [INFO], r1, {'y': 15.939, 'x': -28.317, 'yaw': 3.142}, pose, None, None
260.06, [INFO], r1, {'battery-level': '12.10'}, battery_charge, None, None
260.06, [INFO], r1, {'y': 15.976, 'x': -30.45, 'yaw': 3.142}, pose, None, None
270.04, [INFO], r1, {'y': 15.819, 'x': -32.57, 'yaw': 3.14}, pose, None, None
270.04, [INFO], r1, {'battery-level': '11.60'}, battery_charge, None, None
280.05, [INFO], r1, {'y': 15.366, 'x': -34.67, 'yaw': -3.141}, pose, None, None
280.05, [INFO], r1, {'battery-level': '11.10'}, battery_charge, None, None
290.01, [INFO], r1, {'y': 16.9, 'x': -36.024, 'yaw': -3.142}, pose, None, None
290.01, [INFO], r1, {'battery-level': '10.60'}, battery_charge, None, None
300.00, [INFO], r1, {'battery-level': '10.10'}, battery_charge, None, None
300.00, [INFO], r1, {'y': 19.017, 'x': -36.167, 'yaw': 3.141}, pose, None, None
310.07, [INFO], r1, {'y': 21.143, 'x': -36.255, 'yaw': 3.141}, pose, None, None
310.07, [INFO], r1, {'battery-level': '9.60'}, battery_charge, None, None
320.09, [INFO], r1, {'y': 23.26, 'x': -36.345, 'yaw': 3.141}, pose, None, None
320.09, [INFO], r1, {'battery-level': '9.10'}, battery_charge, None, None
330.00, [INFO], r1, {'y': 25.359, 'x': -36.263, 'yaw': 3.141}, pose, None, None
330.00, [INFO], r1, {'battery-level': '8.60'}, battery_charge, None, None
340.03, [INFO], r1, {'y': 27.486, 'x': -36.279, 'yaw': 3.141}, pose, None, None
340.03, [INFO], r1, {'battery-level': '8.10'}, battery_charge, None, None
350.05, [INFO], r1, {'battery-level': '7.60'}, battery_charge, None, None
350.05, [INFO], r1, {'y': 29.618, 'x': -36.372, 'yaw': -3.142}, pose, None, None
360.06, [INFO], r1, {'y': 31.747, 'x': -36.532, 'yaw': 3.141}, pose, None, None
360.06, [INFO], r1, {'battery-level': '7.10'}, battery_charge, None, None
370.02, [INFO], r1, {'y': 33.86, 'x': -36.844, 'yaw': -3.142}, pose, None, None
370.02, [INFO], r1, {'battery-level': '6.60'}, battery_charge, None, None
380.04, [INFO], r1, {'battery-level': '6.10'}, battery_charge, None, None
380.04, [INFO], r1, {'y': 35.958, 'x': -36.936, 'yaw': 3.142}, pose, None, None
387.50, [INFO], r1, skill-success, None, navto, None
387.50, [INFO], r1, started skill, None, approach-arm, None
387.50, [INFO], r1, sent message, None, None, None
387.50, [INFO], r1, skill-success, None, approach-arm, None
387.50, [INFO], r1, started skill, None, open-drawer, None
387.50, [INFO], r1, sent message, None, None, None
387.50, [INFO], r1, skill-success, None, open-drawer, None
387.50, [INFO], r1, started skill, None, pick-up-sample, None
387.50, [INFO], r1, sent message, None, None, None
387.50, [INFO], r1, skill-success, None, pick-up-sample, None
387.50, [INFO], r1, started skill, None, close-drawer, None
387.50, [INFO], r1, sent message, None, None, None
387.50, [INFO], r1, skill-success, None, close-drawer, None
387.50, [WARN], r1, SUCCESS, None, None, None
390.01, [INFO], r1, {'battery-level': '5.60'}, battery_charge, None, None
390.01, [INFO], r1, {'y': 36.167, 'x': -36.995, 'yaw': 3.142}, pose, None, None
