0.19, [DEBUG], logger, ROBOTS_CONFIG={'capabilities': ['approach_person', 'approach_robot', 'authenticate_person', 'navigation', 'operate_drawer'], 'battery_charge': 0.25, 'nurse_pose': [-19.0, 18.0, -1.57], 'robot_pose': [-32.88, 33.98, 3.14]}, None, None, None
0.19, [DEBUG], logger, Simulation open, None, None, None
10.08, [INFO], r1, {'battery-level': '24.55'}, battery_charge, None, None
10.08, [INFO], r1, {'y': 33.98, 'x': -32.88, 'yaw': -3.142}, pose, None, None
10.86, [INFO], r1, started skill, None, navto, None
20.10, [INFO], r1, {'y': 34.653, 'x': -34.679, 'yaw': 3.141}, pose, None, None
20.10, [INFO], r1, {'battery-level': '24.05'}, battery_charge, None, None
30.04, [INFO], r1, {'y': 33.748, 'x': -36.169, 'yaw': 3.142}, pose, None, None
30.04, [INFO], r1, {'battery-level': '23.55'}, battery_charge, None, None
40.05, [INFO], r1, {'battery-level': '23.05'}, battery_charge, None, None
40.05, [INFO], r1, {'y': 31.624, 'x': -36.213, 'yaw': 3.141}, pose, None, None
50.07, [INFO], r1, {'y': 29.515, 'x': -36.277, 'yaw': 3.141}, pose, None, None
50.07, [INFO], r1, {'battery-level': '22.55'}, battery_charge, None, None
60.07, [INFO], r1, {'y': 27.412, 'x': -36.391, 'yaw': 3.141}, pose, None, None
60.07, [INFO], r1, {'battery-level': '22.05'}, battery_charge, None, None
70.05, [INFO], r1, {'y': 25.3, 'x': -36.445, 'yaw': 3.141}, pose, None, None
70.05, [INFO], r1, {'battery-level': '21.55'}, battery_charge, None, None
80.05, [INFO], r1, {'y': 23.187, 'x': -36.491, 'yaw': 3.141}, pose, None, None
80.05, [INFO], r1, {'battery-level': '21.05'}, battery_charge, None, None
90.06, [INFO], r1, {'battery-level': '20.55'}, battery_charge, None, None
90.06, [INFO], r1, {'y': 21.085, 'x': -36.605, 'yaw': 3.141}, pose, None, None
100.07, [INFO], r1, {'y': 18.966, 'x': -36.651, 'yaw': 3.141}, pose, None, None
100.07, [INFO], r1, {'battery-level': '20.05'}, battery_charge, None, None
110.09, [INFO], r1, {'battery-level': '19.55'}, battery_charge, None, None
110.09, [INFO], r1, {'y': 16.858, 'x': -36.769, 'yaw': 3.141}, pose, None, None
120.01, [INFO], r1, {'y': 15.661, 'x': -35.555, 'yaw': 3.142}, pose, None, None
120.01, [INFO], r1, {'battery-level': '19.05'}, battery_charge, None, None
130.02, [INFO], r1, {'y': 15.418, 'x': -33.448, 'yaw': -3.141}, pose, None, None
130.02, [INFO], r1, {'battery-level': '18.55'}, battery_charge, None, None
140.03, [INFO], r1, {'y': 15.468, 'x': -31.335, 'yaw': -3.142}, pose, None, None
140.03, [INFO], r1, {'battery-level': '18.05'}, battery_charge, None, None
150.00, [INFO], r1, {'battery-level': '17.55'}, battery_charge, None, None
150.00, [INFO], r1, {'y': 15.682, 'x': -29.229, 'yaw': -3.142}, pose, None, None
160.09, [INFO], r1, {'y': 15.944, 'x': -27.113, 'yaw': -3.141}, pose, None, None
160.09, [INFO], r1, {'battery-level': '17.05'}, battery_charge, None, None
170.07, [INFO], r1, {'y': 15.976, 'x': -24.995, 'yaw': -3.141}, pose, None, None
170.07, [INFO], r1, {'battery-level': '16.55'}, battery_charge, None, None
180.04, [INFO], r1, {'y': 15.988, 'x': -22.893, 'yaw': 3.141}, pose, None, None
180.04, [INFO], r1, {'battery-level': '16.05'}, battery_charge, None, None
190.03, [INFO], r1, {'y': 16.117, 'x': -20.79, 'yaw': 3.141}, pose, None, None
190.03, [INFO], r1, {'battery-level': '15.55'}, battery_charge, None, None
200.04, [INFO], r1, {'y': 17.266, 'x': -19.289, 'yaw': -3.14}, pose, None, None
200.04, [INFO], r1, {'battery-level': '15.05'}, battery_charge, None, None
210.05, [INFO], r1, {'y': 17.937, 'x': -18.98, 'yaw': 3.142}, pose, None, None
210.05, [INFO], r1, {'battery-level': '14.55'}, battery_charge, None, None
211.63, [INFO], r1, skill-success, None, navto, None
211.63, [INFO], r1, started skill, None, approach-nurse, None
211.63, [INFO], r1, sent message, None, None, None
211.73, [INFO], r1, skill-success, None, approach-nurse, None
211.73, [INFO], r1, started skill, None, authenticate-nurse, None
211.73, [INFO], r1, sent message, None, None, None
211.73, [INFO], r1, started skill, None, open-drawer, None
211.73, [INFO], r1, sent message, None, None, None
211.73, [INFO], r1, skill-success, None, open-drawer, None
211.73, [INFO], r1, started skill, None, deposit, None
211.73, [INFO], r1, sent message, None, None, None
211.73, [INFO], r1, skill-success, None, deposit, None
211.73, [INFO], r1, started skill, None, close-drawer, None
211.73, [INFO], r1, sent message, None, None, None
211.73, [INFO], r1, skill-success, None, close-drawer, None
211.73, [INFO], r1, started skill, None, navto, None
220.03, [INFO], r1, {'y': 16.425, 'x': -19.742, 'yaw': -3.141}, pose, None, None
220.03, [INFO], r1, {'battery-level': '14.05'}, battery_charge, None, None
230.03, [INFO], r1, {'y': 16.282, 'x': -21.829, 'yaw': 3.142}, pose, None, None
230.03, [INFO], r1, {'battery-level': '13.55'}, battery_charge, None, None
240.00, [INFO], r1, {'y': 16.139, 'x': -23.927, 'yaw': 3.14}, pose, None, None
240.00, [INFO], r1, {'battery-level': '13.05'}, battery_charge, None, None
250.09, [INFO], r1, {'y': 16.103, 'x': -26.048, 'yaw': 3.14}, pose, None, None
250.09, [INFO], r1, {'battery-level': '12.55'}, battery_charge, None, None
260.08, [INFO], r1, {'y': 15.905, 'x': -28.15, 'yaw': 3.142}, pose, None, None
260.08, [INFO], r1, {'battery-level': '12.05'}, battery_charge, None, None
270.08, [INFO], r1, {'y': 15.987, 'x': -30.259, 'yaw': 3.141}, pose, None, None
270.08, [INFO], r1, {'battery-level': '11.55'}, battery_charge, None, None
280.08, [INFO], r1, {'y': 15.843, 'x': -32.378, 'yaw': 3.141}, pose, None, None
280.08, [INFO], r1, {'battery-level': '11.05'}, battery_charge, None, None
290.07, [INFO], r1, {'battery-level': '10.55'}, battery_charge, None, None
290.07, [INFO], r1, {'y': 15.436, 'x': -34.481, 'yaw': -3.142}, pose, None, None
300.08, [INFO], r1, {'battery-level': '10.05'}, battery_charge, None, None
300.08, [INFO], r1, {'y': 16.781, 'x': -36.022, 'yaw': 3.142}, pose, None, None
310.08, [INFO], r1, {'y': 18.885, 'x': -36.164, 'yaw': -3.137}, pose, None, None
310.08, [INFO], r1, {'battery-level': '9.55'}, battery_charge, None, None
320.05, [INFO], r1, {'y': 20.985, 'x': -36.242, 'yaw': 3.142}, pose, None, None
320.05, [INFO], r1, {'battery-level': '9.05'}, battery_charge, None, None
330.05, [INFO], r1, {'battery-level': '8.55'}, battery_charge, None, None
330.05, [INFO], r1, {'y': 23.095, 'x': -36.286, 'yaw': 3.141}, pose, None, None
340.07, [INFO], r1, {'y': 25.209, 'x': -36.267, 'yaw': 3.142}, pose, None, None
340.07, [INFO], r1, {'battery-level': '8.05'}, battery_charge, None, None
350.07, [INFO], r1, {'y': 27.319, 'x': -36.342, 'yaw': 3.141}, pose, None, None
350.07, [INFO], r1, {'battery-level': '7.55'}, battery_charge, None, None
360.06, [INFO], r1, {'y': 29.435, 'x': -36.393, 'yaw': -3.142}, pose, None, None
360.06, [INFO], r1, {'battery-level': '7.05'}, battery_charge, None, None
370.09, [INFO], r1, {'battery-level': '6.55'}, battery_charge, None, None
370.09, [INFO], r1, {'y': 31.552, 'x': -36.526, 'yaw': 3.142}, pose, None, None
380.02, [INFO], r1, {'y': 33.646, 'x': -36.811, 'yaw': -3.142}, pose, None, None
380.02, [INFO], r1, {'battery-level': '6.05'}, battery_charge, None, None
390.03, [INFO], r1, {'y': 35.734, 'x': -36.929, 'yaw': -3.141}, pose, None, None
390.03, [INFO], r1, {'battery-level': '5.55'}, battery_charge, None, None
397.26, [INFO], r1, skill-success, None, navto, None
397.26, [INFO], r1, started skill, None, approach-arm, None
397.26, [INFO], r1, sent message, None, None, None
397.26, [INFO], r1, skill-success, None, approach-arm, None
397.26, [INFO], r1, started skill, None, open-drawer, None
397.26, [INFO], r1, sent message, None, None, None
397.26, [INFO], r1, skill-success, None, open-drawer, None
397.26, [INFO], r1, started skill, None, pick-up-sample, None
397.26, [INFO], r1, sent message, None, None, None
397.26, [INFO], r1, skill-success, None, pick-up-sample, None
397.26, [INFO], r1, started skill, None, close-drawer, None
397.26, [INFO], r1, sent message, None, None, None
397.26, [INFO], r1, skill-success, None, close-drawer, None
397.26, [WARN], r1, SUCCESS, None, None, None
