9.54, [INFO], r1, started skill, None, navto, None
10.02, [INFO], r1, {'battery-level': '24.55'}, battery_charge, None, None
10.02, [INFO], r1, {'y': 33.98, 'x': -32.909, 'yaw': 3.141}, pose, None, None
20.04, [INFO], r1, {'battery-level': '24.05'}, battery_charge, None, None
20.04, [INFO], r1, {'y': 34.698, 'x': -34.924, 'yaw': -3.142}, pose, None, None
30.07, [INFO], r1, {'y': 33.511, 'x': -36.221, 'yaw': 3.141}, pose, None, None
30.07, [INFO], r1, {'battery-level': '23.55'}, battery_charge, None, None
40.04, [INFO], r1, {'y': 31.408, 'x': -36.187, 'yaw': 3.138}, pose, None, None
40.04, [INFO], r1, {'battery-level': '23.05'}, battery_charge, None, None
50.08, [INFO], r1, {'y': 29.286, 'x': -36.217, 'yaw': 3.142}, pose, None, None
50.08, [INFO], r1, {'battery-level': '22.55'}, battery_charge, None, None
60.03, [INFO], r1, {'y': 27.19, 'x': -36.334, 'yaw': 3.14}, pose, None, None
60.03, [INFO], r1, {'battery-level': '22.05'}, battery_charge, None, None
70.01, [INFO], r1, {'y': 25.084, 'x': -36.425, 'yaw': 3.141}, pose, None, None
70.01, [INFO], r1, {'battery-level': '21.55'}, battery_charge, None, None
80.03, [INFO], r1, {'battery-level': '21.05'}, battery_charge, None, None
80.03, [INFO], r1, {'y': 22.971, 'x': -36.511, 'yaw': 3.14}, pose, None, None
90.08, [INFO], r1, {'y': 20.845, 'x': -36.626, 'yaw': -3.142}, pose, None, None
90.08, [INFO], r1, {'battery-level': '20.55'}, battery_charge, None, None
100.08, [INFO], r1, {'y': 18.738, 'x': -36.724, 'yaw': 3.137}, pose, None, None
100.08, [INFO], r1, {'battery-level': '20.05'}, battery_charge, None, None
110.07, [INFO], r1, {'battery-level': '19.55'}, battery_charge, None, None
110.07, [INFO], r1, {'y': 16.629, 'x': -36.8, 'yaw': 3.141}, pose, None, None
120.07, [INFO], r1, {'y': 15.525, 'x': -35.27, 'yaw': 3.14}, pose, None, None
120.07, [INFO], r1, {'battery-level': '19.05'}, battery_charge, None, None
130.06, [INFO], r1, {'battery-level': '18.55'}, battery_charge, None, None
130.06, [INFO], r1, {'y': 15.497, 'x': -33.169, 'yaw': 3.142}, pose, None, None
140.06, [INFO], r1, {'battery-level': '18.05'}, battery_charge, None, None
140.06, [INFO], r1, {'y': 15.482, 'x': -31.051, 'yaw': 3.14}, pose, None, None
150.06, [INFO], r1, {'y': 15.703, 'x': -28.935, 'yaw': 3.141}, pose, None, None
150.06, [INFO], r1, {'battery-level': '17.55'}, battery_charge, None, None
160.07, [INFO], r1, {'y': 15.985, 'x': -26.829, 'yaw': 3.142}, pose, None, None
160.07, [INFO], r1, {'battery-level': '17.05'}, battery_charge, None, None
170.06, [INFO], r1, {'battery-level': '16.55'}, battery_charge, None, None
170.06, [INFO], r1, {'y': 15.949, 'x': -24.715, 'yaw': 3.142}, pose, None, None
180.07, [INFO], r1, {'battery-level': '16.05'}, battery_charge, None, None
180.07, [INFO], r1, {'y': 16.003, 'x': -22.585, 'yaw': -3.142}, pose, None, None
190.05, [INFO], r1, {'battery-level': '15.55'}, battery_charge, None, None
190.05, [INFO], r1, {'y': 16.185, 'x': -20.49, 'yaw': 3.141}, pose, None, None
200.03, [INFO], r1, {'y': 16.217, 'x': -18.383, 'yaw': -3.14}, pose, None, None
200.03, [INFO], r1, {'battery-level': '15.05'}, battery_charge, None, None
210.08, [INFO], r1, {'battery-level': '14.55'}, battery_charge, None, None
210.08, [INFO], r1, {'y': 16.155, 'x': -16.279, 'yaw': 3.141}, pose, None, None
220.08, [INFO], r1, {'y': 16.182, 'x': -14.178, 'yaw': 3.141}, pose, None, None
220.08, [INFO], r1, {'battery-level': '14.05'}, battery_charge, None, None
230.06, [INFO], r1, {'battery-level': '13.55'}, battery_charge, None, None
230.06, [INFO], r1, {'y': 17.784, 'x': -13.569, 'yaw': 3.142}, pose, None, None
240.01, [INFO], r1, {'y': 17.971, 'x': -13.648, 'yaw': 3.141}, pose, None, None
240.01, [INFO], r1, {'battery-level': '13.05'}, battery_charge, None, None
244.91, [INFO], r1, skill-success, None, navto, None
244.91, [INFO], r1, started skill, None, approach-nurse, None
244.91, [INFO], r1, sent message, None, None, None
244.91, [INFO], r1, skill-success, None, approach-nurse, None
244.91, [INFO], r1, started skill, None, open-drawer, None
244.91, [INFO], r1, sent message, None, None, None
244.91, [INFO], r1, skill-success, None, open-drawer, None
244.91, [INFO], r1, started skill, None, deposit, None
244.91, [INFO], r1, sent message, None, None, None
244.91, [INFO], r1, skill-success, None, deposit, None
244.91, [INFO], r1, started skill, None, close-drawer, None
244.91, [INFO], r1, sent message, None, None, None
244.91, [INFO], r1, skill-success, None, close-drawer, None
244.91, [INFO], r1, started skill, None, navto, None
250.00, [INFO], r1, {'y': 16.95, 'x': -13.72, 'yaw': -3.14}, pose, None, None
250.00, [INFO], r1, {'battery-level': '12.55'}, battery_charge, None, None
260.01, [INFO], r1, {'y': 16.203, 'x': -15.544, 'yaw': -3.142}, pose, None, None
260.01, [INFO], r1, {'battery-level': '12.05'}, battery_charge, None, None
270.02, [INFO], r1, {'y': 16.193, 'x': -17.652, 'yaw': 3.142}, pose, None, None
270.02, [INFO], r1, {'battery-level': '11.55'}, battery_charge, None, None
280.08, [INFO], r1, {'y': 16.325, 'x': -19.774, 'yaw': 3.141}, pose, None, None
280.08, [INFO], r1, {'battery-level': '11.05'}, battery_charge, None, None
290.09, [INFO], r1, {'y': 16.321, 'x': -21.892, 'yaw': 3.142}, pose, None, None
290.09, [INFO], r1, {'battery-level': '10.55'}, battery_charge, None, None
300.08, [INFO], r1, {'battery-level': '10.05'}, battery_charge, None, None
300.08, [INFO], r1, {'y': 16.189, 'x': -24.003, 'yaw': 3.14}, pose, None, None
310.08, [INFO], r1, {'battery-level': '9.55'}, battery_charge, None, None
310.08, [INFO], r1, {'y': 16.03, 'x': -26.139, 'yaw': -3.139}, pose, None, None
320.02, [INFO], r1, {'battery-level': '9.05'}, battery_charge, None, None
320.02, [INFO], r1, {'y': 15.945, 'x': -28.242, 'yaw': 3.142}, pose, None, None
330.03, [INFO], r1, {'y': 15.999, 'x': -30.358, 'yaw': 3.142}, pose, None, None
330.03, [INFO], r1, {'battery-level': '8.55'}, battery_charge, None, None
340.02, [INFO], r1, {'battery-level': '8.05'}, battery_charge, None, None
340.02, [INFO], r1, {'y': 15.826, 'x': -32.481, 'yaw': 3.141}, pose, None, None
350.01, [INFO], r1, {'battery-level': '7.55'}, battery_charge, None, None
350.01, [INFO], r1, {'y': 15.42, 'x': -34.579, 'yaw': 3.142}, pose, None, None
360.08, [INFO], r1, {'y': 16.844, 'x': -36.099, 'yaw': 3.142}, pose, None, None
360.08, [INFO], r1, {'battery-level': '7.05'}, battery_charge, None, None
370.03, [INFO], r1, {'battery-level': '6.55'}, battery_charge, None, None
370.03, [INFO], r1, {'y': 18.945, 'x': -36.118, 'yaw': 3.141}, pose, None, None
380.01, [INFO], r1, {'y': 21.05, 'x': -36.209, 'yaw': 3.142}, pose, None, None
380.01, [INFO], r1, {'battery-level': '6.05'}, battery_charge, None, None
390.01, [INFO], r1, {'y': 23.175, 'x': -36.294, 'yaw': 3.14}, pose, None, None
390.01, [INFO], r1, {'battery-level': '5.55'}, battery_charge, None, None
400.05, [INFO], r1, {'y': 25.3, 'x': -36.227, 'yaw': 3.141}, pose, None, None
400.05, [INFO], r1, {'battery-level': '5.05'}, battery_charge, None, None
402.07, [WARN], r1, LOWBATT, None, None, None
402.07, [WARN], None, end!, None, None, None
410.05, [INFO], r1, {'y': 27.408, 'x': -36.245, 'yaw': 3.14}, pose, None, None
