9.66, [INFO], r1, started skill, None, navto, None
10.06, [INFO], r1, {'battery-level': '24.55'}, battery_charge, None, None
10.06, [INFO], r1, {'y': 33.98, 'x': -32.909, 'yaw': 3.141}, pose, None, None
20.09, [INFO], r1, {'battery-level': '24.05'}, battery_charge, None, None
20.09, [INFO], r1, {'y': 34.667, 'x': -34.921, 'yaw': -3.142}, pose, None, None
30.02, [INFO], r1, {'battery-level': '23.55'}, battery_charge, None, None
30.02, [INFO], r1, {'y': 33.506, 'x': -36.202, 'yaw': -3.142}, pose, None, None
40.05, [INFO], r1, {'battery-level': '23.05'}, battery_charge, None, None
40.05, [INFO], r1, {'y': 31.4, 'x': -36.218, 'yaw': 3.14}, pose, None, None
50.09, [INFO], r1, {'y': 29.285, 'x': -36.283, 'yaw': 3.142}, pose, None, None
50.09, [INFO], r1, {'battery-level': '22.55'}, battery_charge, None, None
60.03, [INFO], r1, {'battery-level': '22.05'}, battery_charge, None, None
60.03, [INFO], r1, {'y': 27.178, 'x': -36.389, 'yaw': 3.141}, pose, None, None
70.07, [INFO], r1, {'battery-level': '21.55'}, battery_charge, None, None
70.07, [INFO], r1, {'y': 25.065, 'x': -36.488, 'yaw': 3.141}, pose, None, None
80.01, [INFO], r1, {'battery-level': '21.05'}, battery_charge, None, None
80.01, [INFO], r1, {'y': 22.971, 'x': -36.591, 'yaw': 3.14}, pose, None, None
90.05, [INFO], r1, {'y': 20.857, 'x': -36.697, 'yaw': 3.142}, pose, None, None
90.05, [INFO], r1, {'battery-level': '20.55'}, battery_charge, None, None
100.08, [INFO], r1, {'y': 18.744, 'x': -36.769, 'yaw': 3.141}, pose, None, None
100.08, [INFO], r1, {'battery-level': '20.05'}, battery_charge, None, None
110.01, [INFO], r1, {'y': 16.648, 'x': -36.827, 'yaw': 3.141}, pose, None, None
110.01, [INFO], r1, {'battery-level': '19.55'}, battery_charge, None, None
120.04, [INFO], r1, {'battery-level': '19.05'}, battery_charge, None, None
120.04, [INFO], r1, {'y': 15.576, 'x': -35.444, 'yaw': 3.142}, pose, None, None
130.08, [INFO], r1, {'y': 15.445, 'x': -33.334, 'yaw': -3.141}, pose, None, None
130.08, [INFO], r1, {'battery-level': '18.55'}, battery_charge, None, None
140.02, [INFO], r1, {'battery-level': '18.05'}, battery_charge, None, None
140.02, [INFO], r1, {'y': 15.519, 'x': -31.242, 'yaw': 3.141}, pose, None, None
150.06, [INFO], r1, {'y': 15.686, 'x': -29.125, 'yaw': 3.141}, pose, None, None
150.06, [INFO], r1, {'battery-level': '17.55'}, battery_charge, None, None
160.09, [INFO], r1, {'y': 15.902, 'x': -27.007, 'yaw': 3.14}, pose, None, None
160.09, [INFO], r1, {'battery-level': '17.05'}, battery_charge, None, None
170.02, [INFO], r1, {'battery-level': '16.55'}, battery_charge, None, None
170.02, [INFO], r1, {'y': 16.1, 'x': -24.907, 'yaw': 3.142}, pose, None, None
180.05, [INFO], r1, {'y': 16.123, 'x': -22.786, 'yaw': -3.136}, pose, None, None
180.05, [INFO], r1, {'battery-level': '16.05'}, battery_charge, None, None
190.08, [INFO], r1, {'battery-level': '15.55'}, battery_charge, None, None
190.08, [INFO], r1, {'y': 16.182, 'x': -20.672, 'yaw': 3.141}, pose, None, None
200.02, [INFO], r1, {'battery-level': '15.05'}, battery_charge, None, None
200.02, [INFO], r1, {'y': 16.228, 'x': -18.571, 'yaw': 3.137}, pose, None, None
210.05, [INFO], r1, {'battery-level': '14.55'}, battery_charge, None, None
210.05, [INFO], r1, {'y': 16.106, 'x': -16.464, 'yaw': -3.141}, pose, None, None
220.09, [INFO], r1, {'y': 16.132, 'x': -14.346, 'yaw': 3.141}, pose, None, None
220.09, [INFO], r1, {'battery-level': '14.05'}, battery_charge, None, None
230.03, [INFO], r1, {'y': 17.653, 'x': -13.602, 'yaw': -3.142}, pose, None, None
230.03, [INFO], r1, {'battery-level': '13.55'}, battery_charge, None, None
240.06, [INFO], r1, {'y': 17.947, 'x': -13.668, 'yaw': -3.142}, pose, None, None
240.06, [INFO], r1, {'battery-level': '13.05'}, battery_charge, None, None
242.57, [INFO], r1, skill-success, None, navto, None
242.57, [INFO], r1, started skill, None, approach-nurse, None
242.57, [INFO], r1, sent message, None, None, None
242.57, [INFO], r1, skill-success, None, approach-nurse, None
242.57, [INFO], r1, started skill, None, open-drawer, None
242.57, [INFO], r1, sent message, None, None, None
242.57, [INFO], r1, skill-success, None, open-drawer, None
242.57, [INFO], r1, started skill, None, deposit, None
242.57, [INFO], r1, sent message, None, None, None
242.57, [INFO], r1, skill-success, None, deposit, None
242.57, [INFO], r1, started skill, None, close-drawer, None
242.57, [INFO], r1, sent message, None, None, None
242.57, [INFO], r1, skill-success, None, close-drawer, None
242.57, [INFO], r1, started skill, None, navto, None
250.09, [INFO], r1, {'y': 16.492, 'x': -13.97, 'yaw': -3.142}, pose, None, None
250.09, [INFO], r1, {'battery-level': '12.55'}, battery_charge, None, None
260.03, [INFO], r1, {'y': 16.189, 'x': -16.021, 'yaw': 3.141}, pose, None, None
260.03, [INFO], r1, {'battery-level': '12.05'}, battery_charge, None, None
270.06, [INFO], r1, {'y': 16.184, 'x': -18.127, 'yaw': 3.141}, pose, None, None
270.06, [INFO], r1, {'battery-level': '11.55'}, battery_charge, None, None
280.10, [INFO], r1, {'battery-level': '11.05'}, battery_charge, None, None
280.10, [INFO], r1, {'y': 16.336, 'x': -20.235, 'yaw': 3.141}, pose, None, None
290.03, [INFO], r1, {'battery-level': '10.55'}, battery_charge, None, None
290.03, [INFO], r1, {'y': 16.289, 'x': -22.32, 'yaw': 3.141}, pose, None, None
300.06, [INFO], r1, {'y': 16.129, 'x': -24.429, 'yaw': -3.142}, pose, None, None
300.06, [INFO], r1, {'battery-level': '10.05'}, battery_charge, None, None
310.10, [INFO], r1, {'battery-level': '9.55'}, battery_charge, None, None
310.10, [INFO], r1, {'y': 16.043, 'x': -26.566, 'yaw': -3.138}, pose, None, None
320.04, [INFO], r1, {'y': 15.996, 'x': -28.657, 'yaw': 3.138}, pose, None, None
320.04, [INFO], r1, {'battery-level': '9.05'}, battery_charge, None, None
330.07, [INFO], r1, {'y': 15.902, 'x': -30.772, 'yaw': 3.142}, pose, None, None
330.07, [INFO], r1, {'battery-level': '8.55'}, battery_charge, None, None
340.01, [INFO], r1, {'battery-level': '8.05'}, battery_charge, None, None
340.01, [INFO], r1, {'y': 15.81, 'x': -32.862, 'yaw': 3.141}, pose, None, None
350.04, [INFO], r1, {'y': 15.51, 'x': -34.967, 'yaw': -3.141}, pose, None, None
350.04, [INFO], r1, {'battery-level': '7.55'}, battery_charge, None, None
360.06, [INFO], r1, {'y': 17.228, 'x': -36.097, 'yaw': -3.142}, pose, None, None
360.06, [INFO], r1, {'battery-level': '7.05'}, battery_charge, None, None
370.00, [INFO], r1, {'battery-level': '6.55'}, battery_charge, None, None
370.00, [INFO], r1, {'y': 19.322, 'x': -36.156, 'yaw': 3.141}, pose, None, None
380.03, [INFO], r1, {'y': 21.441, 'x': -36.258, 'yaw': -3.142}, pose, None, None
380.03, [INFO], r1, {'battery-level': '6.05'}, battery_charge, None, None
390.06, [INFO], r1, {'battery-level': '5.55'}, battery_charge, None, None
390.06, [INFO], r1, {'y': 23.565, 'x': -36.391, 'yaw': 3.141}, pose, None, None
400.09, [INFO], r1, {'y': 25.679, 'x': -36.301, 'yaw': 3.141}, pose, None, None
400.09, [INFO], r1, {'battery-level': '5.05'}, battery_charge, None, None
402.10, [WARN], r1, LOWBATT, None, None, None
402.10, [WARN], None, end!, None, None, None
410.02, [INFO], r1, {'y': 27.778, 'x': -36.356, 'yaw': 3.141}, pose, None, None
