0.19, [DEBUG], logger, ROBOTS_CONFIG={'capabilities': ['approach_person', 'approach_robot', 'authenticate_person', 'navigation', 'operate_drawer'], 'battery_charge': 0.25, 'nurse_pose': [-11.5, 18.0, -1.57], 'robot_pose': [-32.88, 33.98, 3.14]}, None, None, None
0.19, [DEBUG], logger, Simulation open, None, None, None
10.06, [INFO], r1, {'y': 33.98, 'x': -32.88, 'yaw': -3.142}, pose, None, None
10.06, [INFO], r1, {'battery-level': '24.55'}, battery_charge, None, None
10.74, [INFO], r1, started skill, None, navto, None
20.06, [INFO], r1, {'battery-level': '24.05'}, battery_charge, None, None
20.06, [INFO], r1, {'y': 34.656, 'x': -34.671, 'yaw': -3.142}, pose, None, None
30.07, [INFO], r1, {'battery-level': '23.55'}, battery_charge, None, None
30.07, [INFO], r1, {'y': 33.7, 'x': -36.171, 'yaw': 3.142}, pose, None, None
40.10, [INFO], r1, {'y': 31.587, 'x': -36.219, 'yaw': 3.14}, pose, None, None
40.10, [INFO], r1, {'battery-level': '23.05'}, battery_charge, None, None
50.01, [INFO], r1, {'y': 29.499, 'x': -36.276, 'yaw': 3.141}, pose, None, None
50.01, [INFO], r1, {'battery-level': '22.55'}, battery_charge, None, None
60.02, [INFO], r1, {'y': 27.398, 'x': -36.312, 'yaw': 3.141}, pose, None, None
60.02, [INFO], r1, {'battery-level': '22.05'}, battery_charge, None, None
70.01, [INFO], r1, {'y': 25.288, 'x': -36.433, 'yaw': 3.141}, pose, None, None
70.01, [INFO], r1, {'battery-level': '21.55'}, battery_charge, None, None
80.03, [INFO], r1, {'y': 23.176, 'x': -36.526, 'yaw': 3.141}, pose, None, None
80.03, [INFO], r1, {'battery-level': '21.05'}, battery_charge, None, None
90.03, [INFO], r1, {'battery-level': '20.55'}, battery_charge, None, None
90.03, [INFO], r1, {'y': 21.055, 'x': -36.627, 'yaw': 3.141}, pose, None, None
100.03, [INFO], r1, {'y': 18.944, 'x': -36.661, 'yaw': 3.141}, pose, None, None
100.03, [INFO], r1, {'battery-level': '20.05'}, battery_charge, None, None
110.03, [INFO], r1, {'y': 16.843, 'x': -36.75, 'yaw': 3.141}, pose, None, None
110.03, [INFO], r1, {'battery-level': '19.55'}, battery_charge, None, None
120.04, [INFO], r1, {'battery-level': '19.05'}, battery_charge, None, None
120.04, [INFO], r1, {'y': 15.605, 'x': -35.515, 'yaw': 3.141}, pose, None, None
130.03, [INFO], r1, {'y': 15.446, 'x': -33.418, 'yaw': -3.141}, pose, None, None
130.03, [INFO], r1, {'battery-level': '18.55'}, battery_charge, None, None
140.10, [INFO], r1, {'battery-level': '18.05'}, battery_charge, None, None
140.10, [INFO], r1, {'y': 15.507, 'x': -31.277, 'yaw': 3.14}, pose, None, None
150.01, [INFO], r1, {'y': 15.722, 'x': -29.185, 'yaw': 3.141}, pose, None, None
150.01, [INFO], r1, {'battery-level': '17.55'}, battery_charge, None, None
160.09, [INFO], r1, {'y': 15.871, 'x': -27.045, 'yaw': 3.141}, pose, None, None
160.09, [INFO], r1, {'battery-level': '17.05'}, battery_charge, None, None
170.07, [INFO], r1, {'y': 16.102, 'x': -24.954, 'yaw': 3.141}, pose, None, None
170.07, [INFO], r1, {'battery-level': '16.55'}, battery_charge, None, None
180.05, [INFO], r1, {'y': 16.198, 'x': -22.845, 'yaw': -3.141}, pose, None, None
180.05, [INFO], r1, {'battery-level': '16.05'}, battery_charge, None, None
190.04, [INFO], r1, {'y': 16.247, 'x': -20.73, 'yaw': 3.141}, pose, None, None
190.04, [INFO], r1, {'battery-level': '15.55'}, battery_charge, None, None
200.01, [INFO], r1, {'y': 16.287, 'x': -18.627, 'yaw': 3.14}, pose, None, None
200.01, [INFO], r1, {'battery-level': '15.05'}, battery_charge, None, None
210.00, [INFO], r1, {'y': 16.149, 'x': -16.53, 'yaw': 3.14}, pose, None, None
210.00, [INFO], r1, {'battery-level': '14.55'}, battery_charge, None, None
220.09, [INFO], r1, {'y': 16.113, 'x': -14.395, 'yaw': 3.141}, pose, None, None
220.09, [INFO], r1, {'battery-level': '14.05'}, battery_charge, None, None
230.09, [INFO], r1, {'y': 16.57, 'x': -12.316, 'yaw': 3.142}, pose, None, None
230.09, [INFO], r1, {'battery-level': '13.55'}, battery_charge, None, None
240.04, [INFO], r1, {'y': 17.963, 'x': -11.58, 'yaw': -3.142}, pose, None, None
240.04, [INFO], r1, {'battery-level': '13.05'}, battery_charge, None, None
250.02, [INFO], r1, {'y': 17.991, 'x': -11.505, 'yaw': 3.141}, pose, None, None
250.02, [INFO], r1, {'battery-level': '12.55'}, battery_charge, None, None
254.85, [INFO], r1, skill-success, None, navto, None
254.85, [INFO], r1, started skill, None, approach-nurse, None
254.85, [INFO], r1, sent message, None, None, None
254.85, [INFO], r1, skill-success, None, approach-nurse, None
254.85, [INFO], r1, started skill, None, open-drawer, None
254.85, [INFO], r1, sent message, None, None, None
254.85, [INFO], r1, skill-success, None, open-drawer, None
254.85, [INFO], r1, started skill, None, deposit, None
254.85, [INFO], r1, sent message, None, None, None
254.85, [INFO], r1, skill-success, None, deposit, None
254.85, [INFO], r1, started skill, None, close-drawer, None
254.85, [INFO], r1, sent message, None, None, None
254.85, [INFO], r1, skill-success, None, close-drawer, None
254.85, [INFO], r1, started skill, None, navto, None
260.00, [INFO], r1, {'y': 17.035, 'x': -11.931, 'yaw': 3.141}, pose, None, None
260.00, [INFO], r1, {'battery-level': '12.05'}, battery_charge, None, None
270.10, [INFO], r1, {'y': 16.278, 'x': -13.78, 'yaw': 3.142}, pose, None, None
270.10, [INFO], r1, {'battery-level': '11.55'}, battery_charge, None, None
280.07, [INFO], r1, {'y': 16.193, 'x': -15.878, 'yaw': -3.142}, pose, None, None
280.07, [INFO], r1, {'battery-level': '11.05'}, battery_charge, None, None
290.06, [INFO], r1, {'y': 16.137, 'x': -17.987, 'yaw': 3.141}, pose, None, None
290.06, [INFO], r1, {'battery-level': '10.55'}, battery_charge, None, None
300.02, [INFO], r1, {'y': 16.287, 'x': -20.086, 'yaw': -3.142}, pose, None, None
300.02, [INFO], r1, {'battery-level': '10.05'}, battery_charge, None, None
310.01, [INFO], r1, {'y': 16.281, 'x': -22.194, 'yaw': -3.136}, pose, None, None
310.01, [INFO], r1, {'battery-level': '9.55'}, battery_charge, None, None
320.00, [INFO], r1, {'y': 16.141, 'x': -24.301, 'yaw': 3.141}, pose, None, None
320.00, [INFO], r1, {'battery-level': '9.05'}, battery_charge, None, None
330.06, [INFO], r1, {'y': 16.057, 'x': -26.427, 'yaw': 3.142}, pose, None, None
330.06, [INFO], r1, {'battery-level': '8.55'}, battery_charge, None, None
340.05, [INFO], r1, {'y': 15.949, 'x': -28.522, 'yaw': -3.142}, pose, None, None
340.05, [INFO], r1, {'battery-level': '8.05'}, battery_charge, None, None
350.01, [INFO], r1, {'battery-level': '7.55'}, battery_charge, None, None
350.01, [INFO], r1, {'y': 15.898, 'x': -30.628, 'yaw': 3.142}, pose, None, None
360.09, [INFO], r1, {'y': 15.783, 'x': -32.752, 'yaw': 3.141}, pose, None, None
360.09, [INFO], r1, {'battery-level': '7.05'}, battery_charge, None, None
370.08, [INFO], r1, {'y': 15.463, 'x': -34.857, 'yaw': -3.142}, pose, None, None
370.08, [INFO], r1, {'battery-level': '6.55'}, battery_charge, None, None
380.06, [INFO], r1, {'battery-level': '6.05'}, battery_charge, None, None
380.06, [INFO], r1, {'y': 17.132, 'x': -36.064, 'yaw': 3.142}, pose, None, None
390.04, [INFO], r1, {'y': 19.243, 'x': -36.168, 'yaw': 3.138}, pose, None, None
390.04, [INFO], r1, {'battery-level': '5.55'}, battery_charge, None, None
400.03, [INFO], r1, {'y': 21.357, 'x': -36.298, 'yaw': 3.141}, pose, None, None
400.03, [INFO], r1, {'battery-level': '5.05'}, battery_charge, None, None
402.02, [WARN], r1, LOWBATT, None, None, None
402.02, [WARN], None, end!, None, None, None
410.05, [INFO], r1, {'y': 23.47, 'x': -36.308, 'yaw': 3.14}, pose, None, None
