9.59, [INFO], r1, started skill, None, navto, None
10.08, [INFO], r1, {'y': 33.98, 'x': -32.909, 'yaw': 3.141}, pose, None, None
10.08, [INFO], r1, {'battery-level': '24.55'}, battery_charge, None, None
20.03, [INFO], r1, {'battery-level': '24.05'}, battery_charge, None, None
20.03, [INFO], r1, {'y': 34.665, 'x': -34.916, 'yaw': 3.142}, pose, None, None
30.00, [INFO], r1, {'battery-level': '23.55'}, battery_charge, None, None
30.00, [INFO], r1, {'y': 33.506, 'x': -36.202, 'yaw': -3.142}, pose, None, None
40.03, [INFO], r1, {'y': 31.377, 'x': -36.247, 'yaw': 3.141}, pose, None, None
40.03, [INFO], r1, {'battery-level': '23.05'}, battery_charge, None, None
50.07, [INFO], r1, {'y': 29.257, 'x': -36.286, 'yaw': -3.142}, pose, None, None
50.07, [INFO], r1, {'battery-level': '22.55'}, battery_charge, None, None
60.02, [INFO], r1, {'y': 27.127, 'x': -36.339, 'yaw': 3.14}, pose, None, None
60.02, [INFO], r1, {'battery-level': '22.05'}, battery_charge, None, None
70.04, [INFO], r1, {'y': 25.01, 'x': -36.403, 'yaw': 3.141}, pose, None, None
70.04, [INFO], r1, {'battery-level': '21.55'}, battery_charge, None, None
80.07, [INFO], r1, {'battery-level': '21.05'}, battery_charge, None, None
80.07, [INFO], r1, {'y': 22.871, 'x': -36.524, 'yaw': 3.141}, pose, None, None
90.06, [INFO], r1, {'y': 20.761, 'x': -36.639, 'yaw': 3.142}, pose, None, None
90.06, [INFO], r1, {'battery-level': '20.55'}, battery_charge, None, None
100.06, [INFO], r1, {'y': 18.629, 'x': -36.71, 'yaw': 3.141}, pose, None, None
100.06, [INFO], r1, {'battery-level': '20.05'}, battery_charge, None, None
110.04, [INFO], r1, {'y': 16.508, 'x': -36.824, 'yaw': 3.141}, pose, None, None
110.04, [INFO], r1, {'battery-level': '19.55'}, battery_charge, None, None
120.03, [INFO], r1, {'y': 15.541, 'x': -35.128, 'yaw': -3.141}, pose, None, None
120.03, [INFO], r1, {'battery-level': '19.05'}, battery_charge, None, None
130.07, [INFO], r1, {'y': 15.49, 'x': -33.015, 'yaw': 3.142}, pose, None, None
130.07, [INFO], r1, {'battery-level': '18.55'}, battery_charge, None, None
140.03, [INFO], r1, {'y': 15.501, 'x': -30.9, 'yaw': 3.141}, pose, None, None
140.03, [INFO], r1, {'battery-level': '18.05'}, battery_charge, None, None
150.04, [INFO], r1, {'battery-level': '17.55'}, battery_charge, None, None
150.04, [INFO], r1, {'y': 15.709, 'x': -28.792, 'yaw': 3.141}, pose, None, None
160.05, [INFO], r1, {'y': 16.016, 'x': -26.682, 'yaw': 3.141}, pose, None, None
160.05, [INFO], r1, {'battery-level': '17.05'}, battery_charge, None, None
170.09, [INFO], r1, {'y': 16.158, 'x': -24.573, 'yaw': -3.141}, pose, None, None
170.09, [INFO], r1, {'battery-level': '16.55'}, battery_charge, None, None
180.07, [INFO], r1, {'battery-level': '16.05'}, battery_charge, None, None
180.07, [INFO], r1, {'y': 16.151, 'x': -22.466, 'yaw': 3.142}, pose, None, None
190.08, [INFO], r1, {'y': 16.192, 'x': -20.338, 'yaw': 3.142}, pose, None, None
190.08, [INFO], r1, {'battery-level': '15.55'}, battery_charge, None, None
200.09, [INFO], r1, {'y': 16.17, 'x': -18.22, 'yaw': 3.141}, pose, None, None
200.09, [INFO], r1, {'battery-level': '15.05'}, battery_charge, None, None
210.08, [INFO], r1, {'y': 16.039, 'x': -16.095, 'yaw': 3.141}, pose, None, None
210.08, [INFO], r1, {'battery-level': '14.55'}, battery_charge, None, None
220.09, [INFO], r1, {'battery-level': '14.05'}, battery_charge, None, None
220.09, [INFO], r1, {'y': 16.108, 'x': -13.958, 'yaw': 3.141}, pose, None, None
230.09, [INFO], r1, {'y': 16.891, 'x': -12.035, 'yaw': 3.138}, pose, None, None
230.09, [INFO], r1, {'battery-level': '13.55'}, battery_charge, None, None
240.06, [INFO], r1, {'y': 17.973, 'x': -11.545, 'yaw': -3.141}, pose, None, None
240.06, [INFO], r1, {'battery-level': '13.05'}, battery_charge, None, None
243.52, [INFO], r1, skill-success, None, navto, None
243.52, [INFO], r1, started skill, None, approach-nurse, None
243.52, [INFO], r1, sent message, None, None, None
243.52, [INFO], r1, skill-success, None, approach-nurse, None
243.52, [INFO], r1, started skill, None, authenticate-nurse, None
243.52, [WARN], r1, SKILL-FAILURE, None, authenticate-nurse, None
250.04, [INFO], r1, {'y': 17.976, 'x': -11.547, 'yaw': 3.142}, pose, None, None
250.04, [INFO], r1, {'battery-level': '12.55'}, battery_charge, None, None
