0.19, [DEBUG], logger, ROBOTS_CONFIG={'capabilities': ['approach_person', 'approach_robot', 'authenticate_person', 'navigation', 'operate_drawer'], 'battery_charge': 0.25, 'nurse_pose': [-18.0, 13.0, 1.57], 'robot_pose': [-33.9, 18.93, 3.14]}, None, None, None
0.19, [DEBUG], logger, Simulation open, None, None, None
10.04, [INFO], r1, {'y': 18.93, 'x': -33.9, 'yaw': 3.142}, pose, None, None
10.04, [INFO], r1, {'battery-level': '24.55'}, battery_charge, None, None
10.82, [INFO], r1, started skill, None, navto, None
20.01, [INFO], r1, {'battery-level': '24.05'}, battery_charge, None, None
20.01, [INFO], r1, {'y': 17.745, 'x': -35.205, 'yaw': -3.142}, pose, None, None
30.01, [INFO], r1, {'y': 16.282, 'x': -36.505, 'yaw': 3.141}, pose, None, None
30.01, [INFO], r1, {'battery-level': '23.55'}, battery_charge, None, None
40.08, [INFO], r1, {'battery-level': '23.05'}, battery_charge, None, None
40.08, [INFO], r1, {'y': 15.447, 'x': -34.627, 'yaw': -3.142}, pose, None, None
50.06, [INFO], r1, {'y': 15.532, 'x': -32.509, 'yaw': 3.142}, pose, None, None
50.06, [INFO], r1, {'battery-level': '22.55'}, battery_charge, None, None
60.07, [INFO], r1, {'y': 15.612, 'x': -30.398, 'yaw': 3.141}, pose, None, None
60.07, [INFO], r1, {'battery-level': '22.05'}, battery_charge, None, None
70.08, [INFO], r1, {'y': 15.796, 'x': -28.272, 'yaw': 3.142}, pose, None, None
70.08, [INFO], r1, {'battery-level': '21.55'}, battery_charge, None, None
80.06, [INFO], r1, {'y': 15.886, 'x': -26.162, 'yaw': 3.142}, pose, None, None
80.06, [INFO], r1, {'battery-level': '21.05'}, battery_charge, None, None
90.02, [INFO], r1, {'y': 15.776, 'x': -24.056, 'yaw': 3.141}, pose, None, None
90.02, [INFO], r1, {'battery-level': '20.55'}, battery_charge, None, None
100.01, [INFO], r1, {'y': 15.757, 'x': -21.928, 'yaw': 3.141}, pose, None, None
100.01, [INFO], r1, {'battery-level': '20.05'}, battery_charge, None, None
110.08, [INFO], r1, {'y': 15.467, 'x': -19.805, 'yaw': -3.142}, pose, None, None
110.08, [INFO], r1, {'battery-level': '19.55'}, battery_charge, None, None
120.06, [INFO], r1, {'y': 14.383, 'x': -18.08, 'yaw': 3.142}, pose, None, None
120.06, [INFO], r1, {'battery-level': '19.05'}, battery_charge, None, None
130.04, [INFO], r1, {'y': 12.916, 'x': -18.153, 'yaw': -3.142}, pose, None, None
130.04, [INFO], r1, {'battery-level': '18.55'}, battery_charge, None, None
135.39, [INFO], r1, skill-success, None, navto, None
135.39, [INFO], r1, started skill, None, approach-nurse, None
135.39, [INFO], r1, sent message, None, None, None
135.39, [INFO], r1, skill-success, None, approach-nurse, None
135.39, [INFO], r1, started skill, None, authenticate-nurse, None
135.39, [INFO], r1, sent message, None, None, None
135.39, [INFO], r1, started skill, None, open-drawer, None
135.39, [INFO], r1, sent message, None, None, None
135.39, [INFO], r1, skill-success, None, open-drawer, None
135.39, [INFO], r1, started skill, None, deposit, None
135.39, [INFO], r1, sent message, None, None, None
135.39, [INFO], r1, skill-success, None, deposit, None
135.39, [INFO], r1, started skill, None, close-drawer, None
135.39, [INFO], r1, sent message, None, None, None
135.39, [INFO], r1, skill-success, None, close-drawer, None
135.39, [INFO], r1, started skill, None, navto, None
140.03, [INFO], r1, {'y': 13.829, 'x': -18.174, 'yaw': -3.142}, pose, None, None
140.03, [INFO], r1, {'battery-level': '18.05'}, battery_charge, None, None
150.01, [INFO], r1, {'y': 15.33, 'x': -19.419, 'yaw': -3.141}, pose, None, None
150.01, [INFO], r1, {'battery-level': '17.55'}, battery_charge, None, None
160.00, [INFO], r1, {'y': 15.712, 'x': -21.501, 'yaw': 3.141}, pose, None, None
160.00, [INFO], r1, {'battery-level': '17.05'}, battery_charge, None, None
170.00, [INFO], r1, {'y': 15.717, 'x': -23.616, 'yaw': -3.142}, pose, None, None
170.00, [INFO], r1, {'battery-level': '16.55'}, battery_charge, None, None
180.03, [INFO], r1, {'y': 15.759, 'x': -25.728, 'yaw': 3.141}, pose, None, None
180.03, [INFO], r1, {'battery-level': '16.05'}, battery_charge, None, None
190.03, [INFO], r1, {'y': 15.841, 'x': -27.83, 'yaw': 3.14}, pose, None, None
190.03, [INFO], r1, {'battery-level': '15.55'}, battery_charge, None, None
200.04, [INFO], r1, {'battery-level': '15.05'}, battery_charge, None, None
200.04, [INFO], r1, {'y': 15.875, 'x': -29.936, 'yaw': 3.141}, pose, None, None
210.01, [INFO], r1, {'y': 15.764, 'x': -32.057, 'yaw': 3.141}, pose, None, None
210.01, [INFO], r1, {'battery-level': '14.55'}, battery_charge, None, None
220.00, [INFO], r1, {'battery-level': '14.05'}, battery_charge, None, None
220.00, [INFO], r1, {'y': 15.521, 'x': -34.152, 'yaw': 3.141}, pose, None, None
230.08, [INFO], r1, {'y': 16.427, 'x': -35.937, 'yaw': -3.142}, pose, None, None
230.08, [INFO], r1, {'battery-level': '13.55'}, battery_charge, None, None
240.08, [INFO], r1, {'y': 18.51, 'x': -36.153, 'yaw': 3.138}, pose, None, None
240.08, [INFO], r1, {'battery-level': '13.05'}, battery_charge, None, None
250.07, [INFO], r1, {'y': 20.616, 'x': -36.214, 'yaw': 3.142}, pose, None, None
250.07, [INFO], r1, {'battery-level': '12.55'}, battery_charge, None, None
260.05, [INFO], r1, {'y': 22.717, 'x': -36.328, 'yaw': 3.141}, pose, None, None
260.05, [INFO], r1, {'battery-level': '12.05'}, battery_charge, None, None
270.07, [INFO], r1, {'y': 24.832, 'x': -36.299, 'yaw': 3.141}, pose, None, None
270.07, [INFO], r1, {'battery-level': '11.55'}, battery_charge, None, None
280.07, [INFO], r1, {'y': 26.941, 'x': -36.274, 'yaw': 3.141}, pose, None, None
280.07, [INFO], r1, {'battery-level': '11.05'}, battery_charge, None, None
290.00, [INFO], r1, {'y': 29.052, 'x': -36.332, 'yaw': 3.142}, pose, None, None
290.00, [INFO], r1, {'battery-level': '10.55'}, battery_charge, None, None
300.01, [INFO], r1, {'y': 31.165, 'x': -36.472, 'yaw': 3.142}, pose, None, None
300.01, [INFO], r1, {'battery-level': '10.05'}, battery_charge, None, None
310.03, [INFO], r1, {'y': 33.272, 'x': -36.732, 'yaw': 3.141}, pose, None, None
310.03, [INFO], r1, {'battery-level': '9.55'}, battery_charge, None, None
320.06, [INFO], r1, {'y': 35.389, 'x': -36.86, 'yaw': 3.14}, pose, None, None
320.06, [INFO], r1, {'battery-level': '9.05'}, battery_charge, None, None
330.09, [INFO], r1, {'y': 35.997, 'x': -36.952, 'yaw': 3.141}, pose, None, None
330.09, [INFO], r1, {'battery-level': '8.55'}, battery_charge, None, None
340.02, [INFO], r1, {'y': 36.119, 'x': -36.972, 'yaw': -3.142}, pose, None, None
340.02, [INFO], r1, {'battery-level': '8.05'}, battery_charge, None, None
343.89, [INFO], r1, skill-success, None, navto, None
343.89, [INFO], r1, started skill, None, approach-arm, None
343.89, [INFO], r1, started skill, None, open-drawer, None
343.89, [INFO], r1, sent message, None, None, None
343.89, [INFO], r1, skill-success, None, open-drawer, None
343.89, [INFO], r1, started skill, None, pick-up-sample, None
343.89, [INFO], r1, sent message, None, None, None
343.89, [INFO], r1, skill-success, None, pick-up-sample, None
343.89, [INFO], r1, started skill, None, close-drawer, None
343.89, [INFO], r1, sent message, None, None, None
343.89, [INFO], r1, skill-success, None, close-drawer, None
343.89, [WARN], r1, SUCCESS, None, None, None
350.00, [INFO], r1, {'y': 36.117, 'x': -36.976, 'yaw': -3.142}, pose, None, None
350.00, [INFO], r1, {'battery-level': '7.55'}, battery_charge, None, None
