0.19, [DEBUG], logger, ROBOTS_CONFIG={'capabilities': ['approach_person', 'approach_robot', 'authenticate_person', 'navigation', 'operate_drawer'], 'battery_charge': 0.25, 'nurse_pose': [-18.0, 13.0, 1.57], 'robot_pose': [-33.9, 18.93, 3.14]}, None, None, None
0.19, [DEBUG], logger, Simulation open, None, None, None
10.03, [INFO], r1, {'y': 18.93, 'x': -33.9, 'yaw': 3.142}, pose, None, None
10.03, [INFO], r1, {'battery-level': '24.55'}, battery_charge, None, None
10.81, [INFO], r1, started skill, None, navto, None
20.04, [INFO], r1, {'y': 17.726, 'x': -35.221, 'yaw': -3.142}, pose, None, None
20.04, [INFO], r1, {'battery-level': '24.05'}, battery_charge, None, None
30.04, [INFO], r1, {'y': 16.273, 'x': -36.548, 'yaw': 3.141}, pose, None, None
30.04, [INFO], r1, {'battery-level': '23.55'}, battery_charge, None, None
40.05, [INFO], r1, {'y': 15.379, 'x': -34.719, 'yaw': -3.142}, pose, None, None
40.05, [INFO], r1, {'battery-level': '23.05'}, battery_charge, None, None
50.03, [INFO], r1, {'y': 15.487, 'x': -32.602, 'yaw': 3.141}, pose, None, None
50.03, [INFO], r1, {'battery-level': '22.55'}, battery_charge, None, None
60.04, [INFO], r1, {'y': 15.53, 'x': -30.486, 'yaw': -3.14}, pose, None, None
60.04, [INFO], r1, {'battery-level': '22.05'}, battery_charge, None, None
70.02, [INFO], r1, {'battery-level': '21.55'}, battery_charge, None, None
70.02, [INFO], r1, {'y': 15.719, 'x': -28.385, 'yaw': 3.141}, pose, None, None
80.02, [INFO], r1, {'y': 15.894, 'x': -26.284, 'yaw': -3.142}, pose, None, None
80.02, [INFO], r1, {'battery-level': '21.05'}, battery_charge, None, None
90.08, [INFO], r1, {'y': 15.852, 'x': -24.164, 'yaw': 3.14}, pose, None, None
90.08, [INFO], r1, {'battery-level': '20.55'}, battery_charge, None, None
100.07, [INFO], r1, {'y': 15.759, 'x': -22.07, 'yaw': 3.142}, pose, None, None
100.07, [INFO], r1, {'battery-level': '20.05'}, battery_charge, None, None
110.05, [INFO], r1, {'battery-level': '19.55'}, battery_charge, None, None
110.05, [INFO], r1, {'y': 15.542, 'x': -19.952, 'yaw': -3.142}, pose, None, None
120.03, [INFO], r1, {'y': 14.659, 'x': -18.027, 'yaw': -3.142}, pose, None, None
120.03, [INFO], r1, {'battery-level': '19.05'}, battery_charge, None, None
130.01, [INFO], r1, {'y': 12.954, 'x': -18.157, 'yaw': -3.142}, pose, None, None
130.01, [INFO], r1, {'battery-level': '18.55'}, battery_charge, None, None
137.74, [INFO], r1, skill-success, None, navto, None
137.74, [INFO], r1, started skill, None, approach-nurse, None
137.74, [INFO], r1, sent message, None, None, None
137.74, [INFO], r1, skill-success, None, approach-nurse, None
137.74, [INFO], r1, started skill, None, authenticate-nurse, None
137.74, [INFO], r1, sent message, None, None, None
137.74, [INFO], r1, skill-success, None, authenticate-nurse, None
137.74, [INFO], r1, started skill, None, open-drawer, None
137.74, [INFO], r1, sent message, None, None, None
137.74, [INFO], r1, skill-success, None, open-drawer, None
137.74, [INFO], r1, started skill, None, deposit, None
137.74, [INFO], r1, sent message, None, None, None
137.74, [INFO], r1, skill-success, None, deposit, None
137.74, [INFO], r1, started skill, None, close-drawer, None
137.74, [INFO], r1, sent message, None, None, None
137.74, [INFO], r1, skill-success, None, close-drawer, None
137.74, [INFO], r1, started skill, None, navto, None
140.01, [INFO], r1, {'battery-level': '18.05'}, battery_charge, None, None
140.01, [INFO], r1, {'y': 13.324, 'x': -18.134, 'yaw': -3.142}, pose, None, None
150.09, [INFO], r1, {'y': 15.06, 'x': -19.004, 'yaw': 3.137}, pose, None, None
150.09, [INFO], r1, {'battery-level': '17.55'}, battery_charge, None, None
160.04, [INFO], r1, {'y': 15.663, 'x': -21.038, 'yaw': -3.142}, pose, None, None
160.04, [INFO], r1, {'battery-level': '17.05'}, battery_charge, None, None
170.04, [INFO], r1, {'y': 15.739, 'x': -23.148, 'yaw': 3.141}, pose, None, None
170.04, [INFO], r1, {'battery-level': '16.55'}, battery_charge, None, None
180.05, [INFO], r1, {'battery-level': '16.05'}, battery_charge, None, None
180.05, [INFO], r1, {'y': 15.765, 'x': -25.273, 'yaw': 3.141}, pose, None, None
190.05, [INFO], r1, {'y': 15.81, 'x': -27.378, 'yaw': 3.142}, pose, None, None
190.05, [INFO], r1, {'battery-level': '15.55'}, battery_charge, None, None
200.04, [INFO], r1, {'y': 15.927, 'x': -29.486, 'yaw': 3.142}, pose, None, None
200.04, [INFO], r1, {'battery-level': '15.05'}, battery_charge, None, None
210.05, [INFO], r1, {'y': 15.822, 'x': -31.595, 'yaw': 3.141}, pose, None, None
210.05, [INFO], r1, {'battery-level': '14.55'}, battery_charge, None, None
220.06, [INFO], r1, {'y': 15.628, 'x': -33.714, 'yaw': 3.141}, pose, None, None
220.06, [INFO], r1, {'battery-level': '14.05'}, battery_charge, None, None
230.06, [INFO], r1, {'y': 16.083, 'x': -35.645, 'yaw': -3.142}, pose, None, None
230.06, [INFO], r1, {'battery-level': '13.55'}, battery_charge, None, None
240.06, [INFO], r1, {'y': 18.06, 'x': -36.132, 'yaw': 3.141}, pose, None, None
240.06, [INFO], r1, {'battery-level': '13.05'}, battery_charge, None, None
250.06, [INFO], r1, {'battery-level': '12.55'}, battery_charge, None, None
250.06, [INFO], r1, {'y': 20.174, 'x': -36.224, 'yaw': -3.142}, pose, None, None
260.06, [INFO], r1, {'y': 22.289, 'x': -36.308, 'yaw': 3.142}, pose, None, None
260.06, [INFO], r1, {'battery-level': '12.05'}, battery_charge, None, None
270.06, [INFO], r1, {'y': 24.417, 'x': -36.291, 'yaw': 3.141}, pose, None, None
270.06, [INFO], r1, {'battery-level': '11.55'}, battery_charge, None, None
280.06, [INFO], r1, {'battery-level': '11.05'}, battery_charge, None, None
280.06, [INFO], r1, {'y': 26.546, 'x': -36.279, 'yaw': 3.14}, pose, None, None
290.08, [INFO], r1, {'y': 28.68, 'x': -36.331, 'yaw': 3.141}, pose, None, None
290.08, [INFO], r1, {'battery-level': '10.55'}, battery_charge, None, None
300.00, [INFO], r1, {'y': 30.78, 'x': -36.453, 'yaw': 3.142}, pose, None, None
300.00, [INFO], r1, {'battery-level': '10.05'}, battery_charge, None, None
310.03, [INFO], r1, {'y': 32.895, 'x': -36.692, 'yaw': 3.142}, pose, None, None
310.03, [INFO], r1, {'battery-level': '9.55'}, battery_charge, None, None
320.06, [INFO], r1, {'battery-level': '9.05'}, battery_charge, None, None
320.06, [INFO], r1, {'y': 35.006, 'x': -36.851, 'yaw': -3.142}, pose, None, None
330.09, [INFO], r1, {'y': 36.009, 'x': -36.968, 'yaw': 3.142}, pose, None, None
330.09, [INFO], r1, {'battery-level': '8.55'}, battery_charge, None, None
330.98, [INFO], r1, skill-success, None, navto, None
330.98, [INFO], r1, started skill, None, approach-arm, None
330.98, [INFO], r1, sent message, None, None, None
330.98, [INFO], r1, skill-success, None, approach-arm, None
330.98, [INFO], r1, started skill, None, open-drawer, None
330.98, [INFO], r1, sent message, None, None, None
330.98, [INFO], r1, skill-success, None, open-drawer, None
330.98, [INFO], r1, started skill, None, pick-up-sample, None
330.98, [INFO], r1, sent message, None, None, None
330.98, [INFO], r1, skill-success, None, pick-up-sample, None
330.98, [INFO], r1, started skill, None, close-drawer, None
330.98, [INFO], r1, sent message, None, None, None
330.98, [INFO], r1, skill-success, None, close-drawer, None
330.98, [WARN], r1, SUCCESS, None, None, None
