9.22, [INFO], r1, started skill, None, navto, None
10.01, [INFO], r1, {'y': 18.925, 'x': -33.971, 'yaw': 3.14}, pose, None, None
10.01, [INFO], r1, {'battery-level': '24.55'}, battery_charge, None, None
20.01, [INFO], r1, {'battery-level': '24.05'}, battery_charge, None, None
20.01, [INFO], r1, {'y': 17.703, 'x': -35.524, 'yaw': 3.139}, pose, None, None
30.02, [INFO], r1, {'y': 16.008, 'x': -36.358, 'yaw': 3.142}, pose, None, None
30.02, [INFO], r1, {'battery-level': '23.55'}, battery_charge, None, None
40.06, [INFO], r1, {'y': 15.373, 'x': -34.324, 'yaw': 3.142}, pose, None, None
40.06, [INFO], r1, {'battery-level': '23.05'}, battery_charge, None, None
50.08, [INFO], r1, {'battery-level': '22.55'}, battery_charge, None, None
50.08, [INFO], r1, {'y': 15.517, 'x': -32.216, 'yaw': 3.142}, pose, None, None
60.00, [INFO], r1, {'battery-level': '22.05'}, battery_charge, None, None
60.00, [INFO], r1, {'y': 15.553, 'x': -30.106, 'yaw': 3.141}, pose, None, None
70.00, [INFO], r1, {'y': 15.831, 'x': -28.001, 'yaw': 3.142}, pose, None, None
70.00, [INFO], r1, {'battery-level': '21.55'}, battery_charge, None, None
80.00, [INFO], r1, {'y': 15.848, 'x': -25.901, 'yaw': -3.14}, pose, None, None
80.00, [INFO], r1, {'battery-level': '21.05'}, battery_charge, None, None
90.00, [INFO], r1, {'y': 15.772, 'x': -23.772, 'yaw': 3.14}, pose, None, None
90.00, [INFO], r1, {'battery-level': '20.55'}, battery_charge, None, None
100.05, [INFO], r1, {'y': 15.732, 'x': -21.65, 'yaw': 3.14}, pose, None, None
100.05, [INFO], r1, {'battery-level': '20.05'}, battery_charge, None, None
110.05, [INFO], r1, {'y': 15.445, 'x': -19.533, 'yaw': 3.138}, pose, None, None
110.05, [INFO], r1, {'battery-level': '19.55'}, battery_charge, None, None
120.08, [INFO], r1, {'y': 14.197, 'x': -17.973, 'yaw': 3.14}, pose, None, None
120.08, [INFO], r1, {'battery-level': '19.05'}, battery_charge, None, None
130.06, [INFO], r1, {'y': 12.949, 'x': -18.148, 'yaw': 3.141}, pose, None, None
130.06, [INFO], r1, {'battery-level': '18.55'}, battery_charge, None, None
139.07, [INFO], r1, skill-success, None, navto, None
139.07, [INFO], r1, started skill, None, approach-nurse, None
139.07, [INFO], r1, sent message, None, None, None
139.07, [INFO], r1, skill-success, None, approach-nurse, None
139.07, [INFO], r1, started skill, None, authenticate-nurse, None
139.07, [INFO], r1, sent message, None, None, None
139.07, [INFO], r1, skill-success, None, authenticate-nurse, None
139.07, [INFO], r1, started skill, None, open-drawer, None
139.07, [INFO], r1, sent message, None, None, None
139.07, [INFO], r1, skill-success, None, open-drawer, None
139.07, [INFO], r1, started skill, None, deposit, None
139.07, [INFO], r1, sent message, None, None, None
139.07, [INFO], r1, skill-success, None, deposit, None
139.07, [INFO], r1, started skill, None, close-drawer, None
139.07, [INFO], r1, sent message, None, None, None
139.07, [INFO], r1, skill-success, None, close-drawer, None
139.07, [INFO], r1, started skill, None, navto, None
140.03, [INFO], r1, {'y': 12.986, 'x': -18.132, 'yaw': -3.141}, pose, None, None
140.03, [INFO], r1, {'battery-level': '18.05'}, battery_charge, None, None
150.03, [INFO], r1, {'battery-level': '17.55'}, battery_charge, None, None
150.03, [INFO], r1, {'y': 14.953, 'x': -18.555, 'yaw': 3.142}, pose, None, None
160.06, [INFO], r1, {'y': 15.654, 'x': -20.57, 'yaw': 3.141}, pose, None, None
160.06, [INFO], r1, {'battery-level': '17.05'}, battery_charge, None, None
170.08, [INFO], r1, {'battery-level': '16.55'}, battery_charge, None, None
170.08, [INFO], r1, {'y': 15.783, 'x': -22.688, 'yaw': -3.141}, pose, None, None
180.02, [INFO], r1, {'y': 15.807, 'x': -24.786, 'yaw': 3.141}, pose, None, None
180.02, [INFO], r1, {'battery-level': '16.05'}, battery_charge, None, None
190.04, [INFO], r1, {'y': 15.801, 'x': -26.893, 'yaw': 3.142}, pose, None, None
190.04, [INFO], r1, {'battery-level': '15.55'}, battery_charge, None, None
200.09, [INFO], r1, {'battery-level': '15.05'}, battery_charge, None, None
200.09, [INFO], r1, {'y': 15.894, 'x': -29.012, 'yaw': 3.142}, pose, None, None
210.07, [INFO], r1, {'battery-level': '14.55'}, battery_charge, None, None
210.07, [INFO], r1, {'y': 15.858, 'x': -31.122, 'yaw': 3.141}, pose, None, None
220.08, [INFO], r1, {'battery-level': '14.05'}, battery_charge, None, None
220.08, [INFO], r1, {'y': 15.67, 'x': -33.227, 'yaw': 3.14}, pose, None, None
230.04, [INFO], r1, {'y': 15.681, 'x': -35.264, 'yaw': 3.142}, pose, None, None
230.04, [INFO], r1, {'battery-level': '13.55'}, battery_charge, None, None
240.03, [INFO], r1, {'y': 17.507, 'x': -36.137, 'yaw': -3.141}, pose, None, None
240.03, [INFO], r1, {'battery-level': '13.05'}, battery_charge, None, None
250.06, [INFO], r1, {'y': 19.627, 'x': -36.218, 'yaw': 3.141}, pose, None, None
250.06, [INFO], r1, {'battery-level': '12.55'}, battery_charge, None, None
260.05, [INFO], r1, {'y': 21.738, 'x': -36.262, 'yaw': 3.141}, pose, None, None
260.05, [INFO], r1, {'battery-level': '12.05'}, battery_charge, None, None
270.08, [INFO], r1, {'y': 23.846, 'x': -36.273, 'yaw': 3.14}, pose, None, None
270.08, [INFO], r1, {'battery-level': '11.55'}, battery_charge, None, None
280.09, [INFO], r1, {'y': 25.967, 'x': -36.259, 'yaw': 3.14}, pose, None, None
280.09, [INFO], r1, {'battery-level': '11.05'}, battery_charge, None, None
290.01, [INFO], r1, {'y': 28.071, 'x': -36.34, 'yaw': 3.14}, pose, None, None
290.01, [INFO], r1, {'battery-level': '10.55'}, battery_charge, None, None
300.01, [INFO], r1, {'battery-level': '10.05'}, battery_charge, None, None
300.01, [INFO], r1, {'y': 30.182, 'x': -36.403, 'yaw': 3.141}, pose, None, None
310.05, [INFO], r1, {'y': 32.308, 'x': -36.623, 'yaw': 3.14}, pose, None, None
310.05, [INFO], r1, {'battery-level': '9.55'}, battery_charge, None, None
320.00, [INFO], r1, {'battery-level': '9.05'}, battery_charge, None, None
320.00, [INFO], r1, {'y': 34.404, 'x': -36.942, 'yaw': 3.142}, pose, None, None
330.09, [INFO], r1, {'y': 36.017, 'x': -36.951, 'yaw': 3.142}, pose, None, None
330.09, [INFO], r1, {'battery-level': '8.55'}, battery_charge, None, None
340.04, [INFO], r1, {'battery-level': '8.05'}, battery_charge, None, None
340.04, [INFO], r1, {'y': 36.103, 'x': -36.96, 'yaw': 3.141}, pose, None, None
345.69, [INFO], r1, skill-success, None, navto, None
345.69, [INFO], r1, started skill, None, approach-arm, None
345.69, [INFO], r1, started skill, None, open-drawer, None
345.69, [INFO], r1, sent message, None, None, None
345.69, [INFO], r1, skill-success, None, open-drawer, None
345.69, [INFO], r1, started skill, None, pick-up-sample, None
345.69, [INFO], r1, sent message, None, None, None
345.69, [INFO], r1, skill-success, None, pick-up-sample, None
345.69, [INFO], r1, started skill, None, close-drawer, None
345.69, [INFO], r1, sent message, None, None, None
345.69, [INFO], r1, skill-success, None, close-drawer, None
345.69, [WARN], r1, SUCCESS, None, None, None
350.06, [INFO], r1, {'y': 36.099, 'x': -36.957, 'yaw': -3.142}, pose, None, None
350.06, [INFO], r1, {'battery-level': '7.55'}, battery_charge, None, None
