9.51, [INFO], r1, started skill, None, navto, None
10.09, [INFO], r1, {'y': 18.929, 'x': -33.941, 'yaw': 3.14}, pose, None, None
10.09, [INFO], r1, {'battery-level': '24.55'}, battery_charge, None, None
20.07, [INFO], r1, {'y': 17.688, 'x': -35.5, 'yaw': -3.14}, pose, None, None
20.07, [INFO], r1, {'battery-level': '24.05'}, battery_charge, None, None
30.07, [INFO], r1, {'y': 15.994, 'x': -36.421, 'yaw': 3.141}, pose, None, None
30.07, [INFO], r1, {'battery-level': '23.55'}, battery_charge, None, None
40.07, [INFO], r1, {'y': 15.364, 'x': -34.408, 'yaw': -3.142}, pose, None, None
40.07, [INFO], r1, {'battery-level': '23.05'}, battery_charge, None, None
50.09, [INFO], r1, {'y': 15.524, 'x': -32.278, 'yaw': -3.141}, pose, None, None
50.09, [INFO], r1, {'battery-level': '22.55'}, battery_charge, None, None
60.00, [INFO], r1, {'y': 15.582, 'x': -30.174, 'yaw': 3.138}, pose, None, None
60.00, [INFO], r1, {'battery-level': '22.05'}, battery_charge, None, None
70.02, [INFO], r1, {'y': 15.803, 'x': -28.049, 'yaw': 3.142}, pose, None, None
70.02, [INFO], r1, {'battery-level': '21.55'}, battery_charge, None, None
80.01, [INFO], r1, {'battery-level': '21.05'}, battery_charge, None, None
80.01, [INFO], r1, {'y': 16.119, 'x': -25.949, 'yaw': 3.142}, pose, None, None
90.01, [INFO], r1, {'y': 16.161, 'x': -23.846, 'yaw': 3.142}, pose, None, None
90.01, [INFO], r1, {'battery-level': '20.55'}, battery_charge, None, None
100.01, [INFO], r1, {'y': 16.196, 'x': -21.721, 'yaw': 3.141}, pose, None, None
100.01, [INFO], r1, {'battery-level': '20.05'}, battery_charge, None, None
110.02, [INFO], r1, {'y': 17.711, 'x': -20.908, 'yaw': 3.141}, pose, None, None
110.02, [INFO], r1, {'battery-level': '19.55'}, battery_charge, None, None
120.07, [INFO], r1, {'y': 17.964, 'x': -21.067, 'yaw': -3.142}, pose, None, None
120.07, [INFO], r1, {'battery-level': '19.05'}, battery_charge, None, None
122.28, [INFO], r1, skill-success, None, navto, None
122.28, [INFO], r1, started skill, None, approach-nurse, None
122.28, [INFO], r1, sent message, None, None, None
122.28, [INFO], r1, skill-success, None, approach-nurse, None
122.28, [INFO], r1, started skill, None, authenticate-nurse, None
122.28, [INFO], r1, started skill, None, open-drawer, None
122.28, [INFO], r1, sent message, None, None, None
122.28, [INFO], r1, skill-success, None, open-drawer, None
122.28, [INFO], r1, started skill, None, deposit, None
122.28, [INFO], r1, sent message, None, None, None
122.28, [INFO], r1, skill-success, None, deposit, None
122.28, [INFO], r1, started skill, None, close-drawer, None
122.28, [INFO], r1, sent message, None, None, None
122.28, [INFO], r1, skill-success, None, close-drawer, None
122.28, [INFO], r1, started skill, None, navto, None
130.08, [INFO], r1, {'battery-level': '18.55'}, battery_charge, None, None
130.08, [INFO], r1, {'y': 16.434, 'x': -21.327, 'yaw': 3.142}, pose, None, None
140.00, [INFO], r1, {'battery-level': '18.05'}, battery_charge, None, None
140.00, [INFO], r1, {'y': 16.147, 'x': -23.385, 'yaw': -3.142}, pose, None, None
150.01, [INFO], r1, {'battery-level': '17.55'}, battery_charge, None, None
150.01, [INFO], r1, {'y': 16.094, 'x': -25.501, 'yaw': 3.141}, pose, None, None
160.02, [INFO], r1, {'y': 16.021, 'x': -27.614, 'yaw': 3.142}, pose, None, None
160.02, [INFO], r1, {'battery-level': '17.05'}, battery_charge, None, None
170.03, [INFO], r1, {'battery-level': '16.55'}, battery_charge, None, None
170.03, [INFO], r1, {'y': 16.077, 'x': -29.724, 'yaw': 3.142}, pose, None, None
180.06, [INFO], r1, {'y': 15.897, 'x': -31.853, 'yaw': 3.14}, pose, None, None
180.06, [INFO], r1, {'battery-level': '16.05'}, battery_charge, None, None
190.06, [INFO], r1, {'y': 15.531, 'x': -33.951, 'yaw': 3.141}, pose, None, None
190.06, [INFO], r1, {'battery-level': '15.55'}, battery_charge, None, None
200.06, [INFO], r1, {'y': 16.222, 'x': -35.813, 'yaw': -3.141}, pose, None, None
200.06, [INFO], r1, {'battery-level': '15.05'}, battery_charge, None, None
210.05, [INFO], r1, {'y': 18.264, 'x': -36.11, 'yaw': 3.141}, pose, None, None
210.05, [INFO], r1, {'battery-level': '14.55'}, battery_charge, None, None
220.01, [INFO], r1, {'y': 20.36, 'x': -36.228, 'yaw': 3.137}, pose, None, None
220.01, [INFO], r1, {'battery-level': '14.05'}, battery_charge, None, None
230.09, [INFO], r1, {'y': 22.489, 'x': -36.316, 'yaw': -3.142}, pose, None, None
230.09, [INFO], r1, {'battery-level': '13.55'}, battery_charge, None, None
240.06, [INFO], r1, {'y': 24.591, 'x': -36.305, 'yaw': -3.141}, pose, None, None
240.06, [INFO], r1, {'battery-level': '13.05'}, battery_charge, None, None
250.06, [INFO], r1, {'y': 26.71, 'x': -36.344, 'yaw': -3.142}, pose, None, None
250.06, [INFO], r1, {'battery-level': '12.55'}, battery_charge, None, None
260.07, [INFO], r1, {'y': 28.842, 'x': -36.386, 'yaw': -3.141}, pose, None, None
260.07, [INFO], r1, {'battery-level': '12.05'}, battery_charge, None, None
270.02, [INFO], r1, {'y': 30.944, 'x': -36.474, 'yaw': 3.142}, pose, None, None
270.02, [INFO], r1, {'battery-level': '11.55'}, battery_charge, None, None
280.05, [INFO], r1, {'battery-level': '11.05'}, battery_charge, None, None
280.05, [INFO], r1, {'y': 33.066, 'x': -36.705, 'yaw': 3.142}, pose, None, None
290.01, [INFO], r1, {'battery-level': '10.55'}, battery_charge, None, None
290.01, [INFO], r1, {'y': 35.157, 'x': -36.853, 'yaw': 3.142}, pose, None, None
300.07, [INFO], r1, {'battery-level': '10.05'}, battery_charge, None, None
300.07, [INFO], r1, {'y': 36.101, 'x': -36.951, 'yaw': -3.142}, pose, None, None
301.81, [INFO], r1, skill-success, None, navto, None
301.81, [INFO], r1, started skill, None, approach-arm, None
301.81, [INFO], r1, sent message, None, None, None
301.91, [INFO], r1, skill-success, None, approach-arm, None
301.91, [INFO], r1, started skill, None, open-drawer, None
301.91, [INFO], r1, sent message, None, None, None
301.91, [INFO], r1, skill-success, None, open-drawer, None
301.91, [INFO], r1, started skill, None, pick-up-sample, None
301.91, [INFO], r1, sent message, None, None, None
301.91, [INFO], r1, skill-success, None, pick-up-sample, None
301.91, [INFO], r1, started skill, None, close-drawer, None
301.91, [WARN], r1, SKILL-FAILURE, None, close-drawer, None
