0.10, [DEBUG], logger, ROBOTS_CONFIG={'capabilities': ['approach_person', 'approach_robot', 'authenticate_person', 'navigation', 'operate_drawer'], 'battery_charge': 0.8, 'nurse_pose': [-11.5, 18.0, -1.57], 'robot_pose': [-39.44, 33.95, 0.0]}, None, None, None
0.10, [DEBUG], logger, Simulation open, None, None, None
9.80, [INFO], r1, started skill, None, navto, None
10.00, [INFO], r1, {'y': 33.95, 'x': -39.44, 'yaw': -3.142}, pose, None, None
10.00, [INFO], r1, {'battery-level': '79.55'}, battery_charge, None, None
20.00, [INFO], r1, {'y': 34.526, 'x': -37.469, 'yaw': -3.141}, pose, None, None
20.00, [INFO], r1, {'battery-level': '79.05'}, battery_charge, None, None
30.00, [INFO], r1, {'y': 32.543, 'x': -37.053, 'yaw': 3.14}, pose, None, None
30.00, [INFO], r1, {'battery-level': '78.55'}, battery_charge, None, None
40.00, [INFO], r1, {'y': 30.426, 'x': -37.0, 'yaw': 3.141}, pose, None, None
40.00, [INFO], r1, {'battery-level': '78.05'}, battery_charge, None, None
50.00, [INFO], r1, {'y': 28.311, 'x': -36.991, 'yaw': 3.141}, pose, None, None
50.00, [INFO], r1, {'battery-level': '77.55'}, battery_charge, None, None
60.00, [INFO], r1, {'y': 26.192, 'x': -37.004, 'yaw': -3.14}, pose, None, None
60.00, [INFO], r1, {'battery-level': '77.05'}, battery_charge, None, None
70.00, [INFO], r1, {'y': 24.071, 'x': -37.048, 'yaw': 3.141}, pose, None, None
70.00, [INFO], r1, {'battery-level': '76.55'}, battery_charge, None, None
80.00, [INFO], r1, {'y': 21.959, 'x': -37.129, 'yaw': 3.142}, pose, None, None
80.00, [INFO], r1, {'battery-level': '76.05'}, battery_charge, None, None
90.00, [INFO], r1, {'y': 19.833, 'x': -37.106, 'yaw': 3.141}, pose, None, None
90.00, [INFO], r1, {'battery-level': '75.55'}, battery_charge, None, None
100.00, [INFO], r1, {'y': 17.708, 'x': -37.091, 'yaw': -3.142}, pose, None, None
100.00, [INFO], r1, {'battery-level': '75.05'}, battery_charge, None, None
110.00, [INFO], r1, {'y': 15.871, 'x': -36.529, 'yaw': 3.141}, pose, None, None
110.00, [INFO], r1, {'battery-level': '74.55'}, battery_charge, None, None
120.00, [INFO], r1, {'battery-level': '74.05'}, battery_charge, None, None
120.00, [INFO], r1, {'y': 15.364, 'x': -34.446, 'yaw': -3.141}, pose, None, None
130.00, [INFO], r1, {'y': 15.533, 'x': -32.32, 'yaw': -3.141}, pose, None, None
130.00, [INFO], r1, {'battery-level': '73.55'}, battery_charge, None, None
140.00, [INFO], r1, {'y': 15.651, 'x': -30.203, 'yaw': -3.142}, pose, None, None
140.00, [INFO], r1, {'battery-level': '73.05'}, battery_charge, None, None
150.00, [INFO], r1, {'y': 15.826, 'x': -28.074, 'yaw': 3.141}, pose, None, None
150.00, [INFO], r1, {'battery-level': '72.55'}, battery_charge, None, None
160.00, [INFO], r1, {'y': 16.248, 'x': -25.988, 'yaw': 3.142}, pose, None, None
160.00, [INFO], r1, {'battery-level': '72.05'}, battery_charge, None, None
170.00, [INFO], r1, {'battery-level': '71.55'}, battery_charge, None, None
170.00, [INFO], r1, {'y': 16.206, 'x': -23.858, 'yaw': 3.142}, pose, None, None
180.00, [INFO], r1, {'battery-level': '71.05'}, battery_charge, None, None
180.00, [INFO], r1, {'y': 16.193, 'x': -21.746, 'yaw': 3.141}, pose, None, None
190.00, [INFO], r1, {'y': 16.291, 'x': -19.635, 'yaw': -3.141}, pose, None, None
190.00, [INFO], r1, {'battery-level': '70.55'}, battery_charge, None, None
200.00, [INFO], r1, {'y': 16.234, 'x': -17.526, 'yaw': 3.142}, pose, None, None
200.00, [INFO], r1, {'battery-level': '70.05'}, battery_charge, None, None
210.00, [INFO], r1, {'y': 16.088, 'x': -15.413, 'yaw': 3.142}, pose, None, None
210.00, [INFO], r1, {'battery-level': '69.55'}, battery_charge, None, None
220.00, [INFO], r1, {'y': 16.236, 'x': -13.29, 'yaw': 3.142}, pose, None, None
220.00, [INFO], r1, {'battery-level': '69.05'}, battery_charge, None, None
230.00, [INFO], r1, {'y': 17.504, 'x': -11.763, 'yaw': 3.141}, pose, None, None
230.00, [INFO], r1, {'battery-level': '68.55'}, battery_charge, None, None
240.00, [INFO], r1, {'battery-level': '68.05'}, battery_charge, None, None
240.00, [INFO], r1, {'y': 17.973, 'x': -11.525, 'yaw': 3.136}, pose, None, None
246.30, [INFO], r1, skill-success, None, navto, None
246.30, [INFO], r1, started skill, None, approach-nurse, None
246.30, [INFO], r1, sent message, None, None, None
246.30, [INFO], r1, skill-success, None, approach-nurse, None
246.30, [INFO], r1, started skill, None, authenticate-nurse, None
246.30, [INFO], r1, sent message, None, None, None
246.30, [INFO], r1, started skill, None, open-drawer, None
246.30, [INFO], r1, sent message, None, None, None
246.30, [INFO], r1, skill-success, None, open-drawer, None
246.30, [INFO], r1, started skill, None, deposit, None
246.30, [INFO], r1, sent message, None, None, None
246.30, [INFO], r1, skill-success, None, deposit, None
246.30, [INFO], r1, started skill, None, close-drawer, None
246.30, [INFO], r1, sent message, None, None, None
246.30, [INFO], r1, skill-success, None, close-drawer, None
246.30, [INFO], r1, started skill, None, navto, None
250.00, [INFO], r1, {'battery-level': '67.55'}, battery_charge, None, None
250.00, [INFO], r1, {'y': 17.309, 'x': -11.745, 'yaw': 3.142}, pose, None, None
260.00, [INFO], r1, {'y': 16.353, 'x': -13.489, 'yaw': -3.142}, pose, None, None
260.00, [INFO], r1, {'battery-level': '67.05'}, battery_charge, None, None
270.00, [INFO], r1, {'y': 16.229, 'x': -15.616, 'yaw': 3.141}, pose, None, None
270.00, [INFO], r1, {'battery-level': '66.55'}, battery_charge, None, None
280.00, [INFO], r1, {'y': 16.165, 'x': -17.738, 'yaw': 3.141}, pose, None, None
280.00, [INFO], r1, {'battery-level': '66.05'}, battery_charge, None, None
290.00, [INFO], r1, {'y': 16.296, 'x': -19.858, 'yaw': -3.141}, pose, None, None
290.00, [INFO], r1, {'battery-level': '65.55'}, battery_charge, None, None
300.00, [INFO], r1, {'y': 16.314, 'x': -21.974, 'yaw': 3.142}, pose, None, None
300.00, [INFO], r1, {'battery-level': '65.05'}, battery_charge, None, None
310.00, [INFO], r1, {'y': 16.138, 'x': -24.093, 'yaw': 3.141}, pose, None, None
310.00, [INFO], r1, {'battery-level': '64.55'}, battery_charge, None, None
320.00, [INFO], r1, {'y': 16.038, 'x': -26.211, 'yaw': -3.142}, pose, None, None
320.00, [INFO], r1, {'battery-level': '64.05'}, battery_charge, None, None
330.00, [INFO], r1, {'battery-level': '63.55'}, battery_charge, None, None
330.00, [INFO], r1, {'y': 16.076, 'x': -28.337, 'yaw': -3.142}, pose, None, None
340.00, [INFO], r1, {'y': 16.034, 'x': -30.442, 'yaw': -3.142}, pose, None, None
340.00, [INFO], r1, {'battery-level': '63.05'}, battery_charge, None, None
350.00, [INFO], r1, {'battery-level': '62.55'}, battery_charge, None, None
350.00, [INFO], r1, {'y': 15.858, 'x': -32.561, 'yaw': 3.142}, pose, None, None
360.00, [INFO], r1, {'y': 15.386, 'x': -34.651, 'yaw': -3.141}, pose, None, None
360.00, [INFO], r1, {'battery-level': '62.05'}, battery_charge, None, None
370.00, [INFO], r1, {'y': 16.9, 'x': -36.042, 'yaw': 3.142}, pose, None, None
370.00, [INFO], r1, {'battery-level': '61.55'}, battery_charge, None, None
380.00, [INFO], r1, {'y': 19.014, 'x': -36.188, 'yaw': 3.141}, pose, None, None
380.00, [INFO], r1, {'battery-level': '61.05'}, battery_charge, None, None
390.00, [INFO], r1, {'y': 21.128, 'x': -36.242, 'yaw': 3.142}, pose, None, None
390.00, [INFO], r1, {'battery-level': '60.55'}, battery_charge, None, None
400.00, [INFO], r1, {'y': 23.251, 'x': -36.337, 'yaw': -3.141}, pose, None, None
400.00, [INFO], r1, {'battery-level': '60.05'}, battery_charge, None, None
410.00, [INFO], r1, {'y': 25.364, 'x': -36.318, 'yaw': -3.142}, pose, None, None
410.00, [INFO], r1, {'battery-level': '59.55'}, battery_charge, None, None
420.00, [INFO], r1, {'y': 27.484, 'x': -36.346, 'yaw': -3.142}, pose, None, None
420.00, [INFO], r1, {'battery-level': '59.05'}, battery_charge, None, None
430.00, [INFO], r1, {'battery-level': '58.55'}, battery_charge, None, None
430.00, [INFO], r1, {'y': 29.615, 'x': -36.376, 'yaw': -3.142}, pose, None, None
440.00, [INFO], r1, {'y': 31.726, 'x': -36.504, 'yaw': 3.142}, pose, None, None
440.00, [INFO], r1, {'battery-level': '58.05'}, battery_charge, None, None
450.00, [INFO], r1, {'y': 33.833, 'x': -36.867, 'yaw': 3.142}, pose, None, None
450.00, [INFO], r1, {'battery-level': '57.55'}, battery_charge, None, None
460.00, [INFO], r1, {'battery-level': '57.05'}, battery_charge, None, None
460.00, [INFO], r1, {'y': 35.936, 'x': -36.945, 'yaw': -3.142}, pose, None, None
468.70, [INFO], r1, skill-success, None, navto, None
468.70, [INFO], r1, started skill, None, approach-arm, None
468.70, [INFO], r1, sent message, None, None, None
468.70, [INFO], r1, skill-success, None, approach-arm, None
468.70, [INFO], r1, started skill, None, open-drawer, None
468.70, [INFO], r1, sent message, None, None, None
468.70, [INFO], r1, skill-success, None, open-drawer, None
468.70, [INFO], r1, started skill, None, pick-up-sample, None
468.70, [INFO], r1, sent message, None, None, None
468.70, [INFO], r1, skill-success, None, pick-up-sample, None
468.70, [INFO], r1, started skill, None, close-drawer, None
468.70, [INFO], r1, sent message, None, None, None
468.70, [INFO], r1, skill-success, None, close-drawer, None
468.70, [WARN], r1, SUCCESS, None, None, None
470.00, [INFO], r1, {'battery-level': '56.55'}, battery_charge, None, None
470.00, [INFO], r1, {'y': 36.188, 'x': -36.971, 'yaw': -3.142}, pose, None, None
